num_seq = 1
file name: dataset-V203_stereo_imu
Loading images for sequence 0...LOADED!
Loading IMU for sequence 0...LOADED!

-------

ORB-SLAM3 Copyright (C) 2017-2020 Carlos Campos, Richard Elvira, Juan J. Gómez, José M.M. Montiel and Juan D. Tardós, University of Zaragoza.
ORB-SLAM2 Copyright (C) 2014-2016 Raúl Mur-Artal, José M.M. Montiel and Juan D. Tardós, University of Zaragoza.
This program comes with ABSOLUTELY NO WARRANTY;
This is free software, and you are welcome to redistribute it
under certain conditions. See LICENSE.txt.

Built with REGISTER_TIMES
Git Commit Hash: 33f00b6

Build Type: Release

Compiled with C++ version: 201703

Input sensor was set to: Stereo-Inertial
Loading settings from ./Examples/Stereo-Inertial/EuRoC.yaml
	-Loaded camera 1
	-Loaded camera 2
	-Loaded image info
	-Loaded IMU calibration
	-Loaded ORB settings
	-Loaded viewer settings
	-Loaded Atlas settings
	-Loaded misc parameters
	-Computed rectification maps
----------------------------------
SLAM settings: 
	-Camera 1 parameters (Pinhole): [ 458.65399169921875 457.29598999023438 367.21499633789062 248.375 ]
	-Camera 1 distortion parameters: [  -0.28340810537338257 0.073959067463874817 0.00019359000725671649 1.7618711353861727e-05 ]
	-Camera 2 parameters (Pinhole: [ 457.58700561523438 456.13400268554688 379.99899291992188 255.23800659179688 ]
	-Camera 1 distortion parameters: [  -0.2836836576461792 0.074512839317321777 -0.00010473000293131918 -3.555907096597366e-05 ]
	-Original image size: [ 752 , 480 ]
	-Current image size: [ 752 , 480 ]
	-Camera 1 parameters after rectification: [  456.71499633789062 456.71499633789062 364.52615356445312 257.268798828125 ]
	-Sequence FPS: 20
	-Stereo baseline: 0.11007784307003021
	-Stereo depth threshold : 60
	-Gyro noise: 0.00016999999934341758
	-Accelerometer noise: 0.0020000000949949026
	-Gyro walk: 1.9392999092815444e-05
	-Accelerometer walk: 0.0030000000260770321
	-IMU frequency: 200
	-Features per image: 1200
	-ORB scale factor: 1.2000000476837158
	-ORB number of scales: 8
	-Initial FAST threshold: 20
	-Min FAST threshold: 7


Loading ORB Vocabulary. This could take a while...
Vocabulary loaded!

Initialization of Atlas from scratch 
Creation of new map with id: 0
Creation of new map with last KF id: 0
Seq. Name: 
There are 1 cameras in the atlas
Camera 0 is pinhole
SLAM Started at System Time: 1746932174.63197
not IMU meas
not IMU meas
not enough acceleration
not enough acceleration
not enough acceleration
not enough acceleration
not enough acceleration
not enough acceleration
not enough acceleration
not enough acceleration
not enough acceleration
not enough acceleration
not enough acceleration
not enough acceleration
not enough acceleration
not enough acceleration
not enough acceleration
not enough acceleration
not enough acceleration
not enough acceleration
not enough acceleration
not enough acceleration
not enough acceleration
not enough acceleration
not enough acceleration
not enough acceleration
not enough acceleration
not enough acceleration
not enough acceleration
not enough acceleration
not enough acceleration
not enough acceleration
not enough acceleration
not enough acceleration
not enough acceleration
not enough acceleration
not enough acceleration
not enough acceleration
not enough acceleration
not enough acceleration
not enough acceleration
not enough acceleration
not enough acceleration
not enough acceleration
not enough acceleration
not enough acceleration
not enough acceleration
not enough acceleration
not enough acceleration
not enough acceleration
not enough acceleration
not enough acceleration
not enough acceleration
not enough acceleration
not enough acceleration
not enough acceleration
not enough acceleration
not enough acceleration
not enough acceleration
not enough acceleration
not enough acceleration
not enough acceleration
not enough acceleration
not enough acceleration
not enough acceleration
not enough acceleration
not enough acceleration
not enough acceleration
not enough acceleration
not enough acceleration
not enough acceleration
not enough acceleration
not enough acceleration
not enough acceleration
not enough acceleration
not enough acceleration
not enough acceleration
not enough acceleration
not enough acceleration
not enough acceleration
not enough acceleration
not enough acceleration
not enough acceleration
not enough acceleration
not enough acceleration
not enough acceleration
not enough acceleration
not enough acceleration
not enough acceleration
not enough acceleration
not enough acceleration
not enough acceleration
not enough acceleration
not enough acceleration
not enough acceleration
not enough acceleration
not enough acceleration
not enough acceleration
not enough acceleration
not enough acceleration
not enough acceleration
not enough acceleration
not enough acceleration
not enough acceleration
not enough acceleration
not enough acceleration
not enough acceleration
not enough acceleration
not enough acceleration
First KF:0; Map init KF:0
New Map created with 423 points
Active map: 0
start VIBA 1
end VIBA 1
start VIBA 2
end VIBA 2
*Loop detected
phi = 0.0040645810324108286   0.01162293287684041 0.0050515048862041449
BAD LOOP!!!
*Loop detected
phi = 0.0078920305001271961  0.011429733639393848 -0.037063674813148241
BAD LOOP!!!
*Loop detected
phi = 0.010323149802684296 0.023262530192176875 0.011243180549891563
BAD LOOP!!!
*Loop detected
phi =  0.001438801796970984  0.010292295047668239 -0.042913416913115184
BAD LOOP!!!
*Loop detected
phi =  0.0029722313931310517   0.019837931880767302 -0.0057868771934473668
BAD LOOP!!!
*Loop detected
phi =  0.027713084368250832   0.11352358080584053 0.0032218863604400769
BAD LOOP!!!
*Loop detected
phi = 0.034960817472132685  0.12900806594251116 -0.22188642716197077
BAD LOOP!!!
*Loop detected
phi =   0.02388427878983157   0.10578170350764936 -0.021592823937712263
BAD LOOP!!!
*Loop detected
phi = 0.010301171628758942 0.025845968496643196 -0.11782096818882562
BAD LOOP!!!
*Loop detected
phi = 0.016074778081545799  0.04012916406594004 -0.13735307008646472
BAD LOOP!!!
*Loop detected
phi = -0.0088099549157978126  0.0037064903289142173   0.013778771799668663
BAD LOOP!!!
*Loop detected
phi = -0.0033811744528980938   0.024738804646569759   0.053109972372941627
BAD LOOP!!!
*Loop detected
phi =  -0.015721644743622164 -0.0012333554788995108   0.021171673009316137
BAD LOOP!!!
*Loop detected
phi =  0.011353801645433471 -0.021578342080966761 -0.084765951299072023
BAD LOOP!!!
*Loop detected
phi = -0.026892258508012454 0.0093281999809301294   0.12434205242248761
BAD LOOP!!!
*Loop detected
phi = -0.0077709232568394541  0.0018911207517146654   0.049673848466293892
Local Mapping STOP
Local Mapping RELEASE
Local Mapping STOP
Local Mapping RELEASE
Shutdown
SLAM Finished at System Time: 1746932306.77041

 TIME STATS in ms (mean$\pm$std)
OpenCV version: 4.8.1
---------------------------
Tracking

ORB Extraction: 17.859$\pm$2.1796
Stereo Matching: 7.8425$\pm$2.3681
IMU Preintegration: 0.18498$\pm$0.065386
Pose Prediction: 0.26959$\pm$0.97152
LM Track: 14.741$\pm$3.6141
New KF decision: 0.39263$\pm$0.37946
Total Tracking: 44.957$\pm$6.2184



Local Mapping

KF Insertion: 10.96$\pm$3.2455
MP Culling: 0.58334$\pm$0.21433
MP Creation: 37.299$\pm$12.685
LBA: 97.182$\pm$36.685
KF Culling: 8.0782$\pm$5.8558
Total Local Mapping: 154.44$\pm$48.521
---------------------------

LBA complexity (mean$\pm$std)
LBA Edges: 2866.4$\pm$868
LBA KF optimized: 6.5$\pm$2.2913
LBA KF fixed: 1$\pm$0
LBA MP: nan$\pm$nan

LBA executions: 560
LBA aborts: 0
---------------------------

Map complexity
KFs in map: 225
MPs in map: 11114
---------------------------

Place Recognition (mean$\pm$std)
Database Query: 1.8964$\pm$1.0608
SE3 estimation: 15.106$\pm$11.269
Total Place Recognition: 14.792$\pm$12.42


Loop Closing (mean$\pm$std)
Loop Fusion: 127.21$\pm$0
Essential Graph: 75.231$\pm$0
Total Loop Closing: 246.44$\pm$0

Num exec: 1
Number of KFs: nan$\pm$nan

Map Merging (mean$\pm$std)
Merge Maps: nan$\pm$nan
Welding BA: nan$\pm$nan
Optimization Ess.: nan$\pm$nan
Total Map Merging: nan$\pm$nan

Num exec: 0
Number of KFs: nan$\pm$nan
Number of MPs: nan$\pm$nan

Full GBA (mean$\pm$std)
GBA: 1416.2$\pm$0
Map Update: 11.495$\pm$0
Total Full GBA: 1427.7$\pm$0

Num exec: 1
Num abort: 0
Number of KFs: 194$\pm$0
Number of MPs: 11659$\pm$0

Saving trajectory to f_dataset-V203_stereo_imu.txt ...
There are 1 maps in the atlas
  Map 0 has 225 KFs

End of saving trajectory to f_dataset-V203_stereo_imu.txt ...

Saving keyframe trajectory to kf_dataset-V203_stereo_imu.txt ...
