num_seq = 1
file name: dataset-MH05_stereo_imu
Loading images for sequence 0...LOADED!
Loading IMU for sequence 0...LOADED!

-------

ORB-SLAM3 Copyright (C) 2017-2020 Carlos Campos, Richard Elvira, Juan J. Gómez, José M.M. Montiel and Juan D. Tardós, University of Zaragoza.
ORB-SLAM2 Copyright (C) 2014-2016 Raúl Mur-Artal, José M.M. Montiel and Juan D. Tardós, University of Zaragoza.
This program comes with ABSOLUTELY NO WARRANTY;
This is free software, and you are welcome to redistribute it
under certain conditions. See LICENSE.txt.

Built with REGISTER_TIMES
Git Commit Hash: 2d47524

Build Type: Release

Compiled with C++ version: 201703

Input sensor was set to: Stereo-Inertial
Loading settings from EuRoC_fov_deadlines_mask_4x4.yaml
	-Loaded camera 1
	-Loaded camera 2
	-Loaded image info
	-Loaded IMU calibration
	-Loaded ORB settings
	-Loaded viewer settings
	-Loaded Atlas settings
Deadlines enabled, will skip frames!
FOV enabled
Static mask size: 4x4
Dumping map points enabled
	-Loaded misc parameters
	-Computed rectification maps
----------------------------------
SLAM settings: 
	-Camera 1 parameters (Pinhole): [ 458.65399169921875 457.29598999023438 367.21499633789062 248.375 ]
	-Camera 1 distortion parameters: [  -0.28340810537338257 0.073959067463874817 0.00019359000725671649 1.7618711353861727e-05 ]
	-Camera 2 parameters (Pinhole: [ 457.58700561523438 456.13400268554688 379.99899291992188 255.23800659179688 ]
	-Camera 1 distortion parameters: [  -0.2836836576461792 0.074512839317321777 -0.00010473000293131918 -3.555907096597366e-05 ]
	-Original image size: [ 752 , 480 ]
	-Current image size: [ 752 , 480 ]
	-Camera 1 parameters after rectification: [  456.71499633789062 456.71499633789062 364.52615356445312 257.268798828125 ]
	-Sequence FPS: 20
	-Stereo baseline: 0.11007784307003021
	-Stereo depth threshold : 60
	-Gyro noise: 0.00016999999934341758
	-Accelerometer noise: 0.0020000000949949026
	-Gyro walk: 1.9392999092815444e-05
	-Accelerometer walk: 0.0030000000260770321
	-IMU frequency: 200
	-Features per image: 1200
	-ORB scale factor: 1.2000000476837158
	-ORB number of scales: 8
	-Initial FAST threshold: 20
	-Min FAST threshold: 7


Loading ORB Vocabulary. This could take a while...
Vocabulary loaded!

Initialization of Atlas from scratch 
Creation of new map with id: 0
Creation of new map with last KF id: 0
Seq. Name: 
There are 1 cameras in the atlas
Camera 0 is pinhole
SLAM Started at System Time: 1740779683.32023
not IMU meas
not IMU meas
not enough acceleration
not enough acceleration
not enough acceleration
not enough acceleration
not enough acceleration
not enough acceleration
not enough acceleration
not enough acceleration
not enough acceleration
not enough acceleration
not enough acceleration
not enough acceleration
not enough acceleration
not enough acceleration
not enough acceleration
not enough acceleration
not enough acceleration
not enough acceleration
not enough acceleration
not enough acceleration
not enough acceleration
not enough acceleration
not enough acceleration
not enough acceleration
not enough acceleration
not enough acceleration
not enough acceleration
not enough acceleration
not enough acceleration
not enough acceleration
not enough acceleration
not enough acceleration
not enough acceleration
not enough acceleration
not enough acceleration
not enough acceleration
not enough acceleration
not enough acceleration
not enough acceleration
not enough acceleration
not enough acceleration
not enough acceleration
not enough acceleration
not enough acceleration
not enough acceleration
not enough acceleration
not enough acceleration
not enough acceleration
not enough acceleration
not enough acceleration
not enough acceleration
not enough acceleration
not enough acceleration
not enough acceleration
not enough acceleration
not enough acceleration
not enough acceleration
not enough acceleration
not enough acceleration
not enough acceleration
not enough acceleration
not enough acceleration
not enough acceleration
not enough acceleration
not enough acceleration
not enough acceleration
not enough acceleration
not enough acceleration
not enough acceleration
not enough acceleration
not enough acceleration
not enough acceleration
not enough acceleration
not enough acceleration
not enough acceleration
not enough acceleration
not enough acceleration
not enough acceleration
First KF:0; Map init KF:0
New Map created with 82 points
Active map: 0
Dropping frame 1403638522.9778295
Dropping frame 1403638523.1778293
Dropping frame 1403638523.4778295
Dropping frame 1403638523.8778293
Dropping frame 1403638524.3778293
Dropping frame 1403638524.9778295
Dropping frame 1403638525.1778293
Dropping frame 1403638525.7278295
Dropping frame 1403638525.8278296
Dropping frame 1403638526.0778294
Dropping frame 1403638526.8778293
Dropping frame 1403638527.2278295
start VIBA 1
end VIBA 1
Dropping frame 1403638529.4778295
Dropping frame 1403638530.1778293
Dropping frame 1403638530.2778294
Not enough motion for initializing. Reseting...
TRACK: Reset map because local mapper set the bad imu flag 
LM: Active map reset recieved
LM: Active map reset, waiting...
LM: Reseting current map in Local Mapping...
LM: End reseting Local Mapping...
LM: Reset free the mutex
LM: Active map reset, Done!!!
mnFirstFrameId = 80
mnInitialFrameId = 0
161 Frames set to lost
not IMU meas
not enough acceleration
not enough acceleration
First KF:39; Map init KF:0
New Map created with 89 points
Active map: 0
Dropping frame 1403638532.4778295
Not enough motion for initializing. Reseting...
LM: Reseting current map in Local Mapping...
LM: End reseting Local Mapping...
LM: Reset free the mutex
Not enough motion for initializing. Reseting...
LM: Reseting current map in Local Mapping...
LM: End reseting Local Mapping...
LM: Reset free the mutex
Not enough motion for initializing. Reseting...
TRACK: Reset map because local mapper set the bad imu flag 
LM: Reseting current map in Local Mapping...
LM: End reseting Local Mapping...
LM: Reset free the mutex
LM: Active map reset recieved
LM: Active map reset, waiting...
LM: Reseting current map in Local Mapping...
LM: End reseting Local Mapping...
LM: Reset free the mutex
LM: Active map reset, Done!!!
mnFirstFrameId = 245
mnInitialFrameId = 241
227 Frames set to lost
not IMU meas
not enough acceleration
not enough acceleration
not enough acceleration
not enough acceleration
not enough acceleration
not enough acceleration
not enough acceleration
not enough acceleration
not enough acceleration
not enough acceleration
not enough acceleration
not enough acceleration
not enough acceleration
not enough acceleration
not enough acceleration
not enough acceleration
not enough acceleration
not enough acceleration
not enough acceleration
not enough acceleration
not enough acceleration
not enough acceleration
not enough acceleration
not enough acceleration
not enough acceleration
not enough acceleration
not enough acceleration
not enough acceleration
not enough acceleration
not enough acceleration
not enough acceleration
not enough acceleration
not enough acceleration
not enough acceleration
not enough acceleration
not enough acceleration
not enough acceleration
not enough acceleration
not enough acceleration
not enough acceleration
not enough acceleration
not enough acceleration
not enough acceleration
not enough acceleration
not enough acceleration
not enough acceleration
not enough acceleration
not enough acceleration
not enough acceleration
not enough acceleration
not enough acceleration
not enough acceleration
not enough acceleration
not enough acceleration
not enough acceleration
not enough acceleration
not enough acceleration
not enough acceleration
not enough acceleration
not enough acceleration
not enough acceleration
not enough acceleration
not enough acceleration
not enough acceleration
not enough acceleration
not enough acceleration
not enough acceleration
not enough acceleration
not enough acceleration
not enough acceleration
not enough acceleration
not enough acceleration
not enough acceleration
not enough acceleration
not enough acceleration
not enough acceleration
not enough acceleration
not enough acceleration
not enough acceleration
not enough acceleration
not enough acceleration
not enough acceleration
not enough acceleration
not enough acceleration
not enough acceleration
First KF:52; Map init KF:39
New Map created with 113 points
Active map: 0
Dropping frame 1403638542.2278295
Dropping frame 1403638542.7778294
Dropping frame 1403638543.3278296
start VIBA 1
end VIBA 1
Dropping frame 1403638544.9778295
Dropping frame 1403638546.7278295
Dropping frame 1403638546.8778293
Dropping frame 1403638547.1778293
Dropping frame 1403638547.2778294
Dropping frame 1403638547.6778293
Dropping frame 1403638548.3278296
Dropping frame 1403638548.8778293
Dropping frame 1403638548.9778295
Dropping frame 1403638549.2778294
Dropping frame 1403638549.5278294
Dropping frame 1403638549.6778293
Dropping frame 1403638549.7778294
Dropping frame 1403638550.0278294
Dropping frame 1403638550.2278295
Dropping frame 1403638550.4278295
Dropping frame 1403638550.7778294
Dropping frame 1403638550.8778293
Dropping frame 1403638550.9778295
Dropping frame 1403638551.3278296
Dropping frame 1403638551.7778294
Dropping frame 1403638552.3278296
Dropping frame 1403638552.5278294
Dropping frame 1403638552.6278296
Dropping frame 1403638552.9778295
Dropping frame 1403638553.0778294
Dropping frame 1403638553.3778293
Dropping frame 1403638553.6278296
Dropping frame 1403638553.8278296
Dropping frame 1403638554.1778293
start VIBA 2
Dropping frame 1403638554.2778294
Dropping frame 1403638554.5278294
end VIBA 2
Dropping frame 1403638554.8278296
Dropping frame 1403638554.9278295
Dropping frame 1403638555.1778293
Dropping frame 1403638555.3778293
Dropping frame 1403638555.5778294
Dropping frame 1403638555.7778294
Dropping frame 1403638555.8778293
Dropping frame 1403638556.2778294
Dropping frame 1403638556.3778293
Dropping frame 1403638556.8778293
Dropping frame 1403638556.9778295
Dropping frame 1403638557.4278295
Dropping frame 1403638557.6278296
Dropping frame 1403638557.7778294
Dropping frame 1403638557.9778295
Dropping frame 1403638558.1778293
Dropping frame 1403638558.2778294
Dropping frame 1403638558.3778293
Dropping frame 1403638558.4778295
Dropping frame 1403638558.6278296
Dropping frame 1403638558.9778295
Dropping frame 1403638559.0778294
Dropping frame 1403638559.4278295
Dropping frame 1403638559.5278294
Dropping frame 1403638559.8278296
Dropping frame 1403638559.9278295
Dropping frame 1403638560.1778293
Dropping frame 1403638560.2778294
Dropping frame 1403638560.4278295
Dropping frame 1403638561.1778293
Dropping frame 1403638561.3778293
Dropping frame 1403638561.4778295
Dropping frame 1403638561.6778293
Dropping frame 1403638561.8778293
Dropping frame 1403638561.9778295
Dropping frame 1403638562.0778294
Dropping frame 1403638562.3278296
Dropping frame 1403638562.4278295
Dropping frame 1403638562.5278294
Dropping frame 1403638562.7278295
Dropping frame 1403638563.0278294
Dropping frame 1403638563.1278296
Dropping frame 1403638563.3778293
Dropping frame 1403638563.5778294
Dropping frame 1403638563.6778293
Dropping frame 1403638564.1278296
Dropping frame 1403638564.3278296
Dropping frame 1403638564.4278295
Dropping frame 1403638564.5278294
Dropping frame 1403638564.7278295
Dropping frame 1403638565.0778294
Dropping frame 1403638565.2778294
Dropping frame 1403638565.3778293
Dropping frame 1403638565.4778295
Dropping frame 1403638565.5778294
Dropping frame 1403638565.6778293
Dropping frame 1403638565.8778293
Dropping frame 1403638566.0778294
Dropping frame 1403638566.1778293
Dropping frame 1403638566.4278295
Dropping frame 1403638566.5278294
Dropping frame 1403638566.7278295
Dropping frame 1403638566.8778293
Dropping frame 1403638567.0778294
Dropping frame 1403638567.1778293
Dropping frame 1403638567.2778294
Dropping frame 1403638567.4778295
Dropping frame 1403638567.6778293
Dropping frame 1403638567.8778293
Dropping frame 1403638568.0778294
Dropping frame 1403638568.3278296
Dropping frame 1403638568.4278295
Dropping frame 1403638568.8278296
Dropping frame 1403638569.0278294
Dropping frame 1403638569.1278296
Dropping frame 1403638569.2278295
Dropping frame 1403638569.3278296
Dropping frame 1403638569.6278296
Dropping frame 1403638569.8278296
Dropping frame 1403638569.9278295
Dropping frame 1403638570.2778294
Dropping frame 1403638570.9278295
Dropping frame 1403638571.1778293
Dropping frame 1403638572.4278295
Dropping frame 1403638572.7278295
Dropping frame 1403638573.1778293
Dropping frame 1403638573.3778293
Dropping frame 1403638574.0278294
Dropping frame 1403638574.6778293
Dropping frame 1403638575.4278295
Dropping frame 1403638575.6278296
Dropping frame 1403638575.7278295
Dropping frame 1403638576.2278295
Dropping frame 1403638576.3278296
Dropping frame 1403638576.7278295
Dropping frame 1403638576.9278295
Dropping frame 1403638577.6278296
Dropping frame 1403638578.0778294
Dropping frame 1403638578.4278295
Dropping frame 1403638580.7278295
Dropping frame 1403638581.0278294
Dropping frame 1403638581.3778293
Dropping frame 1403638581.8778293
Dropping frame 1403638581.9778295
Dropping frame 1403638582.2778294
Dropping frame 1403638582.4778295
Dropping frame 1403638582.6778293
Dropping frame 1403638583.0278294
Dropping frame 1403638583.1278296
Dropping frame 1403638583.3778293
Dropping frame 1403638583.7278295
Dropping frame 1403638583.9278295
Dropping frame 1403638584.1778293
Dropping frame 1403638584.6278296
Dropping frame 1403638584.8278296
Dropping frame 1403638584.9778295
Dropping frame 1403638585.0778294
Dropping frame 1403638585.3778293
Dropping frame 1403638585.4778295
Dropping frame 1403638585.6278296
Dropping frame 1403638585.7778294
Dropping frame 1403638586.5778294
Dropping frame 1403638586.9778295
Dropping frame 1403638587.2778294
Dropping frame 1403638588.0278294
Dropping frame 1403638588.4278295
*Loop detected
phi = -0.0019813971620751985 -0.0091102521397295796  -0.014540413910850552
BAD LOOP!!!
*Loop detected
phi = 0.0014781306401799464 -0.010789466782829341 -0.016933864200728472
BAD LOOP!!!
*Loop detected
phi = -0.00076662754530846817   -0.009504311169019829   -0.017409526061158441
BAD LOOP!!!
*Loop detected
phi =  0.0033518715890054969 -0.0095751311271916172  -0.016739092770658787
BAD LOOP!!!
*Loop detected
phi =   0.027131257647292139 -0.0018166221201202034   0.022313210688167325
BAD LOOP!!!
*Loop detected
phi =  0.023197878805304325 0.0024808601447895129  0.020220775066706626
BAD LOOP!!!
*Loop detected
phi =   0.01437278089947173 0.0017822627134744483 -0.013793343266072183
BAD LOOP!!!
*Loop detected
phi =   0.0097081691805149858 -0.00040542958990292968   -0.015171573856336086
BAD LOOP!!!
*Loop detected
phi =  0.041047753151891686  0.035465285658580425 -0.015625230787021157
BAD LOOP!!!
*Loop detected
phi =  0.046515968761927547  0.026873121203123299 -0.019280738603209065
BAD LOOP!!!
*Loop detected
phi =  0.01517458689076033 0.018957922064999199 -0.01245056845059646
BAD LOOP!!!
*Loop detected
phi =   0.019446017248931895 -0.0014600884071110257     -0.022068396211485
BAD LOOP!!!
*Loop detected
phi =   0.021978407251561815 7.5887817228867274e-05  -0.021056410225260967
BAD LOOP!!!
*Loop detected
phi =  0.029698590774808541 0.0043821149511007688 -0.029519292135426353
BAD LOOP!!!
*Loop detected
phi = 0.0051712220582374189 -0.011188815191917572 -0.025496930771518413
BAD LOOP!!!
*Loop detected
phi = 0.0061115014880927868 0.0017717008015882842  -0.01773533861392718
Local Mapping STOP
Local Mapping RELEASE
Local Mapping STOP
Local Mapping RELEASE
*Loop detected
phi =   0.014363321735254789 -0.0066478939604485256  -0.025063453310350155
BAD LOOP!!!
*Loop detected
phi = 0.0096766778899470707 -0.010743735783361949 -0.022290279995670965
BAD LOOP!!!
*Loop detected
phi =  0.016145164118310525 -0.013004267964777487 -0.028594699868279276
BAD LOOP!!!
*Loop detected
phi =  0.0057808254920667579 -0.0072202645162219754  -0.025404465908154115
Local Mapping STOP
Local Mapping RELEASE
Dropping frame 1403638622.1778293
Dropping frame 1403638622.4278295
Dropping frame 1403638623.0778294
Dropping frame 1403638623.4278295
Dropping frame 1403638623.8778293
Dropping frame 1403638623.9778295
Dropping frame 1403638624.0778294
Dropping frame 1403638624.2278295
Dropping frame 1403638624.3278296
Dropping frame 1403638625.2778294
Dropping frame 1403638625.6778293
Dropping frame 1403638625.7778294
Dropping frame 1403638625.9278295
Dropping frame 1403638626.4278295
Dropping frame 1403638627.2278295
Dropping frame 1403638627.7278295
Dropping frame 1403638627.8278296
Dropping frame 1403638628.1278296
Dropping frame 1403638628.3278296
Dropping frame 1403638628.7278295
Dropping frame 1403638628.8278296
Dropping frame 1403638629.0778294
Dropping frame 1403638631.3778293
Shutdown
SLAM Finished at System Time: 1740779816.88491

 TIME STATS in ms (mean$\pm$std)
OpenCV version: 4.8.1
---------------------------
Tracking

ORB Extraction: 13.212$\pm$2.1478
Stereo Matching: 7.1626$\pm$2.4436
IMU Preintegration: 0.1992$\pm$0.10078
Pose Prediction: 0.45607$\pm$1.3582
LM Track: 15.105$\pm$5.1955
New KF decision: 1.0134$\pm$1.8311
Total Tracking: 33.842$\pm$17.305



Local Mapping

KF Insertion: 10.054$\pm$4.3097
MP Culling: 0.38097$\pm$0.23118
MP Creation: 31.563$\pm$13.866
LBA: 119.85$\pm$53.647
KF Culling: 8.1953$\pm$7.3281
Total Local Mapping: 170.04$\pm$75.742
---------------------------

LBA complexity (mean$\pm$std)
LBA Edges: 1660.1$\pm$1174.9
LBA KF optimized: 6.5$\pm$2.2913
LBA KF fixed: 1$\pm$0
LBA MP: nan$\pm$nan

LBA executions: 477
LBA aborts: 3
---------------------------

Map complexity
KFs in map: 231
MPs in map: 18639
---------------------------

Place Recognition (mean$\pm$std)
Database Query: 1.4122$\pm$0.89771
SE3 estimation: 23.407$\pm$15.878
Total Place Recognition: 18.821$\pm$17.844


Loop Closing (mean$\pm$std)
Loop Fusion: 160.58$\pm$20.076
Essential Graph: 141.96$\pm$14.323
Total Loop Closing: 465.65$\pm$47.682

Num exec: 2
Number of KFs: nan$\pm$nan

Map Merging (mean$\pm$std)
Merge Maps: nan$\pm$nan
Welding BA: nan$\pm$nan
Optimization Ess.: nan$\pm$nan
Total Map Merging: nan$\pm$nan

Num exec: 0
Number of KFs: nan$\pm$nan
Number of MPs: nan$\pm$nan

Full GBA (mean$\pm$std)
GBA: 1374.6$\pm$0
Map Update: 41.308$\pm$0
Total Full GBA: 1415.9$\pm$0

Num exec: 1
Num abort: 0
Number of KFs: 189$\pm$0
Number of MPs: 17083$\pm$0

Saving trajectory to f_dataset-MH05_stereo_imu.txt ...
There are 1 maps in the atlas
  Map 0 has 231 KFs

End of saving trajectory to f_dataset-MH05_stereo_imu.txt ...

Saving keyframe trajectory to kf_dataset-MH05_stereo_imu.txt ...
