num_seq = 1
file name: dataset-V202_stereo_imu
Loading images for sequence 0...LOADED!
Loading IMU for sequence 0...LOADED!

-------

ORB-SLAM3 Copyright (C) 2017-2020 Carlos Campos, Richard Elvira, Juan J. Gómez, José M.M. Montiel and Juan D. Tardós, University of Zaragoza.
ORB-SLAM2 Copyright (C) 2014-2016 Raúl Mur-Artal, José M.M. Montiel and Juan D. Tardós, University of Zaragoza.
This program comes with ABSOLUTELY NO WARRANTY;
This is free software, and you are welcome to redistribute it
under certain conditions. See LICENSE.txt.

Built with REGISTER_TIMES
Git Commit Hash: 33f00b6

Build Type: Release

Compiled with C++ version: 201703

Input sensor was set to: Stereo-Inertial
Loading settings from EuRoC_fov_deadlines_mask_9x9.yaml
	-Loaded camera 1
	-Loaded camera 2
	-Loaded image info
	-Loaded IMU calibration
	-Loaded ORB settings
	-Loaded viewer settings
	-Loaded Atlas settings
Deadlines enabled, will skip frames!
FOV enabled
Static mask size: 9x9
Dumping map points enabled
	-Loaded misc parameters
	-Computed rectification maps
----------------------------------
SLAM settings: 
	-Camera 1 parameters (Pinhole): [ 458.65399169921875 457.29598999023438 367.21499633789062 248.375 ]
	-Camera 1 distortion parameters: [  -0.28340810537338257 0.073959067463874817 0.00019359000725671649 1.7618711353861727e-05 ]
	-Camera 2 parameters (Pinhole: [ 457.58700561523438 456.13400268554688 379.99899291992188 255.23800659179688 ]
	-Camera 1 distortion parameters: [  -0.2836836576461792 0.074512839317321777 -0.00010473000293131918 -3.555907096597366e-05 ]
	-Original image size: [ 752 , 480 ]
	-Current image size: [ 752 , 480 ]
	-Camera 1 parameters after rectification: [  456.71499633789062 456.71499633789062 364.52615356445312 257.268798828125 ]
	-Sequence FPS: 20
	-Stereo baseline: 0.11007784307003021
	-Stereo depth threshold : 60
	-Gyro noise: 0.00016999999934341758
	-Accelerometer noise: 0.0020000000949949026
	-Gyro walk: 1.9392999092815444e-05
	-Accelerometer walk: 0.0030000000260770321
	-IMU frequency: 200
	-Features per image: 1200
	-ORB scale factor: 1.2000000476837158
	-ORB number of scales: 8
	-Initial FAST threshold: 20
	-Min FAST threshold: 7


Loading ORB Vocabulary. This could take a while...
Vocabulary loaded!

Initialization of Atlas from scratch 
Creation of new map with id: 0
Creation of new map with last KF id: 0
Seq. Name: 
There are 1 cameras in the atlas
Camera 0 is pinhole
SLAM Started at System Time: 1746972382.12664
not IMU meas
not IMU meas
not enough acceleration
not enough acceleration
not enough acceleration
not enough acceleration
not enough acceleration
not enough acceleration
not enough acceleration
not enough acceleration
not enough acceleration
not enough acceleration
not enough acceleration
not enough acceleration
not enough acceleration
not enough acceleration
not enough acceleration
not enough acceleration
not enough acceleration
not enough acceleration
not enough acceleration
not enough acceleration
not enough acceleration
not enough acceleration
not enough acceleration
not enough acceleration
not enough acceleration
not enough acceleration
not enough acceleration
not enough acceleration
not enough acceleration
not enough acceleration
not enough acceleration
not enough acceleration
not enough acceleration
not enough acceleration
not enough acceleration
not enough acceleration
not enough acceleration
not enough acceleration
not enough acceleration
not enough acceleration
not enough acceleration
not enough acceleration
not enough acceleration
not enough acceleration
not enough acceleration
not enough acceleration
not enough acceleration
not enough acceleration
not enough acceleration
not enough acceleration
not enough acceleration
not enough acceleration
not enough acceleration
not enough acceleration
not enough acceleration
not enough acceleration
not enough acceleration
not enough acceleration
not enough acceleration
not enough acceleration
not enough acceleration
not enough acceleration
not enough acceleration
not enough acceleration
not enough acceleration
not enough acceleration
not enough acceleration
not enough acceleration
not enough acceleration
not enough acceleration
First KF:0; Map init KF:0
New Map created with 433 points
Active map: 0
Dropping frame 1413393889.7057605
Dropping frame 1413393889.9057605
Dropping frame 1413393890.2057605
Dropping frame 1413393890.3557603
Dropping frame 1413393890.6557603
Dropping frame 1413393890.7557604
Dropping frame 1413393890.9557605
Dropping frame 1413393891.0557604
Dropping frame 1413393891.1557603
Dropping frame 1413393891.4557605
Dropping frame 1413393891.6557603
Dropping frame 1413393891.7557604
Dropping frame 1413393891.8557603
Dropping frame 1413393892.0557604
Dropping frame 1413393892.2557604
Dropping frame 1413393892.4557605
Dropping frame 1413393892.5557604
Dropping frame 1413393892.9557605
Dropping frame 1413393893.2057605
Dropping frame 1413393893.4057605
Dropping frame 1413393893.6057606
Dropping frame 1413393893.7057605
Dropping frame 1413393893.8057606
Dropping frame 1413393894.1057606
Dropping frame 1413393894.3057606
Dropping frame 1413393894.4557605
Dropping frame 1413393894.8057606
start VIBA 1
Dropping frame 1413393895.0557604
end VIBA 1
Dropping frame 1413393895.3557603
Dropping frame 1413393895.4557605
Dropping frame 1413393895.7557604
Dropping frame 1413393896.0557604
Dropping frame 1413393896.1557603
Dropping frame 1413393896.2557604
Dropping frame 1413393896.4557605
Dropping frame 1413393896.6557603
Dropping frame 1413393896.8557603
Dropping frame 1413393896.9557605
Dropping frame 1413393897.0557604
Dropping frame 1413393897.1557603
Dropping frame 1413393897.4057605
Dropping frame 1413393897.5057604
Dropping frame 1413393897.6057606
Dropping frame 1413393897.8057606
Dropping frame 1413393897.9057605
Dropping frame 1413393898.1057606
Dropping frame 1413393898.2057605
Dropping frame 1413393898.3057606
Dropping frame 1413393898.5057604
Dropping frame 1413393898.7057605
Dropping frame 1413393898.8057606
Dropping frame 1413393899.1057606
Dropping frame 1413393899.2057605
Dropping frame 1413393899.3057606
Dropping frame 1413393899.4557605
Dropping frame 1413393899.6557603
Dropping frame 1413393899.8557603
Dropping frame 1413393899.9557605
Dropping frame 1413393900.1557603
Dropping frame 1413393900.4557605
Dropping frame 1413393900.7557604
Dropping frame 1413393901.1057606
Dropping frame 1413393901.4057605
Dropping frame 1413393901.5057604
Dropping frame 1413393901.6057606
Dropping frame 1413393901.8057606
Dropping frame 1413393901.9057605
Dropping frame 1413393902.0057604
Dropping frame 1413393902.2057605
Dropping frame 1413393902.4057605
Dropping frame 1413393902.6057606
Dropping frame 1413393902.8557603
Dropping frame 1413393903.0057604
Dropping frame 1413393903.2057605
Dropping frame 1413393903.4057605
Dropping frame 1413393903.6057606
Dropping frame 1413393903.7557604
Dropping frame 1413393903.9557605
Dropping frame 1413393904.1557603
Dropping frame 1413393904.2557604
Dropping frame 1413393904.3557603
Dropping frame 1413393904.7057605
Dropping frame 1413393904.9057605
start VIBA 2
Dropping frame 1413393905.0557604
end VIBA 2
Dropping frame 1413393905.2557604
Dropping frame 1413393905.4057605
Dropping frame 1413393905.6057606
Dropping frame 1413393905.8057606
Dropping frame 1413393905.9057605
Dropping frame 1413393906.0057604
Dropping frame 1413393906.1557603
Dropping frame 1413393906.5057604
Dropping frame 1413393906.7057605
Dropping frame 1413393907.4557605
Dropping frame 1413393907.6557603
Dropping frame 1413393907.7557604
Dropping frame 1413393907.8557603
Dropping frame 1413393908.0557604
Dropping frame 1413393908.1557603
Dropping frame 1413393908.2557604
Dropping frame 1413393908.3557603
Dropping frame 1413393908.6057606
Dropping frame 1413393908.7057605
Dropping frame 1413393908.9057605
Dropping frame 1413393909.1057606
Dropping frame 1413393909.5557604
Dropping frame 1413393909.8057606
Dropping frame 1413393910.1557603
Dropping frame 1413393910.7557604
Dropping frame 1413393910.9557605
Dropping frame 1413393911.0557604
Dropping frame 1413393911.1557603
Dropping frame 1413393911.3557603
Dropping frame 1413393911.4557605
Dropping frame 1413393911.7057605
Dropping frame 1413393911.8057606
Dropping frame 1413393911.9057605
Dropping frame 1413393912.1557603
Dropping frame 1413393912.4557605
Dropping frame 1413393912.5557604
Dropping frame 1413393912.7557604
Dropping frame 1413393912.8557603
Dropping frame 1413393912.9557605
Dropping frame 1413393913.1557603
Dropping frame 1413393913.2557604
Dropping frame 1413393913.3557603
Dropping frame 1413393913.5557604
Dropping frame 1413393913.6557603
Dropping frame 1413393913.7557604
Dropping frame 1413393913.9557605
Dropping frame 1413393914.0557604
Dropping frame 1413393914.2557604
Dropping frame 1413393914.3557603
Dropping frame 1413393914.4557605
Dropping frame 1413393914.6557603
Dropping frame 1413393914.7557604
Dropping frame 1413393915.0057604
Dropping frame 1413393915.2057605
Dropping frame 1413393915.4057605
Dropping frame 1413393915.5057604
Dropping frame 1413393915.6057606
Dropping frame 1413393915.7557604
Dropping frame 1413393915.8557603
Dropping frame 1413393916.0557604
Dropping frame 1413393916.1557603
Dropping frame 1413393916.2557604
Dropping frame 1413393916.4557605
Dropping frame 1413393916.8057606
Dropping frame 1413393917.0057604
Dropping frame 1413393917.3057606
Dropping frame 1413393917.4057605
Dropping frame 1413393917.6057606
Dropping frame 1413393917.9057605
Dropping frame 1413393918.1057606
*Loop detected
phi = -0.00033892017662302755     0.01262020783701613  -0.0055247862278484531
BAD LOOP!!!
Dropping frame 1413393918.3057606
Dropping frame 1413393918.4057605
Dropping frame 1413393918.6057606
Dropping frame 1413393918.7057605
*Loop detected
phi = -0.0051585971870124004  0.0073768654803434124  -0.009349971636409049
Local Mapping STOP
Dropping frame 1413393918.9057605
Local Mapping RELEASE
Dropping frame 1413393919.2057605
Dropping frame 1413393919.4557605
Local Mapping STOP
Local Mapping RELEASE
Dropping frame 1413393919.6557603
Dropping frame 1413393920.0057604
Dropping frame 1413393920.1057606
Dropping frame 1413393920.4557605
Dropping frame 1413393920.7557604
Dropping frame 1413393920.9557605
Dropping frame 1413393921.1557603
Dropping frame 1413393921.3057606
Dropping frame 1413393921.6557603
Dropping frame 1413393921.8557603
Dropping frame 1413393922.0557604
Dropping frame 1413393922.1557603
Dropping frame 1413393922.2557604
Dropping frame 1413393922.5057604
Dropping frame 1413393922.7057605
Dropping frame 1413393922.8057606
Dropping frame 1413393923.0557604
Dropping frame 1413393923.1557603
Dropping frame 1413393923.2557604
Dropping frame 1413393923.4557605
Dropping frame 1413393923.5557604
Dropping frame 1413393924.0557604
Dropping frame 1413393924.4057605
Dropping frame 1413393924.8557603
Dropping frame 1413393924.9557605
Dropping frame 1413393925.0557604
Dropping frame 1413393925.2557604
Dropping frame 1413393925.5557604
Dropping frame 1413393925.7557604
Dropping frame 1413393926.0557604
Dropping frame 1413393926.2557604
Dropping frame 1413393926.5057604
Dropping frame 1413393926.7557604
Dropping frame 1413393926.9557605
Dropping frame 1413393927.0557604
Dropping frame 1413393927.3557603
Dropping frame 1413393928.0557604
Dropping frame 1413393928.4057605
Dropping frame 1413393928.6057606
Dropping frame 1413393928.7557604
Dropping frame 1413393929.2557604
Dropping frame 1413393929.3557603
Dropping frame 1413393929.7557604
Dropping frame 1413393929.9557605
Dropping frame 1413393930.0557604
Dropping frame 1413393930.4557605
Dropping frame 1413393930.9057605
Dropping frame 1413393931.3557603
Dropping frame 1413393931.7057605
Dropping frame 1413393931.8557603
Dropping frame 1413393932.3057606
Dropping frame 1413393932.8057606
Dropping frame 1413393933.2557604
Dropping frame 1413393933.4557605
Dropping frame 1413393933.7057605
Dropping frame 1413393933.9057605
Dropping frame 1413393934.2057605
Dropping frame 1413393934.6057606
Dropping frame 1413393934.8557603
Dropping frame 1413393934.9557605
Dropping frame 1413393935.0557604
Dropping frame 1413393935.4057605
Dropping frame 1413393935.5557604
Dropping frame 1413393935.8557603
Dropping frame 1413393936.1557603
Dropping frame 1413393936.3557603
Dropping frame 1413393936.6557603
Dropping frame 1413393937.0557604
Dropping frame 1413393937.1557603
Dropping frame 1413393937.4057605
Dropping frame 1413393937.7057605
Dropping frame 1413393937.9557605
Dropping frame 1413393938.0557604
Dropping frame 1413393938.4057605
Dropping frame 1413393938.5057604
Dropping frame 1413393938.7557604
Dropping frame 1413393938.8557603
Dropping frame 1413393939.2057605
Dropping frame 1413393939.5557604
Dropping frame 1413393939.9057605
Dropping frame 1413393940.1557603
Dropping frame 1413393940.3557603
Dropping frame 1413393940.5557604
Dropping frame 1413393940.6557603
Dropping frame 1413393940.7557604
Dropping frame 1413393940.9057605
Dropping frame 1413393941.2057605
Dropping frame 1413393941.5557604
Dropping frame 1413393941.8557603
Dropping frame 1413393941.9557605
Dropping frame 1413393942.0557604
Dropping frame 1413393942.2557604
Dropping frame 1413393942.5057604
Dropping frame 1413393942.6057606
Dropping frame 1413393942.8057606
Dropping frame 1413393943.0557604
Dropping frame 1413393943.1557603
Dropping frame 1413393943.4057605
Dropping frame 1413393943.5057604
Dropping frame 1413393943.6057606
Dropping frame 1413393943.9557605
Dropping frame 1413393944.1557603
Dropping frame 1413393944.2557604
Dropping frame 1413393944.4057605
Dropping frame 1413393944.7057605
Dropping frame 1413393944.9057605
Dropping frame 1413393945.1057606
Dropping frame 1413393945.2057605
Dropping frame 1413393945.5057604
Dropping frame 1413393945.7057605
Dropping frame 1413393945.9057605
Dropping frame 1413393946.0057604
Dropping frame 1413393946.2557604
Dropping frame 1413393946.4557605
Dropping frame 1413393946.8057606
Dropping frame 1413393946.9057605
Dropping frame 1413393947.1557603
Dropping frame 1413393947.2557604
Dropping frame 1413393947.4557605
Dropping frame 1413393947.7557604
Dropping frame 1413393947.8557603
Dropping frame 1413393948.0557604
Dropping frame 1413393948.3557603
Dropping frame 1413393948.5557604
Dropping frame 1413393948.7557604
Dropping frame 1413393949.0557604
Dropping frame 1413393949.4557605
Dropping frame 1413393949.6057606
Dropping frame 1413393949.8557603
Dropping frame 1413393950.0557604
Dropping frame 1413393950.2557604
Dropping frame 1413393950.3557603
Dropping frame 1413393950.6057606
Dropping frame 1413393950.7057605
Dropping frame 1413393951.0057604
Dropping frame 1413393951.1057606
Dropping frame 1413393951.2057605
Dropping frame 1413393951.4557605
Dropping frame 1413393951.7557604
Dropping frame 1413393951.9557605
Dropping frame 1413393952.0557604
Dropping frame 1413393952.1557603
Dropping frame 1413393952.2557604
Dropping frame 1413393952.3557603
Dropping frame 1413393952.5557604
Dropping frame 1413393952.6557603
Dropping frame 1413393952.8557603
Dropping frame 1413393955.7057605
Dropping frame 1413393955.9057605
Dropping frame 1413393956.0057604
Dropping frame 1413393956.1557603
Dropping frame 1413393956.3557603
Dropping frame 1413393956.7057605
Dropping frame 1413393957.6557603
Dropping frame 1413393958.0557604
Dropping frame 1413393958.1557603
Dropping frame 1413393958.3557603
Dropping frame 1413393958.4557605
Dropping frame 1413393958.6557603
Dropping frame 1413393958.7557604
Dropping frame 1413393958.9057605
Dropping frame 1413393959.1057606
Dropping frame 1413393959.7057605
Dropping frame 1413393959.9057605
Dropping frame 1413393960.3057606
Dropping frame 1413393960.4057605
Dropping frame 1413393960.9557605
Dropping frame 1413393961.0557604
Dropping frame 1413393961.1557603
Dropping frame 1413393961.3557603
Dropping frame 1413393961.4557605
Dropping frame 1413393961.5557604
Dropping frame 1413393961.8557603
Dropping frame 1413393961.9557605
Dropping frame 1413393962.1057606
Dropping frame 1413393962.2057605
Dropping frame 1413393962.3057606
Dropping frame 1413393962.5557604
Dropping frame 1413393962.6557603
Dropping frame 1413393962.7557604
Dropping frame 1413393963.0057604
Dropping frame 1413393963.2057605
Dropping frame 1413393963.4057605
Dropping frame 1413393963.5057604
Dropping frame 1413393963.6057606
Dropping frame 1413393963.7057605
Dropping frame 1413393963.8057606
Dropping frame 1413393964.0557604
Dropping frame 1413393964.1557603
Dropping frame 1413393964.3557603
Dropping frame 1413393964.4557605
Dropping frame 1413393964.5557604
Dropping frame 1413393964.6557603
Dropping frame 1413393964.7557604
Dropping frame 1413393965.0557604
Dropping frame 1413393965.1557603
Dropping frame 1413393965.4057605
Dropping frame 1413393965.5057604
Dropping frame 1413393965.7557604
Dropping frame 1413393965.8557603
Dropping frame 1413393966.0557604
Dropping frame 1413393966.2557604
Dropping frame 1413393966.4057605
Dropping frame 1413393966.6557603
Dropping frame 1413393966.8557603
Dropping frame 1413393967.0557604
Dropping frame 1413393967.2057605
Dropping frame 1413393967.4557605
Dropping frame 1413393967.5557604
Dropping frame 1413393967.7557604
Dropping frame 1413393967.9557605
Dropping frame 1413393968.0557604
Dropping frame 1413393968.1557603
Dropping frame 1413393968.4057605
Dropping frame 1413393968.6057606
Dropping frame 1413393968.7057605
Dropping frame 1413393968.8057606
Dropping frame 1413393968.9557605
Dropping frame 1413393969.0557604
Dropping frame 1413393970.0557604
Dropping frame 1413393970.3057606
Dropping frame 1413393970.7557604
Dropping frame 1413393970.8557603
Dropping frame 1413393971.1057606
Dropping frame 1413393971.4557605
Dropping frame 1413393971.6557603
Dropping frame 1413393971.9557605
Dropping frame 1413393972.0557604
Dropping frame 1413393972.4557605
Dropping frame 1413393972.6557603
Dropping frame 1413393972.9057605
Dropping frame 1413393973.0057604
Dropping frame 1413393973.3557603
Dropping frame 1413393973.4557605
Dropping frame 1413393973.5557604
Dropping frame 1413393973.9557605
Dropping frame 1413393974.1057606
Dropping frame 1413393974.3557603
Dropping frame 1413393974.5557604
Dropping frame 1413393974.7557604
Dropping frame 1413393975.0557604
Dropping frame 1413393975.1557603
Dropping frame 1413393975.4557605
Dropping frame 1413393975.6557603
Dropping frame 1413393975.7557604
Dropping frame 1413393975.8557603
Dropping frame 1413393976.0557604
Dropping frame 1413393976.1557603
Dropping frame 1413393976.4557605
Dropping frame 1413393976.6557603
Dropping frame 1413393976.8557603
Dropping frame 1413393977.2057605
Dropping frame 1413393977.4057605
Dropping frame 1413393977.5057604
Dropping frame 1413393978.1557603
Dropping frame 1413393978.3557603
Dropping frame 1413393978.6057606
Dropping frame 1413393978.8557603
Dropping frame 1413393979.1557603
Dropping frame 1413393979.3557603
Dropping frame 1413393979.8057606
Dropping frame 1413393980.4557605
Dropping frame 1413393980.5557604
Dropping frame 1413393980.8057606
Dropping frame 1413393981.0057604
Dropping frame 1413393981.1057606
Dropping frame 1413393981.4057605
Dropping frame 1413393981.5057604
Dropping frame 1413393981.7557604
Dropping frame 1413393981.8557603
Dropping frame 1413393982.2557604
Dropping frame 1413393983.7057605
Dropping frame 1413393983.8057606
Dropping frame 1413393984.3557603
Dropping frame 1413393984.6557603
Dropping frame 1413393984.7557604
Dropping frame 1413393984.8557603
Dropping frame 1413393985.2557604
Dropping frame 1413393985.4557605
Dropping frame 1413393985.5557604
Dropping frame 1413393985.7557604
Dropping frame 1413393985.8557603
Dropping frame 1413393986.1057606
Dropping frame 1413393986.2057605
Dropping frame 1413393986.4057605
Dropping frame 1413393986.5057604
Dropping frame 1413393986.6057606
Dropping frame 1413393986.7057605
Dropping frame 1413393986.9057605
Dropping frame 1413393987.0057604
Dropping frame 1413393987.1057606
Dropping frame 1413393987.3057606
Dropping frame 1413393987.4057605
Dropping frame 1413393987.5057604
Dropping frame 1413393987.7057605
Dropping frame 1413393987.9057605
Dropping frame 1413393988.0057604
Dropping frame 1413393988.1057606
Dropping frame 1413393988.2057605
Dropping frame 1413393988.4057605
Dropping frame 1413393988.6057606
Dropping frame 1413393988.7057605
Dropping frame 1413393988.8557603
Dropping frame 1413393988.9557605
Dropping frame 1413393989.1557603
Dropping frame 1413393989.3557603
Dropping frame 1413393989.5557604
Dropping frame 1413393989.6557603
Dropping frame 1413393989.7557604
Dropping frame 1413393989.8557603
Dropping frame 1413393990.0557604
Dropping frame 1413393990.1557603
Dropping frame 1413393990.2557604
Dropping frame 1413393990.4057605
Dropping frame 1413393990.6057606
Dropping frame 1413393990.7057605
Dropping frame 1413393990.9557605
Dropping frame 1413393991.1557603
Dropping frame 1413393991.3557603
Dropping frame 1413393991.5557604
Dropping frame 1413393992.0057604
Dropping frame 1413393992.2557604
Dropping frame 1413393992.3557603
Dropping frame 1413393992.5557604
Dropping frame 1413393992.6557603
Dropping frame 1413393992.7557604
Dropping frame 1413393993.0057604
Dropping frame 1413393993.3557603
Dropping frame 1413393993.7057605
Dropping frame 1413393993.8057606
Dropping frame 1413393994.2057605
Dropping frame 1413393994.3057606
Dropping frame 1413393994.4057605
Dropping frame 1413393994.5057604
Dropping frame 1413393994.6057606
Dropping frame 1413393994.8057606
Dropping frame 1413393994.9057605
Dropping frame 1413393995.0057604
Dropping frame 1413393995.1557603
Dropping frame 1413393995.2557604
Dropping frame 1413393995.5557604
Dropping frame 1413393995.8557603
Dropping frame 1413393996.1557603
Dropping frame 1413393996.4557605
Dropping frame 1413393996.6057606
Dropping frame 1413393996.8057606
Dropping frame 1413393997.0057604
Dropping frame 1413393997.2557604
Dropping frame 1413393997.3557603
Dropping frame 1413393997.4557605
Dropping frame 1413393997.6557603
Dropping frame 1413393997.8057606
Dropping frame 1413393997.9057605
Dropping frame 1413393998.2057605
Dropping frame 1413393998.3057606
Dropping frame 1413393998.4057605
Dropping frame 1413393998.6057606
Dropping frame 1413393998.8557603
Dropping frame 1413393998.9557605
Dropping frame 1413393999.5057604
Dropping frame 1413393999.6057606
Dropping frame 1413394000.0557604
Dropping frame 1413394000.2557604
Dropping frame 1413394000.4057605
Dropping frame 1413394000.6057606
Dropping frame 1413394000.8057606
Dropping frame 1413394000.9057605
Dropping frame 1413394001.1557603
Dropping frame 1413394001.3557603
Dropping frame 1413394001.4557605
Dropping frame 1413394001.6557603
Dropping frame 1413394001.7557604
Dropping frame 1413394002.0057604
Dropping frame 1413394002.1557603
Dropping frame 1413394003.2057605
Dropping frame 1413394003.3057606
Shutdown
SLAM Finished at System Time: 1746972520.73343

 TIME STATS in ms (mean$\pm$std)
OpenCV version: 4.8.1
---------------------------
Tracking

ORB Extraction: 16.553$\pm$1.8699
Stereo Matching: 8.0564$\pm$2.2915
IMU Preintegration: 0.2375$\pm$0.096315
Pose Prediction: 0.34512$\pm$1.4739
LM Track: 19.258$\pm$4.5426
New KF decision: 2.0387$\pm$3.5264
Total Tracking: 31.844$\pm$25.36



Local Mapping

KF Insertion: 12.984$\pm$3.8526
MP Culling: 0.76094$\pm$0.29429
MP Creation: 45.678$\pm$14.663
LBA: 145.83$\pm$45.098
KF Culling: 18.129$\pm$10.505
Total Local Mapping: 223.19$\pm$62.957
---------------------------

LBA complexity (mean$\pm$std)
LBA Edges: 3553.9$\pm$1000.6
LBA KF optimized: 6.5$\pm$2.2913
LBA KF fixed: 1$\pm$0
LBA MP: nan$\pm$nan

LBA executions: 422
LBA aborts: 1
---------------------------

Map complexity
KFs in map: 135
MPs in map: 10140
---------------------------

Place Recognition (mean$\pm$std)
Database Query: 1.7127$\pm$0.9741
SE3 estimation: 13.284$\pm$12.965
Total Place Recognition: 13.037$\pm$13.486


Loop Closing (mean$\pm$std)
Loop Fusion: 42.395$\pm$0
Essential Graph: 59.194$\pm$0
Total Loop Closing: 110.96$\pm$0

Num exec: 1
Number of KFs: nan$\pm$nan

Map Merging (mean$\pm$std)
Merge Maps: nan$\pm$nan
Welding BA: nan$\pm$nan
Optimization Ess.: nan$\pm$nan
Total Map Merging: nan$\pm$nan

Num exec: 0
Number of KFs: nan$\pm$nan
Number of MPs: nan$\pm$nan

Full GBA (mean$\pm$std)
GBA: 653.34$\pm$0
Map Update: 33.831$\pm$0
Total Full GBA: 687.17$\pm$0

Num exec: 1
Num abort: 0
Number of KFs: 65$\pm$0
Number of MPs: 6426$\pm$0

Saving trajectory to f_dataset-V202_stereo_imu.txt ...
There are 1 maps in the atlas
  Map 0 has 135 KFs

End of saving trajectory to f_dataset-V202_stereo_imu.txt ...

Saving keyframe trajectory to kf_dataset-V202_stereo_imu.txt ...
