num_seq = 1
file name: dataset-V203_stereo_imu
Loading images for sequence 0...LOADED!
Loading IMU for sequence 0...LOADED!

-------

ORB-SLAM3 Copyright (C) 2017-2020 Carlos Campos, Richard Elvira, Juan J. Gómez, José M.M. Montiel and Juan D. Tardós, University of Zaragoza.
ORB-SLAM2 Copyright (C) 2014-2016 Raúl Mur-Artal, José M.M. Montiel and Juan D. Tardós, University of Zaragoza.
This program comes with ABSOLUTELY NO WARRANTY;
This is free software, and you are welcome to redistribute it
under certain conditions. See LICENSE.txt.

Built with REGISTER_TIMES
Git Commit Hash: 33f00b6

Build Type: Release

Compiled with C++ version: 201703

Input sensor was set to: Stereo-Inertial
Loading settings from EuRoC_fov_deadlines_mask_10x10.yaml
	-Loaded camera 1
	-Loaded camera 2
	-Loaded image info
	-Loaded IMU calibration
	-Loaded ORB settings
	-Loaded viewer settings
	-Loaded Atlas settings
Deadlines enabled, will skip frames!
FOV enabled
Static mask size: 10x10
Dumping map points enabled
	-Loaded misc parameters
	-Computed rectification maps
----------------------------------
SLAM settings: 
	-Camera 1 parameters (Pinhole): [ 458.65399169921875 457.29598999023438 367.21499633789062 248.375 ]
	-Camera 1 distortion parameters: [  -0.28340810537338257 0.073959067463874817 0.00019359000725671649 1.7618711353861727e-05 ]
	-Camera 2 parameters (Pinhole: [ 457.58700561523438 456.13400268554688 379.99899291992188 255.23800659179688 ]
	-Camera 1 distortion parameters: [  -0.2836836576461792 0.074512839317321777 -0.00010473000293131918 -3.555907096597366e-05 ]
	-Original image size: [ 752 , 480 ]
	-Current image size: [ 752 , 480 ]
	-Camera 1 parameters after rectification: [  456.71499633789062 456.71499633789062 364.52615356445312 257.268798828125 ]
	-Sequence FPS: 20
	-Stereo baseline: 0.11007784307003021
	-Stereo depth threshold : 60
	-Gyro noise: 0.00016999999934341758
	-Accelerometer noise: 0.0020000000949949026
	-Gyro walk: 1.9392999092815444e-05
	-Accelerometer walk: 0.0030000000260770321
	-IMU frequency: 200
	-Features per image: 1200
	-ORB scale factor: 1.2000000476837158
	-ORB number of scales: 8
	-Initial FAST threshold: 20
	-Min FAST threshold: 7


Loading ORB Vocabulary. This could take a while...
Vocabulary loaded!

Initialization of Atlas from scratch 
Creation of new map with id: 0
Creation of new map with last KF id: 0
Seq. Name: 
There are 1 cameras in the atlas
Camera 0 is pinhole
SLAM Started at System Time: 1746883514.76736
not IMU meas
not IMU meas
not enough acceleration
not enough acceleration
not enough acceleration
not enough acceleration
not enough acceleration
not enough acceleration
not enough acceleration
not enough acceleration
not enough acceleration
not enough acceleration
not enough acceleration
not enough acceleration
not enough acceleration
not enough acceleration
not enough acceleration
not enough acceleration
not enough acceleration
not enough acceleration
not enough acceleration
not enough acceleration
not enough acceleration
not enough acceleration
not enough acceleration
not enough acceleration
not enough acceleration
not enough acceleration
not enough acceleration
not enough acceleration
not enough acceleration
not enough acceleration
not enough acceleration
not enough acceleration
not enough acceleration
not enough acceleration
not enough acceleration
not enough acceleration
not enough acceleration
not enough acceleration
not enough acceleration
not enough acceleration
not enough acceleration
not enough acceleration
not enough acceleration
not enough acceleration
not enough acceleration
not enough acceleration
not enough acceleration
not enough acceleration
not enough acceleration
not enough acceleration
not enough acceleration
not enough acceleration
not enough acceleration
not enough acceleration
not enough acceleration
not enough acceleration
not enough acceleration
not enough acceleration
not enough acceleration
not enough acceleration
not enough acceleration
not enough acceleration
not enough acceleration
not enough acceleration
not enough acceleration
not enough acceleration
not enough acceleration
not enough acceleration
not enough acceleration
not enough acceleration
not enough acceleration
not enough acceleration
not enough acceleration
not enough acceleration
not enough acceleration
not enough acceleration
not enough acceleration
not enough acceleration
not enough acceleration
not enough acceleration
not enough acceleration
not enough acceleration
not enough acceleration
not enough acceleration
not enough acceleration
not enough acceleration
not enough acceleration
not enough acceleration
not enough acceleration
not enough acceleration
not enough acceleration
not enough acceleration
not enough acceleration
not enough acceleration
not enough acceleration
not enough acceleration
not enough acceleration
not enough acceleration
not enough acceleration
not enough acceleration
not enough acceleration
not enough acceleration
not enough acceleration
not enough acceleration
not enough acceleration
not enough acceleration
not enough acceleration
First KF:0; Map init KF:0
New Map created with 448 points
Active map: 0
Dropping frame 1413394887.1057606
Dropping frame 1413394887.3057606
Dropping frame 1413394887.6057606
Dropping frame 1413394888.0057604
Dropping frame 1413394888.5057604
Dropping frame 1413394888.7057605
Dropping frame 1413394889.1557603
Dropping frame 1413394889.2557604
Dropping frame 1413394889.5057604
Dropping frame 1413394889.8557603
Dropping frame 1413394890.1057606
Dropping frame 1413394891.0557604
Dropping frame 1413394891.3557603
start VIBA 1
end VIBA 1
Dropping frame 1413394892.4057605
Dropping frame 1413394892.8557603
Dropping frame 1413394894.2557604
Dropping frame 1413394894.6057606
Dropping frame 1413394894.9057605
Dropping frame 1413394895.1057606
Dropping frame 1413394895.3557603
Dropping frame 1413394896.7057605
Dropping frame 1413394897.0057604
Dropping frame 1413394897.3057606
Dropping frame 1413394897.4557605
Dropping frame 1413394897.6557603
Dropping frame 1413394897.7557604
Dropping frame 1413394897.9557605
Dropping frame 1413394898.1557603
Dropping frame 1413394898.7057605
Dropping frame 1413394898.9557605
Dropping frame 1413394899.0557604
Dropping frame 1413394899.2557604
Dropping frame 1413394899.4557605
Dropping frame 1413394899.5557604
Dropping frame 1413394899.6557603
Dropping frame 1413394899.7557604
Dropping frame 1413394899.8557603
Dropping frame 1413394900.0557604
Dropping frame 1413394900.1557603
Dropping frame 1413394900.3057606
Dropping frame 1413394900.4057605
Dropping frame 1413394900.6057606
Dropping frame 1413394900.7057605
Dropping frame 1413394900.9057605
Dropping frame 1413394901.0057604
Dropping frame 1413394901.2557604
Dropping frame 1413394901.4557605
Dropping frame 1413394901.5557604
Dropping frame 1413394902.0557604
start VIBA 2
end VIBA 2
Dropping frame 1413394903.7557604
Dropping frame 1413394904.1557603
Dropping frame 1413394904.5057604
Dropping frame 1413394904.7057605
Dropping frame 1413394904.8057606
Dropping frame 1413394905.0557604
Dropping frame 1413394905.2557604
Dropping frame 1413394905.3557603
Dropping frame 1413394905.5557604
Dropping frame 1413394905.7557604
Dropping frame 1413394905.8557603
Dropping frame 1413394905.9557605
Dropping frame 1413394906.1557603
Dropping frame 1413394906.3557603
Dropping frame 1413394906.4557605
Dropping frame 1413394906.5557604
Dropping frame 1413394906.7557604
Dropping frame 1413394907.3057606
Dropping frame 1413394907.7057605
Dropping frame 1413394908.1557603
Dropping frame 1413394908.4057605
Dropping frame 1413394908.9557605
Dropping frame 1413394909.4057605
Dropping frame 1413394909.6557603
Dropping frame 1413394910.0057604
Dropping frame 1413394910.5057604
Dropping frame 1413394910.7557604
Dropping frame 1413394911.0557604
Dropping frame 1413394911.3057606
Dropping frame 1413394911.5057604
Dropping frame 1413394911.8557603
Dropping frame 1413394912.1557603
Dropping frame 1413394912.3557603
Dropping frame 1413394912.5057604
Dropping frame 1413394912.8057606
Dropping frame 1413394913.0057604
Dropping frame 1413394913.2057605
Dropping frame 1413394914.0557604
Dropping frame 1413394915.3057606
Dropping frame 1413394915.6557603
Dropping frame 1413394915.7557604
Dropping frame 1413394916.2057605
Dropping frame 1413394916.3057606
Dropping frame 1413394916.6057606
Dropping frame 1413394916.7057605
Dropping frame 1413394925.1557603
Dropping frame 1413394925.5557604
Dropping frame 1413394925.9557605
Dropping frame 1413394926.0557604
Dropping frame 1413394926.3057606
Dropping frame 1413394926.6057606
Dropping frame 1413394927.3557603
Dropping frame 1413394927.4557605
Dropping frame 1413394927.6557603
Dropping frame 1413394927.7557604
Dropping frame 1413394927.9057605
Dropping frame 1413394928.0057604
Dropping frame 1413394928.2057605
Dropping frame 1413394928.3057606
Dropping frame 1413394928.5057604
Dropping frame 1413394928.7557604
Dropping frame 1413394929.2057605
Dropping frame 1413394929.4057605
Dropping frame 1413394929.5557604
Dropping frame 1413394929.6557603
Dropping frame 1413394929.9557605
Dropping frame 1413394930.2557604
Dropping frame 1413394930.8557603
Dropping frame 1413394931.2557604
Dropping frame 1413394931.6057606
Dropping frame 1413394931.8557603
Dropping frame 1413394931.9557605
Dropping frame 1413394932.0557604
Dropping frame 1413394932.2557604
Dropping frame 1413394932.4557605
Dropping frame 1413394932.7057605
*Loop detected
phi = -0.0080027209858104676  -0.024021236173169636   0.019337008916320061
BAD LOOP!!!
Dropping frame 1413394932.8557603
Dropping frame 1413394934.9557605
Dropping frame 1413394935.0557604
Dropping frame 1413394935.1557603
Dropping frame 1413394941.9557605
Dropping frame 1413394942.3557603
*Loop detected
phi = 0.0099290037100783161 -0.001692109301605674 -0.022361748483858437
BAD LOOP!!!
*Loop detected
phi = -0.0090193909763358546  -0.031219938875635674  0.0086144216804830333
BAD LOOP!!!
*Loop detected
phi = 0.00032594302166532392   0.004383479468992763   -0.13873588042581209
Local Mapping STOP
Local Mapping RELEASE
Local Mapping STOP
Local Mapping RELEASE
Dropping frame 1413394956.0057604
Dropping frame 1413394956.8557603
Dropping frame 1413394957.0557604
Dropping frame 1413394957.1557603
Dropping frame 1413394958.0057604
Dropping frame 1413394958.1557603
Dropping frame 1413394958.2557604
Dropping frame 1413394958.3557603
Dropping frame 1413394958.6057606
Dropping frame 1413394958.7557604
Dropping frame 1413394958.9057605
Dropping frame 1413394959.0557604
Dropping frame 1413394959.1557603
Dropping frame 1413394959.2557604
Dropping frame 1413394959.3557603
Dropping frame 1413394959.4557605
Dropping frame 1413394959.5557604
Dropping frame 1413394959.7057605
Dropping frame 1413394959.8057606
Dropping frame 1413394959.9057605
Dropping frame 1413394960.1057606
Dropping frame 1413394960.4557605
Dropping frame 1413394960.6057606
Dropping frame 1413394960.8057606
Dropping frame 1413394960.9057605
Dropping frame 1413394961.0057604
Dropping frame 1413394961.1057606
Dropping frame 1413394961.2057605
Dropping frame 1413394961.3057606
Dropping frame 1413394961.5557604
Dropping frame 1413394961.7557604
Dropping frame 1413394961.8557603
Dropping frame 1413394962.3057606
Dropping frame 1413394962.5557604
Dropping frame 1413394962.8057606
Dropping frame 1413394962.9057605
Dropping frame 1413394963.1057606
Dropping frame 1413394963.3557603
Dropping frame 1413394963.6557603
Dropping frame 1413394963.7557604
Dropping frame 1413394963.9557605
Dropping frame 1413394964.1057606
Dropping frame 1413394964.4557605
Dropping frame 1413394964.5557604
Dropping frame 1413394964.8057606
Dropping frame 1413394965.0057604
Dropping frame 1413394965.1057606
Dropping frame 1413394965.3557603
Dropping frame 1413394965.7057605
Dropping frame 1413394965.9057605
Dropping frame 1413394966.1057606
Dropping frame 1413394966.2057605
Dropping frame 1413394966.4557605
Dropping frame 1413394966.5557604
Dropping frame 1413394966.8057606
Dropping frame 1413394967.0557604
Dropping frame 1413394967.4057605
Dropping frame 1413394968.0057604
Dropping frame 1413394968.1557603
Dropping frame 1413394968.2557604
Dropping frame 1413394968.3557603
Dropping frame 1413394968.4557605
Dropping frame 1413394968.5557604
Dropping frame 1413394968.9057605
Dropping frame 1413394969.0557604
Dropping frame 1413394973.6057606
Dropping frame 1413394974.5057604
Dropping frame 1413394974.6057606
Dropping frame 1413394974.9057605
Dropping frame 1413394975.2557604
Dropping frame 1413394978.3557603
Dropping frame 1413394978.7057605
Dropping frame 1413394978.8057606
Dropping frame 1413394979.2557604
Dropping frame 1413394979.4557605
Dropping frame 1413394979.6557603
Dropping frame 1413394979.8557603
Dropping frame 1413394980.0557604
Dropping frame 1413394980.2557604
Dropping frame 1413394980.4557605
Dropping frame 1413394980.5557604
Dropping frame 1413394980.7557604
Dropping frame 1413394980.9557605
Dropping frame 1413394981.1557603
Dropping frame 1413394981.2557604
Dropping frame 1413394981.5057604
Dropping frame 1413394981.6557603
Dropping frame 1413394982.0057604
Dropping frame 1413394982.1057606
Dropping frame 1413394982.3057606
Dropping frame 1413394982.4057605
Dropping frame 1413394982.6557603
Fail to track local map!
Fail to track local map!
Fail to track local map!
Fail to track local map!
Dropping frame 1413394990.5557604
Dropping frame 1413394990.6557603
Dropping frame 1413394990.7557604
Dropping frame 1413394991.1057606
Dropping frame 1413394991.3057606
Dropping frame 1413394991.4057605
Dropping frame 1413394991.5057604
Dropping frame 1413394991.6057606
Dropping frame 1413394991.8057606
Dropping frame 1413394991.9057605
Dropping frame 1413394992.0057604
Dropping frame 1413394992.2057605
Dropping frame 1413394992.4057605
Dropping frame 1413394992.5057604
Dropping frame 1413394992.6057606
Dropping frame 1413394992.7057605
Dropping frame 1413394992.9057605
Dropping frame 1413394993.0557604
Dropping frame 1413394993.2557604
Dropping frame 1413394993.7057605
Dropping frame 1413394993.8057606
Dropping frame 1413394993.9057605
Dropping frame 1413394994.1057606
Fail to track local map!
Fail to track local map!
Fail to track local map!
Fail to track local map!
Fail to track local map!
Fail to track local map!
Fail to track local map!
Fail to track local map!
Fail to track local map!
Fail to track local map!
Fail to track local map!
Fail to track local map!
Fail to track local map!
Fail to track local map!
Fail to track local map!
Fail to track local map!
Fail to track local map!
Fail to track local map!
Fail to track local map!
Shutdown
SLAM Finished at System Time: 1746883648.79546

 TIME STATS in ms (mean$\pm$std)
OpenCV version: 4.8.1
---------------------------
Tracking

ORB Extraction: 15.913$\pm$2.0634
Stereo Matching: 8.0547$\pm$2.7236
IMU Preintegration: 0.19868$\pm$0.06996
Pose Prediction: 0.28176$\pm$1.08
LM Track: 15.335$\pm$4.5269
New KF decision: 2.1152$\pm$3.0995
Total Tracking: 35.123$\pm$20.364



Local Mapping

KF Insertion: 11.307$\pm$3.767
MP Culling: 0.60112$\pm$0.24514
MP Creation: 42.784$\pm$15.156
LBA: 94.068$\pm$37.494
KF Culling: 8.064$\pm$6.5415
Total Local Mapping: 157.18$\pm$52.257
---------------------------

LBA complexity (mean$\pm$std)
LBA Edges: 2901.2$\pm$701.24
LBA KF optimized: 6.5$\pm$2.2913
LBA KF fixed: 1$\pm$0
LBA MP: nan$\pm$nan

LBA executions: 529
LBA aborts: 1
---------------------------

Map complexity
KFs in map: 221
MPs in map: 10242
---------------------------

Place Recognition (mean$\pm$std)
Database Query: 1.7318$\pm$0.99239
SE3 estimation: 13.96$\pm$10.904
Total Place Recognition: 13.728$\pm$11.905


Loop Closing (mean$\pm$std)
Loop Fusion: 57.962$\pm$0
Essential Graph: 76.101$\pm$0
Total Loop Closing: 146.87$\pm$0

Num exec: 1
Number of KFs: nan$\pm$nan

Map Merging (mean$\pm$std)
Merge Maps: nan$\pm$nan
Welding BA: nan$\pm$nan
Optimization Ess.: nan$\pm$nan
Total Map Merging: nan$\pm$nan

Num exec: 0
Number of KFs: nan$\pm$nan
Number of MPs: nan$\pm$nan

Full GBA (mean$\pm$std)
GBA: 910.04$\pm$0
Map Update: 61.119$\pm$0
Total Full GBA: 971.15$\pm$0

Num exec: 1
Num abort: 0
Number of KFs: 153$\pm$0
Number of MPs: 9957$\pm$0

Saving trajectory to f_dataset-V203_stereo_imu.txt ...
There are 1 maps in the atlas
  Map 0 has 221 KFs

End of saving trajectory to f_dataset-V203_stereo_imu.txt ...

Saving keyframe trajectory to kf_dataset-V203_stereo_imu.txt ...
