num_seq = 1
file name: dataset-MH01_stereo_imu
Loading images for sequence 0...LOADED!
Loading IMU for sequence 0...LOADED!

-------

ORB-SLAM3 Copyright (C) 2017-2020 Carlos Campos, Richard Elvira, Juan J. Gómez, José M.M. Montiel and Juan D. Tardós, University of Zaragoza.
ORB-SLAM2 Copyright (C) 2014-2016 Raúl Mur-Artal, José M.M. Montiel and Juan D. Tardós, University of Zaragoza.
This program comes with ABSOLUTELY NO WARRANTY;
This is free software, and you are welcome to redistribute it
under certain conditions. See LICENSE.txt.

Built with REGISTER_TIMES
Git Commit Hash: 2d47524

Build Type: Release

Compiled with C++ version: 201703

Input sensor was set to: Stereo-Inertial
Loading settings from EuRoC_fov_deadlines_mask_8x8.yaml
	-Loaded camera 1
	-Loaded camera 2
	-Loaded image info
	-Loaded IMU calibration
	-Loaded ORB settings
	-Loaded viewer settings
	-Loaded Atlas settings
Deadlines enabled, will skip frames!
FOV enabled
Static mask size: 8x8
Dumping map points enabled
	-Loaded misc parameters
	-Computed rectification maps
----------------------------------
SLAM settings: 
	-Camera 1 parameters (Pinhole): [ 458.65399169921875 457.29598999023438 367.21499633789062 248.375 ]
	-Camera 1 distortion parameters: [  -0.28340810537338257 0.073959067463874817 0.00019359000725671649 1.7618711353861727e-05 ]
	-Camera 2 parameters (Pinhole: [ 457.58700561523438 456.13400268554688 379.99899291992188 255.23800659179688 ]
	-Camera 1 distortion parameters: [  -0.2836836576461792 0.074512839317321777 -0.00010473000293131918 -3.555907096597366e-05 ]
	-Original image size: [ 752 , 480 ]
	-Current image size: [ 752 , 480 ]
	-Camera 1 parameters after rectification: [  456.71499633789062 456.71499633789062 364.52615356445312 257.268798828125 ]
	-Sequence FPS: 20
	-Stereo baseline: 0.11007784307003021
	-Stereo depth threshold : 60
	-Gyro noise: 0.00016999999934341758
	-Accelerometer noise: 0.0020000000949949026
	-Gyro walk: 1.9392999092815444e-05
	-Accelerometer walk: 0.0030000000260770321
	-IMU frequency: 200
	-Features per image: 1200
	-ORB scale factor: 1.2000000476837158
	-ORB number of scales: 8
	-Initial FAST threshold: 20
	-Min FAST threshold: 7


Loading ORB Vocabulary. This could take a while...
Vocabulary loaded!

Initialization of Atlas from scratch 
Creation of new map with id: 0
Creation of new map with last KF id: 0
Seq. Name: 
There are 1 cameras in the atlas
Camera 0 is pinhole
SLAM Started at System Time: 1740841507.34036
not IMU meas
not IMU meas
not enough acceleration
not enough acceleration
First KF:0; Map init KF:0
New Map created with 553 points
Active map: 0
Dropping frame 1403636580.0135555
Dropping frame 1403636580.2135556
Dropping frame 1403636580.5135555
Dropping frame 1403636581.1635556
Dropping frame 1403636581.4635556
Dropping frame 1403636581.7135556
Dropping frame 1403636581.8635557
Dropping frame 1403636581.9635556
Dropping frame 1403636582.2135556
Dropping frame 1403636582.3135555
Dropping frame 1403636582.4635556
Dropping frame 1403636582.7135556
Dropping frame 1403636583.0635555
Dropping frame 1403636583.1635556
Dropping frame 1403636583.4635556
Dropping frame 1403636583.6635556
Dropping frame 1403636584.0135555
Dropping frame 1403636584.2635555
Dropping frame 1403636584.4135554
Dropping frame 1403636584.5135555
Dropping frame 1403636584.6135554
Dropping frame 1403636584.8635557
Dropping frame 1403636585.1135554
Dropping frame 1403636585.2135556
Dropping frame 1403636585.3635557
Dropping frame 1403636585.5635555
start VIBA 1
Dropping frame 1403636585.6635556
end VIBA 1
Dropping frame 1403636585.9135554
Dropping frame 1403636586.6635556
Dropping frame 1403636586.9135554
Dropping frame 1403636587.1135554
Dropping frame 1403636587.3135555
Dropping frame 1403636587.4135554
Dropping frame 1403636587.7135556
Dropping frame 1403636587.8135555
Dropping frame 1403636588.1135554
Dropping frame 1403636588.3135555
Dropping frame 1403636588.5635555
Dropping frame 1403636588.6635556
Dropping frame 1403636589.0635555
Dropping frame 1403636589.2135556
Dropping frame 1403636589.3135555
Dropping frame 1403636589.8135555
Dropping frame 1403636590.2135556
Dropping frame 1403636590.9635556
Dropping frame 1403636591.4135554
Dropping frame 1403636591.5635555
Dropping frame 1403636591.8635557
Dropping frame 1403636592.1135554
Dropping frame 1403636592.4635556
Dropping frame 1403636592.5635555
Dropping frame 1403636592.8135555
Dropping frame 1403636592.9635556
Dropping frame 1403636593.2135556
Dropping frame 1403636593.4135554
Dropping frame 1403636593.5135555
Dropping frame 1403636593.9635556
Dropping frame 1403636594.0635555
Dropping frame 1403636594.2635555
Dropping frame 1403636594.4635556
Dropping frame 1403636594.5635555
Dropping frame 1403636595.1635556
Dropping frame 1403636595.3135555
start VIBA 2
Dropping frame 1403636595.6635556
end VIBA 2
Dropping frame 1403636595.8135555
Dropping frame 1403636595.9635556
Dropping frame 1403636596.0635555
Dropping frame 1403636596.2135556
Dropping frame 1403636596.3635557
Dropping frame 1403636596.7635555
Dropping frame 1403636596.8635557
Dropping frame 1403636597.0135555
Dropping frame 1403636597.1135554
Dropping frame 1403636597.4635556
Dropping frame 1403636597.5635555
Dropping frame 1403636597.7635555
Dropping frame 1403636597.9635556
Dropping frame 1403636598.2635555
Dropping frame 1403636598.5635555
Dropping frame 1403636599.2135556
Dropping frame 1403636599.5135555
Dropping frame 1403636599.6135554
Dropping frame 1403636600.3635557
Dropping frame 1403636600.5635555
Dropping frame 1403636600.6635556
Dropping frame 1403636600.8635557
Dropping frame 1403636601.0635555
Dropping frame 1403636601.2635555
Dropping frame 1403636601.4635556
Dropping frame 1403636601.5635555
Dropping frame 1403636601.8135555
Dropping frame 1403636602.1135554
Dropping frame 1403636602.3135555
Dropping frame 1403636602.4635556
Dropping frame 1403636602.7135556
Dropping frame 1403636603.3635557
Dropping frame 1403636603.8135555
Dropping frame 1403636604.0135555
Dropping frame 1403636604.2635555
Dropping frame 1403636604.8635557
Dropping frame 1403636604.9635556
Dropping frame 1403636605.5635555
Dropping frame 1403636605.6635556
Dropping frame 1403636606.4135554
Dropping frame 1403636607.1135554
Dropping frame 1403636607.2635555
Dropping frame 1403636607.5635555
Dropping frame 1403636608.0135555
Dropping frame 1403636608.7635555
Dropping frame 1403636609.2635555
Dropping frame 1403636609.9635556
Dropping frame 1403636610.4135554
Dropping frame 1403636610.6635556
Dropping frame 1403636610.9135554
Dropping frame 1403636611.2135556
Dropping frame 1403636611.5135555
Dropping frame 1403636611.6135554
Dropping frame 1403636612.0135555
Dropping frame 1403636612.1635556
Dropping frame 1403636612.4135554
Dropping frame 1403636612.8135555
Dropping frame 1403636612.9135554
Dropping frame 1403636613.1635556
Dropping frame 1403636613.4635556
Dropping frame 1403636614.4635556
Dropping frame 1403636615.0135555
Dropping frame 1403636615.4135554
Dropping frame 1403636616.3135555
Dropping frame 1403636617.3135555
Dropping frame 1403636617.7635555
Dropping frame 1403636618.2135556
Dropping frame 1403636618.7635555
Dropping frame 1403636619.1135554
Dropping frame 1403636619.3635557
Dropping frame 1403636621.0135555
Dropping frame 1403636621.1635556
Dropping frame 1403636621.6635556
Dropping frame 1403636621.7635555
Dropping frame 1403636621.9135554
Dropping frame 1403636622.3635557
Dropping frame 1403636622.6135554
Dropping frame 1403636623.2135556
Dropping frame 1403636623.5635555
Dropping frame 1403636623.8635557
Dropping frame 1403636623.9635556
Dropping frame 1403636624.3635557
Dropping frame 1403636625.3635557
Dropping frame 1403636625.8635557
Dropping frame 1403636626.8635557
Dropping frame 1403636628.8635557
Dropping frame 1403636629.3635557
Dropping frame 1403636629.5135555
Dropping frame 1403636630.4635556
Dropping frame 1403636631.8135555
Dropping frame 1403636632.1635556
Dropping frame 1403636632.8135555
Dropping frame 1403636633.0635555
Dropping frame 1403636633.7135556
Dropping frame 1403636634.6135554
Dropping frame 1403636635.8135555
Dropping frame 1403636635.9135554
Dropping frame 1403636636.1135554
Dropping frame 1403636636.7135556
Dropping frame 1403636637.1135554
Dropping frame 1403636637.4135554
Dropping frame 1403636637.5635555
Dropping frame 1403636638.0635555
Dropping frame 1403636638.7635555
Dropping frame 1403636639.2635555
Dropping frame 1403636639.4135554
Dropping frame 1403636639.8135555
Dropping frame 1403636641.2135556
Dropping frame 1403636641.9635556
Dropping frame 1403636642.2135556
Dropping frame 1403636642.7135556
Dropping frame 1403636642.8135555
Dropping frame 1403636643.0635555
Dropping frame 1403636643.2635555
Dropping frame 1403636643.3635557
Dropping frame 1403636643.4635556
Dropping frame 1403636643.5635555
Dropping frame 1403636643.6635556
Dropping frame 1403636644.1135554
Dropping frame 1403636644.2635555
Dropping frame 1403636644.6635556
Dropping frame 1403636644.9635556
Dropping frame 1403636645.1135554
Dropping frame 1403636645.2135556
Dropping frame 1403636645.3635557
Dropping frame 1403636645.4635556
Dropping frame 1403636645.8135555
Dropping frame 1403636646.0635555
Dropping frame 1403636646.2635555
Dropping frame 1403636646.3635557
Dropping frame 1403636646.5635555
Dropping frame 1403636646.7635555
Dropping frame 1403636647.0135555
Dropping frame 1403636647.1135554
Dropping frame 1403636647.2135556
Dropping frame 1403636648.1635556
Dropping frame 1403636648.3135555
Dropping frame 1403636648.4635556
Dropping frame 1403636648.6635556
Dropping frame 1403636648.7635555
Dropping frame 1403636648.9635556
Dropping frame 1403636649.0635555
Dropping frame 1403636649.2135556
Dropping frame 1403636649.3635557
Dropping frame 1403636649.5635555
Dropping frame 1403636649.6635556
Dropping frame 1403636649.8135555
Dropping frame 1403636649.9635556
Dropping frame 1403636650.0635555
Dropping frame 1403636650.2635555
Dropping frame 1403636650.3635557
Dropping frame 1403636650.5135555
Dropping frame 1403636650.6135554
Dropping frame 1403636650.7135556
Dropping frame 1403636650.9135554
Dropping frame 1403636651.0135555
Dropping frame 1403636651.1135554
Dropping frame 1403636651.2135556
Dropping frame 1403636651.3635557
Dropping frame 1403636651.5135555
Dropping frame 1403636651.6635556
Dropping frame 1403636651.7635555
Dropping frame 1403636651.8635557
Dropping frame 1403636652.1635556
Dropping frame 1403636652.4135554
Dropping frame 1403636652.5635555
Dropping frame 1403636652.6635556
Dropping frame 1403636652.9635556
Dropping frame 1403636653.0635555
Dropping frame 1403636653.3635557
Dropping frame 1403636653.4635556
Dropping frame 1403636653.6635556
Dropping frame 1403636653.8135555
Dropping frame 1403636653.9135554
Dropping frame 1403636654.0135555
Dropping frame 1403636654.1635556
Dropping frame 1403636654.3135555
Dropping frame 1403636654.7135556
Dropping frame 1403636654.8135555
Dropping frame 1403636655.3135555
Dropping frame 1403636655.5635555
Dropping frame 1403636655.8135555
Dropping frame 1403636656.0635555
Dropping frame 1403636656.2635555
Dropping frame 1403636656.4635556
Dropping frame 1403636657.0635555
Dropping frame 1403636657.4635556
Dropping frame 1403636657.5635555
Dropping frame 1403636658.0135555
Dropping frame 1403636658.4135554
Dropping frame 1403636658.5135555
Dropping frame 1403636658.7135556
Dropping frame 1403636658.9135554
Dropping frame 1403636659.0135555
Dropping frame 1403636659.2635555
Dropping frame 1403636659.4635556
Dropping frame 1403636659.6635556
Dropping frame 1403636660.1635556
Dropping frame 1403636660.3635557
Dropping frame 1403636661.3135555
Dropping frame 1403636661.4635556
Dropping frame 1403636661.7635555
Dropping frame 1403636662.0635555
Dropping frame 1403636662.1635556
Dropping frame 1403636662.3135555
Dropping frame 1403636662.5635555
Dropping frame 1403636663.0135555
Dropping frame 1403636663.1635556
Dropping frame 1403636663.2635555
Dropping frame 1403636663.5635555
Dropping frame 1403636663.6635556
Dropping frame 1403636663.7635555
Dropping frame 1403636663.8635557
Dropping frame 1403636663.9635556
Dropping frame 1403636664.1635556
Dropping frame 1403636664.5135555
Dropping frame 1403636664.7135556
Dropping frame 1403636664.8135555
Dropping frame 1403636664.9135554
Dropping frame 1403636665.1635556
Dropping frame 1403636665.2635555
Dropping frame 1403636665.6135554
Dropping frame 1403636665.7135556
Dropping frame 1403636665.9135554
Dropping frame 1403636666.1135554
Dropping frame 1403636666.2135556
Dropping frame 1403636666.3135555
Dropping frame 1403636666.4135554
Dropping frame 1403636666.6135554
Dropping frame 1403636666.7135556
Dropping frame 1403636666.8135555
Dropping frame 1403636667.0135555
Dropping frame 1403636667.2135556
Dropping frame 1403636667.4135554
Dropping frame 1403636667.6135554
Dropping frame 1403636667.8135555
Dropping frame 1403636667.9135554
Dropping frame 1403636668.0135555
Dropping frame 1403636668.1135554
Dropping frame 1403636668.2635555
Dropping frame 1403636668.4135554
Dropping frame 1403636668.6135554
Dropping frame 1403636668.7135556
Dropping frame 1403636669.0635555
Dropping frame 1403636669.4635556
Dropping frame 1403636669.8635557
Dropping frame 1403636670.7135556
Dropping frame 1403636671.0135555
Dropping frame 1403636671.1135554
Dropping frame 1403636671.2635555
Dropping frame 1403636672.5135555
Dropping frame 1403636672.7135556
Dropping frame 1403636672.9135554
Dropping frame 1403636673.1135554
Dropping frame 1403636673.2135556
Dropping frame 1403636673.3635557
Dropping frame 1403636673.4635556
Dropping frame 1403636673.8135555
Dropping frame 1403636673.9135554
Dropping frame 1403636674.1635556
Dropping frame 1403636674.4635556
Dropping frame 1403636674.5635555
Dropping frame 1403636674.7635555
Dropping frame 1403636675.0135555
Dropping frame 1403636675.1135554
Dropping frame 1403636675.2135556
Dropping frame 1403636675.4135554
Dropping frame 1403636675.6135554
Dropping frame 1403636675.7135556
Dropping frame 1403636675.8135555
Dropping frame 1403636676.0135555
Dropping frame 1403636676.2135556
Dropping frame 1403636676.3135555
Dropping frame 1403636676.5135555
Dropping frame 1403636676.7635555
Dropping frame 1403636676.8635557
Dropping frame 1403636676.9635556
Dropping frame 1403636677.1635556
Dropping frame 1403636677.3635557
Dropping frame 1403636677.4635556
Dropping frame 1403636677.6635556
Dropping frame 1403636677.7635555
Dropping frame 1403636677.9635556
Dropping frame 1403636678.1635556
Dropping frame 1403636678.2635555
Dropping frame 1403636678.5135555
Dropping frame 1403636678.7135556
Dropping frame 1403636678.8135555
Dropping frame 1403636679.0135555
Dropping frame 1403636679.2135556
Dropping frame 1403636679.4135554
Dropping frame 1403636679.5635555
Dropping frame 1403636679.7635555
Dropping frame 1403636679.9635556
Dropping frame 1403636680.1635556
Dropping frame 1403636680.3635557
Dropping frame 1403636680.4635556
Dropping frame 1403636680.6635556
Dropping frame 1403636680.7635555
Dropping frame 1403636680.9635556
Dropping frame 1403636681.0635555
Dropping frame 1403636681.2635555
Dropping frame 1403636681.4635556
Dropping frame 1403636681.6635556
Dropping frame 1403636681.7635555
Dropping frame 1403636681.8635557
Dropping frame 1403636682.4635556
Dropping frame 1403636682.7135556
Dropping frame 1403636682.9635556
Dropping frame 1403636683.3135555
Dropping frame 1403636684.0135555
Dropping frame 1403636684.1135554
Dropping frame 1403636684.5635555
Dropping frame 1403636684.7635555
Dropping frame 1403636684.9635556
Dropping frame 1403636685.0635555
Dropping frame 1403636685.2635555
Dropping frame 1403636685.5135555
Dropping frame 1403636685.6135554
Dropping frame 1403636685.7635555
Dropping frame 1403636686.2635555
Dropping frame 1403636686.3635557
Dropping frame 1403636686.5635555
Dropping frame 1403636686.6635556
Dropping frame 1403636686.8635557
Dropping frame 1403636687.0635555
Dropping frame 1403636687.1635556
Dropping frame 1403636687.4635556
Dropping frame 1403636687.8135555
Dropping frame 1403636687.9135554
Dropping frame 1403636688.2135556
Dropping frame 1403636688.5635555
Dropping frame 1403636688.8135555
Dropping frame 1403636689.0135555
Dropping frame 1403636689.4135554
Dropping frame 1403636689.6135554
Dropping frame 1403636689.7135556
Dropping frame 1403636690.0135555
Dropping frame 1403636690.2135556
Dropping frame 1403636690.4135554
Dropping frame 1403636691.0135555
Dropping frame 1403636691.3135555
Dropping frame 1403636691.5135555
Dropping frame 1403636691.7135556
Dropping frame 1403636692.0135555
Dropping frame 1403636692.1135554
Dropping frame 1403636692.5135555
Dropping frame 1403636692.6135554
Dropping frame 1403636692.7135556
Dropping frame 1403636692.9635556
Dropping frame 1403636693.1135554
Dropping frame 1403636693.5635555
Dropping frame 1403636693.8635557
Dropping frame 1403636694.2135556
Dropping frame 1403636694.6135554
Dropping frame 1403636694.9135554
Dropping frame 1403636695.1635556
Dropping frame 1403636695.6635556
Dropping frame 1403636695.9635556
Dropping frame 1403636696.3135555
Dropping frame 1403636696.7135556
Dropping frame 1403636696.9135554
Dropping frame 1403636697.1635556
Dropping frame 1403636697.5135555
Dropping frame 1403636697.7635555
Dropping frame 1403636698.1135554
Dropping frame 1403636698.3635557
Dropping frame 1403636698.5635555
Dropping frame 1403636698.6635556
Dropping frame 1403636699.0135555
Dropping frame 1403636699.3635557
Dropping frame 1403636699.5635555
Dropping frame 1403636699.7635555
Dropping frame 1403636699.8635557
Dropping frame 1403636700.1635556
Dropping frame 1403636700.6635556
Dropping frame 1403636701.0135555
Dropping frame 1403636701.6635556
Dropping frame 1403636702.2635555
Dropping frame 1403636702.5635555
Dropping frame 1403636703.0135555
Dropping frame 1403636703.2135556
Dropping frame 1403636703.4135554
Dropping frame 1403636703.5635555
Dropping frame 1403636703.7635555
Dropping frame 1403636703.9635556
Dropping frame 1403636704.2135556
Dropping frame 1403636704.4635556
Dropping frame 1403636704.5635555
Dropping frame 1403636704.8135555
Dropping frame 1403636704.9135554
Dropping frame 1403636705.0135555
Dropping frame 1403636705.3135555
Dropping frame 1403636705.5135555
Dropping frame 1403636705.6135554
Dropping frame 1403636705.8635557
Dropping frame 1403636706.0635555
Dropping frame 1403636706.2635555
Dropping frame 1403636706.4635556
Dropping frame 1403636706.7135556
Dropping frame 1403636706.8135555
Dropping frame 1403636707.0135555
Dropping frame 1403636707.1135554
Dropping frame 1403636707.3635557
Dropping frame 1403636707.5635555
Dropping frame 1403636707.6635556
Dropping frame 1403636707.8135555
Dropping frame 1403636707.9135554
Dropping frame 1403636708.0135555
Dropping frame 1403636708.2135556
Dropping frame 1403636708.4135554
Dropping frame 1403636708.5135555
Dropping frame 1403636708.8135555
Dropping frame 1403636708.9135554
Dropping frame 1403636709.1635556
Dropping frame 1403636709.5135555
Dropping frame 1403636709.8135555
Dropping frame 1403636709.9135554
Dropping frame 1403636710.1635556
Dropping frame 1403636710.5135555
Dropping frame 1403636710.6135554
Dropping frame 1403636710.7135556
Dropping frame 1403636711.0135555
Dropping frame 1403636711.2135556
Dropping frame 1403636711.3135555
Dropping frame 1403636711.5135555
Dropping frame 1403636711.6135554
Dropping frame 1403636711.7135556
Dropping frame 1403636711.8635557
Dropping frame 1403636711.9635556
Dropping frame 1403636712.0635555
Dropping frame 1403636712.1635556
Dropping frame 1403636712.2635555
Dropping frame 1403636712.4135554
Dropping frame 1403636712.6135554
Dropping frame 1403636712.7135556
Dropping frame 1403636712.8135555
Dropping frame 1403636712.9135554
Dropping frame 1403636713.0135555
Dropping frame 1403636713.1135554
Dropping frame 1403636713.2635555
Dropping frame 1403636713.3635557
Dropping frame 1403636713.4635556
Dropping frame 1403636713.7135556
Dropping frame 1403636714.0135555
Dropping frame 1403636714.1135554
Dropping frame 1403636714.2135556
Dropping frame 1403636714.6635556
Dropping frame 1403636714.8635557
Dropping frame 1403636714.9635556
Dropping frame 1403636715.1635556
Dropping frame 1403636715.3635557
Dropping frame 1403636715.4635556
Dropping frame 1403636715.5635555
Dropping frame 1403636715.6635556
Dropping frame 1403636715.7635555
Dropping frame 1403636715.8635557
Dropping frame 1403636716.0635555
Dropping frame 1403636716.2635555
Dropping frame 1403636716.3635557
Dropping frame 1403636716.4635556
Dropping frame 1403636716.7135556
Dropping frame 1403636716.8135555
Dropping frame 1403636716.9135554
Dropping frame 1403636717.0635555
Dropping frame 1403636717.2635555
Dropping frame 1403636717.4635556
Dropping frame 1403636717.5635555
Dropping frame 1403636717.6635556
Dropping frame 1403636717.8635557
Dropping frame 1403636717.9635556
Dropping frame 1403636718.0635555
Dropping frame 1403636718.1635556
Dropping frame 1403636718.3635557
Dropping frame 1403636718.5635555
Dropping frame 1403636718.7635555
Dropping frame 1403636718.8635557
Dropping frame 1403636718.9635556
Dropping frame 1403636719.1635556
Dropping frame 1403636719.2635555
Dropping frame 1403636719.3635557
Dropping frame 1403636719.5635555
Dropping frame 1403636719.7635555
Dropping frame 1403636719.9635556
Dropping frame 1403636720.0635555
Dropping frame 1403636720.1635556
Dropping frame 1403636720.3635557
Dropping frame 1403636720.4635556
Dropping frame 1403636720.7135556
Dropping frame 1403636720.9135554
Dropping frame 1403636721.0135555
Dropping frame 1403636721.1135554
Dropping frame 1403636721.3135555
Dropping frame 1403636721.4135554
Dropping frame 1403636721.5135555
Dropping frame 1403636721.6135554
Dropping frame 1403636721.8135555
Dropping frame 1403636722.0135555
Dropping frame 1403636722.2135556
Dropping frame 1403636722.3135555
Dropping frame 1403636722.4135554
Dropping frame 1403636722.6135554
Dropping frame 1403636722.7135556
Dropping frame 1403636722.8135555
Dropping frame 1403636723.0135555
Dropping frame 1403636723.2135556
Dropping frame 1403636723.3135555
Dropping frame 1403636723.4135554
Dropping frame 1403636723.6135554
Dropping frame 1403636723.8135555
Dropping frame 1403636723.9135554
Dropping frame 1403636724.0135555
Dropping frame 1403636724.2135556
Dropping frame 1403636724.3135555
Dropping frame 1403636724.4135554
Dropping frame 1403636724.6135554
Dropping frame 1403636724.8135555
Dropping frame 1403636724.9135554
Dropping frame 1403636725.0135555
Dropping frame 1403636725.1135554
Dropping frame 1403636725.3135555
Dropping frame 1403636725.4135554
Dropping frame 1403636725.5135555
Dropping frame 1403636725.7135556
Dropping frame 1403636725.9135554
Dropping frame 1403636726.0135555
Dropping frame 1403636726.2635555
Dropping frame 1403636726.3635557
Dropping frame 1403636726.4635556
Dropping frame 1403636726.6635556
Dropping frame 1403636726.7635555
Dropping frame 1403636726.8635557
Dropping frame 1403636727.0635555
Dropping frame 1403636727.3135555
Dropping frame 1403636727.4135554
Dropping frame 1403636727.5135555
Dropping frame 1403636727.7135556
Dropping frame 1403636727.8135555
Dropping frame 1403636727.9135554
Dropping frame 1403636728.1135554
Dropping frame 1403636728.2635555
Dropping frame 1403636728.4635556
Dropping frame 1403636728.5635555
Dropping frame 1403636728.6635556
Dropping frame 1403636728.8635557
Dropping frame 1403636729.0635555
Dropping frame 1403636729.1635556
Dropping frame 1403636729.2635555
Dropping frame 1403636729.4635556
Dropping frame 1403636729.6635556
Dropping frame 1403636729.7635555
Dropping frame 1403636730.0135555
Dropping frame 1403636730.2135556
Dropping frame 1403636730.3135555
Dropping frame 1403636730.4135554
Dropping frame 1403636730.6135554
Dropping frame 1403636730.7135556
Dropping frame 1403636730.8135555
Dropping frame 1403636731.0135555
Dropping frame 1403636731.1135554
Dropping frame 1403636731.3635557
Dropping frame 1403636731.5635555
Dropping frame 1403636731.7635555
Dropping frame 1403636731.8635557
Dropping frame 1403636732.0135555
Dropping frame 1403636732.1135554
Dropping frame 1403636732.2635555
Dropping frame 1403636732.4135554
Dropping frame 1403636732.7135556
Dropping frame 1403636732.8635557
Dropping frame 1403636732.9635556
Dropping frame 1403636733.1635556
Dropping frame 1403636733.2635555
Dropping frame 1403636733.3635557
Dropping frame 1403636733.4635556
Dropping frame 1403636733.6635556
Dropping frame 1403636733.7635555
Dropping frame 1403636733.8635557
Dropping frame 1403636733.9635556
Dropping frame 1403636734.2635555
Dropping frame 1403636734.3635557
Dropping frame 1403636734.4635556
Dropping frame 1403636734.5635555
Dropping frame 1403636734.8135555
Dropping frame 1403636734.9635556
Dropping frame 1403636735.0635555
Dropping frame 1403636735.3635557
Dropping frame 1403636735.5635555
Dropping frame 1403636735.6635556
Dropping frame 1403636735.7635555
Dropping frame 1403636735.8635557
Dropping frame 1403636735.9635556
Dropping frame 1403636736.0635555
Dropping frame 1403636736.1635556
Dropping frame 1403636736.6635556
Dropping frame 1403636736.7635555
Dropping frame 1403636736.8635557
Dropping frame 1403636737.0635555
Dropping frame 1403636737.2635555
Dropping frame 1403636737.3635557
Dropping frame 1403636737.4635556
Dropping frame 1403636737.6635556
Dropping frame 1403636737.7635555
Dropping frame 1403636737.8635557
Dropping frame 1403636738.1135554
Dropping frame 1403636738.3135555
Dropping frame 1403636738.4135554
Dropping frame 1403636738.6135554
Dropping frame 1403636738.7135556
Dropping frame 1403636738.9135554
Dropping frame 1403636739.0135555
Dropping frame 1403636739.3635557
Dropping frame 1403636739.5635555
Dropping frame 1403636739.6635556
Dropping frame 1403636739.9135554
Dropping frame 1403636740.1135554
Dropping frame 1403636740.4135554
Dropping frame 1403636740.5635555
Dropping frame 1403636740.7635555
Dropping frame 1403636740.9635556
Dropping frame 1403636741.0635555
Dropping frame 1403636741.1635556
Dropping frame 1403636741.3135555
Dropping frame 1403636741.5135555
Dropping frame 1403636741.6135554
Dropping frame 1403636741.8135555
Dropping frame 1403636741.9135554
Dropping frame 1403636742.1135554
Dropping frame 1403636742.3135555
Dropping frame 1403636742.4135554
Dropping frame 1403636742.5135555
Dropping frame 1403636742.8135555
Dropping frame 1403636742.9135554
Dropping frame 1403636743.1135554
Dropping frame 1403636743.2135556
Dropping frame 1403636743.4135554
Dropping frame 1403636743.5635555
Dropping frame 1403636743.6635556
Dropping frame 1403636743.8635557
Dropping frame 1403636743.9635556
Dropping frame 1403636744.2135556
Dropping frame 1403636744.3135555
Dropping frame 1403636744.4135554
Dropping frame 1403636744.5135555
Dropping frame 1403636744.6635556
Dropping frame 1403636745.1635556
Dropping frame 1403636745.3635557
Dropping frame 1403636745.5135555
Dropping frame 1403636745.6635556
Dropping frame 1403636745.8635557
Dropping frame 1403636745.9635556
Dropping frame 1403636746.0635555
Dropping frame 1403636746.2635555
Dropping frame 1403636746.3635557
Dropping frame 1403636746.4635556
Dropping frame 1403636747.3135555
Dropping frame 1403636747.4135554
Dropping frame 1403636747.6135554
Dropping frame 1403636747.8135555
Dropping frame 1403636747.9635556
Dropping frame 1403636748.1635556
Dropping frame 1403636748.4635556
Dropping frame 1403636748.6135554
Dropping frame 1403636748.7635555
Dropping frame 1403636748.9635556
Dropping frame 1403636749.1635556
Dropping frame 1403636749.2635555
Dropping frame 1403636749.4135554
Dropping frame 1403636749.5135555
Dropping frame 1403636749.9635556
Dropping frame 1403636750.1635556
Dropping frame 1403636750.2635555
Dropping frame 1403636750.3635557
Dropping frame 1403636750.4635556
Dropping frame 1403636750.6635556
Dropping frame 1403636750.7635555
Dropping frame 1403636750.9635556
Dropping frame 1403636751.0635555
Dropping frame 1403636751.1635556
Dropping frame 1403636751.3135555
Dropping frame 1403636751.6635556
Dropping frame 1403636751.7635555
Dropping frame 1403636751.8635557
Dropping frame 1403636752.0135555
Dropping frame 1403636752.2135556
Dropping frame 1403636752.3135555
Dropping frame 1403636752.5635555
Dropping frame 1403636752.7635555
Dropping frame 1403636752.8635557
Dropping frame 1403636753.0635555
Dropping frame 1403636753.1635556
Dropping frame 1403636753.2635555
Dropping frame 1403636753.4635556
Dropping frame 1403636753.5635555
Dropping frame 1403636753.6635556
Dropping frame 1403636753.9635556
Dropping frame 1403636754.0635555
Dropping frame 1403636754.1635556
Dropping frame 1403636754.2635555
Dropping frame 1403636754.4635556
Dropping frame 1403636754.5635555
Dropping frame 1403636754.9635556
Dropping frame 1403636755.1635556
Dropping frame 1403636755.2635555
Dropping frame 1403636755.3635557
Dropping frame 1403636755.4635556
Dropping frame 1403636755.5635555
Dropping frame 1403636755.7635555
Dropping frame 1403636755.8635557
Dropping frame 1403636755.9635556
Dropping frame 1403636756.0635555
Dropping frame 1403636756.1635556
Dropping frame 1403636756.2635555
Dropping frame 1403636756.4635556
Dropping frame 1403636756.5635555
Dropping frame 1403636756.6635556
Dropping frame 1403636756.7635555
Dropping frame 1403636756.8635557
Dropping frame 1403636756.9635556
Dropping frame 1403636757.0635555
Dropping frame 1403636757.2635555
Dropping frame 1403636757.3635557
Dropping frame 1403636757.6135554
Dropping frame 1403636757.7135556
Dropping frame 1403636757.8135555
Dropping frame 1403636757.9135554
Dropping frame 1403636758.3135555
Dropping frame 1403636758.5635555
Dropping frame 1403636758.6635556
Dropping frame 1403636758.7635555
Dropping frame 1403636758.8635557
Dropping frame 1403636759.0635555
Dropping frame 1403636759.1635556
Dropping frame 1403636759.2635555
Dropping frame 1403636759.3635557
Dropping frame 1403636759.4635556
Dropping frame 1403636759.5635555
Dropping frame 1403636759.7635555
Dropping frame 1403636759.8635557
Dropping frame 1403636759.9635556
Dropping frame 1403636760.0635555
Dropping frame 1403636760.2635555
Dropping frame 1403636760.3635557
Dropping frame 1403636760.4635556
Dropping frame 1403636760.6635556
Dropping frame 1403636760.8635557
Dropping frame 1403636760.9635556
Dropping frame 1403636761.0635555
Dropping frame 1403636761.1635556
Dropping frame 1403636761.2635555
Dropping frame 1403636761.3635557
Dropping frame 1403636761.5635555
Dropping frame 1403636761.6635556
Dropping frame 1403636761.7635555
Dropping frame 1403636761.8635557
Dropping frame 1403636761.9635556
Dropping frame 1403636762.0635555
Dropping frame 1403636762.2635555
Dropping frame 1403636762.3635557
Dropping frame 1403636762.4635556
Dropping frame 1403636762.6635556
Dropping frame 1403636762.7635555
Dropping frame 1403636762.8635557
Dropping frame 1403636763.0635555
Dropping frame 1403636763.2635555
Dropping frame 1403636763.3635557
Dropping frame 1403636763.4635556
Dropping frame 1403636763.5635555
Dropping frame 1403636763.6635556
Shutdown
SLAM Finished at System Time: 1740841732.72707

 TIME STATS in ms (mean$\pm$std)
OpenCV version: 4.8.1
---------------------------
Tracking

ORB Extraction: 18.704$\pm$1.7966
Stereo Matching: 7.2495$\pm$1.8617
IMU Preintegration: 0.26401$\pm$0.098967
Pose Prediction: 0.21213$\pm$0.5957
LM Track: 20.671$\pm$6.0285
New KF decision: 1.0908$\pm$2.0378
Total Tracking: 33.664$\pm$26.622



Local Mapping

KF Insertion: 18.495$\pm$7.5716
MP Culling: 0.51789$\pm$0.20068
MP Creation: 51.375$\pm$16.236
LBA: 166.49$\pm$55.948
KF Culling: 18.608$\pm$11.548
Total Local Mapping: 255.52$\pm$80.834
---------------------------

LBA complexity (mean$\pm$std)
LBA Edges: 1996.5$\pm$821.57
LBA KF optimized: 6.5$\pm$2.2913
LBA KF fixed: 1$\pm$0
LBA MP: nan$\pm$nan

LBA executions: 542
LBA aborts: 0
---------------------------

Map complexity
KFs in map: 138
MPs in map: 10817
---------------------------

Place Recognition (mean$\pm$std)
Database Query: 1.6911$\pm$1.0032
SE3 estimation: 14.28$\pm$17.62
Total Place Recognition: 14.477$\pm$18.029


Loop Closing (mean$\pm$std)
Loop Fusion: nan$\pm$nan
Essential Graph: nan$\pm$nan
Total Loop Closing: nan$\pm$nan

Num exec: 0
Number of KFs: nan$\pm$nan

Map Merging (mean$\pm$std)
Merge Maps: nan$\pm$nan
Welding BA: nan$\pm$nan
Optimization Ess.: nan$\pm$nan
Total Map Merging: nan$\pm$nan

Num exec: 0
Number of KFs: nan$\pm$nan
Number of MPs: nan$\pm$nan

Full GBA (mean$\pm$std)
GBA: nan$\pm$nan
Map Update: nan$\pm$nan
Total Full GBA: nan$\pm$nan

Num exec: 0
Num abort: 0
Number of KFs: nan$\pm$nan
Number of MPs: nan$\pm$nan

Saving trajectory to f_dataset-MH01_stereo_imu.txt ...
There are 1 maps in the atlas
  Map 0 has 138 KFs

End of saving trajectory to f_dataset-MH01_stereo_imu.txt ...

Saving keyframe trajectory to kf_dataset-MH01_stereo_imu.txt ...
