num_seq = 1
file name: dataset-V101_stereo_imu
Loading images for sequence 0...LOADED!
Loading IMU for sequence 0...LOADED!

-------

ORB-SLAM3 Copyright (C) 2017-2020 Carlos Campos, Richard Elvira, Juan J. Gómez, José M.M. Montiel and Juan D. Tardós, University of Zaragoza.
ORB-SLAM2 Copyright (C) 2014-2016 Raúl Mur-Artal, José M.M. Montiel and Juan D. Tardós, University of Zaragoza.
This program comes with ABSOLUTELY NO WARRANTY;
This is free software, and you are welcome to redistribute it
under certain conditions. See LICENSE.txt.

Built with REGISTER_TIMES
Git Commit Hash: 33f00b6

Build Type: Release

Compiled with C++ version: 201703

Input sensor was set to: Stereo-Inertial
Loading settings from EuRoC_fov_deadlines_mask_3x3.yaml
	-Loaded camera 1
	-Loaded camera 2
	-Loaded image info
	-Loaded IMU calibration
	-Loaded ORB settings
	-Loaded viewer settings
	-Loaded Atlas settings
Deadlines enabled, will skip frames!
FOV enabled
Static mask size: 3x3
Dumping map points enabled
	-Loaded misc parameters
	-Computed rectification maps
----------------------------------
SLAM settings: 
	-Camera 1 parameters (Pinhole): [ 458.65399169921875 457.29598999023438 367.21499633789062 248.375 ]
	-Camera 1 distortion parameters: [  -0.28340810537338257 0.073959067463874817 0.00019359000725671649 1.7618711353861727e-05 ]
	-Camera 2 parameters (Pinhole: [ 457.58700561523438 456.13400268554688 379.99899291992188 255.23800659179688 ]
	-Camera 1 distortion parameters: [  -0.2836836576461792 0.074512839317321777 -0.00010473000293131918 -3.555907096597366e-05 ]
	-Original image size: [ 752 , 480 ]
	-Current image size: [ 752 , 480 ]
	-Camera 1 parameters after rectification: [  456.71499633789062 456.71499633789062 364.52615356445312 257.268798828125 ]
	-Sequence FPS: 20
	-Stereo baseline: 0.11007784307003021
	-Stereo depth threshold : 60
	-Gyro noise: 0.00016999999934341758
	-Accelerometer noise: 0.0020000000949949026
	-Gyro walk: 1.9392999092815444e-05
	-Accelerometer walk: 0.0030000000260770321
	-IMU frequency: 200
	-Features per image: 1200
	-ORB scale factor: 1.2000000476837158
	-ORB number of scales: 8
	-Initial FAST threshold: 20
	-Min FAST threshold: 7


Loading ORB Vocabulary. This could take a while...
Vocabulary loaded!

Initialization of Atlas from scratch 
Creation of new map with id: 0
Creation of new map with last KF id: 0
Seq. Name: 
There are 1 cameras in the atlas
Camera 0 is pinhole
SLAM Started at System Time: 1746984982.63828
not IMU meas
not IMU meas
not enough acceleration
not enough acceleration
not enough acceleration
not enough acceleration
not enough acceleration
not enough acceleration
not enough acceleration
not enough acceleration
not enough acceleration
not enough acceleration
not enough acceleration
not enough acceleration
not enough acceleration
not enough acceleration
not enough acceleration
not enough acceleration
not enough acceleration
not enough acceleration
not enough acceleration
not enough acceleration
not enough acceleration
not enough acceleration
not enough acceleration
not enough acceleration
not enough acceleration
not enough acceleration
not enough acceleration
not enough acceleration
not enough acceleration
not enough acceleration
not enough acceleration
not enough acceleration
not enough acceleration
not enough acceleration
not enough acceleration
not enough acceleration
not enough acceleration
not enough acceleration
not enough acceleration
not enough acceleration
not enough acceleration
not enough acceleration
not enough acceleration
not enough acceleration
not enough acceleration
not enough acceleration
not enough acceleration
not enough acceleration
not enough acceleration
not enough acceleration
not enough acceleration
not enough acceleration
not enough acceleration
not enough acceleration
not enough acceleration
not enough acceleration
not enough acceleration
not enough acceleration
not enough acceleration
not enough acceleration
not enough acceleration
not enough acceleration
not enough acceleration
not enough acceleration
not enough acceleration
not enough acceleration
not enough acceleration
not enough acceleration
not enough acceleration
not enough acceleration
not enough acceleration
not enough acceleration
not enough acceleration
not enough acceleration
not enough acceleration
not enough acceleration
not enough acceleration
not enough acceleration
not enough acceleration
not enough acceleration
not enough acceleration
not enough acceleration
not enough acceleration
not enough acceleration
not enough acceleration
not enough acceleration
not enough acceleration
not enough acceleration
not enough acceleration
not enough acceleration
not enough acceleration
not enough acceleration
not enough acceleration
not enough acceleration
not enough acceleration
not enough acceleration
not enough acceleration
not enough acceleration
not enough acceleration
not enough acceleration
not enough acceleration
First KF:0; Map init KF:0
New Map created with 649 points
Active map: 0
Dropping frame 1403715278.4621429
Dropping frame 1403715278.662143
Dropping frame 1403715281.7621429
Dropping frame 1403715282.162143
Dropping frame 1403715282.412143
Dropping frame 1403715282.5121431
Dropping frame 1403715282.7621429
Dropping frame 1403715282.912143
Dropping frame 1403715283.162143
Dropping frame 1403715283.362143
start VIBA 1
end VIBA 1
Dropping frame 1403715284.4621429
Dropping frame 1403715284.912143
Dropping frame 1403715285.4621429
Dropping frame 1403715285.7621429
Dropping frame 1403715286.3121431
Dropping frame 1403715286.412143
Dropping frame 1403715286.862143
Dropping frame 1403715287.412143
Dropping frame 1403715287.5121431
Dropping frame 1403715287.612143
Dropping frame 1403715288.162143
Dropping frame 1403715288.362143
Dropping frame 1403715288.4621429
Dropping frame 1403715288.5621431
Dropping frame 1403715289.0121431
Dropping frame 1403715289.112143
Dropping frame 1403715289.2121432
Dropping frame 1403715289.412143
Dropping frame 1403715289.8121431
Dropping frame 1403715290.162143
Dropping frame 1403715290.2621429
Dropping frame 1403715290.362143
Dropping frame 1403715290.4621429
Dropping frame 1403715290.5621431
Dropping frame 1403715290.662143
Dropping frame 1403715290.7621429
Dropping frame 1403715291.112143
Dropping frame 1403715291.2121432
Dropping frame 1403715291.4621429
Dropping frame 1403715291.662143
Dropping frame 1403715292.5121431
Dropping frame 1403715292.9621429
Dropping frame 1403715293.5621431
start VIBA 2
Dropping frame 1403715294.0621431
end VIBA 2
Dropping frame 1403715294.412143
Dropping frame 1403715294.912143
Dropping frame 1403715295.362143
Dropping frame 1403715295.912143
Dropping frame 1403715297.0621431
Dropping frame 1403715297.912143
Dropping frame 1403715298.3121431
Dropping frame 1403715298.5621431
Dropping frame 1403715299.362143
Dropping frame 1403715299.7621429
Dropping frame 1403715300.0121431
Dropping frame 1403715301.612143
Dropping frame 1403715302.162143
Dropping frame 1403715303.2121432
Dropping frame 1403715304.7621429
Dropping frame 1403715305.0621431
Dropping frame 1403715305.162143
Dropping frame 1403715305.2621429
Dropping frame 1403715305.662143
Dropping frame 1403715306.0621431
Dropping frame 1403715306.162143
Dropping frame 1403715306.662143
Dropping frame 1403715307.2121432
Dropping frame 1403715307.862143
Dropping frame 1403715307.9621429
Dropping frame 1403715308.0621431
Dropping frame 1403715308.612143
Dropping frame 1403715308.7121432
Dropping frame 1403715309.2121432
Dropping frame 1403715309.5621431
Dropping frame 1403715309.912143
Dropping frame 1403715310.0121431
Dropping frame 1403715312.112143
Dropping frame 1403715312.3121431
Dropping frame 1403715313.412143
Dropping frame 1403715313.612143
Dropping frame 1403715314.662143
Dropping frame 1403715315.412143
Dropping frame 1403715315.612143
Dropping frame 1403715315.8121431
Dropping frame 1403715315.912143
Dropping frame 1403715316.0121431
Dropping frame 1403715316.2621429
Dropping frame 1403715316.612143
Dropping frame 1403715316.8121431
Dropping frame 1403715316.912143
Dropping frame 1403715317.0121431
Dropping frame 1403715317.112143
Dropping frame 1403715317.5621431
Dropping frame 1403715317.662143
Dropping frame 1403715318.0621431
Dropping frame 1403715318.5121431
Dropping frame 1403715318.7121432
Dropping frame 1403715322.5621431
Dropping frame 1403715327.8121431
Dropping frame 1403715328.412143
Dropping frame 1403715329.2621429
Dropping frame 1403715329.8121431
Dropping frame 1403715329.912143
Dropping frame 1403715330.412143
Dropping frame 1403715330.5121431
Dropping frame 1403715331.0121431
Dropping frame 1403715331.5621431
Dropping frame 1403715331.9621429
Dropping frame 1403715332.2121432
Dropping frame 1403715341.3121431
Dropping frame 1403715342.5621431
Dropping frame 1403715344.9621429
Dropping frame 1403715352.5121431
Dropping frame 1403715353.0621431
Dropping frame 1403715353.612143
Dropping frame 1403715353.9621429
Dropping frame 1403715357.4621429
Dropping frame 1403715360.412143
Dropping frame 1403715361.4621429
Dropping frame 1403715361.862143
Dropping frame 1403715362.2121432
Dropping frame 1403715362.7121432
Dropping frame 1403715363.7121432
Dropping frame 1403715364.0121431
Dropping frame 1403715364.4621429
Dropping frame 1403715364.5621431
Dropping frame 1403715365.162143
Dropping frame 1403715365.2621429
Dropping frame 1403715366.362143
Dropping frame 1403715366.7621429
Dropping frame 1403715367.3121431
Dropping frame 1403715377.112143
Dropping frame 1403715377.412143
Dropping frame 1403715377.612143
Dropping frame 1403715377.862143
Dropping frame 1403715378.362143
Dropping frame 1403715378.5621431
Dropping frame 1403715379.612143
Dropping frame 1403715379.8121431
Dropping frame 1403715379.912143
Dropping frame 1403715380.0621431
Dropping frame 1403715380.2121432
Dropping frame 1403715380.4621429
Dropping frame 1403715380.5621431
Dropping frame 1403715380.662143
Dropping frame 1403715380.7621429
Dropping frame 1403715380.9621429
Dropping frame 1403715381.112143
Dropping frame 1403715381.362143
Dropping frame 1403715381.4621429
Dropping frame 1403715381.5621431
Dropping frame 1403715381.662143
Dropping frame 1403715381.8121431
Dropping frame 1403715382.3121431
Dropping frame 1403715382.612143
Dropping frame 1403715382.912143
Dropping frame 1403715383.112143
Dropping frame 1403715383.2621429
Dropping frame 1403715383.362143
Dropping frame 1403715383.612143
Dropping frame 1403715383.912143
Dropping frame 1403715384.0121431
Dropping frame 1403715384.3121431
Dropping frame 1403715384.662143
Dropping frame 1403715385.0121431
Dropping frame 1403715385.362143
Dropping frame 1403715386.0121431
Dropping frame 1403715386.362143
Dropping frame 1403715386.662143
Dropping frame 1403715387.0621431
Dropping frame 1403715391.862143
Dropping frame 1403715397.612143
Dropping frame 1403715397.8121431
Dropping frame 1403715398.0121431
Dropping frame 1403715398.112143
Dropping frame 1403715398.3121431
Dropping frame 1403715398.4621429
Dropping frame 1403715398.5621431
Dropping frame 1403715398.662143
Dropping frame 1403715398.7621429
Dropping frame 1403715399.112143
Dropping frame 1403715399.2121432
Dropping frame 1403715399.3121431
Dropping frame 1403715399.412143
Dropping frame 1403715399.662143
Dropping frame 1403715400.0621431
Dropping frame 1403715400.162143
Dropping frame 1403715400.412143
Dropping frame 1403715400.5121431
Dropping frame 1403715400.7121432
Dropping frame 1403715400.912143
Dropping frame 1403715401.0121431
Dropping frame 1403715401.112143
Dropping frame 1403715401.2121432
Dropping frame 1403715401.412143
Dropping frame 1403715401.5121431
Dropping frame 1403715401.612143
Dropping frame 1403715401.912143
Dropping frame 1403715402.112143
Dropping frame 1403715403.112143
Dropping frame 1403715403.362143
Dropping frame 1403715403.4621429
Dropping frame 1403715403.612143
Dropping frame 1403715403.912143
Dropping frame 1403715404.0121431
Dropping frame 1403715404.112143
Dropping frame 1403715404.2121432
Dropping frame 1403715404.4621429
Dropping frame 1403715404.862143
Dropping frame 1403715404.9621429
Dropping frame 1403715405.162143
Dropping frame 1403715405.412143
Dropping frame 1403715405.5121431
Dropping frame 1403715405.862143
Dropping frame 1403715405.9621429
Dropping frame 1403715406.2121432
Dropping frame 1403715406.4621429
Dropping frame 1403715406.5621431
Dropping frame 1403715406.8121431
Dropping frame 1403715406.912143
Dropping frame 1403715407.0121431
Dropping frame 1403715407.162143
Dropping frame 1403715407.2621429
Dropping frame 1403715407.612143
Dropping frame 1403715407.7621429
Dropping frame 1403715408.3121431
Dropping frame 1403715408.662143
Dropping frame 1403715409.0121431
Dropping frame 1403715409.362143
Dropping frame 1403715409.7121432
Dropping frame 1403715409.912143
Dropping frame 1403715410.112143
Dropping frame 1403715410.5121431
Dropping frame 1403715410.862143
Dropping frame 1403715410.9621429
Dropping frame 1403715411.362143
Dropping frame 1403715411.7621429
Dropping frame 1403715412.362143
Dropping frame 1403715412.612143
Dropping frame 1403715414.9621429
Dropping frame 1403715415.5121431
Dropping frame 1403715415.912143
Dropping frame 1403715416.9621429
Dropping frame 1403715417.5121431
Dropping frame 1403715418.0121431
Dropping frame 1403715418.5621431
Shutdown
SLAM Finished at System Time: 1746985151.27129

 TIME STATS in ms (mean$\pm$std)
OpenCV version: 4.8.1
---------------------------
Tracking

ORB Extraction: 11.931$\pm$1.8969
Stereo Matching: 6.338$\pm$2.4729
IMU Preintegration: 0.24663$\pm$0.10838
Pose Prediction: 0.25635$\pm$1.0523
LM Track: 17.172$\pm$4.3288
New KF decision: 1.2047$\pm$2.4013
Total Tracking: 34.853$\pm$16.789



Local Mapping

KF Insertion: 9.3313$\pm$4.6151
MP Culling: 0.42361$\pm$0.25377
MP Creation: 35.842$\pm$18.189
LBA: 122.8$\pm$53.599
KF Culling: 16.494$\pm$9.7149
Total Local Mapping: 185.36$\pm$74.129
---------------------------

LBA complexity (mean$\pm$std)
LBA Edges: 2502.5$\pm$655.27
LBA KF optimized: 6.5$\pm$2.2913
LBA KF fixed: 1$\pm$0
LBA MP: nan$\pm$nan

LBA executions: 516
LBA aborts: 0
---------------------------

Map complexity
KFs in map: 168
MPs in map: 12890
---------------------------

Place Recognition (mean$\pm$std)
Database Query: 0.86059$\pm$0.50333
SE3 estimation: 9.5321$\pm$10.068
Total Place Recognition: 9.7449$\pm$10.322


Loop Closing (mean$\pm$std)
Loop Fusion: nan$\pm$nan
Essential Graph: nan$\pm$nan
Total Loop Closing: nan$\pm$nan

Num exec: 0
Number of KFs: nan$\pm$nan

Map Merging (mean$\pm$std)
Merge Maps: nan$\pm$nan
Welding BA: nan$\pm$nan
Optimization Ess.: nan$\pm$nan
Total Map Merging: nan$\pm$nan

Num exec: 0
Number of KFs: nan$\pm$nan
Number of MPs: nan$\pm$nan

Full GBA (mean$\pm$std)
GBA: nan$\pm$nan
Map Update: nan$\pm$nan
Total Full GBA: nan$\pm$nan

Num exec: 0
Num abort: 0
Number of KFs: nan$\pm$nan
Number of MPs: nan$\pm$nan

Saving trajectory to f_dataset-V101_stereo_imu.txt ...
There are 1 maps in the atlas
  Map 0 has 168 KFs

End of saving trajectory to f_dataset-V101_stereo_imu.txt ...

Saving keyframe trajectory to kf_dataset-V101_stereo_imu.txt ...
