num_seq = 1
file name: dataset-MH03_stereo_imu
Loading images for sequence 0...LOADED!
Loading IMU for sequence 0...LOADED!

-------

ORB-SLAM3 Copyright (C) 2017-2020 Carlos Campos, Richard Elvira, Juan J. Gómez, José M.M. Montiel and Juan D. Tardós, University of Zaragoza.
ORB-SLAM2 Copyright (C) 2014-2016 Raúl Mur-Artal, José M.M. Montiel and Juan D. Tardós, University of Zaragoza.
This program comes with ABSOLUTELY NO WARRANTY;
This is free software, and you are welcome to redistribute it
under certain conditions. See LICENSE.txt.

Built with REGISTER_TIMES
Git Commit Hash: 2d47524

Build Type: Release

Compiled with C++ version: 201703

Input sensor was set to: Stereo-Inertial
Loading settings from EuRoC_fov_deadlines_mask_12x12.yaml
	-Loaded camera 1
	-Loaded camera 2
	-Loaded image info
	-Loaded IMU calibration
	-Loaded ORB settings
	-Loaded viewer settings
	-Loaded Atlas settings
Deadlines enabled, will skip frames!
FOV enabled
Static mask size: 12x12
Dumping map points enabled
	-Loaded misc parameters
	-Computed rectification maps
----------------------------------
SLAM settings: 
	-Camera 1 parameters (Pinhole): [ 458.65399169921875 457.29598999023438 367.21499633789062 248.375 ]
	-Camera 1 distortion parameters: [  -0.28340810537338257 0.073959067463874817 0.00019359000725671649 1.7618711353861727e-05 ]
	-Camera 2 parameters (Pinhole: [ 457.58700561523438 456.13400268554688 379.99899291992188 255.23800659179688 ]
	-Camera 1 distortion parameters: [  -0.2836836576461792 0.074512839317321777 -0.00010473000293131918 -3.555907096597366e-05 ]
	-Original image size: [ 752 , 480 ]
	-Current image size: [ 752 , 480 ]
	-Camera 1 parameters after rectification: [  456.71499633789062 456.71499633789062 364.52615356445312 257.268798828125 ]
	-Sequence FPS: 20
	-Stereo baseline: 0.11007784307003021
	-Stereo depth threshold : 60
	-Gyro noise: 0.00016999999934341758
	-Accelerometer noise: 0.0020000000949949026
	-Gyro walk: 1.9392999092815444e-05
	-Accelerometer walk: 0.0030000000260770321
	-IMU frequency: 200
	-Features per image: 1200
	-ORB scale factor: 1.2000000476837158
	-ORB number of scales: 8
	-Initial FAST threshold: 20
	-Min FAST threshold: 7


Loading ORB Vocabulary. This could take a while...
Vocabulary loaded!

Initialization of Atlas from scratch 
Creation of new map with id: 0
Creation of new map with last KF id: 0
Seq. Name: 
There are 1 cameras in the atlas
Camera 0 is pinhole
SLAM Started at System Time: 1740886960.42456
not IMU meas
not IMU meas
not enough acceleration
not enough acceleration
First KF:0; Map init KF:0
New Map created with 250 points
Active map: 0
Dropping frame 1403637130.8383191
Not enough motion for initializing. Reseting...
TRACK: Reset map because local mapper set the bad imu flag 
LM: Reseting current map in Local Mapping...
LM: End reseting Local Mapping...
LM: Reset free the mutex
LM: Active map reset recieved
LM: Active map reset, waiting...
LM: Reseting current map in Local Mapping...
LM: End reseting Local Mapping...
LM: Reset free the mutex
LM: Active map reset, Done!!!
mnFirstFrameId = 4
mnInitialFrameId = 0
50 Frames set to lost
not IMU meas
not enough acceleration
First KF:11; Map init KF:0
New Map created with 284 points
Active map: 0
Dropping frame 1403637134.188319
Dropping frame 1403637134.2883189
Dropping frame 1403637134.688319
Dropping frame 1403637134.8383191
Dropping frame 1403637135.0383191
Dropping frame 1403637135.4883189
Dropping frame 1403637135.7883189
Dropping frame 1403637136.3383191
Dropping frame 1403637136.4383192
Dropping frame 1403637136.5383191
Dropping frame 1403637136.8383191
Dropping frame 1403637136.9383192
Dropping frame 1403637137.0383191
Dropping frame 1403637137.138319
Dropping frame 1403637137.3383191
Dropping frame 1403637137.688319
Dropping frame 1403637137.888319
Dropping frame 1403637138.2383192
Dropping frame 1403637138.4883189
start VIBA 1
end VIBA 1
Dropping frame 1403637138.8383191
Dropping frame 1403637139.0383191
Dropping frame 1403637139.138319
Dropping frame 1403637139.2383192
Dropping frame 1403637139.4383192
Dropping frame 1403637139.5383191
Dropping frame 1403637139.638319
Dropping frame 1403637139.7383192
Dropping frame 1403637140.0383191
Not enough motion for initializing. Reseting...
TRACK: Reset map because local mapper set the bad imu flag 
LM: Reseting current map in Local Mapping...
LM: End reseting Local Mapping...
LM: Reset free the mutex
LM: Active map reset recieved
LM: Active map reset, waiting...
LM: Reseting current map in Local Mapping...
LM: End reseting Local Mapping...
LM: Reset free the mutex
LM: Active map reset, Done!!!
mnFirstFrameId = 57
mnInitialFrameId = 54
155 Frames set to lost
not IMU meas
First KF:36; Map init KF:11
New Map created with 287 points
Active map: 0
Dropping frame 1403637140.3383191
Dropping frame 1403637140.7883189
Dropping frame 1403637140.888319
Dropping frame 1403637140.9883189
Dropping frame 1403637141.0883191
Dropping frame 1403637141.2883189
Dropping frame 1403637141.388319
Dropping frame 1403637141.4883189
Dropping frame 1403637141.638319
Dropping frame 1403637141.888319
Dropping frame 1403637142.0383191
Dropping frame 1403637142.2383192
Dropping frame 1403637142.5883191
Dropping frame 1403637142.888319
Dropping frame 1403637143.0883191
Not enough motion for initializing. Reseting...
TRACK: Reset map because local mapper set the bad imu flag 
LM: Reseting current map in Local Mapping...
LM: End reseting Local Mapping...
LM: Reset free the mutex
LM: Active map reset recieved
LM: Active map reset, waiting...
LM: Reseting current map in Local Mapping...
LM: End reseting Local Mapping...
LM: Reset free the mutex
LM: Active map reset, Done!!!
mnFirstFrameId = 164
mnInitialFrameId = 162
200 Frames set to lost
not IMU meas
not enough acceleration
not enough acceleration
not enough acceleration
Dropping frame 1403637143.4383192
not enough acceleration
not enough acceleration
not enough acceleration
not enough acceleration
Dropping frame 1403637143.688319
not enough acceleration
not enough acceleration
not enough acceleration
not enough acceleration
Dropping frame 1403637143.9383192
not enough acceleration
not enough acceleration
Dropping frame 1403637144.0883191
not enough acceleration
not enough acceleration
not enough acceleration
not enough acceleration
not enough acceleration
not enough acceleration
not enough acceleration
not enough acceleration
not enough acceleration
not enough acceleration
First KF:47; Map init KF:36
New Map created with 296 points
Active map: 0
Not enough motion for initializing. Reseting...
TRACK: Reset map because local mapper set the bad imu flag 
LM: Reseting current map in Local Mapping...
LM: End reseting Local Mapping...
LM: Reset free the mutex
LM: Active map reset recieved
LM: Active map reset, waiting...
LM: Reseting current map in Local Mapping...
LM: End reseting Local Mapping...
LM: Reset free the mutex
LM: Active map reset, Done!!!
mnFirstFrameId = 234
mnInitialFrameId = 209
256 Frames set to lost
not IMU meas
not enough acceleration
not enough acceleration
not enough acceleration
not enough acceleration
not enough acceleration
Dropping frame 1403637147.7883189
not enough acceleration
not enough acceleration
not enough acceleration
not enough acceleration
not enough acceleration
not enough acceleration
not enough acceleration
not enough acceleration
not enough acceleration
not enough acceleration
not enough acceleration
not enough acceleration
not enough acceleration
not enough acceleration
not enough acceleration
not enough acceleration
not enough acceleration
not enough acceleration
not enough acceleration
not enough acceleration
not enough acceleration
not enough acceleration
not enough acceleration
not enough acceleration
not enough acceleration
not enough acceleration
not enough acceleration
not enough acceleration
not enough acceleration
not enough acceleration
not enough acceleration
not enough acceleration
not enough acceleration
not enough acceleration
not enough acceleration
Dropping frame 1403637149.5883191
not enough acceleration
First KF:58; Map init KF:47
New Map created with 243 points
Active map: 0
Dropping frame 1403637154.7883189
start VIBA 1
end VIBA 1
Dropping frame 1403637155.638319
Dropping frame 1403637155.9883189
Dropping frame 1403637156.2883189
Dropping frame 1403637156.5883191
Dropping frame 1403637156.8383191
Dropping frame 1403637156.9383192
Dropping frame 1403637157.0383191
Dropping frame 1403637157.188319
Dropping frame 1403637157.2883189
Dropping frame 1403637157.388319
Dropping frame 1403637157.4883189
Dropping frame 1403637157.638319
Dropping frame 1403637157.7883189
Dropping frame 1403637157.9383192
Dropping frame 1403637158.0883191
Dropping frame 1403637158.188319
Dropping frame 1403637158.2883189
Dropping frame 1403637158.388319
Dropping frame 1403637158.4883189
Dropping frame 1403637158.638319
Dropping frame 1403637158.7883189
Dropping frame 1403637158.888319
Dropping frame 1403637158.9883189
Dropping frame 1403637159.0883191
Dropping frame 1403637159.188319
Dropping frame 1403637159.2883189
Dropping frame 1403637159.388319
Dropping frame 1403637159.5383191
Dropping frame 1403637159.638319
Dropping frame 1403637159.7383192
Dropping frame 1403637159.8383191
Dropping frame 1403637159.9383192
Dropping frame 1403637160.0383191
Dropping frame 1403637160.138319
Dropping frame 1403637160.2383192
Dropping frame 1403637160.3383191
Dropping frame 1403637160.4383192
Dropping frame 1403637160.5383191
Dropping frame 1403637160.638319
Dropping frame 1403637160.7383192
Dropping frame 1403637160.8383191
Dropping frame 1403637160.9383192
Dropping frame 1403637161.0383191
Dropping frame 1403637161.138319
Dropping frame 1403637161.2383192
Dropping frame 1403637161.3383191
Dropping frame 1403637161.4383192
Dropping frame 1403637161.5383191
Dropping frame 1403637161.638319
Dropping frame 1403637161.7383192
Dropping frame 1403637161.8383191
Dropping frame 1403637161.9383192
Dropping frame 1403637162.0383191
Dropping frame 1403637162.138319
Dropping frame 1403637162.2383192
Dropping frame 1403637162.3383191
Dropping frame 1403637162.4383192
Dropping frame 1403637162.5383191
Dropping frame 1403637162.638319
Dropping frame 1403637162.7383192
Dropping frame 1403637162.8383191
Dropping frame 1403637163.0383191
Dropping frame 1403637163.138319
Dropping frame 1403637163.2883189
Dropping frame 1403637163.388319
Dropping frame 1403637163.4883189
Dropping frame 1403637163.5883191
Dropping frame 1403637163.688319
Dropping frame 1403637163.7883189
Dropping frame 1403637163.888319
Dropping frame 1403637163.9883189
Dropping frame 1403637164.138319
Dropping frame 1403637164.2383192
Dropping frame 1403637164.3383191
Dropping frame 1403637164.4383192
Dropping frame 1403637164.638319
Dropping frame 1403637164.7383192
Dropping frame 1403637164.8383191
Dropping frame 1403637164.9383192
start VIBA 2
Dropping frame 1403637165.0383191
Dropping frame 1403637165.138319
end VIBA 2
Dropping frame 1403637165.3383191
Dropping frame 1403637165.4383192
Dropping frame 1403637165.5383191
Dropping frame 1403637165.688319
Dropping frame 1403637165.888319
Dropping frame 1403637165.9883189
Dropping frame 1403637166.3383191
Dropping frame 1403637166.4383192
Dropping frame 1403637166.5883191
Dropping frame 1403637166.7883189
Dropping frame 1403637166.9883189
Dropping frame 1403637167.188319
Dropping frame 1403637167.2883189
Dropping frame 1403637167.4883189
Dropping frame 1403637167.688319
Dropping frame 1403637167.888319
Dropping frame 1403637168.0883191
Dropping frame 1403637168.188319
Dropping frame 1403637168.388319
Dropping frame 1403637168.4883189
Dropping frame 1403637168.688319
Dropping frame 1403637168.7883189
Dropping frame 1403637169.3383191
Dropping frame 1403637169.5383191
Dropping frame 1403637169.7383192
Dropping frame 1403637169.9383192
Dropping frame 1403637170.0383191
Dropping frame 1403637170.2383192
Dropping frame 1403637170.3383191
Dropping frame 1403637170.5383191
Dropping frame 1403637170.7383192
Dropping frame 1403637170.9383192
Dropping frame 1403637171.138319
Dropping frame 1403637171.3383191
Dropping frame 1403637171.5383191
Dropping frame 1403637171.7383192
Dropping frame 1403637171.8383191
Dropping frame 1403637172.0383191
Dropping frame 1403637172.2383192
Dropping frame 1403637172.4383192
Dropping frame 1403637172.638319
Dropping frame 1403637172.8383191
Dropping frame 1403637173.0383191
Dropping frame 1403637173.2383192
Dropping frame 1403637173.4383192
Dropping frame 1403637173.638319
Dropping frame 1403637173.8383191
Dropping frame 1403637174.0383191
Dropping frame 1403637174.2383192
Dropping frame 1403637174.4383192
Dropping frame 1403637174.638319
Dropping frame 1403637174.8383191
Dropping frame 1403637175.0383191
Dropping frame 1403637175.2383192
Dropping frame 1403637175.4383192
Dropping frame 1403637175.638319
Dropping frame 1403637175.8383191
Dropping frame 1403637176.0383191
Dropping frame 1403637176.2383192
Dropping frame 1403637176.4383192
Dropping frame 1403637176.638319
Dropping frame 1403637176.8383191
Dropping frame 1403637177.0383191
Dropping frame 1403637177.2383192
Dropping frame 1403637177.4383192
Dropping frame 1403637177.638319
Dropping frame 1403637177.8383191
Dropping frame 1403637178.0383191
Dropping frame 1403637178.2383192
Dropping frame 1403637178.4383192
Dropping frame 1403637178.638319
Dropping frame 1403637178.7383192
Dropping frame 1403637178.8383191
Dropping frame 1403637179.0383191
Dropping frame 1403637179.2383192
Dropping frame 1403637179.4883189
Dropping frame 1403637179.688319
Dropping frame 1403637179.888319
Dropping frame 1403637180.0883191
Dropping frame 1403637180.2883189
Dropping frame 1403637180.4883189
Dropping frame 1403637180.688319
Dropping frame 1403637180.888319
Dropping frame 1403637180.9883189
Dropping frame 1403637181.188319
Dropping frame 1403637181.388319
Dropping frame 1403637181.5883191
Dropping frame 1403637181.8383191
Dropping frame 1403637182.0883191
Dropping frame 1403637182.2883189
Dropping frame 1403637182.4883189
Dropping frame 1403637182.9883189
Dropping frame 1403637183.0883191
Dropping frame 1403637183.4883189
Dropping frame 1403637184.138319
Dropping frame 1403637184.3383191
Dropping frame 1403637184.4883189
Dropping frame 1403637184.9883189
Dropping frame 1403637185.0883191
Dropping frame 1403637185.2883189
Dropping frame 1403637185.5883191
Dropping frame 1403637185.688319
Dropping frame 1403637185.9883189
Dropping frame 1403637186.2383192
Dropping frame 1403637186.4383192
Dropping frame 1403637186.5383191
Dropping frame 1403637186.7883189
Dropping frame 1403637187.0883191
Dropping frame 1403637187.388319
Dropping frame 1403637187.4883189
Dropping frame 1403637187.7383192
Dropping frame 1403637187.9383192
Dropping frame 1403637188.0383191
Dropping frame 1403637188.138319
Dropping frame 1403637188.3383191
Dropping frame 1403637188.5383191
Dropping frame 1403637188.8383191
Dropping frame 1403637189.638319
Dropping frame 1403637189.9383192
Dropping frame 1403637190.0383191
Dropping frame 1403637190.2883189
Dropping frame 1403637190.388319
Dropping frame 1403637190.638319
Dropping frame 1403637190.8383191
Dropping frame 1403637190.9383192
Dropping frame 1403637191.0383191
Dropping frame 1403637191.2383192
Dropping frame 1403637191.4383192
Dropping frame 1403637191.5383191
Dropping frame 1403637191.638319
Dropping frame 1403637191.8383191
Dropping frame 1403637192.138319
Dropping frame 1403637192.2383192
Dropping frame 1403637192.4883189
Dropping frame 1403637195.188319
Dropping frame 1403637195.4883189
Dropping frame 1403637195.5883191
Dropping frame 1403637195.8383191
Dropping frame 1403637195.9383192
Dropping frame 1403637196.188319
Dropping frame 1403637196.2883189
Dropping frame 1403637196.5883191
Dropping frame 1403637196.9383192
Dropping frame 1403637197.138319
Dropping frame 1403637197.2383192
Dropping frame 1403637197.4883189
Dropping frame 1403637197.5883191
Dropping frame 1403637197.8383191
Dropping frame 1403637197.9383192
Dropping frame 1403637198.0383191
Dropping frame 1403637198.2383192
Dropping frame 1403637198.388319
Dropping frame 1403637198.5883191
Dropping frame 1403637198.688319
Dropping frame 1403637198.7883189
Dropping frame 1403637198.9883189
Dropping frame 1403637199.0883191
Dropping frame 1403637199.188319
Dropping frame 1403637199.388319
Dropping frame 1403637199.4883189
Dropping frame 1403637199.5883191
Dropping frame 1403637199.7883189
Dropping frame 1403637199.888319
Dropping frame 1403637200.138319
Dropping frame 1403637200.2383192
Dropping frame 1403637200.3383191
Dropping frame 1403637200.5383191
Dropping frame 1403637200.638319
Dropping frame 1403637200.7383192
Dropping frame 1403637200.9383192
Dropping frame 1403637201.0383191
Dropping frame 1403637201.138319
Dropping frame 1403637201.3383191
Dropping frame 1403637201.4383192
Dropping frame 1403637201.5383191
Dropping frame 1403637201.7383192
Dropping frame 1403637201.8383191
Dropping frame 1403637201.9383192
Dropping frame 1403637202.138319
Dropping frame 1403637202.2383192
Dropping frame 1403637202.3383191
Dropping frame 1403637202.5383191
Dropping frame 1403637202.638319
Dropping frame 1403637202.7383192
Dropping frame 1403637202.9383192
Dropping frame 1403637203.0383191
Dropping frame 1403637203.138319
Dropping frame 1403637203.3383191
Dropping frame 1403637203.4383192
Dropping frame 1403637203.5383191
Dropping frame 1403637203.7383192
Dropping frame 1403637203.8383191
Dropping frame 1403637203.9383192
Dropping frame 1403637204.138319
Dropping frame 1403637204.2383192
Dropping frame 1403637204.3383191
Dropping frame 1403637204.5383191
Dropping frame 1403637204.688319
Dropping frame 1403637204.888319
Dropping frame 1403637204.9883189
Dropping frame 1403637205.0883191
Dropping frame 1403637205.2883189
Dropping frame 1403637205.388319
Dropping frame 1403637205.4883189
Dropping frame 1403637205.688319
Dropping frame 1403637205.888319
Dropping frame 1403637206.0883191
Dropping frame 1403637206.188319
Dropping frame 1403637206.2883189
Dropping frame 1403637206.4883189
Dropping frame 1403637206.5883191
Dropping frame 1403637206.688319
Dropping frame 1403637206.888319
Dropping frame 1403637206.9883189
Dropping frame 1403637207.0883191
Dropping frame 1403637207.188319
Dropping frame 1403637207.388319
Dropping frame 1403637207.4883189
Dropping frame 1403637207.7383192
Dropping frame 1403637207.8383191
Dropping frame 1403637207.9383192
Dropping frame 1403637208.138319
Dropping frame 1403637208.2383192
Dropping frame 1403637208.3383191
Dropping frame 1403637208.5383191
Dropping frame 1403637208.638319
Dropping frame 1403637208.7383192
Dropping frame 1403637208.9383192
Dropping frame 1403637209.0383191
Dropping frame 1403637209.138319
Dropping frame 1403637209.3383191
Dropping frame 1403637209.4383192
Dropping frame 1403637209.5383191
Dropping frame 1403637209.7383192
Dropping frame 1403637209.8383191
Dropping frame 1403637209.9383192
Dropping frame 1403637210.138319
Dropping frame 1403637210.3383191
Dropping frame 1403637210.4383192
Dropping frame 1403637210.5383191
Dropping frame 1403637210.7383192
Dropping frame 1403637210.8383191
Dropping frame 1403637211.0883191
Dropping frame 1403637211.188319
Dropping frame 1403637211.2883189
Dropping frame 1403637211.4883189
Dropping frame 1403637211.5883191
Dropping frame 1403637211.688319
Dropping frame 1403637211.7883189
Dropping frame 1403637211.9883189
Dropping frame 1403637212.0883191
Dropping frame 1403637212.188319
Dropping frame 1403637212.2883189
Dropping frame 1403637212.4883189
Dropping frame 1403637212.5883191
Dropping frame 1403637212.688319
Dropping frame 1403637212.888319
Dropping frame 1403637212.9883189
Dropping frame 1403637213.0883191
Dropping frame 1403637213.2883189
Dropping frame 1403637213.388319
Dropping frame 1403637213.4883189
Dropping frame 1403637213.5883191
Dropping frame 1403637213.688319
Dropping frame 1403637213.7883189
Dropping frame 1403637213.888319
Dropping frame 1403637213.9883189
Dropping frame 1403637214.0883191
Dropping frame 1403637214.2883189
Dropping frame 1403637214.4883189
Dropping frame 1403637214.5883191
Dropping frame 1403637214.688319
Dropping frame 1403637214.7883189
Dropping frame 1403637214.888319
Dropping frame 1403637214.9883189
Dropping frame 1403637215.0883191
Dropping frame 1403637215.2883189
Dropping frame 1403637215.388319
Dropping frame 1403637215.4883189
Dropping frame 1403637215.5883191
Dropping frame 1403637215.688319
Dropping frame 1403637215.7883189
Dropping frame 1403637215.888319
Dropping frame 1403637215.9883189
Dropping frame 1403637216.0883191
Dropping frame 1403637216.188319
Dropping frame 1403637216.2883189
Dropping frame 1403637216.388319
Dropping frame 1403637216.5883191
Dropping frame 1403637216.688319
Dropping frame 1403637216.7883189
Dropping frame 1403637216.9883189
Dropping frame 1403637217.0883191
Dropping frame 1403637217.2883189
Dropping frame 1403637217.388319
Dropping frame 1403637217.4883189
Dropping frame 1403637217.5883191
Dropping frame 1403637217.688319
Dropping frame 1403637217.7883189
Dropping frame 1403637217.888319
Dropping frame 1403637217.9883189
Dropping frame 1403637218.0883191
Dropping frame 1403637218.2883189
Dropping frame 1403637218.4883189
Dropping frame 1403637218.5883191
Dropping frame 1403637218.688319
Dropping frame 1403637218.888319
Dropping frame 1403637218.9883189
Dropping frame 1403637219.0883191
Dropping frame 1403637219.188319
Dropping frame 1403637219.5883191
Dropping frame 1403637219.688319
Dropping frame 1403637219.7883189
Dropping frame 1403637219.888319
Dropping frame 1403637219.9883189
Dropping frame 1403637220.188319
Dropping frame 1403637220.2883189
Dropping frame 1403637220.388319
Dropping frame 1403637220.4883189
Dropping frame 1403637220.688319
Dropping frame 1403637220.7883189
Dropping frame 1403637220.888319
Dropping frame 1403637221.0883191
Dropping frame 1403637221.3383191
Dropping frame 1403637221.4383192
Dropping frame 1403637221.5383191
Dropping frame 1403637221.7383192
Dropping frame 1403637221.8383191
Dropping frame 1403637221.9383192
Dropping frame 1403637222.0383191
Dropping frame 1403637222.138319
Dropping frame 1403637222.3383191
Dropping frame 1403637222.4383192
Dropping frame 1403637222.5383191
Dropping frame 1403637222.638319
Dropping frame 1403637222.7383192
Dropping frame 1403637222.9383192
Dropping frame 1403637223.138319
Dropping frame 1403637223.2383192
Dropping frame 1403637223.3383191
Dropping frame 1403637223.4383192
Dropping frame 1403637223.638319
Dropping frame 1403637223.7383192
Dropping frame 1403637223.8383191
Dropping frame 1403637224.0383191
Dropping frame 1403637224.2383192
Dropping frame 1403637224.4383192
Dropping frame 1403637224.5383191
Dropping frame 1403637224.638319
Dropping frame 1403637224.8383191
Dropping frame 1403637224.9383192
Dropping frame 1403637225.0383191
Dropping frame 1403637225.2383192
Dropping frame 1403637225.3383191
Dropping frame 1403637225.4383192
Dropping frame 1403637225.5383191
Dropping frame 1403637225.638319
Dropping frame 1403637225.8383191
Dropping frame 1403637225.9383192
Dropping frame 1403637226.0383191
Dropping frame 1403637226.138319
Dropping frame 1403637226.2383192
Dropping frame 1403637226.3383191
Dropping frame 1403637226.4383192
Dropping frame 1403637226.5383191
Dropping frame 1403637226.638319
Dropping frame 1403637226.7383192
Dropping frame 1403637226.9383192
Dropping frame 1403637227.0883191
Dropping frame 1403637227.2883189
Dropping frame 1403637227.388319
Dropping frame 1403637227.4883189
Dropping frame 1403637227.5883191
Dropping frame 1403637227.8383191
Dropping frame 1403637228.0383191
Dropping frame 1403637228.138319
Dropping frame 1403637228.2383192
Dropping frame 1403637228.3383191
Dropping frame 1403637228.688319
Dropping frame 1403637228.7883189
Dropping frame 1403637228.9383192
Dropping frame 1403637229.138319
Dropping frame 1403637229.2383192
Dropping frame 1403637229.3383191
Dropping frame 1403637229.5383191
Dropping frame 1403637229.7383192
Dropping frame 1403637229.9383192
Dropping frame 1403637230.0383191
Dropping frame 1403637230.138319
Dropping frame 1403637230.3383191
Dropping frame 1403637230.4383192
Dropping frame 1403637230.5383191
Dropping frame 1403637231.0383191
Dropping frame 1403637231.138319
Dropping frame 1403637231.2383192
Dropping frame 1403637231.4383192
Dropping frame 1403637231.5383191
Dropping frame 1403637231.638319
Dropping frame 1403637231.9383192
Dropping frame 1403637232.138319
Dropping frame 1403637232.2883189
Dropping frame 1403637232.5383191
Dropping frame 1403637232.638319
Dropping frame 1403637232.7383192
Dropping frame 1403637232.8383191
Dropping frame 1403637232.9383192
Dropping frame 1403637233.2383192
Dropping frame 1403637233.388319
Dropping frame 1403637233.4883189
Dropping frame 1403637234.0383191
Dropping frame 1403637234.9383192
Dropping frame 1403637235.138319
Dropping frame 1403637235.4383192
Dropping frame 1403637235.5883191
Dropping frame 1403637235.7883189
Dropping frame 1403637235.9883189
Dropping frame 1403637236.188319
Dropping frame 1403637236.4383192
Dropping frame 1403637236.638319
Dropping frame 1403637236.9883189
Dropping frame 1403637237.188319
Dropping frame 1403637237.388319
Dropping frame 1403637237.5883191
Dropping frame 1403637237.8383191
Dropping frame 1403637238.188319
Dropping frame 1403637238.2883189
Dropping frame 1403637238.5383191
Dropping frame 1403637238.7383192
Dropping frame 1403637239.0383191
Dropping frame 1403637239.2383192
Dropping frame 1403637239.4383192
Dropping frame 1403637239.638319
Dropping frame 1403637239.8383191
Dropping frame 1403637239.9383192
Dropping frame 1403637240.0383191
Dropping frame 1403637240.138319
Dropping frame 1403637240.3383191
Dropping frame 1403637240.5383191
Dropping frame 1403637240.7383192
Dropping frame 1403637240.8383191
Dropping frame 1403637240.9383192
Dropping frame 1403637241.138319
Dropping frame 1403637241.2383192
Dropping frame 1403637241.4383192
Dropping frame 1403637241.5383191
Dropping frame 1403637241.7883189
Dropping frame 1403637241.9883189
Dropping frame 1403637242.188319
Dropping frame 1403637242.4883189
Dropping frame 1403637242.688319
Dropping frame 1403637242.888319
Dropping frame 1403637242.9883189
Dropping frame 1403637243.0883191
Dropping frame 1403637243.4383192
Dropping frame 1403637243.688319
Dropping frame 1403637243.7883189
Dropping frame 1403637243.9883189
Dropping frame 1403637244.188319
Dropping frame 1403637244.3383191
Dropping frame 1403637244.4383192
Dropping frame 1403637244.638319
Dropping frame 1403637244.8383191
Dropping frame 1403637245.0383191
Dropping frame 1403637245.138319
Dropping frame 1403637245.2383192
Dropping frame 1403637245.4383192
Dropping frame 1403637245.638319
Dropping frame 1403637245.8383191
Dropping frame 1403637245.9383192
Dropping frame 1403637246.0383191
Dropping frame 1403637246.2383192
Dropping frame 1403637246.4383192
Dropping frame 1403637246.638319
Dropping frame 1403637246.7383192
Dropping frame 1403637246.8383191
Dropping frame 1403637247.0383191
Dropping frame 1403637247.2383192
Dropping frame 1403637247.4383192
Dropping frame 1403637247.5383191
Dropping frame 1403637247.638319
Dropping frame 1403637247.8383191
Dropping frame 1403637248.0383191
Dropping frame 1403637248.2383192
Dropping frame 1403637248.3383191
Dropping frame 1403637248.4383192
Dropping frame 1403637248.638319
Dropping frame 1403637248.8383191
Dropping frame 1403637249.0383191
Dropping frame 1403637249.138319
Dropping frame 1403637249.2383192
Dropping frame 1403637249.4383192
Dropping frame 1403637249.638319
Dropping frame 1403637249.8383191
Dropping frame 1403637249.9383192
Dropping frame 1403637250.0383191
Dropping frame 1403637250.2383192
Dropping frame 1403637250.4383192
Dropping frame 1403637250.638319
Dropping frame 1403637250.7383192
Dropping frame 1403637250.8383191
Dropping frame 1403637251.0383191
Dropping frame 1403637251.2383192
Dropping frame 1403637251.4383192
Dropping frame 1403637251.5383191
Dropping frame 1403637251.638319
Dropping frame 1403637251.8383191
Dropping frame 1403637252.0383191
Dropping frame 1403637252.2383192
Dropping frame 1403637252.3383191
Dropping frame 1403637252.4383192
Dropping frame 1403637252.638319
Dropping frame 1403637252.8383191
Dropping frame 1403637253.0383191
Dropping frame 1403637253.138319
Dropping frame 1403637253.2383192
Dropping frame 1403637253.4383192
Dropping frame 1403637253.5383191
Dropping frame 1403637253.7383192
Dropping frame 1403637253.8383191
Dropping frame 1403637253.9383192
Dropping frame 1403637254.138319
Dropping frame 1403637254.3383191
Dropping frame 1403637254.5383191
Dropping frame 1403637254.638319
Dropping frame 1403637254.7383192
Dropping frame 1403637254.9383192
Dropping frame 1403637255.138319
Dropping frame 1403637255.3383191
Dropping frame 1403637255.4383192
Dropping frame 1403637255.5383191
Dropping frame 1403637255.7383192
Dropping frame 1403637255.8383191
Dropping frame 1403637255.9383192
Dropping frame 1403637256.138319
Dropping frame 1403637256.2383192
Dropping frame 1403637256.3383191
Dropping frame 1403637256.5383191
Dropping frame 1403637256.7383192
Dropping frame 1403637256.9383192
Dropping frame 1403637257.0383191
Dropping frame 1403637257.138319
Dropping frame 1403637257.3383191
Dropping frame 1403637257.5383191
Dropping frame 1403637257.7383192
Dropping frame 1403637257.8383191
Dropping frame 1403637257.9383192
Dropping frame 1403637258.138319
Dropping frame 1403637258.3383191
Dropping frame 1403637258.5383191
Dropping frame 1403637258.7383192
Dropping frame 1403637258.8383191
Dropping frame 1403637258.9383192
Dropping frame 1403637259.138319
Dropping frame 1403637259.3383191
Dropping frame 1403637259.4383192
Dropping frame 1403637259.5383191
Dropping frame 1403637259.638319
Dropping frame 1403637259.8383191
Dropping frame 1403637260.0383191
Dropping frame 1403637260.2383192
Dropping frame 1403637260.3383191
Dropping frame 1403637260.4383192
Dropping frame 1403637260.638319
Dropping frame 1403637260.8383191
Dropping frame 1403637261.0383191
Dropping frame 1403637261.138319
Dropping frame 1403637261.2383192
Dropping frame 1403637261.4383192
Dropping frame 1403637261.638319
Dropping frame 1403637261.8383191
Dropping frame 1403637261.9383192
Dropping frame 1403637262.0383191
Dropping frame 1403637262.2383192
Dropping frame 1403637262.4383192
Dropping frame 1403637262.638319
Dropping frame 1403637262.7383192
Dropping frame 1403637262.8383191
Dropping frame 1403637263.0383191
Dropping frame 1403637263.388319
Dropping frame 1403637263.4883189
Dropping frame 1403637263.5883191
Dropping frame 1403637263.7883189
Dropping frame 1403637263.9883189
Dropping frame 1403637264.188319
Dropping frame 1403637264.2883189
Dropping frame 1403637264.388319
Dropping frame 1403637264.5883191
Dropping frame 1403637264.688319
Dropping frame 1403637264.7883189
Dropping frame 1403637264.9883189
Dropping frame 1403637265.188319
Dropping frame 1403637265.388319
Dropping frame 1403637265.4883189
Shutdown
SLAM Finished at System Time: 1740887127.26883

 TIME STATS in ms (mean$\pm$std)
OpenCV version: 4.8.1
---------------------------
Tracking

ORB Extraction: 20.375$\pm$2.7619
Stereo Matching: 7.8897$\pm$1.9105
IMU Preintegration: 0.24985$\pm$0.10215
Pose Prediction: 0.80682$\pm$1.903
LM Track: 18.96$\pm$6.3887
New KF decision: 1.4697$\pm$2.6218
Total Tracking: 31.164$\pm$27.489



Local Mapping

KF Insertion: 15.083$\pm$5.5659
MP Culling: 0.57799$\pm$0.26332
MP Creation: 45.953$\pm$19.248
LBA: 158.52$\pm$64.766
KF Culling: 15.32$\pm$11.665
Total Local Mapping: 233.08$\pm$92.571
---------------------------

LBA complexity (mean$\pm$std)
LBA Edges: 1659$\pm$608.41
LBA KF optimized: 6.5$\pm$2.2913
LBA KF fixed: 1$\pm$0
LBA MP: nan$\pm$nan

LBA executions: 441
LBA aborts: 0
---------------------------

Map complexity
KFs in map: 140
MPs in map: 10568
---------------------------

Place Recognition (mean$\pm$std)
Database Query: 2.1333$\pm$1.2031
SE3 estimation: 26.406$\pm$16.891
Total Place Recognition: 21.568$\pm$19.715


Loop Closing (mean$\pm$std)
Loop Fusion: nan$\pm$nan
Essential Graph: nan$\pm$nan
Total Loop Closing: nan$\pm$nan

Num exec: 0
Number of KFs: nan$\pm$nan

Map Merging (mean$\pm$std)
Merge Maps: nan$\pm$nan
Welding BA: nan$\pm$nan
Optimization Ess.: nan$\pm$nan
Total Map Merging: nan$\pm$nan

Num exec: 0
Number of KFs: nan$\pm$nan
Number of MPs: nan$\pm$nan

Full GBA (mean$\pm$std)
GBA: nan$\pm$nan
Map Update: nan$\pm$nan
Total Full GBA: nan$\pm$nan

Num exec: 0
Num abort: 0
Number of KFs: nan$\pm$nan
Number of MPs: nan$\pm$nan

Saving trajectory to f_dataset-MH03_stereo_imu.txt ...
There are 1 maps in the atlas
  Map 0 has 140 KFs

End of saving trajectory to f_dataset-MH03_stereo_imu.txt ...

Saving keyframe trajectory to kf_dataset-MH03_stereo_imu.txt ...
