num_seq = 1
file name: dataset-MH04_stereo_imu
Loading images for sequence 0...LOADED!
Loading IMU for sequence 0...LOADED!

-------

ORB-SLAM3 Copyright (C) 2017-2020 Carlos Campos, Richard Elvira, Juan J. Gómez, José M.M. Montiel and Juan D. Tardós, University of Zaragoza.
ORB-SLAM2 Copyright (C) 2014-2016 Raúl Mur-Artal, José M.M. Montiel and Juan D. Tardós, University of Zaragoza.
This program comes with ABSOLUTELY NO WARRANTY;
This is free software, and you are welcome to redistribute it
under certain conditions. See LICENSE.txt.

Built with REGISTER_TIMES
Git Commit Hash: 2d47524

Build Type: Release

Compiled with C++ version: 201703

Input sensor was set to: Stereo-Inertial
Loading settings from EuRoC_fov_deadlines_mask_21x21.yaml
	-Loaded camera 1
	-Loaded camera 2
	-Loaded image info
	-Loaded IMU calibration
	-Loaded ORB settings
	-Loaded viewer settings
	-Loaded Atlas settings
Deadlines enabled, will skip frames!
FOV enabled
Static mask size: 21x21
Dumping map points enabled
	-Loaded misc parameters
	-Computed rectification maps
----------------------------------
SLAM settings: 
	-Camera 1 parameters (Pinhole): [ 458.65399169921875 457.29598999023438 367.21499633789062 248.375 ]
	-Camera 1 distortion parameters: [  -0.28340810537338257 0.073959067463874817 0.00019359000725671649 1.7618711353861727e-05 ]
	-Camera 2 parameters (Pinhole: [ 457.58700561523438 456.13400268554688 379.99899291992188 255.23800659179688 ]
	-Camera 1 distortion parameters: [  -0.2836836576461792 0.074512839317321777 -0.00010473000293131918 -3.555907096597366e-05 ]
	-Original image size: [ 752 , 480 ]
	-Current image size: [ 752 , 480 ]
	-Camera 1 parameters after rectification: [  456.71499633789062 456.71499633789062 364.52615356445312 257.268798828125 ]
	-Sequence FPS: 20
	-Stereo baseline: 0.11007784307003021
	-Stereo depth threshold : 60
	-Gyro noise: 0.00016999999934341758
	-Accelerometer noise: 0.0020000000949949026
	-Gyro walk: 1.9392999092815444e-05
	-Accelerometer walk: 0.0030000000260770321
	-IMU frequency: 200
	-Features per image: 1200
	-ORB scale factor: 1.2000000476837158
	-ORB number of scales: 8
	-Initial FAST threshold: 20
	-Min FAST threshold: 7


Loading ORB Vocabulary. This could take a while...
Vocabulary loaded!

Initialization of Atlas from scratch 
Creation of new map with id: 0
Creation of new map with last KF id: 0
Seq. Name: 
There are 1 cameras in the atlas
Camera 0 is pinhole
SLAM Started at System Time: 1742803802.39077
not IMU meas
not IMU meas
not enough acceleration
not enough acceleration
not enough acceleration
not enough acceleration
not enough acceleration
not enough acceleration
not enough acceleration
not enough acceleration
not enough acceleration
not enough acceleration
not enough acceleration
not enough acceleration
not enough acceleration
not enough acceleration
not enough acceleration
not enough acceleration
not enough acceleration
not enough acceleration
not enough acceleration
not enough acceleration
not enough acceleration
not enough acceleration
not enough acceleration
not enough acceleration
not enough acceleration
not enough acceleration
not enough acceleration
not enough acceleration
not enough acceleration
not enough acceleration
First KF:0; Map init KF:0
New Map created with 149 points
Active map: 0
Dropping frame 1403638130.195097
Dropping frame 1403638130.395097
Dropping frame 1403638130.695097
Dropping frame 1403638130.7950971
Dropping frame 1403638130.945097
Dropping frame 1403638131.195097
Dropping frame 1403638131.395097
Dropping frame 1403638131.4950972
Dropping frame 1403638131.695097
Dropping frame 1403638131.7950971
Dropping frame 1403638131.945097
Dropping frame 1403638132.145097
Dropping frame 1403638132.2450969
Dropping frame 1403638132.3450971
Dropping frame 1403638132.5450969
Dropping frame 1403638132.7450969
Dropping frame 1403638132.895097
Dropping frame 1403638133.0950971
Dropping frame 1403638133.2950971
Dropping frame 1403638133.395097
Dropping frame 1403638133.645097
Dropping frame 1403638134.0450969
start VIBA 1
Dropping frame 1403638134.2950971
end VIBA 1
Dropping frame 1403638134.5450969
Dropping frame 1403638134.8450971
Dropping frame 1403638134.945097
Dropping frame 1403638135.145097
Dropping frame 1403638135.2450969
Dropping frame 1403638135.3450971
Dropping frame 1403638135.5450969
Dropping frame 1403638135.645097
Dropping frame 1403638135.7450969
Dropping frame 1403638135.945097
Dropping frame 1403638136.145097
Dropping frame 1403638136.2450969
Dropping frame 1403638136.3450971
Dropping frame 1403638136.5950971
Dropping frame 1403638136.695097
Dropping frame 1403638136.7950971
Dropping frame 1403638137.0450969
Dropping frame 1403638137.2450969
Dropping frame 1403638137.5950971
Dropping frame 1403638137.695097
Dropping frame 1403638137.7950971
Dropping frame 1403638137.895097
Dropping frame 1403638138.0950971
Dropping frame 1403638138.195097
Dropping frame 1403638138.2950971
Dropping frame 1403638138.395097
Dropping frame 1403638138.4950972
Dropping frame 1403638138.695097
Not enough motion for initializing. Reseting...
TRACK: Reset map because local mapper set the bad imu flag 
LM: Active map reset recieved
LM: Active map reset, waiting...
LM: Reseting current map in Local Mapping...
LM: End reseting Local Mapping...
LM: Reset free the mutex
LM: Active map reset, Done!!!
mnFirstFrameId = 32
mnInitialFrameId = 0
148 Frames set to lost
not IMU meas
Dropping frame 1403638138.945097
not enough acceleration
Dropping frame 1403638139.0450969
not enough acceleration
not enough acceleration
First KF:39; Map init KF:0
New Map created with 169 points
Active map: 0
Dropping frame 1403638139.2450969
Dropping frame 1403638139.445097
Dropping frame 1403638139.645097
Dropping frame 1403638139.7450969
Dropping frame 1403638139.9950972
Dropping frame 1403638140.195097
Dropping frame 1403638140.395097
Dropping frame 1403638140.4950972
Dropping frame 1403638140.7450969
Dropping frame 1403638140.8450971
Dropping frame 1403638141.0950971
Dropping frame 1403638141.2950971
Dropping frame 1403638141.4950972
Dropping frame 1403638141.5950971
Dropping frame 1403638141.695097
Not enough motion for initializing. Reseting...
LM: Reseting current map in Local Mapping...
LM: End reseting Local Mapping...
LM: Reset free the mutex
Dropping frame 1403638141.945097
Dropping frame 1403638142.145097
Not enough motion for initializing. Reseting...
LM: Reseting current map in Local Mapping...
LM: End reseting Local Mapping...
LM: Reset free the mutex
Dropping frame 1403638142.3450971
Dropping frame 1403638142.445097
Not enough motion for initializing. Reseting...
LM: Reseting current map in Local Mapping...
LM: End reseting Local Mapping...
LM: Reset free the mutex
Not enough motion for initializing. Reseting...
Dropping frame 1403638142.5450969
LM: Reseting current map in Local Mapping...
LM: End reseting Local Mapping...
LM: Reset free the mutex
Dropping frame 1403638142.645097
Dropping frame 1403638142.8450971
Dropping frame 1403638142.945097
Dropping frame 1403638143.195097
Dropping frame 1403638143.2950971
Dropping frame 1403638143.8450971
Dropping frame 1403638145.0450969
Dropping frame 1403638145.3450971
Dropping frame 1403638145.5450969
Dropping frame 1403638145.5950971
Not enough motion for initializing. Reseting...
TRACK: Reset map because local mapper set the bad imu flag 
LM: Reseting current map in Local Mapping...
LM: End reseting Local Mapping...
LM: Reset free the mutex
LM: Active map reset recieved
LM: Active map reset, waiting...
LM: Reseting current map in Local Mapping...
LM: End reseting Local Mapping...
LM: Reset free the mutex
LM: Active map reset, Done!!!
mnFirstFrameId = 185
mnInitialFrameId = 180
251 Frames set to lost
not IMU meas
not enough acceleration
not enough acceleration
not enough acceleration
not enough acceleration
not enough acceleration
not enough acceleration
not enough acceleration
not enough acceleration
not enough acceleration
not enough acceleration
not enough acceleration
not enough acceleration
not enough acceleration
not enough acceleration
not enough acceleration
not enough acceleration
not enough acceleration
not enough acceleration
not enough acceleration
not enough acceleration
not enough acceleration
not enough acceleration
not enough acceleration
not enough acceleration
not enough acceleration
not enough acceleration
not enough acceleration
not enough acceleration
not enough acceleration
not enough acceleration
not enough acceleration
not enough acceleration
not enough acceleration
not enough acceleration
not enough acceleration
not enough acceleration
not enough acceleration
First KF:61; Map init KF:39
New Map created with 184 points
Active map: 0
start VIBA 1
end VIBA 1
Dropping frame 1403638156.695097
Dropping frame 1403638156.9950972
Dropping frame 1403638157.2450969
Dropping frame 1403638157.5950971
Dropping frame 1403638157.7450969
Dropping frame 1403638157.895097
Dropping frame 1403638157.9950972
Dropping frame 1403638158.0950971
Dropping frame 1403638158.195097
Dropping frame 1403638158.2950971
Dropping frame 1403638158.395097
Dropping frame 1403638158.4950972
Dropping frame 1403638158.5950971
Dropping frame 1403638158.695097
Dropping frame 1403638158.7950971
Dropping frame 1403638158.895097
Dropping frame 1403638158.9950972
Dropping frame 1403638159.0950971
Dropping frame 1403638159.195097
Dropping frame 1403638159.2950971
Dropping frame 1403638159.395097
Dropping frame 1403638159.4950972
Dropping frame 1403638159.5950971
Dropping frame 1403638159.695097
Dropping frame 1403638159.895097
Dropping frame 1403638159.9950972
Dropping frame 1403638160.0950971
Dropping frame 1403638160.2450969
Dropping frame 1403638160.3450971
Dropping frame 1403638160.445097
Dropping frame 1403638160.5450969
Dropping frame 1403638160.645097
Dropping frame 1403638160.7450969
Dropping frame 1403638160.8450971
Dropping frame 1403638160.945097
Dropping frame 1403638161.0450969
Dropping frame 1403638161.145097
Dropping frame 1403638161.2450969
Dropping frame 1403638161.3450971
Dropping frame 1403638161.445097
Dropping frame 1403638161.5450969
Dropping frame 1403638161.7950971
Dropping frame 1403638161.9950972
Dropping frame 1403638162.0950971
Dropping frame 1403638162.195097
Dropping frame 1403638162.2950971
Dropping frame 1403638162.395097
Dropping frame 1403638162.4950972
Dropping frame 1403638162.645097
Dropping frame 1403638162.7450969
Dropping frame 1403638162.8450971
Dropping frame 1403638162.945097
start VIBA 2
Dropping frame 1403638163.145097
Dropping frame 1403638163.2450969
end VIBA 2
Dropping frame 1403638163.5450969
Dropping frame 1403638163.645097
Dropping frame 1403638163.7950971
Dropping frame 1403638163.945097
Dropping frame 1403638164.2450969
Dropping frame 1403638164.395097
Dropping frame 1403638164.695097
Dropping frame 1403638164.8450971
Dropping frame 1403638165.395097
Dropping frame 1403638165.8450971
Dropping frame 1403638165.945097
Dropping frame 1403638166.0950971
Dropping frame 1403638166.195097
Dropping frame 1403638166.2950971
Dropping frame 1403638166.395097
Dropping frame 1403638166.5950971
Dropping frame 1403638166.695097
Dropping frame 1403638166.7950971
Dropping frame 1403638166.895097
Dropping frame 1403638167.0450969
Dropping frame 1403638167.145097
Dropping frame 1403638167.3450971
Dropping frame 1403638167.445097
Dropping frame 1403638167.5450969
Dropping frame 1403638167.645097
Dropping frame 1403638167.7450969
Dropping frame 1403638167.8450971
Dropping frame 1403638168.0450969
Dropping frame 1403638168.145097
Dropping frame 1403638168.2450969
Dropping frame 1403638168.3450971
Dropping frame 1403638168.445097
Dropping frame 1403638168.5950971
Dropping frame 1403638168.7950971
Dropping frame 1403638168.945097
Dropping frame 1403638169.0450969
Dropping frame 1403638169.145097
Dropping frame 1403638169.3450971
Dropping frame 1403638169.445097
Dropping frame 1403638169.5950971
Dropping frame 1403638169.695097
Dropping frame 1403638169.895097
Dropping frame 1403638169.9950972
Dropping frame 1403638170.0950971
Dropping frame 1403638170.195097
Dropping frame 1403638170.2950971
Dropping frame 1403638170.4950972
Dropping frame 1403638170.5950971
Dropping frame 1403638170.695097
Dropping frame 1403638170.7950971
Dropping frame 1403638170.9950972
Dropping frame 1403638171.0950971
Dropping frame 1403638171.195097
Dropping frame 1403638171.2950971
Dropping frame 1403638171.395097
Dropping frame 1403638171.4950972
Dropping frame 1403638171.695097
Dropping frame 1403638171.7950971
Dropping frame 1403638171.9950972
Dropping frame 1403638172.0950971
Dropping frame 1403638172.2950971
Dropping frame 1403638172.4950972
Dropping frame 1403638172.695097
Dropping frame 1403638173.195097
Dropping frame 1403638173.695097
Dropping frame 1403638173.895097
Dropping frame 1403638174.0950971
Dropping frame 1403638174.2950971
Dropping frame 1403638174.4950972
Dropping frame 1403638174.695097
Dropping frame 1403638174.895097
Dropping frame 1403638175.0950971
Dropping frame 1403638175.2950971
Dropping frame 1403638175.4950972
Dropping frame 1403638175.695097
Dropping frame 1403638175.7950971
Dropping frame 1403638175.895097
Dropping frame 1403638176.0950971
Dropping frame 1403638176.2950971
Dropping frame 1403638176.4950972
Dropping frame 1403638176.5950971
Dropping frame 1403638176.7950971
Dropping frame 1403638176.9950972
Dropping frame 1403638177.195097
Dropping frame 1403638177.395097
Dropping frame 1403638177.5950971
Dropping frame 1403638177.945097
Dropping frame 1403638178.445097
Dropping frame 1403638178.945097
Dropping frame 1403638179.145097
Dropping frame 1403638179.2450969
Dropping frame 1403638179.3450971
Dropping frame 1403638179.445097
Dropping frame 1403638179.645097
Dropping frame 1403638179.7450969
Dropping frame 1403638179.8450971
Dropping frame 1403638180.0450969
Dropping frame 1403638180.2450969
Dropping frame 1403638180.445097
Dropping frame 1403638180.645097
Dropping frame 1403638180.8450971
Dropping frame 1403638181.0450969
Dropping frame 1403638181.145097
Dropping frame 1403638181.3450971
Dropping frame 1403638181.5450969
Dropping frame 1403638181.7450969
Dropping frame 1403638181.945097
Dropping frame 1403638182.0450969
Dropping frame 1403638182.145097
Dropping frame 1403638182.3450971
Dropping frame 1403638182.5450969
Dropping frame 1403638182.695097
Dropping frame 1403638182.9950972
Dropping frame 1403638183.195097
Dropping frame 1403638183.2950971
Dropping frame 1403638183.4950972
Dropping frame 1403638183.5950971
Dropping frame 1403638183.7950971
Dropping frame 1403638183.895097
Dropping frame 1403638183.9950972
Dropping frame 1403638184.0950971
Dropping frame 1403638184.195097
Dropping frame 1403638184.5950971
Dropping frame 1403638184.695097
Dropping frame 1403638184.7950971
Dropping frame 1403638184.945097
Dropping frame 1403638185.145097
Dropping frame 1403638185.2450969
Dropping frame 1403638185.445097
Dropping frame 1403638185.5450969
Dropping frame 1403638185.7950971
Dropping frame 1403638185.895097
Dropping frame 1403638186.2450969
Dropping frame 1403638186.3450971
Dropping frame 1403638186.5950971
Dropping frame 1403638186.695097
Dropping frame 1403638187.0950971
Dropping frame 1403638187.195097
Dropping frame 1403638187.395097
Dropping frame 1403638187.5950971
Dropping frame 1403638187.7950971
Dropping frame 1403638187.9950972
Dropping frame 1403638188.0950971
Dropping frame 1403638188.4950972
Dropping frame 1403638188.695097
Dropping frame 1403638188.895097
Dropping frame 1403638188.9950972
Dropping frame 1403638189.195097
Dropping frame 1403638189.395097
Dropping frame 1403638189.4950972
Dropping frame 1403638189.5950971
Dropping frame 1403638189.7950971
Dropping frame 1403638189.9950972
Dropping frame 1403638190.195097
Dropping frame 1403638190.395097
Dropping frame 1403638190.5950971
Dropping frame 1403638190.8450971
Dropping frame 1403638190.945097
Dropping frame 1403638191.145097
Dropping frame 1403638191.3450971
Dropping frame 1403638191.5450969
Dropping frame 1403638191.7450969
Dropping frame 1403638191.945097
Dropping frame 1403638192.0450969
Dropping frame 1403638192.2450969
Dropping frame 1403638192.3450971
Dropping frame 1403638192.5950971
Dropping frame 1403638192.695097
Dropping frame 1403638192.895097
Dropping frame 1403638193.0950971
Dropping frame 1403638193.2950971
Dropping frame 1403638193.445097
Dropping frame 1403638193.645097
Dropping frame 1403638193.8450971
Dropping frame 1403638193.945097
Dropping frame 1403638194.145097
Dropping frame 1403638194.3450971
Dropping frame 1403638194.645097
Dropping frame 1403638194.8450971
Dropping frame 1403638195.0450969
Dropping frame 1403638195.2450969
Dropping frame 1403638195.445097
Dropping frame 1403638195.7450969
Dropping frame 1403638195.945097
Dropping frame 1403638196.145097
Dropping frame 1403638196.3450971
Dropping frame 1403638196.4950972
Dropping frame 1403638196.8450971
Dropping frame 1403638197.0450969
Dropping frame 1403638197.2450969
Dropping frame 1403638197.445097
Dropping frame 1403638197.645097
Dropping frame 1403638197.7450969
Dropping frame 1403638197.9950972
Dropping frame 1403638198.195097
Dropping frame 1403638198.2950971
Dropping frame 1403638198.395097
Dropping frame 1403638198.5950971
Dropping frame 1403638198.7950971
Dropping frame 1403638198.895097
Dropping frame 1403638198.9950972
Dropping frame 1403638199.195097
Dropping frame 1403638199.2950971
Dropping frame 1403638199.5450969
Dropping frame 1403638199.645097
Dropping frame 1403638199.7450969
Dropping frame 1403638199.945097
Dropping frame 1403638200.195097
Dropping frame 1403638200.395097
Dropping frame 1403638200.645097
Dropping frame 1403638200.8450971
Dropping frame 1403638201.145097
Dropping frame 1403638201.3450971
Dropping frame 1403638201.895097
Dropping frame 1403638202.195097
Dropping frame 1403638202.2950971
Dropping frame 1403638202.5450969
Dropping frame 1403638202.645097
Dropping frame 1403638202.895097
Dropping frame 1403638202.9950972
Dropping frame 1403638203.2450969
Dropping frame 1403638203.3450971
Dropping frame 1403638203.445097
Dropping frame 1403638203.645097
Dropping frame 1403638203.7450969
Dropping frame 1403638203.9950972
Dropping frame 1403638204.0950971
Dropping frame 1403638204.195097
Dropping frame 1403638204.395097
Dropping frame 1403638204.4950972
Dropping frame 1403638204.5950971
Dropping frame 1403638204.7950971
Dropping frame 1403638204.9950972
Dropping frame 1403638205.195097
Dropping frame 1403638205.2950971
Dropping frame 1403638205.395097
Dropping frame 1403638205.5950971
Dropping frame 1403638205.695097
Dropping frame 1403638205.7950971
Dropping frame 1403638205.9950972
Dropping frame 1403638206.0950971
Dropping frame 1403638206.195097
Dropping frame 1403638206.395097
Dropping frame 1403638206.5950971
Dropping frame 1403638206.695097
Dropping frame 1403638206.7950971
Dropping frame 1403638206.9950972
Dropping frame 1403638207.0950971
Dropping frame 1403638207.195097
Dropping frame 1403638207.395097
Dropping frame 1403638207.4950972
Dropping frame 1403638207.5950971
Dropping frame 1403638207.7950971
Dropping frame 1403638207.895097
Dropping frame 1403638207.9950972
Dropping frame 1403638208.195097
Dropping frame 1403638208.2950971
Dropping frame 1403638208.395097
Dropping frame 1403638208.5950971
Dropping frame 1403638208.695097
Dropping frame 1403638208.7950971
Dropping frame 1403638208.895097
Dropping frame 1403638208.9950972
Dropping frame 1403638209.0950971
Dropping frame 1403638209.2950971
Dropping frame 1403638209.395097
Dropping frame 1403638209.4950972
Dropping frame 1403638209.5950971
Dropping frame 1403638210.0450969
Dropping frame 1403638210.145097
Dropping frame 1403638210.3450971
Dropping frame 1403638210.7450969
Dropping frame 1403638210.8450971
Dropping frame 1403638211.0950971
Dropping frame 1403638211.2950971
Dropping frame 1403638211.4950972
Dropping frame 1403638211.695097
Dropping frame 1403638211.7950971
Dropping frame 1403638212.0450969
Dropping frame 1403638212.2450969
Dropping frame 1403638212.445097
Dropping frame 1403638212.5450969
Dropping frame 1403638212.645097
Dropping frame 1403638212.8450971
Dropping frame 1403638212.945097
Dropping frame 1403638213.195097
Dropping frame 1403638213.2950971
Dropping frame 1403638213.395097
Dropping frame 1403638213.5950971
Dropping frame 1403638213.7450969
Dropping frame 1403638213.945097
Dropping frame 1403638214.0950971
Dropping frame 1403638214.2950971
Dropping frame 1403638214.395097
Dropping frame 1403638214.7950971
Dropping frame 1403638214.895097
Dropping frame 1403638215.395097
Dropping frame 1403638215.4950972
Dropping frame 1403638215.7450969
Dropping frame 1403638215.8450971
Dropping frame 1403638215.945097
Dropping frame 1403638216.2950971
Dropping frame 1403638216.4950972
Dropping frame 1403638216.645097
Dropping frame 1403638216.8450971
Dropping frame 1403638216.9950972
Dropping frame 1403638217.195097
Dropping frame 1403638217.445097
Dropping frame 1403638217.5450969
Dropping frame 1403638217.895097
Dropping frame 1403638217.9950972
Dropping frame 1403638218.395097
Dropping frame 1403638218.4950972
Dropping frame 1403638218.5950971
Dropping frame 1403638218.7950971
Dropping frame 1403638218.9950972
Dropping frame 1403638219.0950971
Dropping frame 1403638219.4950972
Dropping frame 1403638219.8450971
Dropping frame 1403638220.0450969
Dropping frame 1403638220.145097
Dropping frame 1403638220.5950971
Dropping frame 1403638220.7950971
Dropping frame 1403638220.9950972
Dropping frame 1403638221.2450969
Dropping frame 1403638221.3450971
Dropping frame 1403638221.7450969
Dropping frame 1403638221.8450971
Dropping frame 1403638222.0950971
Dropping frame 1403638222.2950971
Dropping frame 1403638222.395097
Dropping frame 1403638222.695097
Dropping frame 1403638222.895097
Dropping frame 1403638223.3450971
Dropping frame 1403638223.5450969
Dropping frame 1403638223.645097
Dropping frame 1403638224.0950971
Dropping frame 1403638224.195097
Dropping frame 1403638224.8450971
Dropping frame 1403638225.5950971
Dropping frame 1403638226.0450969
Dropping frame 1403638226.5450969
Dropping frame 1403638227.0950971
Dropping frame 1403638227.3450971
Dropping frame 1403638227.445097
Dropping frame 1403638227.645097
Shutdown
SLAM Finished at System Time: 1742803926.42925

 TIME STATS in ms (mean$\pm$std)
OpenCV version: 4.8.1
---------------------------
Tracking

ORB Extraction: 19.972$\pm$2.6227
Stereo Matching: 8.1576$\pm$2.0395
IMU Preintegration: 0.2063$\pm$0.091765
Pose Prediction: 0.51522$\pm$1.3718
LM Track: 17.243$\pm$6.262
New KF decision: 1.1614$\pm$1.9808
Total Tracking: 31.547$\pm$26.014



Local Mapping

KF Insertion: 13.802$\pm$5.4625
MP Culling: 0.45866$\pm$0.20594
MP Creation: 41.982$\pm$15.53
LBA: 142.1$\pm$48.456
KF Culling: 10.429$\pm$7.5539
Total Local Mapping: 208.79$\pm$71.227
---------------------------

LBA complexity (mean$\pm$std)
LBA Edges: 1641.9$\pm$1137
LBA KF optimized: 6.5$\pm$2.2913
LBA KF fixed: 1$\pm$0
LBA MP: nan$\pm$nan

LBA executions: 386
LBA aborts: 0
---------------------------

Map complexity
KFs in map: 164
MPs in map: 13040
---------------------------

Place Recognition (mean$\pm$std)
Database Query: 2.1382$\pm$1.0626
SE3 estimation: 27.821$\pm$16.809
Total Place Recognition: 20.731$\pm$20.125


Loop Closing (mean$\pm$std)
Loop Fusion: nan$\pm$nan
Essential Graph: nan$\pm$nan
Total Loop Closing: nan$\pm$nan

Num exec: 0
Number of KFs: nan$\pm$nan

Map Merging (mean$\pm$std)
Merge Maps: nan$\pm$nan
Welding BA: nan$\pm$nan
Optimization Ess.: nan$\pm$nan
Total Map Merging: nan$\pm$nan

Num exec: 0
Number of KFs: nan$\pm$nan
Number of MPs: nan$\pm$nan

Full GBA (mean$\pm$std)
GBA: nan$\pm$nan
Map Update: nan$\pm$nan
Total Full GBA: nan$\pm$nan

Num exec: 0
Num abort: 0
Number of KFs: nan$\pm$nan
Number of MPs: nan$\pm$nan

Saving trajectory to f_dataset-MH04_stereo_imu.txt ...
There are 1 maps in the atlas
  Map 0 has 164 KFs

End of saving trajectory to f_dataset-MH04_stereo_imu.txt ...

Saving keyframe trajectory to kf_dataset-MH04_stereo_imu.txt ...
