num_seq = 1
file name: dataset-MH01_stereo_imu
Loading images for sequence 0...LOADED!
Loading IMU for sequence 0...LOADED!

-------

ORB-SLAM3 Copyright (C) 2017-2020 Carlos Campos, Richard Elvira, Juan J. Gómez, José M.M. Montiel and Juan D. Tardós, University of Zaragoza.
ORB-SLAM2 Copyright (C) 2014-2016 Raúl Mur-Artal, José M.M. Montiel and Juan D. Tardós, University of Zaragoza.
This program comes with ABSOLUTELY NO WARRANTY;
This is free software, and you are welcome to redistribute it
under certain conditions. See LICENSE.txt.

Built with REGISTER_TIMES
Git Commit Hash: 2d47524

Build Type: Release

Compiled with C++ version: 201703

Input sensor was set to: Stereo-Inertial
Loading settings from EuRoC_fov_deadlines_mask_20x20.yaml
	-Loaded camera 1
	-Loaded camera 2
	-Loaded image info
	-Loaded IMU calibration
	-Loaded ORB settings
	-Loaded viewer settings
	-Loaded Atlas settings
Deadlines enabled, will skip frames!
FOV enabled
Static mask size: 20x20
Dumping map points enabled
	-Loaded misc parameters
	-Computed rectification maps
----------------------------------
SLAM settings: 
	-Camera 1 parameters (Pinhole): [ 458.65399169921875 457.29598999023438 367.21499633789062 248.375 ]
	-Camera 1 distortion parameters: [  -0.28340810537338257 0.073959067463874817 0.00019359000725671649 1.7618711353861727e-05 ]
	-Camera 2 parameters (Pinhole: [ 457.58700561523438 456.13400268554688 379.99899291992188 255.23800659179688 ]
	-Camera 1 distortion parameters: [  -0.2836836576461792 0.074512839317321777 -0.00010473000293131918 -3.555907096597366e-05 ]
	-Original image size: [ 752 , 480 ]
	-Current image size: [ 752 , 480 ]
	-Camera 1 parameters after rectification: [  456.71499633789062 456.71499633789062 364.52615356445312 257.268798828125 ]
	-Sequence FPS: 20
	-Stereo baseline: 0.11007784307003021
	-Stereo depth threshold : 60
	-Gyro noise: 0.00016999999934341758
	-Accelerometer noise: 0.0020000000949949026
	-Gyro walk: 1.9392999092815444e-05
	-Accelerometer walk: 0.0030000000260770321
	-IMU frequency: 200
	-Features per image: 1200
	-ORB scale factor: 1.2000000476837158
	-ORB number of scales: 8
	-Initial FAST threshold: 20
	-Min FAST threshold: 7


Loading ORB Vocabulary. This could take a while...
Vocabulary loaded!

Initialization of Atlas from scratch 
Creation of new map with id: 0
Creation of new map with last KF id: 0
Seq. Name: 
There are 1 cameras in the atlas
Camera 0 is pinhole
SLAM Started at System Time: 1743100194.95701
not IMU meas
not IMU meas
not enough acceleration
not enough acceleration
First KF:0; Map init KF:0
New Map created with 533 points
Active map: 0
Dropping frame 1403636580.0135555
Dropping frame 1403636580.2135556
Dropping frame 1403636580.3635557
Dropping frame 1403636580.5635555
Dropping frame 1403636581.2135556
Dropping frame 1403636581.5135555
Dropping frame 1403636581.8635557
Dropping frame 1403636581.9635556
Dropping frame 1403636582.0635555
Dropping frame 1403636582.1635556
Dropping frame 1403636582.2635555
Dropping frame 1403636582.4635556
Dropping frame 1403636582.5635555
Dropping frame 1403636582.6635556
Dropping frame 1403636582.7635555
Dropping frame 1403636582.9135554
Dropping frame 1403636583.1135554
Dropping frame 1403636583.3135555
Dropping frame 1403636583.5135555
Dropping frame 1403636583.7135556
Dropping frame 1403636583.9135554
Dropping frame 1403636584.0135555
Dropping frame 1403636584.4135554
Dropping frame 1403636584.6135554
Dropping frame 1403636584.8135555
Dropping frame 1403636584.9135554
Dropping frame 1403636585.1135554
start VIBA 1
Dropping frame 1403636585.2135556
end VIBA 1
Dropping frame 1403636585.3135555
Dropping frame 1403636585.5135555
Dropping frame 1403636585.6135554
Dropping frame 1403636585.7135556
Dropping frame 1403636585.9135554
Dropping frame 1403636586.0135555
Dropping frame 1403636586.1135554
Dropping frame 1403636586.3135555
Dropping frame 1403636586.4135554
Dropping frame 1403636586.5135555
Dropping frame 1403636586.7135556
Dropping frame 1403636587.0135555
Dropping frame 1403636587.2635555
Dropping frame 1403636587.3635557
Dropping frame 1403636587.5635555
Dropping frame 1403636587.8135555
Dropping frame 1403636587.9135554
Dropping frame 1403636588.1635556
Dropping frame 1403636588.2635555
Dropping frame 1403636588.5135555
Dropping frame 1403636588.7135556
Dropping frame 1403636588.8135555
Dropping frame 1403636588.9135554
Dropping frame 1403636589.1135554
Dropping frame 1403636589.4635556
Dropping frame 1403636589.5635555
Dropping frame 1403636589.8135555
Dropping frame 1403636590.0135555
Dropping frame 1403636590.2135556
Dropping frame 1403636590.3135555
Dropping frame 1403636590.5635555
Dropping frame 1403636590.7635555
Dropping frame 1403636590.9635556
Dropping frame 1403636591.2635555
Dropping frame 1403636591.6135554
Dropping frame 1403636591.7135556
Dropping frame 1403636591.8135555
Dropping frame 1403636592.0135555
Dropping frame 1403636592.1135554
Dropping frame 1403636592.2635555
Dropping frame 1403636592.5135555
Dropping frame 1403636592.6135554
Dropping frame 1403636592.7135556
Dropping frame 1403636592.9635556
Dropping frame 1403636593.1635556
Dropping frame 1403636593.2635555
Dropping frame 1403636593.3635557
Dropping frame 1403636593.5635555
Dropping frame 1403636593.6635556
Dropping frame 1403636593.9635556
Dropping frame 1403636594.1635556
Dropping frame 1403636594.3135555
Dropping frame 1403636594.5635555
Dropping frame 1403636594.7635555
Dropping frame 1403636594.9135554
Dropping frame 1403636595.0135555
Dropping frame 1403636595.2135556
Dropping frame 1403636595.3135555
Dropping frame 1403636595.4135554
Dropping frame 1403636595.6135554
Dropping frame 1403636595.8135555
start VIBA 2
end VIBA 2
Dropping frame 1403636596.0135555
Dropping frame 1403636596.1135554
Dropping frame 1403636596.2135556
Dropping frame 1403636596.4135554
Dropping frame 1403636596.5135555
Dropping frame 1403636596.6135554
Dropping frame 1403636596.7135556
Dropping frame 1403636596.8635557
Dropping frame 1403636597.2135556
Dropping frame 1403636597.3635557
Dropping frame 1403636597.6135554
Dropping frame 1403636597.7135556
Dropping frame 1403636597.9635556
Dropping frame 1403636598.0635555
Dropping frame 1403636598.1635556
Dropping frame 1403636598.3635557
Dropping frame 1403636598.5635555
Dropping frame 1403636598.6635556
Dropping frame 1403636598.7635555
Dropping frame 1403636598.8635557
Dropping frame 1403636599.0635555
Dropping frame 1403636599.1635556
Dropping frame 1403636599.2635555
Dropping frame 1403636599.4635556
Dropping frame 1403636599.5635555
Dropping frame 1403636599.6635556
Dropping frame 1403636599.8635557
Dropping frame 1403636599.9635556
Dropping frame 1403636600.0635555
Dropping frame 1403636600.1635556
Dropping frame 1403636600.2635555
Dropping frame 1403636600.5135555
Dropping frame 1403636600.6135554
Dropping frame 1403636600.7135556
Dropping frame 1403636600.8635557
Dropping frame 1403636601.0635555
Dropping frame 1403636601.2635555
Dropping frame 1403636601.4635556
Dropping frame 1403636601.5635555
Dropping frame 1403636601.6635556
Dropping frame 1403636601.8635557
Dropping frame 1403636602.0635555
Dropping frame 1403636602.1635556
Dropping frame 1403636602.3635557
Dropping frame 1403636602.5135555
Dropping frame 1403636602.7635555
Dropping frame 1403636602.9635556
Dropping frame 1403636603.2635555
Dropping frame 1403636603.5135555
Dropping frame 1403636603.8135555
Dropping frame 1403636604.0135555
Dropping frame 1403636604.2135556
Dropping frame 1403636604.3135555
Dropping frame 1403636604.4135554
Dropping frame 1403636604.6135554
Dropping frame 1403636604.8135555
Dropping frame 1403636604.9135554
Dropping frame 1403636605.0135555
Dropping frame 1403636605.1135554
Dropping frame 1403636605.3635557
Dropping frame 1403636605.4635556
Dropping frame 1403636605.5635555
Dropping frame 1403636605.7635555
Dropping frame 1403636605.8635557
Dropping frame 1403636606.0635555
Dropping frame 1403636606.2135556
Dropping frame 1403636606.3135555
Dropping frame 1403636606.5635555
Dropping frame 1403636606.6635556
Dropping frame 1403636606.9135554
Dropping frame 1403636607.1135554
Dropping frame 1403636607.3135555
Dropping frame 1403636607.4135554
Dropping frame 1403636607.8135555
Dropping frame 1403636608.0135555
Dropping frame 1403636608.1135554
Dropping frame 1403636608.2135556
Dropping frame 1403636608.4135554
Dropping frame 1403636608.5135555
Dropping frame 1403636608.6135554
Dropping frame 1403636609.0635555
Dropping frame 1403636609.4135554
Dropping frame 1403636609.5135555
Dropping frame 1403636609.7635555
Dropping frame 1403636609.9635556
Dropping frame 1403636610.3135555
Dropping frame 1403636610.4135554
Dropping frame 1403636610.6135554
Dropping frame 1403636610.7135556
Dropping frame 1403636610.8135555
Dropping frame 1403636610.9135554
Dropping frame 1403636611.0135555
Dropping frame 1403636611.1135554
Dropping frame 1403636611.3135555
Dropping frame 1403636611.4135554
Dropping frame 1403636611.6635556
Dropping frame 1403636611.9635556
Dropping frame 1403636612.4635556
Dropping frame 1403636612.6635556
Dropping frame 1403636612.9135554
Dropping frame 1403636613.0135555
Dropping frame 1403636613.2135556
Dropping frame 1403636613.5135555
Dropping frame 1403636613.7135556
Dropping frame 1403636614.0635555
Dropping frame 1403636614.5135555
Dropping frame 1403636614.7135556
Dropping frame 1403636614.8135555
Dropping frame 1403636615.0635555
Dropping frame 1403636615.4135554
Dropping frame 1403636615.7135556
Dropping frame 1403636615.9135554
Dropping frame 1403636616.1135554
Dropping frame 1403636616.3135555
Dropping frame 1403636616.5135555
Dropping frame 1403636616.6135554
Dropping frame 1403636616.9135554
Dropping frame 1403636617.2635555
Dropping frame 1403636617.3635557
Dropping frame 1403636617.5635555
Dropping frame 1403636617.8635557
Dropping frame 1403636617.9635556
Dropping frame 1403636618.2635555
Dropping frame 1403636618.3635557
Dropping frame 1403636618.5635555
Dropping frame 1403636618.7635555
Dropping frame 1403636619.0635555
Dropping frame 1403636619.2635555
Dropping frame 1403636619.3635557
Dropping frame 1403636619.6135554
Dropping frame 1403636619.8135555
Dropping frame 1403636619.9635556
Dropping frame 1403636620.1635556
Dropping frame 1403636620.4135554
Dropping frame 1403636620.5135555
Dropping frame 1403636620.8135555
Dropping frame 1403636620.9635556
Dropping frame 1403636621.1635556
Dropping frame 1403636621.2635555
Dropping frame 1403636621.3635557
Dropping frame 1403636621.7135556
Dropping frame 1403636621.8135555
Dropping frame 1403636622.0635555
Dropping frame 1403636622.1635556
Dropping frame 1403636622.5135555
Dropping frame 1403636622.8135555
Dropping frame 1403636622.9135554
Dropping frame 1403636623.1635556
Dropping frame 1403636623.3635557
Dropping frame 1403636623.5635555
Dropping frame 1403636623.7135556
Dropping frame 1403636623.9135554
Dropping frame 1403636624.0135555
Dropping frame 1403636624.4135554
Dropping frame 1403636624.7635555
Dropping frame 1403636624.8635557
Dropping frame 1403636625.1635556
Dropping frame 1403636625.3635557
Dropping frame 1403636625.5635555
Dropping frame 1403636625.6635556
Dropping frame 1403636626.0635555
Dropping frame 1403636626.2135556
Dropping frame 1403636626.4135554
Dropping frame 1403636626.5135555
Dropping frame 1403636626.7135556
Dropping frame 1403636627.0135555
Dropping frame 1403636627.1135554
Dropping frame 1403636627.3135555
Dropping frame 1403636627.5135555
Dropping frame 1403636627.6135554
Dropping frame 1403636627.9135554
Dropping frame 1403636628.0635555
Dropping frame 1403636628.3135555
Dropping frame 1403636628.7135556
Dropping frame 1403636628.8635557
Dropping frame 1403636629.0635555
Dropping frame 1403636629.4135554
Dropping frame 1403636629.6135554
Dropping frame 1403636629.8135555
Dropping frame 1403636630.0135555
Dropping frame 1403636630.3135555
Dropping frame 1403636630.6635556
Dropping frame 1403636630.7635555
Dropping frame 1403636630.9635556
Dropping frame 1403636631.1135554
Dropping frame 1403636631.2135556
Dropping frame 1403636631.4135554
Dropping frame 1403636631.5135555
Dropping frame 1403636631.7135556
Dropping frame 1403636632.1135554
Dropping frame 1403636632.2135556
Dropping frame 1403636632.3635557
Dropping frame 1403636632.5635555
Dropping frame 1403636632.8635557
Dropping frame 1403636633.0135555
Dropping frame 1403636633.3635557
Dropping frame 1403636633.5635555
Dropping frame 1403636633.7135556
Dropping frame 1403636634.2135556
Dropping frame 1403636634.4135554
Dropping frame 1403636634.6135554
Dropping frame 1403636634.8135555
Dropping frame 1403636634.9135554
Dropping frame 1403636635.1635556
Dropping frame 1403636635.3635557
Dropping frame 1403636635.5635555
Dropping frame 1403636635.7635555
Dropping frame 1403636635.8635557
Dropping frame 1403636635.9635556
Dropping frame 1403636636.5635555
Dropping frame 1403636636.9635556
Dropping frame 1403636637.1635556
Dropping frame 1403636637.3635557
Dropping frame 1403636637.7635555
Dropping frame 1403636638.0135555
Dropping frame 1403636638.1135554
Dropping frame 1403636638.2635555
Dropping frame 1403636638.6135554
Dropping frame 1403636638.8135555
Dropping frame 1403636638.9635556
Dropping frame 1403636639.3635557
Dropping frame 1403636639.5135555
Dropping frame 1403636639.9135554
Dropping frame 1403636640.0135555
Dropping frame 1403636640.4135554
Dropping frame 1403636640.6135554
Dropping frame 1403636640.8635557
Dropping frame 1403636641.1135554
Dropping frame 1403636641.3135555
Dropping frame 1403636641.4135554
Dropping frame 1403636641.6135554
Dropping frame 1403636641.8135555
Dropping frame 1403636641.9135554
Dropping frame 1403636642.4135554
Dropping frame 1403636642.5635555
Dropping frame 1403636642.7635555
Dropping frame 1403636642.8635557
Dropping frame 1403636643.2635555
Dropping frame 1403636643.4135554
Dropping frame 1403636643.5635555
Dropping frame 1403636643.9635556
Dropping frame 1403636644.2135556
Dropping frame 1403636644.4135554
Dropping frame 1403636644.7635555
Dropping frame 1403636644.9135554
Dropping frame 1403636645.1635556
Dropping frame 1403636645.3635557
Dropping frame 1403636645.4635556
Dropping frame 1403636645.6135554
Dropping frame 1403636645.8635557
Dropping frame 1403636646.0635555
Dropping frame 1403636646.1635556
Dropping frame 1403636646.2635555
Dropping frame 1403636646.5135555
Dropping frame 1403636646.7635555
Dropping frame 1403636646.9135554
Dropping frame 1403636647.2135556
Dropping frame 1403636647.3135555
Dropping frame 1403636647.5635555
Dropping frame 1403636647.7635555
Dropping frame 1403636647.8635557
Dropping frame 1403636648.1635556
Dropping frame 1403636648.2635555
Dropping frame 1403636648.5135555
Dropping frame 1403636648.6135554
Dropping frame 1403636649.0635555
Dropping frame 1403636649.1635556
Dropping frame 1403636649.2635555
Dropping frame 1403636649.5135555
Dropping frame 1403636649.7135556
Dropping frame 1403636649.9635556
Dropping frame 1403636650.1635556
Dropping frame 1403636650.2635555
Dropping frame 1403636650.4635556
Dropping frame 1403636650.7635555
Dropping frame 1403636650.9635556
Dropping frame 1403636651.1635556
Dropping frame 1403636651.3135555
Dropping frame 1403636651.6635556
Dropping frame 1403636651.8635557
Dropping frame 1403636652.0135555
Dropping frame 1403636652.2635555
Dropping frame 1403636652.4635556
Dropping frame 1403636652.5635555
Dropping frame 1403636652.7135556
Dropping frame 1403636652.8635557
Dropping frame 1403636653.0635555
Dropping frame 1403636653.4635556
Dropping frame 1403636653.6635556
Dropping frame 1403636653.7635555
Dropping frame 1403636653.8635557
Dropping frame 1403636654.1135554
Dropping frame 1403636654.4135554
Dropping frame 1403636654.5135555
Dropping frame 1403636654.6135554
Dropping frame 1403636654.8135555
Dropping frame 1403636655.3135555
Dropping frame 1403636655.5135555
Dropping frame 1403636655.6135554
Dropping frame 1403636655.9135554
Dropping frame 1403636657.5135555
Dropping frame 1403636657.7635555
Dropping frame 1403636658.0135555
Dropping frame 1403636658.1135554
Dropping frame 1403636658.3635557
Dropping frame 1403636658.6135554
Dropping frame 1403636658.7135556
Dropping frame 1403636658.9135554
Dropping frame 1403636659.1135554
Dropping frame 1403636659.2635555
Dropping frame 1403636659.4635556
Dropping frame 1403636659.5635555
Dropping frame 1403636659.6635556
Dropping frame 1403636659.7635555
Dropping frame 1403636659.8635557
Dropping frame 1403636660.0635555
Dropping frame 1403636660.2635555
Dropping frame 1403636660.3635557
Dropping frame 1403636660.4635556
Dropping frame 1403636660.6635556
Dropping frame 1403636660.7635555
Dropping frame 1403636660.8635557
Dropping frame 1403636661.0635555
Dropping frame 1403636661.2635555
Dropping frame 1403636661.3635557
Dropping frame 1403636661.4635556
Dropping frame 1403636661.5635555
Dropping frame 1403636661.6635556
Dropping frame 1403636661.8635557
Dropping frame 1403636661.9635556
Dropping frame 1403636662.1635556
Dropping frame 1403636662.2635555
Dropping frame 1403636662.3635557
Dropping frame 1403636662.6135554
Dropping frame 1403636662.7135556
Dropping frame 1403636662.8135555
Dropping frame 1403636662.9135554
Dropping frame 1403636663.0135555
Dropping frame 1403636663.1135554
Dropping frame 1403636663.2135556
Dropping frame 1403636663.4135554
Dropping frame 1403636663.5135555
Dropping frame 1403636663.7135556
Dropping frame 1403636663.8135555
Dropping frame 1403636663.9135554
Dropping frame 1403636664.1135554
Dropping frame 1403636664.2135556
Dropping frame 1403636664.3135555
Dropping frame 1403636664.4135554
Dropping frame 1403636664.5135555
Dropping frame 1403636664.6135554
Dropping frame 1403636664.8135555
Dropping frame 1403636664.9135554
Dropping frame 1403636665.0135555
Dropping frame 1403636665.5635555
Dropping frame 1403636666.1135554
Dropping frame 1403636666.2135556
Dropping frame 1403636666.3635557
Dropping frame 1403636666.4635556
Dropping frame 1403636666.5635555
Dropping frame 1403636666.7635555
Dropping frame 1403636666.9635556
Dropping frame 1403636667.0635555
Dropping frame 1403636667.1635556
Dropping frame 1403636667.3635557
Dropping frame 1403636667.4635556
Dropping frame 1403636667.6635556
Dropping frame 1403636667.8635557
Dropping frame 1403636667.9635556
Dropping frame 1403636668.0635555
Dropping frame 1403636668.2635555
Dropping frame 1403636668.4635556
Dropping frame 1403636668.5635555
Dropping frame 1403636668.6635556
Dropping frame 1403636668.8635557
Dropping frame 1403636668.9635556
Dropping frame 1403636669.1635556
Dropping frame 1403636669.2635555
Dropping frame 1403636669.3635557
Dropping frame 1403636669.5635555
Dropping frame 1403636669.7635555
Dropping frame 1403636669.8635557
Dropping frame 1403636670.0635555
Dropping frame 1403636670.1635556
Dropping frame 1403636670.2635555
Dropping frame 1403636670.4635556
Dropping frame 1403636670.5635555
Dropping frame 1403636670.6635556
Dropping frame 1403636670.7635555
Dropping frame 1403636670.8635557
Dropping frame 1403636671.0635555
Dropping frame 1403636671.1635556
Dropping frame 1403636671.3635557
Dropping frame 1403636671.4635556
Dropping frame 1403636671.5635555
Dropping frame 1403636671.6635556
Dropping frame 1403636671.7635555
Dropping frame 1403636671.8635557
Dropping frame 1403636672.0635555
Dropping frame 1403636672.1635556
Dropping frame 1403636672.2635555
Dropping frame 1403636672.4635556
Dropping frame 1403636672.5635555
Dropping frame 1403636672.7635555
Dropping frame 1403636672.8635557
Dropping frame 1403636672.9635556
Dropping frame 1403636673.0635555
Dropping frame 1403636673.1635556
Dropping frame 1403636673.4135554
Dropping frame 1403636673.6135554
Dropping frame 1403636673.7135556
Dropping frame 1403636673.8135555
Dropping frame 1403636674.0135555
Dropping frame 1403636674.1135554
Dropping frame 1403636674.2135556
Dropping frame 1403636674.4135554
Dropping frame 1403636674.5135555
Dropping frame 1403636674.6135554
Dropping frame 1403636674.8135555
Dropping frame 1403636675.0135555
Dropping frame 1403636675.1135554
Dropping frame 1403636675.2635555
Dropping frame 1403636675.4635556
Dropping frame 1403636675.5635555
Dropping frame 1403636675.6635556
Dropping frame 1403636675.8635557
Dropping frame 1403636675.9635556
Dropping frame 1403636676.0635555
Dropping frame 1403636676.2635555
Dropping frame 1403636676.3635557
Dropping frame 1403636676.4635556
Dropping frame 1403636676.6635556
Dropping frame 1403636676.8635557
Dropping frame 1403636677.0635555
Dropping frame 1403636677.1635556
Dropping frame 1403636677.2635555
Dropping frame 1403636677.3635557
Dropping frame 1403636677.4635556
Dropping frame 1403636677.5635555
Dropping frame 1403636677.6635556
Dropping frame 1403636677.8135555
Dropping frame 1403636677.9135554
Dropping frame 1403636678.0135555
Dropping frame 1403636678.2135556
Dropping frame 1403636678.3635557
Dropping frame 1403636678.4635556
Dropping frame 1403636678.6135554
Dropping frame 1403636678.7135556
Dropping frame 1403636678.9135554
Dropping frame 1403636679.0135555
Dropping frame 1403636679.1135554
Dropping frame 1403636679.3135555
Dropping frame 1403636679.4135554
Dropping frame 1403636679.5135555
Dropping frame 1403636679.7135556
Dropping frame 1403636679.8135555
Dropping frame 1403636679.9135554
Dropping frame 1403636680.0135555
Dropping frame 1403636680.1135554
Dropping frame 1403636680.2635555
Dropping frame 1403636680.4635556
Dropping frame 1403636680.5635555
Dropping frame 1403636680.6635556
Dropping frame 1403636680.9135554
Dropping frame 1403636681.1135554
Dropping frame 1403636681.2135556
Dropping frame 1403636681.4135554
Dropping frame 1403636681.5135555
Dropping frame 1403636681.6135554
Dropping frame 1403636681.7135556
Dropping frame 1403636681.8635557
Dropping frame 1403636682.0635555
Dropping frame 1403636682.1635556
Dropping frame 1403636682.4135554
Dropping frame 1403636682.5135555
Dropping frame 1403636682.9135554
Dropping frame 1403636683.0135555
Dropping frame 1403636683.2635555
Dropping frame 1403636683.3635557
Dropping frame 1403636683.6135554
Dropping frame 1403636683.7135556
Dropping frame 1403636683.8135555
Dropping frame 1403636684.0135555
Dropping frame 1403636684.2135556
Dropping frame 1403636684.4135554
Dropping frame 1403636684.5635555
Dropping frame 1403636684.6635556
Dropping frame 1403636684.8135555
Dropping frame 1403636685.0635555
Dropping frame 1403636685.1635556
Dropping frame 1403636685.2635555
Dropping frame 1403636685.4635556
Dropping frame 1403636685.5635555
Dropping frame 1403636685.6635556
Dropping frame 1403636685.9135554
Dropping frame 1403636686.0135555
Dropping frame 1403636686.1135554
Dropping frame 1403636686.2135556
Dropping frame 1403636686.4135554
Dropping frame 1403636686.5135555
Dropping frame 1403636686.6135554
Dropping frame 1403636686.8135555
Dropping frame 1403636687.0135555
Dropping frame 1403636687.1135554
Dropping frame 1403636687.3635557
Dropping frame 1403636687.5135555
Dropping frame 1403636687.7135556
Dropping frame 1403636687.9135554
Dropping frame 1403636688.0135555
Dropping frame 1403636688.1135554
Dropping frame 1403636688.2135556
Dropping frame 1403636688.3135555
Dropping frame 1403636688.4135554
Dropping frame 1403636688.5135555
Dropping frame 1403636688.6635556
Dropping frame 1403636688.8635557
Dropping frame 1403636688.9635556
Dropping frame 1403636689.1635556
Dropping frame 1403636689.2635555
Dropping frame 1403636689.3635557
Dropping frame 1403636689.5635555
Dropping frame 1403636689.7635555
Dropping frame 1403636689.8635557
Dropping frame 1403636689.9635556
Dropping frame 1403636690.0635555
Dropping frame 1403636690.1635556
Dropping frame 1403636690.2635555
Dropping frame 1403636690.3635557
Dropping frame 1403636690.5635555
Dropping frame 1403636690.8635557
Dropping frame 1403636691.0635555
Dropping frame 1403636691.1635556
Dropping frame 1403636691.2635555
Dropping frame 1403636691.3635557
Dropping frame 1403636691.4635556
Dropping frame 1403636691.5635555
Dropping frame 1403636691.6635556
Dropping frame 1403636691.8635557
Dropping frame 1403636691.9635556
Dropping frame 1403636692.0635555
Dropping frame 1403636692.1635556
Dropping frame 1403636692.3635557
Dropping frame 1403636692.4635556
Dropping frame 1403636692.5635555
Dropping frame 1403636692.7635555
Dropping frame 1403636692.8635557
Dropping frame 1403636692.9635556
Dropping frame 1403636693.0635555
Dropping frame 1403636693.1635556
Dropping frame 1403636693.2635555
Dropping frame 1403636693.4635556
Dropping frame 1403636693.5635555
Dropping frame 1403636693.7635555
Dropping frame 1403636693.8635557
Dropping frame 1403636693.9635556
Dropping frame 1403636694.0635555
Dropping frame 1403636694.2635555
Dropping frame 1403636694.3635557
Dropping frame 1403636694.4635556
Dropping frame 1403636694.6635556
Dropping frame 1403636694.8635557
Dropping frame 1403636694.9635556
Dropping frame 1403636695.1635556
Dropping frame 1403636695.2635555
Dropping frame 1403636695.3635557
Dropping frame 1403636695.4635556
Dropping frame 1403636695.6635556
Dropping frame 1403636695.7635555
Dropping frame 1403636695.8635557
Dropping frame 1403636696.0635555
Dropping frame 1403636696.2635555
Dropping frame 1403636696.4635556
Dropping frame 1403636696.5635555
Dropping frame 1403636696.6635556
Dropping frame 1403636696.7635555
Dropping frame 1403636696.9635556
Dropping frame 1403636697.0635555
Dropping frame 1403636697.3635557
Dropping frame 1403636697.4635556
Dropping frame 1403636697.6635556
Dropping frame 1403636697.7635555
Dropping frame 1403636697.9635556
Dropping frame 1403636698.1635556
Dropping frame 1403636698.3635557
Dropping frame 1403636698.4635556
Dropping frame 1403636698.5635555
Dropping frame 1403636698.6635556
Dropping frame 1403636698.8635557
Dropping frame 1403636698.9635556
Dropping frame 1403636699.2135556
Dropping frame 1403636699.4135554
Dropping frame 1403636699.5135555
Dropping frame 1403636699.6135554
Dropping frame 1403636699.7135556
Dropping frame 1403636699.9635556
Dropping frame 1403636700.1635556
Dropping frame 1403636700.2635555
Dropping frame 1403636700.3635557
Dropping frame 1403636700.6135554
Dropping frame 1403636700.8135555
Dropping frame 1403636700.9135554
Dropping frame 1403636701.0135555
Dropping frame 1403636701.1135554
Dropping frame 1403636701.3135555
Dropping frame 1403636701.4135554
Dropping frame 1403636701.6135554
Dropping frame 1403636701.8135555
Dropping frame 1403636702.0135555
Dropping frame 1403636702.1135554
Dropping frame 1403636702.2135556
Dropping frame 1403636702.3135555
Dropping frame 1403636702.5135555
Dropping frame 1403636702.6135554
Dropping frame 1403636702.7135556
Dropping frame 1403636702.9135554
Dropping frame 1403636703.0135555
Dropping frame 1403636703.1135554
Dropping frame 1403636703.2135556
Dropping frame 1403636703.4135554
Dropping frame 1403636703.5135555
Dropping frame 1403636703.6135554
Dropping frame 1403636703.8135555
Dropping frame 1403636704.0135555
Dropping frame 1403636704.1135554
Dropping frame 1403636704.2135556
Dropping frame 1403636704.4135554
Dropping frame 1403636704.5135555
Dropping frame 1403636704.6135554
Dropping frame 1403636704.7135556
Dropping frame 1403636704.8135555
Dropping frame 1403636705.0135555
Dropping frame 1403636705.1135554
Dropping frame 1403636705.2135556
Dropping frame 1403636705.4135554
Dropping frame 1403636705.5135555
Dropping frame 1403636705.6135554
Dropping frame 1403636705.8135555
Dropping frame 1403636705.9135554
Dropping frame 1403636706.1135554
Dropping frame 1403636706.2135556
Dropping frame 1403636706.3135555
Dropping frame 1403636706.4135554
Dropping frame 1403636706.5135555
Dropping frame 1403636706.6135554
Dropping frame 1403636706.8135555
Dropping frame 1403636706.9135554
Dropping frame 1403636707.0135555
Dropping frame 1403636707.2135556
Dropping frame 1403636707.3135555
Dropping frame 1403636707.5135555
Dropping frame 1403636707.6135554
Dropping frame 1403636707.7135556
Dropping frame 1403636707.9635556
Dropping frame 1403636708.1135554
Dropping frame 1403636708.3135555
Dropping frame 1403636708.5135555
Dropping frame 1403636708.9635556
Dropping frame 1403636709.0635555
Dropping frame 1403636709.1635556
Dropping frame 1403636709.3635557
Dropping frame 1403636709.4635556
Dropping frame 1403636709.9135554
Dropping frame 1403636710.0135555
Dropping frame 1403636710.1135554
Dropping frame 1403636710.3135555
Dropping frame 1403636710.5135555
Dropping frame 1403636710.7135556
Dropping frame 1403636710.8135555
Dropping frame 1403636710.9135554
Dropping frame 1403636711.1635556
Dropping frame 1403636711.2635555
Dropping frame 1403636711.3635557
Dropping frame 1403636711.4635556
Dropping frame 1403636711.7135556
Dropping frame 1403636711.9135554
Dropping frame 1403636712.1135554
Dropping frame 1403636712.2135556
Dropping frame 1403636712.3135555
Dropping frame 1403636712.5135555
Dropping frame 1403636712.6135554
Dropping frame 1403636712.8135555
Dropping frame 1403636712.9135554
Dropping frame 1403636713.1135554
Dropping frame 1403636713.3635557
Dropping frame 1403636713.4635556
Dropping frame 1403636713.6635556
Dropping frame 1403636713.8635557
Dropping frame 1403636713.9635556
Dropping frame 1403636714.0635555
Dropping frame 1403636714.3635557
Dropping frame 1403636714.6635556
Dropping frame 1403636715.0135555
Dropping frame 1403636715.3635557
Dropping frame 1403636715.4635556
Dropping frame 1403636715.7135556
Dropping frame 1403636716.0135555
Dropping frame 1403636716.1135554
Dropping frame 1403636716.2135556
Dropping frame 1403636716.4635556
Dropping frame 1403636716.5635555
Dropping frame 1403636716.8635557
Dropping frame 1403636716.9635556
Dropping frame 1403636717.0635555
Dropping frame 1403636717.3135555
Dropping frame 1403636717.5135555
Dropping frame 1403636717.6135554
Dropping frame 1403636717.7135556
Dropping frame 1403636717.9635556
Dropping frame 1403636718.0635555
Dropping frame 1403636718.5135555
Dropping frame 1403636718.8135555
Dropping frame 1403636718.9135554
Dropping frame 1403636719.0135555
Dropping frame 1403636719.2135556
Dropping frame 1403636719.4635556
Dropping frame 1403636719.7635555
Dropping frame 1403636719.9635556
Dropping frame 1403636720.1635556
Dropping frame 1403636720.3635557
Dropping frame 1403636720.5635555
Dropping frame 1403636720.7135556
Dropping frame 1403636720.9635556
Dropping frame 1403636721.0635555
Dropping frame 1403636721.4135554
Dropping frame 1403636721.6135554
Dropping frame 1403636721.7135556
Dropping frame 1403636721.9635556
Dropping frame 1403636722.1635556
Dropping frame 1403636722.3635557
Dropping frame 1403636722.4635556
Dropping frame 1403636722.7635555
Dropping frame 1403636722.8635557
Dropping frame 1403636723.0635555
Dropping frame 1403636723.2635555
Dropping frame 1403636723.4635556
Dropping frame 1403636723.6635556
Dropping frame 1403636723.8635557
Dropping frame 1403636723.9635556
Dropping frame 1403636724.0635555
Dropping frame 1403636724.2635555
Dropping frame 1403636724.4635556
Dropping frame 1403636724.5635555
Dropping frame 1403636724.8135555
Dropping frame 1403636725.0135555
Dropping frame 1403636725.3635557
Dropping frame 1403636725.5635555
Dropping frame 1403636725.7635555
Dropping frame 1403636725.9635556
Dropping frame 1403636726.1635556
Dropping frame 1403636726.3635557
Dropping frame 1403636726.5635555
Dropping frame 1403636726.7635555
Dropping frame 1403636726.8635557
Dropping frame 1403636726.9635556
Dropping frame 1403636727.1635556
Dropping frame 1403636727.3635557
Dropping frame 1403636727.5135555
Dropping frame 1403636727.7135556
Dropping frame 1403636727.9135554
Dropping frame 1403636728.1135554
Dropping frame 1403636728.2635555
Dropping frame 1403636728.4635556
Dropping frame 1403636728.6635556
Dropping frame 1403636728.8635557
Dropping frame 1403636729.0635555
Dropping frame 1403636729.2635555
Dropping frame 1403636729.5635555
Dropping frame 1403636729.7635555
Dropping frame 1403636729.9635556
Dropping frame 1403636730.1635556
Dropping frame 1403636730.2635555
Dropping frame 1403636730.3635557
Dropping frame 1403636730.6135554
Dropping frame 1403636730.9635556
Dropping frame 1403636731.0635555
Dropping frame 1403636731.1635556
Dropping frame 1403636731.3135555
Dropping frame 1403636731.4135554
Dropping frame 1403636731.5135555
Dropping frame 1403636731.6635556
Dropping frame 1403636731.7635555
Dropping frame 1403636731.9635556
Dropping frame 1403636732.1635556
Dropping frame 1403636732.2635555
Dropping frame 1403636732.4635556
Dropping frame 1403636732.6635556
Dropping frame 1403636732.8635557
Dropping frame 1403636732.9635556
Dropping frame 1403636733.2135556
Dropping frame 1403636733.3135555
Dropping frame 1403636733.5635555
Dropping frame 1403636733.7635555
Dropping frame 1403636733.9635556
Dropping frame 1403636734.1135554
Dropping frame 1403636734.3135555
Dropping frame 1403636734.5135555
Dropping frame 1403636734.6135554
Dropping frame 1403636734.7135556
Dropping frame 1403636734.9135554
Dropping frame 1403636735.0135555
Dropping frame 1403636735.1135554
Dropping frame 1403636735.3135555
Dropping frame 1403636735.5135555
Dropping frame 1403636735.7135556
Dropping frame 1403636735.8135555
Dropping frame 1403636735.9135554
Dropping frame 1403636736.1635556
Dropping frame 1403636736.2635555
Dropping frame 1403636736.4635556
Dropping frame 1403636736.6635556
Dropping frame 1403636736.8635557
Dropping frame 1403636736.9635556
Dropping frame 1403636737.0635555
Dropping frame 1403636737.2635555
Dropping frame 1403636737.4635556
Dropping frame 1403636737.5635555
Dropping frame 1403636737.6635556
Dropping frame 1403636737.8635557
Dropping frame 1403636738.0635555
Dropping frame 1403636738.2635555
Dropping frame 1403636738.3635557
Dropping frame 1403636738.6135554
Dropping frame 1403636738.7135556
Dropping frame 1403636738.9635556
Dropping frame 1403636739.1635556
Dropping frame 1403636739.2635555
Dropping frame 1403636739.3635557
Dropping frame 1403636739.5635555
Dropping frame 1403636739.7635555
Dropping frame 1403636739.9635556
Dropping frame 1403636740.0635555
Dropping frame 1403636740.1635556
Dropping frame 1403636740.3635557
Dropping frame 1403636740.5635555
Dropping frame 1403636740.7635555
Dropping frame 1403636740.9635556
Dropping frame 1403636741.1635556
Dropping frame 1403636741.2635555
Dropping frame 1403636741.3635557
Dropping frame 1403636741.5635555
Dropping frame 1403636741.7635555
Dropping frame 1403636741.8635557
Dropping frame 1403636741.9635556
Dropping frame 1403636742.1635556
Dropping frame 1403636742.3635557
Dropping frame 1403636742.5635555
Dropping frame 1403636742.7635555
Dropping frame 1403636742.9635556
Dropping frame 1403636743.1635556
Dropping frame 1403636743.2635555
Dropping frame 1403636743.3635557
Dropping frame 1403636743.5635555
Dropping frame 1403636743.7635555
Dropping frame 1403636743.9635556
Dropping frame 1403636744.2635555
Dropping frame 1403636744.4635556
Dropping frame 1403636744.5635555
Dropping frame 1403636744.6635556
Dropping frame 1403636744.8635557
Dropping frame 1403636745.0635555
Dropping frame 1403636745.2635555
Dropping frame 1403636745.4635556
Dropping frame 1403636745.6635556
Dropping frame 1403636745.7635555
Dropping frame 1403636745.8635557
Dropping frame 1403636745.9635556
Dropping frame 1403636746.1635556
Dropping frame 1403636746.2635555
Dropping frame 1403636746.3635557
Dropping frame 1403636746.5635555
Dropping frame 1403636746.7635555
Dropping frame 1403636746.9635556
Dropping frame 1403636747.0635555
Dropping frame 1403636747.1635556
Dropping frame 1403636747.3635557
Dropping frame 1403636747.5635555
Dropping frame 1403636747.7635555
Dropping frame 1403636747.8635557
Dropping frame 1403636747.9635556
Dropping frame 1403636748.1635556
Dropping frame 1403636748.3635557
Dropping frame 1403636748.5635555
Dropping frame 1403636748.6635556
Dropping frame 1403636748.7635555
Dropping frame 1403636748.9635556
Dropping frame 1403636749.0635555
Dropping frame 1403636749.1635556
Dropping frame 1403636749.3635557
Dropping frame 1403636749.5635555
Dropping frame 1403636749.6635556
Dropping frame 1403636749.8635557
Dropping frame 1403636749.9635556
Dropping frame 1403636750.0635555
Dropping frame 1403636750.2635555
Dropping frame 1403636750.4635556
Dropping frame 1403636750.6635556
Dropping frame 1403636750.7635555
Dropping frame 1403636750.8635557
Dropping frame 1403636751.0635555
Dropping frame 1403636751.2635555
Dropping frame 1403636751.4635556
Dropping frame 1403636751.5635555
Dropping frame 1403636751.6635556
Dropping frame 1403636751.8635557
Dropping frame 1403636752.0635555
Dropping frame 1403636752.2635555
Dropping frame 1403636752.3635557
Dropping frame 1403636752.4635556
Dropping frame 1403636752.6635556
Dropping frame 1403636752.7635555
Dropping frame 1403636752.8635557
Dropping frame 1403636753.0635555
Dropping frame 1403636753.1635556
Dropping frame 1403636753.2635555
Dropping frame 1403636753.4635556
Dropping frame 1403636753.6635556
Dropping frame 1403636753.8635557
Dropping frame 1403636754.0635555
Dropping frame 1403636754.2635555
Dropping frame 1403636754.4635556
Dropping frame 1403636754.6635556
Dropping frame 1403636754.7635555
Dropping frame 1403636754.9635556
Dropping frame 1403636755.1635556
Dropping frame 1403636755.3635557
Dropping frame 1403636755.4635556
Dropping frame 1403636755.5635555
Dropping frame 1403636755.7635555
Dropping frame 1403636755.8635557
Dropping frame 1403636756.0635555
Dropping frame 1403636756.2635555
Dropping frame 1403636756.3635557
Dropping frame 1403636756.5635555
Dropping frame 1403636756.8135555
Dropping frame 1403636756.9135554
Dropping frame 1403636757.1135554
Dropping frame 1403636757.3135555
Dropping frame 1403636757.5135555
Dropping frame 1403636757.6135554
Dropping frame 1403636757.7135556
Dropping frame 1403636757.9135554
Dropping frame 1403636758.1135554
Dropping frame 1403636758.3135555
Dropping frame 1403636758.4135554
Dropping frame 1403636758.6635556
Dropping frame 1403636759.0135555
Dropping frame 1403636759.2135556
Dropping frame 1403636759.4135554
Dropping frame 1403636759.6635556
Dropping frame 1403636759.7635555
Dropping frame 1403636759.8635557
Dropping frame 1403636760.0635555
Dropping frame 1403636760.4635556
Dropping frame 1403636760.5635555
Dropping frame 1403636760.6635556
Dropping frame 1403636760.8635557
Dropping frame 1403636760.9635556
Dropping frame 1403636761.0635555
Dropping frame 1403636761.2635555
Dropping frame 1403636761.4635556
Dropping frame 1403636761.5635555
Dropping frame 1403636761.6635556
Dropping frame 1403636762.5635555
Dropping frame 1403636762.8135555
Dropping frame 1403636763.0135555
Fail to track local map!
Dropping frame 1403636763.1135554
Fail to track local map!
Dropping frame 1403636763.2135556
Fail to track local map!
Dropping frame 1403636763.3135555
Fail to track local map!
Fail to track local map!
Fail to track local map!
Dropping frame 1403636763.5135555
Fail to track local map!
Fail to track local map!
Fail to track local map!
Dropping frame 1403636763.7135556
Fail to track local map!
Dropping frame 1403636763.8135555
Shutdown
SLAM Finished at System Time: 1743100429.11064

 TIME STATS in ms (mean$\pm$std)
OpenCV version: 4.8.1
---------------------------
Tracking

ORB Extraction: 22.912$\pm$2.0999
Stereo Matching: 7.3826$\pm$2.0333
IMU Preintegration: 0.2565$\pm$0.10234
Pose Prediction: 0.21632$\pm$0.58485
LM Track: 20.859$\pm$6.1468
New KF decision: 1.2117$\pm$2.2613
Total Tracking: 32.067$\pm$29.535



Local Mapping

KF Insertion: 19.465$\pm$7.4516
MP Culling: 0.53564$\pm$0.21342
MP Creation: 51.909$\pm$16.031
LBA: 163.11$\pm$52.79
KF Culling: 18.332$\pm$11.154
Total Local Mapping: 253.4$\pm$77.688
---------------------------

LBA complexity (mean$\pm$std)
LBA Edges: 1981.1$\pm$834.64
LBA KF optimized: 6.5$\pm$2.2913
LBA KF fixed: 1$\pm$0
LBA MP: nan$\pm$nan

LBA executions: 518
LBA aborts: 0
---------------------------

Map complexity
KFs in map: 124
MPs in map: 8568
---------------------------

Place Recognition (mean$\pm$std)
Database Query: 1.6683$\pm$1.0491
SE3 estimation: 12.701$\pm$18.655
Total Place Recognition: 13.075$\pm$18.831


Loop Closing (mean$\pm$std)
Loop Fusion: nan$\pm$nan
Essential Graph: nan$\pm$nan
Total Loop Closing: nan$\pm$nan

Num exec: 0
Number of KFs: nan$\pm$nan

Map Merging (mean$\pm$std)
Merge Maps: nan$\pm$nan
Welding BA: nan$\pm$nan
Optimization Ess.: nan$\pm$nan
Total Map Merging: nan$\pm$nan

Num exec: 0
Number of KFs: nan$\pm$nan
Number of MPs: nan$\pm$nan

Full GBA (mean$\pm$std)
GBA: nan$\pm$nan
Map Update: nan$\pm$nan
Total Full GBA: nan$\pm$nan

Num exec: 0
Num abort: 0
Number of KFs: nan$\pm$nan
Number of MPs: nan$\pm$nan

Saving trajectory to f_dataset-MH01_stereo_imu.txt ...
There are 1 maps in the atlas
  Map 0 has 124 KFs

End of saving trajectory to f_dataset-MH01_stereo_imu.txt ...

Saving keyframe trajectory to kf_dataset-MH01_stereo_imu.txt ...
