num_seq = 1
file name: dataset-MH02_stereo_imu
Loading images for sequence 0...LOADED!
Loading IMU for sequence 0...LOADED!

-------

ORB-SLAM3 Copyright (C) 2017-2020 Carlos Campos, Richard Elvira, Juan J. Gómez, José M.M. Montiel and Juan D. Tardós, University of Zaragoza.
ORB-SLAM2 Copyright (C) 2014-2016 Raúl Mur-Artal, José M.M. Montiel and Juan D. Tardós, University of Zaragoza.
This program comes with ABSOLUTELY NO WARRANTY;
This is free software, and you are welcome to redistribute it
under certain conditions. See LICENSE.txt.

Built with REGISTER_TIMES
Git Commit Hash: 2d47524

Build Type: Release

Compiled with C++ version: 201703

Input sensor was set to: Stereo-Inertial
Loading settings from ./Examples/Stereo-Inertial/EuRoC_deadlines.yaml
	-Loaded camera 1
	-Loaded camera 2
	-Loaded image info
	-Loaded IMU calibration
	-Loaded ORB settings
	-Loaded viewer settings
	-Loaded Atlas settings
Deadlines enabled, will skip frames!
	-Loaded misc parameters
	-Computed rectification maps
----------------------------------
SLAM settings: 
	-Camera 1 parameters (Pinhole): [ 458.65399169921875 457.29598999023438 367.21499633789062 248.375 ]
	-Camera 1 distortion parameters: [  -0.28340810537338257 0.073959067463874817 0.00019359000725671649 1.7618711353861727e-05 ]
	-Camera 2 parameters (Pinhole: [ 457.58700561523438 456.13400268554688 379.99899291992188 255.23800659179688 ]
	-Camera 1 distortion parameters: [  -0.2836836576461792 0.074512839317321777 -0.00010473000293131918 -3.555907096597366e-05 ]
	-Original image size: [ 752 , 480 ]
	-Current image size: [ 752 , 480 ]
	-Camera 1 parameters after rectification: [  456.71499633789062 456.71499633789062 364.52615356445312 257.268798828125 ]
	-Sequence FPS: 20
	-Stereo baseline: 0.11007784307003021
	-Stereo depth threshold : 60
	-Gyro noise: 0.00016999999934341758
	-Accelerometer noise: 0.0020000000949949026
	-Gyro walk: 1.9392999092815444e-05
	-Accelerometer walk: 0.0030000000260770321
	-IMU frequency: 200
	-Features per image: 1200
	-ORB scale factor: 1.2000000476837158
	-ORB number of scales: 8
	-Initial FAST threshold: 20
	-Min FAST threshold: 7


Loading ORB Vocabulary. This could take a while...
Vocabulary loaded!

Initialization of Atlas from scratch 
Creation of new map with id: 0
Creation of new map with last KF id: 0
Seq. Name: 
There are 1 cameras in the atlas
Camera 0 is pinhole
SLAM Started at System Time: 1740790538.85117
not IMU meas
not IMU meas
not enough acceleration
not enough acceleration
not enough acceleration
not enough acceleration
not enough acceleration
not enough acceleration
First KF:0; Map init KF:0
New Map created with 191 points
Active map: 0
Dropping frame 1403636859.1516664
Dropping frame 1403636859.5016665
Dropping frame 1403636859.8016665
Dropping frame 1403636859.9016666
Dropping frame 1403636860.2516665
Dropping frame 1403636860.4516664
Dropping frame 1403636860.5516665
Dropping frame 1403636860.7016666
Dropping frame 1403636860.8516665
Dropping frame 1403636861.1016665
Dropping frame 1403636861.7016666
Dropping frame 1403636861.9516664
Dropping frame 1403636862.1016665
Dropping frame 1403636862.4016666
Dropping frame 1403636862.6016665
Dropping frame 1403636862.8016665
Dropping frame 1403636862.9016666
Dropping frame 1403636863.2016666
Dropping frame 1403636863.3016665
Dropping frame 1403636863.4016666
Dropping frame 1403636863.6516664
Dropping frame 1403636863.9016666
Dropping frame 1403636864.0016665
Dropping frame 1403636864.3516665
start VIBA 1
Dropping frame 1403636864.6516664
end VIBA 1
Dropping frame 1403636864.7516665
Dropping frame 1403636864.8516665
Dropping frame 1403636865.0516665
Dropping frame 1403636865.2516665
Dropping frame 1403636865.3516665
Dropping frame 1403636865.4516664
Dropping frame 1403636865.5516665
Dropping frame 1403636865.6516664
Dropping frame 1403636865.8516665
Dropping frame 1403636866.0516665
Dropping frame 1403636866.2516665
Dropping frame 1403636866.4016666
Dropping frame 1403636866.9516664
Dropping frame 1403636867.1516664
Dropping frame 1403636867.3016665
Dropping frame 1403636867.4016666
Dropping frame 1403636867.5516665
Dropping frame 1403636867.7516665
Dropping frame 1403636867.8516665
Dropping frame 1403636867.9516664
Dropping frame 1403636868.2516665
Dropping frame 1403636868.4516664
Dropping frame 1403636868.6516664
Dropping frame 1403636868.7516665
Dropping frame 1403636868.8516665
Dropping frame 1403636869.0516665
Dropping frame 1403636869.2016666
Dropping frame 1403636869.4016666
Dropping frame 1403636869.6016665
Dropping frame 1403636869.8016665
Dropping frame 1403636870.0016665
Dropping frame 1403636870.2016666
Dropping frame 1403636870.3016665
Dropping frame 1403636870.4016666
Dropping frame 1403636870.6016665
Dropping frame 1403636870.7016666
Dropping frame 1403636870.8016665
Dropping frame 1403636871.0016665
Dropping frame 1403636871.1016665
Dropping frame 1403636871.2016666
Dropping frame 1403636871.4016666
Dropping frame 1403636871.5016665
Dropping frame 1403636871.7016666
Dropping frame 1403636871.8016665
Dropping frame 1403636871.9016666
Dropping frame 1403636872.0016665
Dropping frame 1403636872.1016665
Dropping frame 1403636872.2016666
Dropping frame 1403636872.3016665
Dropping frame 1403636872.4016666
Dropping frame 1403636872.5016665
Dropping frame 1403636872.7516665
Dropping frame 1403636872.8516665
Dropping frame 1403636873.1016665
Dropping frame 1403636873.2016666
Dropping frame 1403636873.4016666
Dropping frame 1403636873.6016665
Dropping frame 1403636873.7016666
Dropping frame 1403636873.9016666
Dropping frame 1403636874.0016665
Dropping frame 1403636874.4016666
Dropping frame 1403636874.6016665
Dropping frame 1403636874.8016665
start VIBA 2
end VIBA 2
Dropping frame 1403636875.0516665
Dropping frame 1403636875.2016666
Dropping frame 1403636875.4516664
Dropping frame 1403636875.7016666
Dropping frame 1403636875.9016666
Dropping frame 1403636876.1016665
Dropping frame 1403636876.2516665
Dropping frame 1403636876.4516664
Dropping frame 1403636876.5516665
Dropping frame 1403636876.7516665
Dropping frame 1403636876.8516665
Dropping frame 1403636876.9516664
Dropping frame 1403636877.2016666
Dropping frame 1403636877.3016665
Dropping frame 1403636877.5016665
Dropping frame 1403636877.6016665
Dropping frame 1403636877.7016666
Dropping frame 1403636877.9016666
Dropping frame 1403636878.0016665
Dropping frame 1403636878.1016665
Dropping frame 1403636878.3516665
Dropping frame 1403636878.9016666
Dropping frame 1403636879.0016665
Dropping frame 1403636879.2516665
Dropping frame 1403636879.4516664
Dropping frame 1403636879.6516664
Dropping frame 1403636879.7516665
Dropping frame 1403636880.0016665
Dropping frame 1403636880.2016666
Dropping frame 1403636880.4016666
Dropping frame 1403636880.5016665
Dropping frame 1403636880.7516665
Dropping frame 1403636880.9516664
Dropping frame 1403636881.0516665
Dropping frame 1403636881.3016665
Dropping frame 1403636881.5016665
Dropping frame 1403636881.7016666
Dropping frame 1403636881.9016666
Dropping frame 1403636882.1016665
Dropping frame 1403636882.3016665
Dropping frame 1403636882.5016665
Dropping frame 1403636882.8516665
Dropping frame 1403636882.9516664
Dropping frame 1403636883.0516665
Dropping frame 1403636883.3016665
Dropping frame 1403636883.5016665
Dropping frame 1403636883.6016665
Dropping frame 1403636883.7016666
Dropping frame 1403636883.8016665
Dropping frame 1403636884.1516664
Dropping frame 1403636884.2516665
Dropping frame 1403636884.5016665
Dropping frame 1403636884.6016665
Dropping frame 1403636884.8516665
Dropping frame 1403636885.0516665
Dropping frame 1403636885.1516664
Dropping frame 1403636885.4016666
Dropping frame 1403636885.6016665
Dropping frame 1403636885.7516665
Dropping frame 1403636885.9016666
Dropping frame 1403636886.0516665
Dropping frame 1403636886.2516665
Dropping frame 1403636886.5516665
Dropping frame 1403636886.6516664
Dropping frame 1403636887.2516665
Dropping frame 1403636887.5016665
Dropping frame 1403636887.8016665
Dropping frame 1403636887.9016666
Dropping frame 1403636888.0516665
Dropping frame 1403636888.2516665
Dropping frame 1403636888.6016665
Dropping frame 1403636888.9016666
Dropping frame 1403636889.1016665
Dropping frame 1403636889.2016666
Dropping frame 1403636889.6016665
Dropping frame 1403636889.7016666
Dropping frame 1403636889.9516664
Dropping frame 1403636890.3016665
Dropping frame 1403636891.4016666
Dropping frame 1403636892.2516665
Dropping frame 1403636892.3516665
Dropping frame 1403636893.1016665
Dropping frame 1403636893.2016666
Dropping frame 1403636893.7516665
Dropping frame 1403636893.9016666
Dropping frame 1403636894.2516665
Dropping frame 1403636894.6016665
Dropping frame 1403636894.7016666
Dropping frame 1403636894.9516664
Dropping frame 1403636895.0516665
Dropping frame 1403636895.1516664
Dropping frame 1403636895.3516665
Dropping frame 1403636895.5516665
Dropping frame 1403636895.6516664
Dropping frame 1403636895.9516664
Dropping frame 1403636896.0516665
Dropping frame 1403636896.3016665
Dropping frame 1403636896.5016665
Dropping frame 1403636896.6016665
Dropping frame 1403636896.7516665
Dropping frame 1403636896.9516664
Dropping frame 1403636897.3016665
Dropping frame 1403636897.4016666
Dropping frame 1403636897.6516664
Dropping frame 1403636897.7516665
Dropping frame 1403636897.9516664
Dropping frame 1403636898.0516665
Dropping frame 1403636898.3016665
Dropping frame 1403636898.4516664
Dropping frame 1403636898.6516664
Dropping frame 1403636898.7516665
Dropping frame 1403636899.0016665
Dropping frame 1403636899.1516664
Dropping frame 1403636899.5016665
Dropping frame 1403636899.7016666
Dropping frame 1403636899.9016666
Dropping frame 1403636900.0516665
Dropping frame 1403636900.3016665
Dropping frame 1403636900.7516665
Dropping frame 1403636901.7516665
Dropping frame 1403636902.0016665
Dropping frame 1403636902.2016666
Dropping frame 1403636902.3516665
Dropping frame 1403636902.6016665
Dropping frame 1403636903.3516665
Dropping frame 1403636903.8516665
Dropping frame 1403636904.1016665
Dropping frame 1403636905.1016665
Dropping frame 1403636905.2016666
Dropping frame 1403636905.4516664
Dropping frame 1403636905.9016666
Dropping frame 1403636906.2516665
Dropping frame 1403636906.6516664
Dropping frame 1403636906.8516665
Dropping frame 1403636907.1516664
Dropping frame 1403636907.6016665
Dropping frame 1403636907.8516665
Dropping frame 1403636908.2516665
Dropping frame 1403636908.8016665
Dropping frame 1403636909.6516664
Dropping frame 1403636910.1516664
Dropping frame 1403636910.6016665
Dropping frame 1403636910.8516665
Dropping frame 1403636911.4016666
Dropping frame 1403636912.5016665
Dropping frame 1403636912.7516665
Dropping frame 1403636913.0516665
Dropping frame 1403636913.4516664
Dropping frame 1403636913.6516664
Dropping frame 1403636913.8516665
Dropping frame 1403636914.0016665
Dropping frame 1403636914.4516664
Dropping frame 1403636914.7016666
Dropping frame 1403636914.9016666
Dropping frame 1403636915.2516665
Dropping frame 1403636915.6016665
Dropping frame 1403636916.1016665
Dropping frame 1403636916.4516664
Dropping frame 1403636917.0016665
Dropping frame 1403636917.2016666
Dropping frame 1403636917.4516664
Dropping frame 1403636917.8016665
Dropping frame 1403636918.2516665
Dropping frame 1403636918.6016665
Dropping frame 1403636918.7016666
Dropping frame 1403636918.9016666
Dropping frame 1403636919.0516665
Dropping frame 1403636919.4516664
Dropping frame 1403636921.0016665
Dropping frame 1403636921.3016665
Dropping frame 1403636921.7516665
Dropping frame 1403636922.0516665
Dropping frame 1403636922.1516664
Dropping frame 1403636922.7516665
Dropping frame 1403636922.8516665
Dropping frame 1403636923.1016665
Dropping frame 1403636923.2016666
Dropping frame 1403636923.3016665
Dropping frame 1403636923.5016665
Dropping frame 1403636923.6016665
Dropping frame 1403636923.8016665
Dropping frame 1403636923.9016666
Dropping frame 1403636924.0016665
Dropping frame 1403636924.2516665
Dropping frame 1403636924.3516665
Dropping frame 1403636924.4516664
Dropping frame 1403636924.5516665
Dropping frame 1403636924.6516664
Dropping frame 1403636924.8016665
Dropping frame 1403636924.9016666
Dropping frame 1403636925.1016665
Dropping frame 1403636925.2016666
Dropping frame 1403636925.3016665
Dropping frame 1403636925.4016666
Dropping frame 1403636925.5016665
Dropping frame 1403636925.6016665
Dropping frame 1403636925.7016666
Dropping frame 1403636925.8016665
Dropping frame 1403636925.9016666
Dropping frame 1403636926.0016665
Dropping frame 1403636926.1016665
Dropping frame 1403636926.2016666
Dropping frame 1403636926.3016665
Dropping frame 1403636926.4016666
Dropping frame 1403636926.6016665
Dropping frame 1403636926.7016666
Dropping frame 1403636926.8016665
Dropping frame 1403636927.0016665
Dropping frame 1403636927.1016665
Dropping frame 1403636927.2016666
Dropping frame 1403636927.3016665
Dropping frame 1403636927.5016665
Dropping frame 1403636927.6016665
Dropping frame 1403636927.7016666
Dropping frame 1403636927.9016666
Dropping frame 1403636928.0016665
Dropping frame 1403636928.2016666
Dropping frame 1403636928.3016665
Dropping frame 1403636928.4016666
Dropping frame 1403636928.5016665
Dropping frame 1403636928.7016666
Dropping frame 1403636928.8016665
Dropping frame 1403636928.9016666
Dropping frame 1403636929.0016665
Dropping frame 1403636929.1016665
Dropping frame 1403636929.2516665
Dropping frame 1403636929.4016666
Dropping frame 1403636929.5016665
Dropping frame 1403636929.6016665
Dropping frame 1403636929.7016666
Dropping frame 1403636929.8016665
Dropping frame 1403636929.9016666
Dropping frame 1403636930.1016665
Dropping frame 1403636930.2016666
Dropping frame 1403636930.3516665
Dropping frame 1403636930.4516664
Dropping frame 1403636930.5516665
Dropping frame 1403636930.6516664
Dropping frame 1403636930.7516665
Dropping frame 1403636931.0016665
Dropping frame 1403636931.1016665
Dropping frame 1403636931.2016666
Dropping frame 1403636931.3016665
Dropping frame 1403636931.5016665
Dropping frame 1403636931.6016665
Dropping frame 1403636931.7016666
Dropping frame 1403636931.8016665
Dropping frame 1403636931.9016666
Dropping frame 1403636932.0516665
Dropping frame 1403636932.1516664
Dropping frame 1403636932.2516665
Dropping frame 1403636932.3516665
Dropping frame 1403636932.4516664
Dropping frame 1403636932.5516665
Dropping frame 1403636932.6516664
Dropping frame 1403636932.7516665
Dropping frame 1403636932.8516665
Dropping frame 1403636932.9516664
Dropping frame 1403636933.0516665
Dropping frame 1403636933.1516664
Dropping frame 1403636933.2516665
Dropping frame 1403636933.4516664
Dropping frame 1403636933.6516664
Dropping frame 1403636933.7516665
Dropping frame 1403636933.8516665
Dropping frame 1403636933.9516664
Dropping frame 1403636934.1516664
Dropping frame 1403636934.2516665
Dropping frame 1403636934.3516665
Dropping frame 1403636934.4516664
Dropping frame 1403636934.6016665
Dropping frame 1403636934.7016666
Dropping frame 1403636934.8016665
Dropping frame 1403636935.0016665
Dropping frame 1403636935.1016665
Dropping frame 1403636935.2016666
Dropping frame 1403636935.3016665
Dropping frame 1403636935.4016666
Dropping frame 1403636935.5016665
Dropping frame 1403636935.7016666
Dropping frame 1403636935.8016665
Dropping frame 1403636935.9016666
Dropping frame 1403636936.0016665
Dropping frame 1403636936.1016665
Dropping frame 1403636936.2016666
Dropping frame 1403636936.3016665
Dropping frame 1403636936.5016665
Dropping frame 1403636936.6016665
Dropping frame 1403636936.7016666
Dropping frame 1403636936.9016666
Dropping frame 1403636937.0016665
Dropping frame 1403636937.1016665
Dropping frame 1403636937.2016666
Dropping frame 1403636937.3016665
Dropping frame 1403636937.5016665
Dropping frame 1403636937.6516664
Dropping frame 1403636937.7516665
Dropping frame 1403636937.8516665
Dropping frame 1403636937.9516664
Dropping frame 1403636938.0516665
Dropping frame 1403636938.1516664
Dropping frame 1403636938.3516665
Dropping frame 1403636938.4516664
Dropping frame 1403636938.6016665
Dropping frame 1403636938.8016665
Dropping frame 1403636938.9016666
Dropping frame 1403636939.0016665
Dropping frame 1403636939.1016665
Dropping frame 1403636939.2016666
Dropping frame 1403636939.3016665
Dropping frame 1403636939.4016666
Dropping frame 1403636939.6016665
Dropping frame 1403636939.7016666
Dropping frame 1403636939.8016665
Dropping frame 1403636939.9016666
Dropping frame 1403636940.0016665
Dropping frame 1403636940.1516664
Dropping frame 1403636940.2516665
Dropping frame 1403636940.5516665
Dropping frame 1403636940.6516664
Dropping frame 1403636941.0016665
Dropping frame 1403636941.1516664
Dropping frame 1403636941.2516665
Dropping frame 1403636941.5016665
Dropping frame 1403636941.6016665
Dropping frame 1403636941.8016665
Dropping frame 1403636941.9016666
Dropping frame 1403636942.0016665
Dropping frame 1403636942.1016665
Dropping frame 1403636942.2516665
Dropping frame 1403636942.4516664
Dropping frame 1403636942.6516664
Dropping frame 1403636942.7516665
Dropping frame 1403636942.9016666
Dropping frame 1403636943.0516665
Dropping frame 1403636943.3516665
Dropping frame 1403636943.5016665
Dropping frame 1403636943.6016665
Dropping frame 1403636943.8016665
Dropping frame 1403636944.0016665
Dropping frame 1403636944.1016665
Dropping frame 1403636944.5516665
Dropping frame 1403636944.8016665
Dropping frame 1403636944.9516664
Dropping frame 1403636945.1016665
Dropping frame 1403636945.4016666
Dropping frame 1403636945.6516664
Dropping frame 1403636945.8016665
Dropping frame 1403636946.0516665
Dropping frame 1403636946.1516664
Dropping frame 1403636946.5016665
Dropping frame 1403636947.1516664
Dropping frame 1403636947.3516665
Dropping frame 1403636947.4516664
Dropping frame 1403636947.5516665
Dropping frame 1403636947.7516665
Dropping frame 1403636947.8516665
Dropping frame 1403636947.9516664
Dropping frame 1403636948.1516664
Dropping frame 1403636948.2516665
Dropping frame 1403636948.4516664
Dropping frame 1403636948.5516665
Dropping frame 1403636948.7016666
Dropping frame 1403636948.8516665
Dropping frame 1403636948.9516664
Dropping frame 1403636949.2016666
Dropping frame 1403636949.3016665
Dropping frame 1403636949.4016666
Dropping frame 1403636949.5016665
Dropping frame 1403636949.7016666
Dropping frame 1403636949.8516665
Dropping frame 1403636950.0516665
Dropping frame 1403636950.1516664
Dropping frame 1403636950.2516665
Dropping frame 1403636950.4516664
Dropping frame 1403636950.6516664
Dropping frame 1403636950.7516665
Dropping frame 1403636951.1516664
Dropping frame 1403636951.2516665
Dropping frame 1403636951.3516665
Dropping frame 1403636951.4516664
Dropping frame 1403636951.5516665
Dropping frame 1403636951.6516664
Dropping frame 1403636951.7516665
Dropping frame 1403636952.0516665
Dropping frame 1403636952.1516664
Dropping frame 1403636952.2516665
Dropping frame 1403636952.4016666
Dropping frame 1403636952.6516664
Dropping frame 1403636952.7516665
Dropping frame 1403636952.8516665
Dropping frame 1403636952.9516664
Dropping frame 1403636953.0516665
Dropping frame 1403636953.1516664
Dropping frame 1403636953.3016665
Dropping frame 1403636953.4016666
Dropping frame 1403636953.5016665
Dropping frame 1403636953.7016666
Dropping frame 1403636953.8016665
Dropping frame 1403636953.9016666
Dropping frame 1403636954.1016665
Dropping frame 1403636954.2016666
Dropping frame 1403636954.3016665
Dropping frame 1403636954.4016666
Dropping frame 1403636954.6016665
Dropping frame 1403636954.7016666
Dropping frame 1403636954.8516665
Dropping frame 1403636954.9516664
Dropping frame 1403636955.0516665
Dropping frame 1403636955.2516665
Dropping frame 1403636955.3516665
Dropping frame 1403636955.4516664
Dropping frame 1403636955.5516665
Dropping frame 1403636955.6516664
Dropping frame 1403636955.8016665
Dropping frame 1403636955.9016666
Dropping frame 1403636956.1016665
Dropping frame 1403636956.2016666
Dropping frame 1403636956.3016665
Dropping frame 1403636956.4016666
Dropping frame 1403636956.5016665
Dropping frame 1403636956.6016665
Dropping frame 1403636956.8016665
Dropping frame 1403636957.0016665
Dropping frame 1403636957.1016665
Dropping frame 1403636957.2016666
Dropping frame 1403636957.4016666
Dropping frame 1403636957.5016665
Dropping frame 1403636957.7016666
Dropping frame 1403636957.8016665
Dropping frame 1403636957.9516664
Dropping frame 1403636958.0516665
Dropping frame 1403636958.2016666
Dropping frame 1403636958.4016666
Dropping frame 1403636958.5016665
Dropping frame 1403636958.6016665
Dropping frame 1403636958.7016666
Dropping frame 1403636958.8016665
Dropping frame 1403636958.9516664
Dropping frame 1403636959.0516665
Dropping frame 1403636959.1516664
Dropping frame 1403636959.2516665
Dropping frame 1403636959.3516665
Dropping frame 1403636959.4516664
Dropping frame 1403636959.5516665
Dropping frame 1403636959.6516664
Dropping frame 1403636959.7516665
Dropping frame 1403636959.8516665
Dropping frame 1403636959.9516664
Dropping frame 1403636960.0516665
Dropping frame 1403636960.1516664
Dropping frame 1403636960.2516665
Dropping frame 1403636960.3516665
Dropping frame 1403636960.4516664
Dropping frame 1403636960.5516665
Dropping frame 1403636960.6516664
Dropping frame 1403636960.7516665
Dropping frame 1403636960.8516665
Dropping frame 1403636960.9516664
Dropping frame 1403636961.0516665
Dropping frame 1403636961.1516664
Dropping frame 1403636961.2516665
Dropping frame 1403636961.4516664
Dropping frame 1403636961.5516665
Dropping frame 1403636961.6516664
Dropping frame 1403636961.7516665
Dropping frame 1403636961.8516665
Dropping frame 1403636962.0516665
Dropping frame 1403636962.1516664
Dropping frame 1403636962.2516665
Dropping frame 1403636962.3516665
Dropping frame 1403636962.4516664
Dropping frame 1403636962.5516665
Dropping frame 1403636962.6516664
Dropping frame 1403636962.7516665
Dropping frame 1403636962.9516664
Dropping frame 1403636963.0516665
Dropping frame 1403636963.1516664
Dropping frame 1403636963.2516665
Dropping frame 1403636963.3516665
Dropping frame 1403636963.5516665
Dropping frame 1403636963.7516665
Dropping frame 1403636963.8516665
Dropping frame 1403636963.9516664
Dropping frame 1403636964.0516665
Dropping frame 1403636964.1516664
Dropping frame 1403636964.2516665
Dropping frame 1403636964.3516665
Dropping frame 1403636964.4516664
Dropping frame 1403636964.5516665
Dropping frame 1403636964.6516664
Dropping frame 1403636964.7516665
Dropping frame 1403636964.9516664
Dropping frame 1403636965.1516664
Dropping frame 1403636965.2516665
Dropping frame 1403636965.3516665
Dropping frame 1403636965.4516664
Dropping frame 1403636965.6516664
Dropping frame 1403636965.8516665
Dropping frame 1403636966.0516665
Dropping frame 1403636966.1516664
Dropping frame 1403636966.2516665
Dropping frame 1403636966.4516664
Dropping frame 1403636966.6516664
Dropping frame 1403636966.7516665
Dropping frame 1403636966.8516665
Dropping frame 1403636967.0516665
Dropping frame 1403636967.2516665
Dropping frame 1403636967.4516664
Dropping frame 1403636967.5516665
Dropping frame 1403636967.6516664
Dropping frame 1403636967.7516665
Dropping frame 1403636967.9516664
Dropping frame 1403636968.1516664
Dropping frame 1403636968.3516665
Dropping frame 1403636968.5516665
Dropping frame 1403636968.7516665
Dropping frame 1403636968.8516665
Dropping frame 1403636969.0516665
Dropping frame 1403636969.2516665
Dropping frame 1403636969.3516665
Dropping frame 1403636969.4516664
Dropping frame 1403636969.6516664
Dropping frame 1403636969.8516665
Dropping frame 1403636970.0516665
Dropping frame 1403636970.2516665
Dropping frame 1403636970.4516664
Dropping frame 1403636970.6516664
Dropping frame 1403636970.8516665
Dropping frame 1403636971.0516665
Dropping frame 1403636971.2516665
Dropping frame 1403636971.4516664
Dropping frame 1403636971.6516664
Dropping frame 1403636971.8516665
Dropping frame 1403636972.0516665
Dropping frame 1403636972.2516665
Dropping frame 1403636972.3516665
Dropping frame 1403636972.4516664
Dropping frame 1403636972.6516664
Dropping frame 1403636972.8516665
Dropping frame 1403636973.0516665
Dropping frame 1403636973.1516664
Dropping frame 1403636973.2516665
Dropping frame 1403636973.4516664
Dropping frame 1403636973.6516664
Dropping frame 1403636974.1016665
Dropping frame 1403636974.6016665
Dropping frame 1403636974.7016666
Dropping frame 1403636974.8016665
Dropping frame 1403636975.0016665
Dropping frame 1403636975.2016666
Dropping frame 1403636975.3016665
Dropping frame 1403636975.4016666
Dropping frame 1403636975.6016665
Dropping frame 1403636975.8016665
Dropping frame 1403636976.0016665
Dropping frame 1403636976.2016666
Dropping frame 1403636976.3016665
Dropping frame 1403636976.4016666
Dropping frame 1403636976.6016665
Dropping frame 1403636976.8016665
Dropping frame 1403636977.0016665
Dropping frame 1403636977.2016666
Dropping frame 1403636977.4016666
Dropping frame 1403636977.5016665
Dropping frame 1403636977.7016666
Dropping frame 1403636977.8016665
Dropping frame 1403636978.0016665
Dropping frame 1403636978.2016666
Dropping frame 1403636978.4016666
Dropping frame 1403636978.6016665
Dropping frame 1403636978.8016665
Dropping frame 1403636979.0016665
Dropping frame 1403636979.1016665
Dropping frame 1403636979.2016666
Dropping frame 1403636979.4016666
Dropping frame 1403636979.6016665
Dropping frame 1403636979.7016666
Dropping frame 1403636979.9016666
Dropping frame 1403636980.1016665
Dropping frame 1403636980.3016665
Dropping frame 1403636980.5016665
Dropping frame 1403636980.7016666
Dropping frame 1403636980.8016665
Dropping frame 1403636980.9016666
Dropping frame 1403636981.0016665
Dropping frame 1403636981.2016666
Dropping frame 1403636981.4016666
Dropping frame 1403636981.6016665
Dropping frame 1403636981.8016665
Dropping frame 1403636981.9016666
Dropping frame 1403636982.1516664
Dropping frame 1403636982.3516665
Dropping frame 1403636982.5516665
Dropping frame 1403636982.7516665
Dropping frame 1403636982.9516664
Dropping frame 1403636983.0516665
Dropping frame 1403636983.2516665
Dropping frame 1403636983.4516664
Dropping frame 1403636983.6516664
Dropping frame 1403636983.8516665
Dropping frame 1403636984.0516665
Dropping frame 1403636984.2516665
Dropping frame 1403636984.4516664
Dropping frame 1403636984.6516664
Dropping frame 1403636984.8516665
Dropping frame 1403636985.0516665
Dropping frame 1403636985.2516665
Dropping frame 1403636985.4516664
Dropping frame 1403636985.6516664
Dropping frame 1403636985.7516665
Dropping frame 1403636985.8516665
Dropping frame 1403636986.0516665
Dropping frame 1403636986.1516664
Dropping frame 1403636986.2516665
Dropping frame 1403636986.4516664
Dropping frame 1403636986.6516664
Dropping frame 1403636986.8516665
Dropping frame 1403636987.1516664
Dropping frame 1403636987.3516665
Dropping frame 1403636987.5516665
Dropping frame 1403636987.7516665
Dropping frame 1403636987.9516664
Dropping frame 1403636988.0516665
Dropping frame 1403636988.2516665
Dropping frame 1403636988.4516664
Dropping frame 1403636988.6516664
Dropping frame 1403636988.7516665
Dropping frame 1403636989.0016665
Dropping frame 1403636989.2016666
Dropping frame 1403636989.4016666
Dropping frame 1403636989.6016665
Dropping frame 1403636989.8016665
Dropping frame 1403636990.0016665
Dropping frame 1403636990.1016665
Dropping frame 1403636990.3516665
Dropping frame 1403636990.5516665
Dropping frame 1403636990.7516665
Dropping frame 1403636990.9516664
Dropping frame 1403636991.1516664
Dropping frame 1403636991.3516665
Dropping frame 1403636991.5516665
Dropping frame 1403636991.6516664
Dropping frame 1403636991.9016666
Dropping frame 1403636992.1016665
Dropping frame 1403636992.3016665
Dropping frame 1403636992.4016666
Dropping frame 1403636992.5016665
Dropping frame 1403636992.7016666
Dropping frame 1403636992.9016666
Dropping frame 1403636993.1016665
Dropping frame 1403636993.3016665
Dropping frame 1403636993.5016665
Dropping frame 1403636993.6016665
Dropping frame 1403636993.7016666
Dropping frame 1403636993.9016666
Dropping frame 1403636994.0016665
Dropping frame 1403636994.2016666
Dropping frame 1403636994.4016666
Dropping frame 1403636994.6016665
Dropping frame 1403636994.8016665
Dropping frame 1403636995.0016665
Dropping frame 1403636995.2016666
Dropping frame 1403636995.3016665
Dropping frame 1403636995.4016666
Dropping frame 1403636995.6016665
Dropping frame 1403636995.8016665
Dropping frame 1403636995.9016666
Dropping frame 1403636996.1016665
Dropping frame 1403636996.2016666
Dropping frame 1403636996.3016665
Dropping frame 1403636996.5016665
Dropping frame 1403636996.7016666
Dropping frame 1403636996.9016666
Dropping frame 1403636997.1016665
Dropping frame 1403636997.3016665
Dropping frame 1403636997.5016665
Dropping frame 1403636997.7016666
Dropping frame 1403636997.8016665
Dropping frame 1403636997.9016666
Dropping frame 1403636998.1016665
Dropping frame 1403636998.3016665
Dropping frame 1403636998.5016665
Dropping frame 1403636998.7016666
Dropping frame 1403636998.9016666
Dropping frame 1403636999.0016665
Dropping frame 1403636999.2016666
Dropping frame 1403636999.4016666
Dropping frame 1403636999.5016665
Dropping frame 1403636999.6016665
Dropping frame 1403636999.9016666
Dropping frame 1403637000.1016665
Dropping frame 1403637000.2016666
Dropping frame 1403637000.3016665
Dropping frame 1403637000.4516664
Dropping frame 1403637000.5516665
Dropping frame 1403637000.9516664
Dropping frame 1403637001.1516664
Dropping frame 1403637001.2516665
Dropping frame 1403637001.3516665
Dropping frame 1403637001.6016665
Dropping frame 1403637001.8016665
Dropping frame 1403637001.9016666
Dropping frame 1403637002.0016665
Dropping frame 1403637002.2016666
Dropping frame 1403637002.4016666
Dropping frame 1403637002.6016665
Dropping frame 1403637002.8016665
Dropping frame 1403637002.9016666
Dropping frame 1403637003.1016665
Dropping frame 1403637003.2516665
Dropping frame 1403637003.4516664
Dropping frame 1403637003.5516665
Dropping frame 1403637003.8016665
Dropping frame 1403637004.0016665
Dropping frame 1403637004.1016665
Dropping frame 1403637004.3016665
Dropping frame 1403637004.5516665
Dropping frame 1403637004.6516664
Dropping frame 1403637004.8016665
Dropping frame 1403637004.9016666
Dropping frame 1403637005.1016665
Dropping frame 1403637005.3516665
Dropping frame 1403637005.5516665
Dropping frame 1403637005.7016666
Dropping frame 1403637005.9016666
Dropping frame 1403637006.0016665
Dropping frame 1403637006.2516665
Dropping frame 1403637006.4516664
Dropping frame 1403637006.5516665
Dropping frame 1403637006.6516664
Dropping frame 1403637006.7516665
Dropping frame 1403637006.9016666
Dropping frame 1403637007.2016666
Dropping frame 1403637007.3016665
Dropping frame 1403637007.4016666
Dropping frame 1403637007.6516664
Dropping frame 1403637007.7516665
Dropping frame 1403637007.9516664
Dropping frame 1403637008.0516665
Dropping frame 1403637008.2516665
Dropping frame 1403637008.3516665
Dropping frame 1403637008.4516664
Dropping frame 1403637008.7516665
Dropping frame 1403637008.8516665
Dropping frame 1403637008.9516664
Dropping frame 1403637009.0516665
Dropping frame 1403637009.2516665
Dropping frame 1403637009.3516665
Dropping frame 1403637009.5516665
Dropping frame 1403637009.6516664
Dropping frame 1403637009.7516665
Dropping frame 1403637009.8516665
Dropping frame 1403637010.0516665
Dropping frame 1403637010.2516665
Dropping frame 1403637010.3516665
Dropping frame 1403637010.4516664
Dropping frame 1403637010.5516665
Shutdown
SLAM Finished at System Time: 1740790728.49902

 TIME STATS in ms (mean$\pm$std)
OpenCV version: 4.8.1
---------------------------
Tracking

ORB Extraction: 22.612$\pm$2.1157
Stereo Matching: 7.3144$\pm$2.0079
IMU Preintegration: 0.24503$\pm$0.096425
Pose Prediction: 0.2265$\pm$0.63772
LM Track: 19.596$\pm$5.8145
New KF decision: 0.34754$\pm$0.36345
Total Tracking: 31.263$\pm$28.018



Local Mapping

KF Insertion: 17.343$\pm$5.8302
MP Culling: 0.55199$\pm$0.22519
MP Creation: 46.948$\pm$15.367
LBA: 148.61$\pm$57.415
KF Culling: 15.516$\pm$10.571
Total Local Mapping: 228.86$\pm$80.84
---------------------------

LBA complexity (mean$\pm$std)
LBA Edges: 1660.8$\pm$583.74
LBA KF optimized: 6.5$\pm$2.2913
LBA KF fixed: 1$\pm$0
LBA MP: nan$\pm$nan

LBA executions: 472
LBA aborts: 0
---------------------------

Map complexity
KFs in map: 126
MPs in map: 9218
---------------------------

Place Recognition (mean$\pm$std)
Database Query: 1.4556$\pm$0.78219
SE3 estimation: 9.7775$\pm$15.365
Total Place Recognition: 10.257$\pm$15.394


Loop Closing (mean$\pm$std)
Loop Fusion: nan$\pm$nan
Essential Graph: nan$\pm$nan
Total Loop Closing: nan$\pm$nan

Num exec: 0
Number of KFs: nan$\pm$nan

Map Merging (mean$\pm$std)
Merge Maps: nan$\pm$nan
Welding BA: nan$\pm$nan
Optimization Ess.: nan$\pm$nan
Total Map Merging: nan$\pm$nan

Num exec: 0
Number of KFs: nan$\pm$nan
Number of MPs: nan$\pm$nan

Full GBA (mean$\pm$std)
GBA: nan$\pm$nan
Map Update: nan$\pm$nan
Total Full GBA: nan$\pm$nan

Num exec: 0
Num abort: 0
Number of KFs: nan$\pm$nan
Number of MPs: nan$\pm$nan

Saving trajectory to f_dataset-MH02_stereo_imu.txt ...
There are 1 maps in the atlas
  Map 0 has 126 KFs

End of saving trajectory to f_dataset-MH02_stereo_imu.txt ...

Saving keyframe trajectory to kf_dataset-MH02_stereo_imu.txt ...
