num_seq = 1
file name: dataset-V201_stereo_imu
Loading images for sequence 0...LOADED!
Loading IMU for sequence 0...LOADED!

-------

ORB-SLAM3 Copyright (C) 2017-2020 Carlos Campos, Richard Elvira, Juan J. Gómez, José M.M. Montiel and Juan D. Tardós, University of Zaragoza.
ORB-SLAM2 Copyright (C) 2014-2016 Raúl Mur-Artal, José M.M. Montiel and Juan D. Tardós, University of Zaragoza.
This program comes with ABSOLUTELY NO WARRANTY;
This is free software, and you are welcome to redistribute it
under certain conditions. See LICENSE.txt.

Built with REGISTER_TIMES
Git Commit Hash: 48ed9a3

Build Type: Release

Compiled with C++ version: 201703

Input sensor was set to: Stereo-Inertial
Loading settings from ./Examples/Stereo-Inertial/EuRoC_deadlines.yaml
	-Loaded camera 1
	-Loaded camera 2
	-Loaded image info
	-Loaded IMU calibration
	-Loaded ORB settings
	-Loaded viewer settings
	-Loaded Atlas settings
Deadlines enabled, will skip frames!
	-Loaded misc parameters
	-Computed rectification maps
----------------------------------
SLAM settings: 
	-Camera 1 parameters (Pinhole): [ 458.65399169921875 457.29598999023438 367.21499633789062 248.375 ]
	-Camera 1 distortion parameters: [  -0.28340810537338257 0.073959067463874817 0.00019359000725671649 1.7618711353861727e-05 ]
	-Camera 2 parameters (Pinhole: [ 457.58700561523438 456.13400268554688 379.99899291992188 255.23800659179688 ]
	-Camera 1 distortion parameters: [  -0.2836836576461792 0.074512839317321777 -0.00010473000293131918 -3.555907096597366e-05 ]
	-Original image size: [ 752 , 480 ]
	-Current image size: [ 752 , 480 ]
	-Camera 1 parameters after rectification: [  456.71499633789062 456.71499633789062 364.52615356445312 257.268798828125 ]
	-Sequence FPS: 20
	-Stereo baseline: 0.11007784307003021
	-Stereo depth threshold : 60
	-Gyro noise: 0.00016999999934341758
	-Accelerometer noise: 0.0020000000949949026
	-Gyro walk: 1.9392999092815444e-05
	-Accelerometer walk: 0.0030000000260770321
	-IMU frequency: 200
	-Features per image: 1200
	-ORB scale factor: 1.2000000476837158
	-ORB number of scales: 8
	-Initial FAST threshold: 20
	-Min FAST threshold: 7


Loading ORB Vocabulary. This could take a while...
Vocabulary loaded!

Initialization of Atlas from scratch 
Creation of new map with id: 0
Creation of new map with last KF id: 0
Seq. Name: 
There are 1 cameras in the atlas
Camera 0 is pinhole
SLAM Started at System Time: 1750022251.41641
not IMU meas
not IMU meas
not enough acceleration
not enough acceleration
not enough acceleration
not enough acceleration
not enough acceleration
not enough acceleration
not enough acceleration
not enough acceleration
not enough acceleration
not enough acceleration
not enough acceleration
not enough acceleration
not enough acceleration
not enough acceleration
not enough acceleration
not enough acceleration
not enough acceleration
not enough acceleration
not enough acceleration
not enough acceleration
not enough acceleration
not enough acceleration
not enough acceleration
not enough acceleration
not enough acceleration
not enough acceleration
not enough acceleration
not enough acceleration
not enough acceleration
not enough acceleration
not enough acceleration
not enough acceleration
not enough acceleration
not enough acceleration
not enough acceleration
not enough acceleration
not enough acceleration
not enough acceleration
not enough acceleration
not enough acceleration
not enough acceleration
not enough acceleration
not enough acceleration
not enough acceleration
not enough acceleration
not enough acceleration
not enough acceleration
not enough acceleration
not enough acceleration
not enough acceleration
not enough acceleration
not enough acceleration
not enough acceleration
not enough acceleration
not enough acceleration
not enough acceleration
not enough acceleration
not enough acceleration
not enough acceleration
not enough acceleration
not enough acceleration
not enough acceleration
not enough acceleration
not enough acceleration
not enough acceleration
not enough acceleration
not enough acceleration
not enough acceleration
not enough acceleration
not enough acceleration
not enough acceleration
not enough acceleration
not enough acceleration
not enough acceleration
not enough acceleration
not enough acceleration
not enough acceleration
not enough acceleration
not enough acceleration
not enough acceleration
not enough acceleration
not enough acceleration
not enough acceleration
not enough acceleration
First KF:0; Map init KF:0
New Map created with 871 points
Active map: 0
Dropping frame 1413393216.6557603
Dropping frame 1413393216.8557603
Dropping frame 1413393216.9557605
Dropping frame 1413393217.0557604
Dropping frame 1413393217.2557604
Dropping frame 1413393217.4557605
Dropping frame 1413393217.6557603
Dropping frame 1413393217.7557604
Dropping frame 1413393217.8557603
Dropping frame 1413393218.0557604
Dropping frame 1413393218.1557603
Dropping frame 1413393218.2557604
Dropping frame 1413393218.4557605
Dropping frame 1413393218.5557604
Dropping frame 1413393218.6557603
Dropping frame 1413393218.8557603
Dropping frame 1413393219.0557604
Dropping frame 1413393219.2557604
Dropping frame 1413393219.3557603
Dropping frame 1413393219.4557605
Dropping frame 1413393219.6557603
Dropping frame 1413393219.8557603
Dropping frame 1413393220.0557604
Dropping frame 1413393220.1557603
Dropping frame 1413393220.4057605
Dropping frame 1413393220.6057606
Dropping frame 1413393220.8057606
Dropping frame 1413393220.9057605
Dropping frame 1413393221.0057604
Dropping frame 1413393221.2057605
Dropping frame 1413393221.3057606
Dropping frame 1413393221.4057605
Dropping frame 1413393221.6057606
Dropping frame 1413393221.7057605
Dropping frame 1413393221.8057606
start VIBA 1
end VIBA 1
Dropping frame 1413393222.1557603
Dropping frame 1413393222.6557603
Dropping frame 1413393222.7557604
Dropping frame 1413393223.0557604
Dropping frame 1413393223.2557604
Dropping frame 1413393223.4557605
Dropping frame 1413393223.5557604
Dropping frame 1413393223.6557603
Dropping frame 1413393223.7557604
Dropping frame 1413393223.9557605
Dropping frame 1413393224.0557604
Dropping frame 1413393224.1557603
Dropping frame 1413393224.3557603
Dropping frame 1413393224.4557605
Dropping frame 1413393224.5557604
Dropping frame 1413393224.7557604
Dropping frame 1413393224.9557605
Dropping frame 1413393225.1557603
Dropping frame 1413393225.2557604
Dropping frame 1413393225.3557603
Dropping frame 1413393225.5557604
Dropping frame 1413393225.7557604
Dropping frame 1413393225.9557605
Dropping frame 1413393226.0557604
Dropping frame 1413393226.1557603
Dropping frame 1413393226.3557603
Dropping frame 1413393226.5557604
Dropping frame 1413393226.7557604
Dropping frame 1413393226.8557603
Dropping frame 1413393226.9557605
Dropping frame 1413393227.0557604
Dropping frame 1413393227.1557603
Dropping frame 1413393227.2557604
Dropping frame 1413393227.4557605
Dropping frame 1413393227.5557604
Dropping frame 1413393227.6557603
Dropping frame 1413393227.7557604
Dropping frame 1413393227.8557603
Dropping frame 1413393227.9557605
Dropping frame 1413393228.0557604
Dropping frame 1413393228.2057605
Dropping frame 1413393228.4057605
Dropping frame 1413393228.6057606
Dropping frame 1413393228.7057605
Dropping frame 1413393228.8057606
Dropping frame 1413393228.9057605
Dropping frame 1413393229.1557603
Dropping frame 1413393229.3057606
Dropping frame 1413393229.5057604
Dropping frame 1413393229.6057606
Dropping frame 1413393229.7057605
Dropping frame 1413393229.9057605
Dropping frame 1413393230.1057606
Dropping frame 1413393230.3057606
Dropping frame 1413393230.5057604
Dropping frame 1413393230.6057606
Dropping frame 1413393230.7057605
Dropping frame 1413393230.9057605
Dropping frame 1413393231.1057606
Dropping frame 1413393231.3057606
Dropping frame 1413393231.4057605
Dropping frame 1413393231.6557603
Dropping frame 1413393231.8557603
start VIBA 2
Dropping frame 1413393232.0557604
end VIBA 2
Dropping frame 1413393232.1557603
Dropping frame 1413393232.4057605
Dropping frame 1413393232.5057604
Dropping frame 1413393232.6057606
Dropping frame 1413393232.8057606
Dropping frame 1413393232.9057605
Dropping frame 1413393233.0057604
Dropping frame 1413393233.2057605
Dropping frame 1413393233.4057605
Dropping frame 1413393233.6057606
Dropping frame 1413393233.7057605
Dropping frame 1413393233.9557605
Dropping frame 1413393234.0557604
Dropping frame 1413393234.3057606
Dropping frame 1413393234.4057605
Dropping frame 1413393234.5057604
Dropping frame 1413393234.8557603
Dropping frame 1413393235.0557604
Dropping frame 1413393235.1557603
Dropping frame 1413393235.2557604
Dropping frame 1413393235.4557605
Dropping frame 1413393235.5557604
Dropping frame 1413393235.6557603
Dropping frame 1413393235.8557603
Dropping frame 1413393235.9557605
Dropping frame 1413393236.3557603
Dropping frame 1413393236.5557604
Dropping frame 1413393236.7557604
Dropping frame 1413393236.9557605
Dropping frame 1413393237.1557603
Dropping frame 1413393237.2557604
Dropping frame 1413393237.3557603
Dropping frame 1413393237.5557604
Dropping frame 1413393237.7557604
Dropping frame 1413393237.9557605
Dropping frame 1413393238.1557603
Dropping frame 1413393238.3557603
Dropping frame 1413393238.5557604
Dropping frame 1413393238.7557604
Dropping frame 1413393238.8557603
Dropping frame 1413393239.0557604
Dropping frame 1413393239.1557603
Dropping frame 1413393239.2557604
Dropping frame 1413393239.5557604
Dropping frame 1413393239.7557604
Dropping frame 1413393240.2557604
Dropping frame 1413393240.3557603
Dropping frame 1413393240.6557603
Dropping frame 1413393240.9057605
Dropping frame 1413393241.0057604
Dropping frame 1413393241.1057606
Dropping frame 1413393241.3057606
Dropping frame 1413393241.5057604
Dropping frame 1413393241.7057605
Dropping frame 1413393241.8057606
Dropping frame 1413393241.9057605
Dropping frame 1413393242.1057606
Dropping frame 1413393242.2057605
Dropping frame 1413393242.4557605
Dropping frame 1413393242.5557604
Dropping frame 1413393242.8057606
Dropping frame 1413393242.9057605
Dropping frame 1413393243.0057604
Dropping frame 1413393243.2057605
Dropping frame 1413393243.4057605
Dropping frame 1413393243.6057606
Dropping frame 1413393243.7057605
Dropping frame 1413393243.9557605
Dropping frame 1413393244.0557604
Dropping frame 1413393244.1557603
Dropping frame 1413393244.3557603
Dropping frame 1413393244.4557605
Dropping frame 1413393244.5557604
Dropping frame 1413393244.7557604
Dropping frame 1413393244.9557605
Dropping frame 1413393245.0557604
Dropping frame 1413393245.2057605
Dropping frame 1413393245.4057605
Dropping frame 1413393245.5057604
Dropping frame 1413393245.6057606
Dropping frame 1413393245.8057606
Dropping frame 1413393245.9057605
Dropping frame 1413393246.0057604
Dropping frame 1413393246.3557603
Dropping frame 1413393246.5057604
Dropping frame 1413393246.6057606
Dropping frame 1413393246.8057606
Dropping frame 1413393247.0057604
Dropping frame 1413393247.2057605
Dropping frame 1413393247.3057606
Dropping frame 1413393247.5557604
Dropping frame 1413393247.7557604
Dropping frame 1413393247.9557605
Dropping frame 1413393248.1057606
Dropping frame 1413393248.3057606
Dropping frame 1413393248.6057606
Dropping frame 1413393248.7057605
Dropping frame 1413393248.9557605
Dropping frame 1413393249.1557603
Dropping frame 1413393249.2557604
Dropping frame 1413393249.7057605
Dropping frame 1413393250.7557604
Dropping frame 1413393250.9057605
Dropping frame 1413393251.2557604
Dropping frame 1413393251.4557605
Dropping frame 1413393251.5557604
Dropping frame 1413393251.8057606
Dropping frame 1413393252.0057604
Dropping frame 1413393252.2057605
Dropping frame 1413393252.3057606
Dropping frame 1413393252.4057605
Dropping frame 1413393252.6057606
Dropping frame 1413393252.8057606
Dropping frame 1413393252.9057605
Dropping frame 1413393253.0557604
Dropping frame 1413393253.2057605
Dropping frame 1413393253.4557605
Dropping frame 1413393253.6057606
Dropping frame 1413393253.8057606
Dropping frame 1413393253.9557605
Dropping frame 1413393254.1557603
Dropping frame 1413393254.2557604
Dropping frame 1413393254.5057604
Dropping frame 1413393254.6057606
Dropping frame 1413393254.7057605
Dropping frame 1413393254.9057605
Dropping frame 1413393255.1057606
Dropping frame 1413393255.3057606
Dropping frame 1413393255.7057605
Dropping frame 1413393255.9057605
Dropping frame 1413393256.0057604
Dropping frame 1413393256.1057606
Dropping frame 1413393256.3057606
Dropping frame 1413393256.4057605
Dropping frame 1413393256.9557605
Dropping frame 1413393257.2057605
Dropping frame 1413393257.3057606
Dropping frame 1413393257.5557604
Dropping frame 1413393258.0057604
Dropping frame 1413393258.2057605
Dropping frame 1413393258.4057605
Dropping frame 1413393258.5057604
Dropping frame 1413393258.6057606
Dropping frame 1413393258.7557604
Dropping frame 1413393258.9557605
Dropping frame 1413393259.0557604
Dropping frame 1413393259.3057606
Dropping frame 1413393259.4057605
Dropping frame 1413393259.7057605
Dropping frame 1413393259.8057606
Dropping frame 1413393259.9057605
Dropping frame 1413393260.1057606
Dropping frame 1413393260.6557603
Dropping frame 1413393260.7557604
Dropping frame 1413393260.8557603
Dropping frame 1413393260.9557605
Dropping frame 1413393261.1557603
Dropping frame 1413393261.3557603
Dropping frame 1413393261.5557604
Dropping frame 1413393261.6557603
Dropping frame 1413393261.7557604
Dropping frame 1413393261.9557605
Dropping frame 1413393262.0557604
Dropping frame 1413393262.1557603
Dropping frame 1413393262.3557603
Dropping frame 1413393262.5057604
Dropping frame 1413393262.7057605
Dropping frame 1413393262.9057605
Dropping frame 1413393263.1057606
Dropping frame 1413393263.2057605
Dropping frame 1413393263.4557605
Dropping frame 1413393263.6557603
Dropping frame 1413393263.7557604
Dropping frame 1413393263.8557603
Dropping frame 1413393263.9557605
Dropping frame 1413393264.1557603
Dropping frame 1413393264.3557603
Dropping frame 1413393264.4557605
Dropping frame 1413393264.7557604
Dropping frame 1413393264.9557605
Dropping frame 1413393265.1557603
Dropping frame 1413393265.2557604
Dropping frame 1413393265.3557603
Dropping frame 1413393265.5557604
Dropping frame 1413393265.6557603
Dropping frame 1413393265.9057605
Dropping frame 1413393266.0057604
Dropping frame 1413393266.2557604
Dropping frame 1413393266.4557605
Dropping frame 1413393266.5557604
Dropping frame 1413393266.6557603
Dropping frame 1413393266.9057605
Dropping frame 1413393267.1057606
Dropping frame 1413393267.3057606
Dropping frame 1413393267.4057605
Dropping frame 1413393267.5057604
Dropping frame 1413393268.0057604
Dropping frame 1413393268.1057606
Dropping frame 1413393268.3557603
Dropping frame 1413393268.4557605
Dropping frame 1413393268.5557604
Dropping frame 1413393268.7557604
Dropping frame 1413393268.9557605
Dropping frame 1413393269.0557604
Dropping frame 1413393269.2557604
Dropping frame 1413393269.3557603
Dropping frame 1413393269.4557605
Dropping frame 1413393269.6557603
Dropping frame 1413393269.8557603
Dropping frame 1413393270.0557604
Dropping frame 1413393270.1557603
Dropping frame 1413393270.2557604
Dropping frame 1413393270.4557605
Dropping frame 1413393270.6557603
Dropping frame 1413393270.8557603
Dropping frame 1413393270.9557605
Dropping frame 1413393271.0557604
Dropping frame 1413393271.1557603
Dropping frame 1413393271.2557604
Dropping frame 1413393271.5057604
Dropping frame 1413393271.7557604
Dropping frame 1413393271.9557605
Dropping frame 1413393272.0557604
Dropping frame 1413393272.3057606
Dropping frame 1413393272.4057605
Dropping frame 1413393272.5057604
Dropping frame 1413393272.7057605
Dropping frame 1413393272.8057606
Dropping frame 1413393273.2057605
Dropping frame 1413393273.3057606
Dropping frame 1413393273.4057605
Dropping frame 1413393273.5057604
Dropping frame 1413393273.7057605
Dropping frame 1413393273.8057606
Dropping frame 1413393273.9057605
Dropping frame 1413393274.1057606
Dropping frame 1413393274.2057605
Dropping frame 1413393274.4557605
Dropping frame 1413393274.5557604
Dropping frame 1413393274.7557604
Dropping frame 1413393274.8557603
Dropping frame 1413393274.9557605
Dropping frame 1413393275.1557603
Dropping frame 1413393275.3057606
Dropping frame 1413393275.4557605
Dropping frame 1413393275.6557603
Dropping frame 1413393275.8557603
Dropping frame 1413393275.9557605
Dropping frame 1413393276.2557604
Dropping frame 1413393276.3557603
Dropping frame 1413393276.6057606
Dropping frame 1413393276.8057606
Dropping frame 1413393276.9057605
Dropping frame 1413393277.0057604
Dropping frame 1413393277.1557603
Dropping frame 1413393277.2557604
Dropping frame 1413393277.3557603
Dropping frame 1413393277.4557605
Dropping frame 1413393277.6557603
Dropping frame 1413393277.7557604
Dropping frame 1413393277.8557603
Dropping frame 1413393277.9557605
Dropping frame 1413393278.0557604
Dropping frame 1413393278.2057605
Dropping frame 1413393278.4057605
Dropping frame 1413393278.5057604
Dropping frame 1413393278.7057605
Dropping frame 1413393278.8557603
Dropping frame 1413393278.9557605
Dropping frame 1413393279.3057606
Dropping frame 1413393279.4057605
Dropping frame 1413393279.6057606
Dropping frame 1413393279.8057606
Dropping frame 1413393279.9057605
Dropping frame 1413393280.1557603
Dropping frame 1413393280.2557604
Dropping frame 1413393280.6557603
Dropping frame 1413393280.7557604
Dropping frame 1413393281.0557604
Dropping frame 1413393281.1557603
Dropping frame 1413393281.4557605
Dropping frame 1413393281.5557604
Dropping frame 1413393281.7557604
Dropping frame 1413393281.9557605
Dropping frame 1413393282.4057605
Dropping frame 1413393282.5057604
Dropping frame 1413393282.6057606
Dropping frame 1413393282.8057606
Dropping frame 1413393283.2057605
Dropping frame 1413393283.3057606
Dropping frame 1413393283.6057606
Dropping frame 1413393283.7057605
Dropping frame 1413393283.9057605
Dropping frame 1413393284.0057604
Dropping frame 1413393284.2057605
Dropping frame 1413393284.3057606
Dropping frame 1413393284.4057605
Dropping frame 1413393284.6057606
Dropping frame 1413393284.7057605
Dropping frame 1413393284.9057605
Dropping frame 1413393285.0057604
Dropping frame 1413393285.1057606
Dropping frame 1413393285.3057606
Dropping frame 1413393285.5057604
Dropping frame 1413393285.6057606
Dropping frame 1413393285.7057605
Dropping frame 1413393285.9557605
Dropping frame 1413393286.1557603
Dropping frame 1413393286.3557603
Dropping frame 1413393286.4557605
Dropping frame 1413393286.5557604
Dropping frame 1413393286.7557604
Dropping frame 1413393287.0557604
Dropping frame 1413393287.1557603
Dropping frame 1413393287.2557604
Dropping frame 1413393287.4557605
Dropping frame 1413393287.5557604
Dropping frame 1413393287.6557603
Dropping frame 1413393287.8057606
Dropping frame 1413393287.9057605
Dropping frame 1413393288.1557603
Dropping frame 1413393288.2557604
Dropping frame 1413393288.3557603
Dropping frame 1413393288.5557604
Dropping frame 1413393288.7557604
Dropping frame 1413393288.9557605
Dropping frame 1413393289.2557604
Dropping frame 1413393289.4557605
Dropping frame 1413393289.5557604
Dropping frame 1413393289.6557603
Dropping frame 1413393289.7557604
Dropping frame 1413393289.8557603
Dropping frame 1413393290.0557604
Dropping frame 1413393290.1557603
Dropping frame 1413393290.2557604
Dropping frame 1413393290.6057606
Dropping frame 1413393290.8057606
Dropping frame 1413393291.0057604
Dropping frame 1413393291.1057606
Dropping frame 1413393291.2057605
Dropping frame 1413393291.3057606
Dropping frame 1413393291.5057604
Dropping frame 1413393291.6057606
Dropping frame 1413393291.7057605
Dropping frame 1413393291.8057606
Dropping frame 1413393292.0057604
Dropping frame 1413393292.2557604
Dropping frame 1413393292.3557603
Dropping frame 1413393292.4557605
Dropping frame 1413393292.7557604
Dropping frame 1413393292.9557605
Dropping frame 1413393293.1557603
Dropping frame 1413393293.3557603
Dropping frame 1413393293.4557605
Dropping frame 1413393293.7057605
Dropping frame 1413393293.9557605
Dropping frame 1413393294.1557603
Dropping frame 1413393294.2557604
Dropping frame 1413393294.4057605
Dropping frame 1413393294.6057606
Dropping frame 1413393294.8057606
Dropping frame 1413393295.2057605
Dropping frame 1413393295.4057605
Dropping frame 1413393295.6057606
Dropping frame 1413393295.9057605
Dropping frame 1413393296.0057604
Dropping frame 1413393296.4057605
Dropping frame 1413393296.5057604
Dropping frame 1413393296.7057605
Dropping frame 1413393296.9057605
Dropping frame 1413393297.1057606
Dropping frame 1413393297.3057606
Dropping frame 1413393297.4057605
Dropping frame 1413393297.5057604
Dropping frame 1413393297.7057605
Dropping frame 1413393298.0057604
Dropping frame 1413393298.3057606
Dropping frame 1413393298.5057604
Dropping frame 1413393298.8057606
Dropping frame 1413393299.1557603
Dropping frame 1413393299.3557603
Dropping frame 1413393299.5057604
Dropping frame 1413393299.7057605
Dropping frame 1413393299.9557605
Dropping frame 1413393300.0557604
Dropping frame 1413393300.1557603
Dropping frame 1413393300.3557603
Dropping frame 1413393300.6557603
Dropping frame 1413393300.7557604
Dropping frame 1413393300.8557603
Dropping frame 1413393301.0557604
Dropping frame 1413393301.2557604
Dropping frame 1413393301.4057605
Dropping frame 1413393301.6557603
Dropping frame 1413393301.7557604
Dropping frame 1413393301.8557603
Dropping frame 1413393302.2057605
Dropping frame 1413393302.4057605
Dropping frame 1413393302.6057606
Dropping frame 1413393302.7557604
Dropping frame 1413393302.9557605
Dropping frame 1413393303.0557604
Dropping frame 1413393303.3057606
Dropping frame 1413393303.5557604
Dropping frame 1413393303.6557603
Dropping frame 1413393303.8057606
Dropping frame 1413393304.0057604
Dropping frame 1413393304.1057606
Dropping frame 1413393304.2057605
Dropping frame 1413393304.4057605
Dropping frame 1413393304.5057604
Dropping frame 1413393304.9057605
Dropping frame 1413393305.1057606
Dropping frame 1413393305.2057605
Dropping frame 1413393305.6057606
Dropping frame 1413393305.7057605
Dropping frame 1413393305.8057606
Dropping frame 1413393305.9057605
Dropping frame 1413393306.1057606
Dropping frame 1413393306.3057606
Dropping frame 1413393306.4057605
Dropping frame 1413393306.5057604
Dropping frame 1413393306.6057606
Dropping frame 1413393306.8557603
Dropping frame 1413393307.9557605
Dropping frame 1413393308.0557604
Dropping frame 1413393308.1557603
Dropping frame 1413393308.3557603
Dropping frame 1413393308.5557604
Dropping frame 1413393308.7557604
Dropping frame 1413393308.8557603
Dropping frame 1413393308.9557605
Dropping frame 1413393309.0557604
Dropping frame 1413393309.1557603
Dropping frame 1413393309.2557604
Dropping frame 1413393309.3557603
Dropping frame 1413393309.4557605
Dropping frame 1413393309.5557604
Dropping frame 1413393309.7557604
Dropping frame 1413393309.9557605
Dropping frame 1413393310.0557604
Dropping frame 1413393310.1557603
Dropping frame 1413393310.2557604
Dropping frame 1413393310.4557605
Dropping frame 1413393310.6557603
Dropping frame 1413393310.8557603
Dropping frame 1413393310.9557605
Dropping frame 1413393311.0557604
Dropping frame 1413393311.2557604
Dropping frame 1413393311.3557603
Dropping frame 1413393311.4557605
Dropping frame 1413393311.6557603
Dropping frame 1413393311.8557603
Dropping frame 1413393311.9557605
Dropping frame 1413393312.0557604
Dropping frame 1413393312.2557604
Dropping frame 1413393312.4557605
Dropping frame 1413393312.6557603
Dropping frame 1413393312.7557604
Dropping frame 1413393312.8557603
Dropping frame 1413393313.0557604
Dropping frame 1413393313.1557603
Dropping frame 1413393313.2557604
Dropping frame 1413393313.4557605
Dropping frame 1413393313.7557604
Dropping frame 1413393313.9557605
Dropping frame 1413393314.1557603
Dropping frame 1413393314.2557604
Dropping frame 1413393314.3557603
Dropping frame 1413393314.5557604
Dropping frame 1413393314.6557603
Dropping frame 1413393314.7557604
Dropping frame 1413393314.9557605
Dropping frame 1413393315.0557604
Dropping frame 1413393315.1557603
Dropping frame 1413393315.3557603
Dropping frame 1413393315.5557604
Dropping frame 1413393315.7557604
Dropping frame 1413393315.9557605
Dropping frame 1413393316.1557603
Dropping frame 1413393316.2557604
Dropping frame 1413393316.4057605
Dropping frame 1413393316.6057606
Dropping frame 1413393316.7057605
Dropping frame 1413393316.8057606
Dropping frame 1413393316.9057605
Dropping frame 1413393317.1057606
Dropping frame 1413393317.2057605
Dropping frame 1413393317.3057606
Dropping frame 1413393317.6557603
Dropping frame 1413393317.7557604
Dropping frame 1413393317.8557603
Dropping frame 1413393317.9557605
Dropping frame 1413393318.1557603
Dropping frame 1413393318.5057604
Dropping frame 1413393318.6057606
Dropping frame 1413393318.7057605
Dropping frame 1413393318.9057605
Dropping frame 1413393319.1057606
Dropping frame 1413393319.2057605
Dropping frame 1413393319.3557603
Dropping frame 1413393319.4557605
Dropping frame 1413393319.7557604
Dropping frame 1413393319.9557605
Dropping frame 1413393320.1557603
Dropping frame 1413393320.3557603
Dropping frame 1413393320.4557605
Dropping frame 1413393320.7057605
Dropping frame 1413393320.9057605
Dropping frame 1413393321.1057606
Dropping frame 1413393321.2057605
Dropping frame 1413393321.3057606
Fail to track local map!
Fail to track local map!
Fail to track local map!
Dropping frame 1413393321.5057604
Fail to track local map!
Fail to track local map!
Fail to track local map!
Dropping frame 1413393321.7057605
Fail to track local map!
Dropping frame 1413393321.8057606
Fail to track local map!
Dropping frame 1413393321.9057605
Fail to track local map!
Fail to track local map!
Fail to track local map!
Fail to track local map!
Dropping frame 1413393322.1557603
Fail to track local map!
Dropping frame 1413393322.3557603
Fail to track local map!
Dropping frame 1413393322.4557605
Fail to track local map!
Dropping frame 1413393322.5557604
Fail to track local map!
Fail to track local map!
Fail to track local map!
Dropping frame 1413393322.7557604
Fail to track local map!
Fail to track local map!
Fail to track local map!
Fail to track local map!
Fail to track local map!
Fail to track local map!
Fail to track local map!
Fail to track local map!
Fail to track local map!
Fail to track local map!
Fail to track local map!
Dropping frame 1413393323.3557603
Fail to track local map!
Dropping frame 1413393323.4557605
Fail to track local map!
Fail to track local map!
Fail to track local map!
Dropping frame 1413393323.6557603
Fail to track local map!
Dropping frame 1413393323.7557604
Fail to track local map!
Fail to track local map!
Fail to track local map!
Fail to track local map!
Dropping frame 1413393324.0057604
Fail to track local map!
Fail to track local map!
Fail to track local map!
Fail to track local map!
Dropping frame 1413393324.2557604
Fail to track local map!
Dropping frame 1413393324.3557603
Fail to track local map!
Fail to track local map!
Fail to track local map!
Fail to track local map!
Dropping frame 1413393324.6057606
Fail to track local map!
Fail to track local map!
Dropping frame 1413393324.8057606
Fail to track local map!
Dropping frame 1413393324.9057605
Fail to track local map!
Dropping frame 1413393325.0057604
Fail to track local map!
Dropping frame 1413393325.1057606
Fail to track local map!
Dropping frame 1413393325.2057605
Fail to track local map!
Fail to track local map!
Dropping frame 1413393325.4057605
Fail to track local map!
Fail to track local map!
Fail to track local map!
Dropping frame 1413393325.6057606
Fail to track local map!
Dropping frame 1413393325.7057605
Fail to track local map!
Dropping frame 1413393325.8057606
Dropping frame 1413393325.9057605
Dropping frame 1413393326.1057606
Dropping frame 1413393326.2057605
Shutdown
SLAM Finished at System Time: 1750022389.23542

 TIME STATS in ms (mean$\pm$std)
OpenCV version: 4.8.1
---------------------------
Tracking

ORB Extraction: 20.424$\pm$4.4147
Stereo Matching: 8.8331$\pm$3.4057
IMU Preintegration: 0.19323$\pm$0.061929
Pose Prediction: 0.41438$\pm$1.7878
LM Track: 19.343$\pm$4.5584
New KF decision: 0.40099$\pm$0.52213
Total Tracking: 30.266$\pm$27.337



Local Mapping

KF Insertion: 15.81$\pm$4.7027
MP Culling: 0.7319$\pm$0.51085
MP Creation: 45.343$\pm$13.651
LBA: 151.68$\pm$37.554
KF Culling: 15.058$\pm$12.342
Total Local Mapping: 228.93$\pm$52.087
---------------------------

LBA complexity (mean$\pm$std)
LBA Edges: 4541.5$\pm$1302.3
LBA KF optimized: 6.5$\pm$2.2913
LBA KF fixed: 1$\pm$0
LBA MP: nan$\pm$nan

LBA executions: 325
LBA aborts: 0
---------------------------

Map complexity
KFs in map: 95
MPs in map: 7782
---------------------------

Place Recognition (mean$\pm$std)
Database Query: 1.585$\pm$0.69508
SE3 estimation: 20.297$\pm$16.207
Total Place Recognition: 18.64$\pm$17.291


Loop Closing (mean$\pm$std)
Loop Fusion: nan$\pm$nan
Essential Graph: nan$\pm$nan
Total Loop Closing: nan$\pm$nan

Num exec: 0
Number of KFs: nan$\pm$nan

Map Merging (mean$\pm$std)
Merge Maps: nan$\pm$nan
Welding BA: nan$\pm$nan
Optimization Ess.: nan$\pm$nan
Total Map Merging: nan$\pm$nan

Num exec: 0
Number of KFs: nan$\pm$nan
Number of MPs: nan$\pm$nan

Full GBA (mean$\pm$std)
GBA: nan$\pm$nan
Map Update: nan$\pm$nan
Total Full GBA: nan$\pm$nan

Num exec: 0
Num abort: 0
Number of KFs: nan$\pm$nan
Number of MPs: nan$\pm$nan

Saving trajectory to f_dataset-V201_stereo_imu.txt ...
There are 1 maps in the atlas
  Map 0 has 95 KFs

End of saving trajectory to f_dataset-V201_stereo_imu.txt ...

Saving keyframe trajectory to kf_dataset-V201_stereo_imu.txt ...
