num_seq = 1
file name: dataset-MH02_stereo_imu
Loading images for sequence 0...LOADED!
Loading IMU for sequence 0...LOADED!

-------

ORB-SLAM3 Copyright (C) 2017-2020 Carlos Campos, Richard Elvira, Juan J. Gómez, José M.M. Montiel and Juan D. Tardós, University of Zaragoza.
ORB-SLAM2 Copyright (C) 2014-2016 Raúl Mur-Artal, José M.M. Montiel and Juan D. Tardós, University of Zaragoza.
This program comes with ABSOLUTELY NO WARRANTY;
This is free software, and you are welcome to redistribute it
under certain conditions. See LICENSE.txt.

Built with REGISTER_TIMES
Git Commit Hash: 2d47524

Build Type: Release

Compiled with C++ version: 201703

Input sensor was set to: Stereo-Inertial
Loading settings from EuRoC_fov_deadlines_mask_9x9.yaml
	-Loaded camera 1
	-Loaded camera 2
	-Loaded image info
	-Loaded IMU calibration
	-Loaded ORB settings
	-Loaded viewer settings
	-Loaded Atlas settings
Deadlines enabled, will skip frames!
FOV enabled
Static mask size: 9x9
Dumping map points enabled
	-Loaded misc parameters
	-Computed rectification maps
----------------------------------
SLAM settings: 
	-Camera 1 parameters (Pinhole): [ 458.65399169921875 457.29598999023438 367.21499633789062 248.375 ]
	-Camera 1 distortion parameters: [  -0.28340810537338257 0.073959067463874817 0.00019359000725671649 1.7618711353861727e-05 ]
	-Camera 2 parameters (Pinhole: [ 457.58700561523438 456.13400268554688 379.99899291992188 255.23800659179688 ]
	-Camera 1 distortion parameters: [  -0.2836836576461792 0.074512839317321777 -0.00010473000293131918 -3.555907096597366e-05 ]
	-Original image size: [ 752 , 480 ]
	-Current image size: [ 752 , 480 ]
	-Camera 1 parameters after rectification: [  456.71499633789062 456.71499633789062 364.52615356445312 257.268798828125 ]
	-Sequence FPS: 20
	-Stereo baseline: 0.11007784307003021
	-Stereo depth threshold : 60
	-Gyro noise: 0.00016999999934341758
	-Accelerometer noise: 0.0020000000949949026
	-Gyro walk: 1.9392999092815444e-05
	-Accelerometer walk: 0.0030000000260770321
	-IMU frequency: 200
	-Features per image: 1200
	-ORB scale factor: 1.2000000476837158
	-ORB number of scales: 8
	-Initial FAST threshold: 20
	-Min FAST threshold: 7


Loading ORB Vocabulary. This could take a while...
Vocabulary loaded!

Initialization of Atlas from scratch 
Creation of new map with id: 0
Creation of new map with last KF id: 0
Seq. Name: 
There are 1 cameras in the atlas
Camera 0 is pinhole
SLAM Started at System Time: 1740865597.8266
not IMU meas
not IMU meas
not enough acceleration
not enough acceleration
not enough acceleration
not enough acceleration
not enough acceleration
not enough acceleration
First KF:0; Map init KF:0
New Map created with 190 points
Active map: 0
Dropping frame 1403636859.6016665
Dropping frame 1403636859.9516664
Dropping frame 1403636860.2516665
Dropping frame 1403636860.3516665
Dropping frame 1403636860.5016665
Dropping frame 1403636860.7516665
Dropping frame 1403636861.1516664
Dropping frame 1403636861.7516665
Dropping frame 1403636862.1016665
Dropping frame 1403636862.4516664
Dropping frame 1403636862.6016665
Dropping frame 1403636862.8016665
Dropping frame 1403636862.9516664
Dropping frame 1403636863.7516665
Dropping frame 1403636863.9516664
Dropping frame 1403636864.1016665
Dropping frame 1403636864.3016665
Dropping frame 1403636864.4016666
start VIBA 1
end VIBA 1
Dropping frame 1403636864.6016665
Dropping frame 1403636864.7016666
Dropping frame 1403636864.8516665
Dropping frame 1403636865.1016665
Dropping frame 1403636865.2016666
Dropping frame 1403636865.3016665
Dropping frame 1403636865.5016665
Dropping frame 1403636866.1016665
Dropping frame 1403636866.3016665
Dropping frame 1403636866.4516664
Dropping frame 1403636866.6516664
Dropping frame 1403636866.8516665
Dropping frame 1403636867.1516664
Dropping frame 1403636867.3516665
Dropping frame 1403636867.4516664
Dropping frame 1403636867.6516664
Dropping frame 1403636867.7516665
Dropping frame 1403636867.8516665
Dropping frame 1403636867.9516664
Dropping frame 1403636868.1516664
Dropping frame 1403636868.3516665
Dropping frame 1403636868.5516665
Dropping frame 1403636868.9016666
Dropping frame 1403636869.2016666
Dropping frame 1403636869.3016665
Dropping frame 1403636869.5016665
Dropping frame 1403636869.7516665
Dropping frame 1403636870.0016665
Dropping frame 1403636870.1016665
Dropping frame 1403636870.3016665
Dropping frame 1403636870.4016666
Dropping frame 1403636870.5016665
Dropping frame 1403636870.7016666
Dropping frame 1403636870.8516665
Dropping frame 1403636871.0516665
Dropping frame 1403636871.1516664
Dropping frame 1403636871.5016665
Dropping frame 1403636871.6016665
Dropping frame 1403636872.0016665
Dropping frame 1403636872.3016665
Dropping frame 1403636872.6516664
Dropping frame 1403636872.9516664
Dropping frame 1403636873.4016666
Dropping frame 1403636873.7016666
Dropping frame 1403636873.9016666
Dropping frame 1403636874.3016665
Dropping frame 1403636874.4516664
Dropping frame 1403636874.8016665
Dropping frame 1403636875.1016665
Dropping frame 1403636875.2516665
Dropping frame 1403636875.5516665
start VIBA 2
Dropping frame 1403636875.8516665
end VIBA 2
Dropping frame 1403636876.0516665
Dropping frame 1403636876.3516665
Dropping frame 1403636876.7016666
Dropping frame 1403636877.0016665
Dropping frame 1403636877.1016665
Dropping frame 1403636877.4016666
Dropping frame 1403636877.7516665
Dropping frame 1403636877.9016666
Dropping frame 1403636878.2516665
Dropping frame 1403636878.4516664
Dropping frame 1403636878.5516665
Dropping frame 1403636879.0016665
Dropping frame 1403636879.8016665
Dropping frame 1403636879.9016666
Dropping frame 1403636880.1016665
Dropping frame 1403636880.3016665
Dropping frame 1403636880.5016665
Dropping frame 1403636880.9516664
Dropping frame 1403636881.3016665
Dropping frame 1403636881.6016665
Dropping frame 1403636882.1016665
Dropping frame 1403636882.2016666
Dropping frame 1403636882.8016665
Dropping frame 1403636883.2516665
Dropping frame 1403636884.8516665
Dropping frame 1403636885.2016666
Dropping frame 1403636885.9516664
Dropping frame 1403636887.1516664
Dropping frame 1403636887.4516664
Dropping frame 1403636887.7016666
Dropping frame 1403636888.3016665
Dropping frame 1403636889.1016665
Dropping frame 1403636889.4016666
Dropping frame 1403636889.8516665
Dropping frame 1403636890.1516664
Dropping frame 1403636890.3016665
Dropping frame 1403636890.8016665
Dropping frame 1403636891.0516665
Dropping frame 1403636891.3016665
Dropping frame 1403636891.7516665
Dropping frame 1403636892.0016665
Dropping frame 1403636892.3016665
Dropping frame 1403636892.9016666
Dropping frame 1403636893.2016666
Dropping frame 1403636893.4516664
Dropping frame 1403636893.8016665
Dropping frame 1403636895.2016666
Dropping frame 1403636896.7516665
Dropping frame 1403636898.4016666
Dropping frame 1403636900.3516665
Dropping frame 1403636900.8016665
Dropping frame 1403636901.5516665
Dropping frame 1403636904.1016665
Dropping frame 1403636904.8016665
Dropping frame 1403636905.5016665
Dropping frame 1403636906.0016665
Dropping frame 1403636907.5016665
Dropping frame 1403636908.2016666
Dropping frame 1403636908.6516664
Dropping frame 1403636909.2016666
Dropping frame 1403636910.9516664
Dropping frame 1403636911.1516664
Dropping frame 1403636911.7016666
Dropping frame 1403636912.1016665
Dropping frame 1403636912.2516665
Dropping frame 1403636912.3516665
Dropping frame 1403636912.4516664
Dropping frame 1403636912.8516665
Dropping frame 1403636913.0016665
Dropping frame 1403636913.4016666
Dropping frame 1403636913.5016665
Dropping frame 1403636913.7516665
Dropping frame 1403636913.8516665
Dropping frame 1403636914.1516664
Dropping frame 1403636914.3016665
Dropping frame 1403636914.4016666
Dropping frame 1403636914.5016665
Dropping frame 1403636914.6016665
Dropping frame 1403636914.8016665
Dropping frame 1403636915.0016665
Dropping frame 1403636915.1016665
Dropping frame 1403636915.3016665
Dropping frame 1403636915.4516664
Dropping frame 1403636915.9016666
Dropping frame 1403636916.0016665
Dropping frame 1403636916.1016665
Dropping frame 1403636916.3016665
Dropping frame 1403636916.4016666
Dropping frame 1403636916.5016665
Dropping frame 1403636916.7016666
Dropping frame 1403636916.8016665
Dropping frame 1403636917.1516664
Dropping frame 1403636917.3016665
Dropping frame 1403636917.4016666
Dropping frame 1403636917.5016665
Dropping frame 1403636917.8016665
Dropping frame 1403636917.9016666
Dropping frame 1403636918.0516665
Dropping frame 1403636918.1516664
Dropping frame 1403636918.2516665
Dropping frame 1403636918.3516665
Dropping frame 1403636918.4516664
Dropping frame 1403636918.5516665
Dropping frame 1403636918.6516664
Dropping frame 1403636918.7516665
Dropping frame 1403636918.9516664
Dropping frame 1403636919.1516664
Dropping frame 1403636919.2516665
Dropping frame 1403636919.5016665
Dropping frame 1403636919.6016665
Dropping frame 1403636919.7016666
Dropping frame 1403636919.8516665
Dropping frame 1403636920.0016665
Dropping frame 1403636920.1016665
Dropping frame 1403636920.3016665
Dropping frame 1403636920.4016666
Dropping frame 1403636920.5016665
Dropping frame 1403636920.6016665
Dropping frame 1403636920.7516665
Dropping frame 1403636920.8516665
Dropping frame 1403636921.0516665
Dropping frame 1403636921.1516664
Dropping frame 1403636921.2516665
Dropping frame 1403636921.5016665
Dropping frame 1403636921.6016665
Dropping frame 1403636921.7016666
Dropping frame 1403636921.8016665
Dropping frame 1403636921.9516664
Dropping frame 1403636922.0516665
Dropping frame 1403636922.2016666
Dropping frame 1403636922.4016666
Dropping frame 1403636922.5016665
Dropping frame 1403636922.6516664
Dropping frame 1403636922.9516664
Dropping frame 1403636923.0516665
Dropping frame 1403636923.1516664
Dropping frame 1403636923.3016665
Dropping frame 1403636923.4516664
Dropping frame 1403636923.5516665
Dropping frame 1403636923.6516664
Dropping frame 1403636923.8016665
Dropping frame 1403636923.9016666
Dropping frame 1403636924.0516665
Dropping frame 1403636924.2516665
Dropping frame 1403636924.5016665
Dropping frame 1403636924.7016666
Dropping frame 1403636924.8016665
Dropping frame 1403636924.9016666
Dropping frame 1403636925.0016665
Dropping frame 1403636925.1016665
Dropping frame 1403636925.2516665
Dropping frame 1403636925.4016666
Dropping frame 1403636925.5016665
Dropping frame 1403636925.8516665
Dropping frame 1403636925.9516664
Dropping frame 1403636926.2516665
Dropping frame 1403636926.6016665
Dropping frame 1403636926.7016666
Dropping frame 1403636926.9516664
Dropping frame 1403636927.3016665
Dropping frame 1403636927.8516665
Dropping frame 1403636928.5016665
Dropping frame 1403636928.8516665
Dropping frame 1403636929.2516665
Dropping frame 1403636929.3516665
Dropping frame 1403636929.6016665
Dropping frame 1403636929.7516665
Dropping frame 1403636929.8516665
Dropping frame 1403636930.2016666
Dropping frame 1403636930.4016666
Dropping frame 1403636930.5516665
Dropping frame 1403636930.6516664
Dropping frame 1403636931.0016665
Dropping frame 1403636931.2516665
Dropping frame 1403636931.4516664
Dropping frame 1403636931.6516664
Dropping frame 1403636932.0016665
Dropping frame 1403636932.2016666
Dropping frame 1403636932.4516664
Dropping frame 1403636932.5516665
Dropping frame 1403636932.6516664
Dropping frame 1403636933.0516665
Dropping frame 1403636933.2516665
Dropping frame 1403636933.3516665
Dropping frame 1403636933.4516664
Dropping frame 1403636933.7016666
Dropping frame 1403636933.9016666
Dropping frame 1403636934.0016665
Dropping frame 1403636934.3516665
Dropping frame 1403636934.4516664
Dropping frame 1403636934.6516664
Dropping frame 1403636934.8516665
Dropping frame 1403636935.2016666
Dropping frame 1403636935.3016665
Dropping frame 1403636935.5516665
Dropping frame 1403636935.7016666
Dropping frame 1403636936.0516665
Dropping frame 1403636936.2016666
Dropping frame 1403636936.4016666
Dropping frame 1403636936.5016665
Dropping frame 1403636936.7016666
Dropping frame 1403636936.8016665
Dropping frame 1403636937.0016665
Dropping frame 1403636937.2016666
Dropping frame 1403636937.4016666
Dropping frame 1403636937.6016665
Dropping frame 1403636937.8016665
Dropping frame 1403636937.9016666
Dropping frame 1403636938.0016665
Dropping frame 1403636938.2016666
Dropping frame 1403636938.4016666
Dropping frame 1403636938.6016665
Dropping frame 1403636938.7516665
Dropping frame 1403636938.9516664
Dropping frame 1403636939.1516664
Dropping frame 1403636939.2516665
Dropping frame 1403636939.3516665
Dropping frame 1403636939.5016665
Dropping frame 1403636939.7516665
Dropping frame 1403636939.8516665
Dropping frame 1403636940.0516665
Dropping frame 1403636940.2516665
Dropping frame 1403636940.4516664
Dropping frame 1403636940.5516665
Dropping frame 1403636940.6516664
Dropping frame 1403636940.9516664
Dropping frame 1403636941.1516664
Dropping frame 1403636941.2516665
Dropping frame 1403636941.4516664
Dropping frame 1403636941.6516664
Dropping frame 1403636941.8516665
Dropping frame 1403636942.0516665
Dropping frame 1403636942.7016666
Dropping frame 1403636942.8016665
Dropping frame 1403636942.9016666
Dropping frame 1403636943.1016665
Dropping frame 1403636943.2016666
Dropping frame 1403636943.4516664
Dropping frame 1403636943.6516664
Dropping frame 1403636943.7516665
Dropping frame 1403636943.9016666
Dropping frame 1403636944.1016665
Dropping frame 1403636944.3016665
Dropping frame 1403636944.5016665
Dropping frame 1403636944.6016665
Dropping frame 1403636944.8016665
Dropping frame 1403636944.9016666
Dropping frame 1403636945.1016665
Dropping frame 1403636945.3016665
Dropping frame 1403636945.4016666
Dropping frame 1403636945.5016665
Dropping frame 1403636945.7016666
Dropping frame 1403636945.9016666
Dropping frame 1403636946.1016665
Dropping frame 1403636946.3016665
Dropping frame 1403636946.4016666
Dropping frame 1403636946.6016665
Dropping frame 1403636946.8016665
Dropping frame 1403636946.9016666
Dropping frame 1403636947.0016665
Dropping frame 1403636947.2016666
Dropping frame 1403636947.4016666
Dropping frame 1403636947.6016665
Dropping frame 1403636947.7016666
Dropping frame 1403636947.8016665
Dropping frame 1403636947.9016666
Dropping frame 1403636948.1016665
Dropping frame 1403636948.3016665
Dropping frame 1403636948.5016665
Dropping frame 1403636948.7016666
Dropping frame 1403636948.8016665
Dropping frame 1403636949.0016665
Dropping frame 1403636949.2016666
Dropping frame 1403636949.3016665
Dropping frame 1403636949.5016665
Dropping frame 1403636949.6016665
Dropping frame 1403636949.7016666
Dropping frame 1403636949.9016666
Dropping frame 1403636950.1016665
Dropping frame 1403636950.2016666
Dropping frame 1403636950.4016666
Dropping frame 1403636950.5016665
Dropping frame 1403636950.6016665
Dropping frame 1403636950.7016666
Dropping frame 1403636950.8016665
Dropping frame 1403636951.0016665
Dropping frame 1403636951.2016666
Dropping frame 1403636951.4016666
Dropping frame 1403636951.5016665
Dropping frame 1403636951.7016666
Dropping frame 1403636951.8016665
Dropping frame 1403636952.0016665
Dropping frame 1403636952.2016666
Dropping frame 1403636952.4016666
Dropping frame 1403636952.5016665
Dropping frame 1403636952.7016666
Dropping frame 1403636952.9016666
Dropping frame 1403636953.0016665
Dropping frame 1403636953.2016666
Dropping frame 1403636953.3016665
Dropping frame 1403636953.4016666
Dropping frame 1403636953.6016665
Dropping frame 1403636953.7016666
Dropping frame 1403636953.8016665
Dropping frame 1403636953.9016666
Dropping frame 1403636954.1016665
Dropping frame 1403636954.2016666
Dropping frame 1403636954.3016665
Dropping frame 1403636954.5016665
Dropping frame 1403636954.7016666
Dropping frame 1403636954.9016666
Dropping frame 1403636955.1016665
Dropping frame 1403636955.3016665
Dropping frame 1403636955.4016666
Dropping frame 1403636955.6016665
Dropping frame 1403636955.7016666
Dropping frame 1403636955.9016666
Dropping frame 1403636956.1016665
Dropping frame 1403636956.2016666
Dropping frame 1403636956.3016665
Dropping frame 1403636956.4016666
Dropping frame 1403636956.5016665
Dropping frame 1403636956.6016665
Dropping frame 1403636956.8016665
Dropping frame 1403636957.0016665
Dropping frame 1403636957.1016665
Dropping frame 1403636957.4516664
Dropping frame 1403636957.5516665
Dropping frame 1403636957.6516664
Dropping frame 1403636957.7516665
Dropping frame 1403636958.0516665
Dropping frame 1403636958.5516665
Dropping frame 1403636958.6516664
Dropping frame 1403636958.7516665
Dropping frame 1403636959.1016665
Dropping frame 1403636959.2016666
Dropping frame 1403636959.3516665
Dropping frame 1403636959.5016665
Dropping frame 1403636959.7016666
Dropping frame 1403636959.8016665
Dropping frame 1403636960.0016665
Dropping frame 1403636960.1016665
Dropping frame 1403636960.2016666
Dropping frame 1403636960.3016665
Dropping frame 1403636960.4016666
Dropping frame 1403636960.6016665
Dropping frame 1403636960.7016666
Dropping frame 1403636961.0516665
Dropping frame 1403636961.2516665
Dropping frame 1403636961.5516665
Dropping frame 1403636961.6516664
Dropping frame 1403636961.7516665
Dropping frame 1403636961.8516665
Dropping frame 1403636962.0516665
Dropping frame 1403636962.2516665
Dropping frame 1403636962.5016665
Dropping frame 1403636962.6516664
Dropping frame 1403636962.8516665
Dropping frame 1403636962.9516664
Dropping frame 1403636963.1516664
Dropping frame 1403636963.3516665
Dropping frame 1403636963.8016665
Dropping frame 1403636963.9016666
Dropping frame 1403636964.0016665
Dropping frame 1403636964.2016666
Dropping frame 1403636964.4516664
Dropping frame 1403636964.6516664
Dropping frame 1403636964.7516665
Dropping frame 1403636965.0016665
Dropping frame 1403636965.2016666
Dropping frame 1403636965.3016665
Dropping frame 1403636965.4016666
Dropping frame 1403636965.6516664
Dropping frame 1403636965.7516665
Dropping frame 1403636965.8516665
Dropping frame 1403636966.0516665
Dropping frame 1403636966.3516665
Dropping frame 1403636966.4516664
Dropping frame 1403636966.5516665
Dropping frame 1403636966.7016666
Dropping frame 1403636966.9516664
Dropping frame 1403636967.0516665
Dropping frame 1403636967.3016665
Dropping frame 1403636967.4516664
Dropping frame 1403636967.5516665
Dropping frame 1403636968.0516665
Dropping frame 1403636968.5516665
Dropping frame 1403636968.6516664
Dropping frame 1403636968.9016666
Dropping frame 1403636969.1016665
Dropping frame 1403636969.3016665
Dropping frame 1403636969.4016666
Dropping frame 1403636969.5516665
Dropping frame 1403636969.7516665
Dropping frame 1403636969.8516665
Dropping frame 1403636969.9516664
Dropping frame 1403636970.1516664
Dropping frame 1403636970.3516665
Dropping frame 1403636970.4516664
Dropping frame 1403636970.5516665
Dropping frame 1403636970.6516664
Dropping frame 1403636970.9516664
Dropping frame 1403636971.1516664
Dropping frame 1403636971.4516664
Dropping frame 1403636971.5516665
Dropping frame 1403636971.9016666
Dropping frame 1403636972.0016665
Dropping frame 1403636972.1016665
Dropping frame 1403636972.2016666
Dropping frame 1403636972.8516665
Dropping frame 1403636972.9516664
Dropping frame 1403636973.3516665
Dropping frame 1403636973.8016665
Dropping frame 1403636973.9016666
Dropping frame 1403636974.0016665
Dropping frame 1403636974.2016666
Dropping frame 1403636974.4016666
Dropping frame 1403636974.5516665
Dropping frame 1403636974.7516665
Dropping frame 1403636975.0016665
Dropping frame 1403636975.2516665
Dropping frame 1403636975.3516665
Dropping frame 1403636975.6016665
Dropping frame 1403636975.7016666
Dropping frame 1403636975.9516664
Dropping frame 1403636976.1016665
Dropping frame 1403636976.3016665
Dropping frame 1403636976.6016665
Dropping frame 1403636976.8016665
Dropping frame 1403636977.0016665
Dropping frame 1403636977.1016665
Dropping frame 1403636977.3516665
Dropping frame 1403636977.4516664
Dropping frame 1403636977.7016666
Dropping frame 1403636977.8016665
Dropping frame 1403636977.9016666
Dropping frame 1403636978.1016665
Dropping frame 1403636978.2016666
Dropping frame 1403636978.6516664
Dropping frame 1403636978.7516665
Dropping frame 1403636979.1516664
Dropping frame 1403636979.3516665
Dropping frame 1403636979.4516664
Dropping frame 1403636979.6516664
Dropping frame 1403636981.5516665
Dropping frame 1403636981.6516664
Dropping frame 1403636981.9016666
Dropping frame 1403636982.1016665
Dropping frame 1403636982.4016666
Dropping frame 1403636982.7516665
Dropping frame 1403636982.8516665
Dropping frame 1403636983.3516665
Dropping frame 1403636983.4516664
Dropping frame 1403636983.8016665
Dropping frame 1403636984.3016665
Dropping frame 1403636984.5016665
Dropping frame 1403636984.6016665
Dropping frame 1403636984.8516665
Dropping frame 1403636985.0516665
Dropping frame 1403636985.4016666
Dropping frame 1403636985.5016665
Dropping frame 1403636985.6016665
Dropping frame 1403636985.8016665
Dropping frame 1403636986.0016665
Dropping frame 1403636986.1016665
Dropping frame 1403636986.3516665
Dropping frame 1403636986.6016665
Dropping frame 1403636986.9016666
Dropping frame 1403636987.0516665
Dropping frame 1403636987.2516665
Dropping frame 1403636987.4516664
Dropping frame 1403636987.5516665
Dropping frame 1403636987.6516664
Dropping frame 1403636987.8516665
Dropping frame 1403636988.0516665
Dropping frame 1403636988.1516664
Dropping frame 1403636988.2516665
Dropping frame 1403636988.4516664
Dropping frame 1403636988.6016665
Dropping frame 1403636988.8016665
Dropping frame 1403636989.0016665
Dropping frame 1403636989.2016666
Dropping frame 1403636989.3516665
Dropping frame 1403636989.5516665
Dropping frame 1403636989.6516664
Dropping frame 1403636989.9016666
Dropping frame 1403636990.0016665
Dropping frame 1403636990.1016665
Dropping frame 1403636990.3016665
Dropping frame 1403636990.4016666
Dropping frame 1403636990.5016665
Dropping frame 1403636990.7016666
Dropping frame 1403636990.9016666
Dropping frame 1403636991.0016665
Dropping frame 1403636991.2516665
Dropping frame 1403636991.3516665
Dropping frame 1403636991.6016665
Dropping frame 1403636991.8016665
Dropping frame 1403636992.0016665
Dropping frame 1403636992.1016665
Dropping frame 1403636992.3516665
Dropping frame 1403636992.4516664
Dropping frame 1403636992.7016666
Dropping frame 1403636992.8016665
Dropping frame 1403636992.9016666
Dropping frame 1403636993.1016665
Dropping frame 1403636993.3016665
Dropping frame 1403636993.5016665
Dropping frame 1403636993.7016666
Dropping frame 1403636993.8016665
Dropping frame 1403636993.9016666
Dropping frame 1403636994.1016665
Dropping frame 1403636994.2016666
Dropping frame 1403636994.3016665
Dropping frame 1403636994.5016665
Dropping frame 1403636994.6016665
Dropping frame 1403636994.8516665
Dropping frame 1403636994.9516664
Dropping frame 1403636995.0516665
Dropping frame 1403636995.2516665
Dropping frame 1403636995.4516664
Dropping frame 1403636995.5516665
Dropping frame 1403636995.8016665
Dropping frame 1403636995.9016666
Dropping frame 1403636996.0016665
Dropping frame 1403636996.2016666
Dropping frame 1403636996.4016666
Dropping frame 1403636996.5016665
Dropping frame 1403636996.6016665
Dropping frame 1403636996.8016665
Dropping frame 1403636997.0016665
Dropping frame 1403636997.2016666
Dropping frame 1403636997.3016665
Dropping frame 1403636997.5516665
Dropping frame 1403636997.6516664
Dropping frame 1403636997.9016666
Dropping frame 1403636998.1016665
Dropping frame 1403636998.2016666
Dropping frame 1403636998.3016665
Dropping frame 1403636998.5016665
Dropping frame 1403636998.7016666
Dropping frame 1403636998.9016666
Dropping frame 1403636999.1016665
Dropping frame 1403636999.3016665
Dropping frame 1403636999.4016666
Dropping frame 1403636999.9516664
Dropping frame 1403637000.0516665
Dropping frame 1403637000.4016666
Dropping frame 1403637000.5016665
Dropping frame 1403637000.9016666
Dropping frame 1403637001.2016666
Dropping frame 1403637001.5016665
Dropping frame 1403637001.8016665
Dropping frame 1403637002.2516665
Dropping frame 1403637002.5516665
Dropping frame 1403637002.7516665
Dropping frame 1403637002.9016666
Dropping frame 1403637003.1016665
Dropping frame 1403637003.3016665
Dropping frame 1403637003.5016665
Dropping frame 1403637003.6016665
Dropping frame 1403637003.8516665
Dropping frame 1403637004.0516665
Dropping frame 1403637004.2516665
Dropping frame 1403637004.4516664
Dropping frame 1403637004.5516665
Dropping frame 1403637004.8016665
Dropping frame 1403637005.0016665
Dropping frame 1403637005.2016666
Dropping frame 1403637005.3516665
Dropping frame 1403637005.5516665
Dropping frame 1403637005.6516664
Dropping frame 1403637005.7516665
Dropping frame 1403637005.9516664
Dropping frame 1403637006.0516665
Dropping frame 1403637006.1516664
Dropping frame 1403637006.4016666
Dropping frame 1403637006.5016665
Dropping frame 1403637006.7516665
Dropping frame 1403637007.0016665
Dropping frame 1403637007.2016666
Dropping frame 1403637007.5016665
Dropping frame 1403637007.7016666
Dropping frame 1403637008.0016665
Dropping frame 1403637008.3016665
Dropping frame 1403637008.5016665
Dropping frame 1403637008.7016666
Dropping frame 1403637008.9016666
Dropping frame 1403637009.1016665
Dropping frame 1403637009.3016665
Dropping frame 1403637009.6016665
Dropping frame 1403637009.7016666
Dropping frame 1403637009.9516664
Dropping frame 1403637010.1516664
Dropping frame 1403637010.2516665
Dropping frame 1403637010.3516665
Dropping frame 1403637010.5516665
Shutdown
SLAM Finished at System Time: 1740865781.92926

 TIME STATS in ms (mean$\pm$std)
OpenCV version: 4.8.1
---------------------------
Tracking

ORB Extraction: 19.068$\pm$1.8886
Stereo Matching: 7.2485$\pm$1.9815
IMU Preintegration: 0.24055$\pm$0.090072
Pose Prediction: 0.21608$\pm$0.60807
LM Track: 19.318$\pm$5.2806
New KF decision: 1.2229$\pm$2.2987
Total Tracking: 33.473$\pm$25.808



Local Mapping

KF Insertion: 16.76$\pm$5.6214
MP Culling: 0.54719$\pm$0.21431
MP Creation: 49.314$\pm$16.137
LBA: 155.01$\pm$54.375
KF Culling: 15.781$\pm$10.596
Total Local Mapping: 237.41$\pm$77.37
---------------------------

LBA complexity (mean$\pm$std)
LBA Edges: 1681.5$\pm$547.84
LBA KF optimized: 6.5$\pm$2.2913
LBA KF fixed: 1$\pm$0
LBA MP: nan$\pm$nan

LBA executions: 465
LBA aborts: 0
---------------------------

Map complexity
KFs in map: 128
MPs in map: 10283
---------------------------

Place Recognition (mean$\pm$std)
Database Query: 1.4648$\pm$0.76793
SE3 estimation: 10.9$\pm$15.678
Total Place Recognition: 10.83$\pm$15.585


Loop Closing (mean$\pm$std)
Loop Fusion: nan$\pm$nan
Essential Graph: nan$\pm$nan
Total Loop Closing: nan$\pm$nan

Num exec: 0
Number of KFs: nan$\pm$nan

Map Merging (mean$\pm$std)
Merge Maps: nan$\pm$nan
Welding BA: nan$\pm$nan
Optimization Ess.: nan$\pm$nan
Total Map Merging: nan$\pm$nan

Num exec: 0
Number of KFs: nan$\pm$nan
Number of MPs: nan$\pm$nan

Full GBA (mean$\pm$std)
GBA: nan$\pm$nan
Map Update: nan$\pm$nan
Total Full GBA: nan$\pm$nan

Num exec: 0
Num abort: 0
Number of KFs: nan$\pm$nan
Number of MPs: nan$\pm$nan

Saving trajectory to f_dataset-MH02_stereo_imu.txt ...
There are 1 maps in the atlas
  Map 0 has 128 KFs

End of saving trajectory to f_dataset-MH02_stereo_imu.txt ...

Saving keyframe trajectory to kf_dataset-MH02_stereo_imu.txt ...
