num_seq = 1
file name: dataset-MH04_stereo_imu
Loading images for sequence 0...LOADED!
Loading IMU for sequence 0...LOADED!

-------

ORB-SLAM3 Copyright (C) 2017-2020 Carlos Campos, Richard Elvira, Juan J. Gómez, José M.M. Montiel and Juan D. Tardós, University of Zaragoza.
ORB-SLAM2 Copyright (C) 2014-2016 Raúl Mur-Artal, José M.M. Montiel and Juan D. Tardós, University of Zaragoza.
This program comes with ABSOLUTELY NO WARRANTY;
This is free software, and you are welcome to redistribute it
under certain conditions. See LICENSE.txt.

Built with REGISTER_TIMES
Git Commit Hash: 2d47524

Build Type: Release

Compiled with C++ version: 201703

Input sensor was set to: Stereo-Inertial
Loading settings from EuRoC_fov_deadlines_mask_11x11.yaml
	-Loaded camera 1
	-Loaded camera 2
	-Loaded image info
	-Loaded IMU calibration
	-Loaded ORB settings
	-Loaded viewer settings
	-Loaded Atlas settings
Deadlines enabled, will skip frames!
FOV enabled
Static mask size: 11x11
Dumping map points enabled
	-Loaded misc parameters
	-Computed rectification maps
----------------------------------
SLAM settings: 
	-Camera 1 parameters (Pinhole): [ 458.65399169921875 457.29598999023438 367.21499633789062 248.375 ]
	-Camera 1 distortion parameters: [  -0.28340810537338257 0.073959067463874817 0.00019359000725671649 1.7618711353861727e-05 ]
	-Camera 2 parameters (Pinhole: [ 457.58700561523438 456.13400268554688 379.99899291992188 255.23800659179688 ]
	-Camera 1 distortion parameters: [  -0.2836836576461792 0.074512839317321777 -0.00010473000293131918 -3.555907096597366e-05 ]
	-Original image size: [ 752 , 480 ]
	-Current image size: [ 752 , 480 ]
	-Camera 1 parameters after rectification: [  456.71499633789062 456.71499633789062 364.52615356445312 257.268798828125 ]
	-Sequence FPS: 20
	-Stereo baseline: 0.11007784307003021
	-Stereo depth threshold : 60
	-Gyro noise: 0.00016999999934341758
	-Accelerometer noise: 0.0020000000949949026
	-Gyro walk: 1.9392999092815444e-05
	-Accelerometer walk: 0.0030000000260770321
	-IMU frequency: 200
	-Features per image: 1200
	-ORB scale factor: 1.2000000476837158
	-ORB number of scales: 8
	-Initial FAST threshold: 20
	-Min FAST threshold: 7


Loading ORB Vocabulary. This could take a while...
Vocabulary loaded!

Initialization of Atlas from scratch 
Creation of new map with id: 0
Creation of new map with last KF id: 0
Seq. Name: 
There are 1 cameras in the atlas
Camera 0 is pinhole
SLAM Started at System Time: 1740934441.18103
not IMU meas
not IMU meas
not enough acceleration
not enough acceleration
not enough acceleration
not enough acceleration
not enough acceleration
not enough acceleration
not enough acceleration
not enough acceleration
not enough acceleration
not enough acceleration
not enough acceleration
not enough acceleration
not enough acceleration
not enough acceleration
not enough acceleration
not enough acceleration
not enough acceleration
not enough acceleration
not enough acceleration
not enough acceleration
not enough acceleration
not enough acceleration
not enough acceleration
not enough acceleration
not enough acceleration
not enough acceleration
not enough acceleration
not enough acceleration
not enough acceleration
not enough acceleration
First KF:0; Map init KF:0
New Map created with 145 points
Active map: 0
Dropping frame 1403638130.195097
Dropping frame 1403638130.5450969
Dropping frame 1403638130.8450971
Dropping frame 1403638131.2450969
Dropping frame 1403638131.395097
Dropping frame 1403638131.5450969
Dropping frame 1403638131.695097
Dropping frame 1403638131.945097
Dropping frame 1403638132.145097
Dropping frame 1403638132.395097
Dropping frame 1403638132.4950972
Dropping frame 1403638132.695097
Dropping frame 1403638132.8450971
Dropping frame 1403638133.0950971
Dropping frame 1403638133.395097
Dropping frame 1403638133.7450969
Dropping frame 1403638133.945097
Dropping frame 1403638134.0450969
Dropping frame 1403638134.2950971
start VIBA 1
Dropping frame 1403638134.5450969
end VIBA 1
Dropping frame 1403638134.645097
Dropping frame 1403638134.7450969
Dropping frame 1403638134.9950972
Dropping frame 1403638135.145097
Dropping frame 1403638135.445097
Dropping frame 1403638135.5450969
Dropping frame 1403638135.645097
Dropping frame 1403638135.9950972
Dropping frame 1403638136.2950971
Dropping frame 1403638136.4950972
Dropping frame 1403638136.645097
Dropping frame 1403638136.7450969
Dropping frame 1403638137.2450969
Dropping frame 1403638137.445097
Dropping frame 1403638137.645097
Dropping frame 1403638137.7450969
Dropping frame 1403638137.8450971
Dropping frame 1403638137.945097
Dropping frame 1403638138.145097
Dropping frame 1403638138.2450969
Dropping frame 1403638138.445097
Dropping frame 1403638138.5450969
Dropping frame 1403638138.695097
Dropping frame 1403638138.7950971
Not enough motion for initializing. Reseting...
TRACK: Reset map because local mapper set the bad imu flag 
LM: Active map reset recieved
LM: Active map reset, waiting...
LM: Reseting current map in Local Mapping...
LM: End reseting Local Mapping...
LM: Reset free the mutex
LM: Active map reset, Done!!!
mnFirstFrameId = 32
mnInitialFrameId = 0
157 Frames set to lost
not IMU meas
First KF:40; Map init KF:0
New Map created with 176 points
Active map: 0
Dropping frame 1403638139.145097
Dropping frame 1403638139.3450971
Dropping frame 1403638139.445097
Dropping frame 1403638139.5450969
Dropping frame 1403638139.645097
Dropping frame 1403638139.7950971
Dropping frame 1403638139.9950972
Dropping frame 1403638140.395097
Dropping frame 1403638140.4950972
Dropping frame 1403638140.7450969
Dropping frame 1403638141.145097
Dropping frame 1403638141.2450969
Dropping frame 1403638141.3450971
Dropping frame 1403638141.645097
Dropping frame 1403638141.895097
Not enough motion for initializing. Reseting...
Dropping frame 1403638141.9950972
LM: Reseting current map in Local Mapping...
LM: End reseting Local Mapping...
LM: Reset free the mutex
Dropping frame 1403638142.2450969
Not enough motion for initializing. Reseting...
TRACK: Reset map because local mapper set the bad imu flag 
LM: Reseting current map in Local Mapping...
LM: End reseting Local Mapping...
LM: Reset free the mutex
LM: Active map reset recieved
LM: Active map reset, waiting...
LM: Reseting current map in Local Mapping...
LM: End reseting Local Mapping...
LM: Reset free the mutex
LM: Active map reset, Done!!!
mnFirstFrameId = 191
mnInitialFrameId = 189
208 Frames set to lost
not IMU meas
not enough acceleration
not enough acceleration
not enough acceleration
not enough acceleration
not enough acceleration
not enough acceleration
Dropping frame 1403638142.8450971
not enough acceleration
not enough acceleration
not enough acceleration
not enough acceleration
not enough acceleration
not enough acceleration
not enough acceleration
not enough acceleration
not enough acceleration
not enough acceleration
not enough acceleration
not enough acceleration
not enough acceleration
not enough acceleration
not enough acceleration
not enough acceleration
not enough acceleration
not enough acceleration
not enough acceleration
not enough acceleration
not enough acceleration
not enough acceleration
not enough acceleration
Dropping frame 1403638144.0450969
not enough acceleration
not enough acceleration
not enough acceleration
Dropping frame 1403638144.2450969
not enough acceleration
not enough acceleration
not enough acceleration
Dropping frame 1403638144.445097
Dropping frame 1403638144.4950972
not enough acceleration
not enough acceleration
not enough acceleration
not enough acceleration
not enough acceleration
not enough acceleration
not enough acceleration
not enough acceleration
not enough acceleration
not enough acceleration
not enough acceleration
not enough acceleration
not enough acceleration
not enough acceleration
not enough acceleration
not enough acceleration
not enough acceleration
not enough acceleration
not enough acceleration
not enough acceleration
not enough acceleration
not enough acceleration
not enough acceleration
not enough acceleration
not enough acceleration
not enough acceleration
not enough acceleration
not enough acceleration
not enough acceleration
not enough acceleration
not enough acceleration
not enough acceleration
not enough acceleration
not enough acceleration
not enough acceleration
not enough acceleration
not enough acceleration
not enough acceleration
not enough acceleration
not enough acceleration
not enough acceleration
not enough acceleration
not enough acceleration
not enough acceleration
not enough acceleration
not enough acceleration
not enough acceleration
not enough acceleration
not enough acceleration
not enough acceleration
not enough acceleration
not enough acceleration
not enough acceleration
not enough acceleration
not enough acceleration
not enough acceleration
not enough acceleration
not enough acceleration
not enough acceleration
not enough acceleration
not enough acceleration
not enough acceleration
not enough acceleration
not enough acceleration
not enough acceleration
First KF:52; Map init KF:40
New Map created with 179 points
Active map: 0
start VIBA 1
end VIBA 1
Dropping frame 1403638155.2450969
Dropping frame 1403638155.5450969
Dropping frame 1403638155.8450971
Dropping frame 1403638156.145097
Dropping frame 1403638156.3450971
Dropping frame 1403638156.445097
Dropping frame 1403638156.695097
Dropping frame 1403638156.7950971
Dropping frame 1403638156.895097
Dropping frame 1403638156.9950972
Dropping frame 1403638157.145097
Dropping frame 1403638157.2950971
Dropping frame 1403638157.395097
Dropping frame 1403638157.695097
Dropping frame 1403638157.7950971
Dropping frame 1403638157.945097
Dropping frame 1403638158.0450969
Dropping frame 1403638158.145097
Dropping frame 1403638158.2950971
Dropping frame 1403638158.395097
Dropping frame 1403638158.4950972
Dropping frame 1403638158.645097
Dropping frame 1403638158.8450971
Dropping frame 1403638158.945097
Dropping frame 1403638159.2950971
Dropping frame 1403638159.5450969
Dropping frame 1403638159.7450969
Dropping frame 1403638159.8450971
Dropping frame 1403638159.945097
Dropping frame 1403638160.0950971
Dropping frame 1403638160.2450969
Dropping frame 1403638160.395097
Dropping frame 1403638160.5950971
Dropping frame 1403638160.695097
Dropping frame 1403638160.7950971
Dropping frame 1403638160.9950972
Dropping frame 1403638161.0950971
Dropping frame 1403638161.195097
Dropping frame 1403638161.395097
Dropping frame 1403638161.5950971
Dropping frame 1403638161.7950971
Dropping frame 1403638162.3450971
Dropping frame 1403638162.945097
start VIBA 2
Dropping frame 1403638163.2950971
Dropping frame 1403638163.4950972
end VIBA 2
Dropping frame 1403638163.645097
Dropping frame 1403638163.7950971
Dropping frame 1403638163.895097
Dropping frame 1403638164.0450969
Dropping frame 1403638164.195097
Dropping frame 1403638164.3450971
Dropping frame 1403638164.5450969
Dropping frame 1403638164.645097
Dropping frame 1403638164.7450969
Dropping frame 1403638164.895097
Dropping frame 1403638165.0950971
Dropping frame 1403638165.195097
Dropping frame 1403638165.5450969
Dropping frame 1403638165.695097
Dropping frame 1403638165.9950972
Dropping frame 1403638166.0950971
Dropping frame 1403638166.4950972
Dropping frame 1403638166.5950971
Dropping frame 1403638166.895097
Dropping frame 1403638167.2450969
Dropping frame 1403638167.445097
Dropping frame 1403638167.5450969
Dropping frame 1403638167.7450969
Dropping frame 1403638167.8450971
Dropping frame 1403638168.0450969
Dropping frame 1403638168.2450969
Dropping frame 1403638168.3450971
Dropping frame 1403638168.445097
Dropping frame 1403638168.5450969
Dropping frame 1403638168.645097
Dropping frame 1403638168.8450971
Dropping frame 1403638169.0450969
Dropping frame 1403638169.145097
Dropping frame 1403638169.3450971
Dropping frame 1403638169.5450969
Dropping frame 1403638169.945097
Dropping frame 1403638170.5450969
Dropping frame 1403638170.645097
Dropping frame 1403638170.8450971
Dropping frame 1403638171.0450969
Dropping frame 1403638171.145097
Dropping frame 1403638171.2450969
Dropping frame 1403638171.3450971
Dropping frame 1403638171.445097
Dropping frame 1403638171.5450969
Dropping frame 1403638171.7450969
Dropping frame 1403638171.8450971
Dropping frame 1403638172.145097
Dropping frame 1403638172.2950971
Dropping frame 1403638172.4950972
Dropping frame 1403638172.695097
Dropping frame 1403638172.895097
Dropping frame 1403638172.9950972
Dropping frame 1403638173.195097
Dropping frame 1403638173.2950971
Dropping frame 1403638173.4950972
Dropping frame 1403638173.5950971
Dropping frame 1403638173.7950971
Dropping frame 1403638173.895097
Dropping frame 1403638173.9950972
Dropping frame 1403638174.195097
Dropping frame 1403638174.395097
Dropping frame 1403638174.5950971
Dropping frame 1403638174.695097
Dropping frame 1403638174.945097
Dropping frame 1403638175.145097
Dropping frame 1403638175.3450971
Dropping frame 1403638175.445097
Dropping frame 1403638175.5450969
Dropping frame 1403638175.7450969
Dropping frame 1403638175.8450971
Dropping frame 1403638175.945097
Dropping frame 1403638176.145097
Dropping frame 1403638176.2450969
Dropping frame 1403638176.3450971
Dropping frame 1403638176.5450969
Dropping frame 1403638176.645097
Dropping frame 1403638176.7450969
Dropping frame 1403638176.8450971
Dropping frame 1403638176.945097
Dropping frame 1403638177.0450969
Dropping frame 1403638177.145097
Dropping frame 1403638177.2450969
Dropping frame 1403638177.395097
Dropping frame 1403638177.5950971
Dropping frame 1403638177.695097
Dropping frame 1403638177.7950971
Dropping frame 1403638177.895097
Dropping frame 1403638177.9950972
Dropping frame 1403638178.145097
Dropping frame 1403638178.2950971
Dropping frame 1403638178.445097
Dropping frame 1403638178.645097
Dropping frame 1403638178.7450969
Dropping frame 1403638178.895097
Dropping frame 1403638178.9950972
Dropping frame 1403638179.2450969
Dropping frame 1403638179.5450969
Dropping frame 1403638179.645097
Dropping frame 1403638179.8450971
Dropping frame 1403638180.0950971
Dropping frame 1403638180.2950971
Dropping frame 1403638180.5450969
Dropping frame 1403638180.645097
Dropping frame 1403638180.895097
Dropping frame 1403638181.0950971
Dropping frame 1403638181.195097
Dropping frame 1403638181.2950971
Dropping frame 1403638181.4950972
Dropping frame 1403638181.695097
Dropping frame 1403638181.895097
Dropping frame 1403638181.9950972
Dropping frame 1403638182.195097
Dropping frame 1403638182.645097
Dropping frame 1403638182.7450969
Dropping frame 1403638182.945097
Dropping frame 1403638183.195097
Dropping frame 1403638183.2950971
Dropping frame 1403638183.5450969
Dropping frame 1403638183.645097
Dropping frame 1403638183.945097
Dropping frame 1403638184.145097
Dropping frame 1403638184.2450969
Dropping frame 1403638184.3450971
Dropping frame 1403638184.445097
Dropping frame 1403638184.5950971
Dropping frame 1403638184.695097
Dropping frame 1403638184.895097
Dropping frame 1403638185.0950971
Dropping frame 1403638185.195097
Dropping frame 1403638185.395097
Dropping frame 1403638185.5950971
Dropping frame 1403638185.695097
Dropping frame 1403638185.7950971
Dropping frame 1403638185.895097
Dropping frame 1403638185.9950972
Dropping frame 1403638186.2450969
Dropping frame 1403638186.3450971
Dropping frame 1403638186.7450969
Dropping frame 1403638186.8450971
Dropping frame 1403638186.945097
Dropping frame 1403638187.145097
Dropping frame 1403638187.3450971
Dropping frame 1403638187.445097
Dropping frame 1403638187.695097
Dropping frame 1403638187.7950971
Dropping frame 1403638187.895097
Dropping frame 1403638188.0950971
Dropping frame 1403638188.2950971
Dropping frame 1403638188.645097
Dropping frame 1403638188.895097
Dropping frame 1403638188.9950972
Dropping frame 1403638189.445097
Dropping frame 1403638189.645097
Dropping frame 1403638189.7450969
Dropping frame 1403638189.9950972
Dropping frame 1403638190.0950971
Dropping frame 1403638190.8450971
Dropping frame 1403638191.4950972
Dropping frame 1403638191.695097
Dropping frame 1403638192.2450969
Dropping frame 1403638192.445097
Dropping frame 1403638192.645097
Dropping frame 1403638192.8450971
Dropping frame 1403638193.0450969
Dropping frame 1403638193.2450969
Dropping frame 1403638193.3450971
Dropping frame 1403638193.5950971
Dropping frame 1403638193.8450971
Dropping frame 1403638193.9950972
Dropping frame 1403638194.0950971
Dropping frame 1403638194.2950971
Dropping frame 1403638194.5450969
Dropping frame 1403638194.695097
Dropping frame 1403638194.895097
Dropping frame 1403638194.9950972
Dropping frame 1403638195.2450969
Dropping frame 1403638195.3450971
Dropping frame 1403638195.5950971
Dropping frame 1403638195.7950971
Dropping frame 1403638196.0950971
Dropping frame 1403638196.2950971
Dropping frame 1403638196.9950972
Dropping frame 1403638197.195097
Dropping frame 1403638197.395097
Dropping frame 1403638197.695097
Dropping frame 1403638197.9950972
Dropping frame 1403638198.0950971
Dropping frame 1403638198.3450971
Dropping frame 1403638198.645097
Dropping frame 1403638198.895097
Dropping frame 1403638198.9950972
Dropping frame 1403638199.2450969
Dropping frame 1403638199.3450971
Dropping frame 1403638199.445097
Dropping frame 1403638199.645097
Dropping frame 1403638199.8450971
Dropping frame 1403638200.145097
Dropping frame 1403638200.3450971
Dropping frame 1403638200.5450969
Dropping frame 1403638200.7450969
Dropping frame 1403638200.8450971
Dropping frame 1403638201.0950971
Dropping frame 1403638201.445097
Dropping frame 1403638201.5450969
Dropping frame 1403638201.7950971
Dropping frame 1403638201.9950972
Dropping frame 1403638202.195097
Dropping frame 1403638202.395097
Dropping frame 1403638202.5950971
Dropping frame 1403638202.7950971
Dropping frame 1403638202.9950972
Dropping frame 1403638203.195097
Dropping frame 1403638203.2950971
Dropping frame 1403638203.4950972
Dropping frame 1403638203.5950971
Dropping frame 1403638203.695097
Dropping frame 1403638203.895097
Dropping frame 1403638204.0950971
Dropping frame 1403638204.2950971
Dropping frame 1403638204.4950972
Dropping frame 1403638204.695097
Dropping frame 1403638204.7950971
Dropping frame 1403638204.9950972
Dropping frame 1403638205.0950971
Dropping frame 1403638205.895097
Dropping frame 1403638205.9950972
Dropping frame 1403638206.195097
Dropping frame 1403638206.5450969
Dropping frame 1403638207.0950971
Dropping frame 1403638207.2950971
Dropping frame 1403638208.145097
Dropping frame 1403638208.2450969
Dropping frame 1403638208.5450969
Dropping frame 1403638208.7450969
Dropping frame 1403638208.895097
Dropping frame 1403638208.9950972
Dropping frame 1403638209.445097
Dropping frame 1403638210.2950971
Dropping frame 1403638210.395097
Dropping frame 1403638210.7950971
Dropping frame 1403638211.0950971
Dropping frame 1403638211.2450969
Dropping frame 1403638211.5450969
Dropping frame 1403638211.7450969
Dropping frame 1403638211.945097
Dropping frame 1403638212.0450969
Dropping frame 1403638212.2950971
Dropping frame 1403638212.395097
Dropping frame 1403638212.695097
Dropping frame 1403638212.895097
Dropping frame 1403638213.2450969
Dropping frame 1403638213.445097
Dropping frame 1403638213.5450969
Dropping frame 1403638213.9950972
Dropping frame 1403638214.645097
Dropping frame 1403638215.0450969
Dropping frame 1403638215.145097
Dropping frame 1403638215.7950971
Dropping frame 1403638216.0950971
Dropping frame 1403638216.5450969
Dropping frame 1403638216.895097
Dropping frame 1403638217.5450969
Dropping frame 1403638217.695097
Dropping frame 1403638218.2450969
Dropping frame 1403638218.445097
Dropping frame 1403638219.145097
Dropping frame 1403638219.645097
Dropping frame 1403638219.8450971
Dropping frame 1403638220.145097
Dropping frame 1403638220.8450971
Dropping frame 1403638221.3450971
Dropping frame 1403638227.445097
Dropping frame 1403638227.5450969
Dropping frame 1403638227.8450971
Dropping frame 1403638228.145097
Dropping frame 1403638228.7950971
Shutdown
SLAM Finished at System Time: 1740934562.56151

 TIME STATS in ms (mean$\pm$std)
OpenCV version: 4.8.1
---------------------------
Tracking

ORB Extraction: 18.005$\pm$2.3007
Stereo Matching: 7.977$\pm$1.9573
IMU Preintegration: 0.20742$\pm$0.089414
Pose Prediction: 0.51338$\pm$1.3551
LM Track: 17.378$\pm$5.3196
New KF decision: 1.0761$\pm$1.8525
Total Tracking: 32.905$\pm$23.781



Local Mapping

KF Insertion: 13.195$\pm$4.7814
MP Culling: 0.4573$\pm$0.20267
MP Creation: 41.669$\pm$15.697
LBA: 141.43$\pm$44.733
KF Culling: 10.271$\pm$8.724
Total Local Mapping: 206.93$\pm$68.991
---------------------------

LBA complexity (mean$\pm$std)
LBA Edges: 1644.6$\pm$1122.7
LBA KF optimized: 6.5$\pm$2.2913
LBA KF fixed: 1$\pm$0
LBA MP: nan$\pm$nan

LBA executions: 377
LBA aborts: 0
---------------------------

Map complexity
KFs in map: 160
MPs in map: 13225
---------------------------

Place Recognition (mean$\pm$std)
Database Query: 2.1127$\pm$1.142
SE3 estimation: 27.328$\pm$17.158
Total Place Recognition: 20.558$\pm$20.166


Loop Closing (mean$\pm$std)
Loop Fusion: nan$\pm$nan
Essential Graph: nan$\pm$nan
Total Loop Closing: nan$\pm$nan

Num exec: 0
Number of KFs: nan$\pm$nan

Map Merging (mean$\pm$std)
Merge Maps: nan$\pm$nan
Welding BA: nan$\pm$nan
Optimization Ess.: nan$\pm$nan
Total Map Merging: nan$\pm$nan

Num exec: 0
Number of KFs: nan$\pm$nan
Number of MPs: nan$\pm$nan

Full GBA (mean$\pm$std)
GBA: nan$\pm$nan
Map Update: nan$\pm$nan
Total Full GBA: nan$\pm$nan

Num exec: 0
Num abort: 0
Number of KFs: nan$\pm$nan
Number of MPs: nan$\pm$nan

Saving trajectory to f_dataset-MH04_stereo_imu.txt ...
There are 1 maps in the atlas
  Map 0 has 160 KFs

End of saving trajectory to f_dataset-MH04_stereo_imu.txt ...

Saving keyframe trajectory to kf_dataset-MH04_stereo_imu.txt ...
