num_seq = 1
file name: dataset-MH05_stereo_imu
Loading images for sequence 0...LOADED!
Loading IMU for sequence 0...LOADED!

-------

ORB-SLAM3 Copyright (C) 2017-2020 Carlos Campos, Richard Elvira, Juan J. Gómez, José M.M. Montiel and Juan D. Tardós, University of Zaragoza.
ORB-SLAM2 Copyright (C) 2014-2016 Raúl Mur-Artal, José M.M. Montiel and Juan D. Tardós, University of Zaragoza.
This program comes with ABSOLUTELY NO WARRANTY;
This is free software, and you are welcome to redistribute it
under certain conditions. See LICENSE.txt.

Built with REGISTER_TIMES
Git Commit Hash: 2d47524

Build Type: Release

Compiled with C++ version: 201703

Input sensor was set to: Stereo-Inertial
Loading settings from EuRoC_fov_deadlines_mask_4x4.yaml
	-Loaded camera 1
	-Loaded camera 2
	-Loaded image info
	-Loaded IMU calibration
	-Loaded ORB settings
	-Loaded viewer settings
	-Loaded Atlas settings
Deadlines enabled, will skip frames!
FOV enabled
Static mask size: 4x4
Dumping map points enabled
	-Loaded misc parameters
	-Computed rectification maps
----------------------------------
SLAM settings: 
	-Camera 1 parameters (Pinhole): [ 458.65399169921875 457.29598999023438 367.21499633789062 248.375 ]
	-Camera 1 distortion parameters: [  -0.28340810537338257 0.073959067463874817 0.00019359000725671649 1.7618711353861727e-05 ]
	-Camera 2 parameters (Pinhole: [ 457.58700561523438 456.13400268554688 379.99899291992188 255.23800659179688 ]
	-Camera 1 distortion parameters: [  -0.2836836576461792 0.074512839317321777 -0.00010473000293131918 -3.555907096597366e-05 ]
	-Original image size: [ 752 , 480 ]
	-Current image size: [ 752 , 480 ]
	-Camera 1 parameters after rectification: [  456.71499633789062 456.71499633789062 364.52615356445312 257.268798828125 ]
	-Sequence FPS: 20
	-Stereo baseline: 0.11007784307003021
	-Stereo depth threshold : 60
	-Gyro noise: 0.00016999999934341758
	-Accelerometer noise: 0.0020000000949949026
	-Gyro walk: 1.9392999092815444e-05
	-Accelerometer walk: 0.0030000000260770321
	-IMU frequency: 200
	-Features per image: 1200
	-ORB scale factor: 1.2000000476837158
	-ORB number of scales: 8
	-Initial FAST threshold: 20
	-Min FAST threshold: 7


Loading ORB Vocabulary. This could take a while...
Vocabulary loaded!

Initialization of Atlas from scratch 
Creation of new map with id: 0
Creation of new map with last KF id: 0
Seq. Name: 
There are 1 cameras in the atlas
Camera 0 is pinhole
SLAM Started at System Time: 1743125973.07163
not IMU meas
not IMU meas
not enough acceleration
not enough acceleration
not enough acceleration
not enough acceleration
not enough acceleration
not enough acceleration
not enough acceleration
not enough acceleration
not enough acceleration
not enough acceleration
not enough acceleration
not enough acceleration
not enough acceleration
not enough acceleration
not enough acceleration
not enough acceleration
not enough acceleration
not enough acceleration
not enough acceleration
not enough acceleration
not enough acceleration
not enough acceleration
not enough acceleration
not enough acceleration
not enough acceleration
not enough acceleration
not enough acceleration
not enough acceleration
not enough acceleration
not enough acceleration
not enough acceleration
not enough acceleration
not enough acceleration
not enough acceleration
not enough acceleration
not enough acceleration
not enough acceleration
not enough acceleration
not enough acceleration
not enough acceleration
not enough acceleration
not enough acceleration
not enough acceleration
not enough acceleration
not enough acceleration
not enough acceleration
not enough acceleration
not enough acceleration
not enough acceleration
not enough acceleration
not enough acceleration
not enough acceleration
not enough acceleration
not enough acceleration
not enough acceleration
not enough acceleration
not enough acceleration
not enough acceleration
not enough acceleration
not enough acceleration
not enough acceleration
not enough acceleration
not enough acceleration
not enough acceleration
not enough acceleration
not enough acceleration
not enough acceleration
not enough acceleration
not enough acceleration
not enough acceleration
not enough acceleration
not enough acceleration
not enough acceleration
not enough acceleration
not enough acceleration
not enough acceleration
not enough acceleration
not enough acceleration
First KF:0; Map init KF:0
New Map created with 82 points
Active map: 0
Dropping frame 1403638522.6778293
start VIBA 1
end VIBA 1
Dropping frame 1403638528.0778294
Dropping frame 1403638528.3778293
Dropping frame 1403638528.5278294
Dropping frame 1403638528.8278296
Dropping frame 1403638528.9278295
Not enough motion for initializing. Reseting...
TRACK: Reset map because local mapper set the bad imu flag 
LM: Reseting current map in Local Mapping...
LM: End reseting Local Mapping...
LM: Reset free the mutex
LM: Active map reset recieved
LM: Active map reset, waiting...
LM: Reseting current map in Local Mapping...
LM: End reseting Local Mapping...
LM: Reset free the mutex
LM: Active map reset, Done!!!
mnFirstFrameId = 80
mnInitialFrameId = 0
186 Frames set to lost
not IMU meas
not enough acceleration
not enough acceleration
not enough acceleration
not enough acceleration
not enough acceleration
not enough acceleration
not enough acceleration
not enough acceleration
not enough acceleration
not enough acceleration
not enough acceleration
not enough acceleration
not enough acceleration
not enough acceleration
not enough acceleration
not enough acceleration
not enough acceleration
not enough acceleration
not enough acceleration
not enough acceleration
not enough acceleration
not enough acceleration
not enough acceleration
not enough acceleration
not enough acceleration
not enough acceleration
not enough acceleration
not enough acceleration
not enough acceleration
not enough acceleration
not enough acceleration
not enough acceleration
not enough acceleration
not enough acceleration
not enough acceleration
not enough acceleration
not enough acceleration
not enough acceleration
not enough acceleration
not enough acceleration
not enough acceleration
not enough acceleration
not enough acceleration
not enough acceleration
not enough acceleration
not enough acceleration
not enough acceleration
not enough acceleration
not enough acceleration
not enough acceleration
not enough acceleration
not enough acceleration
not enough acceleration
not enough acceleration
not enough acceleration
not enough acceleration
not enough acceleration
not enough acceleration
not enough acceleration
not enough acceleration
not enough acceleration
not enough acceleration
not enough acceleration
not enough acceleration
not enough acceleration
not enough acceleration
not enough acceleration
not enough acceleration
not enough acceleration
not enough acceleration
not enough acceleration
not enough acceleration
not enough acceleration
not enough acceleration
not enough acceleration
not enough acceleration
not enough acceleration
not enough acceleration
not enough acceleration
not enough acceleration
not enough acceleration
not enough acceleration
not enough acceleration
not enough acceleration
not enough acceleration
not enough acceleration
not enough acceleration
not enough acceleration
not enough acceleration
not enough acceleration
not enough acceleration
not enough acceleration
not enough acceleration
not enough acceleration
not enough acceleration
not enough acceleration
not enough acceleration
not enough acceleration
not enough acceleration
not enough acceleration
not enough acceleration
not enough acceleration
not enough acceleration
not enough acceleration
not enough acceleration
not enough acceleration
not enough acceleration
not enough acceleration
not enough acceleration
not enough acceleration
not enough acceleration
not enough acceleration
not enough acceleration
not enough acceleration
not enough acceleration
not enough acceleration
not enough acceleration
not enough acceleration
not enough acceleration
not enough acceleration
not enough acceleration
not enough acceleration
not enough acceleration
not enough acceleration
not enough acceleration
not enough acceleration
not enough acceleration
not enough acceleration
not enough acceleration
not enough acceleration
not enough acceleration
not enough acceleration
not enough acceleration
not enough acceleration
not enough acceleration
not enough acceleration
not enough acceleration
not enough acceleration
not enough acceleration
not enough acceleration
First KF:41; Map init KF:0
New Map created with 113 points
Active map: 0
Dropping frame 1403638541.6778293
Dropping frame 1403638542.2278295
Dropping frame 1403638542.3278296
Dropping frame 1403638542.5778294
Dropping frame 1403638542.6778293
Dropping frame 1403638542.8778293
Dropping frame 1403638543.0278294
start VIBA 1
end VIBA 1
Dropping frame 1403638544.2778294
Dropping frame 1403638549.8778293
Dropping frame 1403638550.9278295
Dropping frame 1403638551.5278294
Dropping frame 1403638552.6778293
Dropping frame 1403638552.7778294
Dropping frame 1403638553.4278295
Dropping frame 1403638553.6778293
Dropping frame 1403638553.7778294
start VIBA 2
Dropping frame 1403638554.2778294
end VIBA 2
Dropping frame 1403638554.8278296
Dropping frame 1403638555.0278294
Dropping frame 1403638555.1278296
Dropping frame 1403638555.2278295
Dropping frame 1403638555.4778295
Dropping frame 1403638555.9278295
Dropping frame 1403638556.0778294
Dropping frame 1403638556.3278296
Dropping frame 1403638556.5278294
Dropping frame 1403638556.6278296
Dropping frame 1403638557.2278295
Dropping frame 1403638557.6778293
Dropping frame 1403638557.8778293
Dropping frame 1403638558.1778293
Dropping frame 1403638558.3778293
Dropping frame 1403638558.5778294
Dropping frame 1403638558.6778293
Dropping frame 1403638558.7778294
Dropping frame 1403638559.0278294
Dropping frame 1403638559.1278296
Dropping frame 1403638559.4778295
Dropping frame 1403638559.6778293
Dropping frame 1403638559.7778294
Dropping frame 1403638559.9778295
Dropping frame 1403638560.0778294
Dropping frame 1403638560.1778293
Dropping frame 1403638560.4278295
Dropping frame 1403638560.5278294
Dropping frame 1403638560.6278296
Dropping frame 1403638560.8278296
Dropping frame 1403638561.0278294
Dropping frame 1403638561.1278296
Dropping frame 1403638561.2778294
Dropping frame 1403638561.4278295
Dropping frame 1403638561.5278294
Dropping frame 1403638561.7778294
Dropping frame 1403638562.4778295
Dropping frame 1403638562.5778294
Dropping frame 1403638562.8278296
Dropping frame 1403638562.9278295
Dropping frame 1403638563.0278294
Dropping frame 1403638563.3278296
Dropping frame 1403638563.4278295
Dropping frame 1403638563.6778293
Dropping frame 1403638563.7778294
Dropping frame 1403638563.8778293
Dropping frame 1403638564.2278295
Dropping frame 1403638564.5778294
Dropping frame 1403638564.7778294
Dropping frame 1403638564.9778295
Dropping frame 1403638565.0778294
Dropping frame 1403638565.3278296
Dropping frame 1403638565.5278294
Dropping frame 1403638565.8278296
Dropping frame 1403638566.0278294
Dropping frame 1403638566.1778293
Dropping frame 1403638566.3778293
Dropping frame 1403638566.5778294
Dropping frame 1403638566.7778294
Dropping frame 1403638566.8778293
Dropping frame 1403638567.3278296
Dropping frame 1403638567.7778294
Dropping frame 1403638568.2278295
Dropping frame 1403638568.8278296
Dropping frame 1403638568.9278295
Dropping frame 1403638569.9778295
Dropping frame 1403638570.6278296
Dropping frame 1403638571.3278296
Dropping frame 1403638571.8278296
Dropping frame 1403638572.0278294
Dropping frame 1403638572.4778295
Dropping frame 1403638573.5778294
Dropping frame 1403638575.4778295
Dropping frame 1403638575.9278295
Dropping frame 1403638576.9778295
Dropping frame 1403638577.1278296
Dropping frame 1403638577.5778294
Dropping frame 1403638577.7778294
Dropping frame 1403638578.3278296
Dropping frame 1403638578.5278294
Dropping frame 1403638578.6278296
Dropping frame 1403638578.8778293
Dropping frame 1403638579.1778293
Dropping frame 1403638579.8278296
Dropping frame 1403638579.9278295
Dropping frame 1403638580.0278294
Dropping frame 1403638580.4778295
Dropping frame 1403638581.2278295
Dropping frame 1403638581.7278295
Dropping frame 1403638582.1278296
Dropping frame 1403638582.4778295
Dropping frame 1403638583.0278294
Dropping frame 1403638586.1278296
*Loop detected
phi = -0.0082547920837875276  -0.007542794665727718  -0.014916556464347138
BAD LOOP!!!
*Loop detected
phi = -0.0018357741278776328 -0.0013951791747950748  -0.015049225109196426
Local Mapping STOP
Local Mapping RELEASE
Local Mapping STOP
Local Mapping RELEASE
Dropping frame 1403638609.4278295
Dropping frame 1403638616.3778293
Dropping frame 1403638616.5278294
Dropping frame 1403638617.2278295
Dropping frame 1403638617.4778295
Dropping frame 1403638617.5778294
Dropping frame 1403638617.8278296
Dropping frame 1403638617.9278295
Dropping frame 1403638618.2278295
Dropping frame 1403638618.5278294
Dropping frame 1403638618.8278296
Dropping frame 1403638619.1278296
Dropping frame 1403638619.3778293
Dropping frame 1403638619.4778295
Dropping frame 1403638619.7778294
Dropping frame 1403638620.0778294
*Loop detected
phi =  0.029168311720658754 -0.022762033376079266 -0.027855475346524137
BAD LOOP!!!
*Loop detected
phi =  0.063851337133963765 -0.041332112458962691 -0.048825430737902263
BAD LOOP!!!
*Loop detected
phi =  0.028272899799813501 -0.029711630542917318 -0.035007277385728973
BAD LOOP!!!
*Loop detected
phi =  0.023133895950820341 -0.021189269082159248 -0.035921282546527322
BAD LOOP!!!
Dropping frame 1403638621.0778294
Dropping frame 1403638621.1778293
*Loop detected
phi =  0.013768677698602315 -0.020285333584174108 -0.013565304757431408
BAD LOOP!!!
*Loop detected
phi =  0.016565007318986625 -0.016419533633832847 -0.024819743253090415
BAD LOOP!!!
*Loop detected
phi = 0.0094085951968649207 -0.017203837566769551 -0.025052746488524288
BAD LOOP!!!
*Loop detected
phi =   0.011100021140207583 -0.0094112375700809107  -0.010881224479113244
BAD LOOP!!!
Dropping frame 1403638622.0778294
Dropping frame 1403638622.1778293
Dropping frame 1403638622.2778294
*Loop detected
phi =  0.0019017145097957632 -0.0071135156905172388  -0.016139087859067463
Local Mapping STOP
Dropping frame 1403638622.5278294
Local Mapping RELEASE
Dropping frame 1403638623.0278294
Dropping frame 1403638623.1778293
Dropping frame 1403638623.2778294
Dropping frame 1403638623.5278294
Dropping frame 1403638623.6278296
Dropping frame 1403638626.0778294
Dropping frame 1403638626.5778294
Dropping frame 1403638627.0778294
Dropping frame 1403638627.6778293
Dropping frame 1403638628.5278294
Dropping frame 1403638631.0278294
Dropping frame 1403638631.2278295
Dropping frame 1403638631.3278296
Dropping frame 1403638631.6278296
Shutdown
SLAM Finished at System Time: 1743126106.44772

 TIME STATS in ms (mean$\pm$std)
OpenCV version: 4.8.1
---------------------------
Tracking

ORB Extraction: 13.187$\pm$2.2975
Stereo Matching: 7.0322$\pm$2.4001
IMU Preintegration: 0.20685$\pm$0.10606
Pose Prediction: 0.37724$\pm$1.2346
LM Track: 15.463$\pm$4.4001
New KF decision: 0.9896$\pm$1.8054
Total Tracking: 35.044$\pm$15.909



Local Mapping

KF Insertion: 10.111$\pm$4.2953
MP Culling: 0.38204$\pm$0.22225
MP Creation: 32.792$\pm$13.526
LBA: 121.42$\pm$52.214
KF Culling: 8.448$\pm$7.1592
Total Local Mapping: 173.43$\pm$74.488
---------------------------

LBA complexity (mean$\pm$std)
LBA Edges: 2138$\pm$1196.7
LBA KF optimized: 6.5$\pm$2.2913
LBA KF fixed: 1$\pm$0
LBA MP: nan$\pm$nan

LBA executions: 457
LBA aborts: 0
---------------------------

Map complexity
KFs in map: 214
MPs in map: 16533
---------------------------

Place Recognition (mean$\pm$std)
Database Query: 1.3474$\pm$0.87253
SE3 estimation: 20.895$\pm$14.489
Total Place Recognition: 17.106$\pm$16.214


Loop Closing (mean$\pm$std)
Loop Fusion: 118.64$\pm$58.682
Essential Graph: 117.27$\pm$5.9197
Total Loop Closing: 256.28$\pm$49.542

Num exec: 2
Number of KFs: nan$\pm$nan

Map Merging (mean$\pm$std)
Merge Maps: nan$\pm$nan
Welding BA: nan$\pm$nan
Optimization Ess.: nan$\pm$nan
Total Map Merging: nan$\pm$nan

Num exec: 0
Number of KFs: nan$\pm$nan
Number of MPs: nan$\pm$nan

Full GBA (mean$\pm$std)
GBA: 1319.8$\pm$0
Map Update: 31.679$\pm$0
Total Full GBA: 1351.4$\pm$0

Num exec: 1
Num abort: 0
Number of KFs: 163$\pm$0
Number of MPs: 14405$\pm$0

Saving trajectory to f_dataset-MH05_stereo_imu.txt ...
There are 1 maps in the atlas
  Map 0 has 214 KFs

End of saving trajectory to f_dataset-MH05_stereo_imu.txt ...

Saving keyframe trajectory to kf_dataset-MH05_stereo_imu.txt ...
