num_seq = 1
file name: dataset-V102_stereo_imu
Loading images for sequence 0...LOADED!
Loading IMU for sequence 0...LOADED!

-------

ORB-SLAM3 Copyright (C) 2017-2020 Carlos Campos, Richard Elvira, Juan J. Gómez, José M.M. Montiel and Juan D. Tardós, University of Zaragoza.
ORB-SLAM2 Copyright (C) 2014-2016 Raúl Mur-Artal, José M.M. Montiel and Juan D. Tardós, University of Zaragoza.
This program comes with ABSOLUTELY NO WARRANTY;
This is free software, and you are welcome to redistribute it
under certain conditions. See LICENSE.txt.

Built with REGISTER_TIMES
Git Commit Hash: c2409e6

Build Type: Release

Compiled with C++ version: 201703

Input sensor was set to: Stereo-Inertial
Loading settings from ./Examples/Stereo-Inertial/EuRoC_omega_deadlines.yaml
	-Loaded camera 1
	-Loaded camera 2
	-Loaded image info
	-Loaded IMU calibration
	-Loaded ORB settings
	-Loaded viewer settings
	-Loaded Atlas settings
Deadlines enabled, will skip frames!
omegaSLAM enabled!
	-Loaded misc parameters
	-Computed rectification maps
----------------------------------
SLAM settings: 
	-Camera 1 parameters (Pinhole): [ 458.65399169921875 457.29598999023438 367.21499633789062 248.375 ]
	-Camera 1 distortion parameters: [  -0.28340810537338257 0.073959067463874817 0.00019359000725671649 1.7618711353861727e-05 ]
	-Camera 2 parameters (Pinhole: [ 457.58700561523438 456.13400268554688 379.99899291992188 255.23800659179688 ]
	-Camera 1 distortion parameters: [  -0.2836836576461792 0.074512839317321777 -0.00010473000293131918 -3.555907096597366e-05 ]
	-Original image size: [ 752 , 480 ]
	-Current image size: [ 752 , 480 ]
	-Camera 1 parameters after rectification: [  456.71499633789062 456.71499633789062 364.52615356445312 257.268798828125 ]
	-Sequence FPS: 20
	-Stereo baseline: 0.11007784307003021
	-Stereo depth threshold : 60
	-Gyro noise: 0.00016999999934341758
	-Accelerometer noise: 0.0020000000949949026
	-Gyro walk: 1.9392999092815444e-05
	-Accelerometer walk: 0.0030000000260770321
	-IMU frequency: 200
	-Features per image: 1200
	-ORB scale factor: 1.2000000476837158
	-ORB number of scales: 8
	-Initial FAST threshold: 20
	-Min FAST threshold: 7


Loading ORB Vocabulary. This could take a while...
Vocabulary loaded!

Initialization of Atlas from scratch 
Creation of new map with id: 0
Creation of new map with last KF id: 0
Seq. Name: 
There are 1 cameras in the atlas
Camera 0 is pinhole
SLAM Started at System Time: 1748957859.71497
not IMU meas
not IMU meas
not enough acceleration
not enough acceleration
not enough acceleration
not enough acceleration
not enough acceleration
not enough acceleration
not enough acceleration
not enough acceleration
not enough acceleration
not enough acceleration
not enough acceleration
not enough acceleration
not enough acceleration
not enough acceleration
not enough acceleration
not enough acceleration
not enough acceleration
not enough acceleration
not enough acceleration
not enough acceleration
not enough acceleration
not enough acceleration
not enough acceleration
not enough acceleration
not enough acceleration
not enough acceleration
not enough acceleration
not enough acceleration
not enough acceleration
not enough acceleration
not enough acceleration
not enough acceleration
not enough acceleration
not enough acceleration
not enough acceleration
not enough acceleration
not enough acceleration
not enough acceleration
not enough acceleration
not enough acceleration
not enough acceleration
not enough acceleration
not enough acceleration
not enough acceleration
not enough acceleration
not enough acceleration
not enough acceleration
not enough acceleration
not enough acceleration
not enough acceleration
not enough acceleration
not enough acceleration
not enough acceleration
not enough acceleration
not enough acceleration
not enough acceleration
not enough acceleration
not enough acceleration
not enough acceleration
not enough acceleration
not enough acceleration
not enough acceleration
not enough acceleration
not enough acceleration
not enough acceleration
not enough acceleration
not enough acceleration
not enough acceleration
not enough acceleration
not enough acceleration
not enough acceleration
not enough acceleration
not enough acceleration
not enough acceleration
not enough acceleration
not enough acceleration
not enough acceleration
not enough acceleration
not enough acceleration
not enough acceleration
not enough acceleration
not enough acceleration
not enough acceleration
not enough acceleration
not enough acceleration
not enough acceleration
not enough acceleration
not enough acceleration
First KF:0; Map init KF:0
New Map created with 60 points
Active map: 0
Omega SLAM Dropping frame 1403715528.5121431
Omega SLAM Dropping frame 1403715528.5621431
Omega SLAM Dropping frame 1403715528.612143
Omega SLAM Dropping frame 1403715528.7621429
Omega SLAM Dropping frame 1403715528.8121431
Omega SLAM Dropping frame 1403715528.862143
Omega SLAM Dropping frame 1403715529.0621431
Omega SLAM Dropping frame 1403715529.112143
Omega SLAM Dropping frame 1403715529.162143
Omega SLAM Dropping frame 1403715529.8121431
Omega SLAM Dropping frame 1403715529.862143
Omega SLAM Dropping frame 1403715529.912143
Omega SLAM Dropping frame 1403715530.0621431
Omega SLAM Dropping frame 1403715530.112143
Omega SLAM Dropping frame 1403715530.162143
Dropping frame 1403715530.362143
Dropping frame 1403715530.4621429
Omega SLAM Dropping frame 1403715530.612143
Omega SLAM Dropping frame 1403715530.662143
Omega SLAM Dropping frame 1403715530.7121432
Dropping frame 1403715530.8121431
Dropping frame 1403715531.0621431
Dropping frame 1403715531.162143
Dropping frame 1403715531.412143
Dropping frame 1403715531.5121431
Dropping frame 1403715531.612143
Omega SLAM Dropping frame 1403715531.7121432
Omega SLAM Dropping frame 1403715531.7621429
Omega SLAM Dropping frame 1403715531.8121431
Dropping frame 1403715531.9621429
Omega SLAM Dropping frame 1403715532.112143
Omega SLAM Dropping frame 1403715532.162143
Omega SLAM Dropping frame 1403715532.2121432
Dropping frame 1403715532.3121431
Omega SLAM Dropping frame 1403715532.362143
Omega SLAM Dropping frame 1403715532.412143
Omega SLAM Dropping frame 1403715532.4621429
Dropping frame 1403715532.5621431
Dropping frame 1403715532.8121431
Omega SLAM Dropping frame 1403715532.9621429
Omega SLAM Dropping frame 1403715533.0121431
Omega SLAM Dropping frame 1403715533.0621431
Dropping frame 1403715533.162143
Dropping frame 1403715533.2621429
Dropping frame 1403715533.362143
Dropping frame 1403715533.612143
Dropping frame 1403715533.8121431
start VIBA 1
Dropping frame 1403715533.912143
end VIBA 1
Dropping frame 1403715534.0621431
Dropping frame 1403715534.2621429
Omega SLAM Dropping frame 1403715534.412143
Omega SLAM Dropping frame 1403715534.4621429
Omega SLAM Dropping frame 1403715534.5121431
Dropping frame 1403715534.612143
Dropping frame 1403715534.8121431
Dropping frame 1403715535.0621431
Dropping frame 1403715535.162143
Dropping frame 1403715535.362143
Dropping frame 1403715535.4621429
Dropping frame 1403715535.7121432
Dropping frame 1403715536.0621431
Dropping frame 1403715536.2621429
Dropping frame 1403715536.412143
Dropping frame 1403715536.5121431
Omega SLAM Dropping frame 1403715536.662143
Omega SLAM Dropping frame 1403715536.7121432
Omega SLAM Dropping frame 1403715536.7621429
Dropping frame 1403715536.862143
Dropping frame 1403715536.9621429
Dropping frame 1403715537.2121432
Dropping frame 1403715537.412143
Dropping frame 1403715537.612143
Dropping frame 1403715537.8121431
Dropping frame 1403715537.912143
Dropping frame 1403715538.0121431
Omega SLAM Dropping frame 1403715538.0621431
Omega SLAM Dropping frame 1403715538.112143
Omega SLAM Dropping frame 1403715538.162143
Dropping frame 1403715538.2621429
Dropping frame 1403715538.4621429
Dropping frame 1403715538.5621431
Dropping frame 1403715538.662143
Dropping frame 1403715538.862143
Dropping frame 1403715539.0621431
Dropping frame 1403715539.162143
Dropping frame 1403715539.362143
Dropping frame 1403715539.4621429
Dropping frame 1403715539.5621431
Dropping frame 1403715539.7621429
Dropping frame 1403715539.862143
Dropping frame 1403715540.112143
Dropping frame 1403715540.3121431
Omega SLAM Dropping frame 1403715540.362143
Omega SLAM Dropping frame 1403715540.412143
Omega SLAM Dropping frame 1403715540.4621429
Dropping frame 1403715540.5621431
Dropping frame 1403715540.662143
Dropping frame 1403715540.912143
Dropping frame 1403715541.0121431
Omega SLAM Dropping frame 1403715541.162143
Omega SLAM Dropping frame 1403715541.2121432
Omega SLAM Dropping frame 1403715541.2621429
Dropping frame 1403715541.412143
Dropping frame 1403715541.612143
Dropping frame 1403715541.7121432
Dropping frame 1403715541.8121431
Dropping frame 1403715542.0121431
Dropping frame 1403715542.2121432
Dropping frame 1403715542.3121431
Dropping frame 1403715542.412143
Dropping frame 1403715542.5121431
Dropping frame 1403715542.7121432
Dropping frame 1403715542.8121431
Dropping frame 1403715542.912143
Dropping frame 1403715543.0121431
Omega SLAM Dropping frame 1403715543.162143
Omega SLAM Dropping frame 1403715543.2121432
Omega SLAM Dropping frame 1403715543.2621429
Omega SLAM Dropping frame 1403715543.412143
Omega SLAM Dropping frame 1403715543.4621429
Omega SLAM Dropping frame 1403715543.5121431
Dropping frame 1403715543.612143
Dropping frame 1403715543.7121432
Dropping frame 1403715543.8121431
Dropping frame 1403715544.0121431
start VIBA 2
Dropping frame 1403715544.112143
Dropping frame 1403715544.3121431
end VIBA 2
Dropping frame 1403715544.5121431
Dropping frame 1403715544.612143
Dropping frame 1403715544.862143
Omega SLAM Dropping frame 1403715545.0121431
Omega SLAM Dropping frame 1403715545.0621431
Omega SLAM Dropping frame 1403715545.112143
Dropping frame 1403715545.2121432
Dropping frame 1403715545.412143
Dropping frame 1403715545.5121431
Dropping frame 1403715545.662143
Omega SLAM Dropping frame 1403715545.8121431
Omega SLAM Dropping frame 1403715545.862143
Omega SLAM Dropping frame 1403715545.912143
Dropping frame 1403715546.0121431
Dropping frame 1403715546.5621431
Dropping frame 1403715546.7121432
Dropping frame 1403715546.912143
Dropping frame 1403715547.112143
Dropping frame 1403715547.4621429
Dropping frame 1403715547.662143
Dropping frame 1403715547.7621429
Dropping frame 1403715548.0121431
Dropping frame 1403715548.2121432
Dropping frame 1403715548.412143
Omega SLAM Dropping frame 1403715548.4621429
Omega SLAM Dropping frame 1403715548.5121431
Omega SLAM Dropping frame 1403715548.5621431
Dropping frame 1403715548.662143
Dropping frame 1403715548.7621429
Omega SLAM Dropping frame 1403715548.912143
Omega SLAM Dropping frame 1403715548.9621429
Omega SLAM Dropping frame 1403715549.0121431
Dropping frame 1403715549.112143
Dropping frame 1403715549.2121432
Dropping frame 1403715549.3121431
Dropping frame 1403715549.5121431
Dropping frame 1403715549.7121432
Dropping frame 1403715549.8121431
Dropping frame 1403715549.912143
Dropping frame 1403715550.2621429
Dropping frame 1403715550.4621429
Dropping frame 1403715550.5621431
Dropping frame 1403715550.662143
Dropping frame 1403715550.862143
Dropping frame 1403715551.0621431
Dropping frame 1403715551.162143
Dropping frame 1403715551.4621429
Dropping frame 1403715551.5621431
Dropping frame 1403715551.662143
Dropping frame 1403715552.0121431
Dropping frame 1403715552.2121432
Dropping frame 1403715552.412143
Dropping frame 1403715552.5121431
Dropping frame 1403715552.612143
Dropping frame 1403715552.7121432
Dropping frame 1403715552.912143
Dropping frame 1403715553.112143
Dropping frame 1403715553.2121432
Dropping frame 1403715553.4621429
Dropping frame 1403715553.5621431
Dropping frame 1403715553.7621429
Dropping frame 1403715553.912143
Dropping frame 1403715554.112143
Dropping frame 1403715554.3121431
Dropping frame 1403715554.5121431
Dropping frame 1403715554.8121431
Dropping frame 1403715555.112143
Dropping frame 1403715555.3121431
Dropping frame 1403715555.5121431
Dropping frame 1403715555.7121432
Dropping frame 1403715555.8121431
Dropping frame 1403715555.912143
Dropping frame 1403715556.112143
Dropping frame 1403715556.3121431
Dropping frame 1403715556.5121431
Dropping frame 1403715556.7121432
Dropping frame 1403715556.8121431
Dropping frame 1403715557.0621431
Omega SLAM Dropping frame 1403715557.112143
Omega SLAM Dropping frame 1403715557.162143
Omega SLAM Dropping frame 1403715557.2121432
Dropping frame 1403715557.3121431
Omega SLAM Dropping frame 1403715557.4621429
Omega SLAM Dropping frame 1403715557.5121431
Omega SLAM Dropping frame 1403715557.5621431
Dropping frame 1403715557.7121432
Omega SLAM Dropping frame 1403715557.862143
Omega SLAM Dropping frame 1403715557.912143
Omega SLAM Dropping frame 1403715557.9621429
Dropping frame 1403715558.0621431
Omega SLAM Dropping frame 1403715558.162143
Omega SLAM Dropping frame 1403715558.2121432
Omega SLAM Dropping frame 1403715558.2621429
Dropping frame 1403715558.412143
Dropping frame 1403715558.612143
Dropping frame 1403715558.7121432
Dropping frame 1403715558.8121431
Dropping frame 1403715559.0121431
Dropping frame 1403715559.2621429
Dropping frame 1403715559.5621431
Dropping frame 1403715559.8121431
Dropping frame 1403715560.0121431
Dropping frame 1403715560.162143
Dropping frame 1403715560.412143
Dropping frame 1403715560.5121431
Dropping frame 1403715560.7621429
Dropping frame 1403715560.9621429
Dropping frame 1403715561.0621431
Dropping frame 1403715561.162143
Dropping frame 1403715561.362143
Dropping frame 1403715561.5621431
Dropping frame 1403715561.662143
Dropping frame 1403715561.862143
Dropping frame 1403715561.9621429
Dropping frame 1403715562.2121432
Dropping frame 1403715562.412143
Dropping frame 1403715562.5121431
Dropping frame 1403715562.612143
Dropping frame 1403715563.162143
Dropping frame 1403715563.2621429
Dropping frame 1403715563.4621429
Dropping frame 1403715563.5621431
Dropping frame 1403715563.662143
Dropping frame 1403715563.862143
Dropping frame 1403715563.9621429
Dropping frame 1403715564.0621431
Dropping frame 1403715564.2621429
Dropping frame 1403715564.362143
Dropping frame 1403715564.5121431
Dropping frame 1403715564.612143
Dropping frame 1403715564.862143
Dropping frame 1403715564.9621429
Dropping frame 1403715565.0621431
Dropping frame 1403715565.2621429
Dropping frame 1403715565.4621429
Dropping frame 1403715565.5621431
Dropping frame 1403715565.7121432
Dropping frame 1403715565.9621429
Dropping frame 1403715566.2121432
Dropping frame 1403715566.3121431
Dropping frame 1403715566.7121432
Dropping frame 1403715566.912143
Dropping frame 1403715567.112143
Dropping frame 1403715567.2121432
*Loop detected
phi = -0.0017262906402861987 0.00070702254276468733  -0.019426172078172974
Local Mapping STOP
Dropping frame 1403715567.4621429
Local Mapping RELEASE
Dropping frame 1403715567.662143
Dropping frame 1403715567.862143
Dropping frame 1403715568.0621431
Dropping frame 1403715568.162143
Local Mapping STOP
Local Mapping RELEASE
Dropping frame 1403715568.412143
Dropping frame 1403715568.5621431
Dropping frame 1403715568.7621429
Dropping frame 1403715568.9621429
Dropping frame 1403715569.162143
Dropping frame 1403715569.2621429
Dropping frame 1403715569.362143
Dropping frame 1403715569.4621429
Dropping frame 1403715569.5621431
Dropping frame 1403715569.662143
Dropping frame 1403715570.112143
Omega SLAM Dropping frame 1403715571.4621429
Omega SLAM Dropping frame 1403715571.5121431
Omega SLAM Dropping frame 1403715571.5621431
Dropping frame 1403715572.0621431
Dropping frame 1403715573.8121431
Dropping frame 1403715574.0121431
Dropping frame 1403715574.112143
Dropping frame 1403715574.2121432
Dropping frame 1403715574.612143
Dropping frame 1403715574.7121432
Dropping frame 1403715574.8121431
Dropping frame 1403715575.0121431
Dropping frame 1403715575.2621429
Dropping frame 1403715575.5621431
Omega SLAM Dropping frame 1403715575.862143
Omega SLAM Dropping frame 1403715575.912143
Omega SLAM Dropping frame 1403715575.9621429
Dropping frame 1403715576.0621431
Omega SLAM Dropping frame 1403715576.3121431
Omega SLAM Dropping frame 1403715576.362143
Omega SLAM Dropping frame 1403715576.412143
Dropping frame 1403715576.5121431
Omega SLAM Dropping frame 1403715576.7121432
Omega SLAM Dropping frame 1403715576.7621429
Omega SLAM Dropping frame 1403715576.8121431
Dropping frame 1403715577.0621431
Dropping frame 1403715577.412143
Omega SLAM Dropping frame 1403715577.4621429
Omega SLAM Dropping frame 1403715577.5121431
Omega SLAM Dropping frame 1403715577.5621431
Dropping frame 1403715577.662143
Omega SLAM Dropping frame 1403715577.7621429
Omega SLAM Dropping frame 1403715577.8121431
Omega SLAM Dropping frame 1403715577.862143
Dropping frame 1403715578.0621431
Dropping frame 1403715578.2121432
Dropping frame 1403715578.662143
Dropping frame 1403715578.862143
Dropping frame 1403715579.0621431
Dropping frame 1403715579.362143
Dropping frame 1403715579.4621429
Omega SLAM Dropping frame 1403715579.5121431
Omega SLAM Dropping frame 1403715579.5621431
Omega SLAM Dropping frame 1403715579.612143
Dropping frame 1403715579.7121432
Omega SLAM Dropping frame 1403715579.862143
Omega SLAM Dropping frame 1403715579.912143
Omega SLAM Dropping frame 1403715579.9621429
Dropping frame 1403715580.0621431
Dropping frame 1403715580.162143
Dropping frame 1403715580.2621429
Dropping frame 1403715580.4621429
Dropping frame 1403715580.612143
Dropping frame 1403715580.8121431
Dropping frame 1403715581.0121431
Dropping frame 1403715581.112143
Dropping frame 1403715581.2121432
Dropping frame 1403715581.612143
Dropping frame 1403715581.8121431
Dropping frame 1403715581.912143
Dropping frame 1403715582.162143
Dropping frame 1403715582.2621429
Dropping frame 1403715582.4621429
Dropping frame 1403715582.5621431
Dropping frame 1403715582.8121431
Omega SLAM Dropping frame 1403715582.862143
Omega SLAM Dropping frame 1403715582.912143
Omega SLAM Dropping frame 1403715582.9621429
Omega SLAM Dropping frame 1403715583.112143
Omega SLAM Dropping frame 1403715583.162143
Omega SLAM Dropping frame 1403715583.2121432
Dropping frame 1403715583.3121431
Dropping frame 1403715583.5621431
Dropping frame 1403715583.662143
Dropping frame 1403715583.862143
Dropping frame 1403715583.9621429
Dropping frame 1403715584.2121432
Dropping frame 1403715584.8121431
Dropping frame 1403715584.912143
Dropping frame 1403715585.2121432
Dropping frame 1403715585.3121431
Omega SLAM Dropping frame 1403715585.362143
Omega SLAM Dropping frame 1403715585.412143
Omega SLAM Dropping frame 1403715585.4621429
Dropping frame 1403715585.5621431
Dropping frame 1403715585.662143
Dropping frame 1403715585.7621429
Omega SLAM Dropping frame 1403715585.862143
Omega SLAM Dropping frame 1403715585.912143
Omega SLAM Dropping frame 1403715585.9621429
Dropping frame 1403715586.112143
Dropping frame 1403715586.2121432
Dropping frame 1403715586.3121431
Dropping frame 1403715586.412143
Dropping frame 1403715586.612143
Omega SLAM Dropping frame 1403715586.662143
Omega SLAM Dropping frame 1403715586.7121432
Omega SLAM Dropping frame 1403715586.7621429
Dropping frame 1403715586.862143
Dropping frame 1403715586.9621429
Omega SLAM Dropping frame 1403715587.112143
Omega SLAM Dropping frame 1403715587.162143
Omega SLAM Dropping frame 1403715587.2121432
Dropping frame 1403715587.3121431
Dropping frame 1403715587.412143
Dropping frame 1403715587.612143
Dropping frame 1403715587.7121432
Dropping frame 1403715587.862143
Dropping frame 1403715588.0621431
Dropping frame 1403715588.2621429
Dropping frame 1403715588.362143
Dropping frame 1403715588.4621429
Dropping frame 1403715588.5621431
Dropping frame 1403715588.7621429
Dropping frame 1403715588.862143
Dropping frame 1403715588.9621429
Dropping frame 1403715589.162143
Dropping frame 1403715589.362143
Dropping frame 1403715589.5621431
Dropping frame 1403715589.7121432
Dropping frame 1403715589.912143
Dropping frame 1403715590.0121431
Omega SLAM Dropping frame 1403715590.162143
Omega SLAM Dropping frame 1403715590.2121432
Omega SLAM Dropping frame 1403715590.2621429
Dropping frame 1403715590.412143
Dropping frame 1403715590.612143
Dropping frame 1403715590.7121432
Dropping frame 1403715590.9621429
Dropping frame 1403715591.162143
Dropping frame 1403715591.2621429
Dropping frame 1403715591.362143
Dropping frame 1403715591.4621429
Dropping frame 1403715591.662143
Dropping frame 1403715591.7621429
Dropping frame 1403715591.862143
Dropping frame 1403715592.0621431
Dropping frame 1403715592.2621429
Dropping frame 1403715592.4621429
Dropping frame 1403715592.5621431
Dropping frame 1403715592.662143
Dropping frame 1403715592.8121431
Dropping frame 1403715592.912143
Dropping frame 1403715593.0621431
Dropping frame 1403715593.2121432
Dropping frame 1403715593.412143
Dropping frame 1403715593.612143
Dropping frame 1403715593.7121432
Dropping frame 1403715593.8121431
Dropping frame 1403715594.0121431
Dropping frame 1403715594.2121432
Dropping frame 1403715594.8121431
Dropping frame 1403715595.0121431
Dropping frame 1403715595.162143
Dropping frame 1403715595.7121432
Dropping frame 1403715595.912143
Dropping frame 1403715596.0621431
Dropping frame 1403715596.162143
Dropping frame 1403715596.362143
Dropping frame 1403715596.5621431
Dropping frame 1403715596.7621429
Dropping frame 1403715596.862143
Dropping frame 1403715596.9621429
Omega SLAM Dropping frame 1403715597.112143
Omega SLAM Dropping frame 1403715597.162143
Omega SLAM Dropping frame 1403715597.2121432
Dropping frame 1403715597.3121431
Dropping frame 1403715597.412143
Dropping frame 1403715597.5121431
Dropping frame 1403715597.7121432
Dropping frame 1403715597.9621429
Dropping frame 1403715598.162143
Omega SLAM Dropping frame 1403715598.2121432
Omega SLAM Dropping frame 1403715598.2621429
Omega SLAM Dropping frame 1403715598.3121431
Dropping frame 1403715598.5121431
Omega SLAM Dropping frame 1403715598.662143
Omega SLAM Dropping frame 1403715598.7121432
Omega SLAM Dropping frame 1403715598.7621429
Dropping frame 1403715599.0121431
Omega SLAM Dropping frame 1403715599.162143
Omega SLAM Dropping frame 1403715599.2121432
Omega SLAM Dropping frame 1403715599.2621429
Dropping frame 1403715599.362143
Dropping frame 1403715599.5621431
Dropping frame 1403715599.662143
Dropping frame 1403715599.7621429
Dropping frame 1403715600.0121431
Dropping frame 1403715600.2121432
Dropping frame 1403715600.5621431
Dropping frame 1403715600.9621429
Dropping frame 1403715601.3121431
Dropping frame 1403715601.412143
Omega SLAM Dropping frame 1403715601.5121431
Omega SLAM Dropping frame 1403715601.5621431
Omega SLAM Dropping frame 1403715601.612143
Omega SLAM Dropping frame 1403715601.7621429
Omega SLAM Dropping frame 1403715601.8121431
Omega SLAM Dropping frame 1403715601.862143
Dropping frame 1403715601.9621429
Dropping frame 1403715602.0621431
Dropping frame 1403715602.7121432
Dropping frame 1403715602.8121431
Dropping frame 1403715603.112143
Dropping frame 1403715603.362143
Dropping frame 1403715603.662143
Dropping frame 1403715603.8121431
Dropping frame 1403715604.0121431
Dropping frame 1403715604.112143
Dropping frame 1403715604.2121432
Dropping frame 1403715604.412143
Omega SLAM Dropping frame 1403715604.4621429
Omega SLAM Dropping frame 1403715604.5121431
Omega SLAM Dropping frame 1403715604.5621431
Dropping frame 1403715604.7621429
Omega SLAM Dropping frame 1403715604.8121431
Omega SLAM Dropping frame 1403715604.862143
Omega SLAM Dropping frame 1403715604.912143
Omega SLAM Dropping frame 1403715605.0121431
Omega SLAM Dropping frame 1403715605.0621431
Omega SLAM Dropping frame 1403715605.112143
Omega SLAM Dropping frame 1403715605.2121432
Omega SLAM Dropping frame 1403715605.2621429
Omega SLAM Dropping frame 1403715605.3121431
Dropping frame 1403715605.412143
Omega SLAM Dropping frame 1403715605.5621431
Omega SLAM Dropping frame 1403715605.612143
Omega SLAM Dropping frame 1403715605.662143
Omega SLAM Dropping frame 1403715605.862143
Omega SLAM Dropping frame 1403715605.912143
Omega SLAM Dropping frame 1403715605.9621429
Dropping frame 1403715606.0621431
Omega SLAM Dropping frame 1403715606.162143
Omega SLAM Dropping frame 1403715606.2121432
Omega SLAM Dropping frame 1403715606.2621429
Dropping frame 1403715606.412143
Omega SLAM Dropping frame 1403715606.4621429
Omega SLAM Dropping frame 1403715606.5121431
Omega SLAM Dropping frame 1403715606.5621431
Dropping frame 1403715606.7121432
Omega SLAM Dropping frame 1403715606.7621429
Omega SLAM Dropping frame 1403715606.8121431
Omega SLAM Dropping frame 1403715606.862143
Dropping frame 1403715607.0621431
Omega SLAM Dropping frame 1403715607.2121432
Omega SLAM Dropping frame 1403715607.2621429
Omega SLAM Dropping frame 1403715607.3121431
Omega SLAM Dropping frame 1403715607.4621429
Omega SLAM Dropping frame 1403715607.5121431
Omega SLAM Dropping frame 1403715607.5621431
Omega SLAM Dropping frame 1403715607.662143
Omega SLAM Dropping frame 1403715607.7121432
Omega SLAM Dropping frame 1403715607.7621429
Omega SLAM Dropping frame 1403715607.862143
Omega SLAM Dropping frame 1403715607.912143
Omega SLAM Dropping frame 1403715607.9621429
Omega SLAM Dropping frame 1403715608.112143
Omega SLAM Dropping frame 1403715608.162143
Omega SLAM Dropping frame 1403715608.2121432
Omega SLAM Dropping frame 1403715608.3121431
Omega SLAM Dropping frame 1403715608.362143
Omega SLAM Dropping frame 1403715608.412143
Omega SLAM Dropping frame 1403715608.5121431
Omega SLAM Dropping frame 1403715608.5621431
Omega SLAM Dropping frame 1403715608.612143
Omega SLAM Dropping frame 1403715608.7121432
Omega SLAM Dropping frame 1403715608.7621429
Omega SLAM Dropping frame 1403715608.8121431
Omega SLAM Dropping frame 1403715608.912143
Omega SLAM Dropping frame 1403715608.9621429
Omega SLAM Dropping frame 1403715609.0121431
Omega SLAM Dropping frame 1403715609.112143
Omega SLAM Dropping frame 1403715609.162143
Omega SLAM Dropping frame 1403715609.2121432
Omega SLAM Dropping frame 1403715609.3121431
Omega SLAM Dropping frame 1403715609.362143
Shutdown
SLAM Finished at System Time: 1748957963.15525

 TIME STATS in ms (mean$\pm$std)
OpenCV version: 4.8.1
---------------------------
Tracking

ORB Extraction: 19.069$\pm$2.1023
Stereo Matching: 8.4997$\pm$2.7823
IMU Preintegration: 0.22435$\pm$0.10514
Pose Prediction: 0.33575$\pm$1.197
LM Track: 19.931$\pm$4.7446
New KF decision: 0.51839$\pm$0.54898
Total Tracking: 28.974$\pm$26.374



Local Mapping

KF Insertion: 13.757$\pm$3.7356
MP Culling: 0.84491$\pm$0.30485
MP Creation: 44.038$\pm$13.572
LBA: 161.44$\pm$51.804
KF Culling: 15.09$\pm$8.7636
Total Local Mapping: 235.39$\pm$69.346
---------------------------

LBA complexity (mean$\pm$std)
LBA Edges: 1896.2$\pm$1083.1
LBA KF optimized: 6.5$\pm$2.2913
LBA KF fixed: 1$\pm$0
LBA MP: nan$\pm$nan

LBA executions: 273
LBA aborts: 0
---------------------------

Map complexity
KFs in map: 111
MPs in map: 9562
---------------------------

Place Recognition (mean$\pm$std)
Database Query: 1.6091$\pm$0.76386
SE3 estimation: 19.648$\pm$14.369
Total Place Recognition: 17.085$\pm$15.809


Loop Closing (mean$\pm$std)
Loop Fusion: 17.626$\pm$0
Essential Graph: 57.166$\pm$0
Total Loop Closing: 76.848$\pm$0

Num exec: 1
Number of KFs: nan$\pm$nan

Map Merging (mean$\pm$std)
Merge Maps: nan$\pm$nan
Welding BA: nan$\pm$nan
Optimization Ess.: nan$\pm$nan
Total Map Merging: nan$\pm$nan

Num exec: 0
Number of KFs: nan$\pm$nan
Number of MPs: nan$\pm$nan

Full GBA (mean$\pm$std)
GBA: 792.31$\pm$0
Map Update: 11.869$\pm$0
Total Full GBA: 804.18$\pm$0

Num exec: 1
Num abort: 0
Number of KFs: 82$\pm$0
Number of MPs: 9161$\pm$0

Saving trajectory to f_dataset-V102_stereo_imu.txt ...
There are 1 maps in the atlas
  Map 0 has 111 KFs

End of saving trajectory to f_dataset-V102_stereo_imu.txt ...

Saving keyframe trajectory to kf_dataset-V102_stereo_imu.txt ...
