num_seq = 1
file name: dataset-MH05_stereo_imu
Loading images for sequence 0...LOADED!
Loading IMU for sequence 0...LOADED!

-------

ORB-SLAM3 Copyright (C) 2017-2020 Carlos Campos, Richard Elvira, Juan J. Gómez, José M.M. Montiel and Juan D. Tardós, University of Zaragoza.
ORB-SLAM2 Copyright (C) 2014-2016 Raúl Mur-Artal, José M.M. Montiel and Juan D. Tardós, University of Zaragoza.
This program comes with ABSOLUTELY NO WARRANTY;
This is free software, and you are welcome to redistribute it
under certain conditions. See LICENSE.txt.

Built with REGISTER_TIMES
Git Commit Hash: 2d47524

Build Type: Release

Compiled with C++ version: 201703

Input sensor was set to: Stereo-Inertial
Loading settings from EuRoC_fov_deadlines_mask_23x23.yaml
	-Loaded camera 1
	-Loaded camera 2
	-Loaded image info
	-Loaded IMU calibration
	-Loaded ORB settings
	-Loaded viewer settings
	-Loaded Atlas settings
Deadlines enabled, will skip frames!
FOV enabled
Static mask size: 23x23
Dumping map points enabled
	-Loaded misc parameters
	-Computed rectification maps
----------------------------------
SLAM settings: 
	-Camera 1 parameters (Pinhole): [ 458.65399169921875 457.29598999023438 367.21499633789062 248.375 ]
	-Camera 1 distortion parameters: [  -0.28340810537338257 0.073959067463874817 0.00019359000725671649 1.7618711353861727e-05 ]
	-Camera 2 parameters (Pinhole: [ 457.58700561523438 456.13400268554688 379.99899291992188 255.23800659179688 ]
	-Camera 1 distortion parameters: [  -0.2836836576461792 0.074512839317321777 -0.00010473000293131918 -3.555907096597366e-05 ]
	-Original image size: [ 752 , 480 ]
	-Current image size: [ 752 , 480 ]
	-Camera 1 parameters after rectification: [  456.71499633789062 456.71499633789062 364.52615356445312 257.268798828125 ]
	-Sequence FPS: 20
	-Stereo baseline: 0.11007784307003021
	-Stereo depth threshold : 60
	-Gyro noise: 0.00016999999934341758
	-Accelerometer noise: 0.0020000000949949026
	-Gyro walk: 1.9392999092815444e-05
	-Accelerometer walk: 0.0030000000260770321
	-IMU frequency: 200
	-Features per image: 1200
	-ORB scale factor: 1.2000000476837158
	-ORB number of scales: 8
	-Initial FAST threshold: 20
	-Min FAST threshold: 7


Loading ORB Vocabulary. This could take a while...
Vocabulary loaded!

Initialization of Atlas from scratch 
Creation of new map with id: 0
Creation of new map with last KF id: 0
Seq. Name: 
There are 1 cameras in the atlas
Camera 0 is pinhole
SLAM Started at System Time: 1742734210.18516
not IMU meas
not IMU meas
not enough acceleration
not enough acceleration
not enough acceleration
not enough acceleration
not enough acceleration
not enough acceleration
not enough acceleration
not enough acceleration
not enough acceleration
not enough acceleration
not enough acceleration
not enough acceleration
not enough acceleration
not enough acceleration
not enough acceleration
not enough acceleration
not enough acceleration
not enough acceleration
not enough acceleration
not enough acceleration
not enough acceleration
not enough acceleration
not enough acceleration
not enough acceleration
not enough acceleration
not enough acceleration
not enough acceleration
not enough acceleration
not enough acceleration
not enough acceleration
not enough acceleration
not enough acceleration
not enough acceleration
not enough acceleration
not enough acceleration
not enough acceleration
not enough acceleration
not enough acceleration
not enough acceleration
not enough acceleration
not enough acceleration
not enough acceleration
not enough acceleration
not enough acceleration
not enough acceleration
not enough acceleration
not enough acceleration
not enough acceleration
not enough acceleration
not enough acceleration
not enough acceleration
not enough acceleration
not enough acceleration
not enough acceleration
not enough acceleration
not enough acceleration
not enough acceleration
not enough acceleration
not enough acceleration
not enough acceleration
not enough acceleration
not enough acceleration
not enough acceleration
not enough acceleration
not enough acceleration
not enough acceleration
not enough acceleration
not enough acceleration
not enough acceleration
not enough acceleration
not enough acceleration
not enough acceleration
not enough acceleration
not enough acceleration
not enough acceleration
not enough acceleration
not enough acceleration
not enough acceleration
First KF:0; Map init KF:0
New Map created with 119 points
Active map: 0
Dropping frame 1403638522.9778295
Dropping frame 1403638523.1778293
Dropping frame 1403638523.2778294
Dropping frame 1403638523.5278294
Dropping frame 1403638523.7278295
Dropping frame 1403638523.8278296
Dropping frame 1403638523.9778295
Dropping frame 1403638524.2778294
Dropping frame 1403638524.4778295
Dropping frame 1403638524.7278295
Dropping frame 1403638525.2778294
Dropping frame 1403638525.5778294
Dropping frame 1403638525.6778293
Dropping frame 1403638525.7778294
Dropping frame 1403638526.0278294
Dropping frame 1403638526.1278296
Dropping frame 1403638526.2278295
Dropping frame 1403638526.3278296
Dropping frame 1403638526.4278295
Dropping frame 1403638526.5278294
Dropping frame 1403638526.6778293
Dropping frame 1403638526.7778294
Dropping frame 1403638526.8778293
Dropping frame 1403638527.0778294
Dropping frame 1403638527.1778293
start VIBA 1
end VIBA 1
Dropping frame 1403638527.6778293
Dropping frame 1403638527.8778293
Dropping frame 1403638528.2278295
Dropping frame 1403638528.4278295
Dropping frame 1403638528.6278296
Dropping frame 1403638528.8278296
Dropping frame 1403638529.0278294
Dropping frame 1403638529.2278295
Dropping frame 1403638529.3278296
Dropping frame 1403638529.5278294
Dropping frame 1403638529.7278295
Dropping frame 1403638529.9278295
Dropping frame 1403638530.0278294
Dropping frame 1403638530.4278295
Dropping frame 1403638531.0278294
Dropping frame 1403638531.1278296
Dropping frame 1403638531.3778293
Dropping frame 1403638531.4778295
Dropping frame 1403638531.6278296
Not enough motion for initializing. Reseting...
TRACK: Reset map because local mapper set the bad imu flag 
LM: Active map reset recieved
LM: Active map reset, waiting...
LM: Reseting current map in Local Mapping...
LM: End reseting Local Mapping...
LM: Reset free the mutex
LM: Active map reset, Done!!!
mnFirstFrameId = 80
mnInitialFrameId = 0
148 Frames set to lost
not IMU meas
Dropping frame 1403638531.7778294
not enough acceleration
not enough acceleration
not enough acceleration
not enough acceleration
Dropping frame 1403638532.0278294
not enough acceleration
Dropping frame 1403638532.1278296
not enough acceleration
not enough acceleration
not enough acceleration
Dropping frame 1403638532.3278296
not enough acceleration
Dropping frame 1403638532.4278295
not enough acceleration
Dropping frame 1403638532.5278294
not enough acceleration
not enough acceleration
not enough acceleration
Dropping frame 1403638532.7278295
not enough acceleration
not enough acceleration
Dropping frame 1403638532.8778293
not enough acceleration
not enough acceleration
not enough acceleration
Dropping frame 1403638533.0778294
not enough acceleration
Dropping frame 1403638533.1778293
not enough acceleration
Dropping frame 1403638533.2778294
not enough acceleration
not enough acceleration
not enough acceleration
Dropping frame 1403638533.4778295
not enough acceleration
Dropping frame 1403638533.5778294
not enough acceleration
Dropping frame 1403638533.6778293
not enough acceleration
not enough acceleration
not enough acceleration
Dropping frame 1403638533.8778293
not enough acceleration
not enough acceleration
not enough acceleration
Dropping frame 1403638534.0778294
not enough acceleration
not enough acceleration
not enough acceleration
not enough acceleration
not enough acceleration
Dropping frame 1403638534.3778293
not enough acceleration
Dropping frame 1403638534.4778295
First KF:40; Map init KF:0
New Map created with 153 points
Active map: 0
Dropping frame 1403638535.1278296
Dropping frame 1403638535.4778295
Dropping frame 1403638535.7778294
Dropping frame 1403638536.9778295
Dropping frame 1403638537.2778294
Not enough motion for initializing. Reseting...
TRACK: Reset map because local mapper set the bad imu flag 
LM: Reseting current map in Local Mapping...
LM: End reseting Local Mapping...
LM: Reset free the mutex
LM: Active map reset recieved
LM: Active map reset, waiting...
LM: Reseting current map in Local Mapping...
LM: End reseting Local Mapping...
LM: Reset free the mutex
LM: Active map reset, Done!!!
mnFirstFrameId = 267
mnInitialFrameId = 228
204 Frames set to lost
not IMU meas
not enough acceleration
not enough acceleration
not enough acceleration
not enough acceleration
not enough acceleration
not enough acceleration
not enough acceleration
not enough acceleration
not enough acceleration
not enough acceleration
not enough acceleration
not enough acceleration
not enough acceleration
not enough acceleration
not enough acceleration
not enough acceleration
not enough acceleration
not enough acceleration
not enough acceleration
not enough acceleration
not enough acceleration
not enough acceleration
First KF:51; Map init KF:40
New Map created with 162 points
Active map: 0
start VIBA 1
end VIBA 1
Dropping frame 1403638546.2778294
Dropping frame 1403638546.5778294
Dropping frame 1403638546.7278295
Dropping frame 1403638547.1278296
Dropping frame 1403638547.2778294
Dropping frame 1403638547.4278295
Dropping frame 1403638547.5778294
Dropping frame 1403638547.6778293
Dropping frame 1403638547.8278296
Dropping frame 1403638547.9778295
Dropping frame 1403638548.1778293
Dropping frame 1403638548.2778294
Dropping frame 1403638548.4278295
Dropping frame 1403638548.6778293
Dropping frame 1403638548.8278296
Dropping frame 1403638548.9278295
Dropping frame 1403638549.0778294
Dropping frame 1403638549.1778293
Dropping frame 1403638549.2778294
Dropping frame 1403638549.4278295
Dropping frame 1403638549.5278294
Dropping frame 1403638549.6778293
Dropping frame 1403638549.8778293
Dropping frame 1403638550.0778294
Dropping frame 1403638550.1778293
Dropping frame 1403638550.4278295
Dropping frame 1403638550.5278294
Dropping frame 1403638550.6278296
Dropping frame 1403638550.7778294
Dropping frame 1403638550.8778293
Dropping frame 1403638551.0278294
Dropping frame 1403638551.1778293
Dropping frame 1403638551.2778294
Dropping frame 1403638551.5778294
Dropping frame 1403638551.6778293
Dropping frame 1403638551.7778294
Dropping frame 1403638551.8778293
Dropping frame 1403638551.9778295
Dropping frame 1403638552.1278296
Dropping frame 1403638552.2278295
Dropping frame 1403638552.3278296
Dropping frame 1403638552.6778293
Dropping frame 1403638552.8778293
Dropping frame 1403638553.1778293
Dropping frame 1403638553.3778293
Dropping frame 1403638553.4778295
Dropping frame 1403638553.5778294
Dropping frame 1403638553.6778293
Dropping frame 1403638553.7778294
Dropping frame 1403638553.9278295
Dropping frame 1403638554.0278294
start VIBA 2
Dropping frame 1403638554.1278296
Dropping frame 1403638554.2278295
Dropping frame 1403638554.3278296
Dropping frame 1403638554.4278295
end VIBA 2
Dropping frame 1403638554.5278294
Dropping frame 1403638554.6278296
Dropping frame 1403638554.7278295
Dropping frame 1403638554.8278296
Dropping frame 1403638554.9278295
Dropping frame 1403638555.0278294
Dropping frame 1403638555.1278296
Dropping frame 1403638555.2278295
Dropping frame 1403638555.3278296
Dropping frame 1403638555.4278295
Dropping frame 1403638555.5278294
Dropping frame 1403638555.6278296
Dropping frame 1403638555.7278295
Dropping frame 1403638555.8278296
Dropping frame 1403638555.9278295
Dropping frame 1403638556.0278294
Dropping frame 1403638556.1278296
Dropping frame 1403638556.2278295
Dropping frame 1403638556.3778293
Dropping frame 1403638556.4778295
Dropping frame 1403638556.5778294
Dropping frame 1403638556.6778293
Dropping frame 1403638556.7778294
Dropping frame 1403638556.8778293
Dropping frame 1403638557.0778294
Dropping frame 1403638557.1778293
Dropping frame 1403638557.2778294
Dropping frame 1403638557.3778293
Dropping frame 1403638557.4778295
Dropping frame 1403638557.6778293
Dropping frame 1403638557.7778294
Dropping frame 1403638557.9778295
Dropping frame 1403638558.0778294
Dropping frame 1403638558.1778293
Dropping frame 1403638558.2778294
Dropping frame 1403638558.3778293
Dropping frame 1403638558.4778295
Dropping frame 1403638559.1278296
Dropping frame 1403638559.2278295
Dropping frame 1403638559.4278295
Dropping frame 1403638559.6278296
Dropping frame 1403638559.7278295
Dropping frame 1403638559.9278295
Dropping frame 1403638560.0278294
Dropping frame 1403638560.2278295
Dropping frame 1403638560.3278296
Dropping frame 1403638560.4278295
Dropping frame 1403638560.6278296
Dropping frame 1403638560.8278296
Dropping frame 1403638560.9278295
Dropping frame 1403638561.1278296
Dropping frame 1403638561.2278295
Dropping frame 1403638561.3278296
Dropping frame 1403638561.4278295
Dropping frame 1403638561.6278296
Dropping frame 1403638561.7278295
Dropping frame 1403638561.9278295
Dropping frame 1403638562.1278296
Dropping frame 1403638562.2278295
Dropping frame 1403638562.4278295
Dropping frame 1403638562.6278296
Dropping frame 1403638562.8278296
Dropping frame 1403638562.9278295
Dropping frame 1403638563.1278296
Dropping frame 1403638563.3278296
Dropping frame 1403638563.4278295
Dropping frame 1403638563.6278296
Dropping frame 1403638563.7278295
Dropping frame 1403638563.8278296
Dropping frame 1403638564.0278294
Dropping frame 1403638564.1278296
Dropping frame 1403638564.2278295
Dropping frame 1403638564.4278295
Dropping frame 1403638564.6278296
Dropping frame 1403638564.7278295
Dropping frame 1403638564.8278296
Dropping frame 1403638564.9278295
Dropping frame 1403638565.1278296
Dropping frame 1403638565.3278296
Dropping frame 1403638565.5278294
Dropping frame 1403638565.6278296
Dropping frame 1403638565.8278296
Dropping frame 1403638566.0278294
Dropping frame 1403638566.1278296
Dropping frame 1403638566.3278296
Dropping frame 1403638566.4278295
Dropping frame 1403638566.6278296
Dropping frame 1403638566.8278296
Dropping frame 1403638566.9278295
Dropping frame 1403638567.0778294
Dropping frame 1403638567.1778293
Dropping frame 1403638567.3778293
Dropping frame 1403638567.5778294
Dropping frame 1403638567.7778294
Dropping frame 1403638567.9778295
Dropping frame 1403638568.1778293
Dropping frame 1403638568.2778294
Dropping frame 1403638568.4778295
Dropping frame 1403638568.6778293
Dropping frame 1403638568.8778293
Dropping frame 1403638568.9778295
Dropping frame 1403638569.0778294
Dropping frame 1403638569.2278295
Dropping frame 1403638569.3278296
Dropping frame 1403638569.8778293
Dropping frame 1403638569.9778295
Dropping frame 1403638570.3278296
Dropping frame 1403638570.5278294
Dropping frame 1403638570.7278295
Dropping frame 1403638570.9278295
Dropping frame 1403638571.1278296
Dropping frame 1403638571.3278296
Dropping frame 1403638571.4278295
Dropping frame 1403638571.6278296
Dropping frame 1403638571.8278296
Dropping frame 1403638572.0278294
Dropping frame 1403638572.2278295
Dropping frame 1403638572.4278295
Dropping frame 1403638572.6278296
Dropping frame 1403638572.8278296
Dropping frame 1403638573.0278294
Dropping frame 1403638573.2278295
Dropping frame 1403638573.4278295
Dropping frame 1403638573.6278296
Dropping frame 1403638573.8278296
Dropping frame 1403638574.0278294
Dropping frame 1403638574.2278295
Dropping frame 1403638574.4278295
Dropping frame 1403638574.6278296
Dropping frame 1403638574.8278296
Dropping frame 1403638575.0278294
Dropping frame 1403638575.2278295
Dropping frame 1403638575.4278295
Dropping frame 1403638575.6278296
Dropping frame 1403638575.8278296
Dropping frame 1403638576.0278294
Dropping frame 1403638576.2278295
Dropping frame 1403638576.3278296
Dropping frame 1403638576.5278294
Dropping frame 1403638576.7278295
Dropping frame 1403638576.9278295
Dropping frame 1403638577.2778294
Dropping frame 1403638577.4778295
Dropping frame 1403638577.5778294
Dropping frame 1403638577.6778293
Dropping frame 1403638577.8778293
Dropping frame 1403638578.0778294
Dropping frame 1403638578.2778294
Dropping frame 1403638578.4778295
Dropping frame 1403638578.6778293
Dropping frame 1403638578.7778294
Dropping frame 1403638578.8778293
Dropping frame 1403638579.0778294
Dropping frame 1403638579.2778294
Dropping frame 1403638579.3778293
Dropping frame 1403638579.4778295
Dropping frame 1403638579.6778293
Dropping frame 1403638579.8778293
Dropping frame 1403638580.0778294
Dropping frame 1403638580.2778294
Dropping frame 1403638580.4778295
Dropping frame 1403638580.6778293
Dropping frame 1403638580.7778294
Dropping frame 1403638580.8778293
Dropping frame 1403638580.9778295
Dropping frame 1403638581.0778294
Dropping frame 1403638581.1778293
Dropping frame 1403638581.2778294
Dropping frame 1403638581.3778293
Dropping frame 1403638581.5278294
Dropping frame 1403638581.6278296
Dropping frame 1403638581.8778293
Dropping frame 1403638582.0778294
Dropping frame 1403638582.1778293
Dropping frame 1403638582.2778294
Dropping frame 1403638582.4778295
Dropping frame 1403638582.5778294
Dropping frame 1403638582.6778293
Dropping frame 1403638582.8778293
Dropping frame 1403638583.0778294
Dropping frame 1403638583.1778293
Dropping frame 1403638583.2778294
Dropping frame 1403638583.4778295
Dropping frame 1403638583.6778293
Dropping frame 1403638583.7778294
Dropping frame 1403638584.1778293
Dropping frame 1403638584.3778293
Dropping frame 1403638584.4778295
Dropping frame 1403638584.7278295
Dropping frame 1403638584.8278296
Dropping frame 1403638585.0778294
Dropping frame 1403638585.2778294
Dropping frame 1403638585.7278295
Dropping frame 1403638585.9278295
Dropping frame 1403638586.1278296
Dropping frame 1403638586.2278295
Dropping frame 1403638586.3278296
Dropping frame 1403638586.5278294
Dropping frame 1403638586.7278295
Dropping frame 1403638586.8278296
Dropping frame 1403638587.0778294
Dropping frame 1403638587.1778293
Dropping frame 1403638587.2778294
Dropping frame 1403638587.4778295
Dropping frame 1403638587.6778293
Dropping frame 1403638587.7778294
Dropping frame 1403638587.8778293
Dropping frame 1403638588.0778294
Dropping frame 1403638588.1778293
Dropping frame 1403638588.2778294
Dropping frame 1403638588.4778295
Dropping frame 1403638588.6278296
Dropping frame 1403638589.6278296
Dropping frame 1403638590.0778294
Dropping frame 1403638590.2778294
Dropping frame 1403638590.5778294
Dropping frame 1403638590.7778294
Dropping frame 1403638590.9778295
Dropping frame 1403638591.0778294
Dropping frame 1403638591.3278296
Dropping frame 1403638591.4278295
Dropping frame 1403638591.5278294
Dropping frame 1403638591.7278295
Dropping frame 1403638591.9278295
Dropping frame 1403638592.1278296
Dropping frame 1403638592.3278296
Dropping frame 1403638592.4278295
Dropping frame 1403638592.6778293
Dropping frame 1403638592.7778294
Dropping frame 1403638592.8778293
Dropping frame 1403638593.1278296
Dropping frame 1403638593.5278294
Dropping frame 1403638593.6778293
Dropping frame 1403638593.8778293
Dropping frame 1403638594.0278294
Dropping frame 1403638594.2278295
Dropping frame 1403638594.4278295
Dropping frame 1403638594.8778293
Dropping frame 1403638594.9778295
Dropping frame 1403638595.0778294
Dropping frame 1403638595.2778294
Dropping frame 1403638595.3778293
Dropping frame 1403638595.6278296
Dropping frame 1403638595.8278296
Dropping frame 1403638595.9278295
Dropping frame 1403638596.1278296
Dropping frame 1403638596.3278296
Dropping frame 1403638596.4778295
Dropping frame 1403638596.6778293
Dropping frame 1403638596.8278296
Dropping frame 1403638597.0278294
Dropping frame 1403638597.1778293
Dropping frame 1403638597.3778293
Dropping frame 1403638597.6778293
Dropping frame 1403638597.7778294
Dropping frame 1403638598.0278294
Dropping frame 1403638598.2278295
Dropping frame 1403638598.3278296
Dropping frame 1403638598.4278295
Dropping frame 1403638598.6278296
Dropping frame 1403638598.7278295
Dropping frame 1403638599.0278294
Dropping frame 1403638599.1278296
Dropping frame 1403638599.3278296
Dropping frame 1403638599.5278294
Dropping frame 1403638599.7278295
Dropping frame 1403638599.8278296
Dropping frame 1403638600.0278294
Dropping frame 1403638600.2278295
Dropping frame 1403638600.3278296
Dropping frame 1403638600.4278295
Dropping frame 1403638600.5278294
Dropping frame 1403638600.6278296
Dropping frame 1403638600.7278295
Dropping frame 1403638600.8278296
Dropping frame 1403638600.9278295
Dropping frame 1403638601.0278294
Dropping frame 1403638601.1278296
Dropping frame 1403638601.3278296
Dropping frame 1403638601.5278294
Dropping frame 1403638601.6278296
Dropping frame 1403638601.7278295
Dropping frame 1403638601.8278296
Dropping frame 1403638601.9278295
Dropping frame 1403638602.0278294
Dropping frame 1403638602.2278295
Dropping frame 1403638602.3278296
Dropping frame 1403638602.4278295
Dropping frame 1403638602.6278296
Dropping frame 1403638602.7278295
Dropping frame 1403638602.8278296
Dropping frame 1403638603.0278294
Dropping frame 1403638603.1278296
Dropping frame 1403638603.2278295
Dropping frame 1403638603.4278295
Dropping frame 1403638603.5278294
Dropping frame 1403638603.6278296
Dropping frame 1403638603.8278296
Dropping frame 1403638603.9278295
Dropping frame 1403638604.0278294
Dropping frame 1403638604.2278295
Dropping frame 1403638604.4278295
Dropping frame 1403638604.5278294
Dropping frame 1403638604.6278296
Dropping frame 1403638604.8278296
Dropping frame 1403638604.9278295
Dropping frame 1403638605.1778293
Dropping frame 1403638605.3278296
Dropping frame 1403638605.5278294
Dropping frame 1403638605.6278296
Dropping frame 1403638605.7278295
Dropping frame 1403638605.9278295
Dropping frame 1403638606.0278294
Dropping frame 1403638606.2778294
Dropping frame 1403638606.3778293
Dropping frame 1403638606.4778295
Dropping frame 1403638606.6778293
Dropping frame 1403638606.8278296
Dropping frame 1403638607.0278294
Dropping frame 1403638607.1278296
Dropping frame 1403638607.2278295
Dropping frame 1403638607.4278295
Dropping frame 1403638607.5278294
Dropping frame 1403638607.6278296
Dropping frame 1403638607.8278296
Dropping frame 1403638607.9778295
Dropping frame 1403638608.1778293
Dropping frame 1403638608.2778294
Dropping frame 1403638608.5278294
Dropping frame 1403638608.6778293
Dropping frame 1403638608.8778293
Dropping frame 1403638609.0278294
Dropping frame 1403638609.3278296
Dropping frame 1403638609.5278294
Dropping frame 1403638609.8278296
Dropping frame 1403638610.1278296
Dropping frame 1403638610.2278295
Dropping frame 1403638610.4778295
Dropping frame 1403638610.5778294
Dropping frame 1403638611.0778294
Dropping frame 1403638611.1778293
Dropping frame 1403638611.4278295
Dropping frame 1403638611.5778294
Dropping frame 1403638611.8778293
Dropping frame 1403638612.0778294
Dropping frame 1403638612.4278295
Dropping frame 1403638612.5278294
Dropping frame 1403638612.8778293
Dropping frame 1403638613.1778293
Dropping frame 1403638613.5778294
Dropping frame 1403638613.7778294
Dropping frame 1403638614.2278295
Dropping frame 1403638614.3278296
Dropping frame 1403638614.7278295
Dropping frame 1403638614.9278295
Dropping frame 1403638615.2278295
Dropping frame 1403638615.5278294
Dropping frame 1403638615.6278296
Dropping frame 1403638615.8778293
Dropping frame 1403638615.9778295
Dropping frame 1403638616.4778295
Dropping frame 1403638616.8278296
Dropping frame 1403638617.6778293
Dropping frame 1403638617.7778294
Dropping frame 1403638618.0278294
Dropping frame 1403638618.1778293
Dropping frame 1403638618.3778293
Dropping frame 1403638618.9778295
Dropping frame 1403638619.2278295
Dropping frame 1403638619.6778293
Dropping frame 1403638620.1778293
Dropping frame 1403638620.3778293
Dropping frame 1403638620.5778294
Dropping frame 1403638621.4278295
Dropping frame 1403638621.7278295
Dropping frame 1403638622.0778294
Dropping frame 1403638622.5278294
Dropping frame 1403638622.9778295
Dropping frame 1403638623.4278295
Dropping frame 1403638624.7778294
Dropping frame 1403638624.8778293
Dropping frame 1403638625.0778294
Dropping frame 1403638625.2778294
Dropping frame 1403638625.4278295
Dropping frame 1403638625.6778293
Dropping frame 1403638625.8778293
Dropping frame 1403638626.2778294
Dropping frame 1403638626.5778294
Dropping frame 1403638627.4278295
Dropping frame 1403638627.9278295
Dropping frame 1403638628.6278296
Dropping frame 1403638628.9778295
Dropping frame 1403638629.1778293
Dropping frame 1403638629.3778293
Dropping frame 1403638629.6778293
Dropping frame 1403638630.1278296
Dropping frame 1403638630.3278296
Dropping frame 1403638630.6278296
Dropping frame 1403638630.8278296
Dropping frame 1403638631.0778294
Dropping frame 1403638631.1778293
Dropping frame 1403638631.3778293
Dropping frame 1403638631.6278296
Shutdown
SLAM Finished at System Time: 1742734348.82742

 TIME STATS in ms (mean$\pm$std)
OpenCV version: 4.8.1
---------------------------
Tracking

ORB Extraction: 20.088$\pm$2.5423
Stereo Matching: 8.1858$\pm$1.9665
IMU Preintegration: 0.21438$\pm$0.090069
Pose Prediction: 0.49416$\pm$1.2837
LM Track: 17.979$\pm$5.6643
New KF decision: 1.1519$\pm$1.9437
Total Tracking: 32.102$\pm$25.961



Local Mapping

KF Insertion: 14.506$\pm$4.8221
MP Culling: 0.48209$\pm$0.20019
MP Creation: 44.474$\pm$15.214
LBA: 149.04$\pm$46.222
KF Culling: 11.826$\pm$8.5571
Total Local Mapping: 220.03$\pm$70.803
---------------------------

LBA complexity (mean$\pm$std)
LBA Edges: 1611$\pm$1008
LBA KF optimized: 6.5$\pm$2.2913
LBA KF fixed: 1$\pm$0
LBA MP: nan$\pm$nan

LBA executions: 401
LBA aborts: 0
---------------------------

Map complexity
KFs in map: 164
MPs in map: 13039
---------------------------

Place Recognition (mean$\pm$std)
Database Query: 2.1628$\pm$1.1077
SE3 estimation: 25.928$\pm$17.101
Total Place Recognition: 20.292$\pm$19.695


Loop Closing (mean$\pm$std)
Loop Fusion: nan$\pm$nan
Essential Graph: nan$\pm$nan
Total Loop Closing: nan$\pm$nan

Num exec: 0
Number of KFs: nan$\pm$nan

Map Merging (mean$\pm$std)
Merge Maps: nan$\pm$nan
Welding BA: nan$\pm$nan
Optimization Ess.: nan$\pm$nan
Total Map Merging: nan$\pm$nan

Num exec: 0
Number of KFs: nan$\pm$nan
Number of MPs: nan$\pm$nan

Full GBA (mean$\pm$std)
GBA: nan$\pm$nan
Map Update: nan$\pm$nan
Total Full GBA: nan$\pm$nan

Num exec: 0
Num abort: 0
Number of KFs: nan$\pm$nan
Number of MPs: nan$\pm$nan

Saving trajectory to f_dataset-MH05_stereo_imu.txt ...
There are 1 maps in the atlas
  Map 0 has 164 KFs

End of saving trajectory to f_dataset-MH05_stereo_imu.txt ...

Saving keyframe trajectory to kf_dataset-MH05_stereo_imu.txt ...
