num_seq = 1
file name: dataset-MH04_stereo_imu
Loading images for sequence 0...LOADED!
Loading IMU for sequence 0...LOADED!

-------

ORB-SLAM3 Copyright (C) 2017-2020 Carlos Campos, Richard Elvira, Juan J. Gómez, José M.M. Montiel and Juan D. Tardós, University of Zaragoza.
ORB-SLAM2 Copyright (C) 2014-2016 Raúl Mur-Artal, José M.M. Montiel and Juan D. Tardós, University of Zaragoza.
This program comes with ABSOLUTELY NO WARRANTY;
This is free software, and you are welcome to redistribute it
under certain conditions. See LICENSE.txt.

Built with REGISTER_TIMES
Git Commit Hash: 4caa6cb

Build Type: Release

Compiled with C++ version: 201703

Input sensor was set to: Stereo-Inertial
Loading settings from ./Examples/Stereo-Inertial/EuRoC_deadlines.yaml
	-Loaded camera 1
	-Loaded camera 2
	-Loaded image info
	-Loaded IMU calibration
	-Loaded ORB settings
	-Loaded viewer settings
	-Loaded Atlas settings
Deadlines enabled, will skip frames!
	-Loaded misc parameters
	-Computed rectification maps
----------------------------------
SLAM settings: 
	-Camera 1 parameters (Pinhole): [ 458.65399169921875 457.29598999023438 367.21499633789062 248.375 ]
	-Camera 1 distortion parameters: [  -0.28340810537338257 0.073959067463874817 0.00019359000725671649 1.7618711353861727e-05 ]
	-Camera 2 parameters (Pinhole: [ 457.58700561523438 456.13400268554688 379.99899291992188 255.23800659179688 ]
	-Camera 1 distortion parameters: [  -0.2836836576461792 0.074512839317321777 -0.00010473000293131918 -3.555907096597366e-05 ]
	-Original image size: [ 752 , 480 ]
	-Current image size: [ 752 , 480 ]
	-Camera 1 parameters after rectification: [  456.71499633789062 456.71499633789062 364.52615356445312 257.268798828125 ]
	-Sequence FPS: 20
	-Stereo baseline: 0.11007784307003021
	-Stereo depth threshold : 60
	-Gyro noise: 0.00016999999934341758
	-Accelerometer noise: 0.0020000000949949026
	-Gyro walk: 1.9392999092815444e-05
	-Accelerometer walk: 0.0030000000260770321
	-IMU frequency: 200
	-Features per image: 1200
	-ORB scale factor: 1.2000000476837158
	-ORB number of scales: 8
	-Initial FAST threshold: 20
	-Min FAST threshold: 7


Loading ORB Vocabulary. This could take a while...
Vocabulary loaded!

Initialization of Atlas from scratch 
Creation of new map with id: 0
Creation of new map with last KF id: 0
Seq. Name: 
There are 1 cameras in the atlas
Camera 0 is pinhole
SLAM Started at System Time: 1740378833.66307
not IMU meas
not IMU meas
not enough acceleration
not enough acceleration
not enough acceleration
not enough acceleration
not enough acceleration
not enough acceleration
not enough acceleration
not enough acceleration
not enough acceleration
not enough acceleration
not enough acceleration
not enough acceleration
not enough acceleration
not enough acceleration
not enough acceleration
not enough acceleration
not enough acceleration
not enough acceleration
not enough acceleration
not enough acceleration
not enough acceleration
not enough acceleration
not enough acceleration
not enough acceleration
not enough acceleration
not enough acceleration
not enough acceleration
not enough acceleration
not enough acceleration
not enough acceleration
First KF:0; Map init KF:0
New Map created with 149 points
Active map: 0
Dropping frame 1403638130.2450969
Dropping frame 1403638130.5950971
Dropping frame 1403638130.895097
Dropping frame 1403638130.9950972
Dropping frame 1403638131.0950971
Dropping frame 1403638131.195097
Dropping frame 1403638131.445097
Dropping frame 1403638131.645097
Dropping frame 1403638131.8450971
Dropping frame 1403638132.0450969
Dropping frame 1403638132.145097
Dropping frame 1403638132.2450969
Dropping frame 1403638132.4950972
Dropping frame 1403638132.5950971
Dropping frame 1403638132.895097
Dropping frame 1403638133.145097
Dropping frame 1403638133.2450969
Dropping frame 1403638133.4950972
Dropping frame 1403638133.695097
Dropping frame 1403638133.895097
Dropping frame 1403638134.0450969
start VIBA 1
end VIBA 1
Dropping frame 1403638134.2950971
Dropping frame 1403638134.4950972
Dropping frame 1403638134.5950971
Dropping frame 1403638134.7950971
Dropping frame 1403638134.9950972
Dropping frame 1403638135.0950971
Dropping frame 1403638135.195097
Dropping frame 1403638135.2950971
Dropping frame 1403638135.4950972
Dropping frame 1403638135.695097
Dropping frame 1403638135.7950971
Dropping frame 1403638136.0950971
Dropping frame 1403638136.195097
Dropping frame 1403638136.2950971
Dropping frame 1403638136.4950972
Dropping frame 1403638136.5950971
Dropping frame 1403638136.695097
Dropping frame 1403638136.895097
Dropping frame 1403638137.145097
Dropping frame 1403638137.4950972
Dropping frame 1403638137.5950971
Dropping frame 1403638137.695097
Dropping frame 1403638137.895097
Dropping frame 1403638138.0950971
Dropping frame 1403638138.195097
Dropping frame 1403638138.2950971
Dropping frame 1403638138.4950972
Not enough motion for initializing. Reseting...
TRACK: Reset map because local mapper set the bad imu flag 
LM: Active map reset recieved
LM: Active map reset, waiting...
LM: Reseting current map in Local Mapping...
LM: End reseting Local Mapping...
LM: Reset free the mutex
LM: Active map reset, Done!!!
mnFirstFrameId = 32
mnInitialFrameId = 0
145 Frames set to lost
not IMU meas
Dropping frame 1403638138.645097
not enough acceleration
not enough acceleration
not enough acceleration
Dropping frame 1403638138.8450971
not enough acceleration
not enough acceleration
not enough acceleration
Dropping frame 1403638139.0450969
not enough acceleration
not enough acceleration
First KF:42; Map init KF:0
New Map created with 169 points
Active map: 0
Dropping frame 1403638139.395097
Dropping frame 1403638139.4950972
Dropping frame 1403638139.5950971
Dropping frame 1403638139.7950971
Dropping frame 1403638139.895097
Dropping frame 1403638139.9950972
Dropping frame 1403638140.195097
Dropping frame 1403638140.395097
Dropping frame 1403638140.4950972
Dropping frame 1403638140.5950971
Dropping frame 1403638140.695097
Dropping frame 1403638140.945097
Dropping frame 1403638141.145097
Dropping frame 1403638141.3450971
Dropping frame 1403638141.445097
Dropping frame 1403638141.5450969
Dropping frame 1403638141.7450969
Dropping frame 1403638141.945097
Dropping frame 1403638142.145097
Not enough motion for initializing. Reseting...
Dropping frame 1403638142.2450969
LM: Reseting current map in Local Mapping...
LM: End reseting Local Mapping...
LM: Reset free the mutex
Dropping frame 1403638142.3450971
Dropping frame 1403638142.5450969
Dropping frame 1403638142.645097
Dropping frame 1403638142.7450969
Dropping frame 1403638142.9950972
Dropping frame 1403638143.0950971
Dropping frame 1403638143.195097
Dropping frame 1403638143.5450969
Dropping frame 1403638143.7450969
Dropping frame 1403638144.7450969
Dropping frame 1403638145.0950971
Dropping frame 1403638145.145097
Dropping frame 1403638145.9950972
Not enough motion for initializing. Reseting...
TRACK: Reset map because local mapper set the bad imu flag 
LM: Reseting current map in Local Mapping...
LM: End reseting Local Mapping...
LM: Reset free the mutex
LM: Active map reset recieved
LM: Active map reset, waiting...
LM: Reseting current map in Local Mapping...
LM: End reseting Local Mapping...
LM: Reset free the mutex
LM: Active map reset, Done!!!
mnFirstFrameId = 187
mnInitialFrameId = 177
264 Frames set to lost
not IMU meas
not enough acceleration
not enough acceleration
not enough acceleration
not enough acceleration
not enough acceleration
not enough acceleration
not enough acceleration
not enough acceleration
not enough acceleration
not enough acceleration
not enough acceleration
not enough acceleration
not enough acceleration
not enough acceleration
not enough acceleration
not enough acceleration
not enough acceleration
not enough acceleration
First KF:63; Map init KF:42
New Map created with 184 points
Active map: 0
start VIBA 1
end VIBA 1
Dropping frame 1403638157.145097
Dropping frame 1403638157.3450971
Dropping frame 1403638157.4950972
Dropping frame 1403638157.7450969
Dropping frame 1403638157.945097
Dropping frame 1403638158.145097
Dropping frame 1403638158.2450969
Dropping frame 1403638158.3450971
Dropping frame 1403638158.445097
Dropping frame 1403638158.645097
Dropping frame 1403638158.7450969
Dropping frame 1403638158.8450971
Dropping frame 1403638158.945097
Dropping frame 1403638159.0950971
Dropping frame 1403638159.195097
Dropping frame 1403638159.3450971
Dropping frame 1403638159.445097
Dropping frame 1403638159.5450969
Dropping frame 1403638159.7450969
Dropping frame 1403638159.8450971
Dropping frame 1403638160.0450969
Dropping frame 1403638160.145097
Dropping frame 1403638160.2450969
Dropping frame 1403638160.3450971
Dropping frame 1403638160.445097
Dropping frame 1403638160.5450969
Dropping frame 1403638160.645097
Dropping frame 1403638160.7450969
Dropping frame 1403638160.895097
Dropping frame 1403638161.0450969
Dropping frame 1403638161.145097
Dropping frame 1403638161.2450969
Dropping frame 1403638161.3450971
Dropping frame 1403638161.5950971
Dropping frame 1403638161.695097
Dropping frame 1403638161.8450971
Dropping frame 1403638161.945097
Dropping frame 1403638162.0950971
Dropping frame 1403638162.195097
Dropping frame 1403638162.2950971
Dropping frame 1403638162.395097
Dropping frame 1403638162.5950971
Dropping frame 1403638162.695097
Dropping frame 1403638162.7950971
Dropping frame 1403638162.895097
start VIBA 2
Dropping frame 1403638163.0950971
Dropping frame 1403638163.195097
Dropping frame 1403638163.2950971
Dropping frame 1403638163.395097
end VIBA 2
Dropping frame 1403638163.895097
Dropping frame 1403638164.195097
Dropping frame 1403638164.645097
Dropping frame 1403638164.895097
Dropping frame 1403638165.195097
Dropping frame 1403638165.3450971
Dropping frame 1403638165.5450969
Dropping frame 1403638165.695097
Dropping frame 1403638165.7950971
Dropping frame 1403638165.895097
Dropping frame 1403638165.9950972
Dropping frame 1403638166.0950971
Dropping frame 1403638166.3450971
Dropping frame 1403638166.4950972
Dropping frame 1403638166.5950971
Dropping frame 1403638166.695097
Dropping frame 1403638166.8450971
Dropping frame 1403638167.0450969
Dropping frame 1403638167.2450969
Dropping frame 1403638167.3450971
Dropping frame 1403638167.445097
Dropping frame 1403638167.5450969
Dropping frame 1403638167.645097
Dropping frame 1403638167.8450971
Dropping frame 1403638167.945097
Dropping frame 1403638168.0950971
Dropping frame 1403638168.2450969
Dropping frame 1403638168.3450971
Dropping frame 1403638168.445097
Dropping frame 1403638168.5450969
Dropping frame 1403638168.645097
Dropping frame 1403638168.7950971
Dropping frame 1403638169.0450969
Dropping frame 1403638169.145097
Dropping frame 1403638169.2450969
Dropping frame 1403638169.3450971
Dropping frame 1403638169.445097
Dropping frame 1403638169.5450969
Dropping frame 1403638169.645097
Dropping frame 1403638169.7450969
Dropping frame 1403638169.8450971
Dropping frame 1403638169.945097
Dropping frame 1403638170.0450969
Dropping frame 1403638170.145097
Dropping frame 1403638170.3450971
Dropping frame 1403638170.445097
Dropping frame 1403638170.5450969
Dropping frame 1403638170.7450969
Dropping frame 1403638170.8450971
Dropping frame 1403638171.0450969
Dropping frame 1403638171.145097
Dropping frame 1403638171.2450969
Dropping frame 1403638171.3450971
Dropping frame 1403638171.5450969
Dropping frame 1403638171.645097
Dropping frame 1403638171.7450969
Dropping frame 1403638171.945097
Dropping frame 1403638172.0450969
Dropping frame 1403638172.145097
Dropping frame 1403638172.3450971
Dropping frame 1403638172.5450969
Dropping frame 1403638172.7450969
Dropping frame 1403638172.945097
Dropping frame 1403638173.0450969
Dropping frame 1403638173.145097
Dropping frame 1403638173.3450971
Dropping frame 1403638173.5450969
Dropping frame 1403638173.7450969
Dropping frame 1403638173.945097
Dropping frame 1403638174.0450969
Dropping frame 1403638174.2450969
Dropping frame 1403638174.445097
Dropping frame 1403638174.5450969
Dropping frame 1403638174.7450969
Dropping frame 1403638174.945097
Dropping frame 1403638175.145097
Dropping frame 1403638175.2450969
Dropping frame 1403638175.3450971
Dropping frame 1403638175.5450969
Dropping frame 1403638175.7450969
Dropping frame 1403638175.8450971
Dropping frame 1403638175.945097
Dropping frame 1403638176.145097
Dropping frame 1403638176.3450971
Dropping frame 1403638176.5450969
Dropping frame 1403638176.7450969
Dropping frame 1403638176.945097
Dropping frame 1403638177.145097
Dropping frame 1403638177.3450971
Dropping frame 1403638177.5450969
Dropping frame 1403638177.645097
Dropping frame 1403638177.8450971
Dropping frame 1403638177.945097
Dropping frame 1403638178.145097
Dropping frame 1403638178.3450971
Dropping frame 1403638178.5450969
Dropping frame 1403638178.7450969
Dropping frame 1403638178.8450971
Dropping frame 1403638178.9950972
Dropping frame 1403638179.195097
Dropping frame 1403638179.395097
Dropping frame 1403638179.4950972
Dropping frame 1403638179.695097
Dropping frame 1403638179.895097
Dropping frame 1403638179.9950972
Dropping frame 1403638180.195097
Dropping frame 1403638180.395097
Dropping frame 1403638180.5950971
Dropping frame 1403638180.7950971
Dropping frame 1403638180.895097
Dropping frame 1403638180.9950972
Dropping frame 1403638181.195097
Dropping frame 1403638181.395097
Dropping frame 1403638181.5950971
Dropping frame 1403638181.7950971
Dropping frame 1403638181.895097
Dropping frame 1403638182.145097
Dropping frame 1403638182.3450971
Dropping frame 1403638182.5450969
Dropping frame 1403638182.7450969
Dropping frame 1403638182.8450971
Dropping frame 1403638182.9950972
Dropping frame 1403638183.145097
Dropping frame 1403638183.2950971
Dropping frame 1403638183.395097
Dropping frame 1403638183.5950971
Dropping frame 1403638183.7450969
Dropping frame 1403638183.8450971
Dropping frame 1403638183.945097
Dropping frame 1403638184.145097
Dropping frame 1403638184.2450969
Dropping frame 1403638184.5450969
Dropping frame 1403638184.7950971
Dropping frame 1403638184.895097
Dropping frame 1403638184.9950972
Dropping frame 1403638185.0950971
Dropping frame 1403638185.3450971
Dropping frame 1403638185.445097
Dropping frame 1403638185.7450969
Dropping frame 1403638185.8450971
Dropping frame 1403638186.0450969
Dropping frame 1403638186.145097
Dropping frame 1403638186.395097
Dropping frame 1403638186.4950972
Dropping frame 1403638186.695097
Dropping frame 1403638186.895097
Dropping frame 1403638187.0950971
Dropping frame 1403638187.2950971
Dropping frame 1403638187.4950972
Dropping frame 1403638187.5950971
Dropping frame 1403638187.7450969
Dropping frame 1403638187.945097
Dropping frame 1403638188.0450969
Dropping frame 1403638188.2450969
Dropping frame 1403638188.445097
Dropping frame 1403638188.645097
Dropping frame 1403638188.7450969
Dropping frame 1403638188.945097
Dropping frame 1403638189.0450969
Dropping frame 1403638189.145097
Dropping frame 1403638189.3450971
Dropping frame 1403638189.445097
Dropping frame 1403638189.5450969
Dropping frame 1403638189.7450969
Dropping frame 1403638189.945097
Dropping frame 1403638190.145097
Dropping frame 1403638190.3450971
Dropping frame 1403638190.5450969
Dropping frame 1403638190.645097
Dropping frame 1403638190.7450969
Dropping frame 1403638190.945097
Dropping frame 1403638191.145097
Dropping frame 1403638191.2450969
Dropping frame 1403638191.445097
Dropping frame 1403638191.5450969
Dropping frame 1403638191.895097
Dropping frame 1403638192.0950971
Dropping frame 1403638192.2950971
Dropping frame 1403638192.4950972
Dropping frame 1403638192.5950971
Dropping frame 1403638192.7950971
Dropping frame 1403638192.895097
Dropping frame 1403638193.0450969
Dropping frame 1403638193.2450969
Dropping frame 1403638193.445097
Dropping frame 1403638193.7950971
Dropping frame 1403638193.9950972
Dropping frame 1403638194.195097
Dropping frame 1403638194.395097
Dropping frame 1403638194.5950971
Dropping frame 1403638196.0450969
Dropping frame 1403638196.4950972
Dropping frame 1403638196.695097
Dropping frame 1403638196.895097
Dropping frame 1403638197.0950971
Dropping frame 1403638197.195097
Dropping frame 1403638197.2950971
Dropping frame 1403638197.4950972
Dropping frame 1403638197.695097
Dropping frame 1403638197.895097
Dropping frame 1403638197.9950972
Dropping frame 1403638198.0950971
Dropping frame 1403638198.2950971
Dropping frame 1403638198.4950972
Dropping frame 1403638198.695097
Dropping frame 1403638198.7950971
Dropping frame 1403638199.0450969
Dropping frame 1403638199.145097
Dropping frame 1403638199.395097
Dropping frame 1403638199.4950972
Dropping frame 1403638199.5950971
Dropping frame 1403638199.7950971
Dropping frame 1403638199.945097
Dropping frame 1403638200.145097
Dropping frame 1403638200.3450971
Dropping frame 1403638200.5450969
Dropping frame 1403638200.645097
Dropping frame 1403638200.945097
Dropping frame 1403638201.2450969
Dropping frame 1403638201.4950972
Dropping frame 1403638201.9950972
Dropping frame 1403638202.2450969
Dropping frame 1403638202.3450971
Dropping frame 1403638202.7450969
Dropping frame 1403638202.895097
Dropping frame 1403638203.3450971
Dropping frame 1403638203.645097
Dropping frame 1403638203.8450971
Dropping frame 1403638204.0450969
Dropping frame 1403638204.145097
Dropping frame 1403638204.2450969
Dropping frame 1403638204.445097
Dropping frame 1403638204.5450969
Dropping frame 1403638204.645097
Dropping frame 1403638204.8450971
Dropping frame 1403638205.0450969
Dropping frame 1403638205.2450969
Dropping frame 1403638205.395097
Dropping frame 1403638205.5950971
Dropping frame 1403638205.695097
Dropping frame 1403638205.945097
Dropping frame 1403638206.0450969
Dropping frame 1403638206.2950971
Dropping frame 1403638206.395097
Dropping frame 1403638206.645097
Dropping frame 1403638206.7450969
Dropping frame 1403638206.8450971
Dropping frame 1403638207.0450969
Dropping frame 1403638207.145097
Dropping frame 1403638207.2450969
Dropping frame 1403638207.445097
Dropping frame 1403638207.5450969
Dropping frame 1403638207.645097
Dropping frame 1403638207.8450971
Dropping frame 1403638207.945097
Dropping frame 1403638208.0450969
Dropping frame 1403638208.445097
Dropping frame 1403638208.5450969
Dropping frame 1403638208.7450969
Dropping frame 1403638208.945097
Dropping frame 1403638209.0450969
Dropping frame 1403638209.2950971
Dropping frame 1403638209.395097
Dropping frame 1403638209.645097
Dropping frame 1403638209.7450969
Dropping frame 1403638209.9950972
Dropping frame 1403638210.0950971
Dropping frame 1403638210.3450971
Dropping frame 1403638210.5450969
Dropping frame 1403638210.7950971
Dropping frame 1403638210.895097
Dropping frame 1403638211.145097
Dropping frame 1403638211.2450969
Dropping frame 1403638211.4950972
Dropping frame 1403638211.695097
Dropping frame 1403638211.9950972
Dropping frame 1403638212.0950971
Dropping frame 1403638212.3450971
Dropping frame 1403638212.5950971
Dropping frame 1403638212.895097
Dropping frame 1403638213.195097
Dropping frame 1403638213.445097
Dropping frame 1403638213.7450969
Dropping frame 1403638213.945097
Dropping frame 1403638214.145097
Dropping frame 1403638214.2450969
Dropping frame 1403638214.3450971
Dropping frame 1403638214.5450969
Dropping frame 1403638214.645097
Dropping frame 1403638214.895097
Dropping frame 1403638215.195097
Dropping frame 1403638215.2950971
Dropping frame 1403638216.7450969
Dropping frame 1403638216.945097
Dropping frame 1403638217.195097
Dropping frame 1403638217.445097
Dropping frame 1403638217.695097
Dropping frame 1403638217.895097
Dropping frame 1403638218.195097
Dropping frame 1403638218.2950971
Dropping frame 1403638218.4950972
Dropping frame 1403638218.8450971
Dropping frame 1403638219.2950971
Dropping frame 1403638219.445097
Dropping frame 1403638219.5450969
Dropping frame 1403638219.7950971
Dropping frame 1403638219.9950972
Dropping frame 1403638220.4950972
Dropping frame 1403638220.695097
Dropping frame 1403638221.0450969
Dropping frame 1403638221.5950971
Dropping frame 1403638221.7950971
Dropping frame 1403638222.0950971
Dropping frame 1403638222.2950971
Dropping frame 1403638222.7950971
Dropping frame 1403638222.895097
Dropping frame 1403638223.145097
Dropping frame 1403638223.2450969
Dropping frame 1403638223.4950972
Dropping frame 1403638224.0950971
Dropping frame 1403638224.4950972
Dropping frame 1403638224.7950971
Dropping frame 1403638225.0450969
Dropping frame 1403638225.2450969
Dropping frame 1403638225.3450971
Dropping frame 1403638225.695097
Dropping frame 1403638225.945097
Dropping frame 1403638226.195097
Dropping frame 1403638226.395097
Dropping frame 1403638226.695097
Dropping frame 1403638226.895097
Dropping frame 1403638227.0950971
Dropping frame 1403638227.195097
Dropping frame 1403638227.445097
Dropping frame 1403638227.645097
Dropping frame 1403638228.8450971
Shutdown
SLAM Finished at System Time: 1740378957.42596

 TIME STATS in ms (mean$\pm$std)
OpenCV version: 4.8.1
---------------------------
Tracking

ORB Extraction: 19.982$\pm$2.4627
Stereo Matching: 8.3847$\pm$1.9786
IMU Preintegration: 0.21697$\pm$0.099956
Pose Prediction: 0.4976$\pm$1.3311
LM Track: 17.682$\pm$6.1422
New KF decision: 0.31709$\pm$0.30704
Total Tracking: 32.016$\pm$25.722



Local Mapping

KF Insertion: 13.903$\pm$5.0486
MP Culling: 0.45732$\pm$0.20347
MP Creation: 37.967$\pm$14.801
LBA: 142.73$\pm$48.405
KF Culling: 11.036$\pm$9.2233
Total Local Mapping: 206.33$\pm$74.488
---------------------------

LBA complexity (mean$\pm$std)
LBA Edges: 1624.5$\pm$1113.6
LBA KF optimized: 6.5$\pm$2.2913
LBA KF fixed: 1$\pm$0
LBA MP: nan$\pm$nan

LBA executions: 390
LBA aborts: 0
---------------------------

Map complexity
KFs in map: 170
MPs in map: 13492
---------------------------

Place Recognition (mean$\pm$std)
Database Query: 2.1974$\pm$1.069
SE3 estimation: 27.37$\pm$16.367
Total Place Recognition: 20.19$\pm$19.684


Loop Closing (mean$\pm$std)
Loop Fusion: nan$\pm$nan
Essential Graph: nan$\pm$nan
Total Loop Closing: nan$\pm$nan

Num exec: 0
Number of KFs: nan$\pm$nan

Map Merging (mean$\pm$std)
Merge Maps: nan$\pm$nan
Welding BA: nan$\pm$nan
Optimization Ess.: nan$\pm$nan
Total Map Merging: nan$\pm$nan

Num exec: 0
Number of KFs: nan$\pm$nan
Number of MPs: nan$\pm$nan

Full GBA (mean$\pm$std)
GBA: nan$\pm$nan
Map Update: nan$\pm$nan
Total Full GBA: nan$\pm$nan

Num exec: 0
Num abort: 0
Number of KFs: nan$\pm$nan
Number of MPs: nan$\pm$nan

Saving trajectory to f_dataset-MH04_stereo_imu.txt ...
There are 1 maps in the atlas
  Map 0 has 170 KFs

End of saving trajectory to f_dataset-MH04_stereo_imu.txt ...

Saving keyframe trajectory to kf_dataset-MH04_stereo_imu.txt ...
