num_seq = 1
file name: dataset-MH02_stereo_imu
Loading images for sequence 0...LOADED!
Loading IMU for sequence 0...LOADED!

-------

ORB-SLAM3 Copyright (C) 2017-2020 Carlos Campos, Richard Elvira, Juan J. Gómez, José M.M. Montiel and Juan D. Tardós, University of Zaragoza.
ORB-SLAM2 Copyright (C) 2014-2016 Raúl Mur-Artal, José M.M. Montiel and Juan D. Tardós, University of Zaragoza.
This program comes with ABSOLUTELY NO WARRANTY;
This is free software, and you are welcome to redistribute it
under certain conditions. See LICENSE.txt.

Built with REGISTER_TIMES
Git Commit Hash: 2d47524

Build Type: Release

Compiled with C++ version: 201703

Input sensor was set to: Stereo-Inertial
Loading settings from EuRoC_fov_deadlines_mask_22x22.yaml
	-Loaded camera 1
	-Loaded camera 2
	-Loaded image info
	-Loaded IMU calibration
	-Loaded ORB settings
	-Loaded viewer settings
	-Loaded Atlas settings
Deadlines enabled, will skip frames!
FOV enabled
Static mask size: 22x22
Dumping map points enabled
	-Loaded misc parameters
	-Computed rectification maps
----------------------------------
SLAM settings: 
	-Camera 1 parameters (Pinhole): [ 458.65399169921875 457.29598999023438 367.21499633789062 248.375 ]
	-Camera 1 distortion parameters: [  -0.28340810537338257 0.073959067463874817 0.00019359000725671649 1.7618711353861727e-05 ]
	-Camera 2 parameters (Pinhole: [ 457.58700561523438 456.13400268554688 379.99899291992188 255.23800659179688 ]
	-Camera 1 distortion parameters: [  -0.2836836576461792 0.074512839317321777 -0.00010473000293131918 -3.555907096597366e-05 ]
	-Original image size: [ 752 , 480 ]
	-Current image size: [ 752 , 480 ]
	-Camera 1 parameters after rectification: [  456.71499633789062 456.71499633789062 364.52615356445312 257.268798828125 ]
	-Sequence FPS: 20
	-Stereo baseline: 0.11007784307003021
	-Stereo depth threshold : 60
	-Gyro noise: 0.00016999999934341758
	-Accelerometer noise: 0.0020000000949949026
	-Gyro walk: 1.9392999092815444e-05
	-Accelerometer walk: 0.0030000000260770321
	-IMU frequency: 200
	-Features per image: 1200
	-ORB scale factor: 1.2000000476837158
	-ORB number of scales: 8
	-Initial FAST threshold: 20
	-Min FAST threshold: 7


Loading ORB Vocabulary. This could take a while...
Vocabulary loaded!

Initialization of Atlas from scratch 
Creation of new map with id: 0
Creation of new map with last KF id: 0
Seq. Name: 
There are 1 cameras in the atlas
Camera 0 is pinhole
SLAM Started at System Time: 1742930739.43823
not IMU meas
not IMU meas
not enough acceleration
not enough acceleration
not enough acceleration
not enough acceleration
not enough acceleration
not enough acceleration
First KF:0; Map init KF:0
New Map created with 191 points
Active map: 0
Dropping frame 1403636859.1516664
Dropping frame 1403636859.5516665
Dropping frame 1403636859.8516665
Dropping frame 1403636860.0016665
Dropping frame 1403636860.1516664
Dropping frame 1403636860.3516665
Dropping frame 1403636860.4516664
Dropping frame 1403636860.6516664
Dropping frame 1403636860.7516665
Dropping frame 1403636860.9516664
Dropping frame 1403636861.0516665
Dropping frame 1403636861.3016665
Dropping frame 1403636861.5016665
Dropping frame 1403636861.9516664
Dropping frame 1403636862.4016666
Dropping frame 1403636862.6016665
Dropping frame 1403636862.8016665
Dropping frame 1403636862.9516664
Dropping frame 1403636863.1516664
Dropping frame 1403636863.2516665
Dropping frame 1403636863.3516665
Dropping frame 1403636863.6016665
Dropping frame 1403636863.7016666
Dropping frame 1403636863.9016666
Dropping frame 1403636864.4516664
start VIBA 1
Dropping frame 1403636864.5516665
end VIBA 1
Dropping frame 1403636864.8016665
Dropping frame 1403636864.9016666
Dropping frame 1403636865.0016665
Dropping frame 1403636865.2016666
Dropping frame 1403636865.3016665
Dropping frame 1403636865.5016665
Dropping frame 1403636865.6016665
Dropping frame 1403636865.7016666
Dropping frame 1403636865.9016666
Dropping frame 1403636866.1016665
Dropping frame 1403636866.3016665
Dropping frame 1403636866.4016666
Dropping frame 1403636866.5016665
Dropping frame 1403636866.7516665
Dropping frame 1403636867.0016665
Dropping frame 1403636867.2516665
Dropping frame 1403636867.3516665
Dropping frame 1403636867.5516665
Dropping frame 1403636867.7516665
Dropping frame 1403636868.2016666
Dropping frame 1403636868.3016665
Dropping frame 1403636868.4016666
Dropping frame 1403636868.5016665
Dropping frame 1403636868.8516665
Dropping frame 1403636869.0516665
Dropping frame 1403636869.1516664
Dropping frame 1403636869.2516665
Dropping frame 1403636869.4516664
Dropping frame 1403636869.6516664
Dropping frame 1403636869.7516665
Dropping frame 1403636870.0016665
Dropping frame 1403636870.2016666
Dropping frame 1403636870.4016666
Dropping frame 1403636870.5516665
Dropping frame 1403636870.7516665
Dropping frame 1403636870.9016666
Dropping frame 1403636871.1016665
Dropping frame 1403636871.2016666
Dropping frame 1403636871.3016665
Dropping frame 1403636871.5016665
Dropping frame 1403636871.7016666
Dropping frame 1403636871.9016666
Dropping frame 1403636872.0016665
Dropping frame 1403636872.1016665
Dropping frame 1403636872.2016666
Dropping frame 1403636872.4016666
Dropping frame 1403636872.5016665
Dropping frame 1403636872.6016665
Dropping frame 1403636872.8516665
Dropping frame 1403636872.9516664
Dropping frame 1403636873.0516665
Dropping frame 1403636873.1516664
Dropping frame 1403636873.3516665
Dropping frame 1403636873.5516665
Dropping frame 1403636873.6516664
Dropping frame 1403636873.9016666
Dropping frame 1403636874.2016666
Dropping frame 1403636874.3516665
Dropping frame 1403636874.4516664
Dropping frame 1403636874.6016665
Dropping frame 1403636874.9016666
Dropping frame 1403636875.1016665
Dropping frame 1403636875.3016665
Dropping frame 1403636875.5016665
Dropping frame 1403636875.6516664
Dropping frame 1403636875.8016665
start VIBA 2
end VIBA 2
Dropping frame 1403636876.0516665
Dropping frame 1403636876.1516664
Dropping frame 1403636876.5516665
Dropping frame 1403636876.7516665
Dropping frame 1403636876.8516665
Dropping frame 1403636876.9516664
Dropping frame 1403636877.1516664
Dropping frame 1403636877.2516665
Dropping frame 1403636877.5016665
Dropping frame 1403636877.7016666
Dropping frame 1403636877.8016665
Dropping frame 1403636878.1016665
Dropping frame 1403636878.2016666
Dropping frame 1403636878.4516664
Dropping frame 1403636878.5516665
Dropping frame 1403636878.8016665
Dropping frame 1403636879.1016665
Dropping frame 1403636879.2016666
Dropping frame 1403636879.4516664
Dropping frame 1403636879.6516664
Dropping frame 1403636879.7516665
Dropping frame 1403636879.8516665
Dropping frame 1403636880.0516665
Dropping frame 1403636880.2516665
Dropping frame 1403636880.4516664
Dropping frame 1403636880.6016665
Dropping frame 1403636880.8016665
Dropping frame 1403636880.9016666
Dropping frame 1403636881.1516664
Dropping frame 1403636881.2516665
Dropping frame 1403636881.3516665
Dropping frame 1403636881.5516665
Dropping frame 1403636881.7516665
Dropping frame 1403636881.9516664
Dropping frame 1403636882.1516664
Dropping frame 1403636882.2516665
Dropping frame 1403636882.5016665
Dropping frame 1403636882.8516665
Dropping frame 1403636882.9516664
Dropping frame 1403636883.0516665
Dropping frame 1403636883.3016665
Dropping frame 1403636883.5016665
Dropping frame 1403636883.7016666
Dropping frame 1403636883.9016666
Dropping frame 1403636884.0016665
Dropping frame 1403636884.1016665
Dropping frame 1403636884.3016665
Dropping frame 1403636884.6016665
Dropping frame 1403636885.1016665
Dropping frame 1403636885.2516665
Dropping frame 1403636885.4016666
Dropping frame 1403636885.6016665
Dropping frame 1403636885.7016666
Dropping frame 1403636885.9016666
Dropping frame 1403636886.1016665
Dropping frame 1403636886.2016666
Dropping frame 1403636886.4016666
Dropping frame 1403636886.5016665
Dropping frame 1403636886.6016665
Dropping frame 1403636886.7516665
Dropping frame 1403636887.0016665
Dropping frame 1403636887.2516665
Dropping frame 1403636887.4016666
Dropping frame 1403636887.6016665
Dropping frame 1403636887.7016666
Dropping frame 1403636887.9516664
Dropping frame 1403636888.0516665
Dropping frame 1403636888.9016666
Dropping frame 1403636889.1516664
Dropping frame 1403636889.4516664
Dropping frame 1403636889.5516665
Dropping frame 1403636889.8016665
Dropping frame 1403636890.1516664
Dropping frame 1403636890.4516664
Dropping frame 1403636890.7516665
Dropping frame 1403636891.2516665
Dropping frame 1403636891.4516664
Dropping frame 1403636892.0016665
Dropping frame 1403636892.2016666
Dropping frame 1403636892.5516665
Dropping frame 1403636892.6516664
Dropping frame 1403636892.8016665
Dropping frame 1403636893.0016665
Dropping frame 1403636893.1016665
Dropping frame 1403636893.6016665
Dropping frame 1403636894.5016665
Dropping frame 1403636894.8016665
Dropping frame 1403636895.1016665
Dropping frame 1403636895.2016666
Dropping frame 1403636895.4516664
Dropping frame 1403636895.5516665
Dropping frame 1403636895.7516665
Dropping frame 1403636895.8516665
Dropping frame 1403636895.9516664
Dropping frame 1403636896.1516664
Dropping frame 1403636896.3516665
Dropping frame 1403636896.4516664
Dropping frame 1403636896.5516665
Dropping frame 1403636896.8016665
Dropping frame 1403636897.0016665
Dropping frame 1403636897.2016666
Dropping frame 1403636897.3016665
Dropping frame 1403636897.4016666
Dropping frame 1403636897.6016665
Dropping frame 1403636897.7016666
Dropping frame 1403636897.9516664
Dropping frame 1403636898.0516665
Dropping frame 1403636898.3016665
Dropping frame 1403636898.4016666
Dropping frame 1403636898.5016665
Dropping frame 1403636898.7016666
Dropping frame 1403636898.9016666
Dropping frame 1403636899.0016665
Dropping frame 1403636899.3516665
Dropping frame 1403636899.4516664
Dropping frame 1403636899.8016665
Dropping frame 1403636900.0016665
Dropping frame 1403636900.2016666
Dropping frame 1403636900.3016665
Dropping frame 1403636900.7016666
Dropping frame 1403636900.9016666
Dropping frame 1403636901.0516665
Dropping frame 1403636901.3516665
Dropping frame 1403636901.7016666
Dropping frame 1403636901.9016666
Dropping frame 1403636902.0516665
Dropping frame 1403636902.2516665
Dropping frame 1403636902.3516665
Dropping frame 1403636902.7016666
Dropping frame 1403636902.9016666
Dropping frame 1403636903.0516665
Dropping frame 1403636903.4016666
Dropping frame 1403636903.5016665
Dropping frame 1403636903.7016666
Dropping frame 1403636903.9516664
Dropping frame 1403636904.2516665
Dropping frame 1403636904.4516664
Dropping frame 1403636904.6016665
Dropping frame 1403636904.8016665
Dropping frame 1403636904.9016666
Dropping frame 1403636905.1516664
Dropping frame 1403636905.3516665
Dropping frame 1403636905.5016665
Dropping frame 1403636905.7016666
Dropping frame 1403636906.0516665
Dropping frame 1403636906.3016665
Dropping frame 1403636906.4016666
Dropping frame 1403636906.5516665
Dropping frame 1403636907.0516665
Dropping frame 1403636907.3016665
Dropping frame 1403636907.6016665
Dropping frame 1403636907.8016665
Dropping frame 1403636907.9016666
Dropping frame 1403636908.0016665
Dropping frame 1403636908.2516665
Dropping frame 1403636908.4516664
Dropping frame 1403636908.6016665
Dropping frame 1403636908.7516665
Dropping frame 1403636909.2516665
Dropping frame 1403636909.5516665
Dropping frame 1403636909.6516664
Dropping frame 1403636909.7516665
Dropping frame 1403636910.0016665
Dropping frame 1403636910.1516664
Dropping frame 1403636910.3016665
Dropping frame 1403636910.5016665
Dropping frame 1403636910.7516665
Dropping frame 1403636911.0516665
Dropping frame 1403636911.3016665
Dropping frame 1403636911.5516665
Dropping frame 1403636911.8016665
Dropping frame 1403636912.9016666
Dropping frame 1403636913.9016666
Dropping frame 1403636914.1516664
Dropping frame 1403636914.7016666
Dropping frame 1403636914.9516664
Dropping frame 1403636915.0516665
Dropping frame 1403636915.4516664
Dropping frame 1403636915.5516665
Dropping frame 1403636915.7016666
Dropping frame 1403636915.8016665
Dropping frame 1403636916.0016665
Dropping frame 1403636916.2516665
Dropping frame 1403636916.4516664
Dropping frame 1403636916.9516664
Dropping frame 1403636917.1516664
Dropping frame 1403636917.4516664
Dropping frame 1403636917.6516664
Dropping frame 1403636917.8516665
Dropping frame 1403636917.9516664
Dropping frame 1403636918.3016665
Dropping frame 1403636918.5516665
Dropping frame 1403636919.0016665
Dropping frame 1403636919.1516664
Dropping frame 1403636919.5016665
Dropping frame 1403636919.7016666
Dropping frame 1403636919.8516665
Dropping frame 1403636920.0516665
Dropping frame 1403636920.3516665
Dropping frame 1403636920.7016666
Dropping frame 1403636920.9016666
Dropping frame 1403636921.3516665
Dropping frame 1403636921.4516664
Dropping frame 1403636921.8516665
Dropping frame 1403636922.1016665
Dropping frame 1403636922.3516665
Dropping frame 1403636922.8516665
Dropping frame 1403636923.0516665
Dropping frame 1403636923.4016666
Dropping frame 1403636923.7516665
Dropping frame 1403636923.8516665
Dropping frame 1403636924.1016665
Dropping frame 1403636924.2016666
Dropping frame 1403636924.4516664
Dropping frame 1403636924.6516664
Dropping frame 1403636924.7516665
Dropping frame 1403636925.0016665
Dropping frame 1403636925.3516665
Dropping frame 1403636925.4516664
Dropping frame 1403636925.5516665
Dropping frame 1403636925.6516664
Dropping frame 1403636925.7516665
Dropping frame 1403636925.8516665
Dropping frame 1403636926.0516665
Dropping frame 1403636926.1516664
Dropping frame 1403636926.2516665
Dropping frame 1403636926.4516664
Dropping frame 1403636926.5516665
Dropping frame 1403636926.6516664
Dropping frame 1403636926.8516665
Dropping frame 1403636927.0516665
Dropping frame 1403636927.1516664
Dropping frame 1403636927.2516665
Dropping frame 1403636927.3516665
Dropping frame 1403636927.5016665
Dropping frame 1403636927.6016665
Dropping frame 1403636927.8016665
Dropping frame 1403636927.9016666
Dropping frame 1403636928.0016665
Dropping frame 1403636928.2016666
Dropping frame 1403636928.3016665
Dropping frame 1403636928.5016665
Dropping frame 1403636928.6016665
Dropping frame 1403636928.7016666
Dropping frame 1403636928.8016665
Dropping frame 1403636928.9016666
Dropping frame 1403636929.1016665
Dropping frame 1403636929.2016666
Dropping frame 1403636929.3016665
Dropping frame 1403636929.4016666
Dropping frame 1403636929.5016665
Dropping frame 1403636929.6016665
Dropping frame 1403636929.8016665
Dropping frame 1403636929.9016666
Dropping frame 1403636930.0016665
Dropping frame 1403636930.2016666
Dropping frame 1403636930.3016665
Dropping frame 1403636930.5016665
Dropping frame 1403636930.6016665
Dropping frame 1403636930.7016666
Dropping frame 1403636930.9016666
Dropping frame 1403636931.1016665
Dropping frame 1403636931.2016666
Dropping frame 1403636931.3016665
Dropping frame 1403636931.4016666
Dropping frame 1403636931.5016665
Dropping frame 1403636931.6016665
Dropping frame 1403636931.8016665
Dropping frame 1403636931.9016666
Dropping frame 1403636932.0016665
Dropping frame 1403636932.2016666
Dropping frame 1403636932.3016665
Dropping frame 1403636932.5016665
Dropping frame 1403636932.6016665
Dropping frame 1403636932.7016666
Dropping frame 1403636932.8016665
Dropping frame 1403636932.9016666
Dropping frame 1403636933.0016665
Dropping frame 1403636933.2016666
Dropping frame 1403636933.4016666
Dropping frame 1403636933.5016665
Dropping frame 1403636933.6016665
Dropping frame 1403636933.8016665
Dropping frame 1403636933.9016666
Dropping frame 1403636934.0016665
Dropping frame 1403636934.1016665
Dropping frame 1403636934.3016665
Dropping frame 1403636934.4016666
Dropping frame 1403636934.5016665
Dropping frame 1403636934.6016665
Dropping frame 1403636934.7016666
Dropping frame 1403636934.9016666
Dropping frame 1403636935.0016665
Dropping frame 1403636935.1016665
Dropping frame 1403636935.3016665
Dropping frame 1403636935.4016666
Dropping frame 1403636935.6016665
Dropping frame 1403636935.7016666
Dropping frame 1403636935.8016665
Dropping frame 1403636936.0016665
Dropping frame 1403636936.2016666
Dropping frame 1403636936.3016665
Dropping frame 1403636936.4016666
Dropping frame 1403636936.5016665
Dropping frame 1403636936.7016666
Dropping frame 1403636936.8016665
Dropping frame 1403636936.9016666
Dropping frame 1403636937.1016665
Dropping frame 1403636937.2016666
Dropping frame 1403636937.4016666
Dropping frame 1403636937.5016665
Dropping frame 1403636937.6016665
Dropping frame 1403636937.8016665
Dropping frame 1403636937.9016666
Dropping frame 1403636938.0016665
Dropping frame 1403636938.1016665
Dropping frame 1403636938.2016666
Dropping frame 1403636938.3016665
Dropping frame 1403636938.5016665
Dropping frame 1403636938.6016665
Dropping frame 1403636938.7016666
Dropping frame 1403636938.8016665
Dropping frame 1403636939.0016665
Dropping frame 1403636939.2016666
Dropping frame 1403636939.3016665
Dropping frame 1403636939.5016665
Dropping frame 1403636939.6016665
Dropping frame 1403636939.7016666
Dropping frame 1403636939.8016665
Dropping frame 1403636939.9016666
Dropping frame 1403636940.0016665
Dropping frame 1403636940.1016665
Dropping frame 1403636940.2016666
Dropping frame 1403636940.3016665
Dropping frame 1403636940.5016665
Dropping frame 1403636940.6016665
Dropping frame 1403636940.7016666
Dropping frame 1403636940.8016665
Dropping frame 1403636941.0016665
Dropping frame 1403636941.1016665
Dropping frame 1403636941.2516665
Dropping frame 1403636941.3516665
Dropping frame 1403636941.5516665
Dropping frame 1403636941.6516664
Dropping frame 1403636941.7516665
Dropping frame 1403636941.9516664
Dropping frame 1403636942.1516664
Dropping frame 1403636942.3516665
Dropping frame 1403636942.4516664
Dropping frame 1403636942.5516665
Dropping frame 1403636942.6516664
Dropping frame 1403636942.8516665
Dropping frame 1403636942.9516664
Dropping frame 1403636943.0516665
Dropping frame 1403636943.2516665
Dropping frame 1403636943.3516665
Dropping frame 1403636943.5516665
Dropping frame 1403636943.8016665
Dropping frame 1403636943.9016666
Dropping frame 1403636944.1016665
Dropping frame 1403636944.2016666
Dropping frame 1403636944.3016665
Dropping frame 1403636944.6016665
Dropping frame 1403636944.7016666
Dropping frame 1403636944.8016665
Dropping frame 1403636945.1016665
Dropping frame 1403636945.3016665
Dropping frame 1403636945.5016665
Dropping frame 1403636945.6016665
Dropping frame 1403636945.7016666
Dropping frame 1403636945.9516664
Dropping frame 1403636946.0516665
Dropping frame 1403636946.2516665
Dropping frame 1403636946.3516665
Dropping frame 1403636946.5516665
Dropping frame 1403636946.8516665
Dropping frame 1403636946.9516664
Dropping frame 1403636947.1016665
Dropping frame 1403636947.3016665
Dropping frame 1403636947.4016666
Dropping frame 1403636947.5016665
Dropping frame 1403636947.8016665
Dropping frame 1403636947.9016666
Dropping frame 1403636948.0016665
Dropping frame 1403636948.2516665
Dropping frame 1403636948.3516665
Dropping frame 1403636948.4516664
Dropping frame 1403636948.7516665
Dropping frame 1403636948.8516665
Dropping frame 1403636949.1516664
Dropping frame 1403636949.2516665
Dropping frame 1403636949.6016665
Dropping frame 1403636949.7016666
Dropping frame 1403636949.8016665
Dropping frame 1403636949.9016666
Dropping frame 1403636950.2016666
Dropping frame 1403636950.4016666
Dropping frame 1403636950.5016665
Dropping frame 1403636950.7016666
Dropping frame 1403636950.8016665
Dropping frame 1403636950.9516664
Dropping frame 1403636951.0516665
Dropping frame 1403636951.1516664
Dropping frame 1403636951.2516665
Dropping frame 1403636951.4516664
Dropping frame 1403636951.5516665
Dropping frame 1403636951.8516665
Dropping frame 1403636951.9516664
Dropping frame 1403636952.3016665
Dropping frame 1403636952.4016666
Dropping frame 1403636952.5016665
Dropping frame 1403636952.7016666
Dropping frame 1403636952.8016665
Dropping frame 1403636952.9016666
Dropping frame 1403636953.0016665
Dropping frame 1403636953.1016665
Dropping frame 1403636953.3516665
Dropping frame 1403636953.4516664
Dropping frame 1403636953.6516664
Dropping frame 1403636953.8016665
Dropping frame 1403636954.0516665
Dropping frame 1403636954.2516665
Dropping frame 1403636954.3516665
Dropping frame 1403636954.4516664
Dropping frame 1403636954.5516665
Dropping frame 1403636954.6516664
Dropping frame 1403636954.7516665
Dropping frame 1403636954.8516665
Dropping frame 1403636955.0516665
Dropping frame 1403636955.2516665
Dropping frame 1403636955.3516665
Dropping frame 1403636955.5516665
Dropping frame 1403636956.0016665
Dropping frame 1403636956.1016665
Dropping frame 1403636956.2016666
Dropping frame 1403636956.3016665
Dropping frame 1403636956.5016665
Dropping frame 1403636956.6016665
Dropping frame 1403636956.7016666
Dropping frame 1403636956.9016666
Dropping frame 1403636957.0516665
Dropping frame 1403636957.1516664
Dropping frame 1403636957.2516665
Dropping frame 1403636957.4016666
Dropping frame 1403636957.5516665
Dropping frame 1403636957.7516665
Dropping frame 1403636957.8516665
Dropping frame 1403636957.9516664
Dropping frame 1403636958.1516664
Dropping frame 1403636958.2516665
Dropping frame 1403636958.3516665
Dropping frame 1403636958.4516664
Dropping frame 1403636958.5516665
Dropping frame 1403636958.7516665
Dropping frame 1403636958.8516665
Dropping frame 1403636958.9516664
Dropping frame 1403636959.1516664
Dropping frame 1403636959.2516665
Dropping frame 1403636959.3516665
Dropping frame 1403636959.5516665
Dropping frame 1403636959.7516665
Dropping frame 1403636959.8516665
Dropping frame 1403636959.9516664
Dropping frame 1403636960.0516665
Dropping frame 1403636960.1516664
Dropping frame 1403636960.2516665
Dropping frame 1403636960.4516664
Dropping frame 1403636960.5516665
Dropping frame 1403636960.7016666
Dropping frame 1403636960.9016666
Dropping frame 1403636961.0016665
Dropping frame 1403636961.1016665
Dropping frame 1403636961.2016666
Dropping frame 1403636961.3016665
Dropping frame 1403636961.4016666
Dropping frame 1403636961.5516665
Dropping frame 1403636961.7516665
Dropping frame 1403636961.8516665
Dropping frame 1403636962.0516665
Dropping frame 1403636962.1516664
Dropping frame 1403636962.2516665
Dropping frame 1403636962.3516665
Dropping frame 1403636962.4516664
Dropping frame 1403636962.7016666
Dropping frame 1403636962.8016665
Dropping frame 1403636962.9016666
Dropping frame 1403636963.1016665
Dropping frame 1403636963.2016666
Dropping frame 1403636963.4016666
Dropping frame 1403636963.5016665
Dropping frame 1403636963.6016665
Dropping frame 1403636963.8016665
Dropping frame 1403636963.9016666
Dropping frame 1403636964.0016665
Dropping frame 1403636964.1016665
Dropping frame 1403636964.2016666
Dropping frame 1403636964.4016666
Dropping frame 1403636964.5016665
Dropping frame 1403636964.6016665
Dropping frame 1403636964.7016666
Dropping frame 1403636964.8016665
Dropping frame 1403636964.9016666
Dropping frame 1403636965.1016665
Dropping frame 1403636965.2016666
Dropping frame 1403636965.3016665
Dropping frame 1403636965.5016665
Dropping frame 1403636965.6016665
Dropping frame 1403636965.7016666
Dropping frame 1403636965.8016665
Dropping frame 1403636965.9016666
Dropping frame 1403636966.0016665
Dropping frame 1403636966.1016665
Dropping frame 1403636966.2016666
Dropping frame 1403636966.4016666
Dropping frame 1403636966.6016665
Dropping frame 1403636966.7016666
Dropping frame 1403636966.8016665
Dropping frame 1403636966.9016666
Dropping frame 1403636967.0016665
Dropping frame 1403636967.1016665
Dropping frame 1403636967.2016666
Dropping frame 1403636967.4016666
Dropping frame 1403636967.5016665
Dropping frame 1403636967.6016665
Dropping frame 1403636967.7016666
Dropping frame 1403636967.9516664
Dropping frame 1403636968.0516665
Dropping frame 1403636968.1516664
Dropping frame 1403636968.3516665
Dropping frame 1403636968.4516664
Dropping frame 1403636968.5516665
Dropping frame 1403636968.6516664
Dropping frame 1403636968.7516665
Dropping frame 1403636968.9516664
Dropping frame 1403636969.0516665
Dropping frame 1403636969.2516665
Dropping frame 1403636969.4016666
Dropping frame 1403636969.6016665
Dropping frame 1403636969.7016666
Dropping frame 1403636969.8016665
Dropping frame 1403636969.9016666
Dropping frame 1403636970.0016665
Dropping frame 1403636970.1016665
Dropping frame 1403636970.3016665
Dropping frame 1403636970.4016666
Dropping frame 1403636970.5016665
Dropping frame 1403636970.6016665
Dropping frame 1403636970.7516665
Dropping frame 1403636970.9516664
Dropping frame 1403636971.1516664
Dropping frame 1403636971.2516665
Dropping frame 1403636971.3516665
Dropping frame 1403636971.4516664
Dropping frame 1403636971.6516664
Dropping frame 1403636971.8516665
Dropping frame 1403636971.9516664
Dropping frame 1403636972.0516665
Dropping frame 1403636972.1516664
Dropping frame 1403636972.3516665
Dropping frame 1403636972.4516664
Dropping frame 1403636972.5516665
Dropping frame 1403636972.7516665
Dropping frame 1403636972.9516664
Dropping frame 1403636973.0516665
Dropping frame 1403636973.1516664
Dropping frame 1403636973.2516665
Dropping frame 1403636973.4516664
Dropping frame 1403636973.5516665
Dropping frame 1403636973.6516664
Dropping frame 1403636973.7516665
Dropping frame 1403636973.8516665
Dropping frame 1403636973.9516664
Dropping frame 1403636974.1516664
Dropping frame 1403636974.3516665
Dropping frame 1403636974.5516665
Dropping frame 1403636974.7516665
Dropping frame 1403636974.9516664
Dropping frame 1403636975.1516664
Dropping frame 1403636975.2516665
Dropping frame 1403636975.3516665
Dropping frame 1403636975.5516665
Dropping frame 1403636975.7516665
Dropping frame 1403636975.9516664
Dropping frame 1403636976.0516665
Dropping frame 1403636976.1516664
Dropping frame 1403636976.3516665
Dropping frame 1403636976.5516665
Dropping frame 1403636976.7516665
Dropping frame 1403636976.8516665
Dropping frame 1403636976.9516664
Dropping frame 1403636977.1516664
Dropping frame 1403636977.2516665
Dropping frame 1403636977.3516665
Dropping frame 1403636977.5516665
Dropping frame 1403636977.7516665
Dropping frame 1403636977.9516664
Dropping frame 1403636978.1516664
Dropping frame 1403636978.2516665
Dropping frame 1403636978.4516664
Dropping frame 1403636978.6516664
Dropping frame 1403636978.7516665
Dropping frame 1403636978.8516665
Dropping frame 1403636979.0516665
Dropping frame 1403636979.2516665
Dropping frame 1403636979.4516664
Dropping frame 1403636979.5516665
Dropping frame 1403636979.6516664
Dropping frame 1403636979.8516665
Dropping frame 1403636980.0516665
Dropping frame 1403636980.1516664
Dropping frame 1403636980.2516665
Dropping frame 1403636980.4516664
Dropping frame 1403636980.6516664
Dropping frame 1403636980.8516665
Dropping frame 1403636981.0516665
Dropping frame 1403636981.2516665
Dropping frame 1403636981.3516665
Dropping frame 1403636981.4516664
Dropping frame 1403636981.6516664
Dropping frame 1403636981.8516665
Dropping frame 1403636982.0516665
Dropping frame 1403636982.2516665
Dropping frame 1403636982.4516664
Dropping frame 1403636982.6516664
Dropping frame 1403636982.7516665
Dropping frame 1403636982.8516665
Dropping frame 1403636983.0516665
Dropping frame 1403636983.2516665
Dropping frame 1403636983.4516664
Dropping frame 1403636983.5516665
Dropping frame 1403636983.6516664
Dropping frame 1403636983.8516665
Dropping frame 1403636984.0516665
Dropping frame 1403636984.1516664
Dropping frame 1403636984.2516665
Dropping frame 1403636984.4516664
Dropping frame 1403636984.6516664
Dropping frame 1403636984.8516665
Dropping frame 1403636984.9516664
Dropping frame 1403636985.2016666
Dropping frame 1403636985.3016665
Dropping frame 1403636985.4016666
Dropping frame 1403636985.6016665
Dropping frame 1403636985.8016665
Dropping frame 1403636986.0016665
Dropping frame 1403636986.2016666
Dropping frame 1403636986.4016666
Dropping frame 1403636986.6016665
Dropping frame 1403636986.7016666
Dropping frame 1403636986.8016665
Dropping frame 1403636987.0016665
Dropping frame 1403636987.2016666
Dropping frame 1403636987.4016666
Dropping frame 1403636987.5016665
Dropping frame 1403636987.6016665
Dropping frame 1403636987.8016665
Dropping frame 1403636988.1016665
Dropping frame 1403636988.3016665
Dropping frame 1403636988.5016665
Dropping frame 1403636988.7016666
Dropping frame 1403636988.9016666
Dropping frame 1403636989.1016665
Dropping frame 1403636989.3016665
Dropping frame 1403636989.4016666
Dropping frame 1403636989.5016665
Dropping frame 1403636989.7016666
Dropping frame 1403636989.8016665
Dropping frame 1403636989.9016666
Dropping frame 1403636990.1016665
Dropping frame 1403636990.3016665
Dropping frame 1403636990.5016665
Dropping frame 1403636990.6016665
Dropping frame 1403636990.7016666
Dropping frame 1403636990.9016666
Dropping frame 1403636991.1016665
Dropping frame 1403636991.3016665
Dropping frame 1403636991.5016665
Dropping frame 1403636991.6016665
Dropping frame 1403636991.7016666
Dropping frame 1403636991.9016666
Dropping frame 1403636992.1016665
Dropping frame 1403636992.3016665
Dropping frame 1403636992.5016665
Dropping frame 1403636992.7016666
Dropping frame 1403636992.8016665
Dropping frame 1403636993.0516665
Dropping frame 1403636993.2516665
Dropping frame 1403636993.4516664
Dropping frame 1403636993.5516665
Dropping frame 1403636993.8016665
Dropping frame 1403636994.0016665
Dropping frame 1403636994.1016665
Dropping frame 1403636994.2016666
Dropping frame 1403636994.4016666
Dropping frame 1403636994.6016665
Dropping frame 1403636994.8016665
Dropping frame 1403636994.9016666
Dropping frame 1403636995.0016665
Dropping frame 1403636995.2016666
Dropping frame 1403636995.3016665
Dropping frame 1403636995.5516665
Dropping frame 1403636995.7516665
Dropping frame 1403636995.9516664
Dropping frame 1403636996.1516664
Dropping frame 1403636996.2516665
Dropping frame 1403636996.5016665
Dropping frame 1403636996.7016666
Dropping frame 1403636996.9016666
Dropping frame 1403636997.0016665
Dropping frame 1403636997.1016665
Dropping frame 1403636997.3016665
Dropping frame 1403636997.5016665
Dropping frame 1403636997.6016665
Dropping frame 1403636997.7016666
Dropping frame 1403636997.9016666
Dropping frame 1403636998.1016665
Dropping frame 1403636998.3016665
Dropping frame 1403636998.4016666
Dropping frame 1403636998.5016665
Dropping frame 1403636998.7016666
Dropping frame 1403636998.9016666
Dropping frame 1403636999.1016665
Dropping frame 1403636999.3016665
Dropping frame 1403636999.5016665
Dropping frame 1403636999.7016666
Dropping frame 1403636999.8016665
Dropping frame 1403636999.9016666
Dropping frame 1403637000.1016665
Dropping frame 1403637000.3016665
Dropping frame 1403637000.5016665
Dropping frame 1403637000.7016666
Dropping frame 1403637000.8016665
Dropping frame 1403637001.0516665
Dropping frame 1403637001.1516664
Dropping frame 1403637001.4016666
Dropping frame 1403637001.6016665
Dropping frame 1403637001.7016666
Dropping frame 1403637001.8016665
Dropping frame 1403637002.0016665
Dropping frame 1403637002.2016666
Dropping frame 1403637002.4016666
Dropping frame 1403637002.6016665
Dropping frame 1403637002.8016665
Dropping frame 1403637003.0016665
Dropping frame 1403637003.2016666
Dropping frame 1403637003.4016666
Dropping frame 1403637003.6016665
Dropping frame 1403637003.7016666
Dropping frame 1403637003.9516664
Dropping frame 1403637004.1516664
Dropping frame 1403637004.3516665
Dropping frame 1403637004.5516665
Dropping frame 1403637004.6516664
Dropping frame 1403637004.7516665
Dropping frame 1403637004.9516664
Dropping frame 1403637005.1516664
Dropping frame 1403637005.2516665
Dropping frame 1403637005.6016665
Dropping frame 1403637005.7516665
Dropping frame 1403637006.1016665
Dropping frame 1403637006.3016665
Dropping frame 1403637006.4016666
Dropping frame 1403637006.5016665
Dropping frame 1403637006.7016666
Dropping frame 1403637006.8016665
Dropping frame 1403637006.9016666
Dropping frame 1403637007.1016665
Dropping frame 1403637007.2016666
Dropping frame 1403637007.3016665
Dropping frame 1403637007.5016665
Dropping frame 1403637007.7016666
Dropping frame 1403637007.9016666
Dropping frame 1403637008.1016665
Dropping frame 1403637008.2016666
Dropping frame 1403637008.4516664
Dropping frame 1403637008.6516664
Dropping frame 1403637008.8516665
Dropping frame 1403637008.9516664
Dropping frame 1403637009.0516665
Dropping frame 1403637009.2516665
Dropping frame 1403637009.4516664
Dropping frame 1403637009.5516665
Dropping frame 1403637009.6516664
Dropping frame 1403637009.8516665
Dropping frame 1403637009.9516664
Dropping frame 1403637010.2516665
Dropping frame 1403637010.4516664
Dropping frame 1403637010.6016665
Shutdown
SLAM Finished at System Time: 1742930929.72571

 TIME STATS in ms (mean$\pm$std)
OpenCV version: 4.8.1
---------------------------
Tracking

ORB Extraction: 22.622$\pm$2.1413
Stereo Matching: 7.2413$\pm$2.117
IMU Preintegration: 0.24796$\pm$0.09757
Pose Prediction: 0.22543$\pm$0.63128
LM Track: 19.455$\pm$5.6537
New KF decision: 1.4136$\pm$2.5031
Total Tracking: 30.98$\pm$28.544



Local Mapping

KF Insertion: 17.06$\pm$5.274
MP Culling: 0.5545$\pm$0.22287
MP Creation: 49.213$\pm$14.858
LBA: 149$\pm$53.863
KF Culling: 14.998$\pm$10.466
Total Local Mapping: 230.78$\pm$74.808
---------------------------

LBA complexity (mean$\pm$std)
LBA Edges: 1656.6$\pm$569.38
LBA KF optimized: 6.5$\pm$2.2913
LBA KF fixed: 1$\pm$0
LBA MP: nan$\pm$nan

LBA executions: 483
LBA aborts: 0
---------------------------

Map complexity
KFs in map: 127
MPs in map: 9146
---------------------------

Place Recognition (mean$\pm$std)
Database Query: 1.5319$\pm$0.81195
SE3 estimation: 10.193$\pm$14.286
Total Place Recognition: 10.445$\pm$14.352


Loop Closing (mean$\pm$std)
Loop Fusion: nan$\pm$nan
Essential Graph: nan$\pm$nan
Total Loop Closing: nan$\pm$nan

Num exec: 0
Number of KFs: nan$\pm$nan

Map Merging (mean$\pm$std)
Merge Maps: nan$\pm$nan
Welding BA: nan$\pm$nan
Optimization Ess.: nan$\pm$nan
Total Map Merging: nan$\pm$nan

Num exec: 0
Number of KFs: nan$\pm$nan
Number of MPs: nan$\pm$nan

Full GBA (mean$\pm$std)
GBA: nan$\pm$nan
Map Update: nan$\pm$nan
Total Full GBA: nan$\pm$nan

Num exec: 0
Num abort: 0
Number of KFs: nan$\pm$nan
Number of MPs: nan$\pm$nan

Saving trajectory to f_dataset-MH02_stereo_imu.txt ...
There are 1 maps in the atlas
  Map 0 has 127 KFs

End of saving trajectory to f_dataset-MH02_stereo_imu.txt ...

Saving keyframe trajectory to kf_dataset-MH02_stereo_imu.txt ...
