num_seq = 1
file name: dataset-MH03_stereo_imu
Loading images for sequence 0...LOADED!
Loading IMU for sequence 0...LOADED!

-------

ORB-SLAM3 Copyright (C) 2017-2020 Carlos Campos, Richard Elvira, Juan J. Gómez, José M.M. Montiel and Juan D. Tardós, University of Zaragoza.
ORB-SLAM2 Copyright (C) 2014-2016 Raúl Mur-Artal, José M.M. Montiel and Juan D. Tardós, University of Zaragoza.
This program comes with ABSOLUTELY NO WARRANTY;
This is free software, and you are welcome to redistribute it
under certain conditions. See LICENSE.txt.

Built with REGISTER_TIMES
Git Commit Hash: 2d47524

Build Type: Release

Compiled with C++ version: 201703

Input sensor was set to: Stereo-Inertial
Loading settings from EuRoC_fov_deadlines_mask_25x25.yaml
	-Loaded camera 1
	-Loaded camera 2
	-Loaded image info
	-Loaded IMU calibration
	-Loaded ORB settings
	-Loaded viewer settings
	-Loaded Atlas settings
Deadlines enabled, will skip frames!
FOV enabled
Static mask size: 25x25
Dumping map points enabled
	-Loaded misc parameters
	-Computed rectification maps
----------------------------------
SLAM settings: 
	-Camera 1 parameters (Pinhole): [ 458.65399169921875 457.29598999023438 367.21499633789062 248.375 ]
	-Camera 1 distortion parameters: [  -0.28340810537338257 0.073959067463874817 0.00019359000725671649 1.7618711353861727e-05 ]
	-Camera 2 parameters (Pinhole: [ 457.58700561523438 456.13400268554688 379.99899291992188 255.23800659179688 ]
	-Camera 1 distortion parameters: [  -0.2836836576461792 0.074512839317321777 -0.00010473000293131918 -3.555907096597366e-05 ]
	-Original image size: [ 752 , 480 ]
	-Current image size: [ 752 , 480 ]
	-Camera 1 parameters after rectification: [  456.71499633789062 456.71499633789062 364.52615356445312 257.268798828125 ]
	-Sequence FPS: 20
	-Stereo baseline: 0.11007784307003021
	-Stereo depth threshold : 60
	-Gyro noise: 0.00016999999934341758
	-Accelerometer noise: 0.0020000000949949026
	-Gyro walk: 1.9392999092815444e-05
	-Accelerometer walk: 0.0030000000260770321
	-IMU frequency: 200
	-Features per image: 1200
	-ORB scale factor: 1.2000000476837158
	-ORB number of scales: 8
	-Initial FAST threshold: 20
	-Min FAST threshold: 7


Loading ORB Vocabulary. This could take a while...
Vocabulary loaded!

Initialization of Atlas from scratch 
Creation of new map with id: 0
Creation of new map with last KF id: 0
Seq. Name: 
There are 1 cameras in the atlas
Camera 0 is pinhole
SLAM Started at System Time: 1742806006.41258
not IMU meas
not IMU meas
not enough acceleration
not enough acceleration
First KF:0; Map init KF:0
New Map created with 242 points
Active map: 0
Dropping frame 1403637130.8383191
Dropping frame 1403637131.7883189
Dropping frame 1403637132.4383192
Not enough motion for initializing. Reseting...
TRACK: Reset map because local mapper set the bad imu flag 
LM: Reseting current map in Local Mapping...
LM: End reseting Local Mapping...
LM: Reset free the mutex
LM: Active map reset recieved
LM: Active map reset, waiting...
LM: Reseting current map in Local Mapping...
LM: End reseting Local Mapping...
LM: Reset free the mutex
LM: Active map reset, Done!!!
mnFirstFrameId = 4
mnInitialFrameId = 0
49 Frames set to lost
not IMU meas
First KF:11; Map init KF:0
New Map created with 284 points
Active map: 0
Dropping frame 1403637133.638319
Dropping frame 1403637133.7883189
Dropping frame 1403637133.9383192
Dropping frame 1403637134.2883189
Dropping frame 1403637134.4883189
Dropping frame 1403637134.7883189
Dropping frame 1403637135.0383191
Dropping frame 1403637135.2383192
Dropping frame 1403637135.388319
Dropping frame 1403637135.5883191
Dropping frame 1403637135.688319
Dropping frame 1403637135.888319
Dropping frame 1403637136.0883191
Dropping frame 1403637136.188319
Dropping frame 1403637136.4883189
Dropping frame 1403637136.8383191
Dropping frame 1403637137.0883191
Dropping frame 1403637137.3383191
Dropping frame 1403637137.5383191
Dropping frame 1403637137.688319
Dropping frame 1403637137.888319
Dropping frame 1403637137.9883189
Dropping frame 1403637138.2383192
Dropping frame 1403637138.4383192
Dropping frame 1403637138.5383191
start VIBA 1
end VIBA 1
Dropping frame 1403637139.2883189
Dropping frame 1403637139.388319
Dropping frame 1403637139.5383191
Dropping frame 1403637139.7383192
Dropping frame 1403637139.8383191
Dropping frame 1403637139.9883189
Not enough motion for initializing. Reseting...
Dropping frame 1403637140.188319
LM: Reseting current map in Local Mapping...
LM: End reseting Local Mapping...
LM: Reset free the mutex
Dropping frame 1403637140.2883189
Not enough motion for initializing. Reseting...
TRACK: Reset map because local mapper set the bad imu flag 
LM: Active map reset recieved
LM: Active map reset, waiting...
LM: Reseting current map in Local Mapping...
LM: End reseting Local Mapping...
LM: Reset free the mutex
LM: Active map reset, Done!!!
mnFirstFrameId = 55
mnInitialFrameId = 53
154 Frames set to lost
not IMU meas
First KF:42; Map init KF:11
New Map created with 275 points
Active map: 0
Dropping frame 1403637140.5383191
Dropping frame 1403637140.638319
Dropping frame 1403637140.8383191
Dropping frame 1403637140.9383192
Dropping frame 1403637141.188319
Dropping frame 1403637141.4883189
Dropping frame 1403637141.7883189
Dropping frame 1403637142.0383191
Dropping frame 1403637142.2383192
Dropping frame 1403637142.3383191
Dropping frame 1403637142.4383192
Dropping frame 1403637142.5383191
Dropping frame 1403637142.638319
Dropping frame 1403637142.8383191
Dropping frame 1403637142.9383192
Dropping frame 1403637143.0383191
Dropping frame 1403637143.138319
Dropping frame 1403637143.2383192
Dropping frame 1403637143.388319
Not enough motion for initializing. Reseting...
TRACK: Reset map because local mapper set the bad imu flag 
LM: Reseting current map in Local Mapping...
LM: End reseting Local Mapping...
LM: Reset free the mutex
LM: Active map reset recieved
LM: Active map reset, waiting...
LM: Reseting current map in Local Mapping...
LM: End reseting Local Mapping...
LM: Reset free the mutex
LM: Active map reset, Done!!!
mnFirstFrameId = 162
mnInitialFrameId = 160
197 Frames set to lost
not IMU meas
not enough acceleration
not enough acceleration
not enough acceleration
not enough acceleration
not enough acceleration
not enough acceleration
Dropping frame 1403637143.9383192
not enough acceleration
Dropping frame 1403637144.0383191
not enough acceleration
not enough acceleration
not enough acceleration
not enough acceleration
Dropping frame 1403637144.2883189
not enough acceleration
not enough acceleration
not enough acceleration
not enough acceleration
Dropping frame 1403637144.5383191
not enough acceleration
First KF:53; Map init KF:42
New Map created with 304 points
Active map: 0
Dropping frame 1403637144.7383192
Dropping frame 1403637144.8383191
Dropping frame 1403637145.0883191
Dropping frame 1403637145.3383191
Dropping frame 1403637145.4883189
Dropping frame 1403637146.2383192
Dropping frame 1403637146.5883191
Dropping frame 1403637146.7383192
Dropping frame 1403637147.0383191
Dropping frame 1403637147.188319
Not enough motion for initializing. Reseting...
TRACK: Reset map because local mapper set the bad imu flag 
LM: Active map reset recieved
LM: Active map reset, waiting...
LM: Reseting current map in Local Mapping...
LM: End reseting Local Mapping...
LM: Reset free the mutex
LM: Active map reset, Done!!!
mnFirstFrameId = 223
mnInitialFrameId = 205
243 Frames set to lost
not IMU meas
not enough acceleration
not enough acceleration
Dropping frame 1403637147.638319
not enough acceleration
not enough acceleration
not enough acceleration
not enough acceleration
not enough acceleration
not enough acceleration
not enough acceleration
not enough acceleration
Dropping frame 1403637148.0883191
not enough acceleration
not enough acceleration
not enough acceleration
not enough acceleration
not enough acceleration
not enough acceleration
not enough acceleration
not enough acceleration
not enough acceleration
Dropping frame 1403637148.5883191
First KF:64; Map init KF:53
New Map created with 269 points
Active map: 0
Dropping frame 1403637148.7883189
Dropping frame 1403637148.9383192
Dropping frame 1403637149.2883189
Dropping frame 1403637149.7883189
Dropping frame 1403637150.0383191
Dropping frame 1403637150.2383192
Dropping frame 1403637151.5883191
Dropping frame 1403637152.3383191
Dropping frame 1403637152.8383191
start VIBA 1
end VIBA 1
Dropping frame 1403637154.2383192
Dropping frame 1403637154.688319
Dropping frame 1403637154.888319
Dropping frame 1403637155.0883191
Dropping frame 1403637156.5883191
Dropping frame 1403637157.4883189
Dropping frame 1403637158.688319
Dropping frame 1403637158.9383192
Dropping frame 1403637159.0383191
Dropping frame 1403637159.138319
Dropping frame 1403637159.388319
Dropping frame 1403637159.688319
Dropping frame 1403637159.8383191
Dropping frame 1403637159.9883189
Dropping frame 1403637160.0883191
Dropping frame 1403637160.188319
Dropping frame 1403637160.2883189
Dropping frame 1403637160.5383191
Dropping frame 1403637160.638319
Dropping frame 1403637160.7383192
Dropping frame 1403637160.8383191
Dropping frame 1403637160.9383192
Dropping frame 1403637161.0383191
Dropping frame 1403637161.138319
Dropping frame 1403637161.2383192
Dropping frame 1403637161.3383191
Dropping frame 1403637161.4383192
Dropping frame 1403637161.5383191
Dropping frame 1403637161.638319
Dropping frame 1403637161.7383192
Dropping frame 1403637161.8383191
Dropping frame 1403637162.0383191
Dropping frame 1403637162.138319
Dropping frame 1403637162.2383192
Dropping frame 1403637162.3383191
Dropping frame 1403637162.4383192
Dropping frame 1403637162.5383191
Dropping frame 1403637162.638319
Dropping frame 1403637162.7383192
Dropping frame 1403637162.8383191
Dropping frame 1403637163.0383191
Dropping frame 1403637163.138319
Dropping frame 1403637163.2383192
Dropping frame 1403637163.3383191
Dropping frame 1403637163.4383192
Dropping frame 1403637163.5383191
Dropping frame 1403637163.638319
Dropping frame 1403637163.7383192
Dropping frame 1403637163.8383191
Dropping frame 1403637163.9383192
start VIBA 2
Dropping frame 1403637164.0383191
Dropping frame 1403637164.138319
Dropping frame 1403637164.2383192
end VIBA 2
Dropping frame 1403637164.3383191
Dropping frame 1403637164.4383192
Dropping frame 1403637164.5383191
Dropping frame 1403637164.638319
Dropping frame 1403637164.7383192
Dropping frame 1403637164.8383191
Dropping frame 1403637164.9883189
Dropping frame 1403637165.0883191
Dropping frame 1403637165.188319
Dropping frame 1403637165.3383191
Dropping frame 1403637165.4383192
Dropping frame 1403637165.5383191
Dropping frame 1403637165.7383192
Dropping frame 1403637165.8383191
Dropping frame 1403637165.9383192
Dropping frame 1403637166.0383191
Dropping frame 1403637166.138319
Dropping frame 1403637166.2383192
Dropping frame 1403637166.3383191
Dropping frame 1403637166.4383192
Dropping frame 1403637166.638319
Dropping frame 1403637166.7383192
Dropping frame 1403637166.8383191
Dropping frame 1403637167.0383191
Dropping frame 1403637167.138319
Dropping frame 1403637167.2383192
Dropping frame 1403637167.4383192
Dropping frame 1403637167.5383191
Dropping frame 1403637167.638319
Dropping frame 1403637167.7383192
Dropping frame 1403637167.8383191
Dropping frame 1403637167.9383192
Dropping frame 1403637168.0383191
Dropping frame 1403637168.138319
Dropping frame 1403637168.2383192
Dropping frame 1403637168.388319
Dropping frame 1403637168.4883189
Dropping frame 1403637168.5883191
Dropping frame 1403637168.688319
Dropping frame 1403637168.7883189
Dropping frame 1403637168.888319
Dropping frame 1403637168.9883189
Dropping frame 1403637169.0883191
Dropping frame 1403637169.188319
Dropping frame 1403637169.2883189
Dropping frame 1403637169.4883189
Dropping frame 1403637169.5883191
Dropping frame 1403637169.7883189
Dropping frame 1403637169.888319
Dropping frame 1403637169.9883189
Dropping frame 1403637170.2383192
Dropping frame 1403637170.3383191
Dropping frame 1403637170.4383192
Dropping frame 1403637170.5383191
Dropping frame 1403637170.638319
Dropping frame 1403637170.7383192
Dropping frame 1403637170.8383191
Dropping frame 1403637170.9383192
Dropping frame 1403637171.0383191
Dropping frame 1403637171.138319
Dropping frame 1403637171.2383192
Dropping frame 1403637171.3383191
Dropping frame 1403637171.4383192
Dropping frame 1403637171.5383191
Dropping frame 1403637171.688319
Dropping frame 1403637171.888319
Dropping frame 1403637171.9883189
Dropping frame 1403637172.0883191
Dropping frame 1403637172.188319
Dropping frame 1403637172.2883189
Dropping frame 1403637172.388319
Dropping frame 1403637172.4883189
Dropping frame 1403637172.5883191
Dropping frame 1403637172.7883189
Dropping frame 1403637172.888319
Dropping frame 1403637172.9883189
Dropping frame 1403637173.0883191
Dropping frame 1403637173.188319
Dropping frame 1403637173.2883189
Dropping frame 1403637173.4383192
Dropping frame 1403637173.888319
Dropping frame 1403637173.9883189
Dropping frame 1403637174.0883191
Dropping frame 1403637174.188319
Dropping frame 1403637174.5383191
Dropping frame 1403637174.7383192
Dropping frame 1403637174.888319
Dropping frame 1403637174.9883189
Dropping frame 1403637175.188319
Dropping frame 1403637175.2883189
Dropping frame 1403637175.388319
Dropping frame 1403637175.688319
Dropping frame 1403637175.7883189
Dropping frame 1403637175.9883189
Dropping frame 1403637176.0883191
Dropping frame 1403637176.2883189
Dropping frame 1403637176.4883189
Dropping frame 1403637176.688319
Dropping frame 1403637176.888319
Dropping frame 1403637176.9883189
Dropping frame 1403637177.2883189
Dropping frame 1403637177.4883189
Dropping frame 1403637177.688319
Dropping frame 1403637177.888319
Dropping frame 1403637178.0883191
Dropping frame 1403637178.2883189
Dropping frame 1403637178.4883189
Dropping frame 1403637178.688319
Dropping frame 1403637178.888319
Dropping frame 1403637179.0883191
Dropping frame 1403637179.2883189
Dropping frame 1403637179.4883189
Dropping frame 1403637179.688319
Dropping frame 1403637179.888319
Dropping frame 1403637180.0383191
Dropping frame 1403637180.2383192
Dropping frame 1403637180.4383192
Dropping frame 1403637180.638319
Dropping frame 1403637180.8383191
Dropping frame 1403637181.0383191
Dropping frame 1403637181.2383192
Dropping frame 1403637181.4383192
Dropping frame 1403637181.638319
Dropping frame 1403637181.8383191
Dropping frame 1403637181.9383192
Dropping frame 1403637182.0383191
Dropping frame 1403637182.2383192
Dropping frame 1403637182.4383192
Dropping frame 1403637182.638319
Dropping frame 1403637182.8383191
Dropping frame 1403637183.188319
Dropping frame 1403637183.388319
Dropping frame 1403637183.5883191
Dropping frame 1403637183.7883189
Dropping frame 1403637183.9883189
Dropping frame 1403637184.188319
Dropping frame 1403637184.388319
Dropping frame 1403637184.5883191
Dropping frame 1403637184.7883189
Dropping frame 1403637185.138319
Dropping frame 1403637185.3383191
Dropping frame 1403637185.5383191
Dropping frame 1403637185.7383192
Dropping frame 1403637185.9883189
Dropping frame 1403637186.188319
Dropping frame 1403637186.388319
Dropping frame 1403637186.7883189
Dropping frame 1403637187.0383191
Dropping frame 1403637187.4383192
Dropping frame 1403637187.638319
Dropping frame 1403637187.8383191
Dropping frame 1403637188.0383191
Dropping frame 1403637188.2383192
Dropping frame 1403637188.4383192
Dropping frame 1403637188.638319
Dropping frame 1403637188.9383192
Dropping frame 1403637189.138319
Dropping frame 1403637189.3383191
Dropping frame 1403637189.638319
Dropping frame 1403637189.8383191
Dropping frame 1403637190.0383191
Dropping frame 1403637190.138319
Dropping frame 1403637190.2383192
Dropping frame 1403637190.4383192
Dropping frame 1403637190.638319
Dropping frame 1403637190.8383191
Dropping frame 1403637191.0383191
Dropping frame 1403637191.2383192
Dropping frame 1403637191.4383192
Dropping frame 1403637191.638319
Dropping frame 1403637191.8383191
Dropping frame 1403637192.0383191
Dropping frame 1403637192.2883189
Dropping frame 1403637192.4883189
Dropping frame 1403637192.688319
Dropping frame 1403637192.888319
Dropping frame 1403637193.0883191
Dropping frame 1403637193.2883189
Dropping frame 1403637193.4883189
Dropping frame 1403637193.688319
Dropping frame 1403637193.888319
Dropping frame 1403637194.0883191
Dropping frame 1403637194.188319
Dropping frame 1403637194.2883189
Dropping frame 1403637194.638319
Dropping frame 1403637194.7383192
Dropping frame 1403637194.8383191
Dropping frame 1403637195.0383191
Dropping frame 1403637195.2383192
Dropping frame 1403637195.4383192
Dropping frame 1403637195.5383191
Dropping frame 1403637195.638319
Dropping frame 1403637195.888319
Dropping frame 1403637196.0883191
Dropping frame 1403637196.2883189
Dropping frame 1403637196.4883189
Dropping frame 1403637196.688319
Dropping frame 1403637196.888319
Dropping frame 1403637197.0883191
Dropping frame 1403637197.4383192
Dropping frame 1403637197.638319
Dropping frame 1403637197.8383191
Dropping frame 1403637198.0383191
Dropping frame 1403637198.2383192
Dropping frame 1403637198.4383192
Dropping frame 1403637198.5383191
Dropping frame 1403637198.7383192
Dropping frame 1403637198.8383191
Dropping frame 1403637198.9383192
Dropping frame 1403637199.138319
Dropping frame 1403637199.3383191
Dropping frame 1403637199.5383191
Dropping frame 1403637199.7383192
Dropping frame 1403637199.9383192
Dropping frame 1403637200.138319
Dropping frame 1403637200.3383191
Dropping frame 1403637200.5383191
Dropping frame 1403637200.688319
Dropping frame 1403637200.888319
Dropping frame 1403637201.0883191
Dropping frame 1403637201.2883189
Dropping frame 1403637201.4883189
Dropping frame 1403637201.8383191
Dropping frame 1403637202.0883191
Dropping frame 1403637202.2883189
Dropping frame 1403637202.388319
Dropping frame 1403637202.7383192
Dropping frame 1403637202.9383192
Dropping frame 1403637203.138319
Dropping frame 1403637203.3383191
Dropping frame 1403637203.4383192
Dropping frame 1403637203.5383191
Dropping frame 1403637203.688319
Dropping frame 1403637203.9383192
Dropping frame 1403637204.0383191
Dropping frame 1403637204.138319
Dropping frame 1403637204.3383191
Dropping frame 1403637204.4383192
Dropping frame 1403637204.638319
Dropping frame 1403637204.8383191
Dropping frame 1403637204.9383192
Dropping frame 1403637205.0383191
Dropping frame 1403637205.2383192
Dropping frame 1403637205.4383192
Dropping frame 1403637205.638319
Dropping frame 1403637205.7383192
Dropping frame 1403637205.8383191
Dropping frame 1403637205.9383192
Dropping frame 1403637206.0383191
Dropping frame 1403637206.2383192
Dropping frame 1403637206.4383192
Dropping frame 1403637206.5383191
Dropping frame 1403637206.638319
Dropping frame 1403637206.8383191
Dropping frame 1403637207.0383191
Dropping frame 1403637207.138319
Dropping frame 1403637207.2383192
Dropping frame 1403637207.4383192
Dropping frame 1403637207.5383191
Dropping frame 1403637207.638319
Dropping frame 1403637207.8383191
Dropping frame 1403637207.9383192
Dropping frame 1403637208.0383191
Dropping frame 1403637208.2383192
Dropping frame 1403637208.3383191
Dropping frame 1403637208.4383192
Dropping frame 1403637208.638319
Dropping frame 1403637208.8383191
Dropping frame 1403637208.9383192
Dropping frame 1403637209.0383191
Dropping frame 1403637209.138319
Dropping frame 1403637209.2383192
Dropping frame 1403637209.4383192
Dropping frame 1403637209.5383191
Dropping frame 1403637209.638319
Dropping frame 1403637209.8383191
Dropping frame 1403637209.9383192
Dropping frame 1403637210.0383191
Dropping frame 1403637210.2383192
Dropping frame 1403637210.3383191
Dropping frame 1403637210.4383192
Dropping frame 1403637210.638319
Dropping frame 1403637210.7383192
Dropping frame 1403637210.8383191
Dropping frame 1403637211.0383191
Dropping frame 1403637211.138319
Dropping frame 1403637211.2383192
Dropping frame 1403637211.688319
Dropping frame 1403637211.7883189
Dropping frame 1403637211.888319
Dropping frame 1403637212.0883191
Dropping frame 1403637212.188319
Dropping frame 1403637212.2883189
Dropping frame 1403637212.4883189
Dropping frame 1403637212.5883191
Dropping frame 1403637212.688319
Dropping frame 1403637212.888319
Dropping frame 1403637212.9883189
Dropping frame 1403637213.0883191
Dropping frame 1403637213.2883189
Dropping frame 1403637213.388319
Dropping frame 1403637213.4883189
Dropping frame 1403637213.688319
Dropping frame 1403637213.7883189
Dropping frame 1403637213.888319
Dropping frame 1403637214.0883191
Dropping frame 1403637214.188319
Dropping frame 1403637214.2883189
Dropping frame 1403637214.4883189
Dropping frame 1403637214.5883191
Dropping frame 1403637214.7883189
Dropping frame 1403637214.9383192
Dropping frame 1403637215.138319
Dropping frame 1403637215.2383192
Dropping frame 1403637215.3383191
Dropping frame 1403637215.5883191
Dropping frame 1403637215.688319
Dropping frame 1403637215.888319
Dropping frame 1403637215.9883189
Dropping frame 1403637216.0883191
Dropping frame 1403637216.2883189
Dropping frame 1403637216.388319
Dropping frame 1403637216.4883189
Dropping frame 1403637216.688319
Dropping frame 1403637216.7883189
Dropping frame 1403637216.888319
Dropping frame 1403637217.0883191
Dropping frame 1403637217.188319
Dropping frame 1403637217.2883189
Dropping frame 1403637217.4883189
Dropping frame 1403637217.5883191
Dropping frame 1403637217.688319
Dropping frame 1403637217.888319
Dropping frame 1403637217.9883189
Dropping frame 1403637218.0883191
Dropping frame 1403637218.2883189
Dropping frame 1403637218.4883189
Dropping frame 1403637218.688319
Dropping frame 1403637218.7883189
Dropping frame 1403637218.888319
Dropping frame 1403637219.0883191
Dropping frame 1403637219.188319
Dropping frame 1403637219.2883189
Dropping frame 1403637219.4883189
Dropping frame 1403637219.5883191
Dropping frame 1403637219.688319
Dropping frame 1403637219.888319
Dropping frame 1403637219.9883189
Dropping frame 1403637220.0883191
Dropping frame 1403637220.2883189
Dropping frame 1403637220.388319
Dropping frame 1403637220.4883189
Dropping frame 1403637220.5883191
Dropping frame 1403637220.688319
Dropping frame 1403637220.7883189
Dropping frame 1403637220.9883189
Dropping frame 1403637221.0883191
Dropping frame 1403637221.188319
Dropping frame 1403637221.388319
Dropping frame 1403637221.4883189
Dropping frame 1403637221.5883191
Dropping frame 1403637221.7883189
Dropping frame 1403637221.888319
Dropping frame 1403637221.9883189
Dropping frame 1403637222.188319
Dropping frame 1403637222.2883189
Dropping frame 1403637222.388319
Dropping frame 1403637222.5883191
Dropping frame 1403637222.688319
Dropping frame 1403637222.7883189
Dropping frame 1403637222.9883189
Dropping frame 1403637223.0883191
Dropping frame 1403637223.188319
Dropping frame 1403637223.388319
Dropping frame 1403637223.4883189
Dropping frame 1403637223.5883191
Dropping frame 1403637223.7883189
Dropping frame 1403637223.888319
Dropping frame 1403637223.9883189
Dropping frame 1403637224.188319
Dropping frame 1403637224.2883189
Dropping frame 1403637224.388319
Dropping frame 1403637224.4883189
Dropping frame 1403637224.5883191
Dropping frame 1403637224.688319
Dropping frame 1403637224.888319
Dropping frame 1403637224.9883189
Dropping frame 1403637225.0883191
Dropping frame 1403637225.2883189
Dropping frame 1403637225.388319
Dropping frame 1403637225.4883189
Dropping frame 1403637225.688319
Dropping frame 1403637225.7883189
Dropping frame 1403637225.888319
Dropping frame 1403637226.0883191
Dropping frame 1403637226.188319
Dropping frame 1403637226.2883189
Dropping frame 1403637226.388319
Dropping frame 1403637226.5883191
Dropping frame 1403637226.688319
Dropping frame 1403637226.7883189
Dropping frame 1403637226.9883189
Dropping frame 1403637227.0883191
Dropping frame 1403637227.188319
Dropping frame 1403637227.388319
Dropping frame 1403637227.4883189
Dropping frame 1403637227.5883191
Dropping frame 1403637227.688319
Dropping frame 1403637227.7883189
Dropping frame 1403637227.888319
Dropping frame 1403637227.9883189
Dropping frame 1403637228.188319
Dropping frame 1403637228.2883189
Dropping frame 1403637228.388319
Dropping frame 1403637228.4883189
Dropping frame 1403637228.688319
Dropping frame 1403637228.7883189
Dropping frame 1403637228.888319
Dropping frame 1403637228.9883189
Dropping frame 1403637229.0883191
Dropping frame 1403637229.188319
Dropping frame 1403637229.2883189
Dropping frame 1403637229.4883189
Dropping frame 1403637229.5883191
Dropping frame 1403637229.688319
Dropping frame 1403637229.888319
Dropping frame 1403637229.9883189
Dropping frame 1403637230.0883191
Dropping frame 1403637230.2883189
Dropping frame 1403637230.388319
Dropping frame 1403637230.4883189
Dropping frame 1403637230.688319
Dropping frame 1403637230.7883189
Dropping frame 1403637230.888319
Dropping frame 1403637231.0883191
Dropping frame 1403637231.188319
Dropping frame 1403637231.2883189
Dropping frame 1403637231.4883189
Dropping frame 1403637231.5883191
Dropping frame 1403637231.688319
Dropping frame 1403637231.888319
Dropping frame 1403637231.9883189
Dropping frame 1403637232.0883191
Dropping frame 1403637232.188319
Dropping frame 1403637232.2883189
Dropping frame 1403637232.4883189
Dropping frame 1403637232.5883191
Dropping frame 1403637232.688319
Dropping frame 1403637232.888319
Dropping frame 1403637232.9883189
Dropping frame 1403637233.0883191
Dropping frame 1403637233.2883189
Dropping frame 1403637233.388319
Dropping frame 1403637233.4883189
Dropping frame 1403637233.5883191
Dropping frame 1403637233.688319
Dropping frame 1403637233.888319
Dropping frame 1403637233.9883189
Dropping frame 1403637234.0883191
Dropping frame 1403637234.2883189
Dropping frame 1403637234.388319
Dropping frame 1403637234.4883189
Dropping frame 1403637234.688319
Dropping frame 1403637234.888319
Dropping frame 1403637235.0883191
Dropping frame 1403637235.188319
Dropping frame 1403637235.2883189
Dropping frame 1403637235.4883189
Dropping frame 1403637235.5883191
Dropping frame 1403637235.688319
Dropping frame 1403637235.888319
Dropping frame 1403637235.9883189
Dropping frame 1403637236.0883191
Dropping frame 1403637236.2883189
Dropping frame 1403637236.388319
Dropping frame 1403637236.4883189
Dropping frame 1403637236.688319
Dropping frame 1403637236.7883189
Dropping frame 1403637236.888319
Dropping frame 1403637237.0883191
Dropping frame 1403637237.188319
Dropping frame 1403637237.2883189
Dropping frame 1403637237.4883189
Dropping frame 1403637237.5883191
Dropping frame 1403637237.688319
Dropping frame 1403637237.888319
Dropping frame 1403637237.9883189
Dropping frame 1403637238.2383192
Dropping frame 1403637238.3383191
Dropping frame 1403637238.4383192
Dropping frame 1403637238.638319
Dropping frame 1403637238.7383192
Dropping frame 1403637238.8383191
Dropping frame 1403637238.9383192
Dropping frame 1403637239.138319
Dropping frame 1403637239.2383192
Dropping frame 1403637239.3383191
Dropping frame 1403637239.5383191
Dropping frame 1403637239.638319
Dropping frame 1403637239.7383192
Dropping frame 1403637239.9383192
Dropping frame 1403637240.0383191
Dropping frame 1403637240.138319
Dropping frame 1403637240.3383191
Dropping frame 1403637240.4383192
Dropping frame 1403637240.5383191
Dropping frame 1403637240.7383192
Dropping frame 1403637240.8383191
Dropping frame 1403637240.9383192
Dropping frame 1403637241.138319
Dropping frame 1403637241.2383192
Dropping frame 1403637241.3383191
Dropping frame 1403637241.5383191
Dropping frame 1403637241.638319
Dropping frame 1403637241.7383192
Dropping frame 1403637241.9383192
Dropping frame 1403637242.0383191
Dropping frame 1403637242.138319
Dropping frame 1403637242.3383191
Dropping frame 1403637242.4383192
Dropping frame 1403637242.688319
Dropping frame 1403637242.888319
Dropping frame 1403637243.0883191
Dropping frame 1403637243.188319
Dropping frame 1403637243.2883189
Dropping frame 1403637243.388319
Dropping frame 1403637243.4883189
Dropping frame 1403637243.7383192
Dropping frame 1403637243.9383192
Dropping frame 1403637244.138319
Dropping frame 1403637244.2383192
Dropping frame 1403637244.3383191
Dropping frame 1403637244.5383191
Dropping frame 1403637244.638319
Dropping frame 1403637244.888319
Dropping frame 1403637244.9883189
Dropping frame 1403637245.0883191
Dropping frame 1403637245.2883189
Dropping frame 1403637245.4883189
Dropping frame 1403637245.688319
Dropping frame 1403637245.888319
Dropping frame 1403637246.0883191
Dropping frame 1403637246.188319
Dropping frame 1403637246.2883189
Dropping frame 1403637246.4883189
Dropping frame 1403637246.5883191
Dropping frame 1403637246.9383192
Dropping frame 1403637247.138319
Dropping frame 1403637247.4383192
Dropping frame 1403637247.5383191
Dropping frame 1403637247.638319
Dropping frame 1403637247.888319
Dropping frame 1403637248.138319
Dropping frame 1403637248.2883189
Dropping frame 1403637248.638319
Dropping frame 1403637248.7383192
Dropping frame 1403637248.8383191
Dropping frame 1403637249.0383191
Dropping frame 1403637249.138319
Dropping frame 1403637249.2383192
Dropping frame 1403637249.4383192
Dropping frame 1403637249.5383191
Dropping frame 1403637249.638319
Dropping frame 1403637249.8383191
Dropping frame 1403637249.9383192
Dropping frame 1403637250.0383191
Dropping frame 1403637250.2383192
Dropping frame 1403637250.3383191
Dropping frame 1403637250.4383192
Dropping frame 1403637250.638319
Dropping frame 1403637250.8383191
Dropping frame 1403637250.9383192
Dropping frame 1403637251.3383191
Dropping frame 1403637251.5383191
Dropping frame 1403637251.638319
Dropping frame 1403637251.7383192
Dropping frame 1403637251.9383192
Dropping frame 1403637252.0383191
Dropping frame 1403637252.2883189
Dropping frame 1403637252.388319
Dropping frame 1403637252.638319
Dropping frame 1403637252.7883189
Dropping frame 1403637252.9883189
Dropping frame 1403637253.138319
Dropping frame 1403637253.3383191
Dropping frame 1403637253.4383192
Dropping frame 1403637253.688319
Dropping frame 1403637253.8383191
Dropping frame 1403637254.0383191
Dropping frame 1403637254.138319
Dropping frame 1403637254.388319
Dropping frame 1403637254.4883189
Dropping frame 1403637254.688319
Dropping frame 1403637254.7883189
Dropping frame 1403637254.888319
Dropping frame 1403637255.0883191
Dropping frame 1403637255.188319
Dropping frame 1403637255.2883189
Dropping frame 1403637255.4883189
Dropping frame 1403637255.5883191
Dropping frame 1403637255.688319
Dropping frame 1403637255.888319
Dropping frame 1403637256.188319
Dropping frame 1403637256.2883189
Dropping frame 1403637256.388319
Dropping frame 1403637256.7383192
Dropping frame 1403637256.8383191
Dropping frame 1403637256.9383192
Dropping frame 1403637257.0383191
Dropping frame 1403637257.2383192
Dropping frame 1403637257.3383191
Dropping frame 1403637257.4383192
Dropping frame 1403637257.638319
Dropping frame 1403637257.8383191
Dropping frame 1403637257.9383192
Dropping frame 1403637258.0383191
Dropping frame 1403637258.138319
Dropping frame 1403637258.2383192
Dropping frame 1403637258.3383191
Dropping frame 1403637258.5383191
Dropping frame 1403637258.638319
Dropping frame 1403637258.7383192
Dropping frame 1403637258.9383192
Dropping frame 1403637259.0383191
Dropping frame 1403637259.138319
Dropping frame 1403637259.3383191
Dropping frame 1403637259.4383192
Dropping frame 1403637259.5383191
Dropping frame 1403637259.7383192
Dropping frame 1403637259.9383192
Dropping frame 1403637260.138319
Dropping frame 1403637260.2383192
Dropping frame 1403637260.4383192
Dropping frame 1403637260.5383191
Dropping frame 1403637260.638319
Dropping frame 1403637260.7383192
Dropping frame 1403637260.9383192
Dropping frame 1403637261.138319
Dropping frame 1403637261.3383191
Dropping frame 1403637261.4383192
Dropping frame 1403637261.5383191
Dropping frame 1403637261.7383192
Dropping frame 1403637261.9383192
Dropping frame 1403637262.0383191
Dropping frame 1403637262.138319
Dropping frame 1403637262.3383191
Dropping frame 1403637262.4383192
Dropping frame 1403637262.5383191
Dropping frame 1403637262.7383192
Dropping frame 1403637262.9383192
Dropping frame 1403637263.138319
Dropping frame 1403637263.2383192
Dropping frame 1403637263.3383191
Dropping frame 1403637263.5383191
Dropping frame 1403637263.638319
Dropping frame 1403637263.7383192
Dropping frame 1403637263.9383192
Dropping frame 1403637264.0383191
Dropping frame 1403637264.138319
Dropping frame 1403637264.3383191
Dropping frame 1403637264.5383191
Dropping frame 1403637264.7383192
Dropping frame 1403637264.9383192
Dropping frame 1403637265.138319
Dropping frame 1403637265.2383192
Dropping frame 1403637265.3383191
Shutdown
SLAM Finished at System Time: 1742806176.22907

 TIME STATS in ms (mean$\pm$std)
OpenCV version: 4.8.1
---------------------------
Tracking

ORB Extraction: 22.126$\pm$2.9339
Stereo Matching: 7.9883$\pm$1.9607
IMU Preintegration: 0.24432$\pm$0.097139
Pose Prediction: 0.74887$\pm$1.8464
LM Track: 19.213$\pm$6.5954
New KF decision: 1.6024$\pm$2.7209
Total Tracking: 30.682$\pm$28.796



Local Mapping

KF Insertion: 15.098$\pm$5.5824
MP Culling: 0.56299$\pm$0.25939
MP Creation: 44.852$\pm$19.155
LBA: 151.34$\pm$67.835
KF Culling: 14.716$\pm$10.487
Total Local Mapping: 224.5$\pm$95.004
---------------------------

LBA complexity (mean$\pm$std)
LBA Edges: 1627.2$\pm$565.75
LBA KF optimized: 6.5$\pm$2.2913
LBA KF fixed: 1$\pm$0
LBA MP: nan$\pm$nan

LBA executions: 469
LBA aborts: 0
---------------------------

Map complexity
KFs in map: 144
MPs in map: 10564
---------------------------

Place Recognition (mean$\pm$std)
Database Query: 2.2027$\pm$1.1531
SE3 estimation: 26.947$\pm$16.924
Total Place Recognition: 22.147$\pm$19.859


Loop Closing (mean$\pm$std)
Loop Fusion: nan$\pm$nan
Essential Graph: nan$\pm$nan
Total Loop Closing: nan$\pm$nan

Num exec: 0
Number of KFs: nan$\pm$nan

Map Merging (mean$\pm$std)
Merge Maps: nan$\pm$nan
Welding BA: nan$\pm$nan
Optimization Ess.: nan$\pm$nan
Total Map Merging: nan$\pm$nan

Num exec: 0
Number of KFs: nan$\pm$nan
Number of MPs: nan$\pm$nan

Full GBA (mean$\pm$std)
GBA: nan$\pm$nan
Map Update: nan$\pm$nan
Total Full GBA: nan$\pm$nan

Num exec: 0
Num abort: 0
Number of KFs: nan$\pm$nan
Number of MPs: nan$\pm$nan

Saving trajectory to f_dataset-MH03_stereo_imu.txt ...
There are 1 maps in the atlas
  Map 0 has 144 KFs

End of saving trajectory to f_dataset-MH03_stereo_imu.txt ...

Saving keyframe trajectory to kf_dataset-MH03_stereo_imu.txt ...
