num_seq = 1
file name: dataset-V103_stereo_imu
Loading images for sequence 0...LOADED!
Loading IMU for sequence 0...LOADED!

-------

ORB-SLAM3 Copyright (C) 2017-2020 Carlos Campos, Richard Elvira, Juan J. Gómez, José M.M. Montiel and Juan D. Tardós, University of Zaragoza.
ORB-SLAM2 Copyright (C) 2014-2016 Raúl Mur-Artal, José M.M. Montiel and Juan D. Tardós, University of Zaragoza.
This program comes with ABSOLUTELY NO WARRANTY;
This is free software, and you are welcome to redistribute it
under certain conditions. See LICENSE.txt.

Built with REGISTER_TIMES
Git Commit Hash: c2409e6

Build Type: Release

Compiled with C++ version: 201703

Input sensor was set to: Stereo-Inertial
Loading settings from ./Examples/Stereo-Inertial/EuRoC_omega_deadlines.yaml
	-Loaded camera 1
	-Loaded camera 2
	-Loaded image info
	-Loaded IMU calibration
	-Loaded ORB settings
	-Loaded viewer settings
	-Loaded Atlas settings
Deadlines enabled, will skip frames!
omegaSLAM enabled!
	-Loaded misc parameters
	-Computed rectification maps
----------------------------------
SLAM settings: 
	-Camera 1 parameters (Pinhole): [ 458.65399169921875 457.29598999023438 367.21499633789062 248.375 ]
	-Camera 1 distortion parameters: [  -0.28340810537338257 0.073959067463874817 0.00019359000725671649 1.7618711353861727e-05 ]
	-Camera 2 parameters (Pinhole: [ 457.58700561523438 456.13400268554688 379.99899291992188 255.23800659179688 ]
	-Camera 1 distortion parameters: [  -0.2836836576461792 0.074512839317321777 -0.00010473000293131918 -3.555907096597366e-05 ]
	-Original image size: [ 752 , 480 ]
	-Current image size: [ 752 , 480 ]
	-Camera 1 parameters after rectification: [  456.71499633789062 456.71499633789062 364.52615356445312 257.268798828125 ]
	-Sequence FPS: 20
	-Stereo baseline: 0.11007784307003021
	-Stereo depth threshold : 60
	-Gyro noise: 0.00016999999934341758
	-Accelerometer noise: 0.0020000000949949026
	-Gyro walk: 1.9392999092815444e-05
	-Accelerometer walk: 0.0030000000260770321
	-IMU frequency: 200
	-Features per image: 1200
	-ORB scale factor: 1.2000000476837158
	-ORB number of scales: 8
	-Initial FAST threshold: 20
	-Min FAST threshold: 7


Loading ORB Vocabulary. This could take a while...
Vocabulary loaded!

Initialization of Atlas from scratch 
Creation of new map with id: 0
Creation of new map with last KF id: 0
Seq. Name: 
There are 1 cameras in the atlas
Camera 0 is pinhole
SLAM Started at System Time: 1748957725.68534
not IMU meas
not IMU meas
not enough acceleration
not enough acceleration
not enough acceleration
not enough acceleration
not enough acceleration
not enough acceleration
not enough acceleration
not enough acceleration
not enough acceleration
not enough acceleration
not enough acceleration
not enough acceleration
not enough acceleration
not enough acceleration
not enough acceleration
not enough acceleration
not enough acceleration
not enough acceleration
not enough acceleration
not enough acceleration
not enough acceleration
not enough acceleration
not enough acceleration
not enough acceleration
not enough acceleration
not enough acceleration
not enough acceleration
not enough acceleration
not enough acceleration
not enough acceleration
not enough acceleration
not enough acceleration
not enough acceleration
not enough acceleration
not enough acceleration
not enough acceleration
not enough acceleration
not enough acceleration
not enough acceleration
not enough acceleration
not enough acceleration
not enough acceleration
not enough acceleration
not enough acceleration
not enough acceleration
not enough acceleration
not enough acceleration
not enough acceleration
not enough acceleration
not enough acceleration
not enough acceleration
not enough acceleration
not enough acceleration
not enough acceleration
not enough acceleration
not enough acceleration
not enough acceleration
not enough acceleration
not enough acceleration
not enough acceleration
not enough acceleration
not enough acceleration
not enough acceleration
not enough acceleration
not enough acceleration
not enough acceleration
not enough acceleration
not enough acceleration
not enough acceleration
not enough acceleration
not enough acceleration
not enough acceleration
not enough acceleration
not enough acceleration
not enough acceleration
not enough acceleration
not enough acceleration
not enough acceleration
not enough acceleration
not enough acceleration
not enough acceleration
not enough acceleration
not enough acceleration
not enough acceleration
not enough acceleration
not enough acceleration
not enough acceleration
not enough acceleration
not enough acceleration
not enough acceleration
not enough acceleration
not enough acceleration
not enough acceleration
not enough acceleration
not enough acceleration
not enough acceleration
not enough acceleration
not enough acceleration
not enough acceleration
not enough acceleration
not enough acceleration
not enough acceleration
not enough acceleration
not enough acceleration
not enough acceleration
not enough acceleration
not enough acceleration
not enough acceleration
not enough acceleration
not enough acceleration
not enough acceleration
not enough acceleration
not enough acceleration
not enough acceleration
not enough acceleration
not enough acceleration
not enough acceleration
not enough acceleration
not enough acceleration
not enough acceleration
not enough acceleration
not enough acceleration
not enough acceleration
not enough acceleration
not enough acceleration
not enough acceleration
not enough acceleration
not enough acceleration
not enough acceleration
not enough acceleration
not enough acceleration
not enough acceleration
not enough acceleration
not enough acceleration
First KF:0; Map init KF:0
New Map created with 202 points
Active map: 0
Dropping frame 1403715893.4840581
Omega SLAM Dropping frame 1403715893.5340581
Omega SLAM Dropping frame 1403715893.584058
Omega SLAM Dropping frame 1403715893.634058
Omega SLAM Dropping frame 1403715893.7840581
Omega SLAM Dropping frame 1403715893.834058
Omega SLAM Dropping frame 1403715893.884058
Dropping frame 1403715894.1840582
Dropping frame 1403715894.434058
Dropping frame 1403715894.5340581
Omega SLAM Dropping frame 1403715894.584058
Omega SLAM Dropping frame 1403715894.634058
Omega SLAM Dropping frame 1403715894.6840582
Dropping frame 1403715894.7840581
Dropping frame 1403715894.884058
Omega SLAM Dropping frame 1403715895.0340581
Omega SLAM Dropping frame 1403715895.084058
Omega SLAM Dropping frame 1403715895.134058
Dropping frame 1403715895.2840581
Omega SLAM Dropping frame 1403715895.334058
Omega SLAM Dropping frame 1403715895.384058
Omega SLAM Dropping frame 1403715895.434058
Dropping frame 1403715895.5340581
Omega SLAM Dropping frame 1403715895.634058
Omega SLAM Dropping frame 1403715895.6840582
Omega SLAM Dropping frame 1403715895.7340579
Dropping frame 1403715895.834058
Omega SLAM Dropping frame 1403715895.934058
Omega SLAM Dropping frame 1403715895.9840581
Omega SLAM Dropping frame 1403715896.0340581
Dropping frame 1403715896.1840582
Dropping frame 1403715896.5340581
Omega SLAM Dropping frame 1403715896.6840582
Omega SLAM Dropping frame 1403715896.7340579
Omega SLAM Dropping frame 1403715896.7840581
Dropping frame 1403715896.884058
Dropping frame 1403715897.084058
Dropping frame 1403715897.1840582
Dropping frame 1403715897.434058
Dropping frame 1403715897.5340581
Omega SLAM Dropping frame 1403715897.6840582
Omega SLAM Dropping frame 1403715897.7340579
Omega SLAM Dropping frame 1403715897.7840581
Dropping frame 1403715898.0340581
Omega SLAM Dropping frame 1403715898.084058
Omega SLAM Dropping frame 1403715898.134058
Omega SLAM Dropping frame 1403715898.1840582
Dropping frame 1403715898.384058
start VIBA 1
Dropping frame 1403715898.634058
end VIBA 1
Dropping frame 1403715898.834058
Dropping frame 1403715899.084058
Omega SLAM Dropping frame 1403715899.134058
Omega SLAM Dropping frame 1403715899.1840582
Omega SLAM Dropping frame 1403715899.2340579
Dropping frame 1403715899.334058
Omega SLAM Dropping frame 1403715899.5340581
Omega SLAM Dropping frame 1403715899.584058
Omega SLAM Dropping frame 1403715899.634058
Dropping frame 1403715899.7340579
Dropping frame 1403715899.834058
Omega SLAM Dropping frame 1403715900.134058
Omega SLAM Dropping frame 1403715900.1840582
Omega SLAM Dropping frame 1403715900.2340579
Dropping frame 1403715900.384058
Omega SLAM Dropping frame 1403715900.434058
Omega SLAM Dropping frame 1403715900.4840581
Omega SLAM Dropping frame 1403715900.5340581
Dropping frame 1403715900.7840581
Dropping frame 1403715900.9840581
Dropping frame 1403715901.084058
Dropping frame 1403715901.1840582
Omega SLAM Dropping frame 1403715901.334058
Omega SLAM Dropping frame 1403715901.384058
Omega SLAM Dropping frame 1403715901.434058
Dropping frame 1403715901.5340581
Dropping frame 1403715901.7340579
Omega SLAM Dropping frame 1403715901.7840581
Omega SLAM Dropping frame 1403715901.834058
Omega SLAM Dropping frame 1403715901.884058
Dropping frame 1403715902.0340581
Omega SLAM Dropping frame 1403715902.084058
Omega SLAM Dropping frame 1403715902.134058
Omega SLAM Dropping frame 1403715902.1840582
Dropping frame 1403715902.2840581
Dropping frame 1403715902.4840581
Omega SLAM Dropping frame 1403715902.5340581
Omega SLAM Dropping frame 1403715902.584058
Omega SLAM Dropping frame 1403715902.634058
Dropping frame 1403715902.834058
Dropping frame 1403715902.934058
Dropping frame 1403715903.1840582
Dropping frame 1403715903.2840581
Dropping frame 1403715903.384058
Dropping frame 1403715903.4840581
Dropping frame 1403715903.834058
Dropping frame 1403715903.934058
Dropping frame 1403715904.0340581
Dropping frame 1403715904.7840581
Dropping frame 1403715904.9840581
Dropping frame 1403715905.334058
Dropping frame 1403715905.5340581
Dropping frame 1403715905.634058
Dropping frame 1403715905.7340579
Dropping frame 1403715905.9840581
Dropping frame 1403715906.1840582
Dropping frame 1403715906.384058
Dropping frame 1403715906.5340581
Dropping frame 1403715906.634058
Dropping frame 1403715906.934058
Dropping frame 1403715907.0340581
Dropping frame 1403715907.384058
Dropping frame 1403715907.4840581
Dropping frame 1403715907.834058
Dropping frame 1403715908.084058
Dropping frame 1403715908.2840581
start VIBA 2
end VIBA 2
Dropping frame 1403715908.9840581
Omega SLAM Dropping frame 1403715909.0340581
Omega SLAM Dropping frame 1403715909.084058
Omega SLAM Dropping frame 1403715909.134058
Dropping frame 1403715909.4840581
Dropping frame 1403715909.884058
Dropping frame 1403715910.9840581
Dropping frame 1403715911.2340579
Dropping frame 1403715911.434058
Dropping frame 1403715911.634058
Dropping frame 1403715911.834058
Dropping frame 1403715911.934058
Dropping frame 1403715912.0340581
Dropping frame 1403715912.134058
Dropping frame 1403715912.2340579
Dropping frame 1403715912.4840581
Dropping frame 1403715912.6840582
Dropping frame 1403715912.884058
Dropping frame 1403715912.9840581
Dropping frame 1403715913.084058
Dropping frame 1403715913.1840582
Dropping frame 1403715913.2840581
Dropping frame 1403715913.384058
Dropping frame 1403715913.4840581
Omega SLAM Dropping frame 1403715913.7840581
Omega SLAM Dropping frame 1403715913.834058
Omega SLAM Dropping frame 1403715913.884058
Omega SLAM Dropping frame 1403715914.134058
Omega SLAM Dropping frame 1403715914.1840582
Omega SLAM Dropping frame 1403715914.2340579
*Loop detected
phi =  0.026670987191580148 -0.012430742581657337 -0.049400202635991985
BAD LOOP!!!
Dropping frame 1403715914.634058
*Loop detected
phi =   0.01442648002818411 -0.013962994794371188 -0.056988281438656779
BAD LOOP!!!
Dropping frame 1403715915.0340581
Omega SLAM Dropping frame 1403715915.1840582
Omega SLAM Dropping frame 1403715915.2340579
Omega SLAM Dropping frame 1403715915.2840581
Dropping frame 1403715915.4840581
Omega SLAM Dropping frame 1403715915.7840581
Omega SLAM Dropping frame 1403715915.834058
Omega SLAM Dropping frame 1403715915.884058
Dropping frame 1403715915.9840581
Omega SLAM Dropping frame 1403715916.084058
Omega SLAM Dropping frame 1403715916.134058
Omega SLAM Dropping frame 1403715916.1840582
Dropping frame 1403715916.584058
Dropping frame 1403715916.7840581
Dropping frame 1403715916.884058
Dropping frame 1403715917.134058
Dropping frame 1403715917.384058
Dropping frame 1403715917.584058
Dropping frame 1403715917.7340579
Dropping frame 1403715917.834058
Dropping frame 1403715918.084058
Dropping frame 1403715918.2840581
Dropping frame 1403715918.434058
Dropping frame 1403715918.934058
Dropping frame 1403715919.0340581
Dropping frame 1403715919.4840581
Dropping frame 1403715919.584058
Dropping frame 1403715919.6840582
Omega SLAM Dropping frame 1403715919.7840581
Omega SLAM Dropping frame 1403715919.834058
Omega SLAM Dropping frame 1403715919.884058
Dropping frame 1403715920.0340581
Omega SLAM Dropping frame 1403715920.2340579
Omega SLAM Dropping frame 1403715920.2840581
Omega SLAM Dropping frame 1403715920.334058
Dropping frame 1403715920.5340581
Dropping frame 1403715921.434058
Dropping frame 1403715921.5340581
Dropping frame 1403715921.634058
Omega SLAM Dropping frame 1403715921.6840582
Omega SLAM Dropping frame 1403715921.7340579
Omega SLAM Dropping frame 1403715921.7840581
Dropping frame 1403715921.934058
Omega SLAM Dropping frame 1403715921.9840581
Omega SLAM Dropping frame 1403715922.0340581
Omega SLAM Dropping frame 1403715922.084058
Omega SLAM Dropping frame 1403715922.2340579
Omega SLAM Dropping frame 1403715922.2840581
Omega SLAM Dropping frame 1403715922.334058
Omega SLAM Dropping frame 1403715922.4840581
Omega SLAM Dropping frame 1403715922.5340581
Omega SLAM Dropping frame 1403715922.584058
Dropping frame 1403715922.6840582
Omega SLAM Dropping frame 1403715922.7840581
Omega SLAM Dropping frame 1403715922.834058
Omega SLAM Dropping frame 1403715922.884058
Omega SLAM Dropping frame 1403715923.0340581
Omega SLAM Dropping frame 1403715923.084058
Omega SLAM Dropping frame 1403715923.134058
Omega SLAM Dropping frame 1403715923.2840581
Omega SLAM Dropping frame 1403715923.334058
Omega SLAM Dropping frame 1403715923.384058
Omega SLAM Dropping frame 1403715923.7340579
Omega SLAM Dropping frame 1403715923.7840581
Omega SLAM Dropping frame 1403715923.834058
Dropping frame 1403715924.134058
Omega SLAM Dropping frame 1403715924.334058
Omega SLAM Dropping frame 1403715924.384058
Omega SLAM Dropping frame 1403715924.434058
Omega SLAM Dropping frame 1403715924.634058
Omega SLAM Dropping frame 1403715924.6840582
Omega SLAM Dropping frame 1403715924.7340579
Dropping frame 1403715924.884058
Dropping frame 1403715927.2840581
Dropping frame 1403715927.584058
Dropping frame 1403715928.134058
Dropping frame 1403715928.334058
Dropping frame 1403715928.5340581
Dropping frame 1403715928.7340579
Dropping frame 1403715928.934058
Dropping frame 1403715929.0340581
Dropping frame 1403715929.434058
Dropping frame 1403715929.5340581
Dropping frame 1403715929.6840582
Dropping frame 1403715929.934058
Dropping frame 1403715930.0340581
Dropping frame 1403715930.2840581
Dropping frame 1403715930.5340581
Dropping frame 1403715930.634058
Dropping frame 1403715930.7340579
Dropping frame 1403715930.934058
Dropping frame 1403715931.2340579
Omega SLAM Dropping frame 1403715931.2840581
Omega SLAM Dropping frame 1403715931.334058
Omega SLAM Dropping frame 1403715931.384058
Omega SLAM Dropping frame 1403715931.5340581
Omega SLAM Dropping frame 1403715931.584058
Omega SLAM Dropping frame 1403715931.634058
Dropping frame 1403715931.7840581
Omega SLAM Dropping frame 1403715931.834058
Omega SLAM Dropping frame 1403715931.884058
Omega SLAM Dropping frame 1403715931.934058
Dropping frame 1403715932.0340581
Dropping frame 1403715932.134058
Dropping frame 1403715932.334058
Dropping frame 1403715932.4840581
Dropping frame 1403715932.834058
Omega SLAM Dropping frame 1403715932.884058
Omega SLAM Dropping frame 1403715932.934058
Omega SLAM Dropping frame 1403715932.9840581
Dropping frame 1403715933.1840582
Dropping frame 1403715933.434058
Omega SLAM Dropping frame 1403715935.9840581
Omega SLAM Dropping frame 1403715936.0340581
Omega SLAM Dropping frame 1403715936.084058
Dropping frame 1403715936.7840581
Omega SLAM Dropping frame 1403715936.834058
Omega SLAM Dropping frame 1403715936.884058
Omega SLAM Dropping frame 1403715936.934058
Dropping frame 1403715937.334058
Dropping frame 1403715937.4840581
Dropping frame 1403715937.7340579
Dropping frame 1403715938.134058
Dropping frame 1403715938.334058
Dropping frame 1403715938.584058
Dropping frame 1403715938.6840582
Dropping frame 1403715939.1840582
Omega SLAM Dropping frame 1403715939.2340579
Omega SLAM Dropping frame 1403715939.2840581
Omega SLAM Dropping frame 1403715939.334058
Dropping frame 1403715939.434058
*Loop detected
phi =  0.012370455414463227  0.022069087645215119 0.0044000966942617107
BAD LOOP!!!
*Loop detected
phi = 0.012691354740177104 0.012501815468092292 0.010222988654411394
BAD LOOP!!!
Dropping frame 1403715939.934058
*Loop detected
phi =   0.024899257482351368  -0.002339332490119144 -0.0076379589077646649
BAD LOOP!!!
*Loop detected
phi =   0.0089663995175714821   0.0046638682085849226 -0.00045543050215817582
BAD LOOP!!!
*Loop detected
phi =  0.0075246330781181068  0.0027748142276353394 -0.0092758183743008801
Local Mapping STOP
Local Mapping RELEASE
Dropping frame 1403715941.5340581
Local Mapping STOP
Local Mapping RELEASE
Dropping frame 1403715942.434058
Dropping frame 1403715942.6840582
Dropping frame 1403715942.7840581
Omega SLAM Dropping frame 1403715942.934058
Omega SLAM Dropping frame 1403715942.9840581
Omega SLAM Dropping frame 1403715943.0340581
Dropping frame 1403715943.1840582
Dropping frame 1403715943.2840581
Dropping frame 1403715943.384058
Dropping frame 1403715943.7840581
Dropping frame 1403715943.884058
Dropping frame 1403715943.9840581
Dropping frame 1403715944.2840581
Dropping frame 1403715944.384058
Dropping frame 1403715944.6840582
Dropping frame 1403715944.7840581
Dropping frame 1403715945.084058
Dropping frame 1403715945.1840582
Dropping frame 1403715945.384058
Dropping frame 1403715945.5340581
Dropping frame 1403715947.7840581
Dropping frame 1403715948.0340581
Omega SLAM Dropping frame 1403715948.2840581
Omega SLAM Dropping frame 1403715948.334058
Omega SLAM Dropping frame 1403715948.384058
Dropping frame 1403715948.5340581
Dropping frame 1403715948.634058
Dropping frame 1403715948.884058
Dropping frame 1403715949.334058
Dropping frame 1403715949.934058
Dropping frame 1403715950.134058
Dropping frame 1403715950.2840581
Dropping frame 1403715950.4840581
Dropping frame 1403715950.6840582
Dropping frame 1403715950.7840581
Omega SLAM Dropping frame 1403715950.934058
Omega SLAM Dropping frame 1403715950.9840581
Omega SLAM Dropping frame 1403715951.0340581
Dropping frame 1403715951.1840582
Dropping frame 1403715951.434058
Dropping frame 1403715951.634058
Dropping frame 1403715951.7340579
Dropping frame 1403715951.934058
Dropping frame 1403715952.084058
Dropping frame 1403715952.334058
Dropping frame 1403715952.5340581
Dropping frame 1403715952.6840582
Dropping frame 1403715952.7840581
Dropping frame 1403715953.0340581
Dropping frame 1403715953.134058
Dropping frame 1403715953.384058
Dropping frame 1403715953.584058
Dropping frame 1403715953.7840581
Dropping frame 1403715953.884058
Dropping frame 1403715953.9840581
Dropping frame 1403715954.1840582
Dropping frame 1403715954.384058
Dropping frame 1403715954.4840581
Omega SLAM Dropping frame 1403715954.7840581
Omega SLAM Dropping frame 1403715954.834058
Omega SLAM Dropping frame 1403715954.884058
Dropping frame 1403715954.9840581
Dropping frame 1403715955.084058
Dropping frame 1403715955.334058
Dropping frame 1403715955.434058
Dropping frame 1403715955.7840581
Dropping frame 1403715955.9840581
Dropping frame 1403715956.2340579
Dropping frame 1403715956.6840582
Dropping frame 1403715957.2840581
Dropping frame 1403715957.384058
Dropping frame 1403715957.634058
Dropping frame 1403715957.9840581
Dropping frame 1403715958.084058
Dropping frame 1403715958.1840582
Dropping frame 1403715958.334058
Dropping frame 1403715958.4840581
Dropping frame 1403715958.584058
Dropping frame 1403715958.6840582
Dropping frame 1403715959.6840582
Dropping frame 1403715960.134058
Dropping frame 1403715960.384058
Dropping frame 1403715960.5340581
Omega SLAM Dropping frame 1403715960.584058
Omega SLAM Dropping frame 1403715960.634058
Omega SLAM Dropping frame 1403715960.6840582
Dropping frame 1403715960.934058
Dropping frame 1403715961.0340581
Dropping frame 1403715962.0340581
Dropping frame 1403715962.384058
Dropping frame 1403715962.4840581
Dropping frame 1403715962.584058
Dropping frame 1403715962.6840582
Dropping frame 1403715962.7840581
Dropping frame 1403715962.884058
Dropping frame 1403715962.9840581
Dropping frame 1403715963.1840582
Dropping frame 1403715963.2840581
Dropping frame 1403715963.4840581
Dropping frame 1403715963.584058
Dropping frame 1403715963.7340579
Dropping frame 1403715963.934058
Dropping frame 1403715964.0340581
Dropping frame 1403715964.1840582
Dropping frame 1403715964.334058
Dropping frame 1403715964.434058
Omega SLAM Dropping frame 1403715964.584058
Omega SLAM Dropping frame 1403715964.634058
Omega SLAM Dropping frame 1403715964.6840582
Dropping frame 1403715964.7840581
Dropping frame 1403715964.884058
Dropping frame 1403715964.9840581
Dropping frame 1403715965.1840582
Dropping frame 1403715965.2840581
Dropping frame 1403715965.384058
Dropping frame 1403715965.4840581
Dropping frame 1403715965.6840582
Omega SLAM Dropping frame 1403715965.7340579
Omega SLAM Dropping frame 1403715965.7840581
Omega SLAM Dropping frame 1403715965.834058
Dropping frame 1403715966.0340581
Dropping frame 1403715966.2340579
Dropping frame 1403715966.384058
Dropping frame 1403715966.4840581
Dropping frame 1403715966.634058
Omega SLAM Dropping frame 1403715966.934058
Omega SLAM Dropping frame 1403715966.9840581
Omega SLAM Dropping frame 1403715967.0340581
Dropping frame 1403715967.134058
Dropping frame 1403715967.334058
Dropping frame 1403715967.434058
Dropping frame 1403715968.0340581
Dropping frame 1403715968.1840582
Dropping frame 1403715968.334058
Dropping frame 1403715968.434058
Dropping frame 1403715968.5340581
Dropping frame 1403715968.7840581
Dropping frame 1403715968.884058
Dropping frame 1403715968.9840581
Dropping frame 1403715969.1840582
Dropping frame 1403715969.2840581
Dropping frame 1403715969.384058
Dropping frame 1403715969.5340581
Dropping frame 1403715969.634058
Dropping frame 1403715969.7340579
Dropping frame 1403715970.0340581
Dropping frame 1403715970.4840581
Dropping frame 1403715970.7840581
Dropping frame 1403715971.2340579
Dropping frame 1403715971.4840581
Dropping frame 1403715971.584058
Dropping frame 1403715971.6840582
Dropping frame 1403715971.7840581
Dropping frame 1403715971.9840581
Dropping frame 1403715972.1840582
Dropping frame 1403715972.2840581
Omega SLAM Dropping frame 1403715972.4840581
Omega SLAM Dropping frame 1403715972.5340581
Omega SLAM Dropping frame 1403715972.584058
Dropping frame 1403715972.6840582
Dropping frame 1403715972.7840581
Dropping frame 1403715972.9840581
Omega SLAM Dropping frame 1403715973.0340581
Omega SLAM Dropping frame 1403715973.084058
Omega SLAM Dropping frame 1403715973.134058
Omega SLAM Dropping frame 1403715973.2840581
Omega SLAM Dropping frame 1403715973.334058
Omega SLAM Dropping frame 1403715973.384058
Dropping frame 1403715973.4840581
Dropping frame 1403715973.6840582
Dropping frame 1403715973.7840581
Omega SLAM Dropping frame 1403715973.934058
Omega SLAM Dropping frame 1403715973.9840581
Omega SLAM Dropping frame 1403715974.0340581
Dropping frame 1403715974.134058
Omega SLAM Dropping frame 1403715974.334058
Omega SLAM Dropping frame 1403715974.384058
Omega SLAM Dropping frame 1403715974.434058
Dropping frame 1403715974.584058
Omega SLAM Dropping frame 1403715974.634058
Omega SLAM Dropping frame 1403715974.6840582
Omega SLAM Dropping frame 1403715974.7340579
Omega SLAM Dropping frame 1403715974.884058
Omega SLAM Dropping frame 1403715974.934058
Omega SLAM Dropping frame 1403715974.9840581
Dropping frame 1403715975.084058
Omega SLAM Dropping frame 1403715975.2340579
Omega SLAM Dropping frame 1403715975.2840581
Omega SLAM Dropping frame 1403715975.334058
Dropping frame 1403715975.434058
Dropping frame 1403715975.5340581
Omega SLAM Dropping frame 1403715975.634058
Omega SLAM Dropping frame 1403715975.6840582
Omega SLAM Dropping frame 1403715975.7340579
Dropping frame 1403715975.834058
Omega SLAM Dropping frame 1403715975.934058
Omega SLAM Dropping frame 1403715975.9840581
Omega SLAM Dropping frame 1403715976.0340581
Omega SLAM Dropping frame 1403715976.1840582
Omega SLAM Dropping frame 1403715976.2340579
Omega SLAM Dropping frame 1403715976.2840581
Dropping frame 1403715976.384058
Omega SLAM Dropping frame 1403715976.5340581
Omega SLAM Dropping frame 1403715976.584058
Omega SLAM Dropping frame 1403715976.634058
Dropping frame 1403715976.7340579
Dropping frame 1403715976.834058
Dropping frame 1403715976.934058
Dropping frame 1403715977.084058
Dropping frame 1403715977.2840581
Dropping frame 1403715977.4840581
Dropping frame 1403715977.584058
Dropping frame 1403715977.6840582
Dropping frame 1403715977.7840581
Dropping frame 1403715977.884058
Dropping frame 1403715978.084058
Dropping frame 1403715978.2840581
Dropping frame 1403715978.384058
Dropping frame 1403715978.834058
Dropping frame 1403715978.9840581
Dropping frame 1403715979.084058
Dropping frame 1403715979.1840582
Dropping frame 1403715979.2840581
Dropping frame 1403715979.384058
Dropping frame 1403715979.4840581
Dropping frame 1403715979.584058
Dropping frame 1403715979.6840582
Dropping frame 1403715979.7840581
Dropping frame 1403715979.884058
Dropping frame 1403715979.9840581
Dropping frame 1403715980.134058
Dropping frame 1403715980.2340579
Dropping frame 1403715980.334058
Dropping frame 1403715980.434058
Dropping frame 1403715980.5340581
Dropping frame 1403715980.7840581
Dropping frame 1403715980.9840581
Dropping frame 1403715981.2840581
Dropping frame 1403715981.4840581
Dropping frame 1403715981.834058
Dropping frame 1403715982.2340579
Dropping frame 1403715982.334058
Dropping frame 1403715982.634058
Dropping frame 1403715982.7340579
Dropping frame 1403715982.834058
Dropping frame 1403715982.934058
Dropping frame 1403715983.1840582
Dropping frame 1403715983.2840581
Dropping frame 1403715983.4840581
Dropping frame 1403715983.6840582
Dropping frame 1403715983.7840581
Dropping frame 1403715983.884058
Dropping frame 1403715983.9840581
Dropping frame 1403715984.1840582
Dropping frame 1403715984.2840581
Dropping frame 1403715984.834058
Dropping frame 1403715985.0340581
Dropping frame 1403715985.1840582
Dropping frame 1403715985.2840581
Dropping frame 1403715985.434058
Dropping frame 1403715985.5340581
Dropping frame 1403715985.7340579
Dropping frame 1403715985.834058
Dropping frame 1403715985.934058
Dropping frame 1403715986.134058
Dropping frame 1403715986.2340579
Dropping frame 1403715986.434058
Dropping frame 1403715986.5340581
Omega SLAM Dropping frame 1403715986.834058
Omega SLAM Dropping frame 1403715986.884058
Omega SLAM Dropping frame 1403715986.934058
Dropping frame 1403715987.584058
Omega SLAM Dropping frame 1403715987.7340579
Omega SLAM Dropping frame 1403715987.7840581
Omega SLAM Dropping frame 1403715987.834058
Dropping frame 1403715987.9840581
Dropping frame 1403715988.134058
Omega SLAM Dropping frame 1403715988.1840582
Omega SLAM Dropping frame 1403715988.2340579
Omega SLAM Dropping frame 1403715988.2840581
Dropping frame 1403715988.384058
Dropping frame 1403715988.584058
Dropping frame 1403715988.6840582
Dropping frame 1403715988.7840581
Dropping frame 1403715988.9840581
Omega SLAM Dropping frame 1403715989.134058
Omega SLAM Dropping frame 1403715989.1840582
Omega SLAM Dropping frame 1403715989.2340579
Dropping frame 1403715989.334058
Dropping frame 1403715989.434058
Omega SLAM Dropping frame 1403715989.4840581
Omega SLAM Dropping frame 1403715989.5340581
Omega SLAM Dropping frame 1403715989.584058
Dropping frame 1403715989.6840582
Omega SLAM Dropping frame 1403715989.834058
Omega SLAM Dropping frame 1403715989.884058
Omega SLAM Dropping frame 1403715989.934058
Dropping frame 1403715990.0340581
Omega SLAM Dropping frame 1403715990.134058
Omega SLAM Dropping frame 1403715990.1840582
Omega SLAM Dropping frame 1403715990.2340579
Omega SLAM Dropping frame 1403715990.384058
Omega SLAM Dropping frame 1403715990.434058
Omega SLAM Dropping frame 1403715990.4840581
Omega SLAM Dropping frame 1403715990.634058
Omega SLAM Dropping frame 1403715990.6840582
Omega SLAM Dropping frame 1403715990.7340579
Omega SLAM Dropping frame 1403715990.884058
Omega SLAM Dropping frame 1403715990.934058
Omega SLAM Dropping frame 1403715990.9840581
Omega SLAM Dropping frame 1403715991.084058
Omega SLAM Dropping frame 1403715991.134058
Omega SLAM Dropping frame 1403715991.1840582
Omega SLAM Dropping frame 1403715991.334058
Omega SLAM Dropping frame 1403715991.384058
Omega SLAM Dropping frame 1403715991.434058
Omega SLAM Dropping frame 1403715991.584058
Omega SLAM Dropping frame 1403715991.634058
Omega SLAM Dropping frame 1403715991.6840582
Omega SLAM Dropping frame 1403715991.7840581
Omega SLAM Dropping frame 1403715991.834058
Omega SLAM Dropping frame 1403715991.884058
Omega SLAM Dropping frame 1403715991.9840581
Omega SLAM Dropping frame 1403715992.0340581
Omega SLAM Dropping frame 1403715992.084058
Dropping frame 1403715992.1840582
Omega SLAM Dropping frame 1403715992.2340579
Omega SLAM Dropping frame 1403715992.2840581
Omega SLAM Dropping frame 1403715992.334058
Omega SLAM Dropping frame 1403715992.434058
Omega SLAM Dropping frame 1403715992.4840581
Omega SLAM Dropping frame 1403715992.5340581
Omega SLAM Dropping frame 1403715992.634058
Omega SLAM Dropping frame 1403715992.6840582
Omega SLAM Dropping frame 1403715992.7340579
Omega SLAM Dropping frame 1403715992.834058
Omega SLAM Dropping frame 1403715992.884058
Omega SLAM Dropping frame 1403715992.934058
Dropping frame 1403715993.0340581
Omega SLAM Dropping frame 1403715993.084058
Omega SLAM Dropping frame 1403715993.134058
Omega SLAM Dropping frame 1403715993.1840582
Omega SLAM Dropping frame 1403715993.2840581
Omega SLAM Dropping frame 1403715993.334058
Omega SLAM Dropping frame 1403715993.384058
Omega SLAM Dropping frame 1403715993.4840581
Omega SLAM Dropping frame 1403715993.5340581
Omega SLAM Dropping frame 1403715993.584058
Dropping frame 1403715993.6840582
Omega SLAM Dropping frame 1403715993.7340579
Omega SLAM Dropping frame 1403715993.7840581
Omega SLAM Dropping frame 1403715993.834058
Omega SLAM Dropping frame 1403715993.934058
Omega SLAM Dropping frame 1403715993.9840581
Shutdown
SLAM Finished at System Time: 1748957852.89926

 TIME STATS in ms (mean$\pm$std)
OpenCV version: 4.8.1
---------------------------
Tracking

ORB Extraction: 18.276$\pm$2.3328
Stereo Matching: 7.9125$\pm$2.4277
IMU Preintegration: 0.22256$\pm$0.10499
Pose Prediction: 0.29739$\pm$1.2332
LM Track: 17.719$\pm$4.5249
New KF decision: 0.51467$\pm$0.54134
Total Tracking: 29.277$\pm$24.146



Local Mapping

KF Insertion: 11.859$\pm$3.9382
MP Culling: 0.80741$\pm$0.27828
MP Creation: 40.776$\pm$14.983
LBA: 122.16$\pm$34.22
KF Culling: 11.934$\pm$7.821
Total Local Mapping: 187.81$\pm$49.917
---------------------------

LBA complexity (mean$\pm$std)
LBA Edges: 3151.8$\pm$953.99
LBA KF optimized: 6.5$\pm$2.2913
LBA KF fixed: 1$\pm$0
LBA MP: nan$\pm$nan

LBA executions: 399
LBA aborts: 0
---------------------------

Map complexity
KFs in map: 161
MPs in map: 11315
---------------------------

Place Recognition (mean$\pm$std)
Database Query: 1.6718$\pm$0.89054
SE3 estimation: 18.469$\pm$12.228
Total Place Recognition: 17.404$\pm$13.75


Loop Closing (mean$\pm$std)
Loop Fusion: 67.009$\pm$0
Essential Graph: 61.547$\pm$0
Total Loop Closing: 132.06$\pm$0

Num exec: 1
Number of KFs: nan$\pm$nan

Map Merging (mean$\pm$std)
Merge Maps: nan$\pm$nan
Welding BA: nan$\pm$nan
Optimization Ess.: nan$\pm$nan
Total Map Merging: nan$\pm$nan

Num exec: 0
Number of KFs: nan$\pm$nan
Number of MPs: nan$\pm$nan

Full GBA (mean$\pm$std)
GBA: 691.06$\pm$0
Map Update: 9.6386$\pm$0
Total Full GBA: 700.7$\pm$0

Num exec: 1
Num abort: 0
Number of KFs: 123$\pm$0
Number of MPs: 10520$\pm$0

Saving trajectory to f_dataset-V103_stereo_imu.txt ...
There are 1 maps in the atlas
  Map 0 has 161 KFs

End of saving trajectory to f_dataset-V103_stereo_imu.txt ...

Saving keyframe trajectory to kf_dataset-V103_stereo_imu.txt ...
