num_seq = 1
file name: dataset-MH01_stereo_imu
Loading images for sequence 0...LOADED!
Loading IMU for sequence 0...LOADED!

-------

ORB-SLAM3 Copyright (C) 2017-2020 Carlos Campos, Richard Elvira, Juan J. Gómez, José M.M. Montiel and Juan D. Tardós, University of Zaragoza.
ORB-SLAM2 Copyright (C) 2014-2016 Raúl Mur-Artal, José M.M. Montiel and Juan D. Tardós, University of Zaragoza.
This program comes with ABSOLUTELY NO WARRANTY;
This is free software, and you are welcome to redistribute it
under certain conditions. See LICENSE.txt.

Built with REGISTER_TIMES
Git Commit Hash: 2d47524

Build Type: Release

Compiled with C++ version: 201703

Input sensor was set to: Stereo-Inertial
Loading settings from EuRoC_fov_deadlines_mask_5x5.yaml
	-Loaded camera 1
	-Loaded camera 2
	-Loaded image info
	-Loaded IMU calibration
	-Loaded ORB settings
	-Loaded viewer settings
	-Loaded Atlas settings
Deadlines enabled, will skip frames!
FOV enabled
Static mask size: 5x5
Dumping map points enabled
	-Loaded misc parameters
	-Computed rectification maps
----------------------------------
SLAM settings: 
	-Camera 1 parameters (Pinhole): [ 458.65399169921875 457.29598999023438 367.21499633789062 248.375 ]
	-Camera 1 distortion parameters: [  -0.28340810537338257 0.073959067463874817 0.00019359000725671649 1.7618711353861727e-05 ]
	-Camera 2 parameters (Pinhole: [ 457.58700561523438 456.13400268554688 379.99899291992188 255.23800659179688 ]
	-Camera 1 distortion parameters: [  -0.2836836576461792 0.074512839317321777 -0.00010473000293131918 -3.555907096597366e-05 ]
	-Original image size: [ 752 , 480 ]
	-Current image size: [ 752 , 480 ]
	-Camera 1 parameters after rectification: [  456.71499633789062 456.71499633789062 364.52615356445312 257.268798828125 ]
	-Sequence FPS: 20
	-Stereo baseline: 0.11007784307003021
	-Stereo depth threshold : 60
	-Gyro noise: 0.00016999999934341758
	-Accelerometer noise: 0.0020000000949949026
	-Gyro walk: 1.9392999092815444e-05
	-Accelerometer walk: 0.0030000000260770321
	-IMU frequency: 200
	-Features per image: 1200
	-ORB scale factor: 1.2000000476837158
	-ORB number of scales: 8
	-Initial FAST threshold: 20
	-Min FAST threshold: 7


Loading ORB Vocabulary. This could take a while...
Vocabulary loaded!

Initialization of Atlas from scratch 
Creation of new map with id: 0
Creation of new map with last KF id: 0
Seq. Name: 
There are 1 cameras in the atlas
Camera 0 is pinhole
SLAM Started at System Time: 1740746452.11936
not IMU meas
not IMU meas
not enough acceleration
not enough acceleration
First KF:0; Map init KF:0
New Map created with 541 points
Active map: 0
Dropping frame 1403636580.0135555
Dropping frame 1403636580.2135556
Dropping frame 1403636580.5135555
Dropping frame 1403636581.1635556
Dropping frame 1403636581.4635556
Dropping frame 1403636581.7135556
Dropping frame 1403636581.8635557
Dropping frame 1403636582.1635556
Dropping frame 1403636582.2635555
Dropping frame 1403636582.5635555
Dropping frame 1403636582.6635556
Dropping frame 1403636583.7135556
Dropping frame 1403636583.9135554
Dropping frame 1403636584.0635555
Dropping frame 1403636584.2135556
Dropping frame 1403636584.7635555
Dropping frame 1403636584.9635556
start VIBA 1
Dropping frame 1403636585.2635555
end VIBA 1
Dropping frame 1403636586.2135556
Dropping frame 1403636586.6135554
Dropping frame 1403636586.7135556
Dropping frame 1403636586.9635556
Dropping frame 1403636587.3635557
Dropping frame 1403636587.7635555
Dropping frame 1403636588.5135555
Dropping frame 1403636589.1135554
Dropping frame 1403636589.2135556
Dropping frame 1403636589.6635556
Dropping frame 1403636589.8635557
Dropping frame 1403636590.2135556
Dropping frame 1403636590.4135554
Dropping frame 1403636590.9635556
Dropping frame 1403636591.5135555
Dropping frame 1403636591.6135554
Dropping frame 1403636592.2135556
Dropping frame 1403636592.4135554
Dropping frame 1403636593.6135554
Dropping frame 1403636594.1635556
Dropping frame 1403636594.6635556
Dropping frame 1403636594.9635556
Dropping frame 1403636595.2635555
Dropping frame 1403636595.4635556
start VIBA 2
end VIBA 2
Dropping frame 1403636596.1635556
Dropping frame 1403636596.4635556
Dropping frame 1403636597.7635555
Dropping frame 1403636598.2635555
Dropping frame 1403636598.4635556
Dropping frame 1403636598.5635555
Dropping frame 1403636601.7635555
Dropping frame 1403636603.1135554
Dropping frame 1403636603.4135554
Dropping frame 1403636621.4635556
Dropping frame 1403636631.0635555
Dropping frame 1403636631.5635555
Dropping frame 1403636632.1135554
Dropping frame 1403636632.5635555
Dropping frame 1403636633.1135554
Dropping frame 1403636633.7135556
Dropping frame 1403636633.8635557
Dropping frame 1403636634.5135555
Dropping frame 1403636634.7635555
Dropping frame 1403636634.8635557
Dropping frame 1403636635.1635556
Dropping frame 1403636636.7635555
Dropping frame 1403636636.8635557
Dropping frame 1403636637.0635555
Dropping frame 1403636637.2135556
Dropping frame 1403636637.5135555
Dropping frame 1403636637.6135554
Dropping frame 1403636637.8135555
Dropping frame 1403636637.9135554
Dropping frame 1403636638.1635556
Dropping frame 1403636638.3135555
Dropping frame 1403636638.4135554
Dropping frame 1403636638.8635557
Dropping frame 1403636638.9635556
Dropping frame 1403636639.2635555
Dropping frame 1403636639.4635556
Dropping frame 1403636639.7635555
Dropping frame 1403636640.0135555
Dropping frame 1403636640.1635556
Dropping frame 1403636640.3135555
Dropping frame 1403636640.8135555
Dropping frame 1403636640.9135554
Dropping frame 1403636641.1135554
Dropping frame 1403636641.2135556
Dropping frame 1403636642.7135556
Dropping frame 1403636642.8135555
Dropping frame 1403636642.9135554
Dropping frame 1403636644.1635556
Dropping frame 1403636644.5635555
Dropping frame 1403636645.0135555
Dropping frame 1403636645.2635555
Dropping frame 1403636645.3635557
Dropping frame 1403636645.4635556
Dropping frame 1403636645.7635555
Dropping frame 1403636645.9635556
Dropping frame 1403636646.2635555
Dropping frame 1403636646.4635556
Dropping frame 1403636646.8135555
Dropping frame 1403636647.0635555
Dropping frame 1403636647.2635555
Dropping frame 1403636647.8135555
Dropping frame 1403636648.3635557
Dropping frame 1403636648.6635556
Dropping frame 1403636649.0635555
Dropping frame 1403636649.1635556
Dropping frame 1403636649.4635556
Dropping frame 1403636649.5635555
Dropping frame 1403636649.7635555
Dropping frame 1403636650.0635555
Dropping frame 1403636650.6135554
Dropping frame 1403636650.8135555
Dropping frame 1403636650.9135554
Dropping frame 1403636651.1635556
Dropping frame 1403636651.3635557
Dropping frame 1403636652.2135556
Dropping frame 1403636652.3135555
Dropping frame 1403636652.7135556
Dropping frame 1403636652.8135555
Dropping frame 1403636653.1635556
Dropping frame 1403636653.3635557
Dropping frame 1403636653.5635555
Dropping frame 1403636653.6635556
Dropping frame 1403636653.8135555
Dropping frame 1403636653.9635556
Dropping frame 1403636654.1635556
Dropping frame 1403636655.1135554
Dropping frame 1403636655.2135556
Dropping frame 1403636655.3135555
Dropping frame 1403636655.5135555
Dropping frame 1403636655.7635555
Dropping frame 1403636655.8635557
Dropping frame 1403636655.9635556
Dropping frame 1403636656.1135554
Dropping frame 1403636656.2635555
Dropping frame 1403636656.5135555
Dropping frame 1403636656.6635556
Dropping frame 1403636656.7635555
Dropping frame 1403636656.9635556
Dropping frame 1403636657.1635556
Dropping frame 1403636657.3635557
Dropping frame 1403636657.4635556
Dropping frame 1403636657.5635555
Dropping frame 1403636657.8635557
Dropping frame 1403636657.9635556
Dropping frame 1403636658.0635555
Dropping frame 1403636658.2635555
Dropping frame 1403636658.9135554
Dropping frame 1403636659.1135554
Dropping frame 1403636659.7135556
Dropping frame 1403636659.8135555
Dropping frame 1403636660.0635555
Dropping frame 1403636660.2135556
Dropping frame 1403636660.3135555
Dropping frame 1403636660.6635556
Dropping frame 1403636661.0635555
Dropping frame 1403636661.3135555
Dropping frame 1403636661.6135554
Dropping frame 1403636661.7635555
Dropping frame 1403636662.0135555
Dropping frame 1403636662.2135556
Dropping frame 1403636662.3135555
Dropping frame 1403636662.7635555
Dropping frame 1403636662.8635557
Dropping frame 1403636662.9635556
Dropping frame 1403636663.0635555
Dropping frame 1403636663.3135555
Dropping frame 1403636663.5135555
Dropping frame 1403636663.6135554
Dropping frame 1403636663.8635557
Dropping frame 1403636663.9635556
Dropping frame 1403636664.3135555
Dropping frame 1403636664.4135554
Dropping frame 1403636664.5135555
Dropping frame 1403636664.7635555
Dropping frame 1403636665.1135554
Dropping frame 1403636665.4135554
Dropping frame 1403636665.6135554
Dropping frame 1403636665.9635556
Dropping frame 1403636666.0635555
Dropping frame 1403636666.3135555
Dropping frame 1403636666.4635556
Dropping frame 1403636666.6135554
Dropping frame 1403636666.7635555
Dropping frame 1403636667.4135554
Dropping frame 1403636667.6135554
Dropping frame 1403636667.7635555
Dropping frame 1403636668.1635556
Dropping frame 1403636668.3635557
Dropping frame 1403636668.6635556
Dropping frame 1403636669.1135554
Dropping frame 1403636669.4135554
Dropping frame 1403636669.6135554
Dropping frame 1403636669.7135556
Dropping frame 1403636669.9135554
Dropping frame 1403636670.1635556
Dropping frame 1403636670.2635555
Dropping frame 1403636670.6135554
Dropping frame 1403636671.5635555
Dropping frame 1403636673.6635556
Dropping frame 1403636673.8635557
Dropping frame 1403636674.1635556
Dropping frame 1403636674.8635557
Dropping frame 1403636675.2135556
Dropping frame 1403636675.6135554
Dropping frame 1403636676.0635555
Dropping frame 1403636677.8635557
Dropping frame 1403636678.2135556
Dropping frame 1403636678.6135554
Dropping frame 1403636678.8135555
Dropping frame 1403636679.1135554
Dropping frame 1403636680.4635556
Dropping frame 1403636680.8135555
Dropping frame 1403636681.2635555
Dropping frame 1403636681.3635557
Dropping frame 1403636681.8635557
Dropping frame 1403636682.0635555
Dropping frame 1403636682.4135554
Dropping frame 1403636682.5135555
Dropping frame 1403636682.8135555
Dropping frame 1403636682.9135554
Dropping frame 1403636683.1635556
Dropping frame 1403636683.8135555
Dropping frame 1403636686.9135554
Dropping frame 1403636688.0635555
Dropping frame 1403636689.6635556
Dropping frame 1403636689.7635555
Dropping frame 1403636690.2135556
Dropping frame 1403636690.3135555
Dropping frame 1403636690.6635556
Dropping frame 1403636690.9635556
Dropping frame 1403636691.1635556
Dropping frame 1403636691.2635555
Dropping frame 1403636691.5135555
Dropping frame 1403636691.8635557
Dropping frame 1403636692.0635555
Dropping frame 1403636692.1635556
Dropping frame 1403636692.2635555
Dropping frame 1403636692.3635557
Dropping frame 1403636692.4635556
Dropping frame 1403636692.7135556
Dropping frame 1403636692.8135555
Dropping frame 1403636693.4635556
Dropping frame 1403636693.8635557
Dropping frame 1403636693.9635556
Dropping frame 1403636694.1135554
Dropping frame 1403636694.2635555
Dropping frame 1403636694.5135555
Dropping frame 1403636694.7635555
Dropping frame 1403636695.2135556
Dropping frame 1403636695.7635555
Dropping frame 1403636696.4135554
Dropping frame 1403636696.5135555
Dropping frame 1403636696.6135554
Dropping frame 1403636696.8135555
Dropping frame 1403636696.9135554
Dropping frame 1403636697.0635555
Dropping frame 1403636697.3135555
Dropping frame 1403636697.4135554
Dropping frame 1403636697.5135555
Dropping frame 1403636697.6135554
Dropping frame 1403636697.8135555
Dropping frame 1403636698.3135555
Dropping frame 1403636698.4135554
Dropping frame 1403636698.5135555
Dropping frame 1403636698.6135554
Dropping frame 1403636698.9135554
Dropping frame 1403636699.0135555
Dropping frame 1403636699.1135554
Dropping frame 1403636699.2135556
Dropping frame 1403636699.3135555
Dropping frame 1403636699.4135554
Dropping frame 1403636699.8135555
Dropping frame 1403636700.2135556
Dropping frame 1403636700.3135555
Dropping frame 1403636700.6635556
Dropping frame 1403636701.3635557
Dropping frame 1403636701.8135555
Dropping frame 1403636702.1135554
Dropping frame 1403636702.3635557
Dropping frame 1403636702.5135555
Dropping frame 1403636702.8635557
Dropping frame 1403636702.9635556
Dropping frame 1403636703.0635555
Dropping frame 1403636703.1635556
Dropping frame 1403636703.2635555
Dropping frame 1403636703.3635557
Dropping frame 1403636704.0635555
Dropping frame 1403636705.2135556
Dropping frame 1403636705.7135556
Dropping frame 1403636705.8135555
Dropping frame 1403636705.9135554
Dropping frame 1403636706.0635555
Dropping frame 1403636706.3135555
Dropping frame 1403636706.5135555
Dropping frame 1403636706.9135554
Dropping frame 1403636707.1135554
Dropping frame 1403636707.2135556
Dropping frame 1403636707.3135555
Dropping frame 1403636707.4135554
Dropping frame 1403636707.8635557
Dropping frame 1403636707.9635556
Dropping frame 1403636708.2135556
Dropping frame 1403636708.3135555
Dropping frame 1403636708.5635555
Dropping frame 1403636708.7635555
Dropping frame 1403636708.9635556
Dropping frame 1403636709.0635555
Dropping frame 1403636709.1635556
Dropping frame 1403636709.2635555
Dropping frame 1403636709.5135555
Dropping frame 1403636709.7135556
Dropping frame 1403636709.8135555
Dropping frame 1403636709.9135554
Dropping frame 1403636710.1635556
Dropping frame 1403636710.2635555
Dropping frame 1403636710.3635557
Dropping frame 1403636710.4635556
Dropping frame 1403636710.7635555
Dropping frame 1403636710.8635557
Dropping frame 1403636711.1635556
Dropping frame 1403636711.2635555
Dropping frame 1403636711.4135554
Dropping frame 1403636711.6135554
Dropping frame 1403636711.7135556
Dropping frame 1403636712.1635556
Dropping frame 1403636712.5135555
Dropping frame 1403636712.7135556
Dropping frame 1403636712.8135555
Dropping frame 1403636713.0135555
Dropping frame 1403636713.1135554
Dropping frame 1403636713.3135555
Dropping frame 1403636713.5635555
Dropping frame 1403636713.8135555
Dropping frame 1403636714.0135555
Dropping frame 1403636714.4635556
Dropping frame 1403636714.5635555
Dropping frame 1403636714.8635557
Dropping frame 1403636715.2135556
Dropping frame 1403636715.3135555
Dropping frame 1403636715.4135554
Dropping frame 1403636715.7635555
Dropping frame 1403636716.1135554
Dropping frame 1403636716.4135554
Dropping frame 1403636716.7135556
Dropping frame 1403636716.8135555
Dropping frame 1403636716.9135554
Dropping frame 1403636717.0635555
Dropping frame 1403636717.1635556
Dropping frame 1403636717.2635555
Dropping frame 1403636717.8135555
Dropping frame 1403636718.3635557
Dropping frame 1403636718.7635555
Dropping frame 1403636718.9635556
Dropping frame 1403636719.5135555
Dropping frame 1403636720.1635556
Dropping frame 1403636720.5135555
Dropping frame 1403636720.6135554
Dropping frame 1403636721.0135555
Dropping frame 1403636721.1135554
Dropping frame 1403636721.4135554
Dropping frame 1403636721.7135556
Dropping frame 1403636721.9135554
Dropping frame 1403636722.0135555
Dropping frame 1403636722.2635555
Dropping frame 1403636722.4635556
Dropping frame 1403636722.6635556
Dropping frame 1403636722.8635557
Dropping frame 1403636723.0635555
Dropping frame 1403636723.1635556
Dropping frame 1403636723.4635556
Dropping frame 1403636723.6635556
Dropping frame 1403636723.7635555
Dropping frame 1403636723.8635557
Dropping frame 1403636724.0135555
Dropping frame 1403636724.2635555
Dropping frame 1403636724.6135554
Dropping frame 1403636724.7135556
Dropping frame 1403636724.8135555
Dropping frame 1403636724.9135554
Dropping frame 1403636725.1135554
Dropping frame 1403636725.3135555
Dropping frame 1403636725.5135555
Dropping frame 1403636725.6135554
Dropping frame 1403636725.8135555
Dropping frame 1403636725.9135554
Dropping frame 1403636726.1635556
Dropping frame 1403636726.2635555
Dropping frame 1403636726.3635557
Dropping frame 1403636726.5635555
Dropping frame 1403636726.7135556
Dropping frame 1403636726.8135555
Dropping frame 1403636727.0135555
Dropping frame 1403636727.1135554
Dropping frame 1403636727.2135556
Dropping frame 1403636727.6635556
Dropping frame 1403636727.7635555
Dropping frame 1403636727.8635557
Dropping frame 1403636727.9635556
Dropping frame 1403636728.0635555
Dropping frame 1403636728.2635555
Dropping frame 1403636728.3635557
Dropping frame 1403636728.6135554
Dropping frame 1403636728.7135556
Dropping frame 1403636728.8135555
Dropping frame 1403636728.9135554
Dropping frame 1403636729.1135554
Dropping frame 1403636729.2135556
Dropping frame 1403636729.3135555
Dropping frame 1403636729.6635556
Dropping frame 1403636729.8635557
Dropping frame 1403636730.0635555
Dropping frame 1403636730.1635556
Dropping frame 1403636730.4135554
Dropping frame 1403636730.6135554
Dropping frame 1403636730.7135556
Dropping frame 1403636730.9135554
Dropping frame 1403636731.0135555
Dropping frame 1403636731.1135554
Dropping frame 1403636731.2135556
Dropping frame 1403636731.4135554
Dropping frame 1403636731.6135554
Dropping frame 1403636731.8135555
Dropping frame 1403636732.0135555
Dropping frame 1403636732.1135554
Dropping frame 1403636732.2135556
Dropping frame 1403636732.4135554
Dropping frame 1403636732.5635555
Dropping frame 1403636732.8635557
Dropping frame 1403636732.9635556
Dropping frame 1403636733.1635556
Dropping frame 1403636733.3635557
Dropping frame 1403636733.5635555
Dropping frame 1403636733.7635555
Dropping frame 1403636733.8635557
Dropping frame 1403636733.9635556
Dropping frame 1403636734.0635555
Dropping frame 1403636734.1635556
Dropping frame 1403636734.3635557
Dropping frame 1403636734.7135556
Dropping frame 1403636734.9135554
Dropping frame 1403636735.1135554
Dropping frame 1403636735.3135555
Dropping frame 1403636735.4135554
Dropping frame 1403636735.5135555
Dropping frame 1403636735.6135554
Dropping frame 1403636735.7135556
Dropping frame 1403636736.0135555
Dropping frame 1403636736.1135554
Dropping frame 1403636736.2135556
Dropping frame 1403636736.3135555
Dropping frame 1403636736.4135554
Dropping frame 1403636736.5135555
Dropping frame 1403636736.6135554
Dropping frame 1403636736.8135555
Dropping frame 1403636737.0135555
Dropping frame 1403636737.1135554
Dropping frame 1403636737.2135556
Dropping frame 1403636737.3135555
Dropping frame 1403636737.4135554
Dropping frame 1403636737.5135555
Dropping frame 1403636737.7135556
Dropping frame 1403636737.8135555
Dropping frame 1403636737.9135554
Dropping frame 1403636738.0135555
Dropping frame 1403636738.1135554
Dropping frame 1403636738.2635555
Dropping frame 1403636738.7635555
Dropping frame 1403636738.8635557
Dropping frame 1403636739.0135555
Dropping frame 1403636739.1135554
Dropping frame 1403636739.2135556
Dropping frame 1403636739.3135555
Dropping frame 1403636739.4135554
Dropping frame 1403636739.6135554
Dropping frame 1403636739.7135556
Dropping frame 1403636739.8135555
Dropping frame 1403636739.9135554
Dropping frame 1403636740.0135555
Dropping frame 1403636740.2135556
Dropping frame 1403636740.3135555
Dropping frame 1403636740.4135554
Dropping frame 1403636740.5135555
Dropping frame 1403636740.7135556
Dropping frame 1403636740.8135555
Dropping frame 1403636741.0135555
Dropping frame 1403636741.1135554
Dropping frame 1403636741.2135556
Dropping frame 1403636741.4135554
Dropping frame 1403636741.6135554
Dropping frame 1403636741.8135555
Dropping frame 1403636742.0135555
Dropping frame 1403636742.2135556
Dropping frame 1403636742.4135554
Dropping frame 1403636742.6135554
Dropping frame 1403636742.7135556
Dropping frame 1403636742.8135555
Dropping frame 1403636742.9135554
Dropping frame 1403636743.0135555
Dropping frame 1403636743.1135554
Dropping frame 1403636743.2135556
Dropping frame 1403636743.3135555
Dropping frame 1403636743.5635555
Dropping frame 1403636743.8135555
Dropping frame 1403636743.9135554
Dropping frame 1403636744.2135556
Dropping frame 1403636744.3135555
Dropping frame 1403636744.5135555
Dropping frame 1403636744.7635555
Dropping frame 1403636745.3135555
Dropping frame 1403636745.4135554
Dropping frame 1403636745.5135555
Dropping frame 1403636745.6135554
Dropping frame 1403636746.0635555
Dropping frame 1403636746.2635555
Dropping frame 1403636746.4635556
Dropping frame 1403636746.5635555
Dropping frame 1403636746.7635555
Dropping frame 1403636746.8635557
Dropping frame 1403636746.9635556
Dropping frame 1403636747.0635555
Dropping frame 1403636747.2635555
Dropping frame 1403636747.3635557
Dropping frame 1403636747.4635556
Dropping frame 1403636747.6635556
Dropping frame 1403636747.7635555
Dropping frame 1403636747.8635557
Dropping frame 1403636748.1135554
Dropping frame 1403636748.3135555
Dropping frame 1403636748.4135554
Dropping frame 1403636748.5135555
Dropping frame 1403636748.7135556
Dropping frame 1403636748.9135554
Dropping frame 1403636749.1135554
Dropping frame 1403636749.3135555
Dropping frame 1403636749.4135554
Dropping frame 1403636749.5135555
Dropping frame 1403636749.6135554
Dropping frame 1403636749.7635555
Dropping frame 1403636749.8635557
Dropping frame 1403636750.1135554
Dropping frame 1403636750.3135555
Dropping frame 1403636750.4135554
Dropping frame 1403636750.5135555
Dropping frame 1403636750.6135554
Dropping frame 1403636750.8135555
Dropping frame 1403636751.0135555
Dropping frame 1403636751.1135554
Dropping frame 1403636751.2135556
Dropping frame 1403636751.3135555
Dropping frame 1403636751.5135555
Dropping frame 1403636751.6135554
Dropping frame 1403636751.7135556
Dropping frame 1403636751.9135554
Dropping frame 1403636752.0135555
Dropping frame 1403636752.2635555
Dropping frame 1403636752.4635556
Dropping frame 1403636752.6635556
Dropping frame 1403636752.8635557
Dropping frame 1403636752.9635556
Dropping frame 1403636753.0635555
Dropping frame 1403636753.3135555
Dropping frame 1403636753.4135554
Dropping frame 1403636753.5135555
Dropping frame 1403636753.7135556
Dropping frame 1403636753.9135554
Dropping frame 1403636754.1135554
Dropping frame 1403636754.2135556
Dropping frame 1403636754.3135555
Dropping frame 1403636754.5635555
Dropping frame 1403636754.7635555
Dropping frame 1403636754.9635556
Dropping frame 1403636755.1635556
Dropping frame 1403636755.2635555
Dropping frame 1403636755.3635557
Dropping frame 1403636755.4635556
Dropping frame 1403636755.7135556
Dropping frame 1403636755.9135554
Dropping frame 1403636756.0135555
Dropping frame 1403636756.3635557
Dropping frame 1403636756.5635555
Dropping frame 1403636756.9135554
Dropping frame 1403636757.4635556
Dropping frame 1403636757.5635555
Dropping frame 1403636757.8635557
Dropping frame 1403636757.9635556
Dropping frame 1403636758.0635555
Dropping frame 1403636758.1635556
Dropping frame 1403636758.4635556
Dropping frame 1403636758.5635555
Dropping frame 1403636758.6635556
Dropping frame 1403636758.8635557
Dropping frame 1403636759.0635555
Dropping frame 1403636759.1635556
Dropping frame 1403636759.2635555
Dropping frame 1403636759.6135554
Dropping frame 1403636759.7135556
Dropping frame 1403636760.0635555
Dropping frame 1403636760.1635556
Dropping frame 1403636760.4135554
Dropping frame 1403636760.7135556
Dropping frame 1403636760.8135555
Dropping frame 1403636761.0635555
Dropping frame 1403636761.1635556
Dropping frame 1403636761.2635555
Dropping frame 1403636761.3635557
Dropping frame 1403636761.4635556
Dropping frame 1403636761.5635555
Dropping frame 1403636761.6635556
Dropping frame 1403636761.7635555
Dropping frame 1403636761.9635556
Dropping frame 1403636762.1635556
Dropping frame 1403636762.2635555
Dropping frame 1403636762.3635557
Dropping frame 1403636762.4635556
Dropping frame 1403636762.5635555
Dropping frame 1403636762.7635555
Dropping frame 1403636762.8635557
Dropping frame 1403636762.9635556
Dropping frame 1403636763.0635555
Dropping frame 1403636763.1635556
Dropping frame 1403636763.4135554
Dropping frame 1403636763.6135554
Dropping frame 1403636763.8135555
Shutdown
SLAM Finished at System Time: 1740746671.81365

 TIME STATS in ms (mean$\pm$std)
OpenCV version: 4.8.1
---------------------------
Tracking

ORB Extraction: 15.796$\pm$1.5628
Stereo Matching: 7.0244$\pm$2.0395
IMU Preintegration: 0.26683$\pm$0.11656
Pose Prediction: 0.19526$\pm$0.57837
LM Track: 20.032$\pm$6.1429
New KF decision: 0.96696$\pm$1.8827
Total Tracking: 35.121$\pm$23.68



Local Mapping

KF Insertion: 16.847$\pm$7.4893
MP Culling: 0.4915$\pm$0.20574
MP Creation: 49.282$\pm$17.512
LBA: 164.39$\pm$58.494
KF Culling: 18.459$\pm$12.498
Total Local Mapping: 249.27$\pm$84.587
---------------------------

LBA complexity (mean$\pm$std)
LBA Edges: 1833.8$\pm$768.04
LBA KF optimized: 6.5$\pm$2.2913
LBA KF fixed: 1$\pm$0
LBA MP: nan$\pm$nan

LBA executions: 562
LBA aborts: 0
---------------------------

Map complexity
KFs in map: 165
MPs in map: 14169
---------------------------

Place Recognition (mean$\pm$std)
Database Query: 1.6346$\pm$0.9338
SE3 estimation: 15.562$\pm$16.794
Total Place Recognition: 15.426$\pm$17.305


Loop Closing (mean$\pm$std)
Loop Fusion: nan$\pm$nan
Essential Graph: nan$\pm$nan
Total Loop Closing: nan$\pm$nan

Num exec: 0
Number of KFs: nan$\pm$nan

Map Merging (mean$\pm$std)
Merge Maps: nan$\pm$nan
Welding BA: nan$\pm$nan
Optimization Ess.: nan$\pm$nan
Total Map Merging: nan$\pm$nan

Num exec: 0
Number of KFs: nan$\pm$nan
Number of MPs: nan$\pm$nan

Full GBA (mean$\pm$std)
GBA: nan$\pm$nan
Map Update: nan$\pm$nan
Total Full GBA: nan$\pm$nan

Num exec: 0
Num abort: 0
Number of KFs: nan$\pm$nan
Number of MPs: nan$\pm$nan

Saving trajectory to f_dataset-MH01_stereo_imu.txt ...
There are 1 maps in the atlas
  Map 0 has 165 KFs

End of saving trajectory to f_dataset-MH01_stereo_imu.txt ...

Saving keyframe trajectory to kf_dataset-MH01_stereo_imu.txt ...
