num_seq = 1
file name: dataset-MH01_stereo_imu
Loading images for sequence 0...LOADED!
Loading IMU for sequence 0...LOADED!

-------

ORB-SLAM3 Copyright (C) 2017-2020 Carlos Campos, Richard Elvira, Juan J. Gómez, José M.M. Montiel and Juan D. Tardós, University of Zaragoza.
ORB-SLAM2 Copyright (C) 2014-2016 Raúl Mur-Artal, José M.M. Montiel and Juan D. Tardós, University of Zaragoza.
This program comes with ABSOLUTELY NO WARRANTY;
This is free software, and you are welcome to redistribute it
under certain conditions. See LICENSE.txt.

Built with REGISTER_TIMES
Git Commit Hash: 2d47524

Build Type: Release

Compiled with C++ version: 201703

Input sensor was set to: Stereo-Inertial
Loading settings from EuRoC_fov_deadlines_mask_18x18.yaml
	-Loaded camera 1
	-Loaded camera 2
	-Loaded image info
	-Loaded IMU calibration
	-Loaded ORB settings
	-Loaded viewer settings
	-Loaded Atlas settings
Deadlines enabled, will skip frames!
FOV enabled
Static mask size: 18x18
Dumping map points enabled
	-Loaded misc parameters
	-Computed rectification maps
----------------------------------
SLAM settings: 
	-Camera 1 parameters (Pinhole): [ 458.65399169921875 457.29598999023438 367.21499633789062 248.375 ]
	-Camera 1 distortion parameters: [  -0.28340810537338257 0.073959067463874817 0.00019359000725671649 1.7618711353861727e-05 ]
	-Camera 2 parameters (Pinhole: [ 457.58700561523438 456.13400268554688 379.99899291992188 255.23800659179688 ]
	-Camera 1 distortion parameters: [  -0.2836836576461792 0.074512839317321777 -0.00010473000293131918 -3.555907096597366e-05 ]
	-Original image size: [ 752 , 480 ]
	-Current image size: [ 752 , 480 ]
	-Camera 1 parameters after rectification: [  456.71499633789062 456.71499633789062 364.52615356445312 257.268798828125 ]
	-Sequence FPS: 20
	-Stereo baseline: 0.11007784307003021
	-Stereo depth threshold : 60
	-Gyro noise: 0.00016999999934341758
	-Accelerometer noise: 0.0020000000949949026
	-Gyro walk: 1.9392999092815444e-05
	-Accelerometer walk: 0.0030000000260770321
	-IMU frequency: 200
	-Features per image: 1200
	-ORB scale factor: 1.2000000476837158
	-ORB number of scales: 8
	-Initial FAST threshold: 20
	-Min FAST threshold: 7


Loading ORB Vocabulary. This could take a while...
Vocabulary loaded!

Initialization of Atlas from scratch 
Creation of new map with id: 0
Creation of new map with last KF id: 0
Seq. Name: 
There are 1 cameras in the atlas
Camera 0 is pinhole
SLAM Started at System Time: 1742860012.07014
not IMU meas
not IMU meas
not enough acceleration
not enough acceleration
First KF:0; Map init KF:0
New Map created with 534 points
Active map: 0
Dropping frame 1403636580.0135555
Dropping frame 1403636580.2135556
Dropping frame 1403636580.5135555
Dropping frame 1403636580.9135554
Dropping frame 1403636581.2135556
Dropping frame 1403636581.4635556
Dropping frame 1403636581.6135554
Dropping frame 1403636581.7135556
Dropping frame 1403636581.8135555
Dropping frame 1403636582.0135555
Dropping frame 1403636582.1135554
Dropping frame 1403636582.4135554
Dropping frame 1403636582.5135555
Dropping frame 1403636582.7135556
Dropping frame 1403636582.9135554
Dropping frame 1403636583.1135554
Dropping frame 1403636583.2135556
Dropping frame 1403636583.6135554
Dropping frame 1403636584.0135555
Dropping frame 1403636584.2135556
Dropping frame 1403636584.3135555
Dropping frame 1403636584.5635555
Dropping frame 1403636584.6635556
Dropping frame 1403636584.7635555
Dropping frame 1403636585.0135555
Dropping frame 1403636585.1135554
Dropping frame 1403636585.4635556
Dropping frame 1403636585.5635555
start VIBA 1
end VIBA 1
Dropping frame 1403636585.6635556
Dropping frame 1403636585.7635555
Dropping frame 1403636585.8635557
Dropping frame 1403636586.0135555
Dropping frame 1403636586.2635555
Dropping frame 1403636586.3635557
Dropping frame 1403636586.8135555
Dropping frame 1403636587.0635555
Dropping frame 1403636587.2635555
Dropping frame 1403636587.3635557
Dropping frame 1403636587.6635556
Dropping frame 1403636587.8635557
Dropping frame 1403636588.0635555
Dropping frame 1403636588.1635556
Dropping frame 1403636588.2635555
Dropping frame 1403636588.3635557
Dropping frame 1403636588.5635555
Dropping frame 1403636588.7635555
Dropping frame 1403636588.8635557
Dropping frame 1403636588.9635556
Dropping frame 1403636589.0635555
Dropping frame 1403636589.1635556
Dropping frame 1403636589.2635555
Dropping frame 1403636589.4635556
Dropping frame 1403636589.6635556
Dropping frame 1403636589.8635557
Dropping frame 1403636590.0635555
Dropping frame 1403636590.2635555
Dropping frame 1403636590.3635557
Dropping frame 1403636590.5635555
Dropping frame 1403636590.6635556
Dropping frame 1403636590.9635556
Dropping frame 1403636591.1635556
Dropping frame 1403636591.3135555
Dropping frame 1403636591.4635556
Dropping frame 1403636591.6135554
Dropping frame 1403636591.8635557
Dropping frame 1403636591.9635556
Dropping frame 1403636592.2635555
Dropping frame 1403636592.3635557
Dropping frame 1403636592.6135554
Dropping frame 1403636592.8135555
Dropping frame 1403636592.9635556
Dropping frame 1403636593.0635555
Dropping frame 1403636593.3135555
Dropping frame 1403636593.4135554
Dropping frame 1403636593.6635556
Dropping frame 1403636593.7635555
Dropping frame 1403636594.0135555
Dropping frame 1403636594.2135556
Dropping frame 1403636594.4135554
Dropping frame 1403636594.6135554
Dropping frame 1403636594.7135556
Dropping frame 1403636595.0135555
Dropping frame 1403636595.1135554
Dropping frame 1403636595.4635556
start VIBA 2
end VIBA 2
Dropping frame 1403636595.6635556
Dropping frame 1403636595.8635557
Dropping frame 1403636596.0635555
Dropping frame 1403636596.2635555
Dropping frame 1403636596.3635557
Dropping frame 1403636596.4635556
Dropping frame 1403636596.6635556
Dropping frame 1403636596.9635556
Dropping frame 1403636597.0635555
Dropping frame 1403636597.3135555
Dropping frame 1403636597.4135554
Dropping frame 1403636597.6635556
Dropping frame 1403636597.7635555
Dropping frame 1403636598.0135555
Dropping frame 1403636598.2135556
Dropping frame 1403636598.3135555
Dropping frame 1403636598.4135554
Dropping frame 1403636598.6135554
Dropping frame 1403636598.8135555
Dropping frame 1403636598.9135554
Dropping frame 1403636599.0135555
Dropping frame 1403636599.1135554
Dropping frame 1403636599.2135556
Dropping frame 1403636599.4135554
Dropping frame 1403636599.5135555
Dropping frame 1403636599.6135554
Dropping frame 1403636599.8135555
Dropping frame 1403636599.9135554
Dropping frame 1403636600.1135554
Dropping frame 1403636600.2135556
Dropping frame 1403636600.4135554
Dropping frame 1403636600.5135555
Dropping frame 1403636600.7135556
Dropping frame 1403636600.8135555
Dropping frame 1403636600.9135554
Dropping frame 1403636601.0135555
Dropping frame 1403636601.2135556
Dropping frame 1403636601.4135554
Dropping frame 1403636601.5135555
Dropping frame 1403636601.8635557
Dropping frame 1403636602.0635555
Dropping frame 1403636602.2135556
Dropping frame 1403636602.4635556
Dropping frame 1403636602.5635555
Dropping frame 1403636602.8135555
Dropping frame 1403636603.2135556
Dropping frame 1403636603.3135555
Dropping frame 1403636603.6135554
Dropping frame 1403636603.8135555
Dropping frame 1403636603.9135554
Dropping frame 1403636604.2135556
Dropping frame 1403636604.4135554
Dropping frame 1403636604.5635555
Dropping frame 1403636604.8135555
Dropping frame 1403636604.9135554
Dropping frame 1403636605.1635556
Dropping frame 1403636605.2635555
Dropping frame 1403636605.3635557
Dropping frame 1403636605.5635555
Dropping frame 1403636605.6635556
Dropping frame 1403636605.9135554
Dropping frame 1403636606.1135554
Dropping frame 1403636606.2135556
Dropping frame 1403636606.4135554
Dropping frame 1403636606.7635555
Dropping frame 1403636606.8635557
Dropping frame 1403636607.1135554
Dropping frame 1403636607.3135555
Dropping frame 1403636607.4635556
Dropping frame 1403636607.9135554
Dropping frame 1403636608.0135555
Dropping frame 1403636608.2635555
Dropping frame 1403636608.3635557
Dropping frame 1403636608.4635556
Dropping frame 1403636608.6635556
Dropping frame 1403636608.8635557
Dropping frame 1403636609.0635555
Dropping frame 1403636609.1635556
Dropping frame 1403636609.4135554
Dropping frame 1403636609.5135555
Dropping frame 1403636609.6635556
Dropping frame 1403636609.9135554
Dropping frame 1403636610.1135554
Dropping frame 1403636610.2635555
Dropping frame 1403636610.3635557
Dropping frame 1403636610.5635555
Dropping frame 1403636610.7635555
Dropping frame 1403636610.9135554
Dropping frame 1403636611.0135555
Dropping frame 1403636611.2135556
Dropping frame 1403636611.5135555
Dropping frame 1403636611.8135555
Dropping frame 1403636612.3635557
Dropping frame 1403636612.6635556
Dropping frame 1403636612.9635556
Dropping frame 1403636613.1635556
Dropping frame 1403636613.3635557
Dropping frame 1403636613.7135556
Dropping frame 1403636614.0135555
Dropping frame 1403636614.2135556
Dropping frame 1403636614.4135554
Dropping frame 1403636614.8635557
Dropping frame 1403636615.0135555
Dropping frame 1403636615.2135556
Dropping frame 1403636615.6635556
Dropping frame 1403636615.9135554
Dropping frame 1403636616.0135555
Dropping frame 1403636616.2135556
Dropping frame 1403636616.5635555
Dropping frame 1403636616.8135555
Dropping frame 1403636617.0635555
Dropping frame 1403636617.3635557
Dropping frame 1403636617.5635555
Dropping frame 1403636617.7135556
Dropping frame 1403636618.0635555
Dropping frame 1403636618.1635556
Dropping frame 1403636618.4135554
Dropping frame 1403636618.5135555
Dropping frame 1403636618.7135556
Dropping frame 1403636618.8635557
Dropping frame 1403636619.1135554
Dropping frame 1403636619.3135555
Dropping frame 1403636619.4135554
Dropping frame 1403636619.7135556
Dropping frame 1403636619.8635557
Dropping frame 1403636620.1135554
Dropping frame 1403636620.4635556
Dropping frame 1403636620.5635555
Dropping frame 1403636620.7135556
Dropping frame 1403636620.9635556
Dropping frame 1403636621.4135554
Dropping frame 1403636621.5635555
Dropping frame 1403636621.7135556
Dropping frame 1403636621.9135554
Dropping frame 1403636622.0635555
Dropping frame 1403636622.2635555
Dropping frame 1403636622.5135555
Dropping frame 1403636622.6135554
Dropping frame 1403636622.9135554
Dropping frame 1403636623.1135554
Dropping frame 1403636623.2635555
Dropping frame 1403636623.5135555
Dropping frame 1403636623.7135556
Dropping frame 1403636623.9135554
Dropping frame 1403636624.0635555
Dropping frame 1403636624.2635555
Dropping frame 1403636624.4635556
Dropping frame 1403636624.8135555
Dropping frame 1403636625.1135554
Dropping frame 1403636625.3135555
Dropping frame 1403636625.6135554
Dropping frame 1403636625.8135555
Dropping frame 1403636626.1135554
Dropping frame 1403636626.3135555
Dropping frame 1403636626.4135554
Dropping frame 1403636626.5635555
Dropping frame 1403636626.7635555
Dropping frame 1403636626.9135554
Dropping frame 1403636627.1135554
Dropping frame 1403636627.2135556
Dropping frame 1403636627.4635556
Dropping frame 1403636627.7135556
Dropping frame 1403636627.8635557
Dropping frame 1403636628.2135556
Dropping frame 1403636628.3635557
Dropping frame 1403636628.6135554
Dropping frame 1403636628.8135555
Dropping frame 1403636629.2635555
Dropping frame 1403636629.3635557
Dropping frame 1403636629.6135554
Dropping frame 1403636629.7635555
Dropping frame 1403636630.1135554
Dropping frame 1403636630.2635555
Dropping frame 1403636630.5135555
Dropping frame 1403636630.7135556
Dropping frame 1403636630.8135555
Dropping frame 1403636631.0135555
Dropping frame 1403636631.1635556
Dropping frame 1403636631.2635555
Dropping frame 1403636631.4635556
Dropping frame 1403636631.7635555
Dropping frame 1403636632.0135555
Dropping frame 1403636632.2135556
Dropping frame 1403636632.3135555
Dropping frame 1403636632.6635556
Dropping frame 1403636632.9135554
Dropping frame 1403636633.1135554
Dropping frame 1403636633.5635555
Dropping frame 1403636633.6635556
Dropping frame 1403636633.8635557
Dropping frame 1403636634.4135554
Dropping frame 1403636635.0635555
Dropping frame 1403636635.3135555
Dropping frame 1403636635.6135554
Dropping frame 1403636636.1635556
Dropping frame 1403636636.3135555
Dropping frame 1403636636.5635555
Dropping frame 1403636636.8135555
Dropping frame 1403636637.0135555
Dropping frame 1403636637.1135554
Dropping frame 1403636637.3135555
Dropping frame 1403636637.5135555
Dropping frame 1403636637.8635557
Dropping frame 1403636637.9635556
Dropping frame 1403636638.1635556
Dropping frame 1403636638.3135555
Dropping frame 1403636638.7635555
Dropping frame 1403636639.0135555
Dropping frame 1403636639.3635557
Dropping frame 1403636639.5635555
Dropping frame 1403636639.7135556
Dropping frame 1403636640.2635555
Dropping frame 1403636640.4635556
Dropping frame 1403636640.6135554
Dropping frame 1403636640.8635557
Dropping frame 1403636641.0635555
Dropping frame 1403636641.3135555
Dropping frame 1403636641.6635556
Dropping frame 1403636641.7635555
Dropping frame 1403636642.0635555
Dropping frame 1403636642.4635556
Dropping frame 1403636642.5635555
Dropping frame 1403636643.0135555
Dropping frame 1403636643.1135554
Dropping frame 1403636643.3135555
Dropping frame 1403636643.7135556
Dropping frame 1403636643.9135554
Dropping frame 1403636644.1135554
Dropping frame 1403636644.3135555
Dropping frame 1403636644.6135554
Dropping frame 1403636644.8635557
Dropping frame 1403636645.2135556
Dropping frame 1403636645.5135555
Dropping frame 1403636645.7135556
Dropping frame 1403636645.8135555
Dropping frame 1403636646.1635556
Dropping frame 1403636646.4135554
Dropping frame 1403636646.5135555
Dropping frame 1403636646.6135554
Dropping frame 1403636646.9135554
Dropping frame 1403636647.1635556
Dropping frame 1403636647.5135555
Dropping frame 1403636647.6135554
Dropping frame 1403636647.8135555
Dropping frame 1403636647.9635556
Dropping frame 1403636648.0635555
Dropping frame 1403636648.4135554
Dropping frame 1403636648.5635555
Dropping frame 1403636648.8635557
Dropping frame 1403636649.1135554
Dropping frame 1403636649.3635557
Dropping frame 1403636649.6635556
Dropping frame 1403636650.1635556
Dropping frame 1403636650.3635557
Dropping frame 1403636650.7135556
Dropping frame 1403636650.8135555
Dropping frame 1403636650.9135554
Dropping frame 1403636651.0135555
Dropping frame 1403636651.1135554
Dropping frame 1403636651.3135555
Dropping frame 1403636651.6635556
Dropping frame 1403636651.8635557
Dropping frame 1403636652.0135555
Dropping frame 1403636652.5135555
Dropping frame 1403636652.6635556
Dropping frame 1403636652.8635557
Dropping frame 1403636653.2135556
Dropping frame 1403636653.4135554
Dropping frame 1403636653.5635555
Dropping frame 1403636654.1635556
Dropping frame 1403636654.6135554
Dropping frame 1403636654.8635557
Dropping frame 1403636655.1135554
Dropping frame 1403636655.4135554
Dropping frame 1403636655.6135554
Dropping frame 1403636655.7635555
Dropping frame 1403636655.8635557
Dropping frame 1403636656.1135554
Dropping frame 1403636656.2135556
Dropping frame 1403636656.4635556
Dropping frame 1403636656.6635556
Dropping frame 1403636656.7635555
Dropping frame 1403636656.9635556
Dropping frame 1403636657.0635555
Dropping frame 1403636657.1635556
Dropping frame 1403636657.3635557
Dropping frame 1403636657.4635556
Dropping frame 1403636657.7135556
Dropping frame 1403636658.1635556
Dropping frame 1403636658.3135555
Dropping frame 1403636658.5135555
Dropping frame 1403636658.6135554
Dropping frame 1403636658.7135556
Dropping frame 1403636658.9635556
Dropping frame 1403636659.0635555
Dropping frame 1403636659.2635555
Dropping frame 1403636659.3635557
Dropping frame 1403636659.5135555
Dropping frame 1403636659.6635556
Dropping frame 1403636659.8635557
Dropping frame 1403636659.9635556
Dropping frame 1403636660.1635556
Dropping frame 1403636660.3135555
Dropping frame 1403636660.4135554
Dropping frame 1403636660.6135554
Dropping frame 1403636660.7135556
Dropping frame 1403636660.8135555
Dropping frame 1403636661.0135555
Dropping frame 1403636661.1135554
Dropping frame 1403636661.2135556
Dropping frame 1403636661.3135555
Dropping frame 1403636661.4635556
Dropping frame 1403636661.6135554
Dropping frame 1403636661.8135555
Dropping frame 1403636662.0135555
Dropping frame 1403636662.1135554
Dropping frame 1403636662.2135556
Dropping frame 1403636662.3135555
Dropping frame 1403636662.5135555
Dropping frame 1403636662.6135554
Dropping frame 1403636662.8135555
Dropping frame 1403636662.9135554
Dropping frame 1403636663.1635556
Dropping frame 1403636663.4135554
Dropping frame 1403636663.6135554
Dropping frame 1403636663.7135556
Dropping frame 1403636664.0135555
Dropping frame 1403636664.1135554
Dropping frame 1403636664.2135556
Dropping frame 1403636664.4135554
Dropping frame 1403636664.6135554
Dropping frame 1403636664.7135556
Dropping frame 1403636664.8135555
Dropping frame 1403636665.0635555
Dropping frame 1403636665.2635555
Dropping frame 1403636665.4635556
Dropping frame 1403636665.5635555
Dropping frame 1403636665.6635556
Dropping frame 1403636665.8635557
Dropping frame 1403636665.9635556
Dropping frame 1403636666.0635555
Dropping frame 1403636666.1635556
Dropping frame 1403636666.2635555
Dropping frame 1403636666.4635556
Dropping frame 1403636666.5635555
Dropping frame 1403636666.6635556
Dropping frame 1403636666.7635555
Dropping frame 1403636666.9635556
Dropping frame 1403636667.0635555
Dropping frame 1403636667.1635556
Dropping frame 1403636667.3635557
Dropping frame 1403636667.5635555
Dropping frame 1403636667.6635556
Dropping frame 1403636667.7635555
Dropping frame 1403636667.8635557
Dropping frame 1403636667.9635556
Dropping frame 1403636668.2135556
Dropping frame 1403636668.3135555
Dropping frame 1403636668.4135554
Dropping frame 1403636668.5135555
Dropping frame 1403636668.7135556
Dropping frame 1403636668.8135555
Dropping frame 1403636668.9135554
Dropping frame 1403636669.1135554
Dropping frame 1403636669.2135556
Dropping frame 1403636669.3135555
Dropping frame 1403636669.4135554
Dropping frame 1403636669.5135555
Dropping frame 1403636669.6135554
Dropping frame 1403636669.7135556
Dropping frame 1403636669.8135555
Dropping frame 1403636670.0135555
Dropping frame 1403636670.2135556
Dropping frame 1403636670.3135555
Dropping frame 1403636670.4135554
Dropping frame 1403636670.6135554
Dropping frame 1403636670.7135556
Dropping frame 1403636670.8135555
Dropping frame 1403636670.9135554
Dropping frame 1403636671.0135555
Dropping frame 1403636671.1135554
Dropping frame 1403636671.2135556
Dropping frame 1403636671.3135555
Dropping frame 1403636671.4135554
Dropping frame 1403636671.5135555
Dropping frame 1403636671.7135556
Dropping frame 1403636671.8135555
Dropping frame 1403636671.9635556
Dropping frame 1403636672.1135554
Dropping frame 1403636672.2135556
Dropping frame 1403636672.3135555
Dropping frame 1403636672.4135554
Dropping frame 1403636672.5135555
Dropping frame 1403636672.6635556
Dropping frame 1403636672.8635557
Dropping frame 1403636672.9635556
Dropping frame 1403636673.0635555
Dropping frame 1403636673.3135555
Dropping frame 1403636673.4135554
Dropping frame 1403636673.5135555
Dropping frame 1403636673.6135554
Dropping frame 1403636673.7135556
Dropping frame 1403636673.9135554
Dropping frame 1403636674.0135555
Dropping frame 1403636674.1135554
Dropping frame 1403636674.2135556
Dropping frame 1403636674.3135555
Dropping frame 1403636674.4135554
Dropping frame 1403636674.6135554
Dropping frame 1403636674.8635557
Dropping frame 1403636674.9635556
Dropping frame 1403636675.3135555
Dropping frame 1403636675.5135555
Dropping frame 1403636675.6135554
Dropping frame 1403636675.7635555
Dropping frame 1403636675.9635556
Dropping frame 1403636676.0635555
Dropping frame 1403636676.1635556
Dropping frame 1403636676.3635557
Dropping frame 1403636676.5635555
Dropping frame 1403636676.6635556
Dropping frame 1403636676.7635555
Dropping frame 1403636676.9635556
Dropping frame 1403636677.0635555
Dropping frame 1403636677.1635556
Dropping frame 1403636677.3635557
Dropping frame 1403636677.4635556
Dropping frame 1403636677.5635555
Dropping frame 1403636677.7135556
Dropping frame 1403636677.8135555
Dropping frame 1403636678.0135555
Dropping frame 1403636678.2635555
Dropping frame 1403636678.3635557
Dropping frame 1403636678.5635555
Dropping frame 1403636678.6635556
Dropping frame 1403636678.8635557
Dropping frame 1403636678.9635556
Dropping frame 1403636679.2135556
Dropping frame 1403636679.5135555
Dropping frame 1403636679.6135554
Dropping frame 1403636679.7135556
Dropping frame 1403636679.8135555
Dropping frame 1403636680.0135555
Dropping frame 1403636680.1135554
Dropping frame 1403636680.5135555
Dropping frame 1403636680.6135554
Dropping frame 1403636680.7135556
Dropping frame 1403636680.9635556
Dropping frame 1403636681.1635556
Dropping frame 1403636681.2635555
Dropping frame 1403636681.4135554
Dropping frame 1403636681.5135555
Dropping frame 1403636681.6135554
Dropping frame 1403636681.7135556
Dropping frame 1403636681.8135555
Dropping frame 1403636681.9135554
Dropping frame 1403636682.1635556
Dropping frame 1403636682.2635555
Dropping frame 1403636682.5135555
Dropping frame 1403636682.6135554
Dropping frame 1403636682.8135555
Dropping frame 1403636682.9135554
Dropping frame 1403636683.0635555
Dropping frame 1403636683.2635555
Dropping frame 1403636683.3635557
Dropping frame 1403636683.4635556
Dropping frame 1403636683.6635556
Dropping frame 1403636683.8135555
Dropping frame 1403636683.9135554
Dropping frame 1403636684.1135554
Dropping frame 1403636684.2135556
Dropping frame 1403636684.3135555
Dropping frame 1403636684.4135554
Dropping frame 1403636684.5135555
Dropping frame 1403636684.9135554
Dropping frame 1403636685.0135555
Dropping frame 1403636685.1135554
Dropping frame 1403636685.2135556
Dropping frame 1403636685.3135555
Dropping frame 1403636685.5135555
Dropping frame 1403636685.6135554
Dropping frame 1403636685.7135556
Dropping frame 1403636685.8635557
Dropping frame 1403636685.9635556
Dropping frame 1403636686.0635555
Dropping frame 1403636686.2635555
Dropping frame 1403636686.4635556
Dropping frame 1403636686.5635555
Dropping frame 1403636686.6635556
Dropping frame 1403636686.7635555
Dropping frame 1403636686.9135554
Dropping frame 1403636687.0135555
Dropping frame 1403636687.1135554
Dropping frame 1403636687.3135555
Dropping frame 1403636687.5135555
Dropping frame 1403636687.6135554
Dropping frame 1403636687.7135556
Dropping frame 1403636687.9135554
Dropping frame 1403636688.0135555
Dropping frame 1403636688.1135554
Dropping frame 1403636688.2135556
Dropping frame 1403636688.3135555
Dropping frame 1403636688.4135554
Dropping frame 1403636688.5135555
Dropping frame 1403636688.7135556
Dropping frame 1403636688.8135555
Dropping frame 1403636688.9135554
Dropping frame 1403636689.1135554
Dropping frame 1403636689.2135556
Dropping frame 1403636689.3135555
Dropping frame 1403636689.5135555
Dropping frame 1403636689.6135554
Dropping frame 1403636689.7135556
Dropping frame 1403636689.9135554
Dropping frame 1403636690.0135555
Dropping frame 1403636690.1135554
Dropping frame 1403636690.2135556
Dropping frame 1403636690.3135555
Dropping frame 1403636690.5135555
Dropping frame 1403636690.6135554
Dropping frame 1403636690.7135556
Dropping frame 1403636690.9635556
Dropping frame 1403636691.0635555
Dropping frame 1403636691.1635556
Dropping frame 1403636691.2635555
Dropping frame 1403636691.3635557
Dropping frame 1403636691.4635556
Dropping frame 1403636691.6635556
Dropping frame 1403636691.7635555
Dropping frame 1403636691.8635557
Dropping frame 1403636691.9635556
Dropping frame 1403636692.0635555
Dropping frame 1403636692.2635555
Dropping frame 1403636692.3635557
Dropping frame 1403636692.4635556
Dropping frame 1403636692.6635556
Dropping frame 1403636692.8635557
Dropping frame 1403636692.9635556
Dropping frame 1403636693.0635555
Dropping frame 1403636693.1635556
Dropping frame 1403636693.4635556
Dropping frame 1403636693.5635555
Dropping frame 1403636693.6635556
Dropping frame 1403636693.9135554
Dropping frame 1403636694.1135554
Dropping frame 1403636694.3135555
Dropping frame 1403636694.4135554
Dropping frame 1403636694.5135555
Dropping frame 1403636694.6135554
Dropping frame 1403636694.7135556
Dropping frame 1403636694.9135554
Dropping frame 1403636695.0135555
Dropping frame 1403636695.1135554
Dropping frame 1403636695.2135556
Dropping frame 1403636695.4135554
Dropping frame 1403636695.5135555
Dropping frame 1403636695.6135554
Dropping frame 1403636695.7635555
Dropping frame 1403636695.8635557
Dropping frame 1403636696.0635555
Dropping frame 1403636696.2635555
Dropping frame 1403636696.3635557
Dropping frame 1403636696.4635556
Dropping frame 1403636696.6635556
Dropping frame 1403636696.7635555
Dropping frame 1403636696.9635556
Dropping frame 1403636697.1635556
Dropping frame 1403636697.2635555
Dropping frame 1403636697.4135554
Dropping frame 1403636697.5135555
Dropping frame 1403636697.6135554
Dropping frame 1403636697.8135555
Dropping frame 1403636698.0635555
Dropping frame 1403636698.1635556
Dropping frame 1403636698.2635555
Dropping frame 1403636698.3635557
Dropping frame 1403636698.6135554
Dropping frame 1403636698.7135556
Dropping frame 1403636698.8135555
Dropping frame 1403636698.9135554
Dropping frame 1403636699.1135554
Dropping frame 1403636699.2135556
Dropping frame 1403636699.3135555
Dropping frame 1403636699.4135554
Dropping frame 1403636699.6135554
Dropping frame 1403636699.7135556
Dropping frame 1403636699.8135555
Dropping frame 1403636699.9135554
Dropping frame 1403636700.0135555
Dropping frame 1403636700.2135556
Dropping frame 1403636700.3135555
Dropping frame 1403636700.4635556
Dropping frame 1403636700.5635555
Dropping frame 1403636700.6635556
Dropping frame 1403636700.8135555
Dropping frame 1403636701.0635555
Dropping frame 1403636701.1635556
Dropping frame 1403636701.2635555
Dropping frame 1403636701.4635556
Dropping frame 1403636701.5635555
Dropping frame 1403636701.6635556
Dropping frame 1403636701.7635555
Dropping frame 1403636701.8635557
Dropping frame 1403636702.1135554
Dropping frame 1403636702.3135555
Dropping frame 1403636702.5135555
Dropping frame 1403636702.7135556
Dropping frame 1403636702.9135554
Dropping frame 1403636703.0135555
Dropping frame 1403636703.1135554
Dropping frame 1403636703.3135555
Dropping frame 1403636703.4135554
Dropping frame 1403636703.5135555
Dropping frame 1403636703.6135554
Dropping frame 1403636703.7135556
Dropping frame 1403636703.8135555
Dropping frame 1403636704.0135555
Dropping frame 1403636704.1135554
Dropping frame 1403636704.2135556
Dropping frame 1403636704.4135554
Dropping frame 1403636704.5135555
Dropping frame 1403636704.7135556
Dropping frame 1403636704.8135555
Dropping frame 1403636704.9135554
Dropping frame 1403636705.0135555
Dropping frame 1403636705.2635555
Dropping frame 1403636705.5135555
Dropping frame 1403636705.7635555
Dropping frame 1403636705.8635557
Dropping frame 1403636705.9635556
Dropping frame 1403636706.1635556
Dropping frame 1403636706.6135554
Dropping frame 1403636706.7135556
Dropping frame 1403636706.8135555
Dropping frame 1403636707.0135555
Dropping frame 1403636707.1135554
Dropping frame 1403636707.3135555
Dropping frame 1403636707.4135554
Dropping frame 1403636707.5135555
Dropping frame 1403636707.6135554
Dropping frame 1403636707.7135556
Dropping frame 1403636707.8135555
Dropping frame 1403636707.9135554
Dropping frame 1403636708.0635555
Dropping frame 1403636708.1635556
Dropping frame 1403636708.2635555
Dropping frame 1403636708.4635556
Dropping frame 1403636708.5635555
Dropping frame 1403636708.6635556
Dropping frame 1403636708.7635555
Dropping frame 1403636708.9135554
Dropping frame 1403636709.0135555
Dropping frame 1403636709.2635555
Dropping frame 1403636709.4135554
Dropping frame 1403636709.5135555
Dropping frame 1403636709.7135556
Dropping frame 1403636709.8135555
Dropping frame 1403636709.9135554
Dropping frame 1403636710.0135555
Dropping frame 1403636710.2135556
Dropping frame 1403636710.3135555
Dropping frame 1403636710.4135554
Dropping frame 1403636710.5135555
Dropping frame 1403636710.7635555
Dropping frame 1403636710.8635557
Dropping frame 1403636711.1135554
Dropping frame 1403636711.2135556
Dropping frame 1403636711.4135554
Dropping frame 1403636711.6135554
Dropping frame 1403636711.8135555
Dropping frame 1403636712.0135555
Dropping frame 1403636712.2135556
Dropping frame 1403636712.3135555
Dropping frame 1403636712.4635556
Dropping frame 1403636712.7135556
Dropping frame 1403636712.8135555
Dropping frame 1403636713.1635556
Dropping frame 1403636713.2635555
Dropping frame 1403636713.5135555
Dropping frame 1403636713.7135556
Dropping frame 1403636713.9135554
Dropping frame 1403636714.0135555
Dropping frame 1403636714.1135554
Dropping frame 1403636714.3135555
Dropping frame 1403636714.5135555
Dropping frame 1403636714.8635557
Dropping frame 1403636715.1135554
Dropping frame 1403636715.2635555
Dropping frame 1403636715.5135555
Dropping frame 1403636716.1635556
Dropping frame 1403636716.3635557
Dropping frame 1403636716.5635555
Dropping frame 1403636716.7635555
Dropping frame 1403636716.9635556
Dropping frame 1403636717.0635555
Dropping frame 1403636717.4635556
Dropping frame 1403636717.5635555
Dropping frame 1403636717.7635555
Dropping frame 1403636718.0135555
Dropping frame 1403636718.1135554
Dropping frame 1403636718.5135555
Dropping frame 1403636718.6135554
Dropping frame 1403636718.8635557
Dropping frame 1403636719.2635555
Dropping frame 1403636719.7135556
Dropping frame 1403636719.9135554
Dropping frame 1403636720.0135555
Dropping frame 1403636720.1135554
Dropping frame 1403636720.3135555
Dropping frame 1403636720.5135555
Dropping frame 1403636720.7135556
Dropping frame 1403636720.9135554
Dropping frame 1403636721.0135555
Dropping frame 1403636721.2135556
Dropping frame 1403636721.3135555
Dropping frame 1403636721.7635555
Dropping frame 1403636721.8635557
Dropping frame 1403636721.9635556
Dropping frame 1403636722.1635556
Dropping frame 1403636722.3635557
Dropping frame 1403636722.5635555
Dropping frame 1403636722.7635555
Dropping frame 1403636722.8635557
Dropping frame 1403636722.9635556
Dropping frame 1403636723.1635556
Dropping frame 1403636723.3635557
Dropping frame 1403636723.4635556
Dropping frame 1403636723.5635555
Dropping frame 1403636723.7635555
Dropping frame 1403636723.9635556
Dropping frame 1403636724.1635556
Dropping frame 1403636724.3635557
Dropping frame 1403636724.5635555
Dropping frame 1403636724.7635555
Dropping frame 1403636724.8635557
Dropping frame 1403636725.1135554
Dropping frame 1403636725.3135555
Dropping frame 1403636725.4135554
Dropping frame 1403636725.9135554
Dropping frame 1403636726.1135554
Dropping frame 1403636726.2635555
Dropping frame 1403636726.4635556
Dropping frame 1403636726.6135554
Dropping frame 1403636726.8135555
Dropping frame 1403636727.0135555
Dropping frame 1403636727.2135556
Dropping frame 1403636727.3135555
Dropping frame 1403636727.4635556
Dropping frame 1403636727.6635556
Dropping frame 1403636727.7635555
Dropping frame 1403636728.0135555
Dropping frame 1403636728.1135554
Dropping frame 1403636728.3635557
Dropping frame 1403636728.5635555
Dropping frame 1403636728.7635555
Dropping frame 1403636728.8635557
Dropping frame 1403636728.9635556
Dropping frame 1403636729.1635556
Dropping frame 1403636729.3635557
Dropping frame 1403636729.5635555
Dropping frame 1403636729.7635555
Dropping frame 1403636729.9635556
Dropping frame 1403636730.0635555
Dropping frame 1403636730.3135555
Dropping frame 1403636730.5135555
Dropping frame 1403636730.7135556
Dropping frame 1403636730.9135554
Dropping frame 1403636731.0135555
Dropping frame 1403636731.2635555
Dropping frame 1403636731.4635556
Dropping frame 1403636731.6635556
Dropping frame 1403636731.8135555
Dropping frame 1403636732.0135555
Dropping frame 1403636732.1135554
Dropping frame 1403636732.3635557
Dropping frame 1403636732.5635555
Dropping frame 1403636732.7635555
Dropping frame 1403636732.9635556
Dropping frame 1403636733.1635556
Dropping frame 1403636733.2635555
Dropping frame 1403636733.3635557
Dropping frame 1403636733.4635556
Dropping frame 1403636733.6635556
Dropping frame 1403636733.8635557
Dropping frame 1403636734.0635555
Dropping frame 1403636734.2635555
Dropping frame 1403636734.3635557
Dropping frame 1403636734.4635556
Dropping frame 1403636734.6635556
Dropping frame 1403636734.8635557
Dropping frame 1403636735.0635555
Dropping frame 1403636735.3635557
Dropping frame 1403636735.5635555
Dropping frame 1403636735.7635555
Dropping frame 1403636735.9635556
Dropping frame 1403636736.1635556
Dropping frame 1403636736.3635557
Dropping frame 1403636736.5635555
Dropping frame 1403636736.7635555
Dropping frame 1403636736.8635557
Dropping frame 1403636736.9635556
Dropping frame 1403636737.1635556
Dropping frame 1403636737.2635555
Dropping frame 1403636737.3635557
Dropping frame 1403636737.5635555
Dropping frame 1403636737.7635555
Dropping frame 1403636737.9635556
Dropping frame 1403636738.0635555
Dropping frame 1403636738.1635556
Dropping frame 1403636738.3635557
Dropping frame 1403636738.5635555
Dropping frame 1403636738.7635555
Dropping frame 1403636738.9635556
Dropping frame 1403636739.1635556
Dropping frame 1403636739.3635557
Dropping frame 1403636739.5635555
Dropping frame 1403636739.7635555
Dropping frame 1403636739.9635556
Dropping frame 1403636740.1635556
Dropping frame 1403636740.2635555
Dropping frame 1403636740.3635557
Dropping frame 1403636740.5635555
Dropping frame 1403636740.7635555
Dropping frame 1403636740.8635557
Dropping frame 1403636741.0635555
Dropping frame 1403636741.1635556
Dropping frame 1403636741.3635557
Dropping frame 1403636741.5635555
Dropping frame 1403636741.7635555
Dropping frame 1403636741.9635556
Dropping frame 1403636742.1635556
Dropping frame 1403636742.2635555
Dropping frame 1403636742.7135556
Dropping frame 1403636742.9135554
Dropping frame 1403636743.1135554
Dropping frame 1403636743.2135556
Dropping frame 1403636743.5135555
Dropping frame 1403636743.7135556
Dropping frame 1403636744.0635555
Dropping frame 1403636744.2635555
Dropping frame 1403636744.3635557
Dropping frame 1403636744.4635556
Dropping frame 1403636744.6635556
Dropping frame 1403636744.8635557
Dropping frame 1403636745.0635555
Dropping frame 1403636745.2635555
Dropping frame 1403636745.4635556
Dropping frame 1403636745.6635556
Dropping frame 1403636745.7635555
Dropping frame 1403636745.8635557
Dropping frame 1403636746.0635555
Dropping frame 1403636746.1635556
Dropping frame 1403636746.2635555
Dropping frame 1403636746.3635557
Dropping frame 1403636746.5635555
Dropping frame 1403636746.7635555
Dropping frame 1403636746.9135554
Dropping frame 1403636747.0135555
Dropping frame 1403636747.1135554
Dropping frame 1403636747.2135556
Dropping frame 1403636747.4135554
Dropping frame 1403636747.5135555
Dropping frame 1403636747.6135554
Dropping frame 1403636747.8135555
Dropping frame 1403636748.0135555
Dropping frame 1403636748.1135554
Dropping frame 1403636748.3135555
Dropping frame 1403636748.4135554
Dropping frame 1403636748.5135555
Dropping frame 1403636748.7135556
Dropping frame 1403636748.9135554
Dropping frame 1403636749.1135554
Dropping frame 1403636749.2135556
Dropping frame 1403636749.5635555
Dropping frame 1403636749.7635555
Dropping frame 1403636749.9635556
Dropping frame 1403636750.1635556
Dropping frame 1403636750.2635555
Dropping frame 1403636750.3635557
Dropping frame 1403636750.5635555
Dropping frame 1403636750.7635555
Dropping frame 1403636750.9635556
Dropping frame 1403636751.0635555
Dropping frame 1403636751.1635556
Dropping frame 1403636751.3635557
Dropping frame 1403636751.5635555
Dropping frame 1403636751.7635555
Dropping frame 1403636751.8635557
Dropping frame 1403636752.0635555
Dropping frame 1403636752.2635555
Dropping frame 1403636752.3635557
Dropping frame 1403636752.4635556
Dropping frame 1403636752.6635556
Dropping frame 1403636752.7635555
Dropping frame 1403636752.8635557
Dropping frame 1403636752.9635556
Dropping frame 1403636753.1635556
Dropping frame 1403636753.3635557
Dropping frame 1403636753.4635556
Dropping frame 1403636753.5635555
Dropping frame 1403636753.7635555
Dropping frame 1403636753.9635556
Dropping frame 1403636754.0635555
Dropping frame 1403636754.1635556
Dropping frame 1403636754.3635557
Dropping frame 1403636754.5635555
Dropping frame 1403636754.6635556
Dropping frame 1403636754.7635555
Dropping frame 1403636754.8635557
Dropping frame 1403636755.0635555
Dropping frame 1403636755.1635556
Dropping frame 1403636755.2635555
Dropping frame 1403636755.3635557
Dropping frame 1403636755.4635556
Dropping frame 1403636755.6635556
Dropping frame 1403636755.8635557
Dropping frame 1403636756.0635555
Dropping frame 1403636756.2635555
Dropping frame 1403636756.3635557
Dropping frame 1403636756.4635556
Dropping frame 1403636756.6635556
Dropping frame 1403636756.8635557
Dropping frame 1403636756.9635556
Dropping frame 1403636757.0635555
Dropping frame 1403636757.1635556
Dropping frame 1403636757.5135555
Dropping frame 1403636757.7135556
Dropping frame 1403636757.9135554
Dropping frame 1403636758.0135555
Dropping frame 1403636758.1135554
Dropping frame 1403636758.2135556
Dropping frame 1403636758.4135554
Dropping frame 1403636758.5135555
Dropping frame 1403636758.6135554
Dropping frame 1403636758.8135555
Dropping frame 1403636759.0135555
Dropping frame 1403636759.1135554
Dropping frame 1403636759.3135555
Dropping frame 1403636759.5135555
Dropping frame 1403636759.7135556
Dropping frame 1403636759.9135554
Dropping frame 1403636760.1135554
Dropping frame 1403636760.3135555
Dropping frame 1403636760.4135554
Dropping frame 1403636760.5135555
Dropping frame 1403636760.7635555
Dropping frame 1403636760.9635556
Dropping frame 1403636761.0635555
Dropping frame 1403636761.1635556
Dropping frame 1403636761.2635555
Dropping frame 1403636761.4635556
Dropping frame 1403636761.6635556
Dropping frame 1403636761.7635555
Dropping frame 1403636761.8635557
Dropping frame 1403636762.0635555
Dropping frame 1403636762.2635555
Dropping frame 1403636762.3635557
Dropping frame 1403636762.5635555
Dropping frame 1403636762.6635556
Dropping frame 1403636762.7635555
Dropping frame 1403636762.9635556
Dropping frame 1403636763.1635556
Dropping frame 1403636763.3635557
Dropping frame 1403636763.4635556
Dropping frame 1403636763.5635555
Dropping frame 1403636763.7635555
Shutdown
SLAM Finished at System Time: 1742860246.16283

 TIME STATS in ms (mean$\pm$std)
OpenCV version: 4.8.1
---------------------------
Tracking

ORB Extraction: 22.663$\pm$2.0316
Stereo Matching: 7.4358$\pm$2.0012
IMU Preintegration: 0.27385$\pm$0.11594
Pose Prediction: 0.21369$\pm$0.57806
LM Track: 20.856$\pm$6.083
New KF decision: 1.2302$\pm$2.2674
Total Tracking: 32.182$\pm$29.435



Local Mapping

KF Insertion: 18.97$\pm$7.4921
MP Culling: 0.53353$\pm$0.21337
MP Creation: 51.535$\pm$16.484
LBA: 162.63$\pm$55.738
KF Culling: 18.26$\pm$11.339
Total Local Mapping: 251.69$\pm$81.471
---------------------------

LBA complexity (mean$\pm$std)
LBA Edges: 1879.4$\pm$764.26
LBA KF optimized: 6.5$\pm$2.2913
LBA KF fixed: 1$\pm$0
LBA MP: nan$\pm$nan

LBA executions: 528
LBA aborts: 0
---------------------------

Map complexity
KFs in map: 130
MPs in map: 9098
---------------------------

Place Recognition (mean$\pm$std)
Database Query: 1.6296$\pm$0.95193
SE3 estimation: 11.643$\pm$17.137
Total Place Recognition: 12.178$\pm$17.304


Loop Closing (mean$\pm$std)
Loop Fusion: nan$\pm$nan
Essential Graph: nan$\pm$nan
Total Loop Closing: nan$\pm$nan

Num exec: 0
Number of KFs: nan$\pm$nan

Map Merging (mean$\pm$std)
Merge Maps: nan$\pm$nan
Welding BA: nan$\pm$nan
Optimization Ess.: nan$\pm$nan
Total Map Merging: nan$\pm$nan

Num exec: 0
Number of KFs: nan$\pm$nan
Number of MPs: nan$\pm$nan

Full GBA (mean$\pm$std)
GBA: nan$\pm$nan
Map Update: nan$\pm$nan
Total Full GBA: nan$\pm$nan

Num exec: 0
Num abort: 0
Number of KFs: nan$\pm$nan
Number of MPs: nan$\pm$nan

Saving trajectory to f_dataset-MH01_stereo_imu.txt ...
There are 1 maps in the atlas
  Map 0 has 130 KFs

End of saving trajectory to f_dataset-MH01_stereo_imu.txt ...

Saving keyframe trajectory to kf_dataset-MH01_stereo_imu.txt ...
