num_seq = 1
file name: dataset-MH01_stereo_imu
Loading images for sequence 0...LOADED!
Loading IMU for sequence 0...LOADED!

-------

ORB-SLAM3 Copyright (C) 2017-2020 Carlos Campos, Richard Elvira, Juan J. Gómez, José M.M. Montiel and Juan D. Tardós, University of Zaragoza.
ORB-SLAM2 Copyright (C) 2014-2016 Raúl Mur-Artal, José M.M. Montiel and Juan D. Tardós, University of Zaragoza.
This program comes with ABSOLUTELY NO WARRANTY;
This is free software, and you are welcome to redistribute it
under certain conditions. See LICENSE.txt.

Built with REGISTER_TIMES
Git Commit Hash: 2d47524

Build Type: Release

Compiled with C++ version: 201703

Input sensor was set to: Stereo-Inertial
Loading settings from EuRoC_fov_deadlines_mask_3x3.yaml
	-Loaded camera 1
	-Loaded camera 2
	-Loaded image info
	-Loaded IMU calibration
	-Loaded ORB settings
	-Loaded viewer settings
	-Loaded Atlas settings
Deadlines enabled, will skip frames!
FOV enabled
Static mask size: 3x3
Dumping map points enabled
	-Loaded misc parameters
	-Computed rectification maps
----------------------------------
SLAM settings: 
	-Camera 1 parameters (Pinhole): [ 458.65399169921875 457.29598999023438 367.21499633789062 248.375 ]
	-Camera 1 distortion parameters: [  -0.28340810537338257 0.073959067463874817 0.00019359000725671649 1.7618711353861727e-05 ]
	-Camera 2 parameters (Pinhole: [ 457.58700561523438 456.13400268554688 379.99899291992188 255.23800659179688 ]
	-Camera 1 distortion parameters: [  -0.2836836576461792 0.074512839317321777 -0.00010473000293131918 -3.555907096597366e-05 ]
	-Original image size: [ 752 , 480 ]
	-Current image size: [ 752 , 480 ]
	-Camera 1 parameters after rectification: [  456.71499633789062 456.71499633789062 364.52615356445312 257.268798828125 ]
	-Sequence FPS: 20
	-Stereo baseline: 0.11007784307003021
	-Stereo depth threshold : 60
	-Gyro noise: 0.00016999999934341758
	-Accelerometer noise: 0.0020000000949949026
	-Gyro walk: 1.9392999092815444e-05
	-Accelerometer walk: 0.0030000000260770321
	-IMU frequency: 200
	-Features per image: 1200
	-ORB scale factor: 1.2000000476837158
	-ORB number of scales: 8
	-Initial FAST threshold: 20
	-Min FAST threshold: 7


Loading ORB Vocabulary. This could take a while...
Vocabulary loaded!

Initialization of Atlas from scratch 
Creation of new map with id: 0
Creation of new map with last KF id: 0
Seq. Name: 
There are 1 cameras in the atlas
Camera 0 is pinhole
SLAM Started at System Time: 1740904803.25827
not IMU meas
not IMU meas
not enough acceleration
not enough acceleration
First KF:0; Map init KF:0
New Map created with 487 points
Active map: 0
Dropping frame 1403636580.0635555
Fail to track local map!
IMU is not or recently initialized. Reseting active map...
LM: Active map reset recieved
LM: Active map reset, waiting...
LM: Reseting current map in Local Mapping...
LM: End reseting Local Mapping...
LM: Reset free the mutex
LM: Active map reset, Done!!!
mnFirstFrameId = 4
mnInitialFrameId = 0
9 Frames set to lost
not IMU meas
First KF:2; Map init KF:0
New Map created with 94 points
Active map: 0
Fail to track local map!
IMU is not or recently initialized. Reseting active map...
LM: Active map reset recieved
LM: Active map reset, waiting...
LM: Reseting current map in Local Mapping...
LM: End reseting Local Mapping...
LM: Reset free the mutex
LM: Active map reset, Done!!!
mnFirstFrameId = 14
mnInitialFrameId = 12
13 Frames set to lost
not IMU meas
not enough acceleration
First KF:3; Map init KF:2
New Map created with 199 points
Active map: 0
Fail to track local map!
IMU is not or recently initialized. Reseting active map...
LM: Active map reset recieved
LM: Active map reset, waiting...
LM: Reseting current map in Local Mapping...
LM: End reseting Local Mapping...
LM: Reset free the mutex
LM: Active map reset, Done!!!
mnFirstFrameId = 20
mnInitialFrameId = 17
18 Frames set to lost
not IMU meas
not enough acceleration
not enough acceleration
not enough acceleration
not enough acceleration
First KF:4; Map init KF:3
New Map created with 699 points
Active map: 0
Dropping frame 1403636581.4635556
Dropping frame 1403636581.5635555
Dropping frame 1403636581.8135555
Dropping frame 1403636582.0135555
Fail to track local map!
IMU is not or recently initialized. Reseting active map...
LM: Active map reset recieved
LM: Active map reset, waiting...
LM: Reseting current map in Local Mapping...
LM: End reseting Local Mapping...
LM: Reset free the mutex
LM: Active map reset, Done!!!
mnFirstFrameId = 30
mnInitialFrameId = 24
30 Frames set to lost
not IMU meas
First KF:7; Map init KF:4
New Map created with 176 points
Active map: 0
Fail to track local map!
IMU is not or recently initialized. Reseting active map...
LM: Active map reset recieved
LM: Active map reset, waiting...
LM: Reseting current map in Local Mapping...
LM: End reseting Local Mapping...
LM: Reset free the mutex
LM: Active map reset, Done!!!
mnFirstFrameId = 43
mnInitialFrameId = 41
42 Frames set to lost
not IMU meas
not enough acceleration
First KF:10; Map init KF:7
New Map created with 534 points
Active map: 0
Dropping frame 1403636583.3135555
Dropping frame 1403636583.5135555
Dropping frame 1403636583.8135555
Dropping frame 1403636584.1135554
Dropping frame 1403636585.6635556
Dropping frame 1403636585.9635556
Dropping frame 1403636586.0635555
Dropping frame 1403636586.2135556
Dropping frame 1403636586.3635557
Dropping frame 1403636588.0135555
start VIBA 1
end VIBA 1
start VIBA 2
end VIBA 2
Dropping frame 1403636627.9635556
Dropping frame 1403636628.5135555
Dropping frame 1403636629.1635556
Dropping frame 1403636629.2635555
Dropping frame 1403636629.8135555
Dropping frame 1403636630.4635556
Dropping frame 1403636630.5635555
Dropping frame 1403636631.4135554
Dropping frame 1403636633.3135555
Dropping frame 1403636633.8635557
Dropping frame 1403636633.9635556
Dropping frame 1403636634.0635555
Dropping frame 1403636634.8135555
Dropping frame 1403636635.2635555
Dropping frame 1403636636.3635557
Dropping frame 1403636636.7135556
Dropping frame 1403636636.9135554
Dropping frame 1403636637.1135554
Dropping frame 1403636637.2135556
Dropping frame 1403636638.0135555
Dropping frame 1403636638.5635555
Dropping frame 1403636640.6635556
Dropping frame 1403636640.8635557
Dropping frame 1403636642.3635557
Dropping frame 1403636644.5635555
Dropping frame 1403636644.8635557
Dropping frame 1403636645.0135555
Dropping frame 1403636646.5635555
Dropping frame 1403636648.1635556
Dropping frame 1403636648.8635557
Dropping frame 1403636649.2635555
Dropping frame 1403636649.5135555
Dropping frame 1403636651.1635556
Dropping frame 1403636652.2135556
Dropping frame 1403636652.6635556
Dropping frame 1403636653.0135555
Dropping frame 1403636654.2635555
Dropping frame 1403636655.0135555
Dropping frame 1403636677.3135555
Dropping frame 1403636677.7135556
Dropping frame 1403636680.1635556
Dropping frame 1403636680.7635555
Dropping frame 1403636680.9135554
Dropping frame 1403636682.1135554
Dropping frame 1403636682.4635556
Dropping frame 1403636682.8635557
Dropping frame 1403636683.1635556
Dropping frame 1403636683.2635555
Dropping frame 1403636684.5135555
Dropping frame 1403636684.6135554
Dropping frame 1403636684.9135554
Dropping frame 1403636685.2135556
Dropping frame 1403636686.2135556
Dropping frame 1403636686.4635556
Dropping frame 1403636686.7635555
Dropping frame 1403636687.2135556
Dropping frame 1403636687.4635556
Dropping frame 1403636688.5635555
Dropping frame 1403636688.8135555
Dropping frame 1403636688.9135554
Dropping frame 1403636689.0635555
Dropping frame 1403636689.3635557
Dropping frame 1403636689.4635556
Dropping frame 1403636689.7135556
Dropping frame 1403636689.9635556
Dropping frame 1403636690.0635555
Dropping frame 1403636690.1635556
Dropping frame 1403636690.4635556
Dropping frame 1403636690.6635556
Dropping frame 1403636690.7635555
Dropping frame 1403636690.9135554
Dropping frame 1403636691.4635556
Dropping frame 1403636691.8635557
Dropping frame 1403636691.9635556
Dropping frame 1403636692.4135554
Dropping frame 1403636692.5135555
Dropping frame 1403636692.6135554
Dropping frame 1403636692.9135554
Dropping frame 1403636693.0135555
Dropping frame 1403636693.1135554
Dropping frame 1403636693.2635555
Dropping frame 1403636693.4635556
Dropping frame 1403636693.5635555
Dropping frame 1403636693.6635556
Dropping frame 1403636693.9635556
Dropping frame 1403636694.3135555
Dropping frame 1403636694.6135554
Dropping frame 1403636694.8135555
Dropping frame 1403636694.9135554
Dropping frame 1403636695.0135555
Dropping frame 1403636695.1135554
Dropping frame 1403636695.3135555
Dropping frame 1403636695.4135554
Dropping frame 1403636695.5635555
Dropping frame 1403636695.8135555
Dropping frame 1403636695.9135554
Dropping frame 1403636696.4135554
Dropping frame 1403636696.5135555
Dropping frame 1403636696.6635556
Dropping frame 1403636696.8635557
Dropping frame 1403636697.7635555
Dropping frame 1403636698.1135554
Dropping frame 1403636698.4635556
Dropping frame 1403636698.6635556
Dropping frame 1403636698.7635555
Dropping frame 1403636699.0635555
Dropping frame 1403636699.5135555
Dropping frame 1403636699.6635556
Dropping frame 1403636699.9135554
Dropping frame 1403636700.2635555
Dropping frame 1403636700.6135554
Dropping frame 1403636700.7135556
Dropping frame 1403636700.8635557
Dropping frame 1403636701.1135554
Dropping frame 1403636701.5635555
Dropping frame 1403636702.4135554
Dropping frame 1403636703.0635555
Dropping frame 1403636703.7635555
Dropping frame 1403636703.9635556
Dropping frame 1403636704.0635555
Dropping frame 1403636704.4135554
Dropping frame 1403636704.6135554
Dropping frame 1403636704.8135555
Dropping frame 1403636704.9135554
Dropping frame 1403636705.1135554
Dropping frame 1403636705.4135554
Dropping frame 1403636705.6135554
Dropping frame 1403636705.8135555
Dropping frame 1403636705.9135554
Dropping frame 1403636706.0635555
Dropping frame 1403636706.3635557
Dropping frame 1403636706.7635555
Dropping frame 1403636707.1635556
Dropping frame 1403636707.2635555
Dropping frame 1403636707.5135555
Dropping frame 1403636707.7135556
Dropping frame 1403636707.9135554
Dropping frame 1403636708.1135554
Dropping frame 1403636708.2135556
Dropping frame 1403636708.3135555
Dropping frame 1403636708.5135555
Dropping frame 1403636708.7135556
Dropping frame 1403636708.8135555
Dropping frame 1403636709.0135555
Dropping frame 1403636709.1135554
Dropping frame 1403636709.2135556
Dropping frame 1403636709.4635556
Dropping frame 1403636709.6635556
Dropping frame 1403636709.7635555
Dropping frame 1403636709.8635557
Dropping frame 1403636710.3635557
Dropping frame 1403636710.5635555
Dropping frame 1403636710.6635556
Dropping frame 1403636710.8635557
Dropping frame 1403636710.9635556
Dropping frame 1403636711.2135556
Dropping frame 1403636711.3135555
Dropping frame 1403636711.4135554
Dropping frame 1403636711.5135555
Dropping frame 1403636711.9635556
Dropping frame 1403636712.1635556
Dropping frame 1403636712.4635556
Dropping frame 1403636712.5635555
Dropping frame 1403636712.9635556
Dropping frame 1403636713.0635555
Dropping frame 1403636713.2135556
Dropping frame 1403636713.5135555
Dropping frame 1403636713.6135554
Dropping frame 1403636713.8635557
Dropping frame 1403636714.0635555
Dropping frame 1403636714.1635556
Dropping frame 1403636714.5135555
Dropping frame 1403636714.6135554
Dropping frame 1403636714.7135556
Dropping frame 1403636715.0135555
Dropping frame 1403636715.2135556
Dropping frame 1403636715.4635556
Dropping frame 1403636715.6135554
Dropping frame 1403636715.7135556
Dropping frame 1403636715.9135554
Dropping frame 1403636716.0135555
Dropping frame 1403636716.4135554
Dropping frame 1403636716.5135555
Dropping frame 1403636716.6135554
Dropping frame 1403636716.7135556
Dropping frame 1403636716.8135555
Dropping frame 1403636717.0635555
Dropping frame 1403636717.2635555
Dropping frame 1403636717.3635557
Dropping frame 1403636717.5635555
Dropping frame 1403636717.6635556
Dropping frame 1403636717.7635555
Dropping frame 1403636717.8635557
Dropping frame 1403636718.0635555
Dropping frame 1403636718.1635556
Dropping frame 1403636718.4135554
Dropping frame 1403636718.5135555
Dropping frame 1403636718.7635555
Dropping frame 1403636718.8635557
Dropping frame 1403636719.0135555
Dropping frame 1403636719.6635556
Dropping frame 1403636719.9135554
Dropping frame 1403636720.6135554
Dropping frame 1403636721.1635556
Dropping frame 1403636721.3135555
Dropping frame 1403636721.5135555
Dropping frame 1403636721.6135554
Dropping frame 1403636721.8635557
Dropping frame 1403636722.0635555
Dropping frame 1403636722.1635556
Dropping frame 1403636722.3635557
Dropping frame 1403636722.6135554
Dropping frame 1403636722.7135556
Dropping frame 1403636723.0135555
Dropping frame 1403636723.1135554
Dropping frame 1403636723.3135555
Dropping frame 1403636723.5135555
Dropping frame 1403636723.8135555
Dropping frame 1403636724.2135556
Dropping frame 1403636724.5135555
Dropping frame 1403636724.6135554
Dropping frame 1403636724.8635557
Dropping frame 1403636725.0635555
Dropping frame 1403636725.1635556
Dropping frame 1403636725.3635557
Dropping frame 1403636725.4635556
Dropping frame 1403636725.8135555
Dropping frame 1403636725.9135554
Dropping frame 1403636726.0135555
Dropping frame 1403636726.4135554
Dropping frame 1403636726.5135555
Dropping frame 1403636726.6135554
Dropping frame 1403636727.0135555
Dropping frame 1403636727.2135556
Dropping frame 1403636727.3135555
Dropping frame 1403636727.4135554
Dropping frame 1403636727.5135555
Dropping frame 1403636727.7135556
Dropping frame 1403636728.0135555
Dropping frame 1403636728.1135554
Dropping frame 1403636728.3635557
Dropping frame 1403636728.4635556
Dropping frame 1403636728.5635555
Dropping frame 1403636728.7635555
Dropping frame 1403636728.9635556
Dropping frame 1403636729.1635556
Dropping frame 1403636729.2635555
Dropping frame 1403636729.3635557
Dropping frame 1403636729.5635555
Dropping frame 1403636729.6635556
Dropping frame 1403636729.7635555
Dropping frame 1403636729.9635556
Dropping frame 1403636730.1635556
Dropping frame 1403636730.2635555
Dropping frame 1403636730.3635557
Dropping frame 1403636730.5635555
Dropping frame 1403636730.7635555
Dropping frame 1403636730.9635556
Dropping frame 1403636731.0635555
Dropping frame 1403636731.2135556
Dropping frame 1403636731.4135554
Dropping frame 1403636731.5135555
Dropping frame 1403636731.6135554
Dropping frame 1403636731.8135555
Dropping frame 1403636732.0135555
Dropping frame 1403636732.2135556
Dropping frame 1403636732.3135555
Dropping frame 1403636732.4135554
Dropping frame 1403636732.5135555
Dropping frame 1403636732.7635555
Dropping frame 1403636733.2635555
Dropping frame 1403636733.4635556
Dropping frame 1403636733.5635555
Dropping frame 1403636733.8135555
Dropping frame 1403636734.0135555
Dropping frame 1403636734.1135554
Dropping frame 1403636734.4135554
Dropping frame 1403636734.6135554
Dropping frame 1403636734.8135555
Dropping frame 1403636735.0135555
Dropping frame 1403636735.3135555
Dropping frame 1403636735.6135554
Dropping frame 1403636735.7135556
Dropping frame 1403636735.8135555
Dropping frame 1403636736.0135555
Dropping frame 1403636736.1135554
Dropping frame 1403636736.4635556
Dropping frame 1403636736.6635556
Dropping frame 1403636736.7635555
Dropping frame 1403636737.2135556
Dropping frame 1403636737.4135554
Dropping frame 1403636737.5135555
Dropping frame 1403636737.7135556
Dropping frame 1403636737.8135555
Dropping frame 1403636737.9635556
Dropping frame 1403636738.2135556
Dropping frame 1403636738.4135554
Dropping frame 1403636738.5135555
Dropping frame 1403636738.6135554
Dropping frame 1403636738.8635557
Dropping frame 1403636738.9635556
Dropping frame 1403636739.0635555
Dropping frame 1403636739.2635555
Dropping frame 1403636739.4635556
Dropping frame 1403636739.5635555
Dropping frame 1403636739.6635556
Dropping frame 1403636739.7635555
Dropping frame 1403636740.0635555
Dropping frame 1403636740.2635555
Dropping frame 1403636740.4635556
Dropping frame 1403636740.5635555
Dropping frame 1403636740.6635556
Dropping frame 1403636740.7635555
Dropping frame 1403636740.8635557
Dropping frame 1403636741.0635555
Dropping frame 1403636741.1635556
Dropping frame 1403636741.2635555
Dropping frame 1403636741.4635556
Dropping frame 1403636741.5635555
Dropping frame 1403636741.6635556
Dropping frame 1403636741.9135554
Dropping frame 1403636742.0135555
Dropping frame 1403636742.2135556
Dropping frame 1403636742.4135554
Dropping frame 1403636742.5135555
Dropping frame 1403636742.6135554
Dropping frame 1403636742.8135555
Dropping frame 1403636743.0135555
Dropping frame 1403636743.1135554
Dropping frame 1403636743.2135556
Dropping frame 1403636743.3135555
Dropping frame 1403636743.4135554
Dropping frame 1403636743.5135555
Dropping frame 1403636743.6135554
Dropping frame 1403636743.8135555
Dropping frame 1403636744.0135555
Dropping frame 1403636744.2135556
Dropping frame 1403636744.4135554
Dropping frame 1403636744.6135554
Dropping frame 1403636744.7135556
Dropping frame 1403636744.8135555
Dropping frame 1403636744.9135554
Dropping frame 1403636745.1135554
Dropping frame 1403636745.2135556
Dropping frame 1403636745.3135555
Dropping frame 1403636745.5135555
Dropping frame 1403636745.7135556
Dropping frame 1403636745.8135555
Dropping frame 1403636745.9135554
Dropping frame 1403636746.1135554
Dropping frame 1403636746.3135555
Dropping frame 1403636746.5135555
Dropping frame 1403636746.7135556
Dropping frame 1403636746.8135555
Dropping frame 1403636746.9135554
Dropping frame 1403636747.1135554
Dropping frame 1403636747.3135555
Dropping frame 1403636747.4135554
Dropping frame 1403636747.5135555
Dropping frame 1403636747.7635555
Dropping frame 1403636747.9635556
Dropping frame 1403636748.0635555
Dropping frame 1403636748.1635556
Dropping frame 1403636748.4135554
Dropping frame 1403636748.6135554
Dropping frame 1403636748.7135556
Dropping frame 1403636748.9135554
Dropping frame 1403636749.0135555
Dropping frame 1403636749.1135554
Dropping frame 1403636749.4635556
Dropping frame 1403636749.8135555
Dropping frame 1403636749.9135554
Dropping frame 1403636750.0135555
Dropping frame 1403636750.2635555
Dropping frame 1403636750.3635557
Dropping frame 1403636750.4635556
Dropping frame 1403636751.5135555
Dropping frame 1403636751.8135555
Dropping frame 1403636751.9135554
Dropping frame 1403636752.1135554
Dropping frame 1403636752.2135556
Dropping frame 1403636752.3135555
Dropping frame 1403636752.5135555
Dropping frame 1403636752.7135556
Dropping frame 1403636752.8135555
Dropping frame 1403636752.9135554
Dropping frame 1403636753.0135555
Dropping frame 1403636753.2135556
Dropping frame 1403636753.3135555
Dropping frame 1403636753.4135554
Dropping frame 1403636753.6135554
Dropping frame 1403636753.8135555
Dropping frame 1403636753.9135554
Dropping frame 1403636754.0135555
Dropping frame 1403636754.2135556
Dropping frame 1403636754.3135555
Dropping frame 1403636754.4135554
Dropping frame 1403636754.5135555
Dropping frame 1403636754.7135556
Dropping frame 1403636754.9135554
Dropping frame 1403636755.0135555
Dropping frame 1403636755.1135554
Dropping frame 1403636755.2135556
Dropping frame 1403636755.3135555
Dropping frame 1403636755.5135555
Dropping frame 1403636755.7135556
Dropping frame 1403636755.8135555
Dropping frame 1403636755.9135554
Dropping frame 1403636756.1135554
Dropping frame 1403636756.2135556
Dropping frame 1403636756.3135555
Dropping frame 1403636756.5135555
Dropping frame 1403636756.6135554
Dropping frame 1403636756.7135556
Dropping frame 1403636756.8135555
Dropping frame 1403636756.9135554
Dropping frame 1403636757.1135554
Dropping frame 1403636757.2135556
Dropping frame 1403636757.3135555
Dropping frame 1403636757.7135556
Dropping frame 1403636758.1135554
Dropping frame 1403636758.3135555
Dropping frame 1403636758.4135554
Dropping frame 1403636758.5135555
Dropping frame 1403636758.6135554
Dropping frame 1403636758.8135555
Dropping frame 1403636758.9135554
Dropping frame 1403636759.0135555
Dropping frame 1403636759.2135556
Dropping frame 1403636759.4135554
Dropping frame 1403636759.5135555
Dropping frame 1403636759.6135554
Dropping frame 1403636759.8135555
Dropping frame 1403636760.0135555
Dropping frame 1403636760.1135554
Dropping frame 1403636760.2135556
Dropping frame 1403636760.3135555
Dropping frame 1403636760.4135554
Dropping frame 1403636760.5135555
Dropping frame 1403636760.7135556
Dropping frame 1403636760.9135554
Dropping frame 1403636761.1135554
Dropping frame 1403636761.2135556
Dropping frame 1403636761.3135555
Dropping frame 1403636761.4135554
Dropping frame 1403636761.5135555
Dropping frame 1403636761.6135554
Dropping frame 1403636761.7135556
Dropping frame 1403636761.9135554
Dropping frame 1403636762.1135554
Dropping frame 1403636762.3135555
Dropping frame 1403636762.4135554
Dropping frame 1403636762.5135555
Dropping frame 1403636762.6135554
Dropping frame 1403636762.7135556
Dropping frame 1403636762.8135555
Dropping frame 1403636762.9135554
Dropping frame 1403636763.1135554
Dropping frame 1403636763.2135556
Dropping frame 1403636763.3135555
Dropping frame 1403636763.5135555
Dropping frame 1403636763.7135556
Shutdown
SLAM Finished at System Time: 1740905021.67038

 TIME STATS in ms (mean$\pm$std)
OpenCV version: 4.8.1
---------------------------
Tracking

ORB Extraction: 13.218$\pm$1.5894
Stereo Matching: 6.7021$\pm$2.2891
IMU Preintegration: 0.28878$\pm$0.14496
Pose Prediction: 0.23753$\pm$0.85884
LM Track: 18.814$\pm$6.2278
New KF decision: 0.92608$\pm$1.7862
Total Tracking: 34.899$\pm$20.779



Local Mapping

KF Insertion: 13.388$\pm$6.3929
MP Culling: 0.39086$\pm$0.19896
MP Creation: 41.719$\pm$18.492
LBA: 143.56$\pm$61.496
KF Culling: 15.294$\pm$11.922
Total Local Mapping: 212.55$\pm$90.482
---------------------------

LBA complexity (mean$\pm$std)
LBA Edges: 1528.5$\pm$465.22
LBA KF optimized: 5.4$\pm$1.9596
LBA KF fixed: 1.4$\pm$0.8
LBA MP: nan$\pm$nan

LBA executions: 637
LBA aborts: 0
---------------------------

Map complexity
KFs in map: 207
MPs in map: 16542
---------------------------

Place Recognition (mean$\pm$std)
Database Query: 1.4984$\pm$0.8785
SE3 estimation: 14.876$\pm$14.602
Total Place Recognition: 14.144$\pm$15.158


Loop Closing (mean$\pm$std)
Loop Fusion: nan$\pm$nan
Essential Graph: nan$\pm$nan
Total Loop Closing: nan$\pm$nan

Num exec: 0
Number of KFs: nan$\pm$nan

Map Merging (mean$\pm$std)
Merge Maps: nan$\pm$nan
Welding BA: nan$\pm$nan
Optimization Ess.: nan$\pm$nan
Total Map Merging: nan$\pm$nan

Num exec: 0
Number of KFs: nan$\pm$nan
Number of MPs: nan$\pm$nan

Full GBA (mean$\pm$std)
GBA: nan$\pm$nan
Map Update: nan$\pm$nan
Total Full GBA: nan$\pm$nan

Num exec: 0
Num abort: 0
Number of KFs: nan$\pm$nan
Number of MPs: nan$\pm$nan

Saving trajectory to f_dataset-MH01_stereo_imu.txt ...
There are 1 maps in the atlas
  Map 0 has 207 KFs

End of saving trajectory to f_dataset-MH01_stereo_imu.txt ...

Saving keyframe trajectory to kf_dataset-MH01_stereo_imu.txt ...
