num_seq = 1
file name: dataset-MH05_stereo_imu
Loading images for sequence 0...LOADED!
Loading IMU for sequence 0...LOADED!

-------

ORB-SLAM3 Copyright (C) 2017-2020 Carlos Campos, Richard Elvira, Juan J. Gómez, José M.M. Montiel and Juan D. Tardós, University of Zaragoza.
ORB-SLAM2 Copyright (C) 2014-2016 Raúl Mur-Artal, José M.M. Montiel and Juan D. Tardós, University of Zaragoza.
This program comes with ABSOLUTELY NO WARRANTY;
This is free software, and you are welcome to redistribute it
under certain conditions. See LICENSE.txt.

Built with REGISTER_TIMES
Git Commit Hash: 2d47524

Build Type: Release

Compiled with C++ version: 201703

Input sensor was set to: Stereo-Inertial
Loading settings from EuRoC_fov_deadlines_mask_9x9.yaml
	-Loaded camera 1
	-Loaded camera 2
	-Loaded image info
	-Loaded IMU calibration
	-Loaded ORB settings
	-Loaded viewer settings
	-Loaded Atlas settings
Deadlines enabled, will skip frames!
FOV enabled
Static mask size: 9x9
Dumping map points enabled
	-Loaded misc parameters
	-Computed rectification maps
----------------------------------
SLAM settings: 
	-Camera 1 parameters (Pinhole): [ 458.65399169921875 457.29598999023438 367.21499633789062 248.375 ]
	-Camera 1 distortion parameters: [  -0.28340810537338257 0.073959067463874817 0.00019359000725671649 1.7618711353861727e-05 ]
	-Camera 2 parameters (Pinhole: [ 457.58700561523438 456.13400268554688 379.99899291992188 255.23800659179688 ]
	-Camera 1 distortion parameters: [  -0.2836836576461792 0.074512839317321777 -0.00010473000293131918 -3.555907096597366e-05 ]
	-Original image size: [ 752 , 480 ]
	-Current image size: [ 752 , 480 ]
	-Camera 1 parameters after rectification: [  456.71499633789062 456.71499633789062 364.52615356445312 257.268798828125 ]
	-Sequence FPS: 20
	-Stereo baseline: 0.11007784307003021
	-Stereo depth threshold : 60
	-Gyro noise: 0.00016999999934341758
	-Accelerometer noise: 0.0020000000949949026
	-Gyro walk: 1.9392999092815444e-05
	-Accelerometer walk: 0.0030000000260770321
	-IMU frequency: 200
	-Features per image: 1200
	-ORB scale factor: 1.2000000476837158
	-ORB number of scales: 8
	-Initial FAST threshold: 20
	-Min FAST threshold: 7


Loading ORB Vocabulary. This could take a while...
Vocabulary loaded!

Initialization of Atlas from scratch 
Creation of new map with id: 0
Creation of new map with last KF id: 0
Seq. Name: 
There are 1 cameras in the atlas
Camera 0 is pinhole
SLAM Started at System Time: 1740859343.3843
not IMU meas
not IMU meas
not enough acceleration
not enough acceleration
not enough acceleration
not enough acceleration
not enough acceleration
not enough acceleration
not enough acceleration
not enough acceleration
not enough acceleration
not enough acceleration
not enough acceleration
not enough acceleration
not enough acceleration
not enough acceleration
not enough acceleration
not enough acceleration
not enough acceleration
not enough acceleration
not enough acceleration
not enough acceleration
not enough acceleration
not enough acceleration
not enough acceleration
not enough acceleration
not enough acceleration
not enough acceleration
not enough acceleration
not enough acceleration
not enough acceleration
not enough acceleration
not enough acceleration
not enough acceleration
not enough acceleration
not enough acceleration
not enough acceleration
not enough acceleration
not enough acceleration
not enough acceleration
not enough acceleration
not enough acceleration
not enough acceleration
not enough acceleration
not enough acceleration
not enough acceleration
not enough acceleration
not enough acceleration
not enough acceleration
not enough acceleration
not enough acceleration
not enough acceleration
not enough acceleration
not enough acceleration
not enough acceleration
not enough acceleration
not enough acceleration
not enough acceleration
not enough acceleration
not enough acceleration
not enough acceleration
not enough acceleration
not enough acceleration
not enough acceleration
not enough acceleration
not enough acceleration
not enough acceleration
not enough acceleration
not enough acceleration
not enough acceleration
not enough acceleration
not enough acceleration
not enough acceleration
not enough acceleration
not enough acceleration
not enough acceleration
not enough acceleration
not enough acceleration
not enough acceleration
not enough acceleration
First KF:0; Map init KF:0
New Map created with 120 points
Active map: 0
Dropping frame 1403638522.9778295
Dropping frame 1403638523.1778293
Dropping frame 1403638523.4778295
Dropping frame 1403638523.6278296
Dropping frame 1403638523.9278295
Dropping frame 1403638524.1778293
Dropping frame 1403638524.2778294
Dropping frame 1403638524.9278295
Dropping frame 1403638525.1278296
Dropping frame 1403638525.8778293
Dropping frame 1403638525.9778295
Dropping frame 1403638526.2778294
Dropping frame 1403638527.2278295
Dropping frame 1403638527.3278296
start VIBA 1
end VIBA 1
Dropping frame 1403638527.6778293
Dropping frame 1403638527.9778295
Dropping frame 1403638528.7778294
Dropping frame 1403638529.0778294
Dropping frame 1403638529.4278295
Dropping frame 1403638529.8778293
Dropping frame 1403638530.1778293
Dropping frame 1403638530.4778295
Dropping frame 1403638530.8278296
Dropping frame 1403638530.9278295
Dropping frame 1403638531.1278296
Dropping frame 1403638531.3278296
Dropping frame 1403638531.4278295
Not enough motion for initializing. Reseting...
TRACK: Reset map because local mapper set the bad imu flag 
LM: Active map reset recieved
LM: Active map reset, waiting...
LM: Reseting current map in Local Mapping...
LM: End reseting Local Mapping...
LM: Reset free the mutex
LM: Active map reset, Done!!!
mnFirstFrameId = 80
mnInitialFrameId = 0
161 Frames set to lost
not IMU meas
not enough acceleration
not enough acceleration
not enough acceleration
not enough acceleration
not enough acceleration
Dropping frame 1403638531.8278296
not enough acceleration
Dropping frame 1403638531.9278295
not enough acceleration
not enough acceleration
not enough acceleration
not enough acceleration
not enough acceleration
not enough acceleration
not enough acceleration
not enough acceleration
not enough acceleration
not enough acceleration
not enough acceleration
not enough acceleration
not enough acceleration
not enough acceleration
not enough acceleration
not enough acceleration
not enough acceleration
not enough acceleration
not enough acceleration
not enough acceleration
not enough acceleration
not enough acceleration
not enough acceleration
not enough acceleration
Dropping frame 1403638533.1778293
not enough acceleration
not enough acceleration
not enough acceleration
not enough acceleration
not enough acceleration
not enough acceleration
not enough acceleration
not enough acceleration
not enough acceleration
not enough acceleration
not enough acceleration
not enough acceleration
not enough acceleration
not enough acceleration
not enough acceleration
not enough acceleration
not enough acceleration
not enough acceleration
not enough acceleration
not enough acceleration
not enough acceleration
not enough acceleration
not enough acceleration
not enough acceleration
Dropping frame 1403638534.4278295
not enough acceleration
not enough acceleration
not enough acceleration
not enough acceleration
not enough acceleration
not enough acceleration
not enough acceleration
not enough acceleration
not enough acceleration
not enough acceleration
not enough acceleration
not enough acceleration
not enough acceleration
not enough acceleration
not enough acceleration
not enough acceleration
not enough acceleration
not enough acceleration
not enough acceleration
not enough acceleration
not enough acceleration
not enough acceleration
not enough acceleration
not enough acceleration
not enough acceleration
not enough acceleration
not enough acceleration
not enough acceleration
not enough acceleration
not enough acceleration
not enough acceleration
not enough acceleration
not enough acceleration
not enough acceleration
not enough acceleration
not enough acceleration
not enough acceleration
not enough acceleration
not enough acceleration
not enough acceleration
not enough acceleration
not enough acceleration
not enough acceleration
not enough acceleration
not enough acceleration
not enough acceleration
not enough acceleration
not enough acceleration
not enough acceleration
not enough acceleration
not enough acceleration
not enough acceleration
not enough acceleration
not enough acceleration
not enough acceleration
not enough acceleration
not enough acceleration
not enough acceleration
not enough acceleration
not enough acceleration
not enough acceleration
not enough acceleration
not enough acceleration
not enough acceleration
not enough acceleration
not enough acceleration
not enough acceleration
not enough acceleration
not enough acceleration
not enough acceleration
not enough acceleration
not enough acceleration
not enough acceleration
not enough acceleration
not enough acceleration
not enough acceleration
not enough acceleration
not enough acceleration
not enough acceleration
not enough acceleration
not enough acceleration
not enough acceleration
not enough acceleration
not enough acceleration
not enough acceleration
not enough acceleration
First KF:39; Map init KF:0
New Map created with 149 points
Active map: 0
Dropping frame 1403638543.6278296
Dropping frame 1403638543.7278295
Dropping frame 1403638543.9278295
Dropping frame 1403638544.0778294
start VIBA 1
end VIBA 1
Dropping frame 1403638544.3778293
Dropping frame 1403638544.6278296
Dropping frame 1403638544.8278296
Dropping frame 1403638544.9778295
Dropping frame 1403638545.2278295
Dropping frame 1403638545.4278295
Dropping frame 1403638545.7278295
Dropping frame 1403638545.8278296
Dropping frame 1403638545.9778295
Dropping frame 1403638546.7278295
Dropping frame 1403638547.0778294
Dropping frame 1403638547.2278295
Dropping frame 1403638547.3278296
Dropping frame 1403638547.5778294
Dropping frame 1403638547.7778294
Dropping frame 1403638547.9778295
Dropping frame 1403638548.2778294
Dropping frame 1403638548.3778293
Dropping frame 1403638548.5778294
Dropping frame 1403638548.9778295
Dropping frame 1403638549.0778294
Dropping frame 1403638549.3778293
Dropping frame 1403638549.4778295
Dropping frame 1403638549.7278295
Dropping frame 1403638549.8278296
Dropping frame 1403638550.0278294
Dropping frame 1403638550.1278296
Dropping frame 1403638550.2278295
Dropping frame 1403638550.3278296
Dropping frame 1403638550.5278294
Dropping frame 1403638550.6278296
Dropping frame 1403638550.7278295
Dropping frame 1403638550.9278295
Dropping frame 1403638551.0278294
Dropping frame 1403638551.1278296
Dropping frame 1403638551.2278295
Dropping frame 1403638551.3278296
Dropping frame 1403638551.5278294
Dropping frame 1403638551.7278295
Dropping frame 1403638551.8278296
Dropping frame 1403638552.0278294
Dropping frame 1403638552.1278296
Dropping frame 1403638552.2278295
Dropping frame 1403638552.9778295
Dropping frame 1403638553.1278296
Dropping frame 1403638553.2278295
Dropping frame 1403638553.3278296
Dropping frame 1403638553.5778294
Dropping frame 1403638553.6778293
Dropping frame 1403638553.8778293
start VIBA 2
Dropping frame 1403638554.0778294
Dropping frame 1403638554.1778293
Dropping frame 1403638554.3278296
end VIBA 2
Dropping frame 1403638554.5278294
Dropping frame 1403638554.6278296
Dropping frame 1403638554.7278295
Dropping frame 1403638554.9278295
Dropping frame 1403638555.0278294
Dropping frame 1403638555.1278296
Dropping frame 1403638555.3278296
Dropping frame 1403638555.4278295
Dropping frame 1403638555.5278294
Dropping frame 1403638555.8278296
Dropping frame 1403638556.0278294
Dropping frame 1403638556.1278296
Dropping frame 1403638556.3778293
Dropping frame 1403638556.7278295
Dropping frame 1403638556.9278295
Dropping frame 1403638557.1278296
Dropping frame 1403638557.2278295
Dropping frame 1403638557.3278296
Dropping frame 1403638557.4778295
Dropping frame 1403638557.6778293
Dropping frame 1403638557.8778293
Dropping frame 1403638557.9778295
Dropping frame 1403638558.1278296
Dropping frame 1403638558.3278296
Dropping frame 1403638558.5278294
Dropping frame 1403638558.6278296
Dropping frame 1403638558.8778293
Dropping frame 1403638559.0778294
Dropping frame 1403638559.2778294
Dropping frame 1403638559.4778295
Dropping frame 1403638559.5778294
Dropping frame 1403638559.6778293
Dropping frame 1403638559.8778293
Dropping frame 1403638560.0778294
Dropping frame 1403638560.2778294
Dropping frame 1403638560.4278295
Dropping frame 1403638560.6278296
Dropping frame 1403638560.8278296
Dropping frame 1403638561.0278294
Dropping frame 1403638561.2278295
Dropping frame 1403638561.4278295
Dropping frame 1403638561.5278294
Dropping frame 1403638561.7778294
Dropping frame 1403638561.8778293
Dropping frame 1403638562.1278296
Dropping frame 1403638562.3278296
Dropping frame 1403638562.4278295
Dropping frame 1403638562.6778293
Dropping frame 1403638562.8778293
Dropping frame 1403638563.0778294
Dropping frame 1403638563.1778293
Dropping frame 1403638563.3278296
Dropping frame 1403638563.4278295
Dropping frame 1403638563.6278296
Dropping frame 1403638563.7278295
Dropping frame 1403638563.8278296
Dropping frame 1403638564.0278294
Dropping frame 1403638564.1278296
Dropping frame 1403638564.3278296
Dropping frame 1403638564.4278295
Dropping frame 1403638564.6278296
Dropping frame 1403638564.8278296
Dropping frame 1403638565.0278294
Dropping frame 1403638565.1278296
Dropping frame 1403638565.2278295
Dropping frame 1403638565.4778295
Dropping frame 1403638565.6778293
Dropping frame 1403638565.7778294
Dropping frame 1403638565.8778293
Dropping frame 1403638566.0778294
Dropping frame 1403638566.1778293
Dropping frame 1403638566.2778294
Dropping frame 1403638566.4778295
Dropping frame 1403638566.6778293
Dropping frame 1403638566.9278295
Dropping frame 1403638567.0278294
Dropping frame 1403638567.4278295
Dropping frame 1403638567.6278296
Dropping frame 1403638567.7278295
Dropping frame 1403638567.9778295
Dropping frame 1403638568.1778293
Dropping frame 1403638568.3778293
Dropping frame 1403638568.4778295
Dropping frame 1403638568.7278295
Dropping frame 1403638568.9278295
Dropping frame 1403638569.1278296
Dropping frame 1403638569.2278295
Dropping frame 1403638569.3278296
Dropping frame 1403638569.4278295
Dropping frame 1403638569.5278294
Dropping frame 1403638569.7278295
Dropping frame 1403638569.8278296
Dropping frame 1403638570.0778294
Dropping frame 1403638570.2778294
Dropping frame 1403638570.3778293
Dropping frame 1403638570.4778295
Dropping frame 1403638570.7278295
Dropping frame 1403638570.8278296
Dropping frame 1403638570.9778295
Dropping frame 1403638571.1278296
Dropping frame 1403638571.3278296
Dropping frame 1403638571.4278295
Dropping frame 1403638571.5278294
Dropping frame 1403638571.7278295
Dropping frame 1403638571.8278296
Dropping frame 1403638571.9278295
Dropping frame 1403638572.1278296
Dropping frame 1403638572.3278296
Dropping frame 1403638572.5278294
Dropping frame 1403638572.6278296
Dropping frame 1403638572.8278296
Dropping frame 1403638572.9278295
Dropping frame 1403638573.0278294
Dropping frame 1403638573.2278295
Dropping frame 1403638573.3278296
Dropping frame 1403638573.4278295
Dropping frame 1403638573.6278296
Dropping frame 1403638573.8278296
Dropping frame 1403638573.9278295
Dropping frame 1403638574.1278296
Dropping frame 1403638574.2278295
Dropping frame 1403638574.3278296
Dropping frame 1403638574.5278294
Dropping frame 1403638574.6778293
Dropping frame 1403638574.8778293
Dropping frame 1403638575.0778294
Dropping frame 1403638575.1778293
Dropping frame 1403638575.3278296
Dropping frame 1403638575.5278294
Dropping frame 1403638575.6278296
Dropping frame 1403638575.8778293
Dropping frame 1403638576.0278294
Dropping frame 1403638576.2278295
Dropping frame 1403638576.3278296
Dropping frame 1403638576.4278295
Dropping frame 1403638576.6278296
Dropping frame 1403638576.8278296
Dropping frame 1403638577.0278294
Dropping frame 1403638577.3278296
Dropping frame 1403638577.6778293
Dropping frame 1403638577.9778295
Dropping frame 1403638578.1778293
Dropping frame 1403638578.4778295
Dropping frame 1403638578.5778294
Dropping frame 1403638578.8278296
Dropping frame 1403638578.9278295
Dropping frame 1403638579.0278294
Dropping frame 1403638579.2278295
Dropping frame 1403638579.7778294
Dropping frame 1403638579.9778295
Dropping frame 1403638580.3278296
Dropping frame 1403638580.5278294
Dropping frame 1403638580.6278296
Dropping frame 1403638580.7778294
Dropping frame 1403638581.2278295
Dropping frame 1403638581.4278295
Dropping frame 1403638581.7778294
Dropping frame 1403638582.0778294
Dropping frame 1403638582.3778293
Dropping frame 1403638582.6278296
Dropping frame 1403638582.8278296
Dropping frame 1403638583.0278294
Dropping frame 1403638583.3278296
Dropping frame 1403638583.5278294
Dropping frame 1403638583.7778294
Dropping frame 1403638583.8778293
Dropping frame 1403638584.0778294
Dropping frame 1403638584.2778294
Dropping frame 1403638584.3778293
Dropping frame 1403638584.6278296
Dropping frame 1403638584.8278296
Dropping frame 1403638585.1778293
Dropping frame 1403638585.5278294
Dropping frame 1403638585.8778293
Dropping frame 1403638586.3778293
Dropping frame 1403638586.8278296
Dropping frame 1403638587.0278294
Dropping frame 1403638587.3278296
Dropping frame 1403638587.6778293
Dropping frame 1403638587.9778295
Dropping frame 1403638588.4278295
Dropping frame 1403638588.7778294
Dropping frame 1403638588.8778293
Dropping frame 1403638588.9778295
Dropping frame 1403638589.3778293
Dropping frame 1403638589.4778295
Dropping frame 1403638589.7278295
Dropping frame 1403638589.9278295
Dropping frame 1403638590.0778294
Dropping frame 1403638590.3278296
Dropping frame 1403638590.4778295
Dropping frame 1403638590.6778293
Dropping frame 1403638590.8278296
Dropping frame 1403638591.0278294
Dropping frame 1403638591.2278295
Dropping frame 1403638591.3278296
Dropping frame 1403638591.4278295
Dropping frame 1403638591.5278294
Dropping frame 1403638591.7278295
Dropping frame 1403638591.8778293
Dropping frame 1403638592.0778294
Dropping frame 1403638592.1778293
Dropping frame 1403638592.2778294
Dropping frame 1403638592.4778295
Dropping frame 1403638592.6778293
Dropping frame 1403638592.8778293
Dropping frame 1403638593.0778294
Dropping frame 1403638593.2778294
Dropping frame 1403638593.3778293
Dropping frame 1403638593.4778295
Dropping frame 1403638593.6778293
Dropping frame 1403638593.8778293
Dropping frame 1403638593.9778295
Dropping frame 1403638594.0778294
Dropping frame 1403638594.1778293
Dropping frame 1403638594.3778293
Dropping frame 1403638594.4778295
Dropping frame 1403638594.5778294
Dropping frame 1403638594.7778294
Dropping frame 1403638594.9778295
Dropping frame 1403638595.1778293
Dropping frame 1403638595.2778294
Dropping frame 1403638595.3778293
Dropping frame 1403638595.4778295
Dropping frame 1403638595.6778293
Dropping frame 1403638595.8778293
Dropping frame 1403638595.9778295
Dropping frame 1403638596.1778293
Dropping frame 1403638596.4278295
Dropping frame 1403638596.5278294
Dropping frame 1403638596.6278296
Dropping frame 1403638596.8278296
Dropping frame 1403638597.0278294
Dropping frame 1403638597.2278295
Dropping frame 1403638597.3278296
Dropping frame 1403638597.5778294
Dropping frame 1403638597.7778294
Dropping frame 1403638597.9778295
Dropping frame 1403638598.0778294
Dropping frame 1403638598.1778293
Dropping frame 1403638598.3778293
Dropping frame 1403638598.4778295
Dropping frame 1403638598.5778294
Dropping frame 1403638598.7778294
Dropping frame 1403638598.9278295
Dropping frame 1403638599.1278296
Dropping frame 1403638599.3278296
Dropping frame 1403638599.6278296
Dropping frame 1403638599.8278296
Dropping frame 1403638600.0278294
Dropping frame 1403638600.1278296
Dropping frame 1403638600.2278295
Dropping frame 1403638600.4278295
Dropping frame 1403638600.6278296
Dropping frame 1403638600.8278296
Dropping frame 1403638600.9778295
Dropping frame 1403638601.1778293
Dropping frame 1403638601.4778295
Dropping frame 1403638601.6778293
Dropping frame 1403638601.9778295
Dropping frame 1403638602.1778293
Dropping frame 1403638602.3778293
Dropping frame 1403638602.6778293
Dropping frame 1403638602.9278295
Dropping frame 1403638603.0778294
Dropping frame 1403638603.3778293
Dropping frame 1403638603.7278295
Dropping frame 1403638604.0778294
Dropping frame 1403638604.4278295
Dropping frame 1403638604.7778294
Dropping frame 1403638605.0778294
Dropping frame 1403638605.1778293
Dropping frame 1403638605.3778293
Dropping frame 1403638605.5778294
Dropping frame 1403638605.7778294
Dropping frame 1403638606.6278296
Dropping frame 1403638607.9778295
Dropping frame 1403638608.5278294
Dropping frame 1403638608.8778293
Dropping frame 1403638609.2778294
Dropping frame 1403638615.7278295
Dropping frame 1403638622.0778294
Dropping frame 1403638622.5278294
Dropping frame 1403638623.3278296
Dropping frame 1403638623.6278296
Dropping frame 1403638623.8778293
Dropping frame 1403638624.3278296
Dropping frame 1403638624.5278294
Dropping frame 1403638624.9778295
Dropping frame 1403638625.0778294
Dropping frame 1403638625.2778294
Dropping frame 1403638625.3778293
Dropping frame 1403638625.4778295
Dropping frame 1403638625.6778293
Dropping frame 1403638626.0278294
Dropping frame 1403638626.1278296
Dropping frame 1403638626.3778293
Dropping frame 1403638626.6778293
Dropping frame 1403638627.0278294
Dropping frame 1403638627.1278296
Dropping frame 1403638627.7278295
Dropping frame 1403638628.9278295
Dropping frame 1403638629.0278294
Dropping frame 1403638629.2278295
Dropping frame 1403638629.4278295
Dropping frame 1403638629.6278296
Dropping frame 1403638629.7278295
Dropping frame 1403638629.9778295
Dropping frame 1403638630.0778294
Dropping frame 1403638630.1778293
Dropping frame 1403638630.3778293
Dropping frame 1403638630.4778295
Dropping frame 1403638630.7278295
Dropping frame 1403638630.9278295
Dropping frame 1403638631.1278296
Dropping frame 1403638631.3278296
Dropping frame 1403638631.4278295
Dropping frame 1403638631.6778293
Shutdown
SLAM Finished at System Time: 1740859478.55171

 TIME STATS in ms (mean$\pm$std)
OpenCV version: 4.8.1
---------------------------
Tracking

ORB Extraction: 17.052$\pm$2.2578
Stereo Matching: 8.0209$\pm$1.802
IMU Preintegration: 0.21091$\pm$0.081232
Pose Prediction: 0.42099$\pm$1.2463
LM Track: 18.159$\pm$4.4245
New KF decision: 1.0961$\pm$1.8786
Total Tracking: 33.053$\pm$23.137



Local Mapping

KF Insertion: 13.796$\pm$4.6302
MP Culling: 0.47827$\pm$0.20666
MP Creation: 43.973$\pm$13.91
LBA: 148.84$\pm$44.088
KF Culling: 11.306$\pm$7.6088
Total Local Mapping: 218.58$\pm$63.887
---------------------------

LBA complexity (mean$\pm$std)
LBA Edges: 2086.8$\pm$1076.6
LBA KF optimized: 6.5$\pm$2.2913
LBA KF fixed: 1$\pm$0
LBA MP: nan$\pm$nan

LBA executions: 395
LBA aborts: 0
---------------------------

Map complexity
KFs in map: 169
MPs in map: 13651
---------------------------

Place Recognition (mean$\pm$std)
Database Query: 2.0262$\pm$1.1525
SE3 estimation: 25.32$\pm$16.198
Total Place Recognition: 20.496$\pm$18.885


Loop Closing (mean$\pm$std)
Loop Fusion: nan$\pm$nan
Essential Graph: nan$\pm$nan
Total Loop Closing: nan$\pm$nan

Num exec: 0
Number of KFs: nan$\pm$nan

Map Merging (mean$\pm$std)
Merge Maps: nan$\pm$nan
Welding BA: nan$\pm$nan
Optimization Ess.: nan$\pm$nan
Total Map Merging: nan$\pm$nan

Num exec: 0
Number of KFs: nan$\pm$nan
Number of MPs: nan$\pm$nan

Full GBA (mean$\pm$std)
GBA: nan$\pm$nan
Map Update: nan$\pm$nan
Total Full GBA: nan$\pm$nan

Num exec: 0
Num abort: 0
Number of KFs: nan$\pm$nan
Number of MPs: nan$\pm$nan

Saving trajectory to f_dataset-MH05_stereo_imu.txt ...
There are 1 maps in the atlas
  Map 0 has 169 KFs

End of saving trajectory to f_dataset-MH05_stereo_imu.txt ...

Saving keyframe trajectory to kf_dataset-MH05_stereo_imu.txt ...
