num_seq = 1
file name: dataset-V103_stereo_imu
Loading images for sequence 0...LOADED!
Loading IMU for sequence 0...LOADED!

-------

ORB-SLAM3 Copyright (C) 2017-2020 Carlos Campos, Richard Elvira, Juan J. Gómez, José M.M. Montiel and Juan D. Tardós, University of Zaragoza.
ORB-SLAM2 Copyright (C) 2014-2016 Raúl Mur-Artal, José M.M. Montiel and Juan D. Tardós, University of Zaragoza.
This program comes with ABSOLUTELY NO WARRANTY;
This is free software, and you are welcome to redistribute it
under certain conditions. See LICENSE.txt.

Built with REGISTER_TIMES
Git Commit Hash: 33f00b6

Build Type: Release

Compiled with C++ version: 201703

Input sensor was set to: Stereo-Inertial
Loading settings from EuRoC_fov_deadlines_mask_8x8.yaml
	-Loaded camera 1
	-Loaded camera 2
	-Loaded image info
	-Loaded IMU calibration
	-Loaded ORB settings
	-Loaded viewer settings
	-Loaded Atlas settings
Deadlines enabled, will skip frames!
FOV enabled
Static mask size: 8x8
Dumping map points enabled
	-Loaded misc parameters
	-Computed rectification maps
----------------------------------
SLAM settings: 
	-Camera 1 parameters (Pinhole): [ 458.65399169921875 457.29598999023438 367.21499633789062 248.375 ]
	-Camera 1 distortion parameters: [  -0.28340810537338257 0.073959067463874817 0.00019359000725671649 1.7618711353861727e-05 ]
	-Camera 2 parameters (Pinhole: [ 457.58700561523438 456.13400268554688 379.99899291992188 255.23800659179688 ]
	-Camera 1 distortion parameters: [  -0.2836836576461792 0.074512839317321777 -0.00010473000293131918 -3.555907096597366e-05 ]
	-Original image size: [ 752 , 480 ]
	-Current image size: [ 752 , 480 ]
	-Camera 1 parameters after rectification: [  456.71499633789062 456.71499633789062 364.52615356445312 257.268798828125 ]
	-Sequence FPS: 20
	-Stereo baseline: 0.11007784307003021
	-Stereo depth threshold : 60
	-Gyro noise: 0.00016999999934341758
	-Accelerometer noise: 0.0020000000949949026
	-Gyro walk: 1.9392999092815444e-05
	-Accelerometer walk: 0.0030000000260770321
	-IMU frequency: 200
	-Features per image: 1200
	-ORB scale factor: 1.2000000476837158
	-ORB number of scales: 8
	-Initial FAST threshold: 20
	-Min FAST threshold: 7


Loading ORB Vocabulary. This could take a while...
Vocabulary loaded!

Initialization of Atlas from scratch 
Creation of new map with id: 0
Creation of new map with last KF id: 0
Seq. Name: 
There are 1 cameras in the atlas
Camera 0 is pinhole
SLAM Started at System Time: 1746984192.32181
not IMU meas
not IMU meas
not enough acceleration
not enough acceleration
not enough acceleration
not enough acceleration
not enough acceleration
not enough acceleration
not enough acceleration
not enough acceleration
not enough acceleration
not enough acceleration
not enough acceleration
not enough acceleration
not enough acceleration
not enough acceleration
not enough acceleration
not enough acceleration
not enough acceleration
not enough acceleration
not enough acceleration
not enough acceleration
not enough acceleration
not enough acceleration
not enough acceleration
not enough acceleration
not enough acceleration
not enough acceleration
not enough acceleration
not enough acceleration
not enough acceleration
not enough acceleration
not enough acceleration
not enough acceleration
not enough acceleration
not enough acceleration
not enough acceleration
not enough acceleration
not enough acceleration
not enough acceleration
not enough acceleration
not enough acceleration
not enough acceleration
not enough acceleration
not enough acceleration
not enough acceleration
not enough acceleration
not enough acceleration
not enough acceleration
not enough acceleration
not enough acceleration
not enough acceleration
not enough acceleration
not enough acceleration
not enough acceleration
not enough acceleration
not enough acceleration
not enough acceleration
not enough acceleration
not enough acceleration
not enough acceleration
not enough acceleration
not enough acceleration
not enough acceleration
not enough acceleration
not enough acceleration
not enough acceleration
not enough acceleration
not enough acceleration
not enough acceleration
not enough acceleration
not enough acceleration
not enough acceleration
not enough acceleration
not enough acceleration
not enough acceleration
not enough acceleration
not enough acceleration
not enough acceleration
not enough acceleration
not enough acceleration
not enough acceleration
not enough acceleration
not enough acceleration
not enough acceleration
not enough acceleration
not enough acceleration
not enough acceleration
not enough acceleration
not enough acceleration
not enough acceleration
not enough acceleration
not enough acceleration
not enough acceleration
not enough acceleration
not enough acceleration
not enough acceleration
not enough acceleration
not enough acceleration
not enough acceleration
not enough acceleration
not enough acceleration
not enough acceleration
not enough acceleration
not enough acceleration
not enough acceleration
not enough acceleration
not enough acceleration
not enough acceleration
not enough acceleration
not enough acceleration
not enough acceleration
not enough acceleration
not enough acceleration
not enough acceleration
not enough acceleration
not enough acceleration
not enough acceleration
not enough acceleration
not enough acceleration
not enough acceleration
not enough acceleration
not enough acceleration
not enough acceleration
not enough acceleration
not enough acceleration
not enough acceleration
not enough acceleration
not enough acceleration
not enough acceleration
not enough acceleration
not enough acceleration
not enough acceleration
not enough acceleration
not enough acceleration
not enough acceleration
First KF:0; Map init KF:0
New Map created with 235 points
Active map: 0
Dropping frame 1403715893.6840582
Dropping frame 1403715893.884058
Dropping frame 1403715894.1840582
Dropping frame 1403715894.2840581
Dropping frame 1403715894.634058
Dropping frame 1403715894.834058
Dropping frame 1403715894.934058
Dropping frame 1403715895.084058
Dropping frame 1403715895.1840582
Dropping frame 1403715895.434058
Dropping frame 1403715895.5340581
Dropping frame 1403715895.634058
Dropping frame 1403715895.834058
Dropping frame 1403715896.0340581
Dropping frame 1403715896.134058
Dropping frame 1403715896.334058
Dropping frame 1403715896.5340581
Dropping frame 1403715896.634058
Dropping frame 1403715896.7340579
Dropping frame 1403715896.9840581
Dropping frame 1403715897.1840582
Dropping frame 1403715897.384058
Dropping frame 1403715898.084058
start VIBA 1
end VIBA 1
Dropping frame 1403715899.2840581
Dropping frame 1403715899.5340581
Dropping frame 1403715899.834058
Dropping frame 1403715899.934058
Dropping frame 1403715900.134058
Dropping frame 1403715900.334058
Dropping frame 1403715900.7840581
Dropping frame 1403715901.0340581
Dropping frame 1403715901.5340581
Dropping frame 1403715902.1840582
Dropping frame 1403715902.2840581
Dropping frame 1403715902.584058
Dropping frame 1403715902.6840582
Dropping frame 1403715903.0340581
Dropping frame 1403715903.2340579
Dropping frame 1403715903.5340581
Dropping frame 1403715903.834058
Dropping frame 1403715906.9840581
Dropping frame 1403715907.2840581
Dropping frame 1403715907.6840582
Dropping frame 1403715907.934058
Dropping frame 1403715908.134058
Dropping frame 1403715908.2340579
Dropping frame 1403715908.4840581
start VIBA 2
end VIBA 2
Dropping frame 1403715909.884058
Dropping frame 1403715910.5340581
Dropping frame 1403715911.084058
Dropping frame 1403715911.834058
Dropping frame 1403715912.334058
Dropping frame 1403715912.884058
Dropping frame 1403715913.334058
Dropping frame 1403715913.434058
Dropping frame 1403715913.7340579
Dropping frame 1403715913.834058
*Loop detected
phi =  0.0020944397982752406 -0.0096608503145905363 0.00023116534130172771
BAD LOOP!!!
Dropping frame 1403715914.2840581
*Loop detected
phi = 0.015202446529605946 0.025459487285509119  -0.1278602290930298
BAD LOOP!!!
Dropping frame 1403715914.834058
Dropping frame 1403715915.1840582
Dropping frame 1403715915.934058
Dropping frame 1403715916.5340581
Dropping frame 1403715918.7340579
Dropping frame 1403715918.9840581
Dropping frame 1403715919.4840581
Dropping frame 1403715919.884058
Dropping frame 1403715920.584058
Dropping frame 1403715920.6840582
Dropping frame 1403715921.7340579
Dropping frame 1403715922.5340581
Dropping frame 1403715925.5340581
Dropping frame 1403715925.884058
Dropping frame 1403715926.434058
Dropping frame 1403715926.934058
Dropping frame 1403715927.934058
Dropping frame 1403715932.6840582
Dropping frame 1403715933.384058
Dropping frame 1403715934.584058
Dropping frame 1403715934.6840582
Dropping frame 1403715934.834058
Dropping frame 1403715935.0340581
Dropping frame 1403715935.384058
Dropping frame 1403715935.7340579
Dropping frame 1403715935.9840581
Dropping frame 1403715936.6840582
Dropping frame 1403715938.0340581
Dropping frame 1403715938.2840581
Dropping frame 1403715938.834058
Dropping frame 1403715939.2340579
Dropping frame 1403715939.384058
Dropping frame 1403715939.7340579
*Loop detected
phi =  0.0016717852981218736 -0.0072346826957140689 -0.0022879354925679526
Local Mapping STOP
Local Mapping RELEASE
Dropping frame 1403715940.0340581
Dropping frame 1403715940.334058
Local Mapping STOP
Local Mapping RELEASE
Dropping frame 1403715941.7840581
Dropping frame 1403715942.084058
Dropping frame 1403715943.9840581
Dropping frame 1403715944.4840581
Dropping frame 1403715944.634058
Dropping frame 1403715944.884058
Dropping frame 1403715944.9840581
Dropping frame 1403715945.084058
Dropping frame 1403715945.334058
Dropping frame 1403715945.634058
Dropping frame 1403715946.1840582
Dropping frame 1403715946.7840581
Dropping frame 1403715946.884058
Dropping frame 1403715947.1840582
Dropping frame 1403715947.4840581
Dropping frame 1403715947.834058
Dropping frame 1403715947.934058
Dropping frame 1403715948.0340581
Dropping frame 1403715948.2840581
Dropping frame 1403715948.384058
Dropping frame 1403715948.4840581
Dropping frame 1403715948.7340579
Dropping frame 1403715948.834058
Dropping frame 1403715948.934058
Dropping frame 1403715949.0340581
Dropping frame 1403715949.2340579
Dropping frame 1403715949.334058
Dropping frame 1403715949.434058
Dropping frame 1403715949.834058
Dropping frame 1403715949.934058
Dropping frame 1403715950.2340579
Dropping frame 1403715950.584058
Dropping frame 1403715950.7840581
Dropping frame 1403715951.384058
Dropping frame 1403715951.6840582
Dropping frame 1403715951.7840581
Dropping frame 1403715951.9840581
Dropping frame 1403715952.2340579
Dropping frame 1403715954.0340581
Dropping frame 1403715954.2840581
Dropping frame 1403715954.434058
Dropping frame 1403715954.584058
Dropping frame 1403715956.1840582
Dropping frame 1403715956.2840581
Dropping frame 1403715956.4840581
Dropping frame 1403715956.584058
Dropping frame 1403715956.6840582
Dropping frame 1403715956.7840581
Dropping frame 1403715956.9840581
Dropping frame 1403715957.1840582
Dropping frame 1403715957.384058
Dropping frame 1403715957.4840581
Dropping frame 1403715957.7840581
Dropping frame 1403715958.1840582
Dropping frame 1403715958.434058
Dropping frame 1403715958.5340581
Dropping frame 1403715958.7840581
Dropping frame 1403715958.9840581
Dropping frame 1403715959.084058
Dropping frame 1403715959.1840582
Dropping frame 1403715959.2840581
Dropping frame 1403715959.434058
Dropping frame 1403715959.5340581
Dropping frame 1403715959.934058
Dropping frame 1403715960.884058
Dropping frame 1403715961.2840581
Dropping frame 1403715962.084058
Dropping frame 1403715962.2840581
Dropping frame 1403715962.434058
Dropping frame 1403715962.5340581
Dropping frame 1403715962.7340579
Dropping frame 1403715962.934058
Dropping frame 1403715963.134058
Dropping frame 1403715963.334058
Dropping frame 1403715963.4840581
Dropping frame 1403715963.9840581
Dropping frame 1403715964.2840581
Dropping frame 1403715964.384058
Dropping frame 1403715964.584058
Dropping frame 1403715964.7840581
Dropping frame 1403715965.1840582
Dropping frame 1403715965.2840581
Dropping frame 1403715966.6840582
Dropping frame 1403715967.134058
Dropping frame 1403715967.2340579
Dropping frame 1403715967.4840581
Dropping frame 1403715969.434058
Dropping frame 1403715969.5340581
Dropping frame 1403715969.7840581
Dropping frame 1403715970.134058
Dropping frame 1403715970.384058
Dropping frame 1403715970.634058
Dropping frame 1403715971.884058
Dropping frame 1403715972.084058
Dropping frame 1403715972.434058
Dropping frame 1403715973.0340581
Dropping frame 1403715973.6840582
Dropping frame 1403715973.934058
Dropping frame 1403715974.384058
Dropping frame 1403715974.884058
Dropping frame 1403715975.2840581
Dropping frame 1403715975.384058
Dropping frame 1403715975.6840582
Dropping frame 1403715975.884058
Dropping frame 1403715976.084058
Dropping frame 1403715976.2840581
Dropping frame 1403715977.2340579
Dropping frame 1403715977.4840581
Dropping frame 1403715977.7340579
Dropping frame 1403715977.9840581
Dropping frame 1403715978.084058
Dropping frame 1403715979.084058
Dropping frame 1403715979.584058
Dropping frame 1403715979.834058
Dropping frame 1403715981.2340579
Dropping frame 1403715981.6840582
Dropping frame 1403715981.834058
Dropping frame 1403715982.0340581
Dropping frame 1403715982.1840582
Dropping frame 1403715982.584058
Dropping frame 1403715982.6840582
Dropping frame 1403715982.7840581
Dropping frame 1403715982.884058
Dropping frame 1403715982.9840581
Dropping frame 1403715983.384058
Dropping frame 1403715983.4840581
Dropping frame 1403715983.584058
Dropping frame 1403715983.7340579
Dropping frame 1403715983.934058
Dropping frame 1403715984.134058
Dropping frame 1403715984.2340579
Dropping frame 1403715984.334058
Dropping frame 1403715984.5340581
Dropping frame 1403715984.634058
Dropping frame 1403715984.7340579
Dropping frame 1403715984.934058
Dropping frame 1403715985.0340581
Dropping frame 1403715985.2840581
Dropping frame 1403715985.5340581
Dropping frame 1403715985.7340579
Dropping frame 1403715985.834058
Dropping frame 1403715985.934058
Dropping frame 1403715986.134058
Dropping frame 1403715986.434058
Dropping frame 1403715986.7340579
Dropping frame 1403715987.084058
Dropping frame 1403715987.1840582
Dropping frame 1403715987.584058
Dropping frame 1403715987.6840582
Dropping frame 1403715987.934058
Dropping frame 1403715988.2340579
Dropping frame 1403715988.434058
Dropping frame 1403715988.584058
Dropping frame 1403715988.6840582
Dropping frame 1403715988.884058
Dropping frame 1403715988.9840581
Dropping frame 1403715989.6840582
Dropping frame 1403715989.9840581
Dropping frame 1403715990.2840581
Dropping frame 1403715990.584058
Dropping frame 1403715990.884058
Dropping frame 1403715991.2340579
Dropping frame 1403715991.434058
Dropping frame 1403715991.584058
Dropping frame 1403715991.6840582
Dropping frame 1403715991.884058
Fail to track local map!
Dropping frame 1403715991.9840581
Fail to track local map!
Dropping frame 1403715992.084058
Fail to track local map!
Dropping frame 1403715992.1840582
Fail to track local map!
Dropping frame 1403715992.2840581
Fail to track local map!
Fail to track local map!
Fail to track local map!
Fail to track local map!
Dropping frame 1403715992.5340581
Fail to track local map!
Dropping frame 1403715992.634058
Fail to track local map!
Fail to track local map!
Fail to track local map!
Fail to track local map!
Fail to track local map!
Fail to track local map!
Dropping frame 1403715993.2840581
Dropping frame 1403715993.584058
Dropping frame 1403715993.884058
Dropping frame 1403715993.9840581
Shutdown
SLAM Finished at System Time: 1746984317.13968

 TIME STATS in ms (mean$\pm$std)
OpenCV version: 4.8.1
---------------------------
Tracking

ORB Extraction: 14.906$\pm$2.2177
Stereo Matching: 7.0081$\pm$2.2449
IMU Preintegration: 0.19764$\pm$0.068508
Pose Prediction: 0.28102$\pm$1.1735
LM Track: 15.568$\pm$4.339
New KF decision: 2.0351$\pm$3.5203
Total Tracking: 33.734$\pm$19.625



Local Mapping

KF Insertion: 10.046$\pm$4.0823
MP Culling: 0.64089$\pm$0.30375
MP Creation: 35.585$\pm$15.803
LBA: 112.2$\pm$37.699
KF Culling: 10.313$\pm$6.5941
Total Local Mapping: 169.08$\pm$55.909
---------------------------

LBA complexity (mean$\pm$std)
LBA Edges: 3540.5$\pm$1070.6
LBA KF optimized: 6.5$\pm$2.2913
LBA KF fixed: 1$\pm$0
LBA MP: nan$\pm$nan

LBA executions: 451
LBA aborts: 1
---------------------------

Map complexity
KFs in map: 146
MPs in map: 8903
---------------------------

Place Recognition (mean$\pm$std)
Database Query: 1.2041$\pm$0.69999
SE3 estimation: 13.745$\pm$10.93
Total Place Recognition: 13.009$\pm$11.773


Loop Closing (mean$\pm$std)
Loop Fusion: 97.384$\pm$0
Essential Graph: 79.792$\pm$0
Total Loop Closing: 180.55$\pm$0

Num exec: 1
Number of KFs: nan$\pm$nan

Map Merging (mean$\pm$std)
Merge Maps: nan$\pm$nan
Welding BA: nan$\pm$nan
Optimization Ess.: nan$\pm$nan
Total Map Merging: nan$\pm$nan

Num exec: 0
Number of KFs: nan$\pm$nan
Number of MPs: nan$\pm$nan

Full GBA (mean$\pm$std)
GBA: 720.6$\pm$0
Map Update: 59.788$\pm$0
Total Full GBA: 780.39$\pm$0

Num exec: 1
Num abort: 0
Number of KFs: 126$\pm$0
Number of MPs: 9120$\pm$0

Saving trajectory to f_dataset-V103_stereo_imu.txt ...
There are 1 maps in the atlas
  Map 0 has 146 KFs

End of saving trajectory to f_dataset-V103_stereo_imu.txt ...

Saving keyframe trajectory to kf_dataset-V103_stereo_imu.txt ...
