num_seq = 1
file name: dataset-MH02_stereo_imu
Loading images for sequence 0...LOADED!
Loading IMU for sequence 0...LOADED!

-------

ORB-SLAM3 Copyright (C) 2017-2020 Carlos Campos, Richard Elvira, Juan J. Gómez, José M.M. Montiel and Juan D. Tardós, University of Zaragoza.
ORB-SLAM2 Copyright (C) 2014-2016 Raúl Mur-Artal, José M.M. Montiel and Juan D. Tardós, University of Zaragoza.
This program comes with ABSOLUTELY NO WARRANTY;
This is free software, and you are welcome to redistribute it
under certain conditions. See LICENSE.txt.

Built with REGISTER_TIMES
Git Commit Hash: 2d47524

Build Type: Release

Compiled with C++ version: 201703

Input sensor was set to: Stereo-Inertial
Loading settings from EuRoC_fov_deadlines_mask_13x13.yaml
	-Loaded camera 1
	-Loaded camera 2
	-Loaded image info
	-Loaded IMU calibration
	-Loaded ORB settings
	-Loaded viewer settings
	-Loaded Atlas settings
Deadlines enabled, will skip frames!
FOV enabled
Static mask size: 13x13
Dumping map points enabled
	-Loaded misc parameters
	-Computed rectification maps
----------------------------------
SLAM settings: 
	-Camera 1 parameters (Pinhole): [ 458.65399169921875 457.29598999023438 367.21499633789062 248.375 ]
	-Camera 1 distortion parameters: [  -0.28340810537338257 0.073959067463874817 0.00019359000725671649 1.7618711353861727e-05 ]
	-Camera 2 parameters (Pinhole: [ 457.58700561523438 456.13400268554688 379.99899291992188 255.23800659179688 ]
	-Camera 1 distortion parameters: [  -0.2836836576461792 0.074512839317321777 -0.00010473000293131918 -3.555907096597366e-05 ]
	-Original image size: [ 752 , 480 ]
	-Current image size: [ 752 , 480 ]
	-Camera 1 parameters after rectification: [  456.71499633789062 456.71499633789062 364.52615356445312 257.268798828125 ]
	-Sequence FPS: 20
	-Stereo baseline: 0.11007784307003021
	-Stereo depth threshold : 60
	-Gyro noise: 0.00016999999934341758
	-Accelerometer noise: 0.0020000000949949026
	-Gyro walk: 1.9392999092815444e-05
	-Accelerometer walk: 0.0030000000260770321
	-IMU frequency: 200
	-Features per image: 1200
	-ORB scale factor: 1.2000000476837158
	-ORB number of scales: 8
	-Initial FAST threshold: 20
	-Min FAST threshold: 7


Loading ORB Vocabulary. This could take a while...
Vocabulary loaded!

Initialization of Atlas from scratch 
Creation of new map with id: 0
Creation of new map with last KF id: 0
Seq. Name: 
There are 1 cameras in the atlas
Camera 0 is pinhole
SLAM Started at System Time: 1743040160.80385
not IMU meas
not IMU meas
not enough acceleration
not enough acceleration
not enough acceleration
not enough acceleration
not enough acceleration
not enough acceleration
First KF:0; Map init KF:0
New Map created with 194 points
Active map: 0
Dropping frame 1403636859.6016665
Dropping frame 1403636859.8016665
Dropping frame 1403636860.1016665
Dropping frame 1403636860.2016666
Dropping frame 1403636860.5516665
Dropping frame 1403636860.7516665
Dropping frame 1403636860.9516664
Dropping frame 1403636861.3516665
Dropping frame 1403636861.8016665
Dropping frame 1403636861.9516664
Dropping frame 1403636862.1516664
Dropping frame 1403636862.4016666
Dropping frame 1403636862.5516665
Dropping frame 1403636862.6516664
Dropping frame 1403636863.0516665
Dropping frame 1403636863.3016665
Dropping frame 1403636863.9516664
Dropping frame 1403636864.3016665
Dropping frame 1403636864.4016666
Dropping frame 1403636864.5016665
start VIBA 1
end VIBA 1
Dropping frame 1403636864.7016666
Dropping frame 1403636864.9516664
Dropping frame 1403636865.0516665
Dropping frame 1403636865.1516664
Dropping frame 1403636865.4016666
Dropping frame 1403636865.5016665
Dropping frame 1403636865.6016665
Dropping frame 1403636866.2516665
Dropping frame 1403636866.3516665
Dropping frame 1403636866.5016665
Dropping frame 1403636866.6016665
Dropping frame 1403636866.8516665
Dropping frame 1403636867.2516665
Dropping frame 1403636867.3516665
Dropping frame 1403636867.5516665
Dropping frame 1403636867.6516664
Dropping frame 1403636867.7516665
Dropping frame 1403636868.1516664
Dropping frame 1403636868.3516665
Dropping frame 1403636868.8516665
Dropping frame 1403636869.0516665
Dropping frame 1403636869.1516664
Dropping frame 1403636869.3016665
Dropping frame 1403636869.6516664
Dropping frame 1403636869.8016665
Dropping frame 1403636870.0016665
Dropping frame 1403636870.2016666
Dropping frame 1403636870.4516664
Dropping frame 1403636870.6516664
Dropping frame 1403636870.7516665
Dropping frame 1403636870.9016666
Dropping frame 1403636871.5516665
Dropping frame 1403636871.7516665
Dropping frame 1403636871.8516665
Dropping frame 1403636872.1016665
Dropping frame 1403636872.4516664
Dropping frame 1403636872.9516664
Dropping frame 1403636873.0516665
Dropping frame 1403636873.3016665
Dropping frame 1403636873.4016666
Dropping frame 1403636873.8016665
Dropping frame 1403636874.2516665
Dropping frame 1403636874.4516664
Dropping frame 1403636874.5516665
Dropping frame 1403636874.7516665
Dropping frame 1403636874.8516665
Dropping frame 1403636874.9516664
Dropping frame 1403636875.1516664
start VIBA 2
end VIBA 2
Dropping frame 1403636875.3516665
Dropping frame 1403636875.6016665
Dropping frame 1403636875.7016666
Dropping frame 1403636875.9516664
Dropping frame 1403636876.0516665
Dropping frame 1403636876.1516664
Dropping frame 1403636876.3516665
Dropping frame 1403636876.4516664
Dropping frame 1403636876.5516665
Dropping frame 1403636876.8016665
Dropping frame 1403636876.9516664
Dropping frame 1403636877.3016665
Dropping frame 1403636877.4016666
Dropping frame 1403636877.7516665
Dropping frame 1403636878.0516665
Dropping frame 1403636878.4516664
Dropping frame 1403636878.5516665
Dropping frame 1403636878.7516665
Dropping frame 1403636878.9516664
Dropping frame 1403636879.3016665
Dropping frame 1403636879.4016666
Dropping frame 1403636879.8516665
Dropping frame 1403636880.0016665
Dropping frame 1403636880.2516665
Dropping frame 1403636880.5016665
Dropping frame 1403636880.8016665
Dropping frame 1403636881.0516665
Dropping frame 1403636881.2516665
Dropping frame 1403636881.3516665
Dropping frame 1403636881.4516664
Dropping frame 1403636881.8516665
Dropping frame 1403636882.4016666
Dropping frame 1403636882.5016665
Dropping frame 1403636882.7516665
Dropping frame 1403636883.0516665
Dropping frame 1403636883.2516665
Dropping frame 1403636883.4516664
Dropping frame 1403636883.6516664
Dropping frame 1403636884.0516665
Dropping frame 1403636884.3516665
Dropping frame 1403636884.6016665
Dropping frame 1403636884.8016665
Dropping frame 1403636885.1516664
Dropping frame 1403636885.3516665
Dropping frame 1403636885.5516665
Dropping frame 1403636885.8516665
Dropping frame 1403636886.2016666
Dropping frame 1403636886.3016665
Dropping frame 1403636886.6016665
Dropping frame 1403636887.0016665
Dropping frame 1403636887.3016665
Dropping frame 1403636887.6016665
Dropping frame 1403636888.0016665
Dropping frame 1403636888.3516665
Dropping frame 1403636888.8516665
Dropping frame 1403636889.0516665
Dropping frame 1403636889.3516665
Dropping frame 1403636889.6516664
Dropping frame 1403636889.7516665
Dropping frame 1403636890.0016665
Dropping frame 1403636890.3516665
Dropping frame 1403636890.4516664
Dropping frame 1403636890.9516664
Dropping frame 1403636891.2016666
Dropping frame 1403636891.5516665
Dropping frame 1403636891.7016666
Dropping frame 1403636891.9516664
Dropping frame 1403636892.0516665
Dropping frame 1403636892.2516665
Dropping frame 1403636892.4516664
Dropping frame 1403636892.6016665
Dropping frame 1403636892.7016666
Dropping frame 1403636892.9016666
Dropping frame 1403636893.0016665
Dropping frame 1403636893.2516665
Dropping frame 1403636893.4516664
Dropping frame 1403636893.6516664
Dropping frame 1403636893.7516665
Dropping frame 1403636893.9016666
Dropping frame 1403636894.0516665
Dropping frame 1403636894.1516664
Dropping frame 1403636894.5016665
Dropping frame 1403636894.8016665
Dropping frame 1403636895.2016666
Dropping frame 1403636895.3016665
Dropping frame 1403636895.4516664
Dropping frame 1403636895.8016665
Dropping frame 1403636896.0516665
Dropping frame 1403636896.1516664
Dropping frame 1403636896.4016666
Dropping frame 1403636897.4016666
Dropping frame 1403636898.1516664
Dropping frame 1403636898.4016666
Dropping frame 1403636898.8516665
Dropping frame 1403636899.1516664
Dropping frame 1403636899.8016665
Dropping frame 1403636900.4016666
Dropping frame 1403636900.5016665
Dropping frame 1403636900.8516665
Dropping frame 1403636901.1516664
Dropping frame 1403636901.2516665
Dropping frame 1403636901.5016665
Dropping frame 1403636901.8516665
Dropping frame 1403636902.0516665
Dropping frame 1403636902.3516665
Dropping frame 1403636902.8516665
Dropping frame 1403636903.0516665
Dropping frame 1403636903.3016665
Dropping frame 1403636903.4016666
Dropping frame 1403636903.9516664
Dropping frame 1403636904.2516665
Dropping frame 1403636904.4016666
Dropping frame 1403636904.5516665
Dropping frame 1403636905.1016665
Dropping frame 1403636905.3016665
Dropping frame 1403636906.0516665
Dropping frame 1403636906.2516665
Dropping frame 1403636906.5516665
Dropping frame 1403636906.9016666
Dropping frame 1403636907.2516665
Dropping frame 1403636907.7016666
Dropping frame 1403636907.9516664
Dropping frame 1403636908.1016665
Dropping frame 1403636908.3516665
Dropping frame 1403636908.6516664
Dropping frame 1403636908.9016666
Dropping frame 1403636909.1516664
Dropping frame 1403636909.4016666
Dropping frame 1403636909.6016665
Dropping frame 1403636909.7516665
Dropping frame 1403636909.9516664
Dropping frame 1403636910.1516664
Dropping frame 1403636910.2516665
Dropping frame 1403636910.5516665
Dropping frame 1403636910.7016666
Dropping frame 1403636911.3016665
Dropping frame 1403636911.5516665
Dropping frame 1403636911.8016665
Dropping frame 1403636912.0016665
Dropping frame 1403636912.2516665
Dropping frame 1403636912.9016666
Dropping frame 1403636913.1516664
Dropping frame 1403636913.5516665
Dropping frame 1403636913.8016665
Dropping frame 1403636914.2516665
Dropping frame 1403636914.4016666
Dropping frame 1403636914.6516664
Dropping frame 1403636915.2016666
Dropping frame 1403636915.8016665
Dropping frame 1403636916.3016665
Dropping frame 1403636916.8516665
Dropping frame 1403636917.2516665
Dropping frame 1403636917.5516665
Dropping frame 1403636917.6516664
Dropping frame 1403636917.9016666
Dropping frame 1403636918.0516665
Dropping frame 1403636918.2516665
Dropping frame 1403636918.4016666
Dropping frame 1403636918.5016665
Dropping frame 1403636918.8016665
Dropping frame 1403636919.0516665
Dropping frame 1403636919.1516664
Dropping frame 1403636919.2516665
Dropping frame 1403636919.6516664
Dropping frame 1403636919.7516665
Dropping frame 1403636919.8516665
Dropping frame 1403636919.9516664
Dropping frame 1403636920.0516665
Dropping frame 1403636920.3016665
Dropping frame 1403636920.4016666
Dropping frame 1403636920.5016665
Dropping frame 1403636920.7016666
Dropping frame 1403636920.9016666
Dropping frame 1403636921.0016665
Dropping frame 1403636921.2016666
Dropping frame 1403636921.3016665
Dropping frame 1403636921.5016665
Dropping frame 1403636921.6016665
Dropping frame 1403636921.7016666
Dropping frame 1403636921.8016665
Dropping frame 1403636921.9016666
Dropping frame 1403636922.1016665
Dropping frame 1403636922.3016665
Dropping frame 1403636922.4016666
Dropping frame 1403636922.5516665
Dropping frame 1403636922.7516665
Dropping frame 1403636922.8516665
Dropping frame 1403636922.9516664
Dropping frame 1403636923.0516665
Dropping frame 1403636923.1516664
Dropping frame 1403636923.2516665
Dropping frame 1403636923.4516664
Dropping frame 1403636923.5516665
Dropping frame 1403636923.6516664
Dropping frame 1403636923.8516665
Dropping frame 1403636923.9516664
Dropping frame 1403636924.0516665
Dropping frame 1403636924.1516664
Dropping frame 1403636924.2516665
Dropping frame 1403636924.4516664
Dropping frame 1403636924.5516665
Dropping frame 1403636924.6516664
Dropping frame 1403636924.7516665
Dropping frame 1403636924.8516665
Dropping frame 1403636924.9516664
Dropping frame 1403636925.1516664
Dropping frame 1403636925.3516665
Dropping frame 1403636925.4516664
Dropping frame 1403636925.5516665
Dropping frame 1403636925.7516665
Dropping frame 1403636925.8516665
Dropping frame 1403636925.9516664
Dropping frame 1403636926.2016666
Dropping frame 1403636926.4016666
Dropping frame 1403636926.5016665
Dropping frame 1403636926.6016665
Dropping frame 1403636926.7016666
Dropping frame 1403636926.8016665
Dropping frame 1403636926.9016666
Dropping frame 1403636927.1016665
Dropping frame 1403636927.2016666
Dropping frame 1403636927.4016666
Dropping frame 1403636927.5016665
Dropping frame 1403636927.6016665
Dropping frame 1403636927.7016666
Dropping frame 1403636927.8016665
Dropping frame 1403636928.0016665
Dropping frame 1403636928.1016665
Dropping frame 1403636928.3016665
Dropping frame 1403636928.4016666
Dropping frame 1403636928.6016665
Dropping frame 1403636928.7016666
Dropping frame 1403636928.8016665
Dropping frame 1403636928.9516664
Dropping frame 1403636929.0516665
Dropping frame 1403636929.1516664
Dropping frame 1403636929.3016665
Dropping frame 1403636929.4016666
Dropping frame 1403636929.6016665
Dropping frame 1403636929.7016666
Dropping frame 1403636929.8016665
Dropping frame 1403636930.0016665
Dropping frame 1403636930.1016665
Dropping frame 1403636930.2016666
Dropping frame 1403636930.3016665
Dropping frame 1403636930.4016666
Dropping frame 1403636930.5016665
Dropping frame 1403636930.6016665
Dropping frame 1403636930.7016666
Dropping frame 1403636930.8016665
Dropping frame 1403636930.9016666
Dropping frame 1403636931.0516665
Dropping frame 1403636931.1516664
Dropping frame 1403636931.2516665
Dropping frame 1403636931.4516664
Dropping frame 1403636931.6016665
Dropping frame 1403636931.8016665
Dropping frame 1403636931.9016666
Dropping frame 1403636932.0016665
Dropping frame 1403636932.1016665
Dropping frame 1403636932.3516665
Dropping frame 1403636932.4516664
Dropping frame 1403636932.5516665
Dropping frame 1403636932.6516664
Dropping frame 1403636932.7516665
Dropping frame 1403636932.8516665
Dropping frame 1403636933.0516665
Dropping frame 1403636933.1516664
Dropping frame 1403636933.2516665
Dropping frame 1403636933.3516665
Dropping frame 1403636933.4516664
Dropping frame 1403636933.7016666
Dropping frame 1403636933.8016665
Dropping frame 1403636933.9016666
Dropping frame 1403636934.0016665
Dropping frame 1403636934.2516665
Dropping frame 1403636934.4516664
Dropping frame 1403636934.5516665
Dropping frame 1403636934.7016666
Dropping frame 1403636934.9016666
Dropping frame 1403636935.0016665
Dropping frame 1403636935.2016666
Dropping frame 1403636935.3016665
Dropping frame 1403636935.4516664
Dropping frame 1403636935.6516664
Dropping frame 1403636935.7516665
Dropping frame 1403636935.8516665
Dropping frame 1403636936.0016665
Dropping frame 1403636936.2016666
Dropping frame 1403636936.3016665
Dropping frame 1403636936.6016665
Dropping frame 1403636936.7016666
Dropping frame 1403636937.0016665
Dropping frame 1403636937.1016665
Dropping frame 1403636937.4016666
Dropping frame 1403636937.7016666
Dropping frame 1403636937.8016665
Dropping frame 1403636938.0016665
Dropping frame 1403636938.3016665
Dropping frame 1403636938.4016666
Dropping frame 1403636938.8016665
Dropping frame 1403636938.9016666
Dropping frame 1403636939.2516665
Dropping frame 1403636939.3516665
Dropping frame 1403636939.5516665
Dropping frame 1403636939.8016665
Dropping frame 1403636940.0516665
Dropping frame 1403636940.4016666
Dropping frame 1403636940.7516665
Dropping frame 1403636941.4516664
Dropping frame 1403636941.6516664
Dropping frame 1403636941.7516665
Dropping frame 1403636941.8516665
Dropping frame 1403636941.9516664
Dropping frame 1403636942.0516665
Dropping frame 1403636942.2516665
Dropping frame 1403636942.4516664
Dropping frame 1403636942.5516665
Dropping frame 1403636942.7516665
Dropping frame 1403636942.8516665
Dropping frame 1403636943.0016665
Dropping frame 1403636943.2016666
Dropping frame 1403636943.3016665
Dropping frame 1403636943.4016666
Dropping frame 1403636943.5516665
Dropping frame 1403636943.7016666
Dropping frame 1403636943.9016666
Dropping frame 1403636944.0016665
Dropping frame 1403636944.3016665
Dropping frame 1403636944.4016666
Dropping frame 1403636944.5016665
Dropping frame 1403636944.7516665
Dropping frame 1403636944.8516665
Dropping frame 1403636945.0516665
Dropping frame 1403636945.1516664
Dropping frame 1403636945.3516665
Dropping frame 1403636945.4516664
Dropping frame 1403636945.6016665
Dropping frame 1403636945.8016665
Dropping frame 1403636945.9016666
Dropping frame 1403636946.0016665
Dropping frame 1403636946.2516665
Dropping frame 1403636946.3516665
Dropping frame 1403636946.4516664
Dropping frame 1403636946.5516665
Dropping frame 1403636946.7516665
Dropping frame 1403636946.8516665
Dropping frame 1403636946.9516664
Dropping frame 1403636947.0516665
Dropping frame 1403636947.2016666
Dropping frame 1403636947.3016665
Dropping frame 1403636947.4016666
Dropping frame 1403636947.5016665
Dropping frame 1403636947.8016665
Dropping frame 1403636947.9016666
Dropping frame 1403636948.0016665
Dropping frame 1403636948.1016665
Dropping frame 1403636948.2016666
Dropping frame 1403636948.3016665
Dropping frame 1403636948.4016666
Dropping frame 1403636948.5016665
Dropping frame 1403636948.6016665
Dropping frame 1403636948.8016665
Dropping frame 1403636948.9016666
Dropping frame 1403636949.0516665
Dropping frame 1403636949.1516664
Dropping frame 1403636949.3016665
Dropping frame 1403636949.5016665
Dropping frame 1403636949.7016666
Dropping frame 1403636949.8016665
Dropping frame 1403636949.9016666
Dropping frame 1403636950.0016665
Dropping frame 1403636950.1516664
Dropping frame 1403636950.4016666
Dropping frame 1403636950.5016665
Dropping frame 1403636950.6016665
Dropping frame 1403636950.7016666
Dropping frame 1403636950.9516664
Dropping frame 1403636951.1516664
Dropping frame 1403636951.2516665
Dropping frame 1403636951.3516665
Dropping frame 1403636951.4516664
Dropping frame 1403636951.6516664
Dropping frame 1403636951.7516665
Dropping frame 1403636951.9516664
Dropping frame 1403636952.0516665
Dropping frame 1403636952.1516664
Dropping frame 1403636952.3516665
Dropping frame 1403636952.4516664
Dropping frame 1403636952.6516664
Dropping frame 1403636952.8516665
Dropping frame 1403636952.9516664
Dropping frame 1403636953.0516665
Dropping frame 1403636953.1516664
Dropping frame 1403636953.4016666
Dropping frame 1403636953.5016665
Dropping frame 1403636953.6016665
Dropping frame 1403636953.7016666
Dropping frame 1403636953.9016666
Dropping frame 1403636954.1016665
Dropping frame 1403636954.3016665
Dropping frame 1403636954.4016666
Dropping frame 1403636954.5016665
Dropping frame 1403636954.6516664
Dropping frame 1403636954.8016665
Dropping frame 1403636955.1516664
Dropping frame 1403636955.3516665
Dropping frame 1403636955.5516665
Dropping frame 1403636955.7516665
Dropping frame 1403636955.8516665
Dropping frame 1403636955.9516664
Dropping frame 1403636956.0516665
Dropping frame 1403636956.2516665
Dropping frame 1403636956.4516664
Dropping frame 1403636956.6516664
Dropping frame 1403636956.7516665
Dropping frame 1403636956.8516665
Dropping frame 1403636957.0516665
Dropping frame 1403636957.1516664
Dropping frame 1403636957.2516665
Dropping frame 1403636957.4516664
Dropping frame 1403636957.6516664
Dropping frame 1403636957.7516665
Dropping frame 1403636957.8516665
Dropping frame 1403636958.0516665
Dropping frame 1403636958.2516665
Dropping frame 1403636958.3516665
Dropping frame 1403636958.4516664
Dropping frame 1403636958.6516664
Dropping frame 1403636958.8516665
Dropping frame 1403636959.0516665
Dropping frame 1403636959.2516665
Dropping frame 1403636959.4516664
Dropping frame 1403636959.5516665
Dropping frame 1403636959.6516664
Dropping frame 1403636959.8516665
Dropping frame 1403636959.9516664
Dropping frame 1403636960.0516665
Dropping frame 1403636960.2516665
Dropping frame 1403636960.4516664
Dropping frame 1403636960.5516665
Dropping frame 1403636960.7516665
Dropping frame 1403636960.8516665
Dropping frame 1403636960.9516664
Dropping frame 1403636961.1516664
Dropping frame 1403636961.3516665
Dropping frame 1403636961.5516665
Dropping frame 1403636961.7516665
Dropping frame 1403636961.9516664
Dropping frame 1403636962.1516664
Dropping frame 1403636962.2516665
Dropping frame 1403636962.3516665
Dropping frame 1403636962.5516665
Dropping frame 1403636962.7516665
Dropping frame 1403636962.9516664
Dropping frame 1403636963.0516665
Dropping frame 1403636963.1516664
Dropping frame 1403636963.3516665
Dropping frame 1403636963.5516665
Dropping frame 1403636963.7516665
Dropping frame 1403636963.9516664
Dropping frame 1403636964.1516664
Dropping frame 1403636964.2516665
Dropping frame 1403636964.3516665
Dropping frame 1403636964.5516665
Dropping frame 1403636964.7516665
Dropping frame 1403636964.9516664
Dropping frame 1403636965.4516664
Dropping frame 1403636965.5516665
Dropping frame 1403636965.6516664
Dropping frame 1403636965.8516665
Dropping frame 1403636965.9516664
Dropping frame 1403636966.0516665
Dropping frame 1403636966.2516665
Dropping frame 1403636966.4516664
Dropping frame 1403636966.6516664
Dropping frame 1403636966.7516665
Dropping frame 1403636966.8516665
Dropping frame 1403636967.0516665
Dropping frame 1403636967.2516665
Dropping frame 1403636967.4516664
Dropping frame 1403636967.5516665
Dropping frame 1403636967.6516664
Dropping frame 1403636967.7516665
Dropping frame 1403636967.9516664
Dropping frame 1403636968.0516665
Dropping frame 1403636968.1516664
Dropping frame 1403636968.3516665
Dropping frame 1403636968.5516665
Dropping frame 1403636968.7516665
Dropping frame 1403636968.9516664
Dropping frame 1403636969.1516664
Dropping frame 1403636969.3516665
Dropping frame 1403636969.4516664
Dropping frame 1403636969.7016666
Dropping frame 1403636969.9016666
Dropping frame 1403636970.0016665
Dropping frame 1403636970.1016665
Dropping frame 1403636970.3016665
Dropping frame 1403636970.5016665
Dropping frame 1403636970.7016666
Dropping frame 1403636970.9016666
Dropping frame 1403636971.1016665
Dropping frame 1403636971.2016666
Dropping frame 1403636971.3016665
Dropping frame 1403636971.5016665
Dropping frame 1403636971.7016666
Dropping frame 1403636971.8016665
Dropping frame 1403636972.0516665
Dropping frame 1403636972.2516665
Dropping frame 1403636972.3516665
Dropping frame 1403636972.4516664
Dropping frame 1403636972.8016665
Dropping frame 1403636973.0016665
Dropping frame 1403636973.1016665
Dropping frame 1403636973.3016665
Dropping frame 1403636973.5016665
Dropping frame 1403636973.7016666
Dropping frame 1403636973.8016665
Dropping frame 1403636974.0016665
Dropping frame 1403636974.2016666
Dropping frame 1403636974.3016665
Dropping frame 1403636974.5516665
Dropping frame 1403636974.7516665
Dropping frame 1403636974.9516664
Dropping frame 1403636975.0516665
Dropping frame 1403636975.1516664
Dropping frame 1403636975.3516665
Dropping frame 1403636975.5516665
Dropping frame 1403636975.7516665
Dropping frame 1403636975.9516664
Dropping frame 1403636976.1516664
Dropping frame 1403636976.3516665
Dropping frame 1403636976.5516665
Dropping frame 1403636976.7516665
Dropping frame 1403636976.9516664
Dropping frame 1403636977.1516664
Dropping frame 1403636977.2516665
Dropping frame 1403636977.4516664
Dropping frame 1403636977.6516664
Dropping frame 1403636977.8516665
Dropping frame 1403636977.9516664
Dropping frame 1403636978.2016666
Dropping frame 1403636978.3016665
Dropping frame 1403636978.5016665
Dropping frame 1403636978.6016665
Dropping frame 1403636978.8516665
Dropping frame 1403636979.0516665
Dropping frame 1403636979.2516665
Dropping frame 1403636979.4516664
Dropping frame 1403636979.5516665
Dropping frame 1403636979.8516665
Dropping frame 1403636980.0516665
Dropping frame 1403636980.2516665
Dropping frame 1403636980.4516664
Dropping frame 1403636980.6516664
Dropping frame 1403636980.8516665
Dropping frame 1403636980.9516664
Dropping frame 1403636981.0516665
Dropping frame 1403636981.2516665
Dropping frame 1403636981.4516664
Dropping frame 1403636981.6516664
Dropping frame 1403636981.8516665
Dropping frame 1403636982.0516665
Dropping frame 1403636982.2016666
Dropping frame 1403636982.4516664
Dropping frame 1403636982.6516664
Dropping frame 1403636982.8516665
Dropping frame 1403636983.0516665
Dropping frame 1403636983.2016666
Dropping frame 1403636983.3016665
Dropping frame 1403636983.5016665
Dropping frame 1403636983.6016665
Dropping frame 1403636983.7016666
Dropping frame 1403636983.9016666
Dropping frame 1403636984.1016665
Dropping frame 1403636984.2016666
Dropping frame 1403636984.4016666
Dropping frame 1403636984.5016665
Dropping frame 1403636984.6016665
Dropping frame 1403636984.8016665
Dropping frame 1403636985.1016665
Dropping frame 1403636985.3016665
Dropping frame 1403636985.5016665
Dropping frame 1403636985.6016665
Dropping frame 1403636985.8016665
Dropping frame 1403636985.9016666
Dropping frame 1403636986.1516664
Dropping frame 1403636986.3516665
Dropping frame 1403636986.5516665
Dropping frame 1403636986.6516664
Dropping frame 1403636986.8516665
Dropping frame 1403636986.9516664
Dropping frame 1403636987.0516665
Dropping frame 1403636987.2516665
Dropping frame 1403636987.4516664
Dropping frame 1403636987.5516665
Dropping frame 1403636987.7016666
Dropping frame 1403636987.8016665
Dropping frame 1403636988.0016665
Dropping frame 1403636988.2016666
Dropping frame 1403636988.3016665
Dropping frame 1403636988.4516664
Dropping frame 1403636988.5516665
Dropping frame 1403636988.7516665
Dropping frame 1403636988.9516664
Dropping frame 1403636989.0516665
Dropping frame 1403636989.1516664
Dropping frame 1403636989.2516665
Dropping frame 1403636989.5016665
Dropping frame 1403636989.6016665
Dropping frame 1403636989.7016666
Dropping frame 1403636989.8516665
Dropping frame 1403636990.0516665
Dropping frame 1403636990.2516665
Dropping frame 1403636990.3516665
Dropping frame 1403636990.6016665
Dropping frame 1403636990.7016666
Dropping frame 1403636990.8516665
Dropping frame 1403636990.9516664
Dropping frame 1403636991.1516664
Dropping frame 1403636991.3516665
Dropping frame 1403636991.4516664
Dropping frame 1403636991.5516665
Dropping frame 1403636991.9516664
Dropping frame 1403636992.1516664
Dropping frame 1403636992.3016665
Dropping frame 1403636992.4016666
Dropping frame 1403636992.5016665
Dropping frame 1403636992.7516665
Dropping frame 1403636992.9516664
Dropping frame 1403636993.0516665
Dropping frame 1403636993.1516664
Dropping frame 1403636993.3516665
Dropping frame 1403636993.5016665
Dropping frame 1403636993.8516665
Dropping frame 1403636993.9516664
Dropping frame 1403636994.1516664
Dropping frame 1403636994.2516665
Dropping frame 1403636994.6516664
Dropping frame 1403636994.7516665
Dropping frame 1403636995.1516664
Dropping frame 1403636995.5016665
Dropping frame 1403636995.6016665
Dropping frame 1403636995.9016666
Dropping frame 1403636996.1016665
Dropping frame 1403636996.4016666
Dropping frame 1403636996.6016665
Dropping frame 1403636996.8016665
Dropping frame 1403636997.0016665
Dropping frame 1403636997.2016666
Dropping frame 1403636997.3016665
Dropping frame 1403636997.4016666
Dropping frame 1403636997.6016665
Dropping frame 1403636997.9016666
Dropping frame 1403636998.1016665
Dropping frame 1403636998.2016666
Dropping frame 1403636998.3016665
Dropping frame 1403636998.6516664
Dropping frame 1403636998.7516665
Dropping frame 1403636998.9516664
Dropping frame 1403636999.4016666
Dropping frame 1403636999.6016665
Dropping frame 1403636999.8516665
Dropping frame 1403637000.1016665
Dropping frame 1403637000.2016666
Dropping frame 1403637000.4516664
Dropping frame 1403637000.6516664
Dropping frame 1403637000.7516665
Dropping frame 1403637001.2516665
Dropping frame 1403637001.4516664
Dropping frame 1403637001.5516665
Dropping frame 1403637001.6516664
Dropping frame 1403637002.0516665
Dropping frame 1403637002.1516664
Dropping frame 1403637002.2516665
Dropping frame 1403637002.4516664
Dropping frame 1403637002.6516664
Dropping frame 1403637002.7516665
Dropping frame 1403637003.0016665
Dropping frame 1403637003.2016666
Dropping frame 1403637003.3016665
Dropping frame 1403637003.5016665
Dropping frame 1403637003.6016665
Dropping frame 1403637003.7016666
Dropping frame 1403637003.9016666
Dropping frame 1403637004.1016665
Dropping frame 1403637004.3016665
Dropping frame 1403637004.4016666
Dropping frame 1403637004.5016665
Dropping frame 1403637004.6016665
Dropping frame 1403637004.8016665
Dropping frame 1403637005.0016665
Dropping frame 1403637005.2016666
Dropping frame 1403637005.4016666
Dropping frame 1403637005.5016665
Dropping frame 1403637005.6016665
Dropping frame 1403637005.8016665
Dropping frame 1403637006.0016665
Dropping frame 1403637006.2016666
Dropping frame 1403637006.4016666
Dropping frame 1403637006.5016665
Dropping frame 1403637006.7016666
Dropping frame 1403637006.9016666
Dropping frame 1403637007.1016665
Dropping frame 1403637007.3016665
Dropping frame 1403637007.4016666
Dropping frame 1403637007.5016665
Dropping frame 1403637007.6016665
Dropping frame 1403637007.7016666
Dropping frame 1403637007.9016666
Dropping frame 1403637008.1016665
Dropping frame 1403637008.3016665
Dropping frame 1403637008.5016665
Dropping frame 1403637008.7016666
Dropping frame 1403637009.2016666
Dropping frame 1403637009.4016666
Dropping frame 1403637009.5016665
Dropping frame 1403637009.6016665
Dropping frame 1403637009.8016665
Dropping frame 1403637010.0016665
Dropping frame 1403637010.1016665
Dropping frame 1403637010.3016665
Dropping frame 1403637010.5016665
Dropping frame 1403637010.6016665
Shutdown
SLAM Finished at System Time: 1743040349.01694

 TIME STATS in ms (mean$\pm$std)
OpenCV version: 4.8.1
---------------------------
Tracking

ORB Extraction: 21.121$\pm$2.0528
Stereo Matching: 7.2994$\pm$2.0376
IMU Preintegration: 0.24907$\pm$0.098683
Pose Prediction: 0.23104$\pm$0.65244
LM Track: 19.659$\pm$5.3991
New KF decision: 1.3209$\pm$2.4678
Total Tracking: 32.149$\pm$27.611



Local Mapping

KF Insertion: 17.346$\pm$5.5392
MP Culling: 0.56054$\pm$0.2167
MP Creation: 50.474$\pm$16.162
LBA: 153.79$\pm$53.121
KF Culling: 15.502$\pm$10.069
Total Local Mapping: 237.42$\pm$76.405
---------------------------

LBA complexity (mean$\pm$std)
LBA Edges: 1669.5$\pm$570.58
LBA KF optimized: 6.5$\pm$2.2913
LBA KF fixed: 1$\pm$0
LBA MP: nan$\pm$nan

LBA executions: 451
LBA aborts: 0
---------------------------

Map complexity
KFs in map: 118
MPs in map: 8888
---------------------------

Place Recognition (mean$\pm$std)
Database Query: 1.5143$\pm$0.81418
SE3 estimation: 11.57$\pm$16.294
Total Place Recognition: 11.646$\pm$16.304


Loop Closing (mean$\pm$std)
Loop Fusion: nan$\pm$nan
Essential Graph: nan$\pm$nan
Total Loop Closing: nan$\pm$nan

Num exec: 0
Number of KFs: nan$\pm$nan

Map Merging (mean$\pm$std)
Merge Maps: nan$\pm$nan
Welding BA: nan$\pm$nan
Optimization Ess.: nan$\pm$nan
Total Map Merging: nan$\pm$nan

Num exec: 0
Number of KFs: nan$\pm$nan
Number of MPs: nan$\pm$nan

Full GBA (mean$\pm$std)
GBA: nan$\pm$nan
Map Update: nan$\pm$nan
Total Full GBA: nan$\pm$nan

Num exec: 0
Num abort: 0
Number of KFs: nan$\pm$nan
Number of MPs: nan$\pm$nan

Saving trajectory to f_dataset-MH02_stereo_imu.txt ...
There are 1 maps in the atlas
  Map 0 has 118 KFs

End of saving trajectory to f_dataset-MH02_stereo_imu.txt ...

Saving keyframe trajectory to kf_dataset-MH02_stereo_imu.txt ...
