num_seq = 1
file name: dataset-MH05_stereo_imu
Loading images for sequence 0...LOADED!
Loading IMU for sequence 0...LOADED!

-------

ORB-SLAM3 Copyright (C) 2017-2020 Carlos Campos, Richard Elvira, Juan J. Gómez, José M.M. Montiel and Juan D. Tardós, University of Zaragoza.
ORB-SLAM2 Copyright (C) 2014-2016 Raúl Mur-Artal, José M.M. Montiel and Juan D. Tardós, University of Zaragoza.
This program comes with ABSOLUTELY NO WARRANTY;
This is free software, and you are welcome to redistribute it
under certain conditions. See LICENSE.txt.

Built with REGISTER_TIMES
Git Commit Hash: 2d47524

Build Type: Release

Compiled with C++ version: 201703

Input sensor was set to: Stereo-Inertial
Loading settings from EuRoC_fov_deadlines_mask_4x4.yaml
	-Loaded camera 1
	-Loaded camera 2
	-Loaded image info
	-Loaded IMU calibration
	-Loaded ORB settings
	-Loaded viewer settings
	-Loaded Atlas settings
Deadlines enabled, will skip frames!
FOV enabled
Static mask size: 4x4
Dumping map points enabled
	-Loaded misc parameters
	-Computed rectification maps
----------------------------------
SLAM settings: 
	-Camera 1 parameters (Pinhole): [ 458.65399169921875 457.29598999023438 367.21499633789062 248.375 ]
	-Camera 1 distortion parameters: [  -0.28340810537338257 0.073959067463874817 0.00019359000725671649 1.7618711353861727e-05 ]
	-Camera 2 parameters (Pinhole: [ 457.58700561523438 456.13400268554688 379.99899291992188 255.23800659179688 ]
	-Camera 1 distortion parameters: [  -0.2836836576461792 0.074512839317321777 -0.00010473000293131918 -3.555907096597366e-05 ]
	-Original image size: [ 752 , 480 ]
	-Current image size: [ 752 , 480 ]
	-Camera 1 parameters after rectification: [  456.71499633789062 456.71499633789062 364.52615356445312 257.268798828125 ]
	-Sequence FPS: 20
	-Stereo baseline: 0.11007784307003021
	-Stereo depth threshold : 60
	-Gyro noise: 0.00016999999934341758
	-Accelerometer noise: 0.0020000000949949026
	-Gyro walk: 1.9392999092815444e-05
	-Accelerometer walk: 0.0030000000260770321
	-IMU frequency: 200
	-Features per image: 1200
	-ORB scale factor: 1.2000000476837158
	-ORB number of scales: 8
	-Initial FAST threshold: 20
	-Min FAST threshold: 7


Loading ORB Vocabulary. This could take a while...
Vocabulary loaded!

Initialization of Atlas from scratch 
Creation of new map with id: 0
Creation of new map with last KF id: 0
Seq. Name: 
There are 1 cameras in the atlas
Camera 0 is pinhole
SLAM Started at System Time: 1742792407.82737
not IMU meas
not IMU meas
not enough acceleration
not enough acceleration
not enough acceleration
not enough acceleration
not enough acceleration
not enough acceleration
not enough acceleration
not enough acceleration
not enough acceleration
not enough acceleration
not enough acceleration
not enough acceleration
not enough acceleration
not enough acceleration
not enough acceleration
not enough acceleration
not enough acceleration
not enough acceleration
not enough acceleration
not enough acceleration
not enough acceleration
not enough acceleration
not enough acceleration
not enough acceleration
not enough acceleration
not enough acceleration
not enough acceleration
not enough acceleration
not enough acceleration
not enough acceleration
not enough acceleration
not enough acceleration
not enough acceleration
not enough acceleration
not enough acceleration
not enough acceleration
not enough acceleration
not enough acceleration
not enough acceleration
not enough acceleration
not enough acceleration
not enough acceleration
not enough acceleration
not enough acceleration
not enough acceleration
not enough acceleration
not enough acceleration
not enough acceleration
not enough acceleration
not enough acceleration
not enough acceleration
not enough acceleration
not enough acceleration
not enough acceleration
not enough acceleration
not enough acceleration
not enough acceleration
not enough acceleration
not enough acceleration
not enough acceleration
not enough acceleration
not enough acceleration
not enough acceleration
not enough acceleration
not enough acceleration
not enough acceleration
not enough acceleration
not enough acceleration
not enough acceleration
not enough acceleration
not enough acceleration
not enough acceleration
not enough acceleration
not enough acceleration
not enough acceleration
not enough acceleration
not enough acceleration
not enough acceleration
First KF:0; Map init KF:0
New Map created with 82 points
Active map: 0
Dropping frame 1403638522.6778293
Dropping frame 1403638523.0778294
Dropping frame 1403638523.3778293
Dropping frame 1403638523.7778294
Dropping frame 1403638524.2778294
Dropping frame 1403638524.7278295
Dropping frame 1403638525.2778294
Dropping frame 1403638525.5278294
Dropping frame 1403638525.6278296
Dropping frame 1403638526.1778293
Dropping frame 1403638526.2778294
Dropping frame 1403638526.5778294
Dropping frame 1403638526.8278296
start VIBA 1
end VIBA 1
Dropping frame 1403638530.2778294
start VIBA 2
Fail to track local map!
Fail to track local map!
Fail to track local map!
Fail to track local map!
Fail to track local map!
Fail to track local map!
Fail to track local map!
Fail to track local map!
Fail to track local map!
Fail to track local map!
Fail to track local map!
Fail to track local map!
Fail to track local map!
Fail to track local map!
Fail to track local map!
end VIBA 2
Fail to track local map!
Fail to track local map!
Fail to track local map!
Fail to track local map!
Fail to track local map!
Fail to track local map!
Fail to track local map!
Fail to track local map!
Fail to track local map!
Fail to track local map!
Fail to track local map!
Dropping frame 1403638541.2778294
Dropping frame 1403638542.8778293
Dropping frame 1403638543.3778293
Dropping frame 1403638543.7278295
Dropping frame 1403638546.8778293
Dropping frame 1403638547.0778294
Dropping frame 1403638547.2778294
Dropping frame 1403638547.4278295
Dropping frame 1403638549.7278295
Dropping frame 1403638552.1278296
Dropping frame 1403638552.9278295
Dropping frame 1403638553.6278296
Dropping frame 1403638554.9778295
Dropping frame 1403638555.2778294
Dropping frame 1403638555.6778293
Dropping frame 1403638556.4778295
Dropping frame 1403638556.5778294
Dropping frame 1403638556.9278295
Dropping frame 1403638557.2278295
Dropping frame 1403638557.5778294
Dropping frame 1403638558.1278296
Dropping frame 1403638558.2278295
Dropping frame 1403638558.5778294
Dropping frame 1403638558.6778293
Dropping frame 1403638559.1778293
Dropping frame 1403638559.2778294
Dropping frame 1403638559.5778294
Dropping frame 1403638560.2778294
Dropping frame 1403638560.3778293
Dropping frame 1403638560.4778295
Dropping frame 1403638560.5778294
Dropping frame 1403638560.7278295
Dropping frame 1403638560.9278295
Dropping frame 1403638561.3278296
Dropping frame 1403638561.4778295
Dropping frame 1403638561.8278296
Dropping frame 1403638561.9278295
Dropping frame 1403638562.1278296
Dropping frame 1403638562.2278295
Dropping frame 1403638562.6278296
Dropping frame 1403638562.8278296
Dropping frame 1403638562.9778295
Dropping frame 1403638563.0778294
Dropping frame 1403638563.5278294
Dropping frame 1403638563.6278296
Dropping frame 1403638563.8778293
Dropping frame 1403638564.2278295
Dropping frame 1403638564.4278295
Dropping frame 1403638564.6278296
Dropping frame 1403638564.8778293
Dropping frame 1403638565.0278294
Dropping frame 1403638565.3278296
Dropping frame 1403638567.8778293
Dropping frame 1403638568.0278294
Dropping frame 1403638568.4278295
Dropping frame 1403638568.5278294
Dropping frame 1403638569.1778293
Dropping frame 1403638569.4278295
Dropping frame 1403638570.1278296
Dropping frame 1403638570.3278296
Dropping frame 1403638571.0778294
Dropping frame 1403638574.8778293
Dropping frame 1403638575.1278296
Dropping frame 1403638575.3778293
Dropping frame 1403638575.4778295
Dropping frame 1403638575.9278295
Dropping frame 1403638576.1278296
Dropping frame 1403638576.3278296
Dropping frame 1403638576.4778295
Dropping frame 1403638576.9778295
Dropping frame 1403638577.0778294
Dropping frame 1403638577.1778293
Dropping frame 1403638577.4278295
Dropping frame 1403638577.5278294
Dropping frame 1403638577.6278296
Dropping frame 1403638577.8278296
Dropping frame 1403638578.3778293
Dropping frame 1403638578.4778295
Dropping frame 1403638578.5778294
Dropping frame 1403638578.9778295
Dropping frame 1403638579.7278295
Dropping frame 1403638580.1278296
Dropping frame 1403638580.3778293
Dropping frame 1403638581.5778294
Dropping frame 1403638583.2778294
Dropping frame 1403638583.7278295
*Loop detected
phi =  -0.030070707620996284 -0.0072747887308448229  -0.019676989005170471
BAD LOOP!!!
*Loop detected
phi =  -0.01463661038339132 -0.016381322219077676 -0.034591894252702933
BAD LOOP!!!
*Loop detected
phi = -0.018588640183179704 -0.018418931903840672 -0.037657970965022283
BAD LOOP!!!
*Loop detected
phi = -0.014574270197789332 -0.026781488784282687 -0.038035710933482313
BAD LOOP!!!
*Loop detected
phi =  0.040874076091227694 -0.022319097768120921  0.027533484334888409
BAD LOOP!!!
*Loop detected
phi = -0.010191976755346171 -0.015457594874741019  -0.03634262126592052
BAD LOOP!!!
*Loop detected
phi =  0.039747650236385816 0.0032765212431819105 -0.041646179612185349
BAD LOOP!!!
*Loop detected
phi =  0.010044816357669987 -0.013227094301687555  -0.03080754294131784
BAD LOOP!!!
*Loop detected
phi = -0.019991281718106057 -0.015672125628482161 -0.048384685652486069
BAD LOOP!!!
*Loop detected
phi = -0.0074694510172904523 -0.0080590096795300457  -0.039161058182866242
BAD LOOP!!!
*Loop detected
phi = -0.010203099892598721 -0.010998208294341056 -0.042925746087976169
BAD LOOP!!!
*Loop detected
phi = -0.0040460918175102461 -0.0049932700628516321  -0.045418672672929601
Local Mapping STOP
Local Mapping RELEASE
Dropping frame 1403638614.6278296
Dropping frame 1403638614.9278295
Dropping frame 1403638615.2778294
Dropping frame 1403638615.3778293
Dropping frame 1403638615.4778295
Dropping frame 1403638615.9278295
Dropping frame 1403638616.2778294
Dropping frame 1403638616.3778293
Dropping frame 1403638616.8778293
Dropping frame 1403638617.1778293
Dropping frame 1403638617.4778295
Dropping frame 1403638617.6278296
Dropping frame 1403638617.8278296
Dropping frame 1403638617.9278295
Dropping frame 1403638618.1778293
Dropping frame 1403638618.4778295
Dropping frame 1403638618.9778295
Dropping frame 1403638619.0778294
Dropping frame 1403638619.8778293
*Loop detected
phi =  0.045089115878002052 -0.050084087215560874 -0.044804946418443313
BAD LOOP!!!
*Loop detected
phi =  0.054133521971045151 -0.049541965375248687 -0.018340204511810607
BAD LOOP!!!
*Loop detected
phi =   0.014859129497403199 -0.0039193683951604299   0.018920295565131542
BAD LOOP!!!
*Loop detected
phi = -0.020102337926542393 -0.051345156513159317 -0.067378546906246839
BAD LOOP!!!
Dropping frame 1403638620.8778293
*Loop detected
phi =  0.0048990000500251955 -0.0050229804725892531   0.019252352048707372
Local Mapping STOP
Dropping frame 1403638621.2278295
Local Mapping RELEASE
Dropping frame 1403638621.5278294
Dropping frame 1403638621.8778293
Dropping frame 1403638622.1778293
Dropping frame 1403638622.5278294
Dropping frame 1403638623.4778295
Dropping frame 1403638624.2778294
Dropping frame 1403638624.7278295
Dropping frame 1403638626.2278295
Dropping frame 1403638627.1278296
*Loop detected
phi = -0.0043910671887145035 -0.0049131985494424591   -0.10933478968435345
Local Mapping STOP
Local Mapping RELEASE
Dropping frame 1403638629.2778294
Dropping frame 1403638629.6778293
Dropping frame 1403638629.9278295
Dropping frame 1403638630.2278295
Dropping frame 1403638630.4278295
Dropping frame 1403638630.5278294
Dropping frame 1403638630.8278296
Dropping frame 1403638630.9278295
Dropping frame 1403638631.0278294
Dropping frame 1403638631.1778293
Dropping frame 1403638631.3778293
Dropping frame 1403638631.4778295
Shutdown
SLAM Finished at System Time: 1742792540.93706

 TIME STATS in ms (mean$\pm$std)
OpenCV version: 4.8.1
---------------------------
Tracking

ORB Extraction: 13.161$\pm$2.03
Stereo Matching: 7.0492$\pm$2.6191
IMU Preintegration: 0.1941$\pm$0.087724
Pose Prediction: 0.22713$\pm$0.9192
LM Track: 14.038$\pm$4.4579
New KF decision: 1.202$\pm$2.2564
Total Tracking: 35.215$\pm$15.208



Local Mapping

KF Insertion: 10.344$\pm$4.2372
MP Culling: 0.41502$\pm$0.27387
MP Creation: 34.051$\pm$13.316
LBA: 105.07$\pm$51.553
KF Culling: 6.7191$\pm$5.2766
Total Local Mapping: 159.06$\pm$96.374
---------------------------

LBA complexity (mean$\pm$std)
LBA Edges: 2367.5$\pm$1074.8
LBA KF optimized: 6.5$\pm$2.2913
LBA KF fixed: 1$\pm$0
LBA MP: nan$\pm$nan

LBA executions: 555
LBA aborts: 0
---------------------------

Map complexity
KFs in map: 287
MPs in map: 17799
---------------------------

Place Recognition (mean$\pm$std)
Database Query: 1.4296$\pm$0.94472
SE3 estimation: 16.082$\pm$13.685
Total Place Recognition: 14.907$\pm$14.604


Loop Closing (mean$\pm$std)
Loop Fusion: 123.38$\pm$51.957
Essential Graph: 215.35$\pm$27.551
Total Loop Closing: 364.11$\pm$80.062

Num exec: 3
Number of KFs: nan$\pm$nan

Map Merging (mean$\pm$std)
Merge Maps: nan$\pm$nan
Welding BA: nan$\pm$nan
Optimization Ess.: nan$\pm$nan
Total Map Merging: nan$\pm$nan

Num exec: 0
Number of KFs: nan$\pm$nan
Number of MPs: nan$\pm$nan

Full GBA (mean$\pm$std)
GBA: nan$\pm$nan
Map Update: nan$\pm$nan
Total Full GBA: nan$\pm$nan

Num exec: 0
Num abort: 0
Number of KFs: nan$\pm$nan
Number of MPs: nan$\pm$nan

Saving trajectory to f_dataset-MH05_stereo_imu.txt ...
There are 1 maps in the atlas
  Map 0 has 287 KFs

End of saving trajectory to f_dataset-MH05_stereo_imu.txt ...

Saving keyframe trajectory to kf_dataset-MH05_stereo_imu.txt ...
