num_seq = 1
file name: dataset-V201_stereo_imu
Loading images for sequence 0...LOADED!
Loading IMU for sequence 0...LOADED!

-------

ORB-SLAM3 Copyright (C) 2017-2020 Carlos Campos, Richard Elvira, Juan J. Gómez, José M.M. Montiel and Juan D. Tardós, University of Zaragoza.
ORB-SLAM2 Copyright (C) 2014-2016 Raúl Mur-Artal, José M.M. Montiel and Juan D. Tardós, University of Zaragoza.
This program comes with ABSOLUTELY NO WARRANTY;
This is free software, and you are welcome to redistribute it
under certain conditions. See LICENSE.txt.

Built with REGISTER_TIMES
Git Commit Hash: 33f00b6

Build Type: Release

Compiled with C++ version: 201703

Input sensor was set to: Stereo-Inertial
Loading settings from EuRoC_fov_deadlines_mask_12x12.yaml
	-Loaded camera 1
	-Loaded camera 2
	-Loaded image info
	-Loaded IMU calibration
	-Loaded ORB settings
	-Loaded viewer settings
	-Loaded Atlas settings
Deadlines enabled, will skip frames!
FOV enabled
Static mask size: 12x12
Dumping map points enabled
	-Loaded misc parameters
	-Computed rectification maps
----------------------------------
SLAM settings: 
	-Camera 1 parameters (Pinhole): [ 458.65399169921875 457.29598999023438 367.21499633789062 248.375 ]
	-Camera 1 distortion parameters: [  -0.28340810537338257 0.073959067463874817 0.00019359000725671649 1.7618711353861727e-05 ]
	-Camera 2 parameters (Pinhole: [ 457.58700561523438 456.13400268554688 379.99899291992188 255.23800659179688 ]
	-Camera 1 distortion parameters: [  -0.2836836576461792 0.074512839317321777 -0.00010473000293131918 -3.555907096597366e-05 ]
	-Original image size: [ 752 , 480 ]
	-Current image size: [ 752 , 480 ]
	-Camera 1 parameters after rectification: [  456.71499633789062 456.71499633789062 364.52615356445312 257.268798828125 ]
	-Sequence FPS: 20
	-Stereo baseline: 0.11007784307003021
	-Stereo depth threshold : 60
	-Gyro noise: 0.00016999999934341758
	-Accelerometer noise: 0.0020000000949949026
	-Gyro walk: 1.9392999092815444e-05
	-Accelerometer walk: 0.0030000000260770321
	-IMU frequency: 200
	-Features per image: 1200
	-ORB scale factor: 1.2000000476837158
	-ORB number of scales: 8
	-Initial FAST threshold: 20
	-Min FAST threshold: 7


Loading ORB Vocabulary. This could take a while...
Vocabulary loaded!

Initialization of Atlas from scratch 
Creation of new map with id: 0
Creation of new map with last KF id: 0
Seq. Name: 
There are 1 cameras in the atlas
Camera 0 is pinhole
SLAM Started at System Time: 1746909361.10114
not IMU meas
not IMU meas
not enough acceleration
not enough acceleration
not enough acceleration
not enough acceleration
not enough acceleration
not enough acceleration
not enough acceleration
not enough acceleration
not enough acceleration
not enough acceleration
not enough acceleration
not enough acceleration
not enough acceleration
not enough acceleration
not enough acceleration
not enough acceleration
not enough acceleration
not enough acceleration
not enough acceleration
not enough acceleration
not enough acceleration
not enough acceleration
not enough acceleration
not enough acceleration
not enough acceleration
not enough acceleration
not enough acceleration
not enough acceleration
not enough acceleration
not enough acceleration
not enough acceleration
not enough acceleration
not enough acceleration
not enough acceleration
not enough acceleration
not enough acceleration
not enough acceleration
not enough acceleration
not enough acceleration
not enough acceleration
not enough acceleration
not enough acceleration
not enough acceleration
not enough acceleration
not enough acceleration
not enough acceleration
not enough acceleration
not enough acceleration
not enough acceleration
not enough acceleration
not enough acceleration
not enough acceleration
not enough acceleration
not enough acceleration
not enough acceleration
not enough acceleration
not enough acceleration
not enough acceleration
not enough acceleration
not enough acceleration
not enough acceleration
not enough acceleration
not enough acceleration
not enough acceleration
not enough acceleration
not enough acceleration
not enough acceleration
not enough acceleration
not enough acceleration
not enough acceleration
not enough acceleration
not enough acceleration
not enough acceleration
not enough acceleration
not enough acceleration
not enough acceleration
not enough acceleration
not enough acceleration
not enough acceleration
not enough acceleration
not enough acceleration
not enough acceleration
not enough acceleration
not enough acceleration
First KF:0; Map init KF:0
New Map created with 864 points
Active map: 0
Dropping frame 1413393216.6057606
Dropping frame 1413393216.8057606
Dropping frame 1413393216.9057605
Dropping frame 1413393217.0057604
Dropping frame 1413393217.2057605
Dropping frame 1413393217.4057605
Dropping frame 1413393217.6057606
Dropping frame 1413393217.7057605
Dropping frame 1413393217.8057606
Dropping frame 1413393218.0057604
Dropping frame 1413393218.1057606
Dropping frame 1413393218.2057605
Dropping frame 1413393218.4057605
Dropping frame 1413393218.5057604
Dropping frame 1413393218.6057606
Dropping frame 1413393218.8057606
Dropping frame 1413393219.0057604
Dropping frame 1413393219.2057605
Dropping frame 1413393219.3057606
Dropping frame 1413393219.4057605
Dropping frame 1413393219.6057606
Dropping frame 1413393219.8057606
Dropping frame 1413393220.0057604
Dropping frame 1413393220.1057606
Dropping frame 1413393220.2057605
Dropping frame 1413393220.4057605
Dropping frame 1413393220.6057606
Dropping frame 1413393220.8057606
Dropping frame 1413393220.9057605
Dropping frame 1413393221.0057604
Dropping frame 1413393221.2057605
Dropping frame 1413393221.3057606
Dropping frame 1413393221.4057605
Dropping frame 1413393221.6057606
Dropping frame 1413393221.7057605
Dropping frame 1413393221.9557605
start VIBA 1
Dropping frame 1413393222.1557603
end VIBA 1
Dropping frame 1413393222.3557603
Dropping frame 1413393222.5057604
Dropping frame 1413393222.7057605
Dropping frame 1413393222.8057606
Dropping frame 1413393222.9057605
Dropping frame 1413393223.1057606
Dropping frame 1413393223.2557604
Dropping frame 1413393223.4557605
Dropping frame 1413393223.6557603
Dropping frame 1413393223.8557603
Dropping frame 1413393223.9557605
Dropping frame 1413393224.0557604
Dropping frame 1413393224.2557604
Dropping frame 1413393224.3557603
Dropping frame 1413393224.4557605
Dropping frame 1413393224.6557603
Dropping frame 1413393224.7557604
Dropping frame 1413393224.8557603
Dropping frame 1413393225.0557604
Dropping frame 1413393225.2557604
Dropping frame 1413393225.4557605
Dropping frame 1413393225.5557604
Dropping frame 1413393225.6557603
Dropping frame 1413393225.8557603
Dropping frame 1413393226.0557604
Dropping frame 1413393226.2557604
Dropping frame 1413393226.3557603
Dropping frame 1413393226.4557605
Dropping frame 1413393226.6557603
Dropping frame 1413393226.8557603
Dropping frame 1413393226.9557605
Dropping frame 1413393227.0557604
Dropping frame 1413393227.1557603
Dropping frame 1413393227.3557603
Dropping frame 1413393227.4557605
Dropping frame 1413393227.5557604
Dropping frame 1413393227.7557604
Dropping frame 1413393227.9057605
Dropping frame 1413393228.1057606
Dropping frame 1413393228.2057605
Dropping frame 1413393228.4057605
Dropping frame 1413393228.5057604
Dropping frame 1413393228.6057606
Dropping frame 1413393228.8057606
Dropping frame 1413393229.0057604
Dropping frame 1413393229.2057605
Dropping frame 1413393229.3057606
Dropping frame 1413393229.4057605
Dropping frame 1413393229.6057606
Dropping frame 1413393229.7057605
Dropping frame 1413393229.9057605
Dropping frame 1413393230.0057604
Dropping frame 1413393230.1057606
Dropping frame 1413393230.3057606
Dropping frame 1413393230.4057605
Dropping frame 1413393230.6557603
Dropping frame 1413393230.7557604
Dropping frame 1413393230.8557603
Dropping frame 1413393231.0557604
Dropping frame 1413393231.2557604
Dropping frame 1413393231.4557605
Dropping frame 1413393231.5557604
Dropping frame 1413393231.6557603
Dropping frame 1413393232.0057604
start VIBA 2
Dropping frame 1413393232.2057605
end VIBA 2
Dropping frame 1413393232.3057606
Dropping frame 1413393232.5557604
Dropping frame 1413393232.7557604
Dropping frame 1413393232.9557605
Dropping frame 1413393233.0557604
Dropping frame 1413393233.1557603
Dropping frame 1413393233.3557603
Dropping frame 1413393233.4557605
Dropping frame 1413393233.5557604
Dropping frame 1413393233.7557604
Dropping frame 1413393233.8557603
Dropping frame 1413393234.1057606
Dropping frame 1413393234.3057606
Dropping frame 1413393234.5057604
Dropping frame 1413393234.6557603
Dropping frame 1413393234.8557603
Dropping frame 1413393235.0057604
Dropping frame 1413393235.2057605
Dropping frame 1413393235.3557603
Dropping frame 1413393235.5557604
Dropping frame 1413393235.7557604
Dropping frame 1413393235.9557605
Dropping frame 1413393236.0557604
Dropping frame 1413393236.1557603
Dropping frame 1413393236.3557603
Dropping frame 1413393236.4557605
Dropping frame 1413393236.7057605
Dropping frame 1413393236.9057605
Dropping frame 1413393237.1057606
Dropping frame 1413393237.3057606
Dropping frame 1413393237.4057605
Dropping frame 1413393237.5057604
Dropping frame 1413393237.7057605
Dropping frame 1413393237.9057605
Dropping frame 1413393238.1057606
Dropping frame 1413393238.2057605
Dropping frame 1413393238.3057606
Dropping frame 1413393238.5057604
Dropping frame 1413393238.7557604
Dropping frame 1413393238.8557603
Dropping frame 1413393238.9557605
Dropping frame 1413393239.1557603
Dropping frame 1413393239.3557603
Dropping frame 1413393239.4557605
Dropping frame 1413393239.7057605
Dropping frame 1413393239.9057605
Dropping frame 1413393240.1057606
Dropping frame 1413393240.2057605
Dropping frame 1413393240.3057606
Dropping frame 1413393240.5057604
Dropping frame 1413393240.8557603
Dropping frame 1413393240.9557605
Dropping frame 1413393241.1557603
Dropping frame 1413393241.3557603
Dropping frame 1413393241.5557604
Dropping frame 1413393241.8557603
Dropping frame 1413393242.0557604
Dropping frame 1413393242.1557603
Dropping frame 1413393242.2557604
Dropping frame 1413393242.4557605
Dropping frame 1413393242.6557603
Dropping frame 1413393242.8557603
Dropping frame 1413393242.9557605
Dropping frame 1413393243.0557604
Dropping frame 1413393243.2557604
Dropping frame 1413393243.4557605
Dropping frame 1413393243.5557604
Dropping frame 1413393243.8557603
Dropping frame 1413393244.2057605
Dropping frame 1413393244.3057606
Dropping frame 1413393244.4057605
Dropping frame 1413393244.6057606
Dropping frame 1413393244.7057605
Dropping frame 1413393244.9557605
Dropping frame 1413393245.0557604
Dropping frame 1413393245.1557603
Dropping frame 1413393245.3557603
Dropping frame 1413393245.5557604
Dropping frame 1413393245.7557604
Dropping frame 1413393245.8557603
Dropping frame 1413393245.9557605
Dropping frame 1413393246.1057606
Dropping frame 1413393246.2057605
Dropping frame 1413393246.6557603
Dropping frame 1413393246.8557603
Dropping frame 1413393247.0057604
Dropping frame 1413393247.2557604
Dropping frame 1413393247.3557603
Dropping frame 1413393247.4557605
Dropping frame 1413393247.6557603
Dropping frame 1413393247.7557604
Fail to track local map!
Dropping frame 1413393247.8557603
Dropping frame 1413393248.0557604
Dropping frame 1413393248.2557604
Dropping frame 1413393248.4557605
Dropping frame 1413393248.5557604
Dropping frame 1413393248.6557603
Dropping frame 1413393248.8557603
Dropping frame 1413393249.0557604
Dropping frame 1413393249.2557604
Dropping frame 1413393249.3557603
Dropping frame 1413393249.4557605
Dropping frame 1413393249.6557603
Dropping frame 1413393249.8557603
Dropping frame 1413393250.0057604
Dropping frame 1413393250.2557604
Dropping frame 1413393250.3557603
Dropping frame 1413393250.6557603
Dropping frame 1413393251.1057606
Dropping frame 1413393251.2057605
Dropping frame 1413393251.4557605
Dropping frame 1413393251.5557604
Dropping frame 1413393251.7557604
Dropping frame 1413393251.8557603
Dropping frame 1413393252.1057606
Dropping frame 1413393252.2057605
Dropping frame 1413393252.4057605
Dropping frame 1413393252.5057604
Dropping frame 1413393252.7557604
Dropping frame 1413393252.8557603
Dropping frame 1413393252.9557605
Dropping frame 1413393253.1557603
Dropping frame 1413393253.3057606
Dropping frame 1413393253.5057604
Dropping frame 1413393253.7057605
Dropping frame 1413393253.9057605
Dropping frame 1413393254.0057604
Dropping frame 1413393254.1057606
Dropping frame 1413393254.3057606
Dropping frame 1413393254.5057604
Dropping frame 1413393254.6057606
Dropping frame 1413393254.9057605
Dropping frame 1413393255.0057604
Dropping frame 1413393255.1057606
Dropping frame 1413393255.3057606
Dropping frame 1413393255.4057605
Dropping frame 1413393255.7057605
Dropping frame 1413393255.9557605
Dropping frame 1413393256.1557603
Dropping frame 1413393256.3557603
Dropping frame 1413393256.4557605
Dropping frame 1413393256.5557604
Dropping frame 1413393256.7557604
Dropping frame 1413393256.8557603
Dropping frame 1413393257.1057606
Dropping frame 1413393257.2057605
Dropping frame 1413393257.4557605
Dropping frame 1413393257.6557603
Dropping frame 1413393257.8557603
Dropping frame 1413393257.9557605
Dropping frame 1413393258.0557604
Dropping frame 1413393258.2557604
Dropping frame 1413393258.3557603
Dropping frame 1413393258.8057606
Dropping frame 1413393259.0057604
Dropping frame 1413393259.1057606
Dropping frame 1413393259.2057605
Dropping frame 1413393259.4057605
Dropping frame 1413393259.5057604
Dropping frame 1413393259.7557604
Dropping frame 1413393259.9557605
Dropping frame 1413393260.0557604
Dropping frame 1413393260.1557603
Dropping frame 1413393260.4557605
Dropping frame 1413393260.5557604
Dropping frame 1413393260.7557604
Dropping frame 1413393261.0557604
Dropping frame 1413393261.2557604
Dropping frame 1413393261.4557605
Dropping frame 1413393261.5557604
Dropping frame 1413393261.8057606
Dropping frame 1413393261.9057605
Dropping frame 1413393262.1057606
Dropping frame 1413393262.2057605
Dropping frame 1413393262.4057605
Dropping frame 1413393262.6057606
Dropping frame 1413393262.7057605
Dropping frame 1413393262.9557605
Dropping frame 1413393263.0557604
Dropping frame 1413393263.3057606
Dropping frame 1413393263.4057605
Dropping frame 1413393263.5057604
Dropping frame 1413393264.0557604
Dropping frame 1413393264.1557603
Dropping frame 1413393264.2557604
Dropping frame 1413393264.6057606
Dropping frame 1413393264.8057606
Dropping frame 1413393265.1057606
Dropping frame 1413393265.2557604
Dropping frame 1413393265.5057604
Dropping frame 1413393265.6057606
Dropping frame 1413393265.8057606
Dropping frame 1413393266.1557603
Dropping frame 1413393266.2557604
Dropping frame 1413393266.3557603
Dropping frame 1413393266.5557604
Dropping frame 1413393266.8557603
Dropping frame 1413393267.0557604
Dropping frame 1413393267.1557603
Dropping frame 1413393267.5057604
Dropping frame 1413393267.6057606
Dropping frame 1413393267.7057605
Dropping frame 1413393267.8057606
Dropping frame 1413393267.9057605
Dropping frame 1413393268.0057604
Dropping frame 1413393268.2057605
Dropping frame 1413393268.4057605
Dropping frame 1413393268.6057606
Dropping frame 1413393268.9057605
Dropping frame 1413393269.1057606
Dropping frame 1413393269.2057605
Dropping frame 1413393269.8057606
Dropping frame 1413393269.9057605
Dropping frame 1413393270.0057604
Dropping frame 1413393270.2057605
Dropping frame 1413393270.3057606
Dropping frame 1413393270.4057605
Dropping frame 1413393270.6057606
Dropping frame 1413393270.7057605
Dropping frame 1413393270.9557605
Dropping frame 1413393271.1557603
Dropping frame 1413393271.3557603
Dropping frame 1413393271.4557605
Dropping frame 1413393271.8057606
Dropping frame 1413393271.9057605
Dropping frame 1413393272.1557603
Dropping frame 1413393272.4557605
Dropping frame 1413393272.5557604
Dropping frame 1413393272.6557603
Dropping frame 1413393272.8557603
Dropping frame 1413393272.9557605
Dropping frame 1413393273.1557603
Dropping frame 1413393273.2557604
Dropping frame 1413393273.3557603
Dropping frame 1413393273.6057606
Dropping frame 1413393273.9557605
Dropping frame 1413393274.0557604
Dropping frame 1413393274.6057606
Dropping frame 1413393274.7057605
Dropping frame 1413393274.8057606
Dropping frame 1413393275.0057604
Dropping frame 1413393275.3057606
Dropping frame 1413393275.4057605
Dropping frame 1413393275.6557603
Dropping frame 1413393275.8557603
Dropping frame 1413393276.0557604
Dropping frame 1413393276.1557603
Dropping frame 1413393276.2557604
Dropping frame 1413393276.4557605
Dropping frame 1413393276.5557604
Dropping frame 1413393276.6557603
Dropping frame 1413393276.8557603
Dropping frame 1413393276.9557605
Dropping frame 1413393277.2057605
Dropping frame 1413393277.4057605
Dropping frame 1413393277.6057606
Dropping frame 1413393277.7057605
Dropping frame 1413393277.8057606
Dropping frame 1413393278.0057604
Dropping frame 1413393278.3057606
Dropping frame 1413393278.4057605
Dropping frame 1413393278.6057606
Dropping frame 1413393278.7057605
Dropping frame 1413393278.8057606
Dropping frame 1413393278.9057605
Dropping frame 1413393279.1057606
Dropping frame 1413393279.3057606
Dropping frame 1413393279.4057605
Dropping frame 1413393279.5057604
Dropping frame 1413393279.6057606
Dropping frame 1413393279.8557603
Dropping frame 1413393279.9557605
Dropping frame 1413393280.1057606
Dropping frame 1413393280.5057604
Dropping frame 1413393280.7057605
Dropping frame 1413393280.8057606
Dropping frame 1413393281.1057606
Dropping frame 1413393281.3057606
Dropping frame 1413393281.4057605
Dropping frame 1413393281.5057604
Dropping frame 1413393281.7057605
Dropping frame 1413393281.9057605
Dropping frame 1413393282.0057604
Dropping frame 1413393282.3057606
Dropping frame 1413393282.7557604
Dropping frame 1413393282.9557605
Dropping frame 1413393283.0557604
Dropping frame 1413393283.1557603
Dropping frame 1413393283.2557604
Dropping frame 1413393283.6057606
Dropping frame 1413393283.8057606
Dropping frame 1413393283.9057605
Dropping frame 1413393284.0057604
Dropping frame 1413393284.2057605
Dropping frame 1413393284.4557605
Dropping frame 1413393284.6057606
Dropping frame 1413393284.8057606
Dropping frame 1413393284.9057605
Dropping frame 1413393285.0057604
Dropping frame 1413393285.2057605
Dropping frame 1413393285.3057606
Dropping frame 1413393285.4057605
Dropping frame 1413393285.6057606
Dropping frame 1413393285.8057606
Dropping frame 1413393286.0057604
Dropping frame 1413393286.1057606
Dropping frame 1413393286.2057605
Dropping frame 1413393286.4057605
Dropping frame 1413393286.7057605
Dropping frame 1413393287.2557604
Dropping frame 1413393287.6557603
Dropping frame 1413393287.9057605
Dropping frame 1413393288.1057606
Dropping frame 1413393288.2057605
Dropping frame 1413393288.3057606
Dropping frame 1413393288.4557605
Dropping frame 1413393288.6557603
Dropping frame 1413393288.7557604
Dropping frame 1413393288.9057605
Dropping frame 1413393289.1057606
Dropping frame 1413393289.2057605
Dropping frame 1413393289.3057606
Dropping frame 1413393289.5057604
Dropping frame 1413393289.6057606
Dropping frame 1413393289.7057605
Dropping frame 1413393290.0557604
Dropping frame 1413393290.2557604
Dropping frame 1413393290.3557603
Dropping frame 1413393290.6057606
Dropping frame 1413393290.8057606
Dropping frame 1413393290.9057605
Dropping frame 1413393291.2057605
Dropping frame 1413393291.4057605
Dropping frame 1413393291.5057604
Dropping frame 1413393291.6057606
Dropping frame 1413393291.9057605
Dropping frame 1413393292.0057604
Dropping frame 1413393292.2057605
Dropping frame 1413393292.5057604
Dropping frame 1413393292.7057605
Dropping frame 1413393292.9057605
Dropping frame 1413393293.0057604
Dropping frame 1413393293.2557604
Dropping frame 1413393293.4557605
Dropping frame 1413393293.7557604
Dropping frame 1413393294.1057606
Dropping frame 1413393294.2057605
Dropping frame 1413393294.4057605
Dropping frame 1413393294.6057606
Dropping frame 1413393294.8057606
Dropping frame 1413393294.9057605
Dropping frame 1413393295.0057604
Dropping frame 1413393295.2057605
Dropping frame 1413393295.4557605
Dropping frame 1413393295.6057606
Dropping frame 1413393295.8057606
Dropping frame 1413393296.1057606
Dropping frame 1413393296.3057606
Dropping frame 1413393296.5057604
Dropping frame 1413393296.7057605
Dropping frame 1413393296.8057606
Dropping frame 1413393297.0057604
Dropping frame 1413393297.2057605
Dropping frame 1413393297.3057606
Dropping frame 1413393297.5557604
Dropping frame 1413393297.9557605
Dropping frame 1413393298.0557604
Dropping frame 1413393298.4057605
Dropping frame 1413393298.6057606
Dropping frame 1413393299.6557603
Dropping frame 1413393299.7557604
Dropping frame 1413393299.8557603
Dropping frame 1413393300.0557604
Dropping frame 1413393300.3557603
Dropping frame 1413393300.5557604
Dropping frame 1413393300.9057605
Dropping frame 1413393301.1057606
Dropping frame 1413393301.2057605
Dropping frame 1413393301.5057604
Dropping frame 1413393301.7057605
Dropping frame 1413393301.9057605
Dropping frame 1413393302.0557604
Dropping frame 1413393302.2057605
Dropping frame 1413393302.5057604
Dropping frame 1413393302.8557603
Dropping frame 1413393303.0557604
Dropping frame 1413393303.5557604
Dropping frame 1413393303.6557603
Dropping frame 1413393303.9057605
Dropping frame 1413393304.0057604
Dropping frame 1413393304.3557603
Dropping frame 1413393304.7057605
Dropping frame 1413393305.3057606
Dropping frame 1413393305.4057605
Dropping frame 1413393305.5057604
Dropping frame 1413393305.8557603
Dropping frame 1413393306.0557604
Dropping frame 1413393306.2557604
Dropping frame 1413393306.3557603
Dropping frame 1413393306.4557605
Dropping frame 1413393306.6557603
Dropping frame 1413393306.7557604
Dropping frame 1413393306.8557603
Dropping frame 1413393306.9557605
Dropping frame 1413393307.2057605
Dropping frame 1413393307.3057606
Dropping frame 1413393307.5557604
Dropping frame 1413393307.7557604
Dropping frame 1413393307.8557603
Dropping frame 1413393307.9557605
Dropping frame 1413393308.0557604
Dropping frame 1413393308.1557603
Dropping frame 1413393308.2557604
Dropping frame 1413393308.4557605
Dropping frame 1413393308.6557603
Dropping frame 1413393308.8557603
Dropping frame 1413393309.0557604
Dropping frame 1413393309.2557604
Dropping frame 1413393309.4557605
Dropping frame 1413393309.5557604
Dropping frame 1413393309.6557603
Dropping frame 1413393309.8557603
Dropping frame 1413393309.9557605
Dropping frame 1413393310.0557604
Dropping frame 1413393310.2557604
Dropping frame 1413393310.3557603
Dropping frame 1413393310.4557605
Dropping frame 1413393310.7057605
Dropping frame 1413393310.8057606
Dropping frame 1413393310.9057605
Dropping frame 1413393311.1557603
Dropping frame 1413393311.2557604
Dropping frame 1413393311.3557603
Dropping frame 1413393311.5557604
Dropping frame 1413393311.7557604
Dropping frame 1413393311.8557603
Dropping frame 1413393311.9557605
Dropping frame 1413393312.1557603
Dropping frame 1413393312.2557604
Dropping frame 1413393312.5057604
Dropping frame 1413393312.7057605
Dropping frame 1413393312.9057605
Dropping frame 1413393313.1057606
Dropping frame 1413393313.2057605
Dropping frame 1413393313.3057606
Dropping frame 1413393313.5057604
Dropping frame 1413393313.7057605
Dropping frame 1413393313.9057605
Dropping frame 1413393314.0057604
Dropping frame 1413393314.1057606
Dropping frame 1413393314.3057606
Dropping frame 1413393314.5057604
Dropping frame 1413393314.6057606
Dropping frame 1413393314.7057605
Dropping frame 1413393314.8057606
Dropping frame 1413393315.0057604
Dropping frame 1413393315.1057606
Dropping frame 1413393315.3557603
Dropping frame 1413393315.4557605
Dropping frame 1413393315.5557604
Dropping frame 1413393315.7557604
Dropping frame 1413393315.9557605
Dropping frame 1413393316.0557604
Dropping frame 1413393316.1557603
Dropping frame 1413393316.2557604
Dropping frame 1413393316.3557603
Dropping frame 1413393316.4557605
Dropping frame 1413393316.6557603
Dropping frame 1413393316.8557603
Dropping frame 1413393316.9557605
Dropping frame 1413393317.0557604
Dropping frame 1413393317.3057606
Dropping frame 1413393317.4057605
Dropping frame 1413393317.5557604
Dropping frame 1413393317.8057606
Dropping frame 1413393318.0057604
Dropping frame 1413393318.2057605
Dropping frame 1413393318.3057606
Dropping frame 1413393318.4057605
Dropping frame 1413393318.6057606
Dropping frame 1413393318.8057606
Dropping frame 1413393318.9057605
Dropping frame 1413393319.1557603
Dropping frame 1413393319.3557603
Dropping frame 1413393319.8557603
Dropping frame 1413393319.9557605
Dropping frame 1413393320.0557604
Dropping frame 1413393320.1557603
Dropping frame 1413393320.2557604
Dropping frame 1413393320.5057604
Dropping frame 1413393320.7057605
Dropping frame 1413393320.8057606
Dropping frame 1413393321.0057604
Dropping frame 1413393321.2057605
Dropping frame 1413393321.3557603
Dropping frame 1413393321.5557604
Dropping frame 1413393321.7557604
Dropping frame 1413393321.9557605
Dropping frame 1413393322.0557604
Dropping frame 1413393322.1557603
Dropping frame 1413393322.3557603
Dropping frame 1413393322.4557605
Dropping frame 1413393322.6557603
Dropping frame 1413393323.0557604
Dropping frame 1413393323.3557603
Dropping frame 1413393323.4557605
Dropping frame 1413393323.5557604
Dropping frame 1413393323.7557604
Dropping frame 1413393324.0557604
Dropping frame 1413393324.2557604
Dropping frame 1413393324.4557605
Dropping frame 1413393324.5557604
Dropping frame 1413393324.6557603
Dropping frame 1413393324.8557603
Dropping frame 1413393325.0557604
Dropping frame 1413393325.2557604
Dropping frame 1413393325.3557603
Dropping frame 1413393325.4557605
Dropping frame 1413393325.6557603
Dropping frame 1413393325.8557603
Dropping frame 1413393325.9557605
Dropping frame 1413393326.0557604
Dropping frame 1413393326.1557603
Shutdown
SLAM Finished at System Time: 1746909498.45689

 TIME STATS in ms (mean$\pm$std)
OpenCV version: 4.8.1
---------------------------
Tracking

ORB Extraction: 18.406$\pm$2.037
Stereo Matching: 9.2511$\pm$3.2928
IMU Preintegration: 0.20885$\pm$0.06567
Pose Prediction: 0.43604$\pm$1.8664
LM Track: 19.233$\pm$4.0231
New KF decision: 1.8658$\pm$3.5094
Total Tracking: 30.302$\pm$26.889



Local Mapping

KF Insertion: 15.905$\pm$4.5079
MP Culling: 0.74801$\pm$0.3022
MP Creation: 48.385$\pm$13.699
LBA: 148.94$\pm$38.597
KF Culling: 14.471$\pm$8.5845
Total Local Mapping: 228.77$\pm$54.342
---------------------------

LBA complexity (mean$\pm$std)
LBA Edges: 4551.9$\pm$1280.3
LBA KF optimized: 6.5$\pm$2.2913
LBA KF fixed: 1$\pm$0
LBA MP: nan$\pm$nan

LBA executions: 329
LBA aborts: 0
---------------------------

Map complexity
KFs in map: 95
MPs in map: 7596
---------------------------

Place Recognition (mean$\pm$std)
Database Query: 1.7739$\pm$0.92004
SE3 estimation: 22.532$\pm$16.916
Total Place Recognition: 20.867$\pm$18.31


Loop Closing (mean$\pm$std)
Loop Fusion: nan$\pm$nan
Essential Graph: nan$\pm$nan
Total Loop Closing: nan$\pm$nan

Num exec: 0
Number of KFs: nan$\pm$nan

Map Merging (mean$\pm$std)
Merge Maps: nan$\pm$nan
Welding BA: nan$\pm$nan
Optimization Ess.: nan$\pm$nan
Total Map Merging: nan$\pm$nan

Num exec: 0
Number of KFs: nan$\pm$nan
Number of MPs: nan$\pm$nan

Full GBA (mean$\pm$std)
GBA: nan$\pm$nan
Map Update: nan$\pm$nan
Total Full GBA: nan$\pm$nan

Num exec: 0
Num abort: 0
Number of KFs: nan$\pm$nan
Number of MPs: nan$\pm$nan

Saving trajectory to f_dataset-V201_stereo_imu.txt ...
There are 1 maps in the atlas
  Map 0 has 95 KFs

End of saving trajectory to f_dataset-V201_stereo_imu.txt ...

Saving keyframe trajectory to kf_dataset-V201_stereo_imu.txt ...
