num_seq = 1
file name: dataset-MH04_stereo_imu
Loading images for sequence 0...LOADED!
Loading IMU for sequence 0...LOADED!

-------

ORB-SLAM3 Copyright (C) 2017-2020 Carlos Campos, Richard Elvira, Juan J. Gómez, José M.M. Montiel and Juan D. Tardós, University of Zaragoza.
ORB-SLAM2 Copyright (C) 2014-2016 Raúl Mur-Artal, José M.M. Montiel and Juan D. Tardós, University of Zaragoza.
This program comes with ABSOLUTELY NO WARRANTY;
This is free software, and you are welcome to redistribute it
under certain conditions. See LICENSE.txt.

Built with REGISTER_TIMES
Git Commit Hash: 2d47524

Build Type: Release

Compiled with C++ version: 201703

Input sensor was set to: Stereo-Inertial
Loading settings from EuRoC_fov_deadlines_mask_16x16.yaml
	-Loaded camera 1
	-Loaded camera 2
	-Loaded image info
	-Loaded IMU calibration
	-Loaded ORB settings
	-Loaded viewer settings
	-Loaded Atlas settings
Deadlines enabled, will skip frames!
FOV enabled
Static mask size: 16x16
Dumping map points enabled
	-Loaded misc parameters
	-Computed rectification maps
----------------------------------
SLAM settings: 
	-Camera 1 parameters (Pinhole): [ 458.65399169921875 457.29598999023438 367.21499633789062 248.375 ]
	-Camera 1 distortion parameters: [  -0.28340810537338257 0.073959067463874817 0.00019359000725671649 1.7618711353861727e-05 ]
	-Camera 2 parameters (Pinhole: [ 457.58700561523438 456.13400268554688 379.99899291992188 255.23800659179688 ]
	-Camera 1 distortion parameters: [  -0.2836836576461792 0.074512839317321777 -0.00010473000293131918 -3.555907096597366e-05 ]
	-Original image size: [ 752 , 480 ]
	-Current image size: [ 752 , 480 ]
	-Camera 1 parameters after rectification: [  456.71499633789062 456.71499633789062 364.52615356445312 257.268798828125 ]
	-Sequence FPS: 20
	-Stereo baseline: 0.11007784307003021
	-Stereo depth threshold : 60
	-Gyro noise: 0.00016999999934341758
	-Accelerometer noise: 0.0020000000949949026
	-Gyro walk: 1.9392999092815444e-05
	-Accelerometer walk: 0.0030000000260770321
	-IMU frequency: 200
	-Features per image: 1200
	-ORB scale factor: 1.2000000476837158
	-ORB number of scales: 8
	-Initial FAST threshold: 20
	-Min FAST threshold: 7


Loading ORB Vocabulary. This could take a while...
Vocabulary loaded!

Initialization of Atlas from scratch 
Creation of new map with id: 0
Creation of new map with last KF id: 0
Seq. Name: 
There are 1 cameras in the atlas
Camera 0 is pinhole
SLAM Started at System Time: 1743068368.02119
not IMU meas
not IMU meas
not enough acceleration
not enough acceleration
not enough acceleration
not enough acceleration
not enough acceleration
not enough acceleration
not enough acceleration
not enough acceleration
not enough acceleration
not enough acceleration
not enough acceleration
not enough acceleration
not enough acceleration
not enough acceleration
not enough acceleration
not enough acceleration
not enough acceleration
not enough acceleration
not enough acceleration
not enough acceleration
not enough acceleration
not enough acceleration
not enough acceleration
not enough acceleration
not enough acceleration
not enough acceleration
not enough acceleration
not enough acceleration
not enough acceleration
not enough acceleration
First KF:0; Map init KF:0
New Map created with 149 points
Active map: 0
Dropping frame 1403638130.195097
Dropping frame 1403638130.395097
Dropping frame 1403638130.695097
Dropping frame 1403638130.7950971
Dropping frame 1403638130.945097
Dropping frame 1403638131.195097
Dropping frame 1403638131.395097
Dropping frame 1403638131.4950972
Dropping frame 1403638131.695097
Dropping frame 1403638131.7950971
Dropping frame 1403638131.945097
Dropping frame 1403638132.145097
Dropping frame 1403638132.2450969
Dropping frame 1403638132.3450971
Dropping frame 1403638132.695097
Dropping frame 1403638132.9950972
Dropping frame 1403638133.195097
Dropping frame 1403638133.2950971
Dropping frame 1403638133.4950972
Dropping frame 1403638133.7950971
Dropping frame 1403638133.9950972
start VIBA 1
Dropping frame 1403638134.195097
end VIBA 1
Dropping frame 1403638134.3450971
Dropping frame 1403638134.5450969
Dropping frame 1403638134.7450969
Dropping frame 1403638134.8450971
Dropping frame 1403638135.2450969
Dropping frame 1403638135.3450971
Dropping frame 1403638135.5450969
Dropping frame 1403638135.7450969
Dropping frame 1403638135.8450971
Dropping frame 1403638135.945097
Dropping frame 1403638136.145097
Dropping frame 1403638136.2450969
Dropping frame 1403638136.3450971
Dropping frame 1403638136.445097
Dropping frame 1403638136.5450969
Dropping frame 1403638136.7450969
Dropping frame 1403638136.8450971
Dropping frame 1403638136.945097
Dropping frame 1403638137.145097
Dropping frame 1403638137.2450969
Dropping frame 1403638137.3450971
Dropping frame 1403638137.5950971
Dropping frame 1403638137.7950971
Dropping frame 1403638137.895097
Dropping frame 1403638137.9950972
Dropping frame 1403638138.195097
Dropping frame 1403638138.2950971
Dropping frame 1403638138.395097
Dropping frame 1403638138.5950971
Not enough motion for initializing. Reseting...
TRACK: Reset map because local mapper set the bad imu flag 
LM: Active map reset recieved
LM: Active map reset, waiting...
LM: Reseting current map in Local Mapping...
LM: End reseting Local Mapping...
LM: Reset free the mutex
LM: Active map reset, Done!!!
mnFirstFrameId = 32
mnInitialFrameId = 0
146 Frames set to lost
not IMU meas
Dropping frame 1403638138.8450971
not enough acceleration
Dropping frame 1403638138.945097
not enough acceleration
Dropping frame 1403638139.0450969
not enough acceleration
Dropping frame 1403638139.145097
not enough acceleration
Dropping frame 1403638139.2450969
not enough acceleration
Dropping frame 1403638139.3450971
not enough acceleration
not enough acceleration
not enough acceleration
Dropping frame 1403638139.5450969
not enough acceleration
not enough acceleration
not enough acceleration
Dropping frame 1403638139.7450969
not enough acceleration
Dropping frame 1403638139.8450971
not enough acceleration
not enough acceleration
not enough acceleration
not enough acceleration
Dropping frame 1403638140.0950971
not enough acceleration
Dropping frame 1403638140.195097
not enough acceleration
Dropping frame 1403638140.2950971
not enough acceleration
not enough acceleration
not enough acceleration
Dropping frame 1403638140.4950972
not enough acceleration
not enough acceleration
not enough acceleration
Dropping frame 1403638140.695097
not enough acceleration
not enough acceleration
not enough acceleration
Dropping frame 1403638140.895097
not enough acceleration
Dropping frame 1403638140.9950972
not enough acceleration
not enough acceleration
not enough acceleration
not enough acceleration
Dropping frame 1403638141.2450969
not enough acceleration
not enough acceleration
not enough acceleration
Dropping frame 1403638141.445097
not enough acceleration
not enough acceleration
not enough acceleration
Dropping frame 1403638141.645097
not enough acceleration
not enough acceleration
not enough acceleration
Dropping frame 1403638141.8450971
not enough acceleration
not enough acceleration
not enough acceleration
Dropping frame 1403638142.0450969
not enough acceleration
Dropping frame 1403638142.145097
not enough acceleration
Dropping frame 1403638142.2450969
First KF:40; Map init KF:0
New Map created with 173 points
Active map: 0
Dropping frame 1403638142.445097
Dropping frame 1403638142.645097
Dropping frame 1403638142.8450971
Dropping frame 1403638142.945097
Dropping frame 1403638143.0450969
Dropping frame 1403638143.2450969
Dropping frame 1403638143.445097
Dropping frame 1403638143.645097
Dropping frame 1403638143.9950972
Dropping frame 1403638144.445097
Dropping frame 1403638145.0450969
Not enough motion for initializing. Reseting...
TRACK: Reset map because local mapper set the bad imu flag 
LM: Reseting current map in Local Mapping...
LM: End reseting Local Mapping...
LM: Reset free the mutex
LM: Active map reset recieved
LM: Active map reset, waiting...
LM: Reseting current map in Local Mapping...
LM: End reseting Local Mapping...
LM: Reset free the mutex
LM: Active map reset, Done!!!
mnFirstFrameId = 226
mnInitialFrameId = 178
195 Frames set to lost
not IMU meas
not enough acceleration
not enough acceleration
Dropping frame 1403638145.4950972
not enough acceleration
not enough acceleration
not enough acceleration
Dropping frame 1403638145.695097
Dropping frame 1403638145.7450969
not enough acceleration
not enough acceleration
not enough acceleration
not enough acceleration
not enough acceleration
not enough acceleration
not enough acceleration
not enough acceleration
not enough acceleration
not enough acceleration
not enough acceleration
not enough acceleration
not enough acceleration
not enough acceleration
not enough acceleration
not enough acceleration
not enough acceleration
not enough acceleration
not enough acceleration
not enough acceleration
not enough acceleration
not enough acceleration
not enough acceleration
not enough acceleration
not enough acceleration
not enough acceleration
not enough acceleration
not enough acceleration
not enough acceleration
not enough acceleration
not enough acceleration
not enough acceleration
not enough acceleration
not enough acceleration
not enough acceleration
not enough acceleration
not enough acceleration
not enough acceleration
not enough acceleration
not enough acceleration
First KF:51; Map init KF:40
New Map created with 189 points
Active map: 0
start VIBA 1
end VIBA 1
Dropping frame 1403638157.195097
Dropping frame 1403638157.7450969
Dropping frame 1403638157.895097
Dropping frame 1403638158.0950971
Dropping frame 1403638158.195097
Dropping frame 1403638158.3450971
Dropping frame 1403638158.4950972
Dropping frame 1403638158.5950971
Dropping frame 1403638158.7450969
Dropping frame 1403638158.895097
Dropping frame 1403638159.0450969
Dropping frame 1403638159.145097
Dropping frame 1403638159.2450969
Dropping frame 1403638159.3450971
Dropping frame 1403638159.445097
Dropping frame 1403638159.5950971
Dropping frame 1403638159.695097
Dropping frame 1403638159.7950971
Dropping frame 1403638159.895097
Dropping frame 1403638159.9950972
Dropping frame 1403638160.145097
Dropping frame 1403638160.2450969
Dropping frame 1403638160.3450971
Dropping frame 1403638160.445097
Dropping frame 1403638160.5950971
Dropping frame 1403638160.695097
Dropping frame 1403638160.7950971
Dropping frame 1403638160.945097
Dropping frame 1403638161.0450969
Dropping frame 1403638161.145097
Dropping frame 1403638161.2450969
Dropping frame 1403638161.395097
Dropping frame 1403638161.4950972
Dropping frame 1403638161.5950971
Dropping frame 1403638161.695097
Dropping frame 1403638161.7950971
Dropping frame 1403638161.895097
Dropping frame 1403638162.0450969
Dropping frame 1403638162.145097
Dropping frame 1403638162.2950971
Dropping frame 1403638162.395097
Dropping frame 1403638162.4950972
Dropping frame 1403638162.645097
Dropping frame 1403638162.7950971
Dropping frame 1403638162.945097
Dropping frame 1403638163.0450969
start VIBA 2
Dropping frame 1403638163.145097
Dropping frame 1403638163.2450969
Dropping frame 1403638163.3450971
Dropping frame 1403638163.445097
end VIBA 2
Dropping frame 1403638163.5450969
Dropping frame 1403638163.645097
Dropping frame 1403638163.8450971
Dropping frame 1403638163.945097
Dropping frame 1403638164.0450969
Dropping frame 1403638164.145097
Dropping frame 1403638164.3450971
Dropping frame 1403638164.445097
Dropping frame 1403638164.5450969
Dropping frame 1403638164.695097
Dropping frame 1403638164.7950971
Dropping frame 1403638165.0450969
Dropping frame 1403638165.2950971
Dropping frame 1403638165.395097
Dropping frame 1403638165.645097
Dropping frame 1403638165.7450969
Dropping frame 1403638166.0950971
Dropping frame 1403638166.195097
Dropping frame 1403638166.395097
Dropping frame 1403638166.4950972
Dropping frame 1403638166.695097
Dropping frame 1403638166.7950971
Dropping frame 1403638167.0450969
Dropping frame 1403638167.2950971
Dropping frame 1403638167.395097
Dropping frame 1403638167.4950972
Dropping frame 1403638167.5950971
Dropping frame 1403638167.695097
Dropping frame 1403638167.7950971
Dropping frame 1403638167.895097
Dropping frame 1403638167.9950972
Dropping frame 1403638168.0950971
Dropping frame 1403638168.195097
Dropping frame 1403638168.3450971
Dropping frame 1403638168.5450969
Dropping frame 1403638168.645097
Dropping frame 1403638168.695097
Dropping frame 1403638168.7950971
Dropping frame 1403638168.895097
Dropping frame 1403638169.195097
Dropping frame 1403638169.445097
Dropping frame 1403638169.5950971
Dropping frame 1403638169.8450971
Dropping frame 1403638169.945097
Dropping frame 1403638170.0450969
Dropping frame 1403638170.145097
Dropping frame 1403638170.2450969
Dropping frame 1403638170.3450971
Dropping frame 1403638170.5950971
Dropping frame 1403638170.695097
Dropping frame 1403638170.8450971
Dropping frame 1403638170.945097
Dropping frame 1403638171.0450969
Dropping frame 1403638171.145097
Dropping frame 1403638171.3450971
Dropping frame 1403638171.445097
Dropping frame 1403638171.5450969
Dropping frame 1403638171.645097
Dropping frame 1403638171.7450969
Dropping frame 1403638171.895097
Dropping frame 1403638171.9950972
Dropping frame 1403638172.0950971
Dropping frame 1403638172.195097
Dropping frame 1403638172.395097
Dropping frame 1403638172.4950972
Dropping frame 1403638172.695097
Dropping frame 1403638172.8450971
Dropping frame 1403638173.0450969
Dropping frame 1403638173.2450969
Dropping frame 1403638173.3450971
Dropping frame 1403638173.5450969
Dropping frame 1403638173.645097
Dropping frame 1403638173.8450971
Dropping frame 1403638174.2450969
Dropping frame 1403638174.3450971
Dropping frame 1403638174.5450969
Dropping frame 1403638174.645097
Dropping frame 1403638174.8450971
Dropping frame 1403638175.0450969
Dropping frame 1403638175.2450969
Dropping frame 1403638175.445097
Dropping frame 1403638175.645097
Dropping frame 1403638175.7450969
Dropping frame 1403638175.945097
Dropping frame 1403638176.145097
Dropping frame 1403638176.3450971
Dropping frame 1403638176.5450969
Dropping frame 1403638176.7450969
Dropping frame 1403638176.8450971
Dropping frame 1403638177.0450969
Dropping frame 1403638177.2450969
Dropping frame 1403638177.445097
Dropping frame 1403638177.645097
Dropping frame 1403638177.7450969
Dropping frame 1403638177.945097
Dropping frame 1403638178.145097
Dropping frame 1403638178.3450971
Dropping frame 1403638178.445097
Dropping frame 1403638178.645097
Dropping frame 1403638178.8450971
Dropping frame 1403638179.0450969
Dropping frame 1403638179.2450969
Dropping frame 1403638179.3450971
Dropping frame 1403638179.5450969
Dropping frame 1403638179.7450969
Dropping frame 1403638179.945097
Dropping frame 1403638180.145097
Dropping frame 1403638180.3450971
Dropping frame 1403638180.5450969
Dropping frame 1403638180.645097
Dropping frame 1403638180.8450971
Dropping frame 1403638181.0450969
Dropping frame 1403638181.145097
Dropping frame 1403638181.3450971
Dropping frame 1403638181.5450969
Dropping frame 1403638181.7450969
Dropping frame 1403638181.8450971
Dropping frame 1403638182.0450969
Dropping frame 1403638182.145097
Dropping frame 1403638182.3450971
Dropping frame 1403638182.445097
Dropping frame 1403638182.645097
Dropping frame 1403638182.8450971
Dropping frame 1403638183.0450969
Dropping frame 1403638183.2450969
Dropping frame 1403638183.445097
Dropping frame 1403638183.645097
Dropping frame 1403638183.8450971
Dropping frame 1403638184.0450969
Dropping frame 1403638184.145097
Dropping frame 1403638184.395097
Dropping frame 1403638184.5950971
Dropping frame 1403638184.7950971
Dropping frame 1403638184.9950972
Dropping frame 1403638185.0950971
Dropping frame 1403638185.195097
Dropping frame 1403638185.395097
Dropping frame 1403638185.5950971
Dropping frame 1403638185.7950971
Dropping frame 1403638185.895097
Dropping frame 1403638186.0950971
Dropping frame 1403638186.2950971
Dropping frame 1403638186.395097
Dropping frame 1403638186.695097
Dropping frame 1403638186.7950971
Dropping frame 1403638187.0950971
Dropping frame 1403638187.2950971
Dropping frame 1403638187.4950972
Dropping frame 1403638187.8450971
Dropping frame 1403638187.945097
Dropping frame 1403638188.0450969
Dropping frame 1403638188.395097
Dropping frame 1403638188.8450971
Dropping frame 1403638189.0450969
Dropping frame 1403638189.145097
Dropping frame 1403638189.2450969
Dropping frame 1403638189.445097
Dropping frame 1403638189.645097
Dropping frame 1403638189.7450969
Dropping frame 1403638189.8450971
Dropping frame 1403638189.945097
Dropping frame 1403638190.145097
Dropping frame 1403638190.2450969
Dropping frame 1403638190.3450971
Dropping frame 1403638190.445097
Dropping frame 1403638190.645097
Dropping frame 1403638190.8450971
Dropping frame 1403638191.0450969
Dropping frame 1403638191.2450969
Dropping frame 1403638191.445097
Dropping frame 1403638191.645097
Dropping frame 1403638191.8450971
Dropping frame 1403638192.0450969
Dropping frame 1403638192.2450969
Dropping frame 1403638192.445097
Dropping frame 1403638192.695097
Dropping frame 1403638192.7950971
Dropping frame 1403638193.0450969
Dropping frame 1403638193.3450971
Dropping frame 1403638193.5450969
Dropping frame 1403638193.7450969
Dropping frame 1403638193.8450971
Dropping frame 1403638193.945097
Dropping frame 1403638194.0950971
Dropping frame 1403638194.2950971
Dropping frame 1403638194.395097
Dropping frame 1403638194.4950972
Dropping frame 1403638194.7450969
Dropping frame 1403638194.8450971
Dropping frame 1403638195.0950971
Dropping frame 1403638195.2450969
Dropping frame 1403638195.445097
Dropping frame 1403638195.645097
Dropping frame 1403638195.8450971
Dropping frame 1403638196.0450969
Dropping frame 1403638196.2450969
Dropping frame 1403638196.445097
Dropping frame 1403638196.5450969
Dropping frame 1403638196.645097
Dropping frame 1403638196.7450969
Dropping frame 1403638196.945097
Dropping frame 1403638197.145097
Dropping frame 1403638197.2450969
Dropping frame 1403638197.5950971
Dropping frame 1403638197.9950972
Dropping frame 1403638198.395097
Dropping frame 1403638199.0950971
Dropping frame 1403638199.5950971
Dropping frame 1403638199.695097
Dropping frame 1403638200.0950971
Dropping frame 1403638200.445097
Dropping frame 1403638200.895097
Dropping frame 1403638200.9950972
Dropping frame 1403638201.395097
Dropping frame 1403638201.8450971
Dropping frame 1403638201.9950972
Dropping frame 1403638202.4950972
Dropping frame 1403638202.695097
Dropping frame 1403638202.895097
Dropping frame 1403638203.195097
Dropping frame 1403638203.395097
Dropping frame 1403638203.695097
Dropping frame 1403638203.7950971
Dropping frame 1403638203.895097
Dropping frame 1403638204.5950971
Dropping frame 1403638204.695097
Dropping frame 1403638204.7950971
Dropping frame 1403638205.195097
Dropping frame 1403638205.2950971
Dropping frame 1403638205.5950971
Dropping frame 1403638205.7950971
Dropping frame 1403638205.895097
Dropping frame 1403638205.9950972
Dropping frame 1403638206.195097
Dropping frame 1403638206.2950971
Dropping frame 1403638206.395097
Dropping frame 1403638206.5950971
Dropping frame 1403638206.695097
Dropping frame 1403638206.7950971
Dropping frame 1403638206.9950972
Dropping frame 1403638207.195097
Dropping frame 1403638207.3450971
Dropping frame 1403638207.5450969
Dropping frame 1403638207.645097
Dropping frame 1403638207.7450969
Dropping frame 1403638207.945097
Dropping frame 1403638208.0450969
Dropping frame 1403638208.145097
Dropping frame 1403638208.3450971
Dropping frame 1403638208.445097
Dropping frame 1403638208.5450969
Dropping frame 1403638208.7450969
Dropping frame 1403638208.945097
Dropping frame 1403638209.0450969
Dropping frame 1403638209.145097
Dropping frame 1403638209.3450971
Dropping frame 1403638209.445097
Dropping frame 1403638209.5450969
Dropping frame 1403638209.7450969
Dropping frame 1403638209.8450971
Dropping frame 1403638210.0950971
Dropping frame 1403638210.2950971
Dropping frame 1403638210.395097
Dropping frame 1403638210.4950972
Dropping frame 1403638210.695097
Dropping frame 1403638210.8450971
Dropping frame 1403638211.0450969
Dropping frame 1403638211.195097
Dropping frame 1403638211.395097
Dropping frame 1403638211.695097
Dropping frame 1403638211.895097
Dropping frame 1403638212.195097
Dropping frame 1403638212.2950971
Dropping frame 1403638212.5450969
Dropping frame 1403638212.8450971
Dropping frame 1403638213.145097
Dropping frame 1403638213.2450969
Dropping frame 1403638213.4950972
Dropping frame 1403638213.5950971
Dropping frame 1403638213.695097
Dropping frame 1403638213.895097
Dropping frame 1403638214.0950971
Dropping frame 1403638214.2450969
Dropping frame 1403638214.445097
Dropping frame 1403638214.5950971
Dropping frame 1403638214.7950971
Dropping frame 1403638214.9950972
Dropping frame 1403638215.0950971
Dropping frame 1403638215.3450971
Dropping frame 1403638215.645097
Dropping frame 1403638215.7450969
Dropping frame 1403638215.9950972
Dropping frame 1403638216.195097
Dropping frame 1403638216.2950971
Dropping frame 1403638216.5450969
Dropping frame 1403638216.7450969
Dropping frame 1403638217.195097
Dropping frame 1403638217.5450969
Dropping frame 1403638217.7950971
Dropping frame 1403638217.945097
Dropping frame 1403638218.145097
Dropping frame 1403638218.2950971
Dropping frame 1403638218.4950972
Dropping frame 1403638218.645097
Dropping frame 1403638218.8450971
Dropping frame 1403638219.145097
Dropping frame 1403638219.2450969
Dropping frame 1403638219.3450971
Dropping frame 1403638219.5450969
Dropping frame 1403638219.695097
Dropping frame 1403638220.0450969
Dropping frame 1403638220.195097
Dropping frame 1403638220.445097
Dropping frame 1403638220.5450969
Dropping frame 1403638221.0450969
Dropping frame 1403638221.3450971
Dropping frame 1403638221.5450969
Dropping frame 1403638221.7450969
Dropping frame 1403638222.0450969
Dropping frame 1403638222.145097
Dropping frame 1403638222.445097
Dropping frame 1403638222.895097
Dropping frame 1403638223.195097
Dropping frame 1403638223.2950971
Dropping frame 1403638223.4950972
Dropping frame 1403638223.695097
Dropping frame 1403638223.7950971
Dropping frame 1403638224.145097
Dropping frame 1403638224.945097
Dropping frame 1403638225.7950971
Dropping frame 1403638226.395097
Dropping frame 1403638226.4950972
Dropping frame 1403638226.9950972
Dropping frame 1403638227.2950971
Dropping frame 1403638227.4950972
Dropping frame 1403638227.695097
Dropping frame 1403638227.7950971
Shutdown
SLAM Finished at System Time: 1743068492.0387

 TIME STATS in ms (mean$\pm$std)
OpenCV version: 4.8.1
---------------------------
Tracking

ORB Extraction: 19.594$\pm$2.6925
Stereo Matching: 8.3226$\pm$1.9114
IMU Preintegration: 0.21681$\pm$0.09863
Pose Prediction: 0.55107$\pm$1.4191
LM Track: 17.912$\pm$6.0383
New KF decision: 1.1824$\pm$2.0112
Total Tracking: 31.72$\pm$25.944



Local Mapping

KF Insertion: 14.056$\pm$5.0982
MP Culling: 0.47659$\pm$0.21222
MP Creation: 43.049$\pm$15.098
LBA: 144.8$\pm$45.628
KF Culling: 10.712$\pm$8.1346
Total Local Mapping: 213.39$\pm$72.558
---------------------------

LBA complexity (mean$\pm$std)
LBA Edges: 1669.8$\pm$1153.9
LBA KF optimized: 6.5$\pm$2.2913
LBA KF fixed: 1$\pm$0
LBA MP: nan$\pm$nan

LBA executions: 368
LBA aborts: 0
---------------------------

Map complexity
KFs in map: 167
MPs in map: 13577
---------------------------

Place Recognition (mean$\pm$std)
Database Query: 2.0807$\pm$0.95872
SE3 estimation: 27.641$\pm$16.415
Total Place Recognition: 20.768$\pm$19.708


Loop Closing (mean$\pm$std)
Loop Fusion: nan$\pm$nan
Essential Graph: nan$\pm$nan
Total Loop Closing: nan$\pm$nan

Num exec: 0
Number of KFs: nan$\pm$nan

Map Merging (mean$\pm$std)
Merge Maps: nan$\pm$nan
Welding BA: nan$\pm$nan
Optimization Ess.: nan$\pm$nan
Total Map Merging: nan$\pm$nan

Num exec: 0
Number of KFs: nan$\pm$nan
Number of MPs: nan$\pm$nan

Full GBA (mean$\pm$std)
GBA: nan$\pm$nan
Map Update: nan$\pm$nan
Total Full GBA: nan$\pm$nan

Num exec: 0
Num abort: 0
Number of KFs: nan$\pm$nan
Number of MPs: nan$\pm$nan

Saving trajectory to f_dataset-MH04_stereo_imu.txt ...
There are 1 maps in the atlas
  Map 0 has 167 KFs

End of saving trajectory to f_dataset-MH04_stereo_imu.txt ...

Saving keyframe trajectory to kf_dataset-MH04_stereo_imu.txt ...
