num_seq = 1
file name: dataset-MH01_stereo_imu
Loading images for sequence 0...LOADED!
Loading IMU for sequence 0...LOADED!

-------

ORB-SLAM3 Copyright (C) 2017-2020 Carlos Campos, Richard Elvira, Juan J. Gómez, José M.M. Montiel and Juan D. Tardós, University of Zaragoza.
ORB-SLAM2 Copyright (C) 2014-2016 Raúl Mur-Artal, José M.M. Montiel and Juan D. Tardós, University of Zaragoza.
This program comes with ABSOLUTELY NO WARRANTY;
This is free software, and you are welcome to redistribute it
under certain conditions. See LICENSE.txt.

Built with REGISTER_TIMES
Git Commit Hash: 2d47524

Build Type: Release

Compiled with C++ version: 201703

Input sensor was set to: Stereo-Inertial
Loading settings from EuRoC_fov_deadlines_mask_19x19.yaml
	-Loaded camera 1
	-Loaded camera 2
	-Loaded image info
	-Loaded IMU calibration
	-Loaded ORB settings
	-Loaded viewer settings
	-Loaded Atlas settings
Deadlines enabled, will skip frames!
FOV enabled
Static mask size: 19x19
Dumping map points enabled
	-Loaded misc parameters
	-Computed rectification maps
----------------------------------
SLAM settings: 
	-Camera 1 parameters (Pinhole): [ 458.65399169921875 457.29598999023438 367.21499633789062 248.375 ]
	-Camera 1 distortion parameters: [  -0.28340810537338257 0.073959067463874817 0.00019359000725671649 1.7618711353861727e-05 ]
	-Camera 2 parameters (Pinhole: [ 457.58700561523438 456.13400268554688 379.99899291992188 255.23800659179688 ]
	-Camera 1 distortion parameters: [  -0.2836836576461792 0.074512839317321777 -0.00010473000293131918 -3.555907096597366e-05 ]
	-Original image size: [ 752 , 480 ]
	-Current image size: [ 752 , 480 ]
	-Camera 1 parameters after rectification: [  456.71499633789062 456.71499633789062 364.52615356445312 257.268798828125 ]
	-Sequence FPS: 20
	-Stereo baseline: 0.11007784307003021
	-Stereo depth threshold : 60
	-Gyro noise: 0.00016999999934341758
	-Accelerometer noise: 0.0020000000949949026
	-Gyro walk: 1.9392999092815444e-05
	-Accelerometer walk: 0.0030000000260770321
	-IMU frequency: 200
	-Features per image: 1200
	-ORB scale factor: 1.2000000476837158
	-ORB number of scales: 8
	-Initial FAST threshold: 20
	-Min FAST threshold: 7


Loading ORB Vocabulary. This could take a while...
Vocabulary loaded!

Initialization of Atlas from scratch 
Creation of new map with id: 0
Creation of new map with last KF id: 0
Seq. Name: 
There are 1 cameras in the atlas
Camera 0 is pinhole
SLAM Started at System Time: 1742733969.56854
not IMU meas
not IMU meas
not enough acceleration
not enough acceleration
First KF:0; Map init KF:0
New Map created with 534 points
Active map: 0
Dropping frame 1403636580.0135555
Dropping frame 1403636580.2135556
Dropping frame 1403636580.5135555
Dropping frame 1403636581.1635556
Dropping frame 1403636581.4635556
Dropping frame 1403636581.5635555
Dropping frame 1403636581.7635555
Dropping frame 1403636581.9135554
Dropping frame 1403636582.0635555
Dropping frame 1403636582.2635555
Dropping frame 1403636582.4635556
Dropping frame 1403636582.5635555
Dropping frame 1403636582.8135555
Dropping frame 1403636582.9135554
Dropping frame 1403636583.1135554
Dropping frame 1403636583.3635557
Dropping frame 1403636583.4635556
Dropping frame 1403636583.8135555
Dropping frame 1403636584.0135555
Dropping frame 1403636584.2135556
Dropping frame 1403636584.3135555
Dropping frame 1403636584.6135554
Dropping frame 1403636584.8635557
Dropping frame 1403636584.9635556
Dropping frame 1403636585.1635556
start VIBA 1
Dropping frame 1403636585.2635555
end VIBA 1
Dropping frame 1403636585.3635557
Dropping frame 1403636585.4635556
Dropping frame 1403636585.6635556
Dropping frame 1403636585.8635557
Dropping frame 1403636585.9635556
Dropping frame 1403636586.0635555
Dropping frame 1403636586.4135554
Dropping frame 1403636586.9635556
Dropping frame 1403636587.1635556
Dropping frame 1403636587.2635555
Dropping frame 1403636587.3635557
Dropping frame 1403636587.5135555
Dropping frame 1403636587.7135556
Dropping frame 1403636587.8635557
Dropping frame 1403636587.9635556
Dropping frame 1403636588.1635556
Dropping frame 1403636588.3635557
Dropping frame 1403636588.4635556
Dropping frame 1403636588.5635555
Dropping frame 1403636588.7635555
Dropping frame 1403636588.9635556
Dropping frame 1403636589.1635556
Dropping frame 1403636589.3635557
Dropping frame 1403636589.4635556
Dropping frame 1403636589.5635555
Dropping frame 1403636589.7635555
Dropping frame 1403636590.0635555
Dropping frame 1403636590.2635555
Dropping frame 1403636590.4635556
Dropping frame 1403636590.5635555
Dropping frame 1403636590.7635555
Dropping frame 1403636591.0135555
Dropping frame 1403636591.2635555
Dropping frame 1403636591.4135554
Dropping frame 1403636591.5635555
Dropping frame 1403636591.6635556
Dropping frame 1403636591.8635557
Dropping frame 1403636591.9635556
Dropping frame 1403636592.2135556
Dropping frame 1403636592.4135554
Dropping frame 1403636592.6135554
Dropping frame 1403636592.7135556
Dropping frame 1403636592.9135554
Dropping frame 1403636593.0135555
Dropping frame 1403636593.2635555
Dropping frame 1403636593.3635557
Dropping frame 1403636593.5635555
Dropping frame 1403636593.7635555
Dropping frame 1403636593.8635557
Dropping frame 1403636593.9635556
Dropping frame 1403636594.1635556
Dropping frame 1403636594.3135555
Dropping frame 1403636594.5135555
Dropping frame 1403636594.7135556
Dropping frame 1403636594.9135554
Dropping frame 1403636595.0135555
Dropping frame 1403636595.2635555
Dropping frame 1403636595.3635557
Dropping frame 1403636595.6135554
Dropping frame 1403636595.7135556
Dropping frame 1403636595.8135555
start VIBA 2
end VIBA 2
Dropping frame 1403636596.0135555
Dropping frame 1403636596.1135554
Dropping frame 1403636596.2135556
Dropping frame 1403636596.4135554
Dropping frame 1403636596.6135554
Dropping frame 1403636596.8135555
Dropping frame 1403636596.9135554
Dropping frame 1403636597.0135555
Dropping frame 1403636597.2135556
Dropping frame 1403636597.3135555
Dropping frame 1403636597.4635556
Dropping frame 1403636597.7135556
Dropping frame 1403636597.8135555
Dropping frame 1403636597.9135554
Dropping frame 1403636598.1135554
Dropping frame 1403636598.2135556
Dropping frame 1403636598.3135555
Dropping frame 1403636598.5135555
Dropping frame 1403636598.7135556
Dropping frame 1403636598.8135555
Dropping frame 1403636599.0635555
Dropping frame 1403636599.1635556
Dropping frame 1403636599.2635555
Dropping frame 1403636599.3635557
Dropping frame 1403636599.5635555
Dropping frame 1403636599.6635556
Dropping frame 1403636599.7635555
Dropping frame 1403636599.8635557
Dropping frame 1403636600.0635555
Dropping frame 1403636600.1635556
Dropping frame 1403636600.3635557
Dropping frame 1403636600.6135554
Dropping frame 1403636600.8135555
Dropping frame 1403636600.9135554
Dropping frame 1403636601.0135555
Dropping frame 1403636601.2135556
Dropping frame 1403636601.4135554
Dropping frame 1403636601.5635555
Dropping frame 1403636601.8135555
Dropping frame 1403636601.9135554
Dropping frame 1403636602.1635556
Dropping frame 1403636602.2635555
Dropping frame 1403636602.3635557
Dropping frame 1403636602.5635555
Dropping frame 1403636602.7635555
Dropping frame 1403636602.8635557
Dropping frame 1403636603.1135554
Dropping frame 1403636603.3635557
Dropping frame 1403636603.6635556
Dropping frame 1403636603.8635557
Dropping frame 1403636603.9635556
Dropping frame 1403636604.0635555
Dropping frame 1403636604.2635555
Dropping frame 1403636604.3635557
Dropping frame 1403636604.4635556
Dropping frame 1403636604.6635556
Dropping frame 1403636604.8635557
Dropping frame 1403636605.0635555
Dropping frame 1403636605.1635556
Dropping frame 1403636605.2635555
Dropping frame 1403636605.4635556
Dropping frame 1403636605.5635555
Dropping frame 1403636605.7635555
Dropping frame 1403636605.8635557
Dropping frame 1403636605.9635556
Dropping frame 1403636606.2135556
Dropping frame 1403636606.3135555
Dropping frame 1403636606.5635555
Dropping frame 1403636606.8135555
Dropping frame 1403636607.0635555
Dropping frame 1403636607.3635557
Dropping frame 1403636607.5635555
Dropping frame 1403636607.6635556
Dropping frame 1403636607.7635555
Dropping frame 1403636608.0135555
Dropping frame 1403636608.2135556
Dropping frame 1403636608.6635556
Dropping frame 1403636609.0135555
Dropping frame 1403636609.1135554
Dropping frame 1403636609.3635557
Dropping frame 1403636609.4635556
Dropping frame 1403636609.5635555
Dropping frame 1403636609.7635555
Dropping frame 1403636609.8635557
Dropping frame 1403636609.9635556
Dropping frame 1403636610.1635556
Dropping frame 1403636610.3635557
Dropping frame 1403636610.5635555
Dropping frame 1403636610.7135556
Dropping frame 1403636610.9135554
Dropping frame 1403636611.1135554
Dropping frame 1403636611.4635556
Dropping frame 1403636611.7135556
Dropping frame 1403636611.9135554
Dropping frame 1403636612.2135556
Dropping frame 1403636612.5635555
Dropping frame 1403636612.7635555
Dropping frame 1403636613.1135554
Dropping frame 1403636613.3635557
Dropping frame 1403636613.6135554
Dropping frame 1403636614.0635555
Dropping frame 1403636614.2635555
Dropping frame 1403636614.5135555
Dropping frame 1403636614.6135554
Dropping frame 1403636614.8135555
Dropping frame 1403636615.1635556
Dropping frame 1403636615.7635555
Dropping frame 1403636615.8635557
Dropping frame 1403636616.1135554
Dropping frame 1403636616.3135555
Dropping frame 1403636616.5635555
Dropping frame 1403636616.6635556
Dropping frame 1403636617.0135555
Dropping frame 1403636617.3135555
Dropping frame 1403636617.5135555
Dropping frame 1403636617.8635557
Dropping frame 1403636618.1635556
Dropping frame 1403636618.4135554
Dropping frame 1403636618.7635555
Dropping frame 1403636619.1135554
Dropping frame 1403636619.4135554
Dropping frame 1403636619.6635556
Dropping frame 1403636619.9135554
Dropping frame 1403636620.4635556
Dropping frame 1403636620.8635557
Dropping frame 1403636621.0135555
Dropping frame 1403636621.3135555
Dropping frame 1403636621.8135555
Dropping frame 1403636622.1135554
Dropping frame 1403636622.3135555
Dropping frame 1403636622.5135555
Dropping frame 1403636622.6135554
Dropping frame 1403636622.8635557
Dropping frame 1403636622.9635556
Dropping frame 1403636623.2635555
Dropping frame 1403636623.5135555
Dropping frame 1403636623.7135556
Dropping frame 1403636623.9135554
Dropping frame 1403636624.3635557
Dropping frame 1403636624.5135555
Dropping frame 1403636624.7135556
Dropping frame 1403636625.0635555
Dropping frame 1403636625.2135556
Dropping frame 1403636625.4635556
Dropping frame 1403636625.6635556
Dropping frame 1403636626.0135555
Dropping frame 1403636626.1135554
Dropping frame 1403636626.4135554
Dropping frame 1403636626.5135555
Dropping frame 1403636626.8135555
Dropping frame 1403636626.9635556
Dropping frame 1403636627.1135554
Dropping frame 1403636627.3135555
Dropping frame 1403636627.4135554
Dropping frame 1403636627.8135555
Dropping frame 1403636628.0135555
Dropping frame 1403636628.1635556
Dropping frame 1403636628.4635556
Dropping frame 1403636628.7135556
Dropping frame 1403636628.9135554
Dropping frame 1403636629.1635556
Dropping frame 1403636629.4135554
Dropping frame 1403636629.6135554
Dropping frame 1403636630.0135555
Dropping frame 1403636630.1135554
Dropping frame 1403636630.4135554
Dropping frame 1403636630.7635555
Dropping frame 1403636630.8635557
Dropping frame 1403636630.9635556
Dropping frame 1403636631.1635556
Dropping frame 1403636631.3635557
Dropping frame 1403636631.5635555
Dropping frame 1403636631.7135556
Dropping frame 1403636631.9135554
Dropping frame 1403636632.0635555
Dropping frame 1403636632.2635555
Dropping frame 1403636632.4135554
Dropping frame 1403636632.6135554
Dropping frame 1403636632.8635557
Dropping frame 1403636633.0135555
Dropping frame 1403636633.2135556
Dropping frame 1403636633.5635555
Dropping frame 1403636633.9635556
Dropping frame 1403636634.3135555
Dropping frame 1403636634.4635556
Dropping frame 1403636634.6635556
Dropping frame 1403636634.9135554
Dropping frame 1403636635.1135554
Dropping frame 1403636635.3635557
Dropping frame 1403636635.7135556
Dropping frame 1403636635.9135554
Dropping frame 1403636636.2135556
Dropping frame 1403636636.4135554
Dropping frame 1403636636.7635555
Dropping frame 1403636637.1135554
Dropping frame 1403636637.4135554
Dropping frame 1403636637.9635556
Dropping frame 1403636638.1135554
Dropping frame 1403636638.5135555
Dropping frame 1403636638.6135554
Dropping frame 1403636638.9135554
Dropping frame 1403636639.0135555
Dropping frame 1403636639.4135554
Dropping frame 1403636639.6635556
Dropping frame 1403636639.9635556
Dropping frame 1403636640.3135555
Dropping frame 1403636640.4135554
Dropping frame 1403636640.5635555
Dropping frame 1403636640.8135555
Dropping frame 1403636641.1135554
Dropping frame 1403636641.5635555
Dropping frame 1403636641.7135556
Dropping frame 1403636641.9135554
Dropping frame 1403636642.5135555
Dropping frame 1403636642.9135554
Dropping frame 1403636643.2135556
Dropping frame 1403636643.3135555
Dropping frame 1403636643.6635556
Dropping frame 1403636643.7635555
Dropping frame 1403636643.9135554
Dropping frame 1403636644.1135554
Dropping frame 1403636644.5635555
Dropping frame 1403636644.7135556
Dropping frame 1403636645.0635555
Dropping frame 1403636645.2135556
Dropping frame 1403636645.3635557
Dropping frame 1403636645.5635555
Dropping frame 1403636645.9635556
Dropping frame 1403636646.2635555
Dropping frame 1403636646.4135554
Dropping frame 1403636646.6635556
Dropping frame 1403636647.0135555
Dropping frame 1403636647.1635556
Dropping frame 1403636647.5635555
Dropping frame 1403636647.8135555
Dropping frame 1403636648.2135556
Dropping frame 1403636648.3635557
Dropping frame 1403636648.5135555
Dropping frame 1403636648.7135556
Dropping frame 1403636648.9635556
Dropping frame 1403636649.1635556
Dropping frame 1403636649.4135554
Dropping frame 1403636649.7135556
Dropping frame 1403636649.8635557
Dropping frame 1403636650.0635555
Dropping frame 1403636650.2635555
Dropping frame 1403636650.4135554
Dropping frame 1403636650.5135555
Dropping frame 1403636650.7135556
Dropping frame 1403636650.9135554
Dropping frame 1403636651.0135555
Dropping frame 1403636651.1135554
Dropping frame 1403636651.4635556
Dropping frame 1403636651.5635555
Dropping frame 1403636651.6635556
Dropping frame 1403636651.8635557
Dropping frame 1403636652.1635556
Dropping frame 1403636652.2635555
Dropping frame 1403636652.5135555
Dropping frame 1403636652.6635556
Dropping frame 1403636652.9635556
Dropping frame 1403636653.6635556
Dropping frame 1403636654.8135555
Dropping frame 1403636655.0635555
Dropping frame 1403636655.3135555
Dropping frame 1403636655.6135554
Dropping frame 1403636655.7135556
Dropping frame 1403636655.8135555
Dropping frame 1403636656.0135555
Dropping frame 1403636656.2135556
Dropping frame 1403636656.3135555
Dropping frame 1403636656.4135554
Dropping frame 1403636656.5635555
Dropping frame 1403636656.7635555
Dropping frame 1403636657.0135555
Dropping frame 1403636657.1135554
Dropping frame 1403636657.3135555
Dropping frame 1403636657.4135554
Dropping frame 1403636657.5135555
Dropping frame 1403636657.8635557
Dropping frame 1403636657.9635556
Dropping frame 1403636658.1135554
Dropping frame 1403636658.2135556
Dropping frame 1403636658.3135555
Dropping frame 1403636658.5635555
Dropping frame 1403636658.6635556
Dropping frame 1403636658.9135554
Dropping frame 1403636659.0135555
Dropping frame 1403636659.2635555
Dropping frame 1403636659.3635557
Dropping frame 1403636659.4635556
Dropping frame 1403636659.5635555
Dropping frame 1403636659.7635555
Dropping frame 1403636659.8635557
Dropping frame 1403636659.9635556
Dropping frame 1403636660.2135556
Dropping frame 1403636660.3135555
Dropping frame 1403636660.4135554
Dropping frame 1403636660.6135554
Dropping frame 1403636660.7135556
Dropping frame 1403636660.8135555
Dropping frame 1403636660.9135554
Dropping frame 1403636661.1135554
Dropping frame 1403636661.2135556
Dropping frame 1403636661.3135555
Dropping frame 1403636661.5635555
Dropping frame 1403636661.6635556
Dropping frame 1403636661.7635555
Dropping frame 1403636661.9635556
Dropping frame 1403636662.0635555
Dropping frame 1403636662.2135556
Dropping frame 1403636662.3135555
Dropping frame 1403636662.4135554
Dropping frame 1403636662.6635556
Dropping frame 1403636662.8635557
Dropping frame 1403636662.9635556
Dropping frame 1403636663.0635555
Dropping frame 1403636663.1635556
Dropping frame 1403636663.4135554
Dropping frame 1403636663.5135555
Dropping frame 1403636663.6135554
Dropping frame 1403636663.7635555
Dropping frame 1403636663.8635557
Dropping frame 1403636664.0635555
Dropping frame 1403636664.2635555
Dropping frame 1403636664.4635556
Dropping frame 1403636664.5635555
Dropping frame 1403636664.6635556
Dropping frame 1403636664.8635557
Dropping frame 1403636664.9635556
Dropping frame 1403636665.0635555
Dropping frame 1403636665.2635555
Dropping frame 1403636665.3635557
Dropping frame 1403636665.4635556
Dropping frame 1403636665.6635556
Dropping frame 1403636665.7635555
Dropping frame 1403636665.9635556
Dropping frame 1403636666.0635555
Dropping frame 1403636666.1635556
Dropping frame 1403636666.3635557
Dropping frame 1403636666.4635556
Dropping frame 1403636666.6635556
Dropping frame 1403636666.7635555
Dropping frame 1403636666.8635557
Dropping frame 1403636667.0635555
Dropping frame 1403636667.1635556
Dropping frame 1403636667.3635557
Dropping frame 1403636667.4635556
Dropping frame 1403636667.5635555
Dropping frame 1403636667.7635555
Dropping frame 1403636667.8635557
Dropping frame 1403636667.9635556
Dropping frame 1403636668.0635555
Dropping frame 1403636668.2635555
Dropping frame 1403636668.3635557
Dropping frame 1403636668.5635555
Dropping frame 1403636668.6635556
Dropping frame 1403636668.7635555
Dropping frame 1403636668.9635556
Dropping frame 1403636669.0635555
Dropping frame 1403636669.1635556
Dropping frame 1403636669.2635555
Dropping frame 1403636669.3635557
Dropping frame 1403636669.4635556
Dropping frame 1403636669.6635556
Dropping frame 1403636669.7635555
Dropping frame 1403636669.8635557
Dropping frame 1403636669.9635556
Dropping frame 1403636670.0635555
Dropping frame 1403636670.1635556
Dropping frame 1403636670.2635555
Dropping frame 1403636670.4635556
Dropping frame 1403636670.5635555
Dropping frame 1403636670.6635556
Dropping frame 1403636670.7635555
Dropping frame 1403636670.8635557
Dropping frame 1403636670.9635556
Dropping frame 1403636671.1635556
Dropping frame 1403636671.2635555
Dropping frame 1403636671.4635556
Dropping frame 1403636671.5635555
Dropping frame 1403636671.8135555
Dropping frame 1403636671.9135554
Dropping frame 1403636672.0135555
Dropping frame 1403636672.1135554
Dropping frame 1403636672.3135555
Dropping frame 1403636672.4135554
Dropping frame 1403636672.5135555
Dropping frame 1403636672.7135556
Dropping frame 1403636672.8135555
Dropping frame 1403636672.9135554
Dropping frame 1403636673.0135555
Dropping frame 1403636673.2135556
Dropping frame 1403636673.3135555
Dropping frame 1403636673.4135554
Dropping frame 1403636673.5135555
Dropping frame 1403636673.6635556
Dropping frame 1403636673.8635557
Dropping frame 1403636673.9635556
Dropping frame 1403636674.0635555
Dropping frame 1403636674.2635555
Dropping frame 1403636674.3635557
Dropping frame 1403636674.4635556
Dropping frame 1403636674.7635555
Dropping frame 1403636674.8635557
Dropping frame 1403636675.1135554
Dropping frame 1403636675.2135556
Dropping frame 1403636675.3135555
Dropping frame 1403636675.4135554
Dropping frame 1403636675.5135555
Dropping frame 1403636675.7635555
Dropping frame 1403636675.8635557
Dropping frame 1403636676.1135554
Dropping frame 1403636676.3135555
Dropping frame 1403636676.4635556
Dropping frame 1403636676.5635555
Dropping frame 1403636676.6635556
Dropping frame 1403636676.8635557
Dropping frame 1403636676.9635556
Dropping frame 1403636677.0635555
Dropping frame 1403636677.1635556
Dropping frame 1403636677.3135555
Dropping frame 1403636677.4635556
Dropping frame 1403636677.5635555
Dropping frame 1403636677.6635556
Dropping frame 1403636677.9135554
Dropping frame 1403636678.1135554
Dropping frame 1403636678.2135556
Dropping frame 1403636678.3135555
Dropping frame 1403636678.4635556
Dropping frame 1403636678.5635555
Dropping frame 1403636678.6635556
Dropping frame 1403636678.8635557
Dropping frame 1403636679.0635555
Dropping frame 1403636679.1635556
Dropping frame 1403636679.2635555
Dropping frame 1403636679.4135554
Dropping frame 1403636679.6135554
Dropping frame 1403636679.8135555
Dropping frame 1403636679.9135554
Dropping frame 1403636680.0635555
Dropping frame 1403636680.2635555
Dropping frame 1403636680.4635556
Dropping frame 1403636680.5635555
Dropping frame 1403636680.6635556
Dropping frame 1403636680.7635555
Dropping frame 1403636680.9635556
Dropping frame 1403636681.0635555
Dropping frame 1403636681.2635555
Dropping frame 1403636681.4635556
Dropping frame 1403636681.5635555
Dropping frame 1403636681.6635556
Dropping frame 1403636682.0135555
Dropping frame 1403636682.2135556
Dropping frame 1403636682.3135555
Dropping frame 1403636682.5135555
Dropping frame 1403636682.6135554
Dropping frame 1403636682.7135556
Dropping frame 1403636682.8135555
Dropping frame 1403636683.0135555
Dropping frame 1403636683.1135554
Dropping frame 1403636683.2135556
Dropping frame 1403636683.3635557
Dropping frame 1403636683.7135556
Dropping frame 1403636683.8135555
Dropping frame 1403636683.9135554
Dropping frame 1403636684.0135555
Dropping frame 1403636684.1135554
Dropping frame 1403636684.3135555
Dropping frame 1403636684.4135554
Dropping frame 1403636684.6135554
Dropping frame 1403636684.7135556
Dropping frame 1403636684.8135555
Dropping frame 1403636685.0135555
Dropping frame 1403636685.1135554
Dropping frame 1403636685.2135556
Dropping frame 1403636685.3135555
Dropping frame 1403636685.5135555
Dropping frame 1403636685.6135554
Dropping frame 1403636685.7135556
Dropping frame 1403636685.8135555
Dropping frame 1403636685.9135554
Dropping frame 1403636686.1135554
Dropping frame 1403636686.2135556
Dropping frame 1403636686.3135555
Dropping frame 1403636686.4135554
Dropping frame 1403636686.6135554
Dropping frame 1403636686.8135555
Dropping frame 1403636686.9135554
Dropping frame 1403636687.0135555
Dropping frame 1403636687.1135554
Dropping frame 1403636687.2135556
Dropping frame 1403636687.4135554
Dropping frame 1403636687.6135554
Dropping frame 1403636687.7135556
Dropping frame 1403636687.8135555
Dropping frame 1403636687.9135554
Dropping frame 1403636688.0135555
Dropping frame 1403636688.1135554
Dropping frame 1403636688.3135555
Dropping frame 1403636688.5135555
Dropping frame 1403636688.6135554
Dropping frame 1403636688.8135555
Dropping frame 1403636688.9135554
Dropping frame 1403636689.1635556
Dropping frame 1403636689.2635555
Dropping frame 1403636689.3635557
Dropping frame 1403636689.4635556
Dropping frame 1403636689.5635555
Dropping frame 1403636689.6635556
Dropping frame 1403636689.7635555
Dropping frame 1403636690.0135555
Dropping frame 1403636690.1135554
Dropping frame 1403636690.3135555
Dropping frame 1403636690.4135554
Dropping frame 1403636690.5135555
Dropping frame 1403636690.6135554
Dropping frame 1403636690.7135556
Dropping frame 1403636690.9635556
Dropping frame 1403636691.0635555
Dropping frame 1403636691.2635555
Dropping frame 1403636691.3635557
Dropping frame 1403636691.5635555
Dropping frame 1403636691.6635556
Dropping frame 1403636691.7635555
Dropping frame 1403636691.9635556
Dropping frame 1403636692.0635555
Dropping frame 1403636692.1635556
Dropping frame 1403636692.2635555
Dropping frame 1403636692.4135554
Dropping frame 1403636692.5135555
Dropping frame 1403636692.7135556
Dropping frame 1403636692.8135555
Dropping frame 1403636692.9135554
Dropping frame 1403636693.0135555
Dropping frame 1403636693.1135554
Dropping frame 1403636693.3135555
Dropping frame 1403636693.4135554
Dropping frame 1403636693.6635556
Dropping frame 1403636693.7635555
Dropping frame 1403636693.8635557
Dropping frame 1403636694.0635555
Dropping frame 1403636694.1635556
Dropping frame 1403636694.2635555
Dropping frame 1403636694.3635557
Dropping frame 1403636694.4635556
Dropping frame 1403636694.7135556
Dropping frame 1403636694.8135555
Dropping frame 1403636695.0135555
Dropping frame 1403636695.1135554
Dropping frame 1403636695.2135556
Dropping frame 1403636695.3135555
Dropping frame 1403636695.4135554
Dropping frame 1403636695.5135555
Dropping frame 1403636695.6135554
Dropping frame 1403636695.8135555
Dropping frame 1403636696.1635556
Dropping frame 1403636696.2635555
Dropping frame 1403636696.3635557
Dropping frame 1403636696.5135555
Dropping frame 1403636696.6635556
Dropping frame 1403636696.8635557
Dropping frame 1403636696.9635556
Dropping frame 1403636697.1635556
Dropping frame 1403636697.2635555
Dropping frame 1403636697.4635556
Dropping frame 1403636697.5635555
Dropping frame 1403636697.8135555
Dropping frame 1403636697.9135554
Dropping frame 1403636698.0135555
Dropping frame 1403636698.1135554
Dropping frame 1403636698.3135555
Dropping frame 1403636698.4135554
Dropping frame 1403636698.5135555
Dropping frame 1403636698.7135556
Dropping frame 1403636698.8135555
Dropping frame 1403636698.9135554
Dropping frame 1403636699.0135555
Dropping frame 1403636699.2135556
Dropping frame 1403636699.3135555
Dropping frame 1403636699.4135554
Dropping frame 1403636699.5135555
Dropping frame 1403636699.6135554
Dropping frame 1403636699.8135555
Dropping frame 1403636699.9135554
Dropping frame 1403636700.1135554
Dropping frame 1403636700.2135556
Dropping frame 1403636700.3135555
Dropping frame 1403636700.5135555
Dropping frame 1403636700.6135554
Dropping frame 1403636700.7135556
Dropping frame 1403636700.9135554
Dropping frame 1403636701.0135555
Dropping frame 1403636701.2135556
Dropping frame 1403636701.4135554
Dropping frame 1403636701.5135555
Dropping frame 1403636701.6135554
Dropping frame 1403636701.8135555
Dropping frame 1403636701.9135554
Dropping frame 1403636702.0135555
Dropping frame 1403636702.2135556
Dropping frame 1403636702.4135554
Dropping frame 1403636702.6135554
Dropping frame 1403636702.7135556
Dropping frame 1403636702.8135555
Dropping frame 1403636702.9135554
Dropping frame 1403636703.0135555
Dropping frame 1403636703.1135554
Dropping frame 1403636703.3135555
Dropping frame 1403636703.5135555
Dropping frame 1403636703.7135556
Dropping frame 1403636703.8135555
Dropping frame 1403636703.9135554
Dropping frame 1403636704.1135554
Dropping frame 1403636704.2135556
Dropping frame 1403636704.3135555
Dropping frame 1403636704.4635556
Dropping frame 1403636704.6635556
Dropping frame 1403636704.8635557
Dropping frame 1403636704.9635556
Dropping frame 1403636705.1135554
Dropping frame 1403636705.3135555
Dropping frame 1403636705.5635555
Dropping frame 1403636705.6635556
Dropping frame 1403636705.7635555
Dropping frame 1403636705.9135554
Dropping frame 1403636706.1135554
Dropping frame 1403636706.2635555
Dropping frame 1403636706.3635557
Dropping frame 1403636706.4635556
Dropping frame 1403636706.5635555
Dropping frame 1403636706.6635556
Dropping frame 1403636706.7635555
Dropping frame 1403636706.9635556
Dropping frame 1403636707.2635555
Dropping frame 1403636707.3635557
Dropping frame 1403636707.4635556
Dropping frame 1403636707.5635555
Dropping frame 1403636707.6635556
Dropping frame 1403636707.7635555
Dropping frame 1403636707.8635557
Dropping frame 1403636708.0135555
Dropping frame 1403636708.1635556
Dropping frame 1403636708.2635555
Dropping frame 1403636708.3635557
Dropping frame 1403636708.5135555
Dropping frame 1403636708.6635556
Dropping frame 1403636708.7635555
Dropping frame 1403636708.8635557
Dropping frame 1403636709.0635555
Dropping frame 1403636709.2635555
Dropping frame 1403636709.3635557
Dropping frame 1403636709.4635556
Dropping frame 1403636709.5635555
Dropping frame 1403636709.7635555
Dropping frame 1403636709.8635557
Dropping frame 1403636709.9635556
Dropping frame 1403636710.0635555
Dropping frame 1403636710.2635555
Dropping frame 1403636710.3635557
Dropping frame 1403636710.4635556
Dropping frame 1403636710.5635555
Dropping frame 1403636710.6635556
Dropping frame 1403636711.0135555
Dropping frame 1403636711.2135556
Dropping frame 1403636711.5135555
Dropping frame 1403636711.6135554
Dropping frame 1403636711.8635557
Dropping frame 1403636712.0635555
Dropping frame 1403636712.2635555
Dropping frame 1403636712.3635557
Dropping frame 1403636712.5635555
Dropping frame 1403636712.6635556
Dropping frame 1403636712.7635555
Dropping frame 1403636713.0135555
Dropping frame 1403636713.1635556
Dropping frame 1403636713.3635557
Dropping frame 1403636713.5635555
Dropping frame 1403636713.6635556
Dropping frame 1403636713.7635555
Dropping frame 1403636713.9635556
Dropping frame 1403636714.1635556
Dropping frame 1403636714.3635557
Dropping frame 1403636714.4635556
Dropping frame 1403636714.6135554
Dropping frame 1403636714.9135554
Dropping frame 1403636715.1135554
Dropping frame 1403636715.2135556
Dropping frame 1403636715.4135554
Dropping frame 1403636715.6135554
Dropping frame 1403636715.8135555
Dropping frame 1403636715.9135554
Dropping frame 1403636716.0635555
Dropping frame 1403636716.4135554
Dropping frame 1403636716.7635555
Dropping frame 1403636716.9635556
Dropping frame 1403636717.1635556
Dropping frame 1403636717.3635557
Dropping frame 1403636717.7135556
Dropping frame 1403636717.9135554
Dropping frame 1403636718.0135555
Dropping frame 1403636718.4135554
Dropping frame 1403636718.6135554
Dropping frame 1403636718.8135555
Dropping frame 1403636719.3135555
Dropping frame 1403636719.4135554
Dropping frame 1403636719.8135555
Dropping frame 1403636720.0135555
Dropping frame 1403636720.2135556
Dropping frame 1403636720.3135555
Dropping frame 1403636720.5635555
Dropping frame 1403636720.7635555
Dropping frame 1403636720.9635556
Dropping frame 1403636721.0635555
Dropping frame 1403636721.2135556
Dropping frame 1403636721.4135554
Dropping frame 1403636721.6135554
Dropping frame 1403636721.8135555
Dropping frame 1403636721.9135554
Dropping frame 1403636722.0135555
Dropping frame 1403636722.2135556
Dropping frame 1403636722.4135554
Dropping frame 1403636722.5135555
Dropping frame 1403636722.7135556
Dropping frame 1403636722.9135554
Dropping frame 1403636723.4135554
Dropping frame 1403636723.5135555
Dropping frame 1403636723.6135554
Dropping frame 1403636723.8135555
Dropping frame 1403636724.0135555
Dropping frame 1403636724.2135556
Dropping frame 1403636724.4135554
Dropping frame 1403636724.5135555
Dropping frame 1403636724.8135555
Dropping frame 1403636725.0135555
Dropping frame 1403636725.2135556
Dropping frame 1403636725.3135555
Dropping frame 1403636725.6635556
Dropping frame 1403636725.7635555
Dropping frame 1403636726.8135555
Dropping frame 1403636726.9135554
Dropping frame 1403636727.1635556
Dropping frame 1403636727.3635557
Dropping frame 1403636727.5635555
Dropping frame 1403636727.6635556
Dropping frame 1403636727.7635555
Dropping frame 1403636727.9635556
Dropping frame 1403636728.1635556
Dropping frame 1403636728.3635557
Dropping frame 1403636728.5135555
Dropping frame 1403636728.7135556
Dropping frame 1403636728.9135554
Dropping frame 1403636729.0135555
Dropping frame 1403636729.2635555
Dropping frame 1403636729.4635556
Dropping frame 1403636729.6635556
Dropping frame 1403636729.7635555
Dropping frame 1403636730.0135555
Dropping frame 1403636730.2135556
Dropping frame 1403636730.3135555
Dropping frame 1403636730.7135556
Dropping frame 1403636730.9135554
Dropping frame 1403636731.0135555
Dropping frame 1403636731.1135554
Dropping frame 1403636731.3135555
Dropping frame 1403636731.5135555
Dropping frame 1403636731.6135554
Dropping frame 1403636731.7135556
Dropping frame 1403636731.9135554
Dropping frame 1403636732.1135554
Dropping frame 1403636732.3135555
Dropping frame 1403636732.4135554
Dropping frame 1403636732.6635556
Dropping frame 1403636732.8635557
Dropping frame 1403636733.0635555
Dropping frame 1403636733.2635555
Dropping frame 1403636733.3635557
Dropping frame 1403636733.4635556
Dropping frame 1403636733.8135555
Dropping frame 1403636733.9135554
Dropping frame 1403636734.1635556
Dropping frame 1403636734.3635557
Dropping frame 1403636734.5635555
Dropping frame 1403636734.8635557
Dropping frame 1403636735.0635555
Dropping frame 1403636735.2635555
Dropping frame 1403636735.4635556
Dropping frame 1403636735.9135554
Dropping frame 1403636736.2635555
Dropping frame 1403636736.7635555
Dropping frame 1403636736.9635556
Dropping frame 1403636737.1635556
Dropping frame 1403636737.2635555
Dropping frame 1403636737.3635557
Dropping frame 1403636737.8635557
Dropping frame 1403636738.0635555
Dropping frame 1403636738.2635555
Dropping frame 1403636738.4635556
Dropping frame 1403636738.5635555
Dropping frame 1403636738.6635556
Dropping frame 1403636738.8635557
Dropping frame 1403636739.0635555
Dropping frame 1403636739.1635556
Dropping frame 1403636739.2635555
Dropping frame 1403636739.4635556
Dropping frame 1403636739.6635556
Dropping frame 1403636739.7635555
Dropping frame 1403636739.8635557
Dropping frame 1403636739.9635556
Dropping frame 1403636740.1635556
Dropping frame 1403636740.3635557
Dropping frame 1403636740.5635555
Dropping frame 1403636740.7635555
Dropping frame 1403636740.8635557
Dropping frame 1403636740.9635556
Dropping frame 1403636741.1635556
Dropping frame 1403636741.3635557
Dropping frame 1403636741.5635555
Dropping frame 1403636741.6635556
Dropping frame 1403636741.7635555
Dropping frame 1403636741.9635556
Dropping frame 1403636742.1635556
Dropping frame 1403636742.3635557
Dropping frame 1403636742.5635555
Dropping frame 1403636742.6635556
Dropping frame 1403636742.7635555
Dropping frame 1403636742.9635556
Dropping frame 1403636743.1635556
Dropping frame 1403636743.3635557
Dropping frame 1403636743.5635555
Dropping frame 1403636743.6635556
Dropping frame 1403636743.8635557
Dropping frame 1403636743.9635556
Dropping frame 1403636744.0635555
Dropping frame 1403636744.2635555
Dropping frame 1403636744.4635556
Dropping frame 1403636744.6635556
Dropping frame 1403636744.7635555
Dropping frame 1403636744.8635557
Dropping frame 1403636745.0635555
Dropping frame 1403636745.2635555
Dropping frame 1403636745.4635556
Dropping frame 1403636745.5635555
Dropping frame 1403636745.6635556
Dropping frame 1403636745.8135555
Dropping frame 1403636746.0135555
Dropping frame 1403636746.2135556
Dropping frame 1403636746.4135554
Dropping frame 1403636746.7635555
Dropping frame 1403636746.9635556
Dropping frame 1403636747.1635556
Dropping frame 1403636747.3635557
Dropping frame 1403636747.4635556
Dropping frame 1403636747.5635555
Dropping frame 1403636747.6635556
Dropping frame 1403636747.8635557
Dropping frame 1403636748.0635555
Dropping frame 1403636748.1635556
Dropping frame 1403636748.2635555
Dropping frame 1403636748.3635557
Dropping frame 1403636748.5635555
Dropping frame 1403636748.6635556
Dropping frame 1403636748.7635555
Dropping frame 1403636748.9635556
Dropping frame 1403636749.0635555
Dropping frame 1403636749.2635555
Dropping frame 1403636749.4635556
Dropping frame 1403636749.6635556
Dropping frame 1403636749.7635555
Dropping frame 1403636749.8635557
Dropping frame 1403636750.0635555
Dropping frame 1403636750.2635555
Dropping frame 1403636750.4635556
Dropping frame 1403636750.6635556
Dropping frame 1403636750.7635555
Dropping frame 1403636750.9635556
Dropping frame 1403636751.0635555
Dropping frame 1403636751.2635555
Dropping frame 1403636751.4635556
Dropping frame 1403636751.6635556
Dropping frame 1403636751.7635555
Dropping frame 1403636751.8635557
Dropping frame 1403636751.9635556
Dropping frame 1403636752.1635556
Dropping frame 1403636752.2635555
Dropping frame 1403636752.3635557
Dropping frame 1403636752.5635555
Dropping frame 1403636752.7635555
Dropping frame 1403636752.9635556
Dropping frame 1403636753.0635555
Dropping frame 1403636753.2635555
Dropping frame 1403636753.4635556
Dropping frame 1403636753.6635556
Dropping frame 1403636753.7635555
Dropping frame 1403636753.8635557
Dropping frame 1403636754.0635555
Dropping frame 1403636754.2135556
Dropping frame 1403636754.4135554
Dropping frame 1403636754.6135554
Dropping frame 1403636754.8135555
Dropping frame 1403636754.9135554
Dropping frame 1403636755.1135554
Dropping frame 1403636755.2135556
Dropping frame 1403636755.3135555
Dropping frame 1403636755.5135555
Dropping frame 1403636755.6135554
Dropping frame 1403636755.7135556
Dropping frame 1403636755.9135554
Dropping frame 1403636756.1135554
Dropping frame 1403636756.2135556
Dropping frame 1403636756.4135554
Dropping frame 1403636756.5135555
Dropping frame 1403636756.6135554
Dropping frame 1403636756.8135555
Dropping frame 1403636756.9135554
Dropping frame 1403636757.1635556
Dropping frame 1403636757.3635557
Dropping frame 1403636757.5635555
Dropping frame 1403636757.7635555
Dropping frame 1403636757.8635557
Dropping frame 1403636757.9635556
Dropping frame 1403636758.1635556
Dropping frame 1403636758.3635557
Dropping frame 1403636758.4635556
Dropping frame 1403636758.5635555
Dropping frame 1403636758.7635555
Dropping frame 1403636758.8635557
Dropping frame 1403636758.9635556
Dropping frame 1403636759.1635556
Dropping frame 1403636759.3635557
Dropping frame 1403636759.5635555
Dropping frame 1403636759.6635556
Dropping frame 1403636759.8135555
Dropping frame 1403636759.9135554
Dropping frame 1403636760.0135555
Dropping frame 1403636760.2135556
Dropping frame 1403636760.3135555
Dropping frame 1403636760.4135554
Dropping frame 1403636760.6135554
Dropping frame 1403636760.8135555
Dropping frame 1403636760.9135554
Dropping frame 1403636761.0135555
Dropping frame 1403636761.2135556
Dropping frame 1403636761.4135554
Dropping frame 1403636761.6135554
Dropping frame 1403636761.8135555
Dropping frame 1403636761.9135554
Dropping frame 1403636762.0135555
Dropping frame 1403636762.2135556
Dropping frame 1403636762.4135554
Dropping frame 1403636762.6135554
Dropping frame 1403636762.7135556
Dropping frame 1403636762.9135554
Dropping frame 1403636763.0135555
Dropping frame 1403636763.1135554
Dropping frame 1403636763.2135556
Dropping frame 1403636763.3135555
Dropping frame 1403636763.5635555
Dropping frame 1403636763.7635555
Shutdown
SLAM Finished at System Time: 1742734203.36289

 TIME STATS in ms (mean$\pm$std)
OpenCV version: 4.8.1
---------------------------
Tracking

ORB Extraction: 22.696$\pm$2.0412
Stereo Matching: 7.2265$\pm$2.0024
IMU Preintegration: 0.25519$\pm$0.098096
Pose Prediction: 0.21479$\pm$0.5872
LM Track: 20.941$\pm$6.2128
New KF decision: 1.2178$\pm$2.243
Total Tracking: 32.186$\pm$29.366



Local Mapping

KF Insertion: 19.286$\pm$7.6537
MP Culling: 0.5337$\pm$0.21738
MP Creation: 52.74$\pm$16.419
LBA: 161.3$\pm$58.23
KF Culling: 17.787$\pm$11.517
Total Local Mapping: 251.41$\pm$84.851
---------------------------

LBA complexity (mean$\pm$std)
LBA Edges: 1877$\pm$761.44
LBA KF optimized: 6.5$\pm$2.2913
LBA KF fixed: 1$\pm$0
LBA MP: nan$\pm$nan

LBA executions: 533
LBA aborts: 0
---------------------------

Map complexity
KFs in map: 131
MPs in map: 9268
---------------------------

Place Recognition (mean$\pm$std)
Database Query: 1.5933$\pm$0.96835
SE3 estimation: 12.966$\pm$17.425
Total Place Recognition: 13.191$\pm$17.74


Loop Closing (mean$\pm$std)
Loop Fusion: nan$\pm$nan
Essential Graph: nan$\pm$nan
Total Loop Closing: nan$\pm$nan

Num exec: 0
Number of KFs: nan$\pm$nan

Map Merging (mean$\pm$std)
Merge Maps: nan$\pm$nan
Welding BA: nan$\pm$nan
Optimization Ess.: nan$\pm$nan
Total Map Merging: nan$\pm$nan

Num exec: 0
Number of KFs: nan$\pm$nan
Number of MPs: nan$\pm$nan

Full GBA (mean$\pm$std)
GBA: nan$\pm$nan
Map Update: nan$\pm$nan
Total Full GBA: nan$\pm$nan

Num exec: 0
Num abort: 0
Number of KFs: nan$\pm$nan
Number of MPs: nan$\pm$nan

Saving trajectory to f_dataset-MH01_stereo_imu.txt ...
There are 1 maps in the atlas
  Map 0 has 131 KFs

End of saving trajectory to f_dataset-MH01_stereo_imu.txt ...

Saving keyframe trajectory to kf_dataset-MH01_stereo_imu.txt ...
