num_seq = 1
file name: dataset-MH05_stereo_imu
Loading images for sequence 0...LOADED!
Loading IMU for sequence 0...LOADED!

-------

ORB-SLAM3 Copyright (C) 2017-2020 Carlos Campos, Richard Elvira, Juan J. Gómez, José M.M. Montiel and Juan D. Tardós, University of Zaragoza.
ORB-SLAM2 Copyright (C) 2014-2016 Raúl Mur-Artal, José M.M. Montiel and Juan D. Tardós, University of Zaragoza.
This program comes with ABSOLUTELY NO WARRANTY;
This is free software, and you are welcome to redistribute it
under certain conditions. See LICENSE.txt.

Built with REGISTER_TIMES
Git Commit Hash: 2d47524

Build Type: Release

Compiled with C++ version: 201703

Input sensor was set to: Stereo-Inertial
Loading settings from EuRoC_fov_deadlines_mask_11x11.yaml
	-Loaded camera 1
	-Loaded camera 2
	-Loaded image info
	-Loaded IMU calibration
	-Loaded ORB settings
	-Loaded viewer settings
	-Loaded Atlas settings
Deadlines enabled, will skip frames!
FOV enabled
Static mask size: 11x11
Dumping map points enabled
	-Loaded misc parameters
	-Computed rectification maps
----------------------------------
SLAM settings: 
	-Camera 1 parameters (Pinhole): [ 458.65399169921875 457.29598999023438 367.21499633789062 248.375 ]
	-Camera 1 distortion parameters: [  -0.28340810537338257 0.073959067463874817 0.00019359000725671649 1.7618711353861727e-05 ]
	-Camera 2 parameters (Pinhole: [ 457.58700561523438 456.13400268554688 379.99899291992188 255.23800659179688 ]
	-Camera 1 distortion parameters: [  -0.2836836576461792 0.074512839317321777 -0.00010473000293131918 -3.555907096597366e-05 ]
	-Original image size: [ 752 , 480 ]
	-Current image size: [ 752 , 480 ]
	-Camera 1 parameters after rectification: [  456.71499633789062 456.71499633789062 364.52615356445312 257.268798828125 ]
	-Sequence FPS: 20
	-Stereo baseline: 0.11007784307003021
	-Stereo depth threshold : 60
	-Gyro noise: 0.00016999999934341758
	-Accelerometer noise: 0.0020000000949949026
	-Gyro walk: 1.9392999092815444e-05
	-Accelerometer walk: 0.0030000000260770321
	-IMU frequency: 200
	-Features per image: 1200
	-ORB scale factor: 1.2000000476837158
	-ORB number of scales: 8
	-Initial FAST threshold: 20
	-Min FAST threshold: 7


Loading ORB Vocabulary. This could take a while...
Vocabulary loaded!

Initialization of Atlas from scratch 
Creation of new map with id: 0
Creation of new map with last KF id: 0
Seq. Name: 
There are 1 cameras in the atlas
Camera 0 is pinhole
SLAM Started at System Time: 1742818709.1189
not IMU meas
not IMU meas
not enough acceleration
not enough acceleration
not enough acceleration
not enough acceleration
not enough acceleration
not enough acceleration
not enough acceleration
not enough acceleration
not enough acceleration
not enough acceleration
not enough acceleration
not enough acceleration
not enough acceleration
not enough acceleration
not enough acceleration
not enough acceleration
not enough acceleration
not enough acceleration
not enough acceleration
not enough acceleration
not enough acceleration
not enough acceleration
not enough acceleration
not enough acceleration
not enough acceleration
not enough acceleration
not enough acceleration
not enough acceleration
not enough acceleration
not enough acceleration
not enough acceleration
not enough acceleration
not enough acceleration
not enough acceleration
not enough acceleration
not enough acceleration
not enough acceleration
not enough acceleration
not enough acceleration
not enough acceleration
not enough acceleration
not enough acceleration
not enough acceleration
not enough acceleration
not enough acceleration
not enough acceleration
not enough acceleration
not enough acceleration
not enough acceleration
not enough acceleration
not enough acceleration
not enough acceleration
not enough acceleration
not enough acceleration
not enough acceleration
not enough acceleration
not enough acceleration
not enough acceleration
not enough acceleration
not enough acceleration
not enough acceleration
not enough acceleration
not enough acceleration
not enough acceleration
not enough acceleration
not enough acceleration
not enough acceleration
not enough acceleration
not enough acceleration
not enough acceleration
not enough acceleration
not enough acceleration
not enough acceleration
not enough acceleration
not enough acceleration
not enough acceleration
not enough acceleration
not enough acceleration
First KF:0; Map init KF:0
New Map created with 127 points
Active map: 0
Dropping frame 1403638523.0278294
Dropping frame 1403638523.2278295
Dropping frame 1403638523.5278294
Dropping frame 1403638523.7278295
Dropping frame 1403638524.2778294
Dropping frame 1403638524.9778295
Dropping frame 1403638525.3278296
Dropping frame 1403638525.7778294
Dropping frame 1403638525.8778293
Dropping frame 1403638526.0278294
Dropping frame 1403638526.2778294
Dropping frame 1403638526.8278296
start VIBA 1
Dropping frame 1403638527.5278294
end VIBA 1
Dropping frame 1403638528.9278295
Dropping frame 1403638529.8278296
Dropping frame 1403638530.1278296
Dropping frame 1403638530.3278296
Dropping frame 1403638530.4278295
Dropping frame 1403638530.7278295
Dropping frame 1403638530.8278296
Dropping frame 1403638530.9278295
Not enough motion for initializing. Reseting...
TRACK: Reset map because local mapper set the bad imu flag 
LM: Active map reset recieved
LM: Active map reset, waiting...
LM: Reseting current map in Local Mapping...
LM: End reseting Local Mapping...
LM: Reset free the mutex
LM: Active map reset, Done!!!
mnFirstFrameId = 80
mnInitialFrameId = 0
174 Frames set to lost
not IMU meas
not enough acceleration
not enough acceleration
not enough acceleration
not enough acceleration
not enough acceleration
not enough acceleration
not enough acceleration
not enough acceleration
Dropping frame 1403638532.3278296
not enough acceleration
not enough acceleration
not enough acceleration
Dropping frame 1403638532.5278294
not enough acceleration
not enough acceleration
not enough acceleration
not enough acceleration
not enough acceleration
not enough acceleration
not enough acceleration
not enough acceleration
not enough acceleration
not enough acceleration
not enough acceleration
not enough acceleration
not enough acceleration
Dropping frame 1403638533.2278295
not enough acceleration
not enough acceleration
not enough acceleration
not enough acceleration
not enough acceleration
not enough acceleration
not enough acceleration
not enough acceleration
not enough acceleration
not enough acceleration
not enough acceleration
not enough acceleration
not enough acceleration
not enough acceleration
not enough acceleration
not enough acceleration
not enough acceleration
not enough acceleration
Dropping frame 1403638534.1778293
not enough acceleration
First KF:42; Map init KF:0
New Map created with 150 points
Active map: 0
Not enough motion for initializing. Reseting...
LM: Reseting current map in Local Mapping...
LM: End reseting Local Mapping...
LM: Reset free the mutex
Not enough motion for initializing. Reseting...
TRACK: Reset map because local mapper set the bad imu flag 
LM: Reseting current map in Local Mapping...
LM: End reseting Local Mapping...
LM: Reset free the mutex
LM: Active map reset recieved
LM: Active map reset, waiting...
LM: Reseting current map in Local Mapping...
LM: End reseting Local Mapping...
LM: Reset free the mutex
LM: Active map reset, Done!!!
mnFirstFrameId = 299
mnInitialFrameId = 254
240 Frames set to lost
not IMU meas
not enough acceleration
not enough acceleration
not enough acceleration
not enough acceleration
not enough acceleration
not enough acceleration
not enough acceleration
not enough acceleration
not enough acceleration
not enough acceleration
not enough acceleration
not enough acceleration
not enough acceleration
not enough acceleration
not enough acceleration
not enough acceleration
not enough acceleration
not enough acceleration
not enough acceleration
not enough acceleration
not enough acceleration
not enough acceleration
First KF:54; Map init KF:42
New Map created with 167 points
Active map: 0
Dropping frame 1403638542.7778294
Dropping frame 1403638542.8778293
Dropping frame 1403638542.9778295
Dropping frame 1403638543.2278295
Dropping frame 1403638543.4278295
Dropping frame 1403638543.5778294
Dropping frame 1403638543.6778293
Dropping frame 1403638543.9278295
Dropping frame 1403638544.0278294
start VIBA 1
end VIBA 1
Dropping frame 1403638544.4778295
Dropping frame 1403638544.5778294
Dropping frame 1403638544.7278295
Dropping frame 1403638544.8278296
Dropping frame 1403638544.9278295
Dropping frame 1403638545.2778294
Dropping frame 1403638545.7778294
Dropping frame 1403638546.2278295
Dropping frame 1403638546.4278295
Dropping frame 1403638546.6278296
Dropping frame 1403638546.7278295
Dropping frame 1403638547.0278294
Dropping frame 1403638547.1278296
Dropping frame 1403638547.3778293
Dropping frame 1403638547.4778295
Dropping frame 1403638547.6778293
Dropping frame 1403638547.8778293
Dropping frame 1403638547.9778295
Dropping frame 1403638548.2778294
Dropping frame 1403638548.6278296
Dropping frame 1403638548.8278296
Dropping frame 1403638549.0778294
Dropping frame 1403638549.2778294
Dropping frame 1403638549.3778293
Dropping frame 1403638549.5778294
Dropping frame 1403638549.7778294
Dropping frame 1403638549.9778295
Dropping frame 1403638550.0778294
Dropping frame 1403638550.1778293
Dropping frame 1403638550.2778294
Dropping frame 1403638550.3778293
Dropping frame 1403638550.4778295
Dropping frame 1403638550.6778293
Dropping frame 1403638550.7778294
Dropping frame 1403638550.8778293
Dropping frame 1403638550.9778295
Dropping frame 1403638551.0778294
Dropping frame 1403638551.1778293
Dropping frame 1403638551.2778294
Dropping frame 1403638551.3778293
Dropping frame 1403638551.4778295
Dropping frame 1403638551.6778293
Dropping frame 1403638551.7778294
Dropping frame 1403638551.9278295
Dropping frame 1403638552.0278294
Dropping frame 1403638552.1278296
Dropping frame 1403638552.4278295
Dropping frame 1403638552.5278294
Dropping frame 1403638552.7778294
Dropping frame 1403638552.8778293
Dropping frame 1403638552.9778295
Dropping frame 1403638553.1778293
Dropping frame 1403638553.3778293
Dropping frame 1403638553.4778295
Dropping frame 1403638553.5778294
Dropping frame 1403638553.7278295
Dropping frame 1403638553.9278295
start VIBA 2
Dropping frame 1403638554.1278296
Dropping frame 1403638554.2278295
Dropping frame 1403638554.3278296
end VIBA 2
Dropping frame 1403638554.4278295
Dropping frame 1403638554.6278296
Dropping frame 1403638554.8278296
Dropping frame 1403638554.9278295
Dropping frame 1403638555.0278294
Dropping frame 1403638555.2278295
Dropping frame 1403638555.3278296
Dropping frame 1403638555.4278295
Dropping frame 1403638555.6278296
Dropping frame 1403638555.8278296
Dropping frame 1403638555.9278295
Dropping frame 1403638556.0778294
Dropping frame 1403638556.1778293
Dropping frame 1403638556.3778293
Dropping frame 1403638556.4778295
Dropping frame 1403638556.5778294
Dropping frame 1403638556.6778293
Dropping frame 1403638556.8278296
Dropping frame 1403638557.0278294
Dropping frame 1403638557.1278296
Dropping frame 1403638557.2278295
Dropping frame 1403638557.4278295
Dropping frame 1403638557.5278294
Dropping frame 1403638557.6278296
Dropping frame 1403638557.7278295
Dropping frame 1403638557.9278295
Dropping frame 1403638558.0278294
Dropping frame 1403638558.1278296
Dropping frame 1403638558.3278296
Dropping frame 1403638558.5278294
Dropping frame 1403638558.6278296
Dropping frame 1403638558.7278295
Dropping frame 1403638558.9278295
Dropping frame 1403638559.0278294
Dropping frame 1403638559.1278296
Dropping frame 1403638559.3278296
Dropping frame 1403638559.4278295
Dropping frame 1403638559.6778293
Dropping frame 1403638559.8778293
Dropping frame 1403638560.0778294
Dropping frame 1403638560.2778294
Dropping frame 1403638560.4778295
Dropping frame 1403638560.6778293
Dropping frame 1403638560.7778294
Dropping frame 1403638560.8778293
Dropping frame 1403638561.0778294
Dropping frame 1403638561.2778294
Dropping frame 1403638561.4778295
Dropping frame 1403638561.6778293
Dropping frame 1403638561.8778293
Dropping frame 1403638562.0778294
Dropping frame 1403638562.2778294
Dropping frame 1403638562.4778295
Dropping frame 1403638562.6778293
Dropping frame 1403638562.8278296
Dropping frame 1403638563.0278294
Dropping frame 1403638563.2278295
Dropping frame 1403638563.3278296
Dropping frame 1403638563.5278294
Dropping frame 1403638563.7278295
Dropping frame 1403638563.9278295
Dropping frame 1403638564.0278294
Dropping frame 1403638564.1278296
Dropping frame 1403638564.2278295
Dropping frame 1403638564.4778295
Dropping frame 1403638564.6778293
Dropping frame 1403638564.7778294
Dropping frame 1403638564.9278295
Dropping frame 1403638565.1278296
Dropping frame 1403638565.3278296
Dropping frame 1403638565.5278294
Dropping frame 1403638565.6278296
Dropping frame 1403638565.7278295
Dropping frame 1403638565.9278295
Dropping frame 1403638566.0278294
Dropping frame 1403638566.1278296
Dropping frame 1403638566.3278296
Dropping frame 1403638566.5278294
Dropping frame 1403638566.7278295
Dropping frame 1403638566.8278296
Dropping frame 1403638567.0278294
Dropping frame 1403638567.1278296
Dropping frame 1403638567.2278295
Dropping frame 1403638567.4278295
Dropping frame 1403638567.5278294
Dropping frame 1403638567.7778294
Dropping frame 1403638567.9778295
Dropping frame 1403638568.1778293
Dropping frame 1403638568.6278296
Dropping frame 1403638568.7278295
Dropping frame 1403638568.8278296
Dropping frame 1403638569.0278294
Dropping frame 1403638569.2278295
Dropping frame 1403638569.4278295
Dropping frame 1403638569.5278294
Dropping frame 1403638569.6278296
Dropping frame 1403638569.8278296
Dropping frame 1403638570.0278294
Dropping frame 1403638570.2278295
Dropping frame 1403638570.3278296
Dropping frame 1403638570.4278295
Dropping frame 1403638570.6278296
Dropping frame 1403638570.7278295
Dropping frame 1403638570.9778295
Dropping frame 1403638571.1778293
Dropping frame 1403638571.2778294
Dropping frame 1403638571.4778295
Dropping frame 1403638571.6778293
Dropping frame 1403638571.7778294
Dropping frame 1403638571.8778293
Dropping frame 1403638572.0778294
Dropping frame 1403638572.2778294
Dropping frame 1403638572.4778295
Dropping frame 1403638572.6778293
Dropping frame 1403638572.7778294
Dropping frame 1403638572.9778295
Dropping frame 1403638573.0778294
Dropping frame 1403638573.1778293
Dropping frame 1403638573.3778293
Dropping frame 1403638573.5778294
Dropping frame 1403638574.0278294
Dropping frame 1403638574.2278295
Dropping frame 1403638574.4278295
Dropping frame 1403638574.6278296
Dropping frame 1403638574.7278295
Dropping frame 1403638574.8278296
Dropping frame 1403638575.0278294
Dropping frame 1403638575.2278295
Dropping frame 1403638575.4278295
Dropping frame 1403638575.5278294
Dropping frame 1403638575.6278296
Dropping frame 1403638575.8278296
Dropping frame 1403638575.9278295
Dropping frame 1403638576.0278294
Dropping frame 1403638576.2278295
Dropping frame 1403638576.4278295
Dropping frame 1403638576.6278296
Dropping frame 1403638576.7278295
Dropping frame 1403638576.9778295
Dropping frame 1403638577.7278295
Dropping frame 1403638577.8278296
Dropping frame 1403638580.9778295
Dropping frame 1403638581.7278295
Dropping frame 1403638581.8278296
Dropping frame 1403638582.1278296
Dropping frame 1403638582.5778294
Dropping frame 1403638583.0278294
Dropping frame 1403638583.3278296
Dropping frame 1403638583.4278295
Dropping frame 1403638583.5278294
Dropping frame 1403638583.7778294
Dropping frame 1403638584.0278294
Dropping frame 1403638584.2278295
Dropping frame 1403638584.4278295
Dropping frame 1403638584.6278296
Dropping frame 1403638584.7778294
Dropping frame 1403638584.8778293
Dropping frame 1403638585.1278296
Dropping frame 1403638585.2278295
Dropping frame 1403638585.4278295
Dropping frame 1403638585.6278296
Dropping frame 1403638585.7278295
Dropping frame 1403638585.9278295
Dropping frame 1403638586.2278295
Dropping frame 1403638586.9278295
Dropping frame 1403638587.1278296
Dropping frame 1403638587.2778294
Dropping frame 1403638587.6278296
Dropping frame 1403638587.8278296
Dropping frame 1403638588.3778293
Dropping frame 1403638588.6778293
Dropping frame 1403638588.8778293
Dropping frame 1403638589.0278294
Dropping frame 1403638589.2278295
Dropping frame 1403638589.9778295
Dropping frame 1403638590.0778294
Dropping frame 1403638590.2278295
Dropping frame 1403638590.4278295
Dropping frame 1403638590.5278294
Dropping frame 1403638590.6278296
Dropping frame 1403638590.8278296
Dropping frame 1403638590.9278295
Dropping frame 1403638591.1778293
Dropping frame 1403638591.2778294
Dropping frame 1403638591.5278294
Dropping frame 1403638591.6278296
Dropping frame 1403638591.7278295
Dropping frame 1403638591.9278295
Dropping frame 1403638592.1278296
Dropping frame 1403638592.3278296
Dropping frame 1403638592.4278295
Dropping frame 1403638592.5278294
Dropping frame 1403638592.7278295
Dropping frame 1403638592.8278296
Dropping frame 1403638592.9278295
Dropping frame 1403638593.1278296
Dropping frame 1403638593.2278295
Dropping frame 1403638593.3278296
Dropping frame 1403638593.5278294
Dropping frame 1403638593.7278295
Dropping frame 1403638593.9278295
Dropping frame 1403638594.0278294
Dropping frame 1403638594.1278296
Dropping frame 1403638594.3278296
Dropping frame 1403638594.4278295
Dropping frame 1403638594.5278294
Dropping frame 1403638594.7278295
Dropping frame 1403638594.8278296
Dropping frame 1403638595.0778294
Dropping frame 1403638595.2778294
Dropping frame 1403638595.4778295
Dropping frame 1403638595.5778294
Dropping frame 1403638595.6778293
Dropping frame 1403638595.8778293
Dropping frame 1403638596.0778294
Dropping frame 1403638596.1778293
Dropping frame 1403638596.2778294
Dropping frame 1403638596.3778293
Dropping frame 1403638596.5778294
Dropping frame 1403638596.8778293
Dropping frame 1403638597.0778294
Dropping frame 1403638597.1778293
Dropping frame 1403638597.2778294
Dropping frame 1403638597.4778295
Dropping frame 1403638597.5778294
Dropping frame 1403638597.6778293
Dropping frame 1403638597.8778293
Dropping frame 1403638599.3778293
Dropping frame 1403638599.4778295
Dropping frame 1403638599.8778293
Dropping frame 1403638600.0778294
Dropping frame 1403638600.2278295
Dropping frame 1403638600.4278295
Dropping frame 1403638600.5278294
Dropping frame 1403638600.8278296
Dropping frame 1403638601.3278296
Dropping frame 1403638601.6278296
Dropping frame 1403638601.7278295
Dropping frame 1403638601.9778295
Dropping frame 1403638602.0778294
Dropping frame 1403638602.3278296
Dropping frame 1403638602.5278294
Dropping frame 1403638602.7278295
Dropping frame 1403638603.0278294
Dropping frame 1403638603.1278296
Dropping frame 1403638603.3778293
Dropping frame 1403638603.4778295
Dropping frame 1403638603.7278295
Dropping frame 1403638603.9278295
Dropping frame 1403638604.1278296
Dropping frame 1403638604.2278295
Dropping frame 1403638604.6278296
Dropping frame 1403638604.8278296
Dropping frame 1403638604.9778295
Dropping frame 1403638605.4278295
Dropping frame 1403638605.7278295
Dropping frame 1403638605.9278295
Dropping frame 1403638606.2778294
Dropping frame 1403638606.8778293
Dropping frame 1403638607.3278296
Dropping frame 1403638607.5778294
Dropping frame 1403638611.5778294
Dropping frame 1403638612.4778295
Dropping frame 1403638615.0278294
Dropping frame 1403638618.1278296
Dropping frame 1403638621.4778295
Dropping frame 1403638621.6778293
Dropping frame 1403638621.9278295
Dropping frame 1403638622.2278295
Dropping frame 1403638622.4278295
Dropping frame 1403638622.6278296
Dropping frame 1403638622.9278295
Dropping frame 1403638623.1278296
Dropping frame 1403638623.2278295
Dropping frame 1403638623.3778293
Dropping frame 1403638623.5778294
Dropping frame 1403638623.7778294
Dropping frame 1403638623.8778293
Dropping frame 1403638623.9778295
Dropping frame 1403638624.2278295
Dropping frame 1403638626.0278294
Dropping frame 1403638626.2278295
Dropping frame 1403638626.3278296
Dropping frame 1403638626.4278295
Dropping frame 1403638626.6278296
Dropping frame 1403638626.8278296
Dropping frame 1403638627.0278294
Dropping frame 1403638627.1278296
Dropping frame 1403638627.3778293
Dropping frame 1403638627.5278294
Dropping frame 1403638627.7278295
Dropping frame 1403638628.0278294
Dropping frame 1403638628.2278295
Dropping frame 1403638628.4278295
Dropping frame 1403638628.5278294
Dropping frame 1403638628.7778294
Dropping frame 1403638628.9778295
Dropping frame 1403638629.1778293
Dropping frame 1403638629.3278296
Dropping frame 1403638629.5278294
Dropping frame 1403638629.7278295
Dropping frame 1403638629.8278296
Dropping frame 1403638629.9278295
Dropping frame 1403638630.0278294
Dropping frame 1403638630.2278295
Dropping frame 1403638630.3278296
Dropping frame 1403638630.5778294
Dropping frame 1403638630.7278295
Dropping frame 1403638630.9278295
Dropping frame 1403638631.1278296
Dropping frame 1403638631.3778293
Dropping frame 1403638631.6278296
Shutdown
SLAM Finished at System Time: 1742818844.34861

 TIME STATS in ms (mean$\pm$std)
OpenCV version: 4.8.1
---------------------------
Tracking

ORB Extraction: 18.11$\pm$2.4419
Stereo Matching: 7.9631$\pm$1.9608
IMU Preintegration: 0.20891$\pm$0.092983
Pose Prediction: 0.49571$\pm$1.318
LM Track: 16.978$\pm$5.5239
New KF decision: 1.0348$\pm$1.772
Total Tracking: 33.549$\pm$23.406



Local Mapping

KF Insertion: 12.788$\pm$4.5742
MP Culling: 0.44188$\pm$0.17698
MP Creation: 40.922$\pm$14.81
LBA: 145.04$\pm$47.211
KF Culling: 11.237$\pm$8.3689
Total Local Mapping: 210.3$\pm$69.794
---------------------------

LBA complexity (mean$\pm$std)
LBA Edges: 1642$\pm$1019.9
LBA KF optimized: 6.5$\pm$2.2913
LBA KF fixed: 1$\pm$0
LBA MP: nan$\pm$nan

LBA executions: 415
LBA aborts: 0
---------------------------

Map complexity
KFs in map: 162
MPs in map: 13261
---------------------------

Place Recognition (mean$\pm$std)
Database Query: 2.0991$\pm$1.0467
SE3 estimation: 25.903$\pm$15.42
Total Place Recognition: 20.239$\pm$18.542


Loop Closing (mean$\pm$std)
Loop Fusion: nan$\pm$nan
Essential Graph: nan$\pm$nan
Total Loop Closing: nan$\pm$nan

Num exec: 0
Number of KFs: nan$\pm$nan

Map Merging (mean$\pm$std)
Merge Maps: nan$\pm$nan
Welding BA: nan$\pm$nan
Optimization Ess.: nan$\pm$nan
Total Map Merging: nan$\pm$nan

Num exec: 0
Number of KFs: nan$\pm$nan
Number of MPs: nan$\pm$nan

Full GBA (mean$\pm$std)
GBA: nan$\pm$nan
Map Update: nan$\pm$nan
Total Full GBA: nan$\pm$nan

Num exec: 0
Num abort: 0
Number of KFs: nan$\pm$nan
Number of MPs: nan$\pm$nan

Saving trajectory to f_dataset-MH05_stereo_imu.txt ...
There are 1 maps in the atlas
  Map 0 has 162 KFs

End of saving trajectory to f_dataset-MH05_stereo_imu.txt ...

Saving keyframe trajectory to kf_dataset-MH05_stereo_imu.txt ...
