num_seq = 1
file name: dataset-MH01_stereo_imu
Loading images for sequence 0...LOADED!
Loading IMU for sequence 0...LOADED!

-------

ORB-SLAM3 Copyright (C) 2017-2020 Carlos Campos, Richard Elvira, Juan J. Gómez, José M.M. Montiel and Juan D. Tardós, University of Zaragoza.
ORB-SLAM2 Copyright (C) 2014-2016 Raúl Mur-Artal, José M.M. Montiel and Juan D. Tardós, University of Zaragoza.
This program comes with ABSOLUTELY NO WARRANTY;
This is free software, and you are welcome to redistribute it
under certain conditions. See LICENSE.txt.

Built with REGISTER_TIMES
Git Commit Hash: 2d47524

Build Type: Release

Compiled with C++ version: 201703

Input sensor was set to: Stereo-Inertial
Loading settings from EuRoC_fov_deadlines_mask_9x9.yaml
	-Loaded camera 1
	-Loaded camera 2
	-Loaded image info
	-Loaded IMU calibration
	-Loaded ORB settings
	-Loaded viewer settings
	-Loaded Atlas settings
Deadlines enabled, will skip frames!
FOV enabled
Static mask size: 9x9
Dumping map points enabled
	-Loaded misc parameters
	-Computed rectification maps
----------------------------------
SLAM settings: 
	-Camera 1 parameters (Pinhole): [ 458.65399169921875 457.29598999023438 367.21499633789062 248.375 ]
	-Camera 1 distortion parameters: [  -0.28340810537338257 0.073959067463874817 0.00019359000725671649 1.7618711353861727e-05 ]
	-Camera 2 parameters (Pinhole: [ 457.58700561523438 456.13400268554688 379.99899291992188 255.23800659179688 ]
	-Camera 1 distortion parameters: [  -0.2836836576461792 0.074512839317321777 -0.00010473000293131918 -3.555907096597366e-05 ]
	-Original image size: [ 752 , 480 ]
	-Current image size: [ 752 , 480 ]
	-Camera 1 parameters after rectification: [  456.71499633789062 456.71499633789062 364.52615356445312 257.268798828125 ]
	-Sequence FPS: 20
	-Stereo baseline: 0.11007784307003021
	-Stereo depth threshold : 60
	-Gyro noise: 0.00016999999934341758
	-Accelerometer noise: 0.0020000000949949026
	-Gyro walk: 1.9392999092815444e-05
	-Accelerometer walk: 0.0030000000260770321
	-IMU frequency: 200
	-Features per image: 1200
	-ORB scale factor: 1.2000000476837158
	-ORB number of scales: 8
	-Initial FAST threshold: 20
	-Min FAST threshold: 7


Loading ORB Vocabulary. This could take a while...
Vocabulary loaded!

Initialization of Atlas from scratch 
Creation of new map with id: 0
Creation of new map with last KF id: 0
Seq. Name: 
There are 1 cameras in the atlas
Camera 0 is pinhole
SLAM Started at System Time: 1740944562.41808
not IMU meas
not IMU meas
not enough acceleration
not enough acceleration
First KF:0; Map init KF:0
New Map created with 539 points
Active map: 0
Dropping frame 1403636580.0135555
Dropping frame 1403636580.2135556
Dropping frame 1403636580.5135555
Dropping frame 1403636581.4135554
Dropping frame 1403636581.7135556
Dropping frame 1403636581.9635556
Dropping frame 1403636582.1135554
Dropping frame 1403636582.4135554
Dropping frame 1403636582.5135555
Dropping frame 1403636582.8635557
Dropping frame 1403636583.1135554
Dropping frame 1403636583.6135554
Dropping frame 1403636583.7635555
Dropping frame 1403636583.9135554
Dropping frame 1403636584.0135555
Dropping frame 1403636584.2635555
Dropping frame 1403636584.3635557
Dropping frame 1403636584.6135554
Dropping frame 1403636584.7635555
Dropping frame 1403636584.9135554
Dropping frame 1403636585.0635555
Dropping frame 1403636585.1635556
Dropping frame 1403636585.4135554
Dropping frame 1403636585.5135555
start VIBA 1
Dropping frame 1403636585.7135556
Dropping frame 1403636585.8135555
end VIBA 1
Dropping frame 1403636586.0135555
Dropping frame 1403636586.2635555
Dropping frame 1403636586.7135556
Dropping frame 1403636586.8635557
Dropping frame 1403636587.1135554
Dropping frame 1403636587.3635557
Dropping frame 1403636587.4635556
Dropping frame 1403636587.6635556
Dropping frame 1403636588.0635555
Dropping frame 1403636588.1635556
Dropping frame 1403636588.2635555
Dropping frame 1403636588.3635557
Dropping frame 1403636588.5635555
Dropping frame 1403636588.7635555
Dropping frame 1403636588.8635557
Dropping frame 1403636589.2635555
Dropping frame 1403636589.3635557
Dropping frame 1403636589.6135554
Dropping frame 1403636589.8135555
Dropping frame 1403636590.2135556
Dropping frame 1403636590.5635555
Dropping frame 1403636590.9135554
Dropping frame 1403636591.1635556
Dropping frame 1403636591.6635556
Dropping frame 1403636591.9635556
Dropping frame 1403636592.0635555
Dropping frame 1403636592.3135555
Dropping frame 1403636592.5635555
Dropping frame 1403636592.7635555
Dropping frame 1403636592.9635556
Dropping frame 1403636593.1635556
Dropping frame 1403636593.2635555
Dropping frame 1403636593.5135555
Dropping frame 1403636593.6135554
Dropping frame 1403636593.7135556
Dropping frame 1403636594.0635555
Dropping frame 1403636594.2635555
Dropping frame 1403636594.6135554
Dropping frame 1403636594.8135555
start VIBA 2
Dropping frame 1403636595.2135556
end VIBA 2
Dropping frame 1403636595.5135555
Dropping frame 1403636596.0135555
Dropping frame 1403636596.2135556
Dropping frame 1403636596.4635556
Dropping frame 1403636596.5635555
Dropping frame 1403636596.9635556
Dropping frame 1403636597.0635555
Dropping frame 1403636597.1635556
Dropping frame 1403636597.4135554
Dropping frame 1403636597.5135555
Dropping frame 1403636597.8635557
Dropping frame 1403636598.1635556
Dropping frame 1403636598.3635557
Dropping frame 1403636598.7135556
Dropping frame 1403636599.0635555
Dropping frame 1403636599.4135554
Dropping frame 1403636599.5135555
Dropping frame 1403636599.8135555
Dropping frame 1403636600.0635555
Dropping frame 1403636600.3635557
Dropping frame 1403636600.6135554
Dropping frame 1403636600.7135556
Dropping frame 1403636600.9635556
Dropping frame 1403636601.1635556
Dropping frame 1403636601.3635557
Dropping frame 1403636601.6135554
Dropping frame 1403636601.9135554
Dropping frame 1403636602.1635556
Dropping frame 1403636602.3635557
Dropping frame 1403636602.6635556
Dropping frame 1403636602.7635555
Dropping frame 1403636603.0135555
Dropping frame 1403636603.1135554
Dropping frame 1403636603.6135554
Dropping frame 1403636604.0635555
Dropping frame 1403636604.2135556
Dropping frame 1403636604.6135554
Dropping frame 1403636604.9135554
Dropping frame 1403636605.4135554
Dropping frame 1403636606.0635555
Dropping frame 1403636606.2635555
Dropping frame 1403636606.4135554
Dropping frame 1403636606.8135555
Dropping frame 1403636607.4635556
Dropping frame 1403636607.7635555
Dropping frame 1403636610.3135555
Dropping frame 1403636610.6635556
Dropping frame 1403636611.4635556
Dropping frame 1403636611.7135556
Dropping frame 1403636612.4135554
Dropping frame 1403636612.7635555
Dropping frame 1403636613.0635555
Dropping frame 1403636613.1635556
Dropping frame 1403636613.5135555
Dropping frame 1403636613.7135556
Dropping frame 1403636613.9135554
Dropping frame 1403636614.8635557
Dropping frame 1403636615.1135554
Dropping frame 1403636615.6135554
Dropping frame 1403636616.1635556
Dropping frame 1403636616.5135555
Dropping frame 1403636617.1135554
Dropping frame 1403636617.7135556
Dropping frame 1403636618.1635556
Dropping frame 1403636618.4135554
Dropping frame 1403636618.9135554
Dropping frame 1403636619.6635556
Dropping frame 1403636620.0635555
Dropping frame 1403636620.3135555
Dropping frame 1403636621.1135554
Dropping frame 1403636621.9135554
Dropping frame 1403636622.3635557
Dropping frame 1403636622.7635555
Dropping frame 1403636623.0635555
Dropping frame 1403636623.4635556
Dropping frame 1403636623.7635555
Dropping frame 1403636624.3635557
Dropping frame 1403636625.4635556
Dropping frame 1403636625.5635555
Dropping frame 1403636625.9635556
Dropping frame 1403636627.1635556
Dropping frame 1403636627.4635556
Dropping frame 1403636628.5635555
Dropping frame 1403636630.0135555
Dropping frame 1403636630.2135556
Dropping frame 1403636630.7135556
Dropping frame 1403636631.2635555
Dropping frame 1403636631.9135554
Dropping frame 1403636632.1635556
Dropping frame 1403636632.5635555
Dropping frame 1403636632.7135556
Dropping frame 1403636633.4635556
Dropping frame 1403636634.0135555
Dropping frame 1403636634.4135554
Dropping frame 1403636634.6635556
Dropping frame 1403636635.2135556
Dropping frame 1403636635.3635557
Dropping frame 1403636636.2635555
Dropping frame 1403636637.0635555
Dropping frame 1403636637.4635556
Dropping frame 1403636637.6635556
Dropping frame 1403636638.1635556
Dropping frame 1403636638.2635555
Dropping frame 1403636639.0635555
Dropping frame 1403636639.4635556
Dropping frame 1403636641.7635555
Dropping frame 1403636642.0135555
Dropping frame 1403636642.3635557
Dropping frame 1403636642.7135556
Dropping frame 1403636642.8135555
Dropping frame 1403636642.9635556
Dropping frame 1403636643.0635555
Dropping frame 1403636643.3635557
Dropping frame 1403636643.6135554
Dropping frame 1403636643.7635555
Dropping frame 1403636643.8635557
Dropping frame 1403636644.1135554
Dropping frame 1403636644.3635557
Dropping frame 1403636644.5635555
Dropping frame 1403636644.9135554
Dropping frame 1403636645.0135555
Dropping frame 1403636645.3135555
Dropping frame 1403636645.5135555
Dropping frame 1403636645.6135554
Dropping frame 1403636645.7635555
Dropping frame 1403636645.9135554
Dropping frame 1403636646.0135555
Dropping frame 1403636646.1635556
Dropping frame 1403636646.4635556
Dropping frame 1403636646.5635555
Dropping frame 1403636646.7635555
Dropping frame 1403636647.0135555
Dropping frame 1403636647.3135555
Dropping frame 1403636647.5635555
Dropping frame 1403636647.9135554
Dropping frame 1403636648.2635555
Dropping frame 1403636648.5135555
Dropping frame 1403636648.8135555
Dropping frame 1403636648.9635556
Dropping frame 1403636649.0635555
Dropping frame 1403636649.3135555
Dropping frame 1403636649.4135554
Dropping frame 1403636649.5635555
Dropping frame 1403636649.7135556
Dropping frame 1403636649.8135555
Dropping frame 1403636649.9635556
Dropping frame 1403636650.0635555
Dropping frame 1403636650.1635556
Dropping frame 1403636650.2635555
Dropping frame 1403636650.5635555
Dropping frame 1403636650.8135555
Dropping frame 1403636650.9135554
Dropping frame 1403636651.0135555
Dropping frame 1403636651.1135554
Dropping frame 1403636651.2135556
Dropping frame 1403636651.3635557
Dropping frame 1403636651.5635555
Dropping frame 1403636651.6635556
Dropping frame 1403636651.8635557
Dropping frame 1403636651.9635556
Dropping frame 1403636652.0635555
Dropping frame 1403636652.1635556
Dropping frame 1403636652.3135555
Dropping frame 1403636652.4135554
Dropping frame 1403636652.6135554
Dropping frame 1403636652.7635555
Dropping frame 1403636652.8635557
Dropping frame 1403636653.1135554
Dropping frame 1403636653.2135556
Dropping frame 1403636653.3135555
Dropping frame 1403636653.4635556
Dropping frame 1403636653.6135554
Dropping frame 1403636653.7635555
Dropping frame 1403636653.8635557
Dropping frame 1403636654.0635555
Dropping frame 1403636654.1635556
Dropping frame 1403636654.2635555
Dropping frame 1403636654.3635557
Dropping frame 1403636654.7135556
Dropping frame 1403636654.8135555
Dropping frame 1403636654.9135554
Dropping frame 1403636655.2135556
Dropping frame 1403636655.3135555
Dropping frame 1403636655.4135554
Dropping frame 1403636655.7135556
Dropping frame 1403636655.9635556
Dropping frame 1403636656.2135556
Dropping frame 1403636656.3635557
Dropping frame 1403636656.6635556
Dropping frame 1403636656.9635556
Dropping frame 1403636657.2135556
Dropping frame 1403636657.4135554
Dropping frame 1403636657.5135555
Dropping frame 1403636657.6135554
Dropping frame 1403636657.8135555
Dropping frame 1403636658.1635556
Dropping frame 1403636658.2635555
Dropping frame 1403636658.5635555
Dropping frame 1403636658.6635556
Dropping frame 1403636658.7635555
Dropping frame 1403636658.8635557
Dropping frame 1403636659.0135555
Dropping frame 1403636659.1135554
Dropping frame 1403636659.3135555
Dropping frame 1403636659.4135554
Dropping frame 1403636659.5135555
Dropping frame 1403636659.7135556
Dropping frame 1403636659.8635557
Dropping frame 1403636660.5135555
Dropping frame 1403636660.6135554
Dropping frame 1403636660.7135556
Dropping frame 1403636660.8635557
Dropping frame 1403636661.2135556
Dropping frame 1403636661.6135554
Dropping frame 1403636661.9635556
Dropping frame 1403636662.1635556
Dropping frame 1403636662.4635556
Dropping frame 1403636662.5635555
Dropping frame 1403636662.7635555
Dropping frame 1403636663.0635555
Dropping frame 1403636663.2635555
Dropping frame 1403636663.4635556
Dropping frame 1403636663.6135554
Dropping frame 1403636663.7635555
Dropping frame 1403636664.1635556
Dropping frame 1403636664.3635557
Dropping frame 1403636664.4635556
Dropping frame 1403636664.7135556
Dropping frame 1403636664.9635556
Dropping frame 1403636665.0635555
Dropping frame 1403636665.2635555
Dropping frame 1403636665.6135554
Dropping frame 1403636665.7135556
Dropping frame 1403636665.8635557
Dropping frame 1403636665.9635556
Dropping frame 1403636666.2135556
Dropping frame 1403636666.3635557
Dropping frame 1403636666.4635556
Dropping frame 1403636666.5635555
Dropping frame 1403636666.8135555
Dropping frame 1403636667.0135555
Dropping frame 1403636667.1135554
Dropping frame 1403636667.3135555
Dropping frame 1403636667.5135555
Dropping frame 1403636667.6135554
Dropping frame 1403636667.7135556
Dropping frame 1403636667.8135555
Dropping frame 1403636667.9135554
Dropping frame 1403636668.1135554
Dropping frame 1403636668.2135556
Dropping frame 1403636668.5135555
Dropping frame 1403636668.6135554
Dropping frame 1403636668.8135555
Dropping frame 1403636669.0135555
Dropping frame 1403636669.1135554
Dropping frame 1403636669.2635555
Dropping frame 1403636669.4635556
Dropping frame 1403636669.5635555
Dropping frame 1403636669.6635556
Dropping frame 1403636669.7635555
Dropping frame 1403636669.9635556
Dropping frame 1403636670.0635555
Dropping frame 1403636670.3135555
Dropping frame 1403636670.4135554
Dropping frame 1403636670.5135555
Dropping frame 1403636670.8635557
Dropping frame 1403636671.0635555
Dropping frame 1403636671.2135556
Dropping frame 1403636671.3135555
Dropping frame 1403636671.5635555
Dropping frame 1403636671.6635556
Dropping frame 1403636671.7635555
Dropping frame 1403636671.9635556
Dropping frame 1403636672.1635556
Dropping frame 1403636672.2635555
Dropping frame 1403636672.4635556
Dropping frame 1403636672.5635555
Dropping frame 1403636672.7635555
Dropping frame 1403636672.9635556
Dropping frame 1403636673.0635555
Dropping frame 1403636673.2635555
Dropping frame 1403636673.4635556
Dropping frame 1403636673.7135556
Dropping frame 1403636673.9135554
Dropping frame 1403636674.0135555
Dropping frame 1403636674.3135555
Dropping frame 1403636674.4135554
Dropping frame 1403636674.6635556
Dropping frame 1403636674.7635555
Dropping frame 1403636674.8635557
Dropping frame 1403636675.1635556
Dropping frame 1403636675.2635555
Dropping frame 1403636675.3635557
Dropping frame 1403636675.6135554
Dropping frame 1403636676.0635555
Dropping frame 1403636676.1635556
Dropping frame 1403636676.2635555
Dropping frame 1403636676.6135554
Dropping frame 1403636676.7135556
Dropping frame 1403636677.0135555
Dropping frame 1403636677.1635556
Dropping frame 1403636677.2635555
Dropping frame 1403636677.3635557
Dropping frame 1403636677.5635555
Dropping frame 1403636677.6635556
Dropping frame 1403636677.8635557
Dropping frame 1403636678.0635555
Dropping frame 1403636678.1635556
Dropping frame 1403636678.2635555
Dropping frame 1403636678.3635557
Dropping frame 1403636678.5635555
Dropping frame 1403636678.7635555
Dropping frame 1403636678.8635557
Dropping frame 1403636679.0635555
Dropping frame 1403636679.1635556
Dropping frame 1403636679.3635557
Dropping frame 1403636679.5635555
Dropping frame 1403636679.6635556
Dropping frame 1403636680.0135555
Dropping frame 1403636680.2135556
Dropping frame 1403636680.4135554
Dropping frame 1403636680.6135554
Dropping frame 1403636680.8635557
Dropping frame 1403636681.0635555
Dropping frame 1403636681.2635555
Dropping frame 1403636681.4635556
Dropping frame 1403636681.6635556
Dropping frame 1403636681.8635557
Dropping frame 1403636682.0635555
Dropping frame 1403636682.1635556
Dropping frame 1403636682.3635557
Dropping frame 1403636682.4635556
Dropping frame 1403636682.5635555
Dropping frame 1403636682.7635555
Dropping frame 1403636682.9635556
Dropping frame 1403636683.0635555
Dropping frame 1403636683.1635556
Dropping frame 1403636683.3635557
Dropping frame 1403636683.5635555
Dropping frame 1403636683.7635555
Dropping frame 1403636683.9635556
Dropping frame 1403636684.0635555
Dropping frame 1403636684.4135554
Dropping frame 1403636684.5135555
Dropping frame 1403636684.8135555
Dropping frame 1403636685.0135555
Dropping frame 1403636685.2135556
Dropping frame 1403636685.5635555
Dropping frame 1403636685.7635555
Dropping frame 1403636685.9635556
Dropping frame 1403636686.2135556
Dropping frame 1403636686.4635556
Dropping frame 1403636686.5635555
Dropping frame 1403636686.7635555
Dropping frame 1403636686.9635556
Dropping frame 1403636687.0635555
Dropping frame 1403636687.3135555
Dropping frame 1403636687.5135555
Dropping frame 1403636687.7135556
Dropping frame 1403636687.9135554
Dropping frame 1403636688.0135555
Dropping frame 1403636688.2635555
Dropping frame 1403636688.4635556
Dropping frame 1403636688.6635556
Dropping frame 1403636688.8635557
Dropping frame 1403636689.0135555
Dropping frame 1403636689.1135554
Dropping frame 1403636689.2135556
Dropping frame 1403636689.4135554
Dropping frame 1403636689.6135554
Dropping frame 1403636689.8135555
Dropping frame 1403636689.9135554
Dropping frame 1403636690.2635555
Dropping frame 1403636690.6135554
Dropping frame 1403636690.9635556
Dropping frame 1403636691.2635555
Dropping frame 1403636691.3635557
Dropping frame 1403636691.6635556
Dropping frame 1403636692.0635555
Dropping frame 1403636692.1635556
Dropping frame 1403636692.5135555
Dropping frame 1403636692.7635555
Dropping frame 1403636693.2135556
Dropping frame 1403636693.4135554
Dropping frame 1403636694.0135555
Dropping frame 1403636694.1135554
Dropping frame 1403636694.6135554
Dropping frame 1403636694.8135555
Dropping frame 1403636695.2135556
Dropping frame 1403636695.4135554
Dropping frame 1403636695.8635557
Dropping frame 1403636696.3135555
Dropping frame 1403636696.4135554
Dropping frame 1403636696.7635555
Dropping frame 1403636696.8635557
Dropping frame 1403636697.0635555
Dropping frame 1403636697.4635556
Dropping frame 1403636698.0135555
Dropping frame 1403636698.1135554
Dropping frame 1403636698.3135555
Dropping frame 1403636698.5635555
Dropping frame 1403636698.9135554
Dropping frame 1403636699.2135556
Dropping frame 1403636699.5635555
Dropping frame 1403636699.7135556
Dropping frame 1403636699.9135554
Dropping frame 1403636700.0135555
Dropping frame 1403636700.1635556
Dropping frame 1403636700.5635555
Dropping frame 1403636700.8635557
Dropping frame 1403636701.2635555
Dropping frame 1403636701.8135555
Dropping frame 1403636702.0635555
Dropping frame 1403636702.3135555
Dropping frame 1403636702.4135554
Dropping frame 1403636702.5635555
Dropping frame 1403636702.9135554
Dropping frame 1403636703.9635556
Dropping frame 1403636705.1635556
Dropping frame 1403636705.4635556
Dropping frame 1403636705.7635555
Dropping frame 1403636705.9635556
Dropping frame 1403636706.1635556
Dropping frame 1403636706.3635557
Dropping frame 1403636706.5135555
Dropping frame 1403636706.7635555
Dropping frame 1403636706.8635557
Dropping frame 1403636706.9635556
Dropping frame 1403636707.1635556
Dropping frame 1403636707.3635557
Dropping frame 1403636707.4635556
Dropping frame 1403636707.7635555
Dropping frame 1403636708.1635556
Dropping frame 1403636708.6635556
Dropping frame 1403636708.7635555
Dropping frame 1403636709.1635556
Dropping frame 1403636709.4135554
Dropping frame 1403636709.6135554
Dropping frame 1403636709.8135555
Dropping frame 1403636709.9135554
Dropping frame 1403636710.0135555
Dropping frame 1403636710.2135556
Dropping frame 1403636710.3135555
Dropping frame 1403636710.5635555
Dropping frame 1403636710.7635555
Dropping frame 1403636710.8635557
Dropping frame 1403636711.0635555
Dropping frame 1403636711.2135556
Dropping frame 1403636711.4135554
Dropping frame 1403636711.6135554
Dropping frame 1403636711.8135555
Dropping frame 1403636712.0135555
Dropping frame 1403636712.3135555
Dropping frame 1403636712.5135555
Dropping frame 1403636712.6635556
Dropping frame 1403636712.7635555
Dropping frame 1403636712.9635556
Dropping frame 1403636713.1635556
Dropping frame 1403636713.3635557
Dropping frame 1403636713.4635556
Dropping frame 1403636713.5635555
Dropping frame 1403636713.6635556
Dropping frame 1403636713.7635555
Dropping frame 1403636714.0135555
Dropping frame 1403636714.1135554
Dropping frame 1403636714.3635557
Dropping frame 1403636714.4635556
Dropping frame 1403636714.6635556
Dropping frame 1403636714.8635557
Dropping frame 1403636714.9635556
Dropping frame 1403636715.0635555
Dropping frame 1403636715.1635556
Dropping frame 1403636715.3635557
Dropping frame 1403636715.5635555
Dropping frame 1403636715.7635555
Dropping frame 1403636715.8635557
Dropping frame 1403636715.9635556
Dropping frame 1403636716.1635556
Dropping frame 1403636716.2635555
Dropping frame 1403636716.5135555
Dropping frame 1403636716.7135556
Dropping frame 1403636716.8135555
Dropping frame 1403636716.9135554
Dropping frame 1403636717.1135554
Dropping frame 1403636717.3135555
Dropping frame 1403636717.4135554
Dropping frame 1403636717.5135555
Dropping frame 1403636717.7135556
Dropping frame 1403636717.8135555
Dropping frame 1403636717.9135554
Dropping frame 1403636718.1135554
Dropping frame 1403636718.3135555
Dropping frame 1403636718.4135554
Dropping frame 1403636718.5135555
Dropping frame 1403636718.7135556
Dropping frame 1403636718.8135555
Dropping frame 1403636718.9135554
Dropping frame 1403636719.1135554
Dropping frame 1403636719.2135556
Dropping frame 1403636719.3135555
Dropping frame 1403636719.4135554
Dropping frame 1403636719.6135554
Dropping frame 1403636719.7135556
Dropping frame 1403636719.8135555
Dropping frame 1403636720.0135555
Dropping frame 1403636720.2135556
Dropping frame 1403636720.3135555
Dropping frame 1403636720.4135554
Dropping frame 1403636720.5135555
Dropping frame 1403636720.7635555
Dropping frame 1403636720.9635556
Dropping frame 1403636721.0635555
Dropping frame 1403636721.1635556
Dropping frame 1403636721.2635555
Dropping frame 1403636721.4635556
Dropping frame 1403636721.6635556
Dropping frame 1403636721.8635557
Dropping frame 1403636721.9635556
Dropping frame 1403636722.0635555
Dropping frame 1403636722.2135556
Dropping frame 1403636722.4135554
Dropping frame 1403636722.6135554
Dropping frame 1403636722.8135555
Dropping frame 1403636722.9135554
Dropping frame 1403636723.0135555
Dropping frame 1403636723.1135554
Dropping frame 1403636723.3135555
Dropping frame 1403636723.4135554
Dropping frame 1403636723.5135555
Dropping frame 1403636723.6135554
Dropping frame 1403636723.7135556
Dropping frame 1403636723.8635557
Dropping frame 1403636723.9635556
Dropping frame 1403636724.1635556
Dropping frame 1403636724.3635557
Dropping frame 1403636724.5635555
Dropping frame 1403636724.6635556
Dropping frame 1403636724.7635555
Dropping frame 1403636724.8635557
Dropping frame 1403636724.9635556
Dropping frame 1403636725.2135556
Dropping frame 1403636725.4135554
Dropping frame 1403636725.5135555
Dropping frame 1403636725.6135554
Dropping frame 1403636725.7635555
Dropping frame 1403636725.9635556
Dropping frame 1403636726.0635555
Dropping frame 1403636726.2635555
Dropping frame 1403636726.4635556
Dropping frame 1403636726.6635556
Dropping frame 1403636726.7635555
Dropping frame 1403636726.8635557
Dropping frame 1403636727.0635555
Dropping frame 1403636727.2635555
Dropping frame 1403636727.4135554
Dropping frame 1403636727.7135556
Dropping frame 1403636727.9135554
Dropping frame 1403636728.1135554
Dropping frame 1403636728.3135555
Dropping frame 1403636728.5135555
Dropping frame 1403636728.6135554
Dropping frame 1403636728.7135556
Dropping frame 1403636728.9135554
Dropping frame 1403636729.0135555
Dropping frame 1403636729.1135554
Dropping frame 1403636729.3135555
Dropping frame 1403636729.5135555
Dropping frame 1403636729.6135554
Dropping frame 1403636729.7135556
Dropping frame 1403636729.9135554
Dropping frame 1403636730.1135554
Dropping frame 1403636730.2135556
Dropping frame 1403636730.4635556
Dropping frame 1403636730.5635555
Dropping frame 1403636730.6635556
Dropping frame 1403636730.8635557
Dropping frame 1403636731.0635555
Dropping frame 1403636731.3635557
Dropping frame 1403636731.5635555
Dropping frame 1403636731.7135556
Dropping frame 1403636731.9135554
Dropping frame 1403636732.0135555
Dropping frame 1403636732.2635555
Dropping frame 1403636732.3635557
Dropping frame 1403636732.4635556
Dropping frame 1403636732.6635556
Dropping frame 1403636732.7635555
Dropping frame 1403636732.8635557
Dropping frame 1403636732.9635556
Dropping frame 1403636733.1635556
Dropping frame 1403636733.3135555
Dropping frame 1403636733.5135555
Dropping frame 1403636733.6135554
Dropping frame 1403636733.8635557
Dropping frame 1403636733.9635556
Dropping frame 1403636734.0635555
Dropping frame 1403636734.2635555
Dropping frame 1403636734.3635557
Dropping frame 1403636734.6135554
Dropping frame 1403636734.7135556
Dropping frame 1403636734.9635556
Dropping frame 1403636735.1135554
Dropping frame 1403636735.3135555
Dropping frame 1403636735.5135555
Dropping frame 1403636735.6135554
Dropping frame 1403636735.7135556
Dropping frame 1403636735.9135554
Dropping frame 1403636736.1135554
Dropping frame 1403636736.3135555
Dropping frame 1403636736.4135554
Dropping frame 1403636736.5135555
Dropping frame 1403636736.7135556
Dropping frame 1403636736.8135555
Dropping frame 1403636737.0635555
Dropping frame 1403636737.2635555
Dropping frame 1403636737.4635556
Dropping frame 1403636737.5635555
Dropping frame 1403636737.8135555
Dropping frame 1403636737.9135554
Dropping frame 1403636738.0135555
Dropping frame 1403636738.2135556
Dropping frame 1403636738.3135555
Dropping frame 1403636738.5635555
Dropping frame 1403636738.6635556
Dropping frame 1403636738.7635555
Dropping frame 1403636738.9635556
Dropping frame 1403636739.1635556
Dropping frame 1403636739.2635555
Dropping frame 1403636739.3635557
Dropping frame 1403636739.4635556
Dropping frame 1403636739.7635555
Dropping frame 1403636739.9635556
Dropping frame 1403636740.0635555
Dropping frame 1403636740.1635556
Dropping frame 1403636740.2635555
Dropping frame 1403636740.5135555
Dropping frame 1403636740.6135554
Dropping frame 1403636740.7135556
Dropping frame 1403636740.9135554
Dropping frame 1403636741.0135555
Dropping frame 1403636741.2635555
Dropping frame 1403636741.4135554
Dropping frame 1403636741.5135555
Dropping frame 1403636741.6135554
Dropping frame 1403636741.7135556
Dropping frame 1403636741.9135554
Dropping frame 1403636742.0135555
Dropping frame 1403636742.1135554
Dropping frame 1403636742.3135555
Dropping frame 1403636742.4135554
Dropping frame 1403636742.5135555
Dropping frame 1403636742.7135556
Dropping frame 1403636742.8135555
Dropping frame 1403636742.9635556
Dropping frame 1403636743.2135556
Dropping frame 1403636743.3135555
Dropping frame 1403636743.5635555
Dropping frame 1403636743.7635555
Dropping frame 1403636743.8635557
Dropping frame 1403636743.9635556
Dropping frame 1403636744.1635556
Dropping frame 1403636744.3135555
Dropping frame 1403636744.5135555
Dropping frame 1403636744.7135556
Dropping frame 1403636744.8135555
Dropping frame 1403636745.1135554
Dropping frame 1403636745.2135556
Dropping frame 1403636745.4635556
Dropping frame 1403636745.5635555
Dropping frame 1403636745.6635556
Dropping frame 1403636745.8635557
Dropping frame 1403636746.0135555
Dropping frame 1403636746.2135556
Dropping frame 1403636746.4135554
Dropping frame 1403636746.5135555
Dropping frame 1403636746.6135554
Dropping frame 1403636746.7135556
Dropping frame 1403636746.9135554
Dropping frame 1403636747.0135555
Dropping frame 1403636747.1135554
Dropping frame 1403636747.3135555
Dropping frame 1403636747.4135554
Dropping frame 1403636747.9135554
Dropping frame 1403636748.0135555
Dropping frame 1403636748.7635555
Dropping frame 1403636748.8635557
Dropping frame 1403636748.9635556
Dropping frame 1403636749.1635556
Dropping frame 1403636749.2635555
Dropping frame 1403636749.3635557
Dropping frame 1403636749.5635555
Dropping frame 1403636749.7635555
Dropping frame 1403636749.8635557
Dropping frame 1403636750.0635555
Dropping frame 1403636750.1635556
Dropping frame 1403636750.3635557
Dropping frame 1403636750.6635556
Dropping frame 1403636750.8635557
Dropping frame 1403636750.9635556
Dropping frame 1403636751.1135554
Dropping frame 1403636751.4635556
Dropping frame 1403636751.8135555
Dropping frame 1403636752.0135555
Dropping frame 1403636752.1635556
Dropping frame 1403636752.2635555
Dropping frame 1403636752.5135555
Dropping frame 1403636752.6135554
Dropping frame 1403636752.7635555
Dropping frame 1403636753.2635555
Dropping frame 1403636753.3635557
Dropping frame 1403636753.4635556
Dropping frame 1403636753.5635555
Dropping frame 1403636753.6635556
Dropping frame 1403636753.7635555
Dropping frame 1403636753.9635556
Dropping frame 1403636754.0635555
Dropping frame 1403636754.2135556
Dropping frame 1403636754.4135554
Dropping frame 1403636754.5135555
Dropping frame 1403636754.6135554
Dropping frame 1403636754.7135556
Dropping frame 1403636754.8135555
Dropping frame 1403636755.1635556
Dropping frame 1403636755.2635555
Dropping frame 1403636755.3635557
Dropping frame 1403636755.5635555
Dropping frame 1403636755.6635556
Dropping frame 1403636755.7635555
Dropping frame 1403636755.8635557
Dropping frame 1403636755.9635556
Dropping frame 1403636756.0635555
Dropping frame 1403636756.1635556
Dropping frame 1403636756.2635555
Dropping frame 1403636756.3635557
Dropping frame 1403636756.4635556
Dropping frame 1403636756.7135556
Dropping frame 1403636756.9135554
Dropping frame 1403636757.0135555
Dropping frame 1403636757.1635556
Dropping frame 1403636757.2635555
Dropping frame 1403636757.4135554
Dropping frame 1403636757.5135555
Dropping frame 1403636757.7635555
Dropping frame 1403636757.8635557
Dropping frame 1403636757.9635556
Dropping frame 1403636758.1635556
Dropping frame 1403636758.2635555
Dropping frame 1403636758.3635557
Dropping frame 1403636758.4635556
Dropping frame 1403636758.5635555
Dropping frame 1403636758.6635556
Dropping frame 1403636758.7635555
Dropping frame 1403636758.9635556
Dropping frame 1403636759.0635555
Dropping frame 1403636759.1635556
Dropping frame 1403636759.3635557
Dropping frame 1403636759.4635556
Dropping frame 1403636759.5635555
Dropping frame 1403636759.6635556
Dropping frame 1403636759.7635555
Dropping frame 1403636759.8635557
Dropping frame 1403636759.9635556
Dropping frame 1403636760.2135556
Dropping frame 1403636760.3135555
Dropping frame 1403636760.4135554
Dropping frame 1403636760.5135555
Dropping frame 1403636760.6135554
Dropping frame 1403636760.7135556
Dropping frame 1403636760.8635557
Dropping frame 1403636761.2135556
Dropping frame 1403636761.3135555
Dropping frame 1403636761.4135554
Dropping frame 1403636761.5135555
Dropping frame 1403636761.6135554
Dropping frame 1403636762.0135555
Dropping frame 1403636762.1135554
Dropping frame 1403636762.2135556
Dropping frame 1403636762.4135554
Dropping frame 1403636762.5135555
Dropping frame 1403636762.6135554
Dropping frame 1403636762.7635555
Dropping frame 1403636762.9135554
Dropping frame 1403636763.1135554
Dropping frame 1403636763.2135556
Dropping frame 1403636763.3135555
Dropping frame 1403636763.4135554
Dropping frame 1403636763.5135555
Dropping frame 1403636763.6135554
Dropping frame 1403636763.7135556
Dropping frame 1403636763.8135555
Shutdown
SLAM Finished at System Time: 1740944788.41926

 TIME STATS in ms (mean$\pm$std)
OpenCV version: 4.8.1
---------------------------
Tracking

ORB Extraction: 19.226$\pm$1.8092
Stereo Matching: 7.1845$\pm$1.9495
IMU Preintegration: 0.27794$\pm$0.12371
Pose Prediction: 0.21133$\pm$0.58694
LM Track: 20.545$\pm$6.2904
New KF decision: 1.0914$\pm$2.0847
Total Tracking: 33.412$\pm$26.926



Local Mapping

KF Insertion: 18.859$\pm$7.8263
MP Culling: 0.51909$\pm$0.21208
MP Creation: 51.768$\pm$17.421
LBA: 165.79$\pm$57.966
KF Culling: 18.914$\pm$12.413
Total Local Mapping: 256.09$\pm$85.747
---------------------------

LBA complexity (mean$\pm$std)
LBA Edges: 1886$\pm$757.55
LBA KF optimized: 6.5$\pm$2.2913
LBA KF fixed: 1$\pm$0
LBA MP: nan$\pm$nan

LBA executions: 529
LBA aborts: 0
---------------------------

Map complexity
KFs in map: 136
MPs in map: 10346
---------------------------

Place Recognition (mean$\pm$std)
Database Query: 1.5624$\pm$0.9317
SE3 estimation: 13.662$\pm$16.97
Total Place Recognition: 13.95$\pm$17.348


Loop Closing (mean$\pm$std)
Loop Fusion: nan$\pm$nan
Essential Graph: nan$\pm$nan
Total Loop Closing: nan$\pm$nan

Num exec: 0
Number of KFs: nan$\pm$nan

Map Merging (mean$\pm$std)
Merge Maps: nan$\pm$nan
Welding BA: nan$\pm$nan
Optimization Ess.: nan$\pm$nan
Total Map Merging: nan$\pm$nan

Num exec: 0
Number of KFs: nan$\pm$nan
Number of MPs: nan$\pm$nan

Full GBA (mean$\pm$std)
GBA: nan$\pm$nan
Map Update: nan$\pm$nan
Total Full GBA: nan$\pm$nan

Num exec: 0
Num abort: 0
Number of KFs: nan$\pm$nan
Number of MPs: nan$\pm$nan

Saving trajectory to f_dataset-MH01_stereo_imu.txt ...
There are 1 maps in the atlas
  Map 0 has 136 KFs

End of saving trajectory to f_dataset-MH01_stereo_imu.txt ...

Saving keyframe trajectory to kf_dataset-MH01_stereo_imu.txt ...
