num_seq = 1
file name: dataset-MH03_stereo_imu
Loading images for sequence 0...LOADED!
Loading IMU for sequence 0...LOADED!

-------

ORB-SLAM3 Copyright (C) 2017-2020 Carlos Campos, Richard Elvira, Juan J. Gómez, José M.M. Montiel and Juan D. Tardós, University of Zaragoza.
ORB-SLAM2 Copyright (C) 2014-2016 Raúl Mur-Artal, José M.M. Montiel and Juan D. Tardós, University of Zaragoza.
This program comes with ABSOLUTELY NO WARRANTY;
This is free software, and you are welcome to redistribute it
under certain conditions. See LICENSE.txt.

Built with REGISTER_TIMES
Git Commit Hash: 2d47524

Build Type: Release

Compiled with C++ version: 201703

Input sensor was set to: Stereo-Inertial
Loading settings from EuRoC_fov_deadlines_mask_19x19.yaml
	-Loaded camera 1
	-Loaded camera 2
	-Loaded image info
	-Loaded IMU calibration
	-Loaded ORB settings
	-Loaded viewer settings
	-Loaded Atlas settings
Deadlines enabled, will skip frames!
FOV enabled
Static mask size: 19x19
Dumping map points enabled
	-Loaded misc parameters
	-Computed rectification maps
----------------------------------
SLAM settings: 
	-Camera 1 parameters (Pinhole): [ 458.65399169921875 457.29598999023438 367.21499633789062 248.375 ]
	-Camera 1 distortion parameters: [  -0.28340810537338257 0.073959067463874817 0.00019359000725671649 1.7618711353861727e-05 ]
	-Camera 2 parameters (Pinhole: [ 457.58700561523438 456.13400268554688 379.99899291992188 255.23800659179688 ]
	-Camera 1 distortion parameters: [  -0.2836836576461792 0.074512839317321777 -0.00010473000293131918 -3.555907096597366e-05 ]
	-Original image size: [ 752 , 480 ]
	-Current image size: [ 752 , 480 ]
	-Camera 1 parameters after rectification: [  456.71499633789062 456.71499633789062 364.52615356445312 257.268798828125 ]
	-Sequence FPS: 20
	-Stereo baseline: 0.11007784307003021
	-Stereo depth threshold : 60
	-Gyro noise: 0.00016999999934341758
	-Accelerometer noise: 0.0020000000949949026
	-Gyro walk: 1.9392999092815444e-05
	-Accelerometer walk: 0.0030000000260770321
	-IMU frequency: 200
	-Features per image: 1200
	-ORB scale factor: 1.2000000476837158
	-ORB number of scales: 8
	-Initial FAST threshold: 20
	-Min FAST threshold: 7


Loading ORB Vocabulary. This could take a while...
Vocabulary loaded!

Initialization of Atlas from scratch 
Creation of new map with id: 0
Creation of new map with last KF id: 0
Seq. Name: 
There are 1 cameras in the atlas
Camera 0 is pinhole
SLAM Started at System Time: 1742753382.60676
not IMU meas
not IMU meas
not enough acceleration
not enough acceleration
First KF:0; Map init KF:0
New Map created with 243 points
Active map: 0
Dropping frame 1403637130.8383191
Not enough motion for initializing. Reseting...
LM: Reseting current map in Local Mapping...
LM: End reseting Local Mapping...
LM: Reset free the mutex
Dropping frame 1403637133.4883189
Dropping frame 1403637133.7883189
Dropping frame 1403637134.2383192
Dropping frame 1403637134.4883189
Dropping frame 1403637134.7883189
Dropping frame 1403637134.888319
Dropping frame 1403637134.9883189
Dropping frame 1403637135.0883191
Dropping frame 1403637135.2883189
Dropping frame 1403637135.388319
Dropping frame 1403637135.4883189
Dropping frame 1403637135.5883191
Dropping frame 1403637135.688319
Dropping frame 1403637135.888319
Dropping frame 1403637136.0883191
Dropping frame 1403637136.2883189
Dropping frame 1403637136.5383191
Dropping frame 1403637136.7883189
Dropping frame 1403637137.138319
Dropping frame 1403637137.3383191
Dropping frame 1403637137.5383191
Dropping frame 1403637137.638319
Dropping frame 1403637137.7383192
Dropping frame 1403637137.9383192
Dropping frame 1403637138.0383191
Dropping frame 1403637138.138319
Dropping frame 1403637138.3383191
Dropping frame 1403637138.4383192
Dropping frame 1403637138.688319
Dropping frame 1403637138.8383191
start VIBA 1
Dropping frame 1403637139.388319
end VIBA 1
Dropping frame 1403637139.5383191
Dropping frame 1403637139.638319
Dropping frame 1403637139.7383192
Dropping frame 1403637139.9883189
Dropping frame 1403637140.0883191
Not enough motion for initializing. Reseting...
TRACK: Reset map because local mapper set the bad imu flag 
LM: Reseting current map in Local Mapping...
LM: End reseting Local Mapping...
LM: Reset free the mutex
LM: Active map reset recieved
LM: Active map reset, waiting...
LM: Reseting current map in Local Mapping...
LM: End reseting Local Mapping...
LM: Reset free the mutex
LM: Active map reset, Done!!!
mnFirstFrameId = 4
mnInitialFrameId = 0
154 Frames set to lost
not IMU meas
Dropping frame 1403637140.388319
First KF:41; Map init KF:0
New Map created with 275 points
Active map: 0
Dropping frame 1403637140.4883189
Dropping frame 1403637140.688319
Dropping frame 1403637140.888319
Dropping frame 1403637141.138319
Dropping frame 1403637141.688319
Dropping frame 1403637141.7883189
Dropping frame 1403637142.0383191
Dropping frame 1403637142.2383192
Dropping frame 1403637142.3383191
Dropping frame 1403637142.4383192
Dropping frame 1403637142.5383191
Dropping frame 1403637142.7383192
Dropping frame 1403637142.8383191
Dropping frame 1403637143.0383191
Dropping frame 1403637143.138319
Dropping frame 1403637143.2383192
Dropping frame 1403637143.3383191
Not enough motion for initializing. Reseting...
TRACK: Reset map because local mapper set the bad imu flag 
LM: Reseting current map in Local Mapping...
LM: End reseting Local Mapping...
LM: Reset free the mutex
LM: Active map reset recieved
LM: Active map reset, waiting...
LM: Reseting current map in Local Mapping...
LM: End reseting Local Mapping...
LM: Reset free the mutex
LM: Active map reset, Done!!!
mnFirstFrameId = 160
mnInitialFrameId = 158
197 Frames set to lost
not IMU meas
not enough acceleration
not enough acceleration
not enough acceleration
not enough acceleration
not enough acceleration
not enough acceleration
not enough acceleration
not enough acceleration
not enough acceleration
not enough acceleration
Dropping frame 1403637144.0383191
not enough acceleration
not enough acceleration
not enough acceleration
Dropping frame 1403637144.2383192
not enough acceleration
First KF:52; Map init KF:41
New Map created with 271 points
Active map: 0
Dropping frame 1403637144.4383192
Dropping frame 1403637144.5383191
Dropping frame 1403637144.688319
Dropping frame 1403637144.888319
Dropping frame 1403637145.0883191
Dropping frame 1403637145.2383192
Dropping frame 1403637145.688319
Dropping frame 1403637147.138319
Not enough motion for initializing. Reseting...
TRACK: Reset map because local mapper set the bad imu flag 
LM: Reseting current map in Local Mapping...
LM: End reseting Local Mapping...
LM: Reset free the mutex
LM: Active map reset recieved
LM: Active map reset, waiting...
LM: Reseting current map in Local Mapping...
LM: End reseting Local Mapping...
LM: Reset free the mutex
LM: Active map reset, Done!!!
mnFirstFrameId = 219
mnInitialFrameId = 203
247 Frames set to lost
not IMU meas
not enough acceleration
not enough acceleration
not enough acceleration
not enough acceleration
not enough acceleration
not enough acceleration
Dropping frame 1403637147.638319
not enough acceleration
not enough acceleration
not enough acceleration
not enough acceleration
not enough acceleration
not enough acceleration
not enough acceleration
not enough acceleration
not enough acceleration
not enough acceleration
not enough acceleration
not enough acceleration
not enough acceleration
not enough acceleration
Dropping frame 1403637148.388319
First KF:63; Map init KF:52
New Map created with 280 points
Active map: 0
Dropping frame 1403637148.4883189
Dropping frame 1403637148.7383192
Dropping frame 1403637149.3383191
Dropping frame 1403637149.688319
Dropping frame 1403637150.8383191
Dropping frame 1403637151.4383192
Dropping frame 1403637152.4383192
Dropping frame 1403637153.138319
Dropping frame 1403637153.638319
start VIBA 1
end VIBA 1
Dropping frame 1403637154.0383191
Dropping frame 1403637154.4383192
Dropping frame 1403637155.888319
Dropping frame 1403637158.0883191
Dropping frame 1403637158.2383192
Dropping frame 1403637158.3383191
Dropping frame 1403637158.4883189
Dropping frame 1403637158.688319
Dropping frame 1403637158.7883189
Dropping frame 1403637159.0383191
Dropping frame 1403637159.2383192
Dropping frame 1403637159.3383191
Dropping frame 1403637159.5883191
Dropping frame 1403637159.688319
Dropping frame 1403637159.8383191
Dropping frame 1403637159.9383192
Dropping frame 1403637160.0383191
Dropping frame 1403637160.188319
Dropping frame 1403637160.2883189
Dropping frame 1403637160.388319
Dropping frame 1403637160.4883189
Dropping frame 1403637160.5883191
Dropping frame 1403637160.688319
Dropping frame 1403637160.7883189
Dropping frame 1403637160.888319
Dropping frame 1403637160.9883189
Dropping frame 1403637161.0883191
Dropping frame 1403637161.188319
Dropping frame 1403637161.2883189
Dropping frame 1403637161.4883189
Dropping frame 1403637161.5883191
Dropping frame 1403637161.688319
Dropping frame 1403637161.7883189
Dropping frame 1403637161.888319
Dropping frame 1403637161.9883189
Dropping frame 1403637162.0883191
Dropping frame 1403637162.188319
Dropping frame 1403637162.2883189
Dropping frame 1403637162.388319
Dropping frame 1403637162.4883189
Dropping frame 1403637162.5883191
Dropping frame 1403637162.688319
Dropping frame 1403637162.888319
Dropping frame 1403637162.9883189
Dropping frame 1403637163.0883191
Dropping frame 1403637163.188319
Dropping frame 1403637163.2883189
Dropping frame 1403637163.388319
Dropping frame 1403637163.4883189
Dropping frame 1403637163.5883191
Dropping frame 1403637163.688319
start VIBA 2
Dropping frame 1403637163.9883189
end VIBA 2
Dropping frame 1403637164.138319
Dropping frame 1403637164.2383192
Dropping frame 1403637164.3383191
Dropping frame 1403637164.5383191
Dropping frame 1403637164.638319
Dropping frame 1403637164.7383192
Dropping frame 1403637164.8383191
Dropping frame 1403637164.9383192
Dropping frame 1403637165.0383191
Dropping frame 1403637165.138319
Dropping frame 1403637165.3383191
Dropping frame 1403637165.4383192
Dropping frame 1403637165.5383191
Dropping frame 1403637165.638319
Dropping frame 1403637165.7383192
Dropping frame 1403637165.8383191
Dropping frame 1403637166.0383191
Dropping frame 1403637166.138319
Dropping frame 1403637166.2383192
Dropping frame 1403637166.3383191
Dropping frame 1403637166.4883189
Dropping frame 1403637166.5883191
Dropping frame 1403637166.688319
Dropping frame 1403637166.7883189
Dropping frame 1403637166.888319
Dropping frame 1403637166.9883189
Dropping frame 1403637167.0883191
Dropping frame 1403637167.188319
Dropping frame 1403637167.2883189
Dropping frame 1403637167.388319
Dropping frame 1403637167.4883189
Dropping frame 1403637167.5883191
Dropping frame 1403637167.688319
Dropping frame 1403637167.7883189
Dropping frame 1403637167.888319
Dropping frame 1403637168.0883191
Dropping frame 1403637168.188319
Dropping frame 1403637168.2883189
Dropping frame 1403637168.388319
Dropping frame 1403637168.4883189
Dropping frame 1403637168.5883191
Dropping frame 1403637168.688319
Dropping frame 1403637168.7883189
Dropping frame 1403637168.888319
Dropping frame 1403637169.0383191
Dropping frame 1403637169.138319
Dropping frame 1403637169.2383192
Dropping frame 1403637169.388319
Dropping frame 1403637169.4883189
Dropping frame 1403637169.5883191
Dropping frame 1403637169.688319
Dropping frame 1403637169.7883189
Dropping frame 1403637169.9883189
Dropping frame 1403637170.0883191
Dropping frame 1403637170.188319
Dropping frame 1403637170.2883189
Dropping frame 1403637170.388319
Dropping frame 1403637170.4883189
Dropping frame 1403637170.5883191
Dropping frame 1403637170.688319
Dropping frame 1403637170.7883189
Dropping frame 1403637170.888319
Dropping frame 1403637170.9883189
Dropping frame 1403637171.0883191
Dropping frame 1403637171.188319
Dropping frame 1403637171.2883189
Dropping frame 1403637171.4383192
Dropping frame 1403637171.5383191
Dropping frame 1403637171.638319
Dropping frame 1403637171.7383192
Dropping frame 1403637171.8383191
Dropping frame 1403637171.9383192
Dropping frame 1403637172.0383191
Dropping frame 1403637172.2383192
Dropping frame 1403637172.3383191
Dropping frame 1403637172.5383191
Dropping frame 1403637172.7383192
Dropping frame 1403637172.8383191
Dropping frame 1403637173.0383191
Dropping frame 1403637173.138319
Dropping frame 1403637173.2383192
Dropping frame 1403637173.4383192
Dropping frame 1403637173.638319
Dropping frame 1403637173.7383192
Dropping frame 1403637173.888319
Dropping frame 1403637174.0883191
Dropping frame 1403637174.188319
Dropping frame 1403637174.4383192
Dropping frame 1403637174.638319
Dropping frame 1403637174.7383192
Dropping frame 1403637174.8383191
Dropping frame 1403637174.9383192
Dropping frame 1403637175.138319
Dropping frame 1403637175.3383191
Dropping frame 1403637175.4383192
Dropping frame 1403637175.638319
Dropping frame 1403637175.8383191
Dropping frame 1403637176.0383191
Dropping frame 1403637176.138319
Dropping frame 1403637176.3383191
Dropping frame 1403637176.5383191
Dropping frame 1403637176.7383192
Dropping frame 1403637176.9383192
Dropping frame 1403637177.138319
Dropping frame 1403637177.3383191
Dropping frame 1403637177.5383191
Dropping frame 1403637177.7383192
Dropping frame 1403637177.9383192
Dropping frame 1403637178.138319
Dropping frame 1403637178.3383191
Dropping frame 1403637178.5383191
Dropping frame 1403637178.638319
Dropping frame 1403637178.888319
Dropping frame 1403637179.0883191
Dropping frame 1403637179.2883189
Dropping frame 1403637179.4883189
Dropping frame 1403637179.688319
Dropping frame 1403637179.888319
Dropping frame 1403637180.0883191
Dropping frame 1403637180.2883189
Dropping frame 1403637180.4883189
Dropping frame 1403637180.688319
Dropping frame 1403637180.888319
Dropping frame 1403637181.0883191
Dropping frame 1403637181.2883189
Dropping frame 1403637181.5883191
Dropping frame 1403637181.7883189
Dropping frame 1403637181.9883189
Dropping frame 1403637182.188319
Dropping frame 1403637182.388319
Dropping frame 1403637182.5883191
Dropping frame 1403637182.7883189
Dropping frame 1403637182.9883189
Dropping frame 1403637183.2383192
Dropping frame 1403637183.5883191
Dropping frame 1403637183.688319
Dropping frame 1403637183.888319
Dropping frame 1403637184.0883191
Dropping frame 1403637184.2883189
Dropping frame 1403637184.388319
Dropping frame 1403637184.638319
Dropping frame 1403637184.8383191
Dropping frame 1403637185.0383191
Dropping frame 1403637185.388319
Dropping frame 1403637185.7383192
Dropping frame 1403637185.8383191
Dropping frame 1403637186.0883191
Dropping frame 1403637186.2883189
Dropping frame 1403637186.4883189
Dropping frame 1403637186.8383191
Dropping frame 1403637187.2883189
Dropping frame 1403637187.4883189
Dropping frame 1403637187.688319
Dropping frame 1403637187.888319
Dropping frame 1403637187.9883189
Dropping frame 1403637188.3383191
Dropping frame 1403637188.5383191
Dropping frame 1403637188.7383192
Dropping frame 1403637188.9383192
Dropping frame 1403637189.138319
Dropping frame 1403637189.3383191
Dropping frame 1403637189.5383191
Dropping frame 1403637189.7383192
Dropping frame 1403637189.9383192
Dropping frame 1403637190.138319
Dropping frame 1403637190.3383191
Dropping frame 1403637190.5383191
Dropping frame 1403637190.7383192
Dropping frame 1403637190.9383192
Dropping frame 1403637191.0383191
Dropping frame 1403637191.138319
Dropping frame 1403637191.3383191
Dropping frame 1403637191.5383191
Dropping frame 1403637191.7383192
Dropping frame 1403637191.9383192
Dropping frame 1403637192.138319
Dropping frame 1403637192.3383191
Dropping frame 1403637192.5383191
Dropping frame 1403637192.888319
Dropping frame 1403637192.9883189
Dropping frame 1403637193.188319
Dropping frame 1403637193.388319
Dropping frame 1403637193.5883191
Dropping frame 1403637193.8383191
Dropping frame 1403637194.0383191
Dropping frame 1403637194.2383192
Dropping frame 1403637194.4383192
Dropping frame 1403637194.638319
Dropping frame 1403637194.7383192
Dropping frame 1403637194.9883189
Dropping frame 1403637195.188319
Dropping frame 1403637195.388319
Dropping frame 1403637195.5883191
Dropping frame 1403637195.7883189
Dropping frame 1403637195.9883189
Dropping frame 1403637196.188319
Dropping frame 1403637196.388319
Dropping frame 1403637196.5883191
Dropping frame 1403637196.7883189
Dropping frame 1403637196.9883189
Dropping frame 1403637197.188319
Dropping frame 1403637197.388319
Dropping frame 1403637197.5883191
Dropping frame 1403637197.8383191
Dropping frame 1403637198.0383191
Dropping frame 1403637198.2383192
Dropping frame 1403637198.4383192
Dropping frame 1403637198.638319
Dropping frame 1403637198.8383191
Dropping frame 1403637199.0383191
Dropping frame 1403637199.138319
Dropping frame 1403637199.388319
Dropping frame 1403637199.5883191
Dropping frame 1403637199.688319
Dropping frame 1403637200.188319
Dropping frame 1403637200.638319
Dropping frame 1403637201.0883191
Dropping frame 1403637201.5383191
Dropping frame 1403637201.9383192
Dropping frame 1403637202.388319
Dropping frame 1403637202.4883189
Dropping frame 1403637202.5883191
Dropping frame 1403637202.8383191
Dropping frame 1403637202.9383192
Dropping frame 1403637203.0383191
Dropping frame 1403637203.2383192
Dropping frame 1403637203.4383192
Dropping frame 1403637203.638319
Dropping frame 1403637203.8383191
Dropping frame 1403637203.9383192
Dropping frame 1403637204.0383191
Dropping frame 1403637204.2383192
Dropping frame 1403637204.3383191
Dropping frame 1403637204.4383192
Dropping frame 1403637204.638319
Dropping frame 1403637204.8383191
Dropping frame 1403637204.9383192
Dropping frame 1403637205.0383191
Dropping frame 1403637205.2383192
Dropping frame 1403637205.3383191
Dropping frame 1403637205.4383192
Dropping frame 1403637205.638319
Dropping frame 1403637205.7383192
Dropping frame 1403637205.8383191
Dropping frame 1403637206.0383191
Dropping frame 1403637206.2383192
Dropping frame 1403637206.3383191
Dropping frame 1403637206.4383192
Dropping frame 1403637206.638319
Dropping frame 1403637206.7383192
Dropping frame 1403637206.8383191
Dropping frame 1403637207.0383191
Dropping frame 1403637207.138319
Dropping frame 1403637207.2383192
Dropping frame 1403637207.4383192
Dropping frame 1403637207.5383191
Dropping frame 1403637207.638319
Dropping frame 1403637207.8383191
Dropping frame 1403637207.9883189
Dropping frame 1403637208.188319
Dropping frame 1403637208.2883189
Dropping frame 1403637208.388319
Dropping frame 1403637208.5883191
Dropping frame 1403637208.688319
Dropping frame 1403637208.7883189
Dropping frame 1403637208.9883189
Dropping frame 1403637209.0883191
Dropping frame 1403637209.188319
Dropping frame 1403637209.388319
Dropping frame 1403637209.4883189
Dropping frame 1403637209.5883191
Dropping frame 1403637209.7883189
Dropping frame 1403637209.888319
Dropping frame 1403637209.9883189
Dropping frame 1403637210.188319
Dropping frame 1403637210.2883189
Dropping frame 1403637210.388319
Dropping frame 1403637210.5883191
Dropping frame 1403637210.688319
Dropping frame 1403637210.7883189
Dropping frame 1403637210.9883189
Dropping frame 1403637211.188319
Dropping frame 1403637211.2883189
Dropping frame 1403637211.388319
Dropping frame 1403637211.4883189
Dropping frame 1403637211.688319
Dropping frame 1403637211.7883189
Dropping frame 1403637211.888319
Dropping frame 1403637212.0883191
Dropping frame 1403637212.188319
Dropping frame 1403637212.2883189
Dropping frame 1403637212.4883189
Dropping frame 1403637212.5883191
Dropping frame 1403637212.688319
Dropping frame 1403637212.888319
Dropping frame 1403637212.9883189
Dropping frame 1403637213.0883191
Dropping frame 1403637213.2883189
Dropping frame 1403637213.388319
Dropping frame 1403637213.4883189
Dropping frame 1403637213.688319
Dropping frame 1403637213.7883189
Dropping frame 1403637213.888319
Dropping frame 1403637214.0883191
Dropping frame 1403637214.188319
Dropping frame 1403637214.2883189
Dropping frame 1403637214.4883189
Dropping frame 1403637214.5883191
Dropping frame 1403637214.688319
Dropping frame 1403637214.888319
Dropping frame 1403637214.9883189
Dropping frame 1403637215.0883191
Dropping frame 1403637215.2883189
Dropping frame 1403637215.388319
Dropping frame 1403637215.4883189
Dropping frame 1403637215.688319
Dropping frame 1403637215.7883189
Dropping frame 1403637215.888319
Dropping frame 1403637216.0883191
Dropping frame 1403637216.188319
Dropping frame 1403637216.2883189
Dropping frame 1403637216.4883189
Dropping frame 1403637216.5883191
Dropping frame 1403637216.688319
Dropping frame 1403637216.7883189
Dropping frame 1403637217.0383191
Dropping frame 1403637217.138319
Dropping frame 1403637217.2383192
Dropping frame 1403637217.4383192
Dropping frame 1403637217.5383191
Dropping frame 1403637217.638319
Dropping frame 1403637217.8383191
Dropping frame 1403637217.9383192
Dropping frame 1403637218.0383191
Dropping frame 1403637218.2383192
Dropping frame 1403637218.3383191
Dropping frame 1403637218.4383192
Dropping frame 1403637218.638319
Dropping frame 1403637218.7383192
Dropping frame 1403637218.8383191
Dropping frame 1403637219.0383191
Dropping frame 1403637219.138319
Dropping frame 1403637219.2383192
Dropping frame 1403637219.4383192
Dropping frame 1403637219.5383191
Dropping frame 1403637219.638319
Dropping frame 1403637219.8383191
Dropping frame 1403637219.9383192
Dropping frame 1403637220.0383191
Dropping frame 1403637220.138319
Dropping frame 1403637220.3383191
Dropping frame 1403637220.4383192
Dropping frame 1403637220.5383191
Dropping frame 1403637220.638319
Dropping frame 1403637220.7383192
Dropping frame 1403637220.8383191
Dropping frame 1403637221.0383191
Dropping frame 1403637221.2383192
Dropping frame 1403637221.3383191
Dropping frame 1403637221.4383192
Dropping frame 1403637221.638319
Dropping frame 1403637221.7383192
Dropping frame 1403637221.8383191
Dropping frame 1403637222.0383191
Dropping frame 1403637222.138319
Dropping frame 1403637222.2383192
Dropping frame 1403637222.4383192
Dropping frame 1403637222.638319
Dropping frame 1403637222.7383192
Dropping frame 1403637222.8383191
Dropping frame 1403637222.9383192
Dropping frame 1403637223.138319
Dropping frame 1403637223.2383192
Dropping frame 1403637223.3383191
Dropping frame 1403637223.5383191
Dropping frame 1403637223.638319
Dropping frame 1403637223.7383192
Dropping frame 1403637223.9383192
Dropping frame 1403637224.0383191
Dropping frame 1403637224.138319
Dropping frame 1403637224.2383192
Dropping frame 1403637224.3383191
Dropping frame 1403637224.4383192
Dropping frame 1403637224.638319
Dropping frame 1403637224.7383192
Dropping frame 1403637224.8383191
Dropping frame 1403637224.9383192
Dropping frame 1403637225.0383191
Dropping frame 1403637225.138319
Dropping frame 1403637225.3383191
Dropping frame 1403637225.5383191
Dropping frame 1403637225.638319
Dropping frame 1403637225.7383192
Dropping frame 1403637225.8383191
Dropping frame 1403637226.0383191
Dropping frame 1403637226.138319
Dropping frame 1403637226.2383192
Dropping frame 1403637226.4383192
Dropping frame 1403637226.5383191
Dropping frame 1403637226.638319
Dropping frame 1403637226.8383191
Dropping frame 1403637226.9383192
Dropping frame 1403637227.0383191
Dropping frame 1403637227.138319
Dropping frame 1403637227.2383192
Dropping frame 1403637227.3383191
Dropping frame 1403637227.5383191
Dropping frame 1403637227.638319
Dropping frame 1403637227.7383192
Dropping frame 1403637227.8383191
Dropping frame 1403637227.9383192
Dropping frame 1403637228.0383191
Dropping frame 1403637228.138319
Dropping frame 1403637228.2383192
Dropping frame 1403637228.4383192
Dropping frame 1403637228.5383191
Dropping frame 1403637228.638319
Dropping frame 1403637228.8383191
Dropping frame 1403637228.9383192
Dropping frame 1403637229.0383191
Dropping frame 1403637229.2383192
Dropping frame 1403637229.3383191
Dropping frame 1403637229.4383192
Dropping frame 1403637229.638319
Dropping frame 1403637229.8383191
Dropping frame 1403637229.9383192
Dropping frame 1403637230.0383191
Dropping frame 1403637230.138319
Dropping frame 1403637230.2383192
Dropping frame 1403637230.3383191
Dropping frame 1403637230.5383191
Dropping frame 1403637230.638319
Dropping frame 1403637230.7383192
Dropping frame 1403637230.9383192
Dropping frame 1403637231.0383191
Dropping frame 1403637231.138319
Dropping frame 1403637231.3383191
Dropping frame 1403637231.4383192
Dropping frame 1403637231.5383191
Dropping frame 1403637231.7383192
Dropping frame 1403637231.8383191
Dropping frame 1403637231.9383192
Dropping frame 1403637232.138319
Dropping frame 1403637232.2383192
Dropping frame 1403637232.3383191
Dropping frame 1403637232.5383191
Dropping frame 1403637232.638319
Dropping frame 1403637232.7383192
Dropping frame 1403637232.9383192
Dropping frame 1403637233.0383191
Dropping frame 1403637233.138319
Dropping frame 1403637233.3383191
Dropping frame 1403637233.4383192
Dropping frame 1403637233.5383191
Dropping frame 1403637233.7383192
Dropping frame 1403637233.8383191
Dropping frame 1403637233.9383192
Dropping frame 1403637234.138319
Dropping frame 1403637234.2383192
Dropping frame 1403637234.3383191
Dropping frame 1403637234.5383191
Dropping frame 1403637234.638319
Dropping frame 1403637234.7383192
Dropping frame 1403637234.9383192
Dropping frame 1403637235.0383191
Dropping frame 1403637235.138319
Dropping frame 1403637235.3383191
Dropping frame 1403637235.4383192
Dropping frame 1403637235.5383191
Dropping frame 1403637235.7383192
Dropping frame 1403637235.9383192
Dropping frame 1403637236.138319
Dropping frame 1403637236.2383192
Dropping frame 1403637236.3383191
Dropping frame 1403637236.5383191
Dropping frame 1403637236.638319
Dropping frame 1403637236.7383192
Dropping frame 1403637236.9383192
Dropping frame 1403637237.0383191
Dropping frame 1403637237.138319
Dropping frame 1403637237.3383191
Dropping frame 1403637237.4383192
Dropping frame 1403637237.5383191
Dropping frame 1403637237.7383192
Dropping frame 1403637237.8383191
Dropping frame 1403637237.9383192
Dropping frame 1403637238.138319
Dropping frame 1403637238.2383192
Dropping frame 1403637238.3383191
Dropping frame 1403637238.5383191
Dropping frame 1403637238.638319
Dropping frame 1403637238.7383192
Dropping frame 1403637238.9383192
Dropping frame 1403637239.0383191
Dropping frame 1403637239.138319
Dropping frame 1403637239.2383192
Dropping frame 1403637239.3383191
Dropping frame 1403637239.4383192
Dropping frame 1403637239.638319
Dropping frame 1403637239.8383191
Dropping frame 1403637239.9383192
Dropping frame 1403637240.0383191
Dropping frame 1403637240.2383192
Dropping frame 1403637240.3383191
Dropping frame 1403637240.4383192
Dropping frame 1403637240.638319
Dropping frame 1403637240.7383192
Dropping frame 1403637240.8383191
Dropping frame 1403637241.0383191
Dropping frame 1403637241.138319
Dropping frame 1403637241.2383192
Dropping frame 1403637241.4883189
Dropping frame 1403637241.5883191
Dropping frame 1403637241.688319
Dropping frame 1403637241.888319
Dropping frame 1403637241.9883189
Dropping frame 1403637242.0883191
Dropping frame 1403637242.2883189
Dropping frame 1403637242.388319
Dropping frame 1403637242.4883189
Dropping frame 1403637242.688319
Dropping frame 1403637242.7883189
Dropping frame 1403637242.888319
Dropping frame 1403637243.0883191
Dropping frame 1403637243.2883189
Dropping frame 1403637243.388319
Dropping frame 1403637243.4883189
Dropping frame 1403637243.5883191
Dropping frame 1403637243.7883189
Dropping frame 1403637243.888319
Dropping frame 1403637244.138319
Dropping frame 1403637244.2383192
Dropping frame 1403637244.3383191
Dropping frame 1403637244.638319
Dropping frame 1403637244.8383191
Dropping frame 1403637244.9883189
Dropping frame 1403637245.188319
Dropping frame 1403637245.2883189
Dropping frame 1403637245.638319
Dropping frame 1403637245.8383191
Dropping frame 1403637245.9383192
Dropping frame 1403637246.188319
Dropping frame 1403637246.4883189
Dropping frame 1403637246.5883191
Dropping frame 1403637246.8383191
Dropping frame 1403637246.9383192
Dropping frame 1403637247.0383191
Dropping frame 1403637247.4883189
Dropping frame 1403637247.888319
Dropping frame 1403637248.0883191
Dropping frame 1403637248.188319
Dropping frame 1403637248.2883189
Dropping frame 1403637248.388319
Dropping frame 1403637248.5883191
Dropping frame 1403637248.688319
Dropping frame 1403637248.7883189
Dropping frame 1403637248.9883189
Dropping frame 1403637249.0883191
Dropping frame 1403637249.188319
Dropping frame 1403637249.388319
Dropping frame 1403637249.4883189
Dropping frame 1403637249.5883191
Dropping frame 1403637249.7883189
Dropping frame 1403637249.888319
Dropping frame 1403637249.9883189
Dropping frame 1403637250.188319
Dropping frame 1403637250.2883189
Dropping frame 1403637250.388319
Dropping frame 1403637250.5883191
Dropping frame 1403637250.7383192
Dropping frame 1403637250.9383192
Dropping frame 1403637251.138319
Dropping frame 1403637251.3383191
Dropping frame 1403637251.5383191
Dropping frame 1403637251.638319
Dropping frame 1403637251.7383192
Dropping frame 1403637251.9383192
Dropping frame 1403637252.138319
Dropping frame 1403637252.3383191
Dropping frame 1403637252.4383192
Dropping frame 1403637252.5883191
Dropping frame 1403637252.7383192
Dropping frame 1403637252.9383192
Dropping frame 1403637253.0383191
Dropping frame 1403637253.188319
Dropping frame 1403637253.2883189
Dropping frame 1403637253.4383192
Dropping frame 1403637253.688319
Dropping frame 1403637253.8383191
Dropping frame 1403637253.9383192
Dropping frame 1403637254.188319
Dropping frame 1403637254.388319
Dropping frame 1403637254.4883189
Dropping frame 1403637254.5883191
Dropping frame 1403637254.688319
Dropping frame 1403637254.7883189
Dropping frame 1403637254.888319
Dropping frame 1403637254.9883189
Dropping frame 1403637255.0883191
Dropping frame 1403637255.2883189
Dropping frame 1403637255.388319
Dropping frame 1403637255.4883189
Dropping frame 1403637255.5883191
Dropping frame 1403637255.688319
Dropping frame 1403637255.7883189
Dropping frame 1403637255.888319
Dropping frame 1403637256.0883191
Dropping frame 1403637256.188319
Dropping frame 1403637256.2883189
Dropping frame 1403637256.388319
Dropping frame 1403637256.4883189
Dropping frame 1403637256.5883191
Dropping frame 1403637256.688319
Dropping frame 1403637256.7883189
Dropping frame 1403637256.9883189
Dropping frame 1403637257.188319
Dropping frame 1403637257.388319
Dropping frame 1403637257.4883189
Dropping frame 1403637257.5883191
Dropping frame 1403637257.688319
Dropping frame 1403637257.888319
Dropping frame 1403637258.0883191
Dropping frame 1403637258.2883189
Dropping frame 1403637258.388319
Dropping frame 1403637258.4883189
Dropping frame 1403637258.688319
Dropping frame 1403637258.7883189
Dropping frame 1403637258.888319
Dropping frame 1403637259.0883191
Dropping frame 1403637259.188319
Dropping frame 1403637259.2883189
Dropping frame 1403637259.4883189
Dropping frame 1403637259.5883191
Dropping frame 1403637259.688319
Dropping frame 1403637260.0383191
Dropping frame 1403637260.4883189
Dropping frame 1403637260.688319
Dropping frame 1403637260.888319
Dropping frame 1403637260.9883189
Dropping frame 1403637261.2883189
Dropping frame 1403637261.388319
Dropping frame 1403637261.5883191
Dropping frame 1403637261.7883189
Dropping frame 1403637261.9883189
Dropping frame 1403637262.0883191
Dropping frame 1403637262.188319
Dropping frame 1403637262.388319
Dropping frame 1403637262.5883191
Dropping frame 1403637262.7883189
Dropping frame 1403637262.888319
Dropping frame 1403637262.9883189
Dropping frame 1403637263.188319
Dropping frame 1403637263.388319
Dropping frame 1403637263.5883191
Dropping frame 1403637263.688319
Dropping frame 1403637263.7883189
Dropping frame 1403637263.9883189
Dropping frame 1403637264.0883191
Dropping frame 1403637264.188319
Dropping frame 1403637264.388319
Dropping frame 1403637264.5883191
Dropping frame 1403637264.7883189
Dropping frame 1403637264.888319
Dropping frame 1403637264.9883189
Dropping frame 1403637265.188319
Dropping frame 1403637265.388319
Shutdown
SLAM Finished at System Time: 1742753552.69651

 TIME STATS in ms (mean$\pm$std)
OpenCV version: 4.8.1
---------------------------
Tracking

ORB Extraction: 21.994$\pm$2.999
Stereo Matching: 7.9066$\pm$1.9705
IMU Preintegration: 0.25622$\pm$0.10756
Pose Prediction: 0.67186$\pm$1.751
LM Track: 19.433$\pm$6.7011
New KF decision: 1.5857$\pm$2.7646
Total Tracking: 30.818$\pm$28.831



Local Mapping

KF Insertion: 15.473$\pm$5.7283
MP Culling: 0.57491$\pm$0.25426
MP Creation: 46.674$\pm$18.657
LBA: 156.37$\pm$66.558
KF Culling: 15.119$\pm$10.191
Total Local Mapping: 232.75$\pm$92.514
---------------------------

LBA complexity (mean$\pm$std)
LBA Edges: 1570$\pm$552.58
LBA KF optimized: 6.5$\pm$2.2913
LBA KF fixed: 1$\pm$0
LBA MP: nan$\pm$nan

LBA executions: 452
LBA aborts: 0
---------------------------

Map complexity
KFs in map: 144
MPs in map: 10730
---------------------------

Place Recognition (mean$\pm$std)
Database Query: 2.1073$\pm$1.0153
SE3 estimation: 27.264$\pm$16.476
Total Place Recognition: 22.322$\pm$19.565


Loop Closing (mean$\pm$std)
Loop Fusion: nan$\pm$nan
Essential Graph: nan$\pm$nan
Total Loop Closing: nan$\pm$nan

Num exec: 0
Number of KFs: nan$\pm$nan

Map Merging (mean$\pm$std)
Merge Maps: nan$\pm$nan
Welding BA: nan$\pm$nan
Optimization Ess.: nan$\pm$nan
Total Map Merging: nan$\pm$nan

Num exec: 0
Number of KFs: nan$\pm$nan
Number of MPs: nan$\pm$nan

Full GBA (mean$\pm$std)
GBA: nan$\pm$nan
Map Update: nan$\pm$nan
Total Full GBA: nan$\pm$nan

Num exec: 0
Num abort: 0
Number of KFs: nan$\pm$nan
Number of MPs: nan$\pm$nan

Saving trajectory to f_dataset-MH03_stereo_imu.txt ...
There are 1 maps in the atlas
  Map 0 has 144 KFs

End of saving trajectory to f_dataset-MH03_stereo_imu.txt ...

Saving keyframe trajectory to kf_dataset-MH03_stereo_imu.txt ...
