num_seq = 1
file name: dataset-MH02_stereo_imu
Loading images for sequence 0...LOADED!
Loading IMU for sequence 0...LOADED!

-------

ORB-SLAM3 Copyright (C) 2017-2020 Carlos Campos, Richard Elvira, Juan J. Gómez, José M.M. Montiel and Juan D. Tardós, University of Zaragoza.
ORB-SLAM2 Copyright (C) 2014-2016 Raúl Mur-Artal, José M.M. Montiel and Juan D. Tardós, University of Zaragoza.
This program comes with ABSOLUTELY NO WARRANTY;
This is free software, and you are welcome to redistribute it
under certain conditions. See LICENSE.txt.

Built with REGISTER_TIMES
Git Commit Hash: 2d47524

Build Type: Release

Compiled with C++ version: 201703

Input sensor was set to: Stereo-Inertial
Loading settings from EuRoC_fov_deadlines_mask_22x22.yaml
	-Loaded camera 1
	-Loaded camera 2
	-Loaded image info
	-Loaded IMU calibration
	-Loaded ORB settings
	-Loaded viewer settings
	-Loaded Atlas settings
Deadlines enabled, will skip frames!
FOV enabled
Static mask size: 22x22
Dumping map points enabled
	-Loaded misc parameters
	-Computed rectification maps
----------------------------------
SLAM settings: 
	-Camera 1 parameters (Pinhole): [ 458.65399169921875 457.29598999023438 367.21499633789062 248.375 ]
	-Camera 1 distortion parameters: [  -0.28340810537338257 0.073959067463874817 0.00019359000725671649 1.7618711353861727e-05 ]
	-Camera 2 parameters (Pinhole: [ 457.58700561523438 456.13400268554688 379.99899291992188 255.23800659179688 ]
	-Camera 1 distortion parameters: [  -0.2836836576461792 0.074512839317321777 -0.00010473000293131918 -3.555907096597366e-05 ]
	-Original image size: [ 752 , 480 ]
	-Current image size: [ 752 , 480 ]
	-Camera 1 parameters after rectification: [  456.71499633789062 456.71499633789062 364.52615356445312 257.268798828125 ]
	-Sequence FPS: 20
	-Stereo baseline: 0.11007784307003021
	-Stereo depth threshold : 60
	-Gyro noise: 0.00016999999934341758
	-Accelerometer noise: 0.0020000000949949026
	-Gyro walk: 1.9392999092815444e-05
	-Accelerometer walk: 0.0030000000260770321
	-IMU frequency: 200
	-Features per image: 1200
	-ORB scale factor: 1.2000000476837158
	-ORB number of scales: 8
	-Initial FAST threshold: 20
	-Min FAST threshold: 7


Loading ORB Vocabulary. This could take a while...
Vocabulary loaded!

Initialization of Atlas from scratch 
Creation of new map with id: 0
Creation of new map with last KF id: 0
Seq. Name: 
There are 1 cameras in the atlas
Camera 0 is pinhole
SLAM Started at System Time: 1743085160.66034
not IMU meas
not IMU meas
not enough acceleration
not enough acceleration
not enough acceleration
not enough acceleration
not enough acceleration
not enough acceleration
First KF:0; Map init KF:0
New Map created with 191 points
Active map: 0
Dropping frame 1403636859.1516664
Dropping frame 1403636859.4516664
Dropping frame 1403636859.8016665
Dropping frame 1403636860.2016666
Dropping frame 1403636860.3516665
Dropping frame 1403636860.4516664
Dropping frame 1403636860.5516665
Dropping frame 1403636860.6516664
Dropping frame 1403636860.7516665
Dropping frame 1403636860.9516664
Dropping frame 1403636861.2016666
Dropping frame 1403636861.4016666
Dropping frame 1403636861.7516665
Dropping frame 1403636861.9516664
Dropping frame 1403636862.0516665
Dropping frame 1403636862.3016665
Dropping frame 1403636862.6516664
Dropping frame 1403636862.7516665
Dropping frame 1403636863.0016665
Dropping frame 1403636863.1016665
Dropping frame 1403636863.2016666
Dropping frame 1403636863.3516665
Dropping frame 1403636863.4516664
Dropping frame 1403636863.6516664
Dropping frame 1403636863.7516665
Dropping frame 1403636864.0016665
start VIBA 1
Dropping frame 1403636864.5016665
end VIBA 1
Dropping frame 1403636864.7016666
Dropping frame 1403636864.8516665
Dropping frame 1403636865.0516665
Dropping frame 1403636865.2516665
Dropping frame 1403636865.3516665
Dropping frame 1403636865.5016665
Dropping frame 1403636865.7016666
Dropping frame 1403636865.9016666
Dropping frame 1403636866.1016665
Dropping frame 1403636866.2016666
Dropping frame 1403636866.4016666
Dropping frame 1403636866.6016665
Dropping frame 1403636866.7016666
Dropping frame 1403636866.9516664
Dropping frame 1403636867.2016666
Dropping frame 1403636867.5016665
Dropping frame 1403636867.6016665
Dropping frame 1403636867.7016666
Dropping frame 1403636867.8016665
Dropping frame 1403636867.9516664
Dropping frame 1403636868.3016665
Dropping frame 1403636868.4016666
Dropping frame 1403636868.5016665
Dropping frame 1403636868.7016666
Dropping frame 1403636868.8016665
Dropping frame 1403636869.0016665
Dropping frame 1403636869.1016665
Dropping frame 1403636869.2016666
Dropping frame 1403636869.4016666
Dropping frame 1403636869.5016665
Dropping frame 1403636869.7516665
Dropping frame 1403636869.9516664
Dropping frame 1403636870.2016666
Dropping frame 1403636870.3016665
Dropping frame 1403636870.4016666
Dropping frame 1403636870.6016665
Dropping frame 1403636870.7016666
Dropping frame 1403636871.0016665
Dropping frame 1403636871.1016665
Dropping frame 1403636871.3016665
Dropping frame 1403636871.5016665
Dropping frame 1403636871.6016665
Dropping frame 1403636871.7016666
Dropping frame 1403636871.9016666
Dropping frame 1403636872.0016665
Dropping frame 1403636872.1016665
Dropping frame 1403636872.3016665
Dropping frame 1403636872.5016665
Dropping frame 1403636872.6016665
Dropping frame 1403636872.7516665
Dropping frame 1403636873.0016665
Dropping frame 1403636873.1016665
Dropping frame 1403636873.2016666
Dropping frame 1403636873.4016666
Dropping frame 1403636873.5016665
Dropping frame 1403636873.6016665
Dropping frame 1403636873.7016666
Dropping frame 1403636873.9516664
Dropping frame 1403636874.1516664
Dropping frame 1403636874.3516665
Dropping frame 1403636874.6016665
Dropping frame 1403636874.8016665
Dropping frame 1403636874.9516664
Dropping frame 1403636875.1016665
Dropping frame 1403636875.3516665
Dropping frame 1403636875.5516665
start VIBA 2
Dropping frame 1403636875.7516665
end VIBA 2
Dropping frame 1403636875.9016666
Dropping frame 1403636876.1016665
Dropping frame 1403636876.3016665
Dropping frame 1403636876.4016666
Dropping frame 1403636876.5016665
Dropping frame 1403636876.7016666
Dropping frame 1403636876.9016666
Dropping frame 1403636877.1016665
Dropping frame 1403636877.2016666
Dropping frame 1403636877.3016665
Dropping frame 1403636877.5016665
Dropping frame 1403636877.7016666
Dropping frame 1403636877.8016665
Dropping frame 1403636877.9016666
Dropping frame 1403636878.1516664
Dropping frame 1403636878.2516665
Dropping frame 1403636878.5016665
Dropping frame 1403636878.7016666
Dropping frame 1403636879.0516665
Dropping frame 1403636879.2516665
Dropping frame 1403636879.3516665
Dropping frame 1403636879.6016665
Dropping frame 1403636879.8516665
Dropping frame 1403636880.0016665
Dropping frame 1403636880.2516665
Dropping frame 1403636880.4516664
Dropping frame 1403636880.5516665
Dropping frame 1403636880.8516665
Dropping frame 1403636881.1016665
Dropping frame 1403636881.3016665
Dropping frame 1403636881.5016665
Dropping frame 1403636881.6016665
Dropping frame 1403636881.7016666
Dropping frame 1403636881.9016666
Dropping frame 1403636882.1016665
Dropping frame 1403636882.3016665
Dropping frame 1403636882.4016666
Dropping frame 1403636882.6516664
Dropping frame 1403636882.7516665
Dropping frame 1403636883.0016665
Dropping frame 1403636883.4016666
Dropping frame 1403636883.5016665
Dropping frame 1403636883.6016665
Dropping frame 1403636883.8516665
Dropping frame 1403636884.2016666
Dropping frame 1403636884.3016665
Dropping frame 1403636884.5516665
Dropping frame 1403636884.7516665
Dropping frame 1403636884.9516664
Dropping frame 1403636885.2016666
Dropping frame 1403636885.5016665
Dropping frame 1403636885.6516664
Dropping frame 1403636885.8516665
Dropping frame 1403636885.9516664
Dropping frame 1403636886.0516665
Dropping frame 1403636886.3016665
Dropping frame 1403636886.6016665
Dropping frame 1403636886.7016666
Dropping frame 1403636886.9516664
Dropping frame 1403636887.2016666
Dropping frame 1403636887.3016665
Dropping frame 1403636887.5016665
Dropping frame 1403636887.6016665
Dropping frame 1403636887.7516665
Dropping frame 1403636887.9516664
Dropping frame 1403636888.0516665
Dropping frame 1403636888.5516665
Dropping frame 1403636888.8016665
Dropping frame 1403636889.1016665
Dropping frame 1403636889.4016666
Dropping frame 1403636889.6016665
Dropping frame 1403636889.8016665
Dropping frame 1403636889.9016666
Dropping frame 1403636890.0016665
Dropping frame 1403636890.2016666
Dropping frame 1403636890.5016665
Dropping frame 1403636890.6016665
Dropping frame 1403636890.8516665
Dropping frame 1403636891.2016666
Dropping frame 1403636891.5016665
Dropping frame 1403636891.8016665
Dropping frame 1403636892.0016665
Dropping frame 1403636892.2016666
Dropping frame 1403636892.5516665
Dropping frame 1403636892.7516665
Dropping frame 1403636892.9016666
Dropping frame 1403636893.0016665
Dropping frame 1403636893.2016666
Dropping frame 1403636893.3016665
Dropping frame 1403636893.4016666
Dropping frame 1403636893.6016665
Dropping frame 1403636893.7016666
Dropping frame 1403636893.8516665
Dropping frame 1403636894.1516664
Dropping frame 1403636894.2516665
Dropping frame 1403636894.5016665
Dropping frame 1403636894.7016666
Dropping frame 1403636895.0516665
Dropping frame 1403636895.4016666
Dropping frame 1403636895.5016665
Dropping frame 1403636895.8016665
Dropping frame 1403636896.0516665
Dropping frame 1403636896.1516664
Dropping frame 1403636896.4016666
Dropping frame 1403636896.6016665
Dropping frame 1403636896.7516665
Dropping frame 1403636897.0516665
Dropping frame 1403636897.1516664
Dropping frame 1403636897.2516665
Dropping frame 1403636897.5016665
Dropping frame 1403636897.6016665
Dropping frame 1403636897.8516665
Dropping frame 1403636897.9516664
Dropping frame 1403636898.0516665
Dropping frame 1403636898.2516665
Dropping frame 1403636898.4516664
Dropping frame 1403636898.6516664
Dropping frame 1403636898.7516665
Dropping frame 1403636899.0016665
Dropping frame 1403636899.1516664
Dropping frame 1403636899.6016665
Dropping frame 1403636899.8016665
Dropping frame 1403636899.9516664
Dropping frame 1403636900.2016666
Dropping frame 1403636900.5516665
Dropping frame 1403636900.8516665
Dropping frame 1403636901.0516665
Dropping frame 1403636901.3016665
Dropping frame 1403636901.6516664
Dropping frame 1403636902.0016665
Dropping frame 1403636902.4516664
Dropping frame 1403636902.7016666
Dropping frame 1403636903.0016665
Dropping frame 1403636903.3016665
Dropping frame 1403636903.6516664
Dropping frame 1403636903.7516665
Dropping frame 1403636904.0016665
Dropping frame 1403636904.4016666
Dropping frame 1403636904.6516664
Dropping frame 1403636904.8016665
Dropping frame 1403636905.1516664
Dropping frame 1403636905.3516665
Dropping frame 1403636905.4516664
Dropping frame 1403636905.7516665
Dropping frame 1403636906.3016665
Dropping frame 1403636906.4516664
Dropping frame 1403636906.7516665
Dropping frame 1403636906.9016666
Dropping frame 1403636907.2516665
Dropping frame 1403636907.4016666
Dropping frame 1403636907.6016665
Dropping frame 1403636907.8016665
Dropping frame 1403636908.0516665
Dropping frame 1403636908.1516664
Dropping frame 1403636908.5516665
Dropping frame 1403636908.7516665
Dropping frame 1403636908.9516664
Dropping frame 1403636909.2516665
Dropping frame 1403636909.6016665
Dropping frame 1403636910.0016665
Dropping frame 1403636910.1016665
Dropping frame 1403636910.4516664
Dropping frame 1403636910.8016665
Dropping frame 1403636911.2016666
Dropping frame 1403636911.4516664
Dropping frame 1403636911.7016666
Dropping frame 1403636912.2516665
Dropping frame 1403636912.6016665
Dropping frame 1403636912.8016665
Dropping frame 1403636913.3016665
Dropping frame 1403636913.6016665
Dropping frame 1403636913.9016666
Dropping frame 1403636914.2016666
Dropping frame 1403636914.5016665
Dropping frame 1403636914.6016665
Dropping frame 1403636914.7516665
Dropping frame 1403636915.3016665
Dropping frame 1403636915.5516665
Dropping frame 1403636915.7516665
Dropping frame 1403636916.2016666
Dropping frame 1403636916.4016666
Dropping frame 1403636916.5516665
Dropping frame 1403636916.9016666
Dropping frame 1403636917.1516664
Dropping frame 1403636917.5516665
Dropping frame 1403636917.8016665
Dropping frame 1403636918.1516664
Dropping frame 1403636918.4016666
Dropping frame 1403636918.8516665
Dropping frame 1403636919.3016665
Dropping frame 1403636919.5516665
Dropping frame 1403636919.9016666
Dropping frame 1403636920.2516665
Dropping frame 1403636920.5516665
Dropping frame 1403636920.8516665
Dropping frame 1403636921.1516664
Dropping frame 1403636921.3516665
Dropping frame 1403636922.1016665
Dropping frame 1403636922.5516665
Dropping frame 1403636923.4516664
Dropping frame 1403636923.7516665
Dropping frame 1403636924.2016666
Dropping frame 1403636924.3516665
Dropping frame 1403636924.4516664
Dropping frame 1403636924.6516664
Dropping frame 1403636924.9016666
Dropping frame 1403636925.0016665
Dropping frame 1403636925.1516664
Dropping frame 1403636925.3016665
Dropping frame 1403636925.4016666
Dropping frame 1403636925.6516664
Dropping frame 1403636925.7516665
Dropping frame 1403636925.8516665
Dropping frame 1403636926.0516665
Dropping frame 1403636926.1516664
Dropping frame 1403636926.3516665
Dropping frame 1403636926.4516664
Dropping frame 1403636926.5516665
Dropping frame 1403636926.6516664
Dropping frame 1403636926.8516665
Dropping frame 1403636926.9516664
Dropping frame 1403636927.0516665
Dropping frame 1403636927.1516664
Dropping frame 1403636927.2516665
Dropping frame 1403636927.3516665
Dropping frame 1403636927.5516665
Dropping frame 1403636927.6516664
Dropping frame 1403636927.7516665
Dropping frame 1403636927.8516665
Dropping frame 1403636927.9516664
Dropping frame 1403636928.1516664
Dropping frame 1403636928.2516665
Dropping frame 1403636928.3516665
Dropping frame 1403636928.5516665
Dropping frame 1403636928.6516664
Dropping frame 1403636928.7516665
Dropping frame 1403636928.8516665
Dropping frame 1403636929.0516665
Dropping frame 1403636929.1516664
Dropping frame 1403636929.2516665
Dropping frame 1403636929.3516665
Dropping frame 1403636929.4516664
Dropping frame 1403636929.5516665
Dropping frame 1403636929.7516665
Dropping frame 1403636929.8516665
Dropping frame 1403636929.9516664
Dropping frame 1403636930.0516665
Dropping frame 1403636930.1516664
Dropping frame 1403636930.2516665
Dropping frame 1403636930.4516664
Dropping frame 1403636930.5516665
Dropping frame 1403636930.6516664
Dropping frame 1403636930.7516665
Dropping frame 1403636930.8516665
Dropping frame 1403636930.9516664
Dropping frame 1403636931.0516665
Dropping frame 1403636931.1516664
Dropping frame 1403636931.3516665
Dropping frame 1403636931.4516664
Dropping frame 1403636931.5516665
Dropping frame 1403636931.6516664
Dropping frame 1403636931.8516665
Dropping frame 1403636931.9516664
Dropping frame 1403636932.0516665
Dropping frame 1403636932.1516664
Dropping frame 1403636932.4016666
Dropping frame 1403636932.5016665
Dropping frame 1403636932.6016665
Dropping frame 1403636932.7016666
Dropping frame 1403636932.8016665
Dropping frame 1403636933.0016665
Dropping frame 1403636933.1016665
Dropping frame 1403636933.2016666
Dropping frame 1403636933.3016665
Dropping frame 1403636933.4016666
Dropping frame 1403636933.5016665
Dropping frame 1403636933.7016666
Dropping frame 1403636933.9016666
Dropping frame 1403636934.0016665
Dropping frame 1403636934.1016665
Dropping frame 1403636934.3516665
Dropping frame 1403636934.4516664
Dropping frame 1403636934.5516665
Dropping frame 1403636934.6516664
Dropping frame 1403636934.7516665
Dropping frame 1403636934.8516665
Dropping frame 1403636934.9516664
Dropping frame 1403636935.1516664
Dropping frame 1403636935.2516665
Dropping frame 1403636935.3516665
Dropping frame 1403636935.4516664
Dropping frame 1403636935.6516664
Dropping frame 1403636935.7516665
Dropping frame 1403636935.9516664
Dropping frame 1403636936.0516665
Dropping frame 1403636936.1516664
Dropping frame 1403636936.2516665
Dropping frame 1403636936.3516665
Dropping frame 1403636936.6016665
Dropping frame 1403636936.7016666
Dropping frame 1403636936.8016665
Dropping frame 1403636937.0016665
Dropping frame 1403636937.2016666
Dropping frame 1403636937.3016665
Dropping frame 1403636937.4016666
Dropping frame 1403636937.5016665
Dropping frame 1403636937.6016665
Dropping frame 1403636937.8016665
Dropping frame 1403636937.9016666
Dropping frame 1403636938.0016665
Dropping frame 1403636938.1016665
Dropping frame 1403636938.2516665
Dropping frame 1403636938.3516665
Dropping frame 1403636938.4516664
Dropping frame 1403636938.5516665
Dropping frame 1403636938.6516664
Dropping frame 1403636938.8516665
Dropping frame 1403636938.9516664
Dropping frame 1403636939.1516664
Dropping frame 1403636939.2516665
Dropping frame 1403636939.3516665
Dropping frame 1403636939.4516664
Dropping frame 1403636939.5516665
Dropping frame 1403636939.7516665
Dropping frame 1403636939.8516665
Dropping frame 1403636940.0516665
Dropping frame 1403636940.1516664
Dropping frame 1403636940.2516665
Dropping frame 1403636940.3516665
Dropping frame 1403636940.4516664
Dropping frame 1403636940.5516665
Dropping frame 1403636940.7516665
Dropping frame 1403636940.8516665
Dropping frame 1403636941.0516665
Dropping frame 1403636941.2016666
Dropping frame 1403636941.4016666
Dropping frame 1403636941.5016665
Dropping frame 1403636941.6016665
Dropping frame 1403636941.8016665
Dropping frame 1403636941.9016666
Dropping frame 1403636942.0016665
Dropping frame 1403636942.1016665
Dropping frame 1403636942.3016665
Dropping frame 1403636942.5016665
Dropping frame 1403636942.6016665
Dropping frame 1403636942.7016666
Dropping frame 1403636942.8516665
Dropping frame 1403636943.0016665
Dropping frame 1403636943.2016666
Dropping frame 1403636943.3016665
Dropping frame 1403636943.4016666
Dropping frame 1403636943.6016665
Dropping frame 1403636943.7016666
Dropping frame 1403636943.8016665
Dropping frame 1403636944.0016665
Dropping frame 1403636944.1016665
Dropping frame 1403636944.2016666
Dropping frame 1403636944.3016665
Dropping frame 1403636944.5516665
Dropping frame 1403636944.6516664
Dropping frame 1403636944.8016665
Dropping frame 1403636944.9016666
Dropping frame 1403636945.0016665
Dropping frame 1403636945.2016666
Dropping frame 1403636945.3016665
Dropping frame 1403636945.4016666
Dropping frame 1403636945.5016665
Dropping frame 1403636945.8516665
Dropping frame 1403636946.0516665
Dropping frame 1403636946.2016666
Dropping frame 1403636946.4016666
Dropping frame 1403636946.6016665
Dropping frame 1403636946.7516665
Dropping frame 1403636946.9016666
Dropping frame 1403636947.0016665
Dropping frame 1403636947.2016666
Dropping frame 1403636947.3516665
Dropping frame 1403636947.5516665
Dropping frame 1403636947.6516664
Dropping frame 1403636947.8516665
Dropping frame 1403636947.9516664
Dropping frame 1403636948.2516665
Dropping frame 1403636948.3516665
Dropping frame 1403636948.6516664
Dropping frame 1403636948.7516665
Dropping frame 1403636948.8516665
Dropping frame 1403636949.0016665
Dropping frame 1403636949.2516665
Dropping frame 1403636949.3516665
Dropping frame 1403636949.5516665
Dropping frame 1403636949.6516664
Dropping frame 1403636949.7516665
Dropping frame 1403636949.9016666
Dropping frame 1403636950.1516664
Dropping frame 1403636950.2516665
Dropping frame 1403636950.3516665
Dropping frame 1403636950.5516665
Dropping frame 1403636950.6516664
Dropping frame 1403636950.7516665
Dropping frame 1403636950.9016666
Dropping frame 1403636951.0016665
Dropping frame 1403636951.1516664
Dropping frame 1403636951.4016666
Dropping frame 1403636951.5016665
Dropping frame 1403636951.6016665
Dropping frame 1403636951.7016666
Dropping frame 1403636952.0516665
Dropping frame 1403636952.1516664
Dropping frame 1403636952.2516665
Dropping frame 1403636952.4516664
Dropping frame 1403636952.5516665
Dropping frame 1403636952.6516664
Dropping frame 1403636952.7516665
Dropping frame 1403636952.8516665
Dropping frame 1403636953.0516665
Dropping frame 1403636953.1516664
Dropping frame 1403636953.3516665
Dropping frame 1403636953.5516665
Dropping frame 1403636953.7516665
Dropping frame 1403636953.8516665
Dropping frame 1403636954.0516665
Dropping frame 1403636954.1516664
Dropping frame 1403636954.3516665
Dropping frame 1403636954.4516664
Dropping frame 1403636954.5516665
Dropping frame 1403636954.6516664
Dropping frame 1403636954.7516665
Dropping frame 1403636954.8516665
Dropping frame 1403636955.0516665
Dropping frame 1403636955.1516664
Dropping frame 1403636955.2516665
Dropping frame 1403636955.3516665
Dropping frame 1403636955.5516665
Dropping frame 1403636955.6516664
Dropping frame 1403636955.7516665
Dropping frame 1403636955.9516664
Dropping frame 1403636956.0516665
Dropping frame 1403636956.1516664
Dropping frame 1403636956.2516665
Dropping frame 1403636956.3516665
Dropping frame 1403636956.4516664
Dropping frame 1403636956.7516665
Dropping frame 1403636956.8516665
Dropping frame 1403636956.9516664
Dropping frame 1403636957.1516664
Dropping frame 1403636957.2516665
Dropping frame 1403636957.4516664
Dropping frame 1403636957.5516665
Dropping frame 1403636957.7016666
Dropping frame 1403636957.8016665
Dropping frame 1403636957.9016666
Dropping frame 1403636958.1016665
Dropping frame 1403636958.2016666
Dropping frame 1403636958.3516665
Dropping frame 1403636958.5516665
Dropping frame 1403636958.6516664
Dropping frame 1403636958.7516665
Dropping frame 1403636958.8516665
Dropping frame 1403636958.9516664
Dropping frame 1403636959.0516665
Dropping frame 1403636959.3016665
Dropping frame 1403636959.4016666
Dropping frame 1403636959.5016665
Dropping frame 1403636959.6016665
Dropping frame 1403636959.8016665
Dropping frame 1403636959.9016666
Dropping frame 1403636960.0016665
Dropping frame 1403636960.1016665
Dropping frame 1403636960.2016666
Dropping frame 1403636960.3016665
Dropping frame 1403636960.5016665
Dropping frame 1403636960.6016665
Dropping frame 1403636960.7016666
Dropping frame 1403636960.8016665
Dropping frame 1403636961.0016665
Dropping frame 1403636961.1016665
Dropping frame 1403636961.2016666
Dropping frame 1403636961.3516665
Dropping frame 1403636961.4516664
Dropping frame 1403636961.5516665
Dropping frame 1403636961.6516664
Dropping frame 1403636961.8516665
Dropping frame 1403636961.9516664
Dropping frame 1403636962.0516665
Dropping frame 1403636962.1516664
Dropping frame 1403636962.2516665
Dropping frame 1403636962.3516665
Dropping frame 1403636962.4516664
Dropping frame 1403636962.5516665
Dropping frame 1403636962.7516665
Dropping frame 1403636962.8516665
Dropping frame 1403636962.9516664
Dropping frame 1403636963.0516665
Dropping frame 1403636963.2516665
Dropping frame 1403636963.3516665
Dropping frame 1403636963.4516664
Dropping frame 1403636963.5516665
Dropping frame 1403636963.6516664
Dropping frame 1403636963.7516665
Dropping frame 1403636963.9516664
Dropping frame 1403636964.0516665
Dropping frame 1403636964.1516664
Dropping frame 1403636964.2516665
Dropping frame 1403636964.3516665
Dropping frame 1403636964.4516664
Dropping frame 1403636964.6516664
Dropping frame 1403636964.7516665
Dropping frame 1403636964.8516665
Dropping frame 1403636964.9516664
Dropping frame 1403636965.0516665
Dropping frame 1403636965.2516665
Dropping frame 1403636965.3516665
Dropping frame 1403636965.4516664
Dropping frame 1403636965.5516665
Dropping frame 1403636965.6516664
Dropping frame 1403636965.8516665
Dropping frame 1403636965.9516664
Dropping frame 1403636966.0516665
Dropping frame 1403636966.1516664
Dropping frame 1403636966.2516665
Dropping frame 1403636966.4516664
Dropping frame 1403636966.5516665
Dropping frame 1403636966.6516664
Dropping frame 1403636966.8516665
Dropping frame 1403636966.9516664
Dropping frame 1403636967.0516665
Dropping frame 1403636967.1516664
Dropping frame 1403636967.2516665
Dropping frame 1403636967.3516665
Dropping frame 1403636967.4516664
Dropping frame 1403636967.5516665
Dropping frame 1403636967.6516664
Dropping frame 1403636967.7516665
Dropping frame 1403636967.8516665
Dropping frame 1403636967.9516664
Dropping frame 1403636968.0516665
Dropping frame 1403636968.1516664
Dropping frame 1403636968.3516665
Dropping frame 1403636968.4516664
Dropping frame 1403636968.5516665
Dropping frame 1403636968.6516664
Dropping frame 1403636968.7516665
Dropping frame 1403636968.8516665
Dropping frame 1403636968.9516664
Dropping frame 1403636969.0516665
Dropping frame 1403636969.2516665
Dropping frame 1403636969.3516665
Dropping frame 1403636969.4516664
Dropping frame 1403636969.5516665
Dropping frame 1403636969.6516664
Dropping frame 1403636969.8016665
Dropping frame 1403636969.9016666
Dropping frame 1403636970.0016665
Dropping frame 1403636970.1016665
Dropping frame 1403636970.2016666
Dropping frame 1403636970.3016665
Dropping frame 1403636970.4016666
Dropping frame 1403636970.5016665
Dropping frame 1403636970.6016665
Dropping frame 1403636970.7016666
Dropping frame 1403636970.8016665
Dropping frame 1403636971.0016665
Dropping frame 1403636971.1016665
Dropping frame 1403636971.2016666
Dropping frame 1403636971.3016665
Dropping frame 1403636971.5516665
Dropping frame 1403636971.6516664
Dropping frame 1403636971.7516665
Dropping frame 1403636971.8516665
Dropping frame 1403636971.9516664
Dropping frame 1403636972.0516665
Dropping frame 1403636972.1516664
Dropping frame 1403636972.2516665
Dropping frame 1403636972.4516664
Dropping frame 1403636972.5516665
Dropping frame 1403636972.7516665
Dropping frame 1403636972.9516664
Dropping frame 1403636973.1016665
Dropping frame 1403636973.3016665
Dropping frame 1403636973.4016666
Dropping frame 1403636973.5016665
Dropping frame 1403636973.6016665
Dropping frame 1403636973.8016665
Dropping frame 1403636974.0016665
Dropping frame 1403636974.1016665
Dropping frame 1403636974.3016665
Dropping frame 1403636974.4016666
Dropping frame 1403636974.6016665
Dropping frame 1403636974.8016665
Dropping frame 1403636974.9016666
Dropping frame 1403636975.0016665
Dropping frame 1403636975.1016665
Dropping frame 1403636975.3016665
Dropping frame 1403636975.5016665
Dropping frame 1403636975.7016666
Dropping frame 1403636975.8016665
Dropping frame 1403636975.9016666
Dropping frame 1403636976.1016665
Dropping frame 1403636976.3016665
Dropping frame 1403636976.4016666
Dropping frame 1403636976.5016665
Dropping frame 1403636976.7016666
Dropping frame 1403636976.9016666
Dropping frame 1403636977.1016665
Dropping frame 1403636977.3016665
Dropping frame 1403636977.4016666
Dropping frame 1403636977.5016665
Dropping frame 1403636977.7016666
Dropping frame 1403636977.9016666
Dropping frame 1403636978.1016665
Dropping frame 1403636978.3016665
Dropping frame 1403636978.5016665
Dropping frame 1403636978.7016666
Dropping frame 1403636978.8016665
Dropping frame 1403636978.9016666
Dropping frame 1403636979.1016665
Dropping frame 1403636979.3016665
Dropping frame 1403636979.5016665
Dropping frame 1403636979.7016666
Dropping frame 1403636979.9016666
Dropping frame 1403636980.0016665
Dropping frame 1403636980.1016665
Dropping frame 1403636980.3016665
Dropping frame 1403636980.5016665
Dropping frame 1403636980.7016666
Dropping frame 1403636980.8516665
Dropping frame 1403636981.0516665
Dropping frame 1403636981.2516665
Dropping frame 1403636981.4516664
Dropping frame 1403636981.6516664
Dropping frame 1403636981.7516665
Dropping frame 1403636981.8516665
Dropping frame 1403636982.0516665
Dropping frame 1403636982.2516665
Dropping frame 1403636982.4516664
Dropping frame 1403636982.6516664
Dropping frame 1403636982.8516665
Dropping frame 1403636983.0516665
Dropping frame 1403636983.1516664
Dropping frame 1403636983.2516665
Dropping frame 1403636983.4516664
Dropping frame 1403636983.6516664
Dropping frame 1403636983.8516665
Dropping frame 1403636984.0516665
Dropping frame 1403636984.2516665
Dropping frame 1403636984.4516664
Dropping frame 1403636984.5516665
Dropping frame 1403636984.6516664
Dropping frame 1403636984.8516665
Dropping frame 1403636985.0516665
Dropping frame 1403636985.2516665
Dropping frame 1403636985.4516664
Dropping frame 1403636985.6516664
Dropping frame 1403636985.8516665
Dropping frame 1403636986.0516665
Dropping frame 1403636986.2516665
Dropping frame 1403636986.3516665
Dropping frame 1403636986.6016665
Dropping frame 1403636986.8016665
Dropping frame 1403636987.0016665
Dropping frame 1403636987.2016666
Dropping frame 1403636987.3016665
Dropping frame 1403636987.4016666
Dropping frame 1403636987.6016665
Dropping frame 1403636987.8016665
Dropping frame 1403636988.0016665
Dropping frame 1403636988.2016666
Dropping frame 1403636988.3016665
Dropping frame 1403636988.4016666
Dropping frame 1403636988.5016665
Dropping frame 1403636988.7016666
Dropping frame 1403636988.9016666
Dropping frame 1403636989.1016665
Dropping frame 1403636989.3016665
Dropping frame 1403636989.5016665
Dropping frame 1403636989.6016665
Dropping frame 1403636989.7016666
Dropping frame 1403636989.9016666
Dropping frame 1403636990.1016665
Dropping frame 1403636990.3016665
Dropping frame 1403636990.5016665
Dropping frame 1403636990.7016666
Dropping frame 1403636990.9016666
Dropping frame 1403636991.0016665
Dropping frame 1403636991.1016665
Dropping frame 1403636991.3016665
Dropping frame 1403636991.4016666
Dropping frame 1403636991.5016665
Dropping frame 1403636991.7016666
Dropping frame 1403636991.9016666
Dropping frame 1403636992.1516664
Dropping frame 1403636992.2516665
Dropping frame 1403636992.3516665
Dropping frame 1403636992.5516665
Dropping frame 1403636992.9016666
Dropping frame 1403636993.4016666
Dropping frame 1403636993.6016665
Dropping frame 1403636993.7016666
Dropping frame 1403636993.8016665
Dropping frame 1403636994.0016665
Dropping frame 1403636994.2016666
Dropping frame 1403636994.4016666
Dropping frame 1403636994.6016665
Dropping frame 1403636994.7016666
Dropping frame 1403636994.8016665
Dropping frame 1403636995.0016665
Dropping frame 1403636995.2016666
Dropping frame 1403636995.3016665
Dropping frame 1403636995.4016666
Dropping frame 1403636995.6016665
Dropping frame 1403636995.8016665
Dropping frame 1403636996.0016665
Dropping frame 1403636996.2016666
Dropping frame 1403636996.4016666
Dropping frame 1403636996.5516665
Dropping frame 1403636996.6516664
Dropping frame 1403636996.8516665
Dropping frame 1403636997.0516665
Dropping frame 1403636997.2516665
Dropping frame 1403636997.3516665
Dropping frame 1403636997.4516664
Dropping frame 1403636997.6516664
Dropping frame 1403636997.8016665
Dropping frame 1403636998.0016665
Dropping frame 1403636998.2016666
Dropping frame 1403636998.4016666
Dropping frame 1403636998.6016665
Dropping frame 1403636998.8016665
Dropping frame 1403636998.9016666
Dropping frame 1403636999.0016665
Dropping frame 1403636999.2016666
Dropping frame 1403636999.4016666
Dropping frame 1403636999.6016665
Dropping frame 1403636999.8016665
Dropping frame 1403636999.9016666
Dropping frame 1403637000.1016665
Dropping frame 1403637000.3016665
Dropping frame 1403637000.5016665
Dropping frame 1403637000.7016666
Dropping frame 1403637000.9016666
Dropping frame 1403637001.0016665
Dropping frame 1403637001.1016665
Dropping frame 1403637001.3016665
Dropping frame 1403637001.5016665
Dropping frame 1403637001.6016665
Dropping frame 1403637001.7016666
Dropping frame 1403637001.9016666
Dropping frame 1403637002.1016665
Dropping frame 1403637002.3016665
Dropping frame 1403637002.5016665
Dropping frame 1403637002.7016666
Dropping frame 1403637002.8016665
Dropping frame 1403637003.0516665
Dropping frame 1403637003.2516665
Dropping frame 1403637003.3516665
Dropping frame 1403637003.4516664
Dropping frame 1403637003.6516664
Dropping frame 1403637003.8516665
Dropping frame 1403637004.0516665
Dropping frame 1403637004.2516665
Dropping frame 1403637004.4516664
Dropping frame 1403637004.6516664
Dropping frame 1403637004.7516665
Dropping frame 1403637005.0016665
Dropping frame 1403637005.2016666
Dropping frame 1403637005.3516665
Dropping frame 1403637005.6016665
Dropping frame 1403637005.8016665
Dropping frame 1403637005.9016666
Dropping frame 1403637006.1516664
Dropping frame 1403637006.3516665
Dropping frame 1403637006.5516665
Dropping frame 1403637006.6516664
Dropping frame 1403637006.9016666
Dropping frame 1403637007.1016665
Dropping frame 1403637007.3016665
Dropping frame 1403637007.5016665
Dropping frame 1403637007.6016665
Dropping frame 1403637007.7016666
Dropping frame 1403637007.9016666
Dropping frame 1403637008.0016665
Dropping frame 1403637008.2516665
Dropping frame 1403637008.4516664
Dropping frame 1403637008.6516664
Dropping frame 1403637008.7516665
Dropping frame 1403637008.9516664
Dropping frame 1403637009.0516665
Dropping frame 1403637009.2516665
Dropping frame 1403637009.3516665
Dropping frame 1403637009.4516664
Dropping frame 1403637009.6516664
Dropping frame 1403637009.8516665
Dropping frame 1403637010.0516665
Dropping frame 1403637010.1516664
Dropping frame 1403637010.4016666
Dropping frame 1403637010.6016665
Shutdown
SLAM Finished at System Time: 1743085352.25554

 TIME STATS in ms (mean$\pm$std)
OpenCV version: 4.8.1
---------------------------
Tracking

ORB Extraction: 22.78$\pm$2.1505
Stereo Matching: 7.3529$\pm$2.1322
IMU Preintegration: 0.2494$\pm$0.097465
Pose Prediction: 0.22312$\pm$0.62334
LM Track: 19.766$\pm$5.7401
New KF decision: 1.3784$\pm$2.5369
Total Tracking: 31.078$\pm$28.859



Local Mapping

KF Insertion: 17.609$\pm$4.9356
MP Culling: 0.56433$\pm$0.23324
MP Creation: 50.799$\pm$15.489
LBA: 150.86$\pm$56.431
KF Culling: 15.631$\pm$10.285
Total Local Mapping: 235.57$\pm$79.59
---------------------------

LBA complexity (mean$\pm$std)
LBA Edges: 1702.8$\pm$603.9
LBA KF optimized: 6.5$\pm$2.2913
LBA KF fixed: 1$\pm$0
LBA MP: nan$\pm$nan

LBA executions: 451
LBA aborts: 0
---------------------------

Map complexity
KFs in map: 121
MPs in map: 8809
---------------------------

Place Recognition (mean$\pm$std)
Database Query: 1.433$\pm$0.80292
SE3 estimation: 9.0557$\pm$14.905
Total Place Recognition: 9.3768$\pm$14.807


Loop Closing (mean$\pm$std)
Loop Fusion: nan$\pm$nan
Essential Graph: nan$\pm$nan
Total Loop Closing: nan$\pm$nan

Num exec: 0
Number of KFs: nan$\pm$nan

Map Merging (mean$\pm$std)
Merge Maps: nan$\pm$nan
Welding BA: nan$\pm$nan
Optimization Ess.: nan$\pm$nan
Total Map Merging: nan$\pm$nan

Num exec: 0
Number of KFs: nan$\pm$nan
Number of MPs: nan$\pm$nan

Full GBA (mean$\pm$std)
GBA: nan$\pm$nan
Map Update: nan$\pm$nan
Total Full GBA: nan$\pm$nan

Num exec: 0
Num abort: 0
Number of KFs: nan$\pm$nan
Number of MPs: nan$\pm$nan

Saving trajectory to f_dataset-MH02_stereo_imu.txt ...
There are 1 maps in the atlas
  Map 0 has 121 KFs

End of saving trajectory to f_dataset-MH02_stereo_imu.txt ...

Saving keyframe trajectory to kf_dataset-MH02_stereo_imu.txt ...
