num_seq = 1
file name: dataset-V203_stereo_imu
Loading images for sequence 0...LOADED!
Loading IMU for sequence 0...LOADED!

-------

ORB-SLAM3 Copyright (C) 2017-2020 Carlos Campos, Richard Elvira, Juan J. Gómez, José M.M. Montiel and Juan D. Tardós, University of Zaragoza.
ORB-SLAM2 Copyright (C) 2014-2016 Raúl Mur-Artal, José M.M. Montiel and Juan D. Tardós, University of Zaragoza.
This program comes with ABSOLUTELY NO WARRANTY;
This is free software, and you are welcome to redistribute it
under certain conditions. See LICENSE.txt.

Built with REGISTER_TIMES
Git Commit Hash: 33f00b6

Build Type: Release

Compiled with C++ version: 201703

Input sensor was set to: Stereo-Inertial
Loading settings from EuRoC_fov_deadlines_mask_6x6.yaml
	-Loaded camera 1
	-Loaded camera 2
	-Loaded image info
	-Loaded IMU calibration
	-Loaded ORB settings
	-Loaded viewer settings
	-Loaded Atlas settings
Deadlines enabled, will skip frames!
FOV enabled
Static mask size: 6x6
Dumping map points enabled
	-Loaded misc parameters
	-Computed rectification maps
----------------------------------
SLAM settings: 
	-Camera 1 parameters (Pinhole): [ 458.65399169921875 457.29598999023438 367.21499633789062 248.375 ]
	-Camera 1 distortion parameters: [  -0.28340810537338257 0.073959067463874817 0.00019359000725671649 1.7618711353861727e-05 ]
	-Camera 2 parameters (Pinhole: [ 457.58700561523438 456.13400268554688 379.99899291992188 255.23800659179688 ]
	-Camera 1 distortion parameters: [  -0.2836836576461792 0.074512839317321777 -0.00010473000293131918 -3.555907096597366e-05 ]
	-Original image size: [ 752 , 480 ]
	-Current image size: [ 752 , 480 ]
	-Camera 1 parameters after rectification: [  456.71499633789062 456.71499633789062 364.52615356445312 257.268798828125 ]
	-Sequence FPS: 20
	-Stereo baseline: 0.11007784307003021
	-Stereo depth threshold : 60
	-Gyro noise: 0.00016999999934341758
	-Accelerometer noise: 0.0020000000949949026
	-Gyro walk: 1.9392999092815444e-05
	-Accelerometer walk: 0.0030000000260770321
	-IMU frequency: 200
	-Features per image: 1200
	-ORB scale factor: 1.2000000476837158
	-ORB number of scales: 8
	-Initial FAST threshold: 20
	-Min FAST threshold: 7


Loading ORB Vocabulary. This could take a while...
Vocabulary loaded!

Initialization of Atlas from scratch 
Creation of new map with id: 0
Creation of new map with last KF id: 0
Seq. Name: 
There are 1 cameras in the atlas
Camera 0 is pinhole
SLAM Started at System Time: 1746998119.63249
not IMU meas
not IMU meas
not enough acceleration
not enough acceleration
not enough acceleration
not enough acceleration
not enough acceleration
not enough acceleration
not enough acceleration
not enough acceleration
not enough acceleration
not enough acceleration
not enough acceleration
not enough acceleration
not enough acceleration
not enough acceleration
not enough acceleration
not enough acceleration
not enough acceleration
not enough acceleration
not enough acceleration
not enough acceleration
not enough acceleration
not enough acceleration
not enough acceleration
not enough acceleration
not enough acceleration
not enough acceleration
not enough acceleration
not enough acceleration
not enough acceleration
not enough acceleration
not enough acceleration
not enough acceleration
not enough acceleration
not enough acceleration
not enough acceleration
not enough acceleration
not enough acceleration
not enough acceleration
not enough acceleration
not enough acceleration
not enough acceleration
not enough acceleration
not enough acceleration
not enough acceleration
not enough acceleration
not enough acceleration
not enough acceleration
not enough acceleration
not enough acceleration
not enough acceleration
not enough acceleration
not enough acceleration
not enough acceleration
not enough acceleration
not enough acceleration
not enough acceleration
not enough acceleration
not enough acceleration
not enough acceleration
not enough acceleration
not enough acceleration
not enough acceleration
not enough acceleration
not enough acceleration
not enough acceleration
not enough acceleration
not enough acceleration
not enough acceleration
not enough acceleration
not enough acceleration
not enough acceleration
not enough acceleration
not enough acceleration
not enough acceleration
not enough acceleration
not enough acceleration
not enough acceleration
not enough acceleration
not enough acceleration
not enough acceleration
not enough acceleration
not enough acceleration
not enough acceleration
not enough acceleration
not enough acceleration
not enough acceleration
not enough acceleration
not enough acceleration
not enough acceleration
not enough acceleration
not enough acceleration
not enough acceleration
not enough acceleration
not enough acceleration
not enough acceleration
not enough acceleration
not enough acceleration
not enough acceleration
not enough acceleration
not enough acceleration
not enough acceleration
not enough acceleration
not enough acceleration
not enough acceleration
not enough acceleration
not enough acceleration
not enough acceleration
First KF:0; Map init KF:0
New Map created with 412 points
Active map: 0
Dropping frame 1413394887.1557603
Dropping frame 1413394890.2057605
start VIBA 1
end VIBA 1
Dropping frame 1413394893.5057604
Dropping frame 1413394896.0057604
Dropping frame 1413394896.6057606
Dropping frame 1413394896.8057606
Dropping frame 1413394897.0557604
Dropping frame 1413394897.3057606
Dropping frame 1413394897.4057605
Dropping frame 1413394897.5057604
Dropping frame 1413394897.7057605
Dropping frame 1413394897.8057606
Dropping frame 1413394898.1057606
Dropping frame 1413394898.2557604
Dropping frame 1413394898.6557603
Dropping frame 1413394901.6557603
Dropping frame 1413394902.0557604
Dropping frame 1413394902.1557603
Dropping frame 1413394902.2557604
start VIBA 2
end VIBA 2
Dropping frame 1413394903.9057605
Dropping frame 1413394905.4057605
Dropping frame 1413394905.5557604
Dropping frame 1413394906.2557604
Dropping frame 1413394906.7557604
Dropping frame 1413394907.0557604
Dropping frame 1413394910.1057606
Dropping frame 1413394910.4557605
Dropping frame 1413394911.0057604
Dropping frame 1413394911.5057604
Dropping frame 1413394911.7557604
Dropping frame 1413394913.2557604
*Loop detected
phi = -0.037215889689117938 0.0086725205761914049  0.040593072723808951
BAD LOOP!!!
Dropping frame 1413394935.8557603
Fail to track local map!
Fail to track local map!
Fail to track local map!
Fail to track local map!
Fail to track local map!
Dropping frame 1413394942.0057604
Dropping frame 1413394943.0557604
Dropping frame 1413394943.1557603
*Loop detected
phi =  0.010932197741471712  0.055787086901485955 -0.056440998564103485
BAD LOOP!!!
*Loop detected
phi = 0.0049538979777082491  0.055889380394900851  -0.16556144973200815
BAD LOOP!!!
Dropping frame 1413394944.1057606
*Loop detected
phi =  0.020797557983685475   0.17595768042255736 -0.082689936310081466
BAD LOOP!!!
Dropping frame 1413394944.4057605
Dropping frame 1413394944.5057604
*Loop detected
phi = 0.0054505329031487174  0.014635688950147363 0.0052653762174692037
BAD LOOP!!!
Dropping frame 1413394944.6057606
Dropping frame 1413394944.7557604
Dropping frame 1413394944.8557603
Dropping frame 1413394944.9557605
Dropping frame 1413394945.3057606
Dropping frame 1413394945.4557605
Dropping frame 1413394946.0057604
Dropping frame 1413394946.2557604
Dropping frame 1413394956.6557603
Dropping frame 1413394956.8057606
Dropping frame 1413394956.9057605
Dropping frame 1413394957.0057604
*Loop detected
phi = -0.001937638745123296  0.017959595433402722  0.039702388382571487
BAD LOOP!!!
Dropping frame 1413394957.7057605
Dropping frame 1413394957.9557605
Dropping frame 1413394958.4057605
Dropping frame 1413394958.5057604
*Loop detected
phi = -0.011094236258120178 0.0032035213318139916  0.042119179056829388
BAD LOOP!!!
*Loop detected
phi = 0.074844912752204437 0.062611310074891138 0.012846439332720049
BAD LOOP!!!
*Loop detected
phi =  0.014079716488800747 0.0088603408677030669  0.010476267739924298
BAD LOOP!!!
*Loop detected
phi = 0.019171429152762761 0.011699586186600159 0.018888082092988867
BAD LOOP!!!
*Loop detected
phi = 0.0075484913122887088 0.0015056711625915423  0.019782055961677609
Local Mapping STOP
Local Mapping RELEASE
Dropping frame 1413394962.0057604
Dropping frame 1413394962.3557603
Dropping frame 1413394964.3557603
Dropping frame 1413394965.2057605
Dropping frame 1413394965.4557605
Dropping frame 1413394973.1057606
Dropping frame 1413394973.2057605
Dropping frame 1413394973.5057604
Dropping frame 1413394973.6057606
Dropping frame 1413394975.0057604
Dropping frame 1413394975.5557604
Dropping frame 1413394978.4057605
Dropping frame 1413394978.6057606
Dropping frame 1413394978.7057605
Dropping frame 1413394978.8557603
Dropping frame 1413394978.9557605
Dropping frame 1413394979.0557604
Dropping frame 1413394979.3557603
Dropping frame 1413394979.5557604
Dropping frame 1413394979.6557603
Dropping frame 1413394979.7557604
Dropping frame 1413394979.8557603
Dropping frame 1413394979.9557605
Dropping frame 1413394980.6557603
Dropping frame 1413394980.8057606
Dropping frame 1413394981.2557604
Dropping frame 1413394981.3557603
Dropping frame 1413394981.7057605
Dropping frame 1413394981.9557605
Dropping frame 1413394982.2057605
Fail to track local map!
Fail to track local map!
Fail to track local map!
Fail to track local map!
Fail to track local map!
Fail to track local map!
Fail to track local map!
Fail to track local map!
Dropping frame 1413394992.7057605
Dropping frame 1413394993.1057606
Dropping frame 1413394993.4557605
Dropping frame 1413394993.6057606
Dropping frame 1413394993.9557605
Dropping frame 1413394994.0557604
Shutdown
SLAM Finished at System Time: 1746998253.06974

 TIME STATS in ms (mean$\pm$std)
OpenCV version: 4.8.1
---------------------------
Tracking

ORB Extraction: 13.291$\pm$2.0161
Stereo Matching: 6.8181$\pm$2.7728
IMU Preintegration: 0.18869$\pm$0.069157
Pose Prediction: 0.26544$\pm$1.0373
LM Track: 13.319$\pm$4.1535
New KF decision: 1.8016$\pm$2.6379
Total Tracking: 35.747$\pm$13.651



Local Mapping

KF Insertion: 8.8191$\pm$3.6904
MP Culling: 0.44822$\pm$0.23982
MP Creation: 33.148$\pm$15.526
LBA: 79.1$\pm$33.139
KF Culling: 6.178$\pm$4.7408
Total Local Mapping: 127.93$\pm$49.072
---------------------------

LBA complexity (mean$\pm$std)
LBA Edges: 2785.2$\pm$787.36
LBA KF optimized: 6.5$\pm$2.2913
LBA KF fixed: 1$\pm$0
LBA MP: nan$\pm$nan

LBA executions: 619
LBA aborts: 0
---------------------------

Map complexity
KFs in map: 233
MPs in map: 10694
---------------------------

Place Recognition (mean$\pm$std)
Database Query: 1.144$\pm$0.71366
SE3 estimation: 10.721$\pm$9.8306
Total Place Recognition: 10.465$\pm$10.331


Loop Closing (mean$\pm$std)
Loop Fusion: 101.47$\pm$0
Essential Graph: 95.831$\pm$0
Total Loop Closing: 249.08$\pm$0

Num exec: 1
Number of KFs: nan$\pm$nan

Map Merging (mean$\pm$std)
Merge Maps: nan$\pm$nan
Welding BA: nan$\pm$nan
Optimization Ess.: nan$\pm$nan
Total Map Merging: nan$\pm$nan

Num exec: 0
Number of KFs: nan$\pm$nan
Number of MPs: nan$\pm$nan

Full GBA (mean$\pm$std)
GBA: nan$\pm$nan
Map Update: nan$\pm$nan
Total Full GBA: nan$\pm$nan

Num exec: 0
Num abort: 0
Number of KFs: nan$\pm$nan
Number of MPs: nan$\pm$nan

Saving trajectory to f_dataset-V203_stereo_imu.txt ...
There are 1 maps in the atlas
  Map 0 has 233 KFs

End of saving trajectory to f_dataset-V203_stereo_imu.txt ...

Saving keyframe trajectory to kf_dataset-V203_stereo_imu.txt ...
