num_seq = 1
file name: dataset-MH03_stereo_imu
Loading images for sequence 0...LOADED!
Loading IMU for sequence 0...LOADED!

-------

ORB-SLAM3 Copyright (C) 2017-2020 Carlos Campos, Richard Elvira, Juan J. Gómez, José M.M. Montiel and Juan D. Tardós, University of Zaragoza.
ORB-SLAM2 Copyright (C) 2014-2016 Raúl Mur-Artal, José M.M. Montiel and Juan D. Tardós, University of Zaragoza.
This program comes with ABSOLUTELY NO WARRANTY;
This is free software, and you are welcome to redistribute it
under certain conditions. See LICENSE.txt.

Built with REGISTER_TIMES
Git Commit Hash: 2d47524

Build Type: Release

Compiled with C++ version: 201703

Input sensor was set to: Stereo-Inertial
Loading settings from EuRoC_fov_deadlines_mask_11x11.yaml
	-Loaded camera 1
	-Loaded camera 2
	-Loaded image info
	-Loaded IMU calibration
	-Loaded ORB settings
	-Loaded viewer settings
	-Loaded Atlas settings
Deadlines enabled, will skip frames!
FOV enabled
Static mask size: 11x11
Dumping map points enabled
	-Loaded misc parameters
	-Computed rectification maps
----------------------------------
SLAM settings: 
	-Camera 1 parameters (Pinhole): [ 458.65399169921875 457.29598999023438 367.21499633789062 248.375 ]
	-Camera 1 distortion parameters: [  -0.28340810537338257 0.073959067463874817 0.00019359000725671649 1.7618711353861727e-05 ]
	-Camera 2 parameters (Pinhole: [ 457.58700561523438 456.13400268554688 379.99899291992188 255.23800659179688 ]
	-Camera 1 distortion parameters: [  -0.2836836576461792 0.074512839317321777 -0.00010473000293131918 -3.555907096597366e-05 ]
	-Original image size: [ 752 , 480 ]
	-Current image size: [ 752 , 480 ]
	-Camera 1 parameters after rectification: [  456.71499633789062 456.71499633789062 364.52615356445312 257.268798828125 ]
	-Sequence FPS: 20
	-Stereo baseline: 0.11007784307003021
	-Stereo depth threshold : 60
	-Gyro noise: 0.00016999999934341758
	-Accelerometer noise: 0.0020000000949949026
	-Gyro walk: 1.9392999092815444e-05
	-Accelerometer walk: 0.0030000000260770321
	-IMU frequency: 200
	-Features per image: 1200
	-ORB scale factor: 1.2000000476837158
	-ORB number of scales: 8
	-Initial FAST threshold: 20
	-Min FAST threshold: 7


Loading ORB Vocabulary. This could take a while...
Vocabulary loaded!

Initialization of Atlas from scratch 
Creation of new map with id: 0
Creation of new map with last KF id: 0
Seq. Name: 
There are 1 cameras in the atlas
Camera 0 is pinhole
SLAM Started at System Time: 1742842019.66716
not IMU meas
not IMU meas
not enough acceleration
not enough acceleration
First KF:0; Map init KF:0
New Map created with 248 points
Active map: 0
Dropping frame 1403637130.8383191
Not enough motion for initializing. Reseting...
TRACK: Reset map because local mapper set the bad imu flag 
LM: Reseting current map in Local Mapping...
LM: End reseting Local Mapping...
LM: Reset free the mutex
LM: Active map reset recieved
LM: Active map reset, waiting...
LM: Reseting current map in Local Mapping...
LM: End reseting Local Mapping...
LM: Reset free the mutex
LM: Active map reset, Done!!!
mnFirstFrameId = 4
mnInitialFrameId = 0
50 Frames set to lost
not IMU meas
not enough acceleration
First KF:11; Map init KF:0
New Map created with 276 points
Active map: 0
Dropping frame 1403637133.638319
Dropping frame 1403637134.2883189
Dropping frame 1403637134.688319
Dropping frame 1403637134.888319
Dropping frame 1403637134.9883189
Dropping frame 1403637135.0883191
Dropping frame 1403637135.4383192
Dropping frame 1403637135.7883189
Dropping frame 1403637136.388319
Dropping frame 1403637136.5883191
Dropping frame 1403637136.688319
Dropping frame 1403637136.7883189
Dropping frame 1403637136.9883189
Dropping frame 1403637137.0883191
Dropping frame 1403637137.188319
Dropping frame 1403637137.388319
Dropping frame 1403637137.5383191
Dropping frame 1403637137.7383192
Dropping frame 1403637138.4883189
Dropping frame 1403637138.5883191
Dropping frame 1403637138.688319
start VIBA 1
Dropping frame 1403637138.888319
end VIBA 1
Dropping frame 1403637139.0883191
Dropping frame 1403637139.2883189
Dropping frame 1403637139.4383192
Dropping frame 1403637139.638319
Dropping frame 1403637139.7383192
Dropping frame 1403637139.9383192
Dropping frame 1403637140.0383191
Not enough motion for initializing. Reseting...
TRACK: Reset map because local mapper set the bad imu flag 
LM: Reseting current map in Local Mapping...
LM: End reseting Local Mapping...
LM: Reset free the mutex
LM: Active map reset recieved
LM: Active map reset, waiting...
LM: Reseting current map in Local Mapping...
LM: End reseting Local Mapping...
LM: Reset free the mutex
LM: Active map reset, Done!!!
mnFirstFrameId = 57
mnInitialFrameId = 54
154 Frames set to lost
not IMU meas
First KF:39; Map init KF:11
New Map created with 276 points
Active map: 0
Dropping frame 1403637140.3383191
Dropping frame 1403637140.8383191
Dropping frame 1403637141.0383191
Dropping frame 1403637141.2383192
Dropping frame 1403637141.4383192
Dropping frame 1403637141.638319
Dropping frame 1403637141.7383192
Dropping frame 1403637141.9883189
Dropping frame 1403637142.0883191
Dropping frame 1403637142.3383191
Dropping frame 1403637142.638319
Dropping frame 1403637143.138319
Not enough motion for initializing. Reseting...
TRACK: Reset map because local mapper set the bad imu flag 
LM: Reseting current map in Local Mapping...
LM: End reseting Local Mapping...
LM: Reset free the mutex
LM: Active map reset recieved
LM: Active map reset, waiting...
LM: Reseting current map in Local Mapping...
LM: End reseting Local Mapping...
LM: Reset free the mutex
LM: Active map reset, Done!!!
mnFirstFrameId = 163
mnInitialFrameId = 161
203 Frames set to lost
not IMU meas
not enough acceleration
Dropping frame 1403637143.388319
not enough acceleration
not enough acceleration
not enough acceleration
not enough acceleration
Dropping frame 1403637143.638319
not enough acceleration
not enough acceleration
not enough acceleration
not enough acceleration
not enough acceleration
not enough acceleration
Dropping frame 1403637143.9883189
First KF:50; Map init KF:39
New Map created with 271 points
Active map: 0
Not enough motion for initializing. Reseting...
TRACK: Reset map because local mapper set the bad imu flag 
LM: Active map reset recieved
LM: Active map reset, waiting...
LM: Reseting current map in Local Mapping...
LM: End reseting Local Mapping...
LM: Reset free the mutex
LM: Active map reset, Done!!!
mnFirstFrameId = 225
mnInitialFrameId = 212
260 Frames set to lost
not IMU meas
not enough acceleration
not enough acceleration
not enough acceleration
not enough acceleration
not enough acceleration
not enough acceleration
not enough acceleration
not enough acceleration
not enough acceleration
not enough acceleration
not enough acceleration
not enough acceleration
Dropping frame 1403637147.5883191
not enough acceleration
not enough acceleration
not enough acceleration
not enough acceleration
not enough acceleration
not enough acceleration
not enough acceleration
not enough acceleration
not enough acceleration
not enough acceleration
not enough acceleration
not enough acceleration
not enough acceleration
not enough acceleration
not enough acceleration
not enough acceleration
not enough acceleration
not enough acceleration
not enough acceleration
not enough acceleration
not enough acceleration
Dropping frame 1403637148.688319
not enough acceleration
not enough acceleration
not enough acceleration
not enough acceleration
not enough acceleration
not enough acceleration
not enough acceleration
not enough acceleration
not enough acceleration
not enough acceleration
not enough acceleration
not enough acceleration
not enough acceleration
not enough acceleration
not enough acceleration
not enough acceleration
not enough acceleration
not enough acceleration
not enough acceleration
not enough acceleration
First KF:61; Map init KF:50
New Map created with 229 points
Active map: 0
Dropping frame 1403637150.2883189
Dropping frame 1403637151.638319
start VIBA 1
Dropping frame 1403637155.4883189
end VIBA 1
Dropping frame 1403637156.0383191
Dropping frame 1403637156.3383191
Dropping frame 1403637156.5883191
Dropping frame 1403637156.688319
Dropping frame 1403637156.888319
Dropping frame 1403637156.9883189
Dropping frame 1403637157.0883191
Dropping frame 1403637157.188319
Dropping frame 1403637157.2883189
Dropping frame 1403637157.4383192
Dropping frame 1403637157.5883191
Dropping frame 1403637157.688319
Dropping frame 1403637157.888319
Dropping frame 1403637157.9883189
Dropping frame 1403637158.0883191
Dropping frame 1403637158.2383192
Dropping frame 1403637158.3383191
Dropping frame 1403637158.4383192
Dropping frame 1403637158.5383191
Dropping frame 1403637158.638319
Dropping frame 1403637158.7383192
Dropping frame 1403637158.8383191
Dropping frame 1403637158.9383192
Dropping frame 1403637159.0383191
Dropping frame 1403637159.138319
Dropping frame 1403637159.2883189
Dropping frame 1403637159.4383192
Dropping frame 1403637159.5383191
Dropping frame 1403637159.688319
Dropping frame 1403637159.7883189
Dropping frame 1403637159.888319
Dropping frame 1403637159.9883189
Dropping frame 1403637160.138319
Dropping frame 1403637160.2383192
Dropping frame 1403637160.3383191
Dropping frame 1403637160.4883189
Dropping frame 1403637160.5883191
Dropping frame 1403637160.688319
Dropping frame 1403637160.7883189
Dropping frame 1403637160.9883189
Dropping frame 1403637161.0883191
Dropping frame 1403637161.188319
Dropping frame 1403637161.2883189
Dropping frame 1403637161.388319
Dropping frame 1403637161.4883189
Dropping frame 1403637161.5883191
Dropping frame 1403637161.688319
Dropping frame 1403637161.7883189
Dropping frame 1403637161.9383192
Dropping frame 1403637162.0383191
Dropping frame 1403637162.138319
Dropping frame 1403637162.2883189
Dropping frame 1403637162.388319
Dropping frame 1403637162.4883189
Dropping frame 1403637162.688319
Dropping frame 1403637162.7883189
Dropping frame 1403637162.888319
Dropping frame 1403637162.9883189
Dropping frame 1403637163.0883191
Dropping frame 1403637163.188319
Dropping frame 1403637163.2883189
Dropping frame 1403637163.388319
Dropping frame 1403637163.5383191
Dropping frame 1403637163.7383192
Dropping frame 1403637163.8383191
Dropping frame 1403637163.9383192
Dropping frame 1403637164.188319
Dropping frame 1403637164.2883189
Dropping frame 1403637164.388319
Dropping frame 1403637164.638319
Dropping frame 1403637164.7383192
Dropping frame 1403637164.8383191
Dropping frame 1403637164.9383192
start VIBA 2
Dropping frame 1403637165.0383191
Dropping frame 1403637165.2383192
end VIBA 2
Dropping frame 1403637165.3383191
Dropping frame 1403637165.4383192
Dropping frame 1403637165.5383191
Dropping frame 1403637165.7383192
Dropping frame 1403637166.0383191
Dropping frame 1403637166.2383192
Dropping frame 1403637166.5883191
Dropping frame 1403637166.7883189
Dropping frame 1403637166.9883189
Dropping frame 1403637167.0883191
Dropping frame 1403637167.2883189
Dropping frame 1403637167.5383191
Dropping frame 1403637167.7383192
Dropping frame 1403637167.8383191
Dropping frame 1403637167.9383192
Dropping frame 1403637168.138319
Dropping frame 1403637168.3383191
Dropping frame 1403637168.5383191
Dropping frame 1403637168.638319
Dropping frame 1403637168.8383191
Dropping frame 1403637169.0383191
Dropping frame 1403637169.2383192
Dropping frame 1403637169.4383192
Dropping frame 1403637169.638319
Dropping frame 1403637169.8383191
Dropping frame 1403637170.0383191
Dropping frame 1403637170.2383192
Dropping frame 1403637170.4383192
Dropping frame 1403637170.638319
Dropping frame 1403637170.888319
Dropping frame 1403637170.9883189
Dropping frame 1403637171.188319
Dropping frame 1403637171.388319
Dropping frame 1403637171.4883189
Dropping frame 1403637171.688319
Dropping frame 1403637171.888319
Dropping frame 1403637172.0883191
Dropping frame 1403637172.2883189
Dropping frame 1403637172.688319
Dropping frame 1403637172.888319
Dropping frame 1403637172.9883189
Dropping frame 1403637173.188319
Dropping frame 1403637173.388319
Dropping frame 1403637173.5883191
Dropping frame 1403637173.7883189
Dropping frame 1403637173.9383192
Dropping frame 1403637174.138319
Dropping frame 1403637174.3383191
Dropping frame 1403637174.5383191
Dropping frame 1403637174.7383192
Dropping frame 1403637174.9383192
Dropping frame 1403637175.138319
Dropping frame 1403637175.3383191
Dropping frame 1403637175.5383191
Dropping frame 1403637175.7383192
Dropping frame 1403637175.8383191
Dropping frame 1403637176.188319
Dropping frame 1403637176.388319
Dropping frame 1403637176.4883189
Dropping frame 1403637176.688319
Dropping frame 1403637176.888319
Dropping frame 1403637177.0883191
Dropping frame 1403637177.188319
Dropping frame 1403637177.2883189
Dropping frame 1403637177.4883189
Dropping frame 1403637177.688319
Dropping frame 1403637177.888319
Dropping frame 1403637178.0883191
Dropping frame 1403637178.2883189
Dropping frame 1403637178.4883189
Dropping frame 1403637178.688319
Dropping frame 1403637178.888319
Dropping frame 1403637178.9883189
Dropping frame 1403637179.2383192
Dropping frame 1403637179.3383191
Dropping frame 1403637179.5383191
Dropping frame 1403637179.7383192
Dropping frame 1403637179.9383192
Dropping frame 1403637180.0883191
Dropping frame 1403637180.188319
Dropping frame 1403637180.388319
Dropping frame 1403637180.5883191
Dropping frame 1403637180.7883189
Dropping frame 1403637180.9383192
Dropping frame 1403637181.188319
Dropping frame 1403637181.388319
Dropping frame 1403637181.5883191
Dropping frame 1403637182.188319
Dropping frame 1403637182.5383191
Dropping frame 1403637182.8383191
Dropping frame 1403637183.0383191
Dropping frame 1403637183.138319
Dropping frame 1403637183.4883189
Dropping frame 1403637183.8383191
Dropping frame 1403637184.4883189
Dropping frame 1403637184.7883189
Dropping frame 1403637184.9883189
Dropping frame 1403637185.0883191
Dropping frame 1403637185.3383191
Dropping frame 1403637185.4883189
Dropping frame 1403637185.7883189
Dropping frame 1403637186.0383191
Dropping frame 1403637186.2383192
Dropping frame 1403637186.4383192
Dropping frame 1403637186.5883191
Dropping frame 1403637186.7883189
Dropping frame 1403637186.9383192
Dropping frame 1403637187.2383192
Dropping frame 1403637187.4383192
Dropping frame 1403637187.638319
Dropping frame 1403637187.7383192
Dropping frame 1403637187.8383191
Dropping frame 1403637188.0383191
Dropping frame 1403637188.138319
Dropping frame 1403637188.388319
Dropping frame 1403637188.4883189
Dropping frame 1403637188.5883191
Dropping frame 1403637188.7883189
Dropping frame 1403637189.0883191
Dropping frame 1403637189.188319
Dropping frame 1403637189.2883189
Dropping frame 1403637189.4883189
Dropping frame 1403637189.5883191
Dropping frame 1403637189.8383191
Dropping frame 1403637189.9383192
Dropping frame 1403637190.0383191
Dropping frame 1403637190.2383192
Dropping frame 1403637190.3383191
Dropping frame 1403637190.5883191
Dropping frame 1403637190.888319
Dropping frame 1403637190.9883189
Dropping frame 1403637191.2383192
Dropping frame 1403637191.5883191
Dropping frame 1403637191.7883189
Dropping frame 1403637192.0883191
Dropping frame 1403637192.188319
Dropping frame 1403637192.4383192
Dropping frame 1403637192.638319
Dropping frame 1403637192.7383192
Dropping frame 1403637192.8383191
Dropping frame 1403637193.0383191
Dropping frame 1403637193.188319
Dropping frame 1403637193.388319
Dropping frame 1403637193.688319
Dropping frame 1403637193.7883189
Dropping frame 1403637193.888319
Dropping frame 1403637194.0883191
Dropping frame 1403637194.188319
Dropping frame 1403637194.4883189
Dropping frame 1403637194.688319
Dropping frame 1403637194.9883189
Dropping frame 1403637195.2883189
Dropping frame 1403637195.4883189
Dropping frame 1403637195.8383191
Dropping frame 1403637195.9383192
Dropping frame 1403637196.388319
Dropping frame 1403637196.638319
Dropping frame 1403637196.7383192
Dropping frame 1403637196.8383191
Dropping frame 1403637197.0383191
Dropping frame 1403637197.3383191
Dropping frame 1403637197.4383192
Dropping frame 1403637197.7383192
Dropping frame 1403637197.8383191
Dropping frame 1403637198.0383191
Dropping frame 1403637198.138319
Dropping frame 1403637198.2383192
Dropping frame 1403637198.4383192
Dropping frame 1403637198.5883191
Dropping frame 1403637198.7883189
Dropping frame 1403637198.888319
Dropping frame 1403637198.9883189
Dropping frame 1403637199.188319
Dropping frame 1403637199.2883189
Dropping frame 1403637199.388319
Dropping frame 1403637199.5883191
Dropping frame 1403637199.688319
Dropping frame 1403637199.7883189
Dropping frame 1403637199.9883189
Dropping frame 1403637200.188319
Dropping frame 1403637200.2883189
Dropping frame 1403637200.388319
Dropping frame 1403637200.4883189
Dropping frame 1403637200.5883191
Dropping frame 1403637200.688319
Dropping frame 1403637200.9883189
Dropping frame 1403637201.188319
Dropping frame 1403637201.4383192
Dropping frame 1403637201.5383191
Dropping frame 1403637201.7383192
Dropping frame 1403637201.8383191
Dropping frame 1403637201.9383192
Dropping frame 1403637202.138319
Dropping frame 1403637202.2383192
Dropping frame 1403637202.3383191
Dropping frame 1403637202.5383191
Dropping frame 1403637202.7383192
Dropping frame 1403637202.9383192
Dropping frame 1403637203.0383191
Dropping frame 1403637203.2883189
Dropping frame 1403637203.388319
Dropping frame 1403637203.4883189
Dropping frame 1403637203.688319
Dropping frame 1403637203.7883189
Dropping frame 1403637203.888319
Dropping frame 1403637204.0883191
Dropping frame 1403637204.2383192
Dropping frame 1403637204.4383192
Dropping frame 1403637204.5383191
Dropping frame 1403637204.638319
Dropping frame 1403637204.8383191
Dropping frame 1403637204.9383192
Dropping frame 1403637205.0383191
Dropping frame 1403637205.2383192
Dropping frame 1403637205.3383191
Dropping frame 1403637205.4383192
Dropping frame 1403637205.638319
Dropping frame 1403637205.7383192
Dropping frame 1403637205.8383191
Dropping frame 1403637206.0383191
Dropping frame 1403637206.2383192
Dropping frame 1403637206.3383191
Dropping frame 1403637206.4383192
Dropping frame 1403637206.5383191
Dropping frame 1403637206.7383192
Dropping frame 1403637206.9383192
Dropping frame 1403637207.0383191
Dropping frame 1403637207.138319
Dropping frame 1403637207.3383191
Dropping frame 1403637207.4883189
Dropping frame 1403637207.688319
Dropping frame 1403637207.7883189
Dropping frame 1403637208.0383191
Dropping frame 1403637208.2883189
Dropping frame 1403637208.5383191
Dropping frame 1403637208.638319
Dropping frame 1403637208.8383191
Dropping frame 1403637208.9883189
Dropping frame 1403637209.188319
Dropping frame 1403637209.4883189
Dropping frame 1403637209.5883191
Dropping frame 1403637209.7883189
Dropping frame 1403637209.9383192
Dropping frame 1403637210.0383191
Dropping frame 1403637210.2383192
Dropping frame 1403637210.3383191
Dropping frame 1403637210.4383192
Dropping frame 1403637210.638319
Dropping frame 1403637210.7383192
Dropping frame 1403637210.8383191
Dropping frame 1403637211.0383191
Dropping frame 1403637211.138319
Dropping frame 1403637211.2383192
Dropping frame 1403637211.3383191
Dropping frame 1403637211.4383192
Dropping frame 1403637211.5383191
Dropping frame 1403637211.638319
Dropping frame 1403637211.7383192
Dropping frame 1403637211.8383191
Dropping frame 1403637211.9883189
Dropping frame 1403637212.188319
Dropping frame 1403637212.2883189
Dropping frame 1403637212.388319
Dropping frame 1403637212.4883189
Dropping frame 1403637212.5883191
Dropping frame 1403637212.688319
Dropping frame 1403637212.888319
Dropping frame 1403637212.9883189
Dropping frame 1403637213.0883191
Dropping frame 1403637213.188319
Dropping frame 1403637213.2883189
Dropping frame 1403637213.4883189
Dropping frame 1403637213.5883191
Dropping frame 1403637213.688319
Dropping frame 1403637213.888319
Dropping frame 1403637214.0883191
Dropping frame 1403637214.188319
Dropping frame 1403637214.2883189
Dropping frame 1403637214.388319
Dropping frame 1403637214.4883189
Dropping frame 1403637214.5883191
Dropping frame 1403637214.7883189
Dropping frame 1403637214.888319
Dropping frame 1403637214.9883189
Dropping frame 1403637215.0883191
Dropping frame 1403637215.188319
Dropping frame 1403637215.2883189
Dropping frame 1403637215.4883189
Dropping frame 1403637215.5883191
Dropping frame 1403637215.688319
Dropping frame 1403637215.7883189
Dropping frame 1403637215.888319
Dropping frame 1403637215.9883189
Dropping frame 1403637216.0883191
Dropping frame 1403637216.188319
Dropping frame 1403637216.2883189
Dropping frame 1403637216.388319
Dropping frame 1403637216.4883189
Dropping frame 1403637216.5883191
Dropping frame 1403637216.7883189
Dropping frame 1403637216.888319
Dropping frame 1403637216.9883189
Dropping frame 1403637217.0883191
Dropping frame 1403637217.188319
Dropping frame 1403637217.388319
Dropping frame 1403637217.4883189
Dropping frame 1403637217.5883191
Dropping frame 1403637217.7883189
Dropping frame 1403637217.9883189
Dropping frame 1403637218.0883191
Dropping frame 1403637218.188319
Dropping frame 1403637218.2883189
Dropping frame 1403637218.4883189
Dropping frame 1403637218.5883191
Dropping frame 1403637218.7883189
Dropping frame 1403637218.888319
Dropping frame 1403637218.9883189
Dropping frame 1403637219.0883191
Dropping frame 1403637219.188319
Dropping frame 1403637219.388319
Dropping frame 1403637219.4883189
Dropping frame 1403637219.5883191
Dropping frame 1403637219.688319
Dropping frame 1403637219.888319
Dropping frame 1403637219.9883189
Dropping frame 1403637220.0883191
Dropping frame 1403637220.2883189
Dropping frame 1403637220.388319
Dropping frame 1403637220.4883189
Dropping frame 1403637220.688319
Dropping frame 1403637220.7883189
Dropping frame 1403637220.9883189
Dropping frame 1403637221.0883191
Dropping frame 1403637221.188319
Dropping frame 1403637221.388319
Dropping frame 1403637221.4883189
Dropping frame 1403637221.688319
Dropping frame 1403637221.7883189
Dropping frame 1403637221.888319
Dropping frame 1403637221.9883189
Dropping frame 1403637222.0883191
Dropping frame 1403637222.2883189
Dropping frame 1403637222.5883191
Dropping frame 1403637222.688319
Dropping frame 1403637222.7883189
Dropping frame 1403637222.9883189
Dropping frame 1403637223.188319
Dropping frame 1403637223.388319
Dropping frame 1403637223.4883189
Dropping frame 1403637223.5883191
Dropping frame 1403637223.7883189
Dropping frame 1403637223.9883189
Dropping frame 1403637224.0883191
Dropping frame 1403637224.188319
Dropping frame 1403637224.2883189
Dropping frame 1403637224.4883189
Dropping frame 1403637224.688319
Dropping frame 1403637224.9883189
Dropping frame 1403637225.188319
Dropping frame 1403637225.2883189
Dropping frame 1403637225.388319
Dropping frame 1403637225.4883189
Dropping frame 1403637225.5883191
Dropping frame 1403637225.7883189
Dropping frame 1403637225.9883189
Dropping frame 1403637226.188319
Dropping frame 1403637226.2883189
Dropping frame 1403637226.388319
Dropping frame 1403637226.5883191
Dropping frame 1403637226.7883189
Dropping frame 1403637226.888319
Dropping frame 1403637226.9883189
Dropping frame 1403637227.0883191
Dropping frame 1403637227.2883189
Dropping frame 1403637227.4883189
Dropping frame 1403637227.688319
Dropping frame 1403637227.7883189
Dropping frame 1403637228.0383191
Dropping frame 1403637228.2383192
Dropping frame 1403637228.3383191
Dropping frame 1403637228.4383192
Dropping frame 1403637228.5383191
Dropping frame 1403637228.7383192
Dropping frame 1403637228.8383191
Dropping frame 1403637228.9383192
Dropping frame 1403637229.0383191
Dropping frame 1403637229.138319
Dropping frame 1403637229.3383191
Dropping frame 1403637229.5383191
Dropping frame 1403637229.638319
Dropping frame 1403637229.7383192
Dropping frame 1403637229.8383191
Dropping frame 1403637230.0383191
Dropping frame 1403637230.138319
Dropping frame 1403637230.2383192
Dropping frame 1403637230.388319
Dropping frame 1403637230.4883189
Dropping frame 1403637230.7383192
Dropping frame 1403637230.8383191
Dropping frame 1403637231.0383191
Dropping frame 1403637231.138319
Dropping frame 1403637231.4883189
Dropping frame 1403637231.688319
Dropping frame 1403637231.7883189
Dropping frame 1403637232.0883191
Dropping frame 1403637232.188319
Dropping frame 1403637232.2883189
Dropping frame 1403637232.4883189
Dropping frame 1403637232.688319
Dropping frame 1403637232.888319
Dropping frame 1403637232.9883189
Dropping frame 1403637233.0883191
Dropping frame 1403637233.2883189
Dropping frame 1403637233.388319
Dropping frame 1403637233.5883191
Dropping frame 1403637233.688319
Dropping frame 1403637233.7883189
Dropping frame 1403637233.9883189
Dropping frame 1403637234.0883191
Dropping frame 1403637234.188319
Dropping frame 1403637234.2883189
Dropping frame 1403637234.5383191
Dropping frame 1403637234.7383192
Dropping frame 1403637234.9383192
Dropping frame 1403637235.0383191
Dropping frame 1403637235.138319
Dropping frame 1403637235.3383191
Dropping frame 1403637235.5383191
Dropping frame 1403637235.638319
Dropping frame 1403637235.7383192
Dropping frame 1403637236.0383191
Dropping frame 1403637236.138319
Dropping frame 1403637236.388319
Dropping frame 1403637236.4883189
Dropping frame 1403637236.5883191
Dropping frame 1403637236.688319
Dropping frame 1403637236.9383192
Dropping frame 1403637237.0383191
Dropping frame 1403637237.138319
Dropping frame 1403637237.4383192
Dropping frame 1403637237.5383191
Dropping frame 1403637237.7883189
Dropping frame 1403637237.888319
Dropping frame 1403637238.2883189
Dropping frame 1403637238.4883189
Dropping frame 1403637238.5883191
Dropping frame 1403637238.7383192
Dropping frame 1403637239.138319
Dropping frame 1403637239.2383192
Dropping frame 1403637239.688319
Dropping frame 1403637239.888319
Dropping frame 1403637240.188319
Dropping frame 1403637240.2883189
Dropping frame 1403637240.638319
Dropping frame 1403637240.8383191
Dropping frame 1403637240.9383192
Dropping frame 1403637241.0383191
Dropping frame 1403637241.3383191
Dropping frame 1403637241.5383191
Dropping frame 1403637241.638319
Dropping frame 1403637241.7383192
Dropping frame 1403637241.9383192
Dropping frame 1403637242.138319
Dropping frame 1403637242.3383191
Dropping frame 1403637242.4383192
Dropping frame 1403637242.5383191
Dropping frame 1403637242.7383192
Dropping frame 1403637242.8383191
Dropping frame 1403637243.0383191
Dropping frame 1403637243.188319
Dropping frame 1403637243.388319
Dropping frame 1403637243.5883191
Dropping frame 1403637243.7883189
Dropping frame 1403637243.888319
Dropping frame 1403637244.2883189
Dropping frame 1403637244.4883189
Dropping frame 1403637244.5883191
Dropping frame 1403637244.8383191
Dropping frame 1403637245.0383191
Dropping frame 1403637245.2383192
Dropping frame 1403637245.3383191
Dropping frame 1403637245.4383192
Dropping frame 1403637245.638319
Dropping frame 1403637246.0883191
Dropping frame 1403637246.4383192
Dropping frame 1403637246.638319
Dropping frame 1403637246.8383191
Dropping frame 1403637246.9383192
Dropping frame 1403637247.0383191
Dropping frame 1403637247.3383191
Dropping frame 1403637247.4383192
Dropping frame 1403637247.5383191
Dropping frame 1403637247.7383192
Dropping frame 1403637247.8383191
Dropping frame 1403637247.9383192
Dropping frame 1403637248.0383191
Dropping frame 1403637248.2383192
Dropping frame 1403637248.4383192
Dropping frame 1403637248.5383191
Dropping frame 1403637248.638319
Dropping frame 1403637248.8383191
Dropping frame 1403637249.0383191
Dropping frame 1403637249.2383192
Dropping frame 1403637249.3383191
Dropping frame 1403637249.4383192
Dropping frame 1403637249.638319
Dropping frame 1403637249.8383191
Dropping frame 1403637250.0383191
Dropping frame 1403637250.138319
Dropping frame 1403637250.2383192
Dropping frame 1403637250.4383192
Dropping frame 1403637250.5383191
Dropping frame 1403637250.638319
Dropping frame 1403637250.8383191
Dropping frame 1403637250.9383192
Dropping frame 1403637251.0383191
Dropping frame 1403637251.2383192
Dropping frame 1403637251.4383192
Dropping frame 1403637251.5383191
Dropping frame 1403637251.638319
Dropping frame 1403637251.7383192
Dropping frame 1403637251.9383192
Dropping frame 1403637252.138319
Dropping frame 1403637252.3383191
Dropping frame 1403637252.4383192
Dropping frame 1403637252.5383191
Dropping frame 1403637252.7383192
Dropping frame 1403637252.9383192
Dropping frame 1403637253.138319
Dropping frame 1403637253.2383192
Dropping frame 1403637253.3383191
Dropping frame 1403637253.5383191
Dropping frame 1403637253.638319
Dropping frame 1403637253.8383191
Dropping frame 1403637253.9383192
Dropping frame 1403637254.0383191
Dropping frame 1403637254.2383192
Dropping frame 1403637254.4383192
Dropping frame 1403637254.638319
Dropping frame 1403637254.7383192
Dropping frame 1403637254.8383191
Dropping frame 1403637255.0383191
Dropping frame 1403637255.2383192
Dropping frame 1403637255.4383192
Dropping frame 1403637255.5383191
Dropping frame 1403637255.638319
Dropping frame 1403637255.8383191
Dropping frame 1403637256.0383191
Dropping frame 1403637256.2383192
Dropping frame 1403637256.3383191
Dropping frame 1403637256.4383192
Dropping frame 1403637256.638319
Dropping frame 1403637256.8383191
Dropping frame 1403637257.0383191
Dropping frame 1403637257.138319
Dropping frame 1403637257.2383192
Dropping frame 1403637257.4383192
Dropping frame 1403637257.5383191
Dropping frame 1403637257.638319
Dropping frame 1403637257.8383191
Dropping frame 1403637258.0383191
Dropping frame 1403637258.2383192
Dropping frame 1403637258.4383192
Dropping frame 1403637258.5383191
Dropping frame 1403637258.638319
Dropping frame 1403637258.8383191
Dropping frame 1403637258.9383192
Dropping frame 1403637259.0383191
Dropping frame 1403637259.2383192
Dropping frame 1403637259.4383192
Dropping frame 1403637259.638319
Dropping frame 1403637259.7383192
Dropping frame 1403637259.8383191
Dropping frame 1403637260.0383191
Dropping frame 1403637260.138319
Dropping frame 1403637260.3383191
Dropping frame 1403637260.4383192
Dropping frame 1403637260.5383191
Dropping frame 1403637260.7383192
Dropping frame 1403637260.9383192
Dropping frame 1403637261.0383191
Dropping frame 1403637261.138319
Dropping frame 1403637261.4383192
Dropping frame 1403637261.5383191
Dropping frame 1403637261.7883189
Dropping frame 1403637261.888319
Dropping frame 1403637261.9883189
Dropping frame 1403637262.0883191
Dropping frame 1403637262.2883189
Dropping frame 1403637262.4883189
Dropping frame 1403637262.5883191
Dropping frame 1403637262.688319
Dropping frame 1403637262.888319
Dropping frame 1403637262.9883189
Dropping frame 1403637263.188319
Dropping frame 1403637263.2883189
Dropping frame 1403637263.388319
Dropping frame 1403637263.5883191
Dropping frame 1403637263.688319
Dropping frame 1403637263.7883189
Dropping frame 1403637263.888319
Dropping frame 1403637263.9883189
Dropping frame 1403637264.188319
Dropping frame 1403637264.388319
Dropping frame 1403637264.4883189
Dropping frame 1403637264.5883191
Dropping frame 1403637264.7883189
Dropping frame 1403637264.888319
Dropping frame 1403637265.0883191
Dropping frame 1403637265.2883189
Dropping frame 1403637265.388319
Dropping frame 1403637265.4883189
Shutdown
SLAM Finished at System Time: 1742842186.97535

 TIME STATS in ms (mean$\pm$std)
OpenCV version: 4.8.1
---------------------------
Tracking

ORB Extraction: 19.847$\pm$2.5722
Stereo Matching: 8.1709$\pm$1.9495
IMU Preintegration: 0.24737$\pm$0.096882
Pose Prediction: 0.79305$\pm$1.865
LM Track: 19.246$\pm$6.4774
New KF decision: 1.5568$\pm$2.7519
Total Tracking: 30.95$\pm$27.586



Local Mapping

KF Insertion: 15.375$\pm$5.5954
MP Culling: 0.58889$\pm$0.27907
MP Creation: 46.863$\pm$18.935
LBA: 152.31$\pm$70.662
KF Culling: 14.773$\pm$10.6
Total Local Mapping: 227.94$\pm$97.948
---------------------------

LBA complexity (mean$\pm$std)
LBA Edges: 1619.7$\pm$597.37
LBA KF optimized: 6.5$\pm$2.2913
LBA KF fixed: 1$\pm$0
LBA MP: nan$\pm$nan

LBA executions: 450
LBA aborts: 0
---------------------------

Map complexity
KFs in map: 143
MPs in map: 10878
---------------------------

Place Recognition (mean$\pm$std)
Database Query: 2.1863$\pm$1.0597
SE3 estimation: 26.703$\pm$16.042
Total Place Recognition: 21.9$\pm$19.109


Loop Closing (mean$\pm$std)
Loop Fusion: nan$\pm$nan
Essential Graph: nan$\pm$nan
Total Loop Closing: nan$\pm$nan

Num exec: 0
Number of KFs: nan$\pm$nan

Map Merging (mean$\pm$std)
Merge Maps: nan$\pm$nan
Welding BA: nan$\pm$nan
Optimization Ess.: nan$\pm$nan
Total Map Merging: nan$\pm$nan

Num exec: 0
Number of KFs: nan$\pm$nan
Number of MPs: nan$\pm$nan

Full GBA (mean$\pm$std)
GBA: nan$\pm$nan
Map Update: nan$\pm$nan
Total Full GBA: nan$\pm$nan

Num exec: 0
Num abort: 0
Number of KFs: nan$\pm$nan
Number of MPs: nan$\pm$nan

Saving trajectory to f_dataset-MH03_stereo_imu.txt ...
There are 1 maps in the atlas
  Map 0 has 143 KFs

End of saving trajectory to f_dataset-MH03_stereo_imu.txt ...

Saving keyframe trajectory to kf_dataset-MH03_stereo_imu.txt ...
