num_seq = 1
file name: dataset-MH05_stereo_imu
Loading images for sequence 0...LOADED!
Loading IMU for sequence 0...LOADED!

-------

ORB-SLAM3 Copyright (C) 2017-2020 Carlos Campos, Richard Elvira, Juan J. Gómez, José M.M. Montiel and Juan D. Tardós, University of Zaragoza.
ORB-SLAM2 Copyright (C) 2014-2016 Raúl Mur-Artal, José M.M. Montiel and Juan D. Tardós, University of Zaragoza.
This program comes with ABSOLUTELY NO WARRANTY;
This is free software, and you are welcome to redistribute it
under certain conditions. See LICENSE.txt.

Built with REGISTER_TIMES
Git Commit Hash: 2d47524

Build Type: Release

Compiled with C++ version: 201703

Input sensor was set to: Stereo-Inertial
Loading settings from EuRoC_fov_deadlines_mask_11x11.yaml
	-Loaded camera 1
	-Loaded camera 2
	-Loaded image info
	-Loaded IMU calibration
	-Loaded ORB settings
	-Loaded viewer settings
	-Loaded Atlas settings
Deadlines enabled, will skip frames!
FOV enabled
Static mask size: 11x11
Dumping map points enabled
	-Loaded misc parameters
	-Computed rectification maps
----------------------------------
SLAM settings: 
	-Camera 1 parameters (Pinhole): [ 458.65399169921875 457.29598999023438 367.21499633789062 248.375 ]
	-Camera 1 distortion parameters: [  -0.28340810537338257 0.073959067463874817 0.00019359000725671649 1.7618711353861727e-05 ]
	-Camera 2 parameters (Pinhole: [ 457.58700561523438 456.13400268554688 379.99899291992188 255.23800659179688 ]
	-Camera 1 distortion parameters: [  -0.2836836576461792 0.074512839317321777 -0.00010473000293131918 -3.555907096597366e-05 ]
	-Original image size: [ 752 , 480 ]
	-Current image size: [ 752 , 480 ]
	-Camera 1 parameters after rectification: [  456.71499633789062 456.71499633789062 364.52615356445312 257.268798828125 ]
	-Sequence FPS: 20
	-Stereo baseline: 0.11007784307003021
	-Stereo depth threshold : 60
	-Gyro noise: 0.00016999999934341758
	-Accelerometer noise: 0.0020000000949949026
	-Gyro walk: 1.9392999092815444e-05
	-Accelerometer walk: 0.0030000000260770321
	-IMU frequency: 200
	-Features per image: 1200
	-ORB scale factor: 1.2000000476837158
	-ORB number of scales: 8
	-Initial FAST threshold: 20
	-Min FAST threshold: 7


Loading ORB Vocabulary. This could take a while...
Vocabulary loaded!

Initialization of Atlas from scratch 
Creation of new map with id: 0
Creation of new map with last KF id: 0
Seq. Name: 
There are 1 cameras in the atlas
Camera 0 is pinhole
SLAM Started at System Time: 1740757816.10594
not IMU meas
not IMU meas
not enough acceleration
not enough acceleration
not enough acceleration
not enough acceleration
not enough acceleration
not enough acceleration
not enough acceleration
not enough acceleration
not enough acceleration
not enough acceleration
not enough acceleration
not enough acceleration
not enough acceleration
not enough acceleration
not enough acceleration
not enough acceleration
not enough acceleration
not enough acceleration
not enough acceleration
not enough acceleration
not enough acceleration
not enough acceleration
not enough acceleration
not enough acceleration
not enough acceleration
not enough acceleration
not enough acceleration
not enough acceleration
not enough acceleration
not enough acceleration
not enough acceleration
not enough acceleration
not enough acceleration
not enough acceleration
not enough acceleration
not enough acceleration
not enough acceleration
not enough acceleration
not enough acceleration
not enough acceleration
not enough acceleration
not enough acceleration
not enough acceleration
not enough acceleration
not enough acceleration
not enough acceleration
not enough acceleration
not enough acceleration
not enough acceleration
not enough acceleration
not enough acceleration
not enough acceleration
not enough acceleration
not enough acceleration
not enough acceleration
not enough acceleration
not enough acceleration
not enough acceleration
not enough acceleration
not enough acceleration
not enough acceleration
not enough acceleration
not enough acceleration
not enough acceleration
not enough acceleration
not enough acceleration
not enough acceleration
not enough acceleration
not enough acceleration
not enough acceleration
not enough acceleration
not enough acceleration
not enough acceleration
not enough acceleration
not enough acceleration
not enough acceleration
not enough acceleration
not enough acceleration
First KF:0; Map init KF:0
New Map created with 127 points
Active map: 0
Dropping frame 1403638522.9778295
Dropping frame 1403638523.1778293
Dropping frame 1403638523.4778295
Dropping frame 1403638523.6278296
Dropping frame 1403638523.9278295
Dropping frame 1403638524.1778293
Dropping frame 1403638524.3278296
Dropping frame 1403638524.6278296
Dropping frame 1403638525.0278294
Dropping frame 1403638525.2278295
Dropping frame 1403638525.3778293
Dropping frame 1403638525.7278295
Dropping frame 1403638525.9278295
Dropping frame 1403638526.0278294
Dropping frame 1403638526.2778294
Dropping frame 1403638526.3778293
Dropping frame 1403638526.6278296
Dropping frame 1403638526.7278295
Dropping frame 1403638526.9278295
start VIBA 1
Dropping frame 1403638527.4278295
end VIBA 1
Dropping frame 1403638528.2778294
Dropping frame 1403638528.4278295
Dropping frame 1403638528.6778293
Dropping frame 1403638528.8778293
Dropping frame 1403638528.9778295
Dropping frame 1403638529.2278295
Dropping frame 1403638530.7278295
Dropping frame 1403638530.9778295
Dropping frame 1403638531.1278296
Not enough motion for initializing. Reseting...
TRACK: Reset map because local mapper set the bad imu flag 
LM: Active map reset recieved
LM: Active map reset, waiting...
LM: Reseting current map in Local Mapping...
LM: End reseting Local Mapping...
LM: Reset free the mutex
LM: Active map reset, Done!!!
mnFirstFrameId = 80
mnInitialFrameId = 0
156 Frames set to lost
not IMU meas
Dropping frame 1403638531.4278295
not enough acceleration
Dropping frame 1403638531.5278294
not enough acceleration
not enough acceleration
not enough acceleration
Dropping frame 1403638531.7278295
not enough acceleration
not enough acceleration
not enough acceleration
Dropping frame 1403638531.9278295
not enough acceleration
Dropping frame 1403638532.0278294
not enough acceleration
Dropping frame 1403638532.1278296
not enough acceleration
Dropping frame 1403638532.2278295
not enough acceleration
not enough acceleration
not enough acceleration
Dropping frame 1403638532.4278295
not enough acceleration
Dropping frame 1403638532.5278294
not enough acceleration
not enough acceleration
Dropping frame 1403638532.6778293
not enough acceleration
not enough acceleration
Dropping frame 1403638532.8278296
not enough acceleration
not enough acceleration
not enough acceleration
not enough acceleration
not enough acceleration
not enough acceleration
not enough acceleration
not enough acceleration
not enough acceleration
not enough acceleration
not enough acceleration
not enough acceleration
not enough acceleration
not enough acceleration
not enough acceleration
not enough acceleration
not enough acceleration
Dropping frame 1403638533.7278295
not enough acceleration
not enough acceleration
not enough acceleration
not enough acceleration
not enough acceleration
not enough acceleration
not enough acceleration
not enough acceleration
not enough acceleration
not enough acceleration
not enough acceleration
not enough acceleration
not enough acceleration
not enough acceleration
not enough acceleration
not enough acceleration
not enough acceleration
not enough acceleration
not enough acceleration
not enough acceleration
not enough acceleration
not enough acceleration
not enough acceleration
Dropping frame 1403638534.9278295
not enough acceleration
not enough acceleration
not enough acceleration
not enough acceleration
not enough acceleration
not enough acceleration
not enough acceleration
not enough acceleration
not enough acceleration
not enough acceleration
not enough acceleration
not enough acceleration
not enough acceleration
not enough acceleration
not enough acceleration
not enough acceleration
not enough acceleration
not enough acceleration
not enough acceleration
not enough acceleration
not enough acceleration
not enough acceleration
not enough acceleration
not enough acceleration
not enough acceleration
not enough acceleration
not enough acceleration
not enough acceleration
not enough acceleration
not enough acceleration
not enough acceleration
not enough acceleration
not enough acceleration
not enough acceleration
not enough acceleration
not enough acceleration
not enough acceleration
not enough acceleration
not enough acceleration
not enough acceleration
not enough acceleration
not enough acceleration
not enough acceleration
not enough acceleration
not enough acceleration
not enough acceleration
not enough acceleration
not enough acceleration
not enough acceleration
not enough acceleration
not enough acceleration
not enough acceleration
not enough acceleration
not enough acceleration
not enough acceleration
not enough acceleration
not enough acceleration
not enough acceleration
not enough acceleration
not enough acceleration
not enough acceleration
not enough acceleration
not enough acceleration
not enough acceleration
not enough acceleration
not enough acceleration
not enough acceleration
not enough acceleration
not enough acceleration
not enough acceleration
not enough acceleration
not enough acceleration
not enough acceleration
not enough acceleration
not enough acceleration
not enough acceleration
First KF:42; Map init KF:0
New Map created with 167 points
Active map: 0
start VIBA 1
end VIBA 1
Dropping frame 1403638544.5278294
Dropping frame 1403638544.7278295
Dropping frame 1403638544.8778293
Dropping frame 1403638545.1778293
Dropping frame 1403638545.4778295
Dropping frame 1403638545.7278295
Dropping frame 1403638545.8278296
Dropping frame 1403638545.9278295
Dropping frame 1403638546.1278296
Dropping frame 1403638546.2278295
Dropping frame 1403638546.3278296
Dropping frame 1403638546.5278294
Dropping frame 1403638546.6278296
Dropping frame 1403638546.7778294
Dropping frame 1403638546.8778293
Dropping frame 1403638547.5278294
Dropping frame 1403638547.9778295
Dropping frame 1403638548.4278295
Dropping frame 1403638548.5278294
Dropping frame 1403638548.7278295
Dropping frame 1403638549.0778294
Dropping frame 1403638549.1778293
Dropping frame 1403638549.6778293
Dropping frame 1403638550.0278294
Dropping frame 1403638550.1278296
Dropping frame 1403638550.2278295
Dropping frame 1403638550.4278295
Dropping frame 1403638550.5278294
Dropping frame 1403638550.7278295
Dropping frame 1403638550.8278296
Dropping frame 1403638550.9278295
Dropping frame 1403638551.0278294
Dropping frame 1403638551.1278296
Dropping frame 1403638551.3278296
Dropping frame 1403638551.4278295
Dropping frame 1403638551.5278294
Dropping frame 1403638551.6278296
Dropping frame 1403638551.7278295
Dropping frame 1403638551.9778295
Dropping frame 1403638552.0778294
Dropping frame 1403638552.1778293
Dropping frame 1403638552.3778293
Dropping frame 1403638552.5778294
Dropping frame 1403638552.7778294
Dropping frame 1403638552.8778293
Dropping frame 1403638553.1278296
Dropping frame 1403638553.3278296
Dropping frame 1403638553.5278294
Dropping frame 1403638553.6278296
Dropping frame 1403638553.7278295
start VIBA 2
Dropping frame 1403638554.2778294
end VIBA 2
Dropping frame 1403638554.4778295
Dropping frame 1403638554.5778294
Dropping frame 1403638554.7278295
Dropping frame 1403638554.8778293
Dropping frame 1403638554.9778295
Dropping frame 1403638555.1278296
Dropping frame 1403638555.2278295
Dropping frame 1403638555.3278296
Dropping frame 1403638555.5778294
Dropping frame 1403638555.6778293
Dropping frame 1403638555.7778294
Dropping frame 1403638555.9278295
Dropping frame 1403638556.0278294
Dropping frame 1403638556.1278296
Dropping frame 1403638556.3778293
Dropping frame 1403638556.4778295
Dropping frame 1403638556.5778294
Dropping frame 1403638556.7278295
Dropping frame 1403638556.8778293
Dropping frame 1403638557.1278296
Dropping frame 1403638557.3278296
Dropping frame 1403638557.4278295
Dropping frame 1403638557.5278294
Dropping frame 1403638557.7278295
Dropping frame 1403638557.8278296
Dropping frame 1403638557.9278295
Dropping frame 1403638558.0278294
Dropping frame 1403638558.1278296
Dropping frame 1403638558.2278295
Dropping frame 1403638558.4278295
Dropping frame 1403638558.6278296
Dropping frame 1403638558.7278295
Dropping frame 1403638558.8278296
Dropping frame 1403638558.9278295
Dropping frame 1403638559.0278294
Dropping frame 1403638559.1778293
Dropping frame 1403638559.2778294
Dropping frame 1403638559.5278294
Dropping frame 1403638559.6278296
Dropping frame 1403638559.7278295
Dropping frame 1403638559.9278295
Dropping frame 1403638560.1278296
Dropping frame 1403638560.3278296
Dropping frame 1403638560.5278294
Dropping frame 1403638560.6278296
Dropping frame 1403638560.7278295
Dropping frame 1403638560.9278295
Dropping frame 1403638561.1278296
Dropping frame 1403638561.2278295
Dropping frame 1403638561.3278296
Dropping frame 1403638561.5278294
Dropping frame 1403638561.7278295
Dropping frame 1403638561.9278295
Dropping frame 1403638562.1278296
Dropping frame 1403638562.3278296
Dropping frame 1403638562.4278295
Dropping frame 1403638562.5278294
Dropping frame 1403638562.7278295
Dropping frame 1403638562.9278295
Dropping frame 1403638563.1278296
Dropping frame 1403638563.3278296
Dropping frame 1403638563.5278294
Dropping frame 1403638563.6278296
Dropping frame 1403638563.7278295
Dropping frame 1403638563.9778295
Dropping frame 1403638564.1778293
Dropping frame 1403638564.3778293
Dropping frame 1403638564.4778295
Dropping frame 1403638564.7278295
Dropping frame 1403638564.8278296
Dropping frame 1403638564.9278295
Dropping frame 1403638565.1278296
Dropping frame 1403638565.2278295
Dropping frame 1403638565.4778295
Dropping frame 1403638565.6778293
Dropping frame 1403638565.7778294
Dropping frame 1403638565.8778293
Dropping frame 1403638565.9778295
Dropping frame 1403638566.1778293
Dropping frame 1403638566.2778294
Dropping frame 1403638566.5278294
Dropping frame 1403638566.6278296
Dropping frame 1403638566.7278295
Dropping frame 1403638566.9278295
Dropping frame 1403638567.1278296
Dropping frame 1403638567.3278296
Dropping frame 1403638567.4278295
Dropping frame 1403638567.5278294
Dropping frame 1403638567.6278296
Dropping frame 1403638567.7278295
Dropping frame 1403638567.8278296
Dropping frame 1403638568.0778294
Dropping frame 1403638568.2778294
Dropping frame 1403638568.3778293
Dropping frame 1403638568.4778295
Dropping frame 1403638568.6778293
Dropping frame 1403638568.8778293
Dropping frame 1403638568.9778295
Dropping frame 1403638569.1778293
Dropping frame 1403638569.2778294
Dropping frame 1403638569.4778295
Dropping frame 1403638569.6778293
Dropping frame 1403638569.7778294
Dropping frame 1403638569.9778295
Dropping frame 1403638570.1778293
Dropping frame 1403638570.3778293
Dropping frame 1403638570.4778295
Dropping frame 1403638570.5778294
Dropping frame 1403638570.6778293
Dropping frame 1403638570.8778293
Dropping frame 1403638571.0778294
Dropping frame 1403638571.2778294
Dropping frame 1403638571.3778293
Dropping frame 1403638571.5778294
Dropping frame 1403638571.7778294
Dropping frame 1403638571.9778295
Dropping frame 1403638572.0778294
Dropping frame 1403638572.1778293
Dropping frame 1403638572.2778294
Dropping frame 1403638572.4778295
Dropping frame 1403638572.6778293
Dropping frame 1403638572.8778293
Dropping frame 1403638572.9778295
Dropping frame 1403638573.1778293
Dropping frame 1403638573.2778294
Dropping frame 1403638573.4778295
Dropping frame 1403638573.5778294
Dropping frame 1403638573.6778293
Dropping frame 1403638573.7778294
Dropping frame 1403638573.9778295
Dropping frame 1403638574.0778294
Dropping frame 1403638574.1778293
Dropping frame 1403638574.3778293
Dropping frame 1403638574.5778294
Dropping frame 1403638574.7778294
Dropping frame 1403638574.8778293
Dropping frame 1403638574.9778295
Dropping frame 1403638575.1778293
Dropping frame 1403638575.3778293
Dropping frame 1403638575.5778294
Dropping frame 1403638575.7778294
Dropping frame 1403638575.9778295
Dropping frame 1403638576.1778293
Dropping frame 1403638576.2778294
Dropping frame 1403638576.5278294
Dropping frame 1403638576.6278296
Dropping frame 1403638576.7278295
Dropping frame 1403638576.9278295
Dropping frame 1403638577.1278296
Dropping frame 1403638577.3278296
Dropping frame 1403638577.5278294
Dropping frame 1403638577.7278295
Dropping frame 1403638577.8278296
Dropping frame 1403638578.0278294
Dropping frame 1403638578.2278295
Dropping frame 1403638578.3278296
Dropping frame 1403638578.4778295
Dropping frame 1403638578.6778293
Dropping frame 1403638578.8778293
Dropping frame 1403638579.0778294
Dropping frame 1403638579.1778293
Dropping frame 1403638579.4278295
Dropping frame 1403638579.5278294
Dropping frame 1403638579.6278296
Dropping frame 1403638579.8278296
Dropping frame 1403638580.1278296
Dropping frame 1403638580.4278295
Dropping frame 1403638580.6278296
Dropping frame 1403638580.8278296
Dropping frame 1403638581.1278296
Dropping frame 1403638582.5278294
Dropping frame 1403638584.3278296
Dropping frame 1403638584.4778295
Dropping frame 1403638584.6778293
Dropping frame 1403638584.8778293
Dropping frame 1403638585.0778294
Dropping frame 1403638585.1778293
Dropping frame 1403638585.3278296
Dropping frame 1403638585.5278294
Dropping frame 1403638585.8278296
Dropping frame 1403638586.2778294
Dropping frame 1403638586.3778293
Dropping frame 1403638586.6778293
Dropping frame 1403638586.8778293
Dropping frame 1403638587.0778294
Dropping frame 1403638587.5278294
Dropping frame 1403638588.1278296
Dropping frame 1403638588.3278296
Dropping frame 1403638588.6778293
Dropping frame 1403638588.7778294
Dropping frame 1403638589.0278294
Dropping frame 1403638589.2278295
Dropping frame 1403638589.3778293
Dropping frame 1403638589.6278296
Dropping frame 1403638589.8278296
Dropping frame 1403638590.0278294
Dropping frame 1403638590.1278296
Dropping frame 1403638590.2278295
Dropping frame 1403638590.4778295
Dropping frame 1403638590.5778294
Dropping frame 1403638590.7778294
Dropping frame 1403638590.8778293
Dropping frame 1403638590.9778295
Dropping frame 1403638591.1778293
Dropping frame 1403638591.3778293
Dropping frame 1403638591.5778294
Dropping frame 1403638591.7778294
Dropping frame 1403638591.9778295
Dropping frame 1403638592.1778293
Dropping frame 1403638592.2778294
Dropping frame 1403638592.3778293
Dropping frame 1403638592.6778293
Dropping frame 1403638592.7778294
Dropping frame 1403638592.9778295
Dropping frame 1403638593.1778293
Dropping frame 1403638593.3778293
Dropping frame 1403638593.4778295
Dropping frame 1403638593.5778294
Dropping frame 1403638593.7778294
Dropping frame 1403638593.8778293
Dropping frame 1403638593.9778295
Dropping frame 1403638594.1778293
Dropping frame 1403638594.3778293
Dropping frame 1403638594.4778295
Dropping frame 1403638594.5778294
Dropping frame 1403638594.7778294
Dropping frame 1403638594.9778295
Dropping frame 1403638595.0778294
Dropping frame 1403638595.1778293
Dropping frame 1403638595.3778293
Dropping frame 1403638595.4778295
Dropping frame 1403638595.5778294
Dropping frame 1403638595.9278295
Dropping frame 1403638596.0278294
Dropping frame 1403638596.1278296
Dropping frame 1403638596.3278296
Dropping frame 1403638596.4278295
Dropping frame 1403638596.5278294
Dropping frame 1403638596.7278295
Dropping frame 1403638596.8278296
Dropping frame 1403638596.9278295
Dropping frame 1403638597.1278296
Dropping frame 1403638597.3278296
Dropping frame 1403638597.5278294
Dropping frame 1403638597.7278295
Dropping frame 1403638597.8278296
Dropping frame 1403638597.9278295
Dropping frame 1403638598.1278296
Dropping frame 1403638598.2278295
Dropping frame 1403638598.3278296
Dropping frame 1403638598.5278294
Dropping frame 1403638598.6778293
Dropping frame 1403638598.8778293
Dropping frame 1403638599.0778294
Dropping frame 1403638599.1778293
Dropping frame 1403638599.2778294
Dropping frame 1403638599.4778295
Dropping frame 1403638599.5778294
Dropping frame 1403638599.8278296
Dropping frame 1403638599.9278295
Dropping frame 1403638600.0278294
Dropping frame 1403638600.2278295
Dropping frame 1403638600.4278295
Dropping frame 1403638600.6278296
Dropping frame 1403638600.8278296
Dropping frame 1403638600.9278295
Dropping frame 1403638601.0278294
Dropping frame 1403638601.2278295
Dropping frame 1403638601.3278296
Dropping frame 1403638601.6278296
Dropping frame 1403638601.7278295
Dropping frame 1403638601.9278295
Dropping frame 1403638602.1278296
Dropping frame 1403638602.2278295
Dropping frame 1403638602.3278296
Dropping frame 1403638602.5278294
Dropping frame 1403638602.7278295
Dropping frame 1403638602.8278296
Dropping frame 1403638603.2278295
Dropping frame 1403638603.4278295
Dropping frame 1403638603.6278296
Dropping frame 1403638603.7278295
Dropping frame 1403638604.1278296
Dropping frame 1403638604.3278296
Dropping frame 1403638604.6278296
Dropping frame 1403638604.9278295
Dropping frame 1403638605.0278294
Dropping frame 1403638605.4278295
Dropping frame 1403638605.6278296
Dropping frame 1403638605.9278295
Dropping frame 1403638606.0278294
Dropping frame 1403638606.3778293
Dropping frame 1403638606.8278296
Dropping frame 1403638606.9278295
Dropping frame 1403638607.2778294
Dropping frame 1403638607.4778295
Dropping frame 1403638607.6778293
Dropping frame 1403638607.7778294
Dropping frame 1403638608.0778294
Dropping frame 1403638608.2778294
Dropping frame 1403638608.5278294
Dropping frame 1403638608.7778294
Dropping frame 1403638609.3278296
Dropping frame 1403638609.4278295
Dropping frame 1403638609.7278295
Dropping frame 1403638610.1278296
Dropping frame 1403638611.0778294
Dropping frame 1403638611.3278296
Dropping frame 1403638611.6278296
Dropping frame 1403638612.0778294
Dropping frame 1403638612.1778293
Dropping frame 1403638612.6278296
Dropping frame 1403638616.0778294
Dropping frame 1403638618.4278295
Dropping frame 1403638620.5778294
Dropping frame 1403638623.4278295
Dropping frame 1403638624.2278295
Dropping frame 1403638625.0778294
Dropping frame 1403638625.2778294
Dropping frame 1403638625.4778295
Dropping frame 1403638625.8278296
Dropping frame 1403638626.0278294
Dropping frame 1403638626.1778293
Dropping frame 1403638626.3778293
Dropping frame 1403638626.5778294
Dropping frame 1403638626.7778294
Dropping frame 1403638627.0778294
Dropping frame 1403638627.2278295
Dropping frame 1403638627.4278295
Dropping frame 1403638627.5278294
Dropping frame 1403638627.7778294
Dropping frame 1403638627.8778293
Dropping frame 1403638628.1278296
Dropping frame 1403638628.2278295
Dropping frame 1403638628.3278296
Dropping frame 1403638628.5278294
Dropping frame 1403638628.6278296
Dropping frame 1403638628.8778293
Dropping frame 1403638629.2778294
Dropping frame 1403638629.6278296
Dropping frame 1403638629.8278296
Dropping frame 1403638629.9278295
Dropping frame 1403638630.1778293
Dropping frame 1403638630.2778294
Dropping frame 1403638630.3778293
Dropping frame 1403638630.5778294
Dropping frame 1403638630.6778293
Dropping frame 1403638630.7778294
Dropping frame 1403638630.9778295
Dropping frame 1403638631.1778293
Dropping frame 1403638631.3778293
Dropping frame 1403638631.4778295
Shutdown
SLAM Finished at System Time: 1740757952.3086

 TIME STATS in ms (mean$\pm$std)
OpenCV version: 4.8.1
---------------------------
Tracking

ORB Extraction: 18.006$\pm$2.316
Stereo Matching: 8.1618$\pm$1.9476
IMU Preintegration: 0.21643$\pm$0.090642
Pose Prediction: 0.40666$\pm$1.1829
LM Track: 18.245$\pm$4.6767
New KF decision: 1.1218$\pm$1.8931
Total Tracking: 32.692$\pm$24.106



Local Mapping

KF Insertion: 13.758$\pm$4.6775
MP Culling: 0.48163$\pm$0.19371
MP Creation: 44.892$\pm$14.502
LBA: 147.71$\pm$41.799
KF Culling: 11.132$\pm$8.5187
Total Local Mapping: 218.36$\pm$62.58
---------------------------

LBA complexity (mean$\pm$std)
LBA Edges: 2033.1$\pm$1059.1
LBA KF optimized: 6.5$\pm$2.2913
LBA KF fixed: 1$\pm$0
LBA MP: nan$\pm$nan

LBA executions: 398
LBA aborts: 0
---------------------------

Map complexity
KFs in map: 169
MPs in map: 13410
---------------------------

Place Recognition (mean$\pm$std)
Database Query: 2$\pm$1.0508
SE3 estimation: 22.855$\pm$17.572
Total Place Recognition: 18.301$\pm$19.16


Loop Closing (mean$\pm$std)
Loop Fusion: nan$\pm$nan
Essential Graph: nan$\pm$nan
Total Loop Closing: nan$\pm$nan

Num exec: 0
Number of KFs: nan$\pm$nan

Map Merging (mean$\pm$std)
Merge Maps: nan$\pm$nan
Welding BA: nan$\pm$nan
Optimization Ess.: nan$\pm$nan
Total Map Merging: nan$\pm$nan

Num exec: 0
Number of KFs: nan$\pm$nan
Number of MPs: nan$\pm$nan

Full GBA (mean$\pm$std)
GBA: nan$\pm$nan
Map Update: nan$\pm$nan
Total Full GBA: nan$\pm$nan

Num exec: 0
Num abort: 0
Number of KFs: nan$\pm$nan
Number of MPs: nan$\pm$nan

Saving trajectory to f_dataset-MH05_stereo_imu.txt ...
There are 1 maps in the atlas
  Map 0 has 169 KFs

End of saving trajectory to f_dataset-MH05_stereo_imu.txt ...

Saving keyframe trajectory to kf_dataset-MH05_stereo_imu.txt ...
