num_seq = 1
file name: dataset-V203_stereo_imu
Loading images for sequence 0...LOADED!
Loading IMU for sequence 0...LOADED!

-------

ORB-SLAM3 Copyright (C) 2017-2020 Carlos Campos, Richard Elvira, Juan J. Gómez, José M.M. Montiel and Juan D. Tardós, University of Zaragoza.
ORB-SLAM2 Copyright (C) 2014-2016 Raúl Mur-Artal, José M.M. Montiel and Juan D. Tardós, University of Zaragoza.
This program comes with ABSOLUTELY NO WARRANTY;
This is free software, and you are welcome to redistribute it
under certain conditions. See LICENSE.txt.

Built with REGISTER_TIMES
Git Commit Hash: 33f00b6

Build Type: Release

Compiled with C++ version: 201703

Input sensor was set to: Stereo-Inertial
Loading settings from EuRoC_fov_deadlines_mask_5x5.yaml
	-Loaded camera 1
	-Loaded camera 2
	-Loaded image info
	-Loaded IMU calibration
	-Loaded ORB settings
	-Loaded viewer settings
	-Loaded Atlas settings
Deadlines enabled, will skip frames!
FOV enabled
Static mask size: 5x5
Dumping map points enabled
	-Loaded misc parameters
	-Computed rectification maps
----------------------------------
SLAM settings: 
	-Camera 1 parameters (Pinhole): [ 458.65399169921875 457.29598999023438 367.21499633789062 248.375 ]
	-Camera 1 distortion parameters: [  -0.28340810537338257 0.073959067463874817 0.00019359000725671649 1.7618711353861727e-05 ]
	-Camera 2 parameters (Pinhole: [ 457.58700561523438 456.13400268554688 379.99899291992188 255.23800659179688 ]
	-Camera 1 distortion parameters: [  -0.2836836576461792 0.074512839317321777 -0.00010473000293131918 -3.555907096597366e-05 ]
	-Original image size: [ 752 , 480 ]
	-Current image size: [ 752 , 480 ]
	-Camera 1 parameters after rectification: [  456.71499633789062 456.71499633789062 364.52615356445312 257.268798828125 ]
	-Sequence FPS: 20
	-Stereo baseline: 0.11007784307003021
	-Stereo depth threshold : 60
	-Gyro noise: 0.00016999999934341758
	-Accelerometer noise: 0.0020000000949949026
	-Gyro walk: 1.9392999092815444e-05
	-Accelerometer walk: 0.0030000000260770321
	-IMU frequency: 200
	-Features per image: 1200
	-ORB scale factor: 1.2000000476837158
	-ORB number of scales: 8
	-Initial FAST threshold: 20
	-Min FAST threshold: 7


Loading ORB Vocabulary. This could take a while...
Vocabulary loaded!

Initialization of Atlas from scratch 
Creation of new map with id: 0
Creation of new map with last KF id: 0
Seq. Name: 
There are 1 cameras in the atlas
Camera 0 is pinhole
SLAM Started at System Time: 1747023129.11944
not IMU meas
not IMU meas
not enough acceleration
not enough acceleration
not enough acceleration
not enough acceleration
not enough acceleration
not enough acceleration
not enough acceleration
not enough acceleration
not enough acceleration
not enough acceleration
not enough acceleration
not enough acceleration
not enough acceleration
not enough acceleration
not enough acceleration
not enough acceleration
not enough acceleration
not enough acceleration
not enough acceleration
not enough acceleration
not enough acceleration
not enough acceleration
not enough acceleration
not enough acceleration
not enough acceleration
not enough acceleration
not enough acceleration
not enough acceleration
not enough acceleration
not enough acceleration
not enough acceleration
not enough acceleration
not enough acceleration
not enough acceleration
not enough acceleration
not enough acceleration
not enough acceleration
not enough acceleration
not enough acceleration
not enough acceleration
not enough acceleration
not enough acceleration
not enough acceleration
not enough acceleration
not enough acceleration
not enough acceleration
not enough acceleration
not enough acceleration
not enough acceleration
not enough acceleration
not enough acceleration
not enough acceleration
not enough acceleration
not enough acceleration
not enough acceleration
not enough acceleration
not enough acceleration
not enough acceleration
not enough acceleration
not enough acceleration
not enough acceleration
not enough acceleration
not enough acceleration
not enough acceleration
not enough acceleration
not enough acceleration
not enough acceleration
not enough acceleration
not enough acceleration
not enough acceleration
not enough acceleration
not enough acceleration
not enough acceleration
not enough acceleration
not enough acceleration
not enough acceleration
not enough acceleration
not enough acceleration
not enough acceleration
not enough acceleration
not enough acceleration
not enough acceleration
not enough acceleration
not enough acceleration
not enough acceleration
not enough acceleration
not enough acceleration
not enough acceleration
not enough acceleration
not enough acceleration
not enough acceleration
not enough acceleration
not enough acceleration
not enough acceleration
not enough acceleration
not enough acceleration
not enough acceleration
not enough acceleration
not enough acceleration
not enough acceleration
not enough acceleration
not enough acceleration
not enough acceleration
not enough acceleration
not enough acceleration
not enough acceleration
not enough acceleration
First KF:0; Map init KF:0
New Map created with 384 points
Active map: 0
Dropping frame 1413394887.1557603
start VIBA 1
end VIBA 1
Dropping frame 1413394896.6557603
Dropping frame 1413394897.0557604
Dropping frame 1413394897.4557605
Dropping frame 1413394900.8057606
Dropping frame 1413394901.2057605
start VIBA 2
end VIBA 2
Dropping frame 1413394906.2557604
Dropping frame 1413394911.0557604
Dropping frame 1413394915.5057604
Dropping frame 1413394915.8557603
Dropping frame 1413394916.6057606
Dropping frame 1413394934.0557604
Dropping frame 1413394934.4557605
Dropping frame 1413394935.2057605
Dropping frame 1413394935.9057605
Fail to track local map!
Fail to track local map!
Fail to track local map!
Fail to track local map!
Fail to track local map!
Fail to track local map!
Fail to track local map!
Fail to track local map!
Fail to track local map!
Dropping frame 1413394942.7557604
Dropping frame 1413394942.8557603
Dropping frame 1413394943.2057605
Dropping frame 1413394943.3057606
Dropping frame 1413394943.4057605
Dropping frame 1413394943.5557604
*Loop detected
phi = 0.0010264879518643386  0.011614547179446065  -0.31060246665871372
BAD LOOP!!!
Dropping frame 1413394943.9557605
*Loop detected
phi = -0.015405335639614584  0.056334547715991404  0.057743393916809181
BAD LOOP!!!
Dropping frame 1413394944.9557605
Dropping frame 1413394945.2057605
Dropping frame 1413394945.4057605
Dropping frame 1413394945.7557604
Dropping frame 1413394946.0057604
Fail to track local map!
Fail to track local map!
Fail to track local map!
Fail to track local map!
Fail to track local map!
Fail to track local map!
Fail to track local map!
Fail to track local map!
Fail to track local map!
Dropping frame 1413394955.9557605
Dropping frame 1413394956.8557603
*Loop detected
phi = 0.012091010475745081 0.019059508067029281 0.070352261970051469
BAD LOOP!!!
*Loop detected
phi = 0.013501993266178043 0.020514466113336096  0.06317883433270173
BAD LOOP!!!
*Loop detected
phi =  -0.012195629007397976 -0.0033360264251313092    0.18842228067885725
BAD LOOP!!!
*Loop detected
phi = -0.0054440018876238047  -0.019115278129257059   0.087045185847957687
BAD LOOP!!!
*Loop detected
phi = -0.018202317021096415  0.036115454319836308   0.12566126445532547
BAD LOOP!!!
*Loop detected
phi = -0.0076499512288845861  0.0091647804547415092    0.11111663165719379
BAD LOOP!!!
*Loop detected
phi = 0.00062628937701681125  0.0013448070643456186   0.067811790619504569
Local Mapping STOP
Local Mapping RELEASE
Dropping frame 1413394962.6557603
Dropping frame 1413394974.1557603
Dropping frame 1413394974.3557603
Dropping frame 1413394974.5557604
Dropping frame 1413394974.6557603
Dropping frame 1413394974.7557604
Dropping frame 1413394975.1057606
Dropping frame 1413394975.2057605
Dropping frame 1413394975.4057605
Dropping frame 1413394975.5057604
Dropping frame 1413394975.6057606
Dropping frame 1413394975.8057606
Dropping frame 1413394978.8057606
Dropping frame 1413394978.9057605
Dropping frame 1413394979.2557604
Dropping frame 1413394979.4557605
Dropping frame 1413394979.6557603
Dropping frame 1413394980.2557604
Dropping frame 1413394980.5057604
Dropping frame 1413394980.7557604
Dropping frame 1413394981.1057606
Dropping frame 1413394981.2057605
Dropping frame 1413394981.4557605
Dropping frame 1413394981.5557604
Dropping frame 1413394981.6557603
Dropping frame 1413394981.7557604
Dropping frame 1413394981.8557603
Dropping frame 1413394981.9557605
Dropping frame 1413394982.1557603
Dropping frame 1413394982.7057605
Dropping frame 1413394982.9057605
Fail to track local map!
Fail to track local map!
Fail to track local map!
Fail to track local map!
Fail to track local map!
Fail to track local map!
Fail to track local map!
Fail to track local map!
Fail to track local map!
Fail to track local map!
Fail to track local map!
Fail to track local map!
Fail to track local map!
Fail to track local map!
Fail to track local map!
Dropping frame 1413394990.5057604
Dropping frame 1413394990.8557603
Dropping frame 1413394991.2057605
Dropping frame 1413394991.4057605
Dropping frame 1413394991.7557604
Fail to track local map!
Fail to track local map!
Fail to track local map!
Fail to track local map!
Fail to track local map!
Fail to track local map!
Fail to track local map!
Fail to track local map!
Fail to track local map!
Fail to track local map!
Fail to track local map!
Fail to track local map!
Fail to track local map!
Fail to track local map!
Fail to track local map!
Fail to track local map!
Fail to track local map!
Fail to track local map!
Fail to track local map!
Fail to track local map!
Fail to track local map!
Fail to track local map!
Fail to track local map!
Fail to track local map!
Shutdown
SLAM Finished at System Time: 1747023263.34395

 TIME STATS in ms (mean$\pm$std)
OpenCV version: 4.8.1
---------------------------
Tracking

ORB Extraction: 12.34$\pm$1.8378
Stereo Matching: 6.0507$\pm$2.6778
IMU Preintegration: 0.18631$\pm$0.068996
Pose Prediction: 0.25901$\pm$1.0723
LM Track: 12.464$\pm$4.6763
New KF decision: 1.8019$\pm$2.5851
Total Tracking: 34.278$\pm$12.227



Local Mapping

KF Insertion: 7.6094$\pm$3.2793
MP Culling: 0.38659$\pm$0.22255
MP Creation: 29.07$\pm$13.993
LBA: 70.223$\pm$29.431
KF Culling: 5.307$\pm$4.8901
Total Local Mapping: 112.98$\pm$43.524
---------------------------

LBA complexity (mean$\pm$std)
LBA Edges: 2506.2$\pm$672.86
LBA KF optimized: 6.5$\pm$2.2913
LBA KF fixed: 1$\pm$0
LBA MP: nan$\pm$nan

LBA executions: 669
LBA aborts: 0
---------------------------

Map complexity
KFs in map: 281
MPs in map: 12222
---------------------------

Place Recognition (mean$\pm$std)
Database Query: 1.0057$\pm$0.65647
SE3 estimation: 9.2538$\pm$8.4624
Total Place Recognition: 9.0902$\pm$8.9432


Loop Closing (mean$\pm$std)
Loop Fusion: 31.118$\pm$0
Essential Graph: 97.164$\pm$0
Total Loop Closing: 129.86$\pm$0

Num exec: 1
Number of KFs: nan$\pm$nan

Map Merging (mean$\pm$std)
Merge Maps: nan$\pm$nan
Welding BA: nan$\pm$nan
Optimization Ess.: nan$\pm$nan
Total Map Merging: nan$\pm$nan

Num exec: 0
Number of KFs: nan$\pm$nan
Number of MPs: nan$\pm$nan

Full GBA (mean$\pm$std)
GBA: nan$\pm$nan
Map Update: nan$\pm$nan
Total Full GBA: nan$\pm$nan

Num exec: 0
Num abort: 0
Number of KFs: nan$\pm$nan
Number of MPs: nan$\pm$nan

Saving trajectory to f_dataset-V203_stereo_imu.txt ...
There are 1 maps in the atlas
  Map 0 has 281 KFs

End of saving trajectory to f_dataset-V203_stereo_imu.txt ...

Saving keyframe trajectory to kf_dataset-V203_stereo_imu.txt ...
