num_seq = 1
file name: dataset-MH01_stereo_imu
Loading images for sequence 0...LOADED!
Loading IMU for sequence 0...LOADED!

-------

ORB-SLAM3 Copyright (C) 2017-2020 Carlos Campos, Richard Elvira, Juan J. Gómez, José M.M. Montiel and Juan D. Tardós, University of Zaragoza.
ORB-SLAM2 Copyright (C) 2014-2016 Raúl Mur-Artal, José M.M. Montiel and Juan D. Tardós, University of Zaragoza.
This program comes with ABSOLUTELY NO WARRANTY;
This is free software, and you are welcome to redistribute it
under certain conditions. See LICENSE.txt.

Built with REGISTER_TIMES
Git Commit Hash: 2d47524

Build Type: Release

Compiled with C++ version: 201703

Input sensor was set to: Stereo-Inertial
Loading settings from EuRoC_fov_deadlines_mask_3x3.yaml
	-Loaded camera 1
	-Loaded camera 2
	-Loaded image info
	-Loaded IMU calibration
	-Loaded ORB settings
	-Loaded viewer settings
	-Loaded Atlas settings
Deadlines enabled, will skip frames!
FOV enabled
Static mask size: 3x3
Dumping map points enabled
	-Loaded misc parameters
	-Computed rectification maps
----------------------------------
SLAM settings: 
	-Camera 1 parameters (Pinhole): [ 458.65399169921875 457.29598999023438 367.21499633789062 248.375 ]
	-Camera 1 distortion parameters: [  -0.28340810537338257 0.073959067463874817 0.00019359000725671649 1.7618711353861727e-05 ]
	-Camera 2 parameters (Pinhole: [ 457.58700561523438 456.13400268554688 379.99899291992188 255.23800659179688 ]
	-Camera 1 distortion parameters: [  -0.2836836576461792 0.074512839317321777 -0.00010473000293131918 -3.555907096597366e-05 ]
	-Original image size: [ 752 , 480 ]
	-Current image size: [ 752 , 480 ]
	-Camera 1 parameters after rectification: [  456.71499633789062 456.71499633789062 364.52615356445312 257.268798828125 ]
	-Sequence FPS: 20
	-Stereo baseline: 0.11007784307003021
	-Stereo depth threshold : 60
	-Gyro noise: 0.00016999999934341758
	-Accelerometer noise: 0.0020000000949949026
	-Gyro walk: 1.9392999092815444e-05
	-Accelerometer walk: 0.0030000000260770321
	-IMU frequency: 200
	-Features per image: 1200
	-ORB scale factor: 1.2000000476837158
	-ORB number of scales: 8
	-Initial FAST threshold: 20
	-Min FAST threshold: 7


Loading ORB Vocabulary. This could take a while...
Vocabulary loaded!

Initialization of Atlas from scratch 
Creation of new map with id: 0
Creation of new map with last KF id: 0
Seq. Name: 
There are 1 cameras in the atlas
Camera 0 is pinhole
SLAM Started at System Time: 1742878940.62222
not IMU meas
not IMU meas
not enough acceleration
not enough acceleration
First KF:0; Map init KF:0
New Map created with 487 points
Active map: 0
Fail to track local map!
IMU is not or recently initialized. Reseting active map...
LM: Active map reset recieved
LM: Active map reset, waiting...
LM: Reseting current map in Local Mapping...
LM: End reseting Local Mapping...
LM: Reset free the mutex
LM: Active map reset, Done!!!
mnFirstFrameId = 4
mnInitialFrameId = 0
11 Frames set to lost
not IMU meas
First KF:3; Map init KF:0
New Map created with 91 points
Active map: 0
Fail to track local map!
IMU is not or recently initialized. Reseting active map...
LM: Active map reset recieved
LM: Active map reset, waiting...
LM: Reseting current map in Local Mapping...
LM: End reseting Local Mapping...
LM: Reset free the mutex
LM: Active map reset, Done!!!
mnFirstFrameId = 16
mnInitialFrameId = 14
15 Frames set to lost
not IMU meas
First KF:4; Map init KF:3
New Map created with 199 points
Active map: 0
Fail to track local map!
IMU is not or recently initialized. Reseting active map...
LM: Active map reset recieved
LM: Active map reset, waiting...
LM: Reseting current map in Local Mapping...
LM: End reseting Local Mapping...
LM: Reset free the mutex
LM: Active map reset, Done!!!
mnFirstFrameId = 21
mnInitialFrameId = 19
20 Frames set to lost
not IMU meas
not enough acceleration
not enough acceleration
not enough acceleration
not enough acceleration
First KF:5; Map init KF:4
New Map created with 699 points
Active map: 0
Dropping frame 1403636581.3635557
Dropping frame 1403636581.5635555
Dropping frame 1403636581.6635556
Dropping frame 1403636581.9135554
Fail to track local map!
IMU is not or recently initialized. Reseting active map...
Dropping frame 1403636582.1135554
LM: Active map reset recieved
LM: Active map reset, waiting...
LM: Reseting current map in Local Mapping...
LM: End reseting Local Mapping...
LM: Reset free the mutex
LM: Active map reset, Done!!!
mnFirstFrameId = 31
mnInitialFrameId = 25
32 Frames set to lost
not IMU meas
First KF:8; Map init KF:5
New Map created with 194 points
Active map: 0
Fail to track local map!
IMU is not or recently initialized. Reseting active map...
LM: Active map reset recieved
LM: Active map reset, waiting...
LM: Reseting current map in Local Mapping...
LM: End reseting Local Mapping...
LM: Reset free the mutex
LM: Active map reset, Done!!!
mnFirstFrameId = 44
mnInitialFrameId = 42
43 Frames set to lost
not IMU meas
not enough acceleration
First KF:11; Map init KF:8
New Map created with 534 points
Active map: 0
Dropping frame 1403636583.3135555
Dropping frame 1403636583.5135555
Dropping frame 1403636583.8135555
Dropping frame 1403636583.9135554
Fail to track local map!
IMU is not or recently initialized. Reseting active map...
LM: Active map reset recieved
LM: Active map reset, waiting...
LM: Reseting current map in Local Mapping...
LM: End reseting Local Mapping...
LM: Reset free the mutex
LM: Active map reset, Done!!!
mnFirstFrameId = 57
mnInitialFrameId = 54
62 Frames set to lost
not IMU meas
not enough acceleration
First KF:16; Map init KF:11
New Map created with 176 points
Active map: 0
Dropping frame 1403636584.1635556
Dropping frame 1403636584.2635555
Fail to track local map!
IMU is not or recently initialized. Reseting active map...
LM: Active map reset recieved
LM: Active map reset, waiting...
LM: Reseting current map in Local Mapping...
LM: End reseting Local Mapping...
LM: Reset free the mutex
LM: Active map reset, Done!!!
mnFirstFrameId = 78
mnInitialFrameId = 75
65 Frames set to lost
not IMU meas
First KF:17; Map init KF:16
New Map created with 251 points
Active map: 0
Dropping frame 1403636585.0635555
Dropping frame 1403636586.1635556
Dropping frame 1403636586.4135554
Dropping frame 1403636586.5135555
Dropping frame 1403636586.6135554
Dropping frame 1403636588.3635557
start VIBA 1
end VIBA 1
start VIBA 2
end VIBA 2
Dropping frame 1403636627.8635557
Dropping frame 1403636628.4135554
Dropping frame 1403636629.4635556
Dropping frame 1403636630.4635556
Dropping frame 1403636631.6135554
Dropping frame 1403636632.7135556
Dropping frame 1403636633.2635555
Dropping frame 1403636635.9635556
Dropping frame 1403636636.4135554
Dropping frame 1403636636.8135555
Dropping frame 1403636644.1635556
Dropping frame 1403636646.0635555
Dropping frame 1403636646.4135554
Dropping frame 1403636647.1635556
Dropping frame 1403636647.2635555
Dropping frame 1403636647.6135554
Dropping frame 1403636649.2635555
Dropping frame 1403636650.2135556
Dropping frame 1403636650.7135556
Dropping frame 1403636650.9135554
Dropping frame 1403636653.9635556
Dropping frame 1403636675.6135554
Dropping frame 1403636675.9635556
Dropping frame 1403636676.3135555
Dropping frame 1403636679.7135556
Dropping frame 1403636680.1635556
Dropping frame 1403636681.1635556
Dropping frame 1403636682.3135555
Dropping frame 1403636682.8635557
Dropping frame 1403636683.4135554
Dropping frame 1403636684.4135554
Dropping frame 1403636684.9635556
Dropping frame 1403636686.7635555
Dropping frame 1403636687.1635556
Dropping frame 1403636687.4635556
Dropping frame 1403636687.9135554
Dropping frame 1403636688.1135554
Dropping frame 1403636688.5635555
Dropping frame 1403636688.6635556
Dropping frame 1403636689.0135555
Dropping frame 1403636689.4135554
Dropping frame 1403636689.8135555
Dropping frame 1403636689.9135554
Dropping frame 1403636690.0135555
Dropping frame 1403636690.5635555
Dropping frame 1403636690.6635556
Dropping frame 1403636691.2135556
Dropping frame 1403636691.6135554
Dropping frame 1403636692.4135554
Dropping frame 1403636692.6635556
Dropping frame 1403636693.1635556
Dropping frame 1403636693.2635555
Dropping frame 1403636693.6135554
Dropping frame 1403636695.4635556
Dropping frame 1403636696.0635555
Dropping frame 1403636696.1635556
Dropping frame 1403636696.5135555
Dropping frame 1403636696.7135556
Dropping frame 1403636697.0635555
Dropping frame 1403636697.7135556
Dropping frame 1403636698.3635557
Dropping frame 1403636698.9135554
Dropping frame 1403636699.7635555
Dropping frame 1403636700.6635556
Dropping frame 1403636700.8635557
Dropping frame 1403636701.0135555
Dropping frame 1403636701.4135554
Dropping frame 1403636703.3135555
Dropping frame 1403636703.4135554
Dropping frame 1403636703.9135554
Dropping frame 1403636704.1135554
Dropping frame 1403636704.3135555
Dropping frame 1403636704.4135554
Dropping frame 1403636704.6635556
Dropping frame 1403636704.8635557
Dropping frame 1403636705.1635556
Dropping frame 1403636705.2635555
Dropping frame 1403636705.3635557
Dropping frame 1403636706.0135555
Dropping frame 1403636706.1135554
Dropping frame 1403636706.5135555
Dropping frame 1403636706.6135554
Dropping frame 1403636706.9135554
Dropping frame 1403636707.1135554
Dropping frame 1403636707.2635555
Dropping frame 1403636707.4635556
Dropping frame 1403636707.6135554
Dropping frame 1403636707.7135556
Dropping frame 1403636708.2135556
Dropping frame 1403636708.3135555
Dropping frame 1403636708.5135555
Dropping frame 1403636708.8635557
Dropping frame 1403636709.3135555
Dropping frame 1403636709.4135554
Dropping frame 1403636709.5135555
Dropping frame 1403636709.8135555
Dropping frame 1403636710.2135556
Dropping frame 1403636710.5135555
Dropping frame 1403636710.6635556
Dropping frame 1403636711.0635555
Dropping frame 1403636711.5635555
Dropping frame 1403636711.7135556
Dropping frame 1403636711.8635557
Dropping frame 1403636713.4635556
Dropping frame 1403636713.7135556
Dropping frame 1403636713.9135554
Dropping frame 1403636714.0135555
Dropping frame 1403636715.0635555
Dropping frame 1403636715.2635555
Dropping frame 1403636715.6135554
Dropping frame 1403636716.2635555
Dropping frame 1403636716.4635556
Dropping frame 1403636716.6635556
Dropping frame 1403636716.7635555
Dropping frame 1403636717.4635556
Dropping frame 1403636717.6635556
Dropping frame 1403636717.8635557
Dropping frame 1403636718.3635557
Dropping frame 1403636718.4635556
Dropping frame 1403636718.8135555
Dropping frame 1403636719.1135554
Dropping frame 1403636719.3635557
Dropping frame 1403636719.6635556
Dropping frame 1403636719.9135554
Dropping frame 1403636720.1135554
Dropping frame 1403636720.2135556
Dropping frame 1403636720.7635555
Dropping frame 1403636720.9635556
Dropping frame 1403636721.2635555
Dropping frame 1403636721.7135556
Dropping frame 1403636721.8135555
Dropping frame 1403636722.0635555
Dropping frame 1403636722.3635557
Dropping frame 1403636722.5635555
Dropping frame 1403636722.7635555
Dropping frame 1403636722.9135554
Dropping frame 1403636723.2135556
Dropping frame 1403636723.3135555
Dropping frame 1403636723.7635555
Dropping frame 1403636723.8635557
Dropping frame 1403636724.2135556
Dropping frame 1403636724.3135555
Dropping frame 1403636724.5135555
Dropping frame 1403636724.7135556
Dropping frame 1403636725.0635555
Dropping frame 1403636725.2135556
Dropping frame 1403636725.3135555
Dropping frame 1403636725.7635555
Dropping frame 1403636726.0135555
Dropping frame 1403636726.1135554
Dropping frame 1403636726.3135555
Dropping frame 1403636726.4135554
Dropping frame 1403636726.5135555
Dropping frame 1403636726.8135555
Dropping frame 1403636728.1635556
Dropping frame 1403636728.5135555
Dropping frame 1403636728.8135555
Dropping frame 1403636729.0135555
Dropping frame 1403636729.1135554
Dropping frame 1403636729.3135555
Dropping frame 1403636729.5635555
Dropping frame 1403636729.9135554
Dropping frame 1403636730.3635557
Dropping frame 1403636730.4635556
Dropping frame 1403636730.5635555
Dropping frame 1403636730.7635555
Dropping frame 1403636730.8635557
Dropping frame 1403636731.0135555
Dropping frame 1403636731.3135555
Dropping frame 1403636731.4135554
Dropping frame 1403636732.1135554
Dropping frame 1403636732.2135556
Dropping frame 1403636732.3135555
Dropping frame 1403636732.5135555
Dropping frame 1403636732.6635556
Dropping frame 1403636732.8635557
Dropping frame 1403636733.0635555
Dropping frame 1403636733.1635556
Dropping frame 1403636733.2635555
Dropping frame 1403636733.3635557
Dropping frame 1403636733.4635556
Dropping frame 1403636734.0635555
Dropping frame 1403636734.1635556
Dropping frame 1403636734.2635555
Dropping frame 1403636734.4635556
Dropping frame 1403636734.5635555
Dropping frame 1403636734.6635556
Dropping frame 1403636734.9135554
Dropping frame 1403636735.4635556
Dropping frame 1403636735.6635556
Dropping frame 1403636735.7635555
Dropping frame 1403636736.1635556
Dropping frame 1403636736.2635555
Dropping frame 1403636736.4635556
Dropping frame 1403636736.6635556
Dropping frame 1403636736.7635555
Dropping frame 1403636737.0635555
Dropping frame 1403636737.1635556
Dropping frame 1403636737.5135555
Dropping frame 1403636737.6135554
Dropping frame 1403636737.7135556
Dropping frame 1403636737.9635556
Dropping frame 1403636738.0635555
Dropping frame 1403636738.3135555
Dropping frame 1403636738.5135555
Dropping frame 1403636738.6135554
Dropping frame 1403636738.7135556
*Loop detected
phi =   0.013167615340385462    0.01442625315431713 -0.0022203583430837341
BAD LOOP!!!
*Loop detected
phi =     0.01501549981189625    0.013754321454488176 -0.00087703429269815494
BAD LOOP!!!
Dropping frame 1403636739.5135555
Dropping frame 1403636739.6135554
Dropping frame 1403636739.7135556
Dropping frame 1403636740.0135555
Dropping frame 1403636740.2635555
Dropping frame 1403636740.4135554
Dropping frame 1403636740.6635556
Dropping frame 1403636740.8635557
Dropping frame 1403636740.9635556
Dropping frame 1403636741.0635555
Dropping frame 1403636741.3135555
Dropping frame 1403636741.4135554
Dropping frame 1403636741.5135555
Dropping frame 1403636741.8135555
Dropping frame 1403636741.9135554
Dropping frame 1403636742.0135555
Dropping frame 1403636742.2135556
Dropping frame 1403636742.3135555
Dropping frame 1403636742.4135554
Dropping frame 1403636742.6135554
Dropping frame 1403636742.7135556
Dropping frame 1403636742.9135554
Dropping frame 1403636743.0135555
Dropping frame 1403636743.1135554
Dropping frame 1403636743.2135556
Dropping frame 1403636743.3135555
Dropping frame 1403636743.5135555
Dropping frame 1403636743.7135556
Dropping frame 1403636743.8135555
Dropping frame 1403636743.9135554
Dropping frame 1403636744.1635556
Dropping frame 1403636744.4135554
Dropping frame 1403636744.6135554
Dropping frame 1403636744.7135556
Dropping frame 1403636745.1135554
Dropping frame 1403636745.3135555
Dropping frame 1403636745.4135554
Dropping frame 1403636745.6635556
Dropping frame 1403636745.7635555
Dropping frame 1403636745.8635557
Dropping frame 1403636746.0635555
Dropping frame 1403636746.1635556
Dropping frame 1403636746.2635555
Dropping frame 1403636746.6135554
Dropping frame 1403636746.7135556
Dropping frame 1403636746.9135554
Dropping frame 1403636747.1135554
Dropping frame 1403636747.2135556
Dropping frame 1403636747.3135555
Dropping frame 1403636747.4135554
Dropping frame 1403636747.6135554
Dropping frame 1403636747.7135556
Dropping frame 1403636747.9135554
Dropping frame 1403636748.0135555
Dropping frame 1403636748.1135554
Dropping frame 1403636748.3635557
Dropping frame 1403636748.5635555
Dropping frame 1403636748.6635556
Dropping frame 1403636748.7635555
Dropping frame 1403636748.9635556
Dropping frame 1403636749.1635556
Dropping frame 1403636749.3635557
Dropping frame 1403636749.4635556
Dropping frame 1403636749.5635555
Dropping frame 1403636749.6635556
Dropping frame 1403636749.7635555
Dropping frame 1403636749.9635556
Dropping frame 1403636750.0635555
Dropping frame 1403636750.1635556
Dropping frame 1403636750.2635555
Dropping frame 1403636750.4135554
Dropping frame 1403636750.5635555
Dropping frame 1403636750.8135555
Dropping frame 1403636751.0635555
Dropping frame 1403636751.2135556
Dropping frame 1403636751.3635557
Dropping frame 1403636751.4635556
Dropping frame 1403636751.7135556
Dropping frame 1403636751.9635556
Dropping frame 1403636752.0635555
Dropping frame 1403636752.1635556
Dropping frame 1403636752.2635555
Dropping frame 1403636752.4135554
Dropping frame 1403636752.6135554
Dropping frame 1403636752.7135556
Dropping frame 1403636752.8135555
Dropping frame 1403636753.1135554
Dropping frame 1403636753.2135556
Dropping frame 1403636753.3135555
Dropping frame 1403636753.5135555
Dropping frame 1403636753.7135556
Dropping frame 1403636753.8135555
Dropping frame 1403636753.9135554
Dropping frame 1403636754.1135554
Dropping frame 1403636754.2135556
Dropping frame 1403636754.3135555
Dropping frame 1403636754.4135554
Dropping frame 1403636754.6135554
Dropping frame 1403636754.7135556
Dropping frame 1403636754.8135555
Dropping frame 1403636755.1635556
Dropping frame 1403636755.2635555
Dropping frame 1403636755.3635557
Dropping frame 1403636755.4635556
Dropping frame 1403636755.6635556
*Loop detected
phi =    0.01310243808897083  0.0056184971731334877 -0.0010983452820869737
BAD LOOP!!!
Dropping frame 1403636755.9135554
Dropping frame 1403636756.1135554
*Loop detected
phi =  0.0055340233265340046 0.00044309303769721691  -0.001239471798643586
Local Mapping STOP
Dropping frame 1403636756.3135555
Local Mapping RELEASE
Dropping frame 1403636756.4135554
Dropping frame 1403636756.5135555
Dropping frame 1403636756.7135556
Dropping frame 1403636756.9135554
Dropping frame 1403636757.0135555
Dropping frame 1403636757.2135556
Dropping frame 1403636757.3135555
Dropping frame 1403636757.4135554
Dropping frame 1403636757.5135555
Dropping frame 1403636757.6135554
Dropping frame 1403636757.8135555
Dropping frame 1403636758.0135555
Dropping frame 1403636758.1135554
Dropping frame 1403636758.3135555
Dropping frame 1403636758.6635556
Dropping frame 1403636758.8135555
Dropping frame 1403636759.0135555
Dropping frame 1403636759.2135556
Dropping frame 1403636759.4135554
Dropping frame 1403636759.5135555
Dropping frame 1403636759.6135554
Dropping frame 1403636759.8135555
Dropping frame 1403636759.9135554
Dropping frame 1403636760.1135554
Dropping frame 1403636760.2135556
Dropping frame 1403636760.3135555
Dropping frame 1403636760.5135555
Dropping frame 1403636760.6135554
Dropping frame 1403636760.7135556
Dropping frame 1403636760.9135554
Dropping frame 1403636761.1135554
Dropping frame 1403636761.3135555
Dropping frame 1403636761.5135555
Dropping frame 1403636761.7135556
Dropping frame 1403636761.8135555
Dropping frame 1403636761.9135554
Dropping frame 1403636762.0135555
Dropping frame 1403636762.1635556
Dropping frame 1403636762.2635555
Dropping frame 1403636762.3635557
Dropping frame 1403636762.7135556
Dropping frame 1403636762.9135554
Dropping frame 1403636763.1135554
Dropping frame 1403636763.2135556
Dropping frame 1403636763.3135555
Dropping frame 1403636763.5135555
Dropping frame 1403636763.7135556
Shutdown
SLAM Finished at System Time: 1742879156.49454

 TIME STATS in ms (mean$\pm$std)
OpenCV version: 4.8.1
---------------------------
Tracking

ORB Extraction: 13.319$\pm$1.6093
Stereo Matching: 6.7664$\pm$2.3169
IMU Preintegration: 0.24253$\pm$0.10603
Pose Prediction: 0.26867$\pm$0.98803
LM Track: 17.276$\pm$5.1415
New KF decision: 0.93414$\pm$1.866
Total Tracking: 35.487$\pm$18.5



Local Mapping

KF Insertion: 12.146$\pm$5.2479
MP Culling: 0.40504$\pm$0.2153
MP Creation: 38.658$\pm$18.041
LBA: 134.63$\pm$58.501
KF Culling: 11.521$\pm$9.3875
Total Local Mapping: 195.06$\pm$84.899
---------------------------

LBA complexity (mean$\pm$std)
LBA Edges: 1540.7$\pm$512.07
LBA KF optimized: 4.9286$\pm$1.8695
LBA KF fixed: 1.2857$\pm$0.69985
LBA MP: nan$\pm$nan

LBA executions: 640
LBA aborts: 0
---------------------------

Map complexity
KFs in map: 216
MPs in map: 18764
---------------------------

Place Recognition (mean$\pm$std)
Database Query: 1.6683$\pm$1.0304
SE3 estimation: 26.097$\pm$19.855
Total Place Recognition: 20.703$\pm$21.551


Loop Closing (mean$\pm$std)
Loop Fusion: 112.84$\pm$0
Essential Graph: 121.23$\pm$0
Total Loop Closing: 236.72$\pm$0

Num exec: 1
Number of KFs: nan$\pm$nan

Map Merging (mean$\pm$std)
Merge Maps: nan$\pm$nan
Welding BA: nan$\pm$nan
Optimization Ess.: nan$\pm$nan
Total Map Merging: nan$\pm$nan

Num exec: 0
Number of KFs: nan$\pm$nan
Number of MPs: nan$\pm$nan

Full GBA (mean$\pm$std)
GBA: nan$\pm$nan
Map Update: nan$\pm$nan
Total Full GBA: nan$\pm$nan

Num exec: 0
Num abort: 0
Number of KFs: nan$\pm$nan
Number of MPs: nan$\pm$nan

Saving trajectory to f_dataset-MH01_stereo_imu.txt ...
There are 1 maps in the atlas
  Map 0 has 216 KFs

End of saving trajectory to f_dataset-MH01_stereo_imu.txt ...

Saving keyframe trajectory to kf_dataset-MH01_stereo_imu.txt ...
