num_seq = 1
file name: dataset-MH01_stereo_imu
Loading images for sequence 0...LOADED!
Loading IMU for sequence 0...LOADED!

-------

ORB-SLAM3 Copyright (C) 2017-2020 Carlos Campos, Richard Elvira, Juan J. Gómez, José M.M. Montiel and Juan D. Tardós, University of Zaragoza.
ORB-SLAM2 Copyright (C) 2014-2016 Raúl Mur-Artal, José M.M. Montiel and Juan D. Tardós, University of Zaragoza.
This program comes with ABSOLUTELY NO WARRANTY;
This is free software, and you are welcome to redistribute it
under certain conditions. See LICENSE.txt.

Built with REGISTER_TIMES
Git Commit Hash: 2d47524

Build Type: Release

Compiled with C++ version: 201703

Input sensor was set to: Stereo-Inertial
Loading settings from EuRoC_fov_deadlines_mask_17x17.yaml
	-Loaded camera 1
	-Loaded camera 2
	-Loaded image info
	-Loaded IMU calibration
	-Loaded ORB settings
	-Loaded viewer settings
	-Loaded Atlas settings
Deadlines enabled, will skip frames!
FOV enabled
Static mask size: 17x17
Dumping map points enabled
	-Loaded misc parameters
	-Computed rectification maps
----------------------------------
SLAM settings: 
	-Camera 1 parameters (Pinhole): [ 458.65399169921875 457.29598999023438 367.21499633789062 248.375 ]
	-Camera 1 distortion parameters: [  -0.28340810537338257 0.073959067463874817 0.00019359000725671649 1.7618711353861727e-05 ]
	-Camera 2 parameters (Pinhole: [ 457.58700561523438 456.13400268554688 379.99899291992188 255.23800659179688 ]
	-Camera 1 distortion parameters: [  -0.2836836576461792 0.074512839317321777 -0.00010473000293131918 -3.555907096597366e-05 ]
	-Original image size: [ 752 , 480 ]
	-Current image size: [ 752 , 480 ]
	-Camera 1 parameters after rectification: [  456.71499633789062 456.71499633789062 364.52615356445312 257.268798828125 ]
	-Sequence FPS: 20
	-Stereo baseline: 0.11007784307003021
	-Stereo depth threshold : 60
	-Gyro noise: 0.00016999999934341758
	-Accelerometer noise: 0.0020000000949949026
	-Gyro walk: 1.9392999092815444e-05
	-Accelerometer walk: 0.0030000000260770321
	-IMU frequency: 200
	-Features per image: 1200
	-ORB scale factor: 1.2000000476837158
	-ORB number of scales: 8
	-Initial FAST threshold: 20
	-Min FAST threshold: 7


Loading ORB Vocabulary. This could take a while...
Vocabulary loaded!

Initialization of Atlas from scratch 
Creation of new map with id: 0
Creation of new map with last KF id: 0
Seq. Name: 
There are 1 cameras in the atlas
Camera 0 is pinhole
SLAM Started at System Time: 1742873589.5752
not IMU meas
not IMU meas
not enough acceleration
not enough acceleration
First KF:0; Map init KF:0
New Map created with 541 points
Active map: 0
Dropping frame 1403636580.0135555
Dropping frame 1403636580.2135556
Dropping frame 1403636580.5135555
Dropping frame 1403636580.6635556
Dropping frame 1403636581.2635555
Dropping frame 1403636581.5635555
Dropping frame 1403636581.7135556
Dropping frame 1403636581.9635556
Dropping frame 1403636582.0635555
Dropping frame 1403636582.1635556
Dropping frame 1403636582.2635555
Dropping frame 1403636582.3635557
Dropping frame 1403636582.5635555
Dropping frame 1403636582.6635556
Dropping frame 1403636582.8635557
Dropping frame 1403636582.9635556
Dropping frame 1403636583.0635555
Dropping frame 1403636583.1635556
Dropping frame 1403636583.3635557
Dropping frame 1403636583.5635555
Dropping frame 1403636583.7635555
Dropping frame 1403636583.9635556
Dropping frame 1403636584.1635556
Dropping frame 1403636584.2635555
Dropping frame 1403636584.6635556
Dropping frame 1403636584.7635555
Dropping frame 1403636584.8635557
Dropping frame 1403636585.0635555
Dropping frame 1403636585.2635555
Dropping frame 1403636585.4635556
Dropping frame 1403636585.6635556
start VIBA 1
Dropping frame 1403636585.7635555
end VIBA 1
Dropping frame 1403636585.8635557
Dropping frame 1403636586.0635555
Dropping frame 1403636586.1635556
Dropping frame 1403636586.2635555
Dropping frame 1403636586.4635556
Dropping frame 1403636586.5635555
Dropping frame 1403636586.6635556
Dropping frame 1403636586.9135554
Dropping frame 1403636587.1635556
Dropping frame 1403636587.4635556
Dropping frame 1403636587.6635556
Dropping frame 1403636587.7635555
Dropping frame 1403636587.8635557
Dropping frame 1403636587.9635556
Dropping frame 1403636588.3135555
Dropping frame 1403636588.5135555
Dropping frame 1403636588.7135556
Dropping frame 1403636588.8135555
Dropping frame 1403636588.9135554
Dropping frame 1403636589.1135554
Dropping frame 1403636589.2135556
Dropping frame 1403636589.3135555
Dropping frame 1403636589.5135555
Dropping frame 1403636589.6135554
Dropping frame 1403636589.7135556
Dropping frame 1403636589.9135554
Dropping frame 1403636590.0135555
Dropping frame 1403636590.1135554
Dropping frame 1403636590.3135555
Dropping frame 1403636590.5135555
Dropping frame 1403636590.7135556
Dropping frame 1403636591.0135555
Dropping frame 1403636591.3635557
Dropping frame 1403636591.4635556
Dropping frame 1403636591.5635555
Dropping frame 1403636591.7635555
Dropping frame 1403636591.9635556
Dropping frame 1403636592.1635556
Dropping frame 1403636592.2635555
Dropping frame 1403636592.5635555
Dropping frame 1403636592.6635556
Dropping frame 1403636592.8135555
Dropping frame 1403636593.0135555
Dropping frame 1403636593.1135554
Dropping frame 1403636593.3135555
Dropping frame 1403636593.5135555
Dropping frame 1403636593.6135554
Dropping frame 1403636593.7135556
Dropping frame 1403636593.9135554
Dropping frame 1403636594.1135554
Dropping frame 1403636594.3135555
Dropping frame 1403636594.5135555
Dropping frame 1403636594.6135554
Dropping frame 1403636594.7635555
Dropping frame 1403636594.9135554
Dropping frame 1403636595.1135554
Dropping frame 1403636595.4135554
Dropping frame 1403636595.5135555
start VIBA 2
Dropping frame 1403636595.6135554
end VIBA 2
Dropping frame 1403636595.8135555
Dropping frame 1403636596.0135555
Dropping frame 1403636596.2135556
Dropping frame 1403636596.3135555
Dropping frame 1403636596.4135554
Dropping frame 1403636596.6135554
Dropping frame 1403636596.8135555
Dropping frame 1403636597.0135555
Dropping frame 1403636597.1135554
Dropping frame 1403636597.3635557
Dropping frame 1403636597.5635555
Dropping frame 1403636597.7635555
Dropping frame 1403636597.8635557
Dropping frame 1403636598.1135554
Dropping frame 1403636598.3135555
Dropping frame 1403636598.5135555
Dropping frame 1403636598.6135554
Dropping frame 1403636598.8635557
Dropping frame 1403636598.9635556
Dropping frame 1403636599.0635555
Dropping frame 1403636599.2635555
Dropping frame 1403636599.3635557
Dropping frame 1403636599.4635556
Dropping frame 1403636599.6635556
Dropping frame 1403636599.7635555
Dropping frame 1403636599.8635557
Dropping frame 1403636599.9635556
Dropping frame 1403636600.0635555
Dropping frame 1403636600.2635555
Dropping frame 1403636600.3635557
Dropping frame 1403636600.4635556
Dropping frame 1403636600.5635555
Dropping frame 1403636600.7135556
Dropping frame 1403636600.9135554
Dropping frame 1403636601.1135554
Dropping frame 1403636601.3135555
Dropping frame 1403636601.4135554
Dropping frame 1403636601.5135555
Dropping frame 1403636601.7135556
Dropping frame 1403636601.8135555
Dropping frame 1403636601.9135554
Dropping frame 1403636602.1135554
Dropping frame 1403636602.2135556
Dropping frame 1403636602.3135555
Dropping frame 1403636602.5135555
Dropping frame 1403636602.7135556
Dropping frame 1403636602.8135555
Dropping frame 1403636602.9135554
Dropping frame 1403636603.0135555
Dropping frame 1403636603.4135554
Dropping frame 1403636603.5135555
Dropping frame 1403636603.7635555
Dropping frame 1403636604.1635556
Dropping frame 1403636604.4635556
Dropping frame 1403636604.7635555
Dropping frame 1403636604.9635556
Dropping frame 1403636605.1635556
Dropping frame 1403636605.3135555
Dropping frame 1403636605.5135555
Dropping frame 1403636605.8135555
Dropping frame 1403636605.9135554
Dropping frame 1403636606.2135556
Dropping frame 1403636606.4635556
Dropping frame 1403636606.6635556
Dropping frame 1403636606.7635555
Dropping frame 1403636607.1635556
Dropping frame 1403636607.2635555
Dropping frame 1403636607.5135555
Dropping frame 1403636608.2135556
Dropping frame 1403636608.3135555
Dropping frame 1403636608.5635555
Dropping frame 1403636608.8635557
Dropping frame 1403636608.9635556
Dropping frame 1403636609.2135556
Dropping frame 1403636609.5635555
Dropping frame 1403636609.7135556
Dropping frame 1403636609.9135554
Dropping frame 1403636610.0135555
Dropping frame 1403636610.2635555
Dropping frame 1403636610.3635557
Dropping frame 1403636610.6135554
Dropping frame 1403636610.8135555
Dropping frame 1403636610.9135554
Dropping frame 1403636611.0135555
Dropping frame 1403636611.1135554
Dropping frame 1403636611.3135555
Dropping frame 1403636611.6135554
Dropping frame 1403636611.7135556
Dropping frame 1403636611.9635556
Dropping frame 1403636612.1635556
Dropping frame 1403636612.3135555
Dropping frame 1403636612.5635555
Dropping frame 1403636612.8635557
Dropping frame 1403636613.1635556
Dropping frame 1403636613.3635557
Dropping frame 1403636613.4635556
Dropping frame 1403636613.7635555
Dropping frame 1403636613.9635556
Dropping frame 1403636614.1635556
Dropping frame 1403636614.4635556
Dropping frame 1403636614.6635556
Dropping frame 1403636614.8635557
Dropping frame 1403636615.1635556
Dropping frame 1403636615.5135555
Dropping frame 1403636615.7135556
Dropping frame 1403636615.9635556
Dropping frame 1403636616.2135556
Dropping frame 1403636616.4135554
Dropping frame 1403636616.6135554
Dropping frame 1403636617.0135555
Dropping frame 1403636617.3135555
Dropping frame 1403636617.4635556
Dropping frame 1403636617.7635555
Dropping frame 1403636618.1135554
Dropping frame 1403636618.3135555
Dropping frame 1403636618.6135554
Dropping frame 1403636618.8135555
Dropping frame 1403636619.0635555
Dropping frame 1403636619.1635556
Dropping frame 1403636619.3635557
Dropping frame 1403636619.5635555
Dropping frame 1403636619.7635555
Dropping frame 1403636619.8635557
Dropping frame 1403636620.1135554
Dropping frame 1403636620.4135554
Dropping frame 1403636620.6135554
Dropping frame 1403636620.8135555
Dropping frame 1403636621.0135555
Dropping frame 1403636621.1135554
Dropping frame 1403636621.3635557
Dropping frame 1403636621.7635555
Dropping frame 1403636621.8635557
Dropping frame 1403636622.2135556
Dropping frame 1403636622.4635556
Dropping frame 1403636622.7635555
Dropping frame 1403636623.1135554
Dropping frame 1403636623.2135556
Dropping frame 1403636623.3635557
Dropping frame 1403636623.6135554
Dropping frame 1403636623.9135554
Dropping frame 1403636624.2635555
Dropping frame 1403636624.4635556
Dropping frame 1403636624.5635555
Dropping frame 1403636624.8135555
Dropping frame 1403636625.0635555
Dropping frame 1403636625.4135554
Dropping frame 1403636625.5635555
Dropping frame 1403636625.9135554
Dropping frame 1403636626.2135556
Dropping frame 1403636626.3135555
Dropping frame 1403636626.7135556
Dropping frame 1403636626.8135555
Dropping frame 1403636626.9635556
Dropping frame 1403636627.1135554
Dropping frame 1403636627.5135555
Dropping frame 1403636627.8635557
Dropping frame 1403636628.2635555
Dropping frame 1403636628.4135554
Dropping frame 1403636628.7635555
Dropping frame 1403636628.9635556
Dropping frame 1403636629.0635555
Dropping frame 1403636629.2135556
Dropping frame 1403636629.4135554
Dropping frame 1403636629.9635556
Dropping frame 1403636630.1135554
Dropping frame 1403636630.4135554
Dropping frame 1403636630.5635555
Dropping frame 1403636630.8635557
Dropping frame 1403636631.1135554
Dropping frame 1403636631.2635555
Dropping frame 1403636631.4635556
Dropping frame 1403636631.6635556
Dropping frame 1403636632.0135555
Dropping frame 1403636632.2135556
Dropping frame 1403636632.3135555
Dropping frame 1403636632.4635556
Dropping frame 1403636632.6635556
Dropping frame 1403636632.9635556
Dropping frame 1403636633.1635556
Dropping frame 1403636633.3635557
Dropping frame 1403636633.5635555
Dropping frame 1403636633.9135554
Dropping frame 1403636634.2635555
Dropping frame 1403636634.7635555
Dropping frame 1403636634.8635557
Dropping frame 1403636635.1135554
Dropping frame 1403636636.0135555
Dropping frame 1403636636.1135554
Dropping frame 1403636636.2635555
Dropping frame 1403636636.5635555
Dropping frame 1403636636.8135555
Dropping frame 1403636637.1135554
Dropping frame 1403636637.4135554
Dropping frame 1403636637.5635555
Dropping frame 1403636638.0135555
Dropping frame 1403636638.2635555
Dropping frame 1403636638.7135556
Dropping frame 1403636638.8135555
Dropping frame 1403636639.0635555
Dropping frame 1403636639.4635556
Dropping frame 1403636639.6635556
Dropping frame 1403636640.0635555
Dropping frame 1403636640.3135555
Dropping frame 1403636640.4635556
Dropping frame 1403636640.8135555
Dropping frame 1403636641.0135555
Dropping frame 1403636641.1635556
Dropping frame 1403636641.3635557
Dropping frame 1403636641.5135555
Dropping frame 1403636641.7635555
Dropping frame 1403636642.0635555
Dropping frame 1403636642.4635556
Dropping frame 1403636642.6635556
Dropping frame 1403636642.7635555
Dropping frame 1403636642.9635556
Dropping frame 1403636643.3635557
Dropping frame 1403636643.6135554
Dropping frame 1403636643.9635556
Dropping frame 1403636644.1635556
Dropping frame 1403636644.2635555
Dropping frame 1403636644.4135554
Dropping frame 1403636644.7635555
Dropping frame 1403636644.9635556
Dropping frame 1403636645.1635556
Dropping frame 1403636645.5135555
Dropping frame 1403636645.6135554
Dropping frame 1403636645.7135556
Dropping frame 1403636645.9135554
Dropping frame 1403636646.0135555
Dropping frame 1403636646.5135555
Dropping frame 1403636646.7135556
Dropping frame 1403636646.8635557
Dropping frame 1403636647.1135554
Dropping frame 1403636647.3135555
Dropping frame 1403636647.5635555
Dropping frame 1403636647.8635557
Dropping frame 1403636648.1635556
Dropping frame 1403636648.2635555
Dropping frame 1403636648.3635557
Dropping frame 1403636648.5635555
Dropping frame 1403636648.7635555
Dropping frame 1403636649.1135554
Dropping frame 1403636649.2135556
Dropping frame 1403636649.3635557
Dropping frame 1403636649.7135556
Dropping frame 1403636649.9135554
Dropping frame 1403636650.0135555
Dropping frame 1403636650.1635556
Dropping frame 1403636650.4635556
Dropping frame 1403636650.5635555
Dropping frame 1403636650.6635556
Dropping frame 1403636650.9135554
Dropping frame 1403636651.0135555
Dropping frame 1403636651.3635557
Dropping frame 1403636651.5135555
Dropping frame 1403636651.6135554
Dropping frame 1403636652.0635555
Dropping frame 1403636652.1635556
Dropping frame 1403636652.3635557
Dropping frame 1403636652.5135555
Dropping frame 1403636652.6135554
Dropping frame 1403636652.8135555
Dropping frame 1403636653.0135555
Dropping frame 1403636653.3135555
Dropping frame 1403636653.4135554
Dropping frame 1403636653.7635555
Dropping frame 1403636654.0635555
Dropping frame 1403636654.5635555
Dropping frame 1403636654.9135554
Dropping frame 1403636655.1635556
Dropping frame 1403636655.4135554
Dropping frame 1403636655.6635556
Dropping frame 1403636656.1135554
Dropping frame 1403636656.2635555
Dropping frame 1403636656.7135556
Dropping frame 1403636656.8135555
Dropping frame 1403636656.9135554
Dropping frame 1403636657.0135555
Dropping frame 1403636657.3635557
Dropping frame 1403636657.5635555
Dropping frame 1403636657.6635556
Dropping frame 1403636657.8635557
Dropping frame 1403636657.9635556
Dropping frame 1403636658.1635556
Dropping frame 1403636658.2635555
Dropping frame 1403636658.3635557
Dropping frame 1403636658.4635556
Dropping frame 1403636658.5635555
Dropping frame 1403636658.6635556
Dropping frame 1403636658.9135554
Dropping frame 1403636659.0135555
Dropping frame 1403636659.2135556
Dropping frame 1403636659.4635556
Dropping frame 1403636659.5635555
Dropping frame 1403636659.6635556
Dropping frame 1403636659.7635555
Dropping frame 1403636659.9135554
Dropping frame 1403636660.0135555
Dropping frame 1403636660.2135556
Dropping frame 1403636660.3135555
Dropping frame 1403636660.6135554
Dropping frame 1403636660.7135556
Dropping frame 1403636660.8135555
Dropping frame 1403636661.0635555
Dropping frame 1403636661.1635556
Dropping frame 1403636661.2635555
Dropping frame 1403636661.4635556
Dropping frame 1403636661.6635556
Dropping frame 1403636661.7635555
Dropping frame 1403636661.9635556
Dropping frame 1403636662.0635555
Dropping frame 1403636662.1635556
Dropping frame 1403636662.3635557
Dropping frame 1403636662.4635556
Dropping frame 1403636662.5635555
Dropping frame 1403636662.6635556
Dropping frame 1403636662.7635555
Dropping frame 1403636662.8635557
Dropping frame 1403636663.0635555
Dropping frame 1403636663.3135555
Dropping frame 1403636663.4135554
Dropping frame 1403636663.6135554
Dropping frame 1403636663.7135556
Dropping frame 1403636663.8135555
Dropping frame 1403636663.9135554
Dropping frame 1403636664.0135555
Dropping frame 1403636664.2135556
Dropping frame 1403636664.4635556
Dropping frame 1403636664.5635555
Dropping frame 1403636664.6635556
Dropping frame 1403636664.7635555
Dropping frame 1403636664.8635557
Dropping frame 1403636665.0635555
Dropping frame 1403636665.1635556
Dropping frame 1403636665.2635555
Dropping frame 1403636665.3635557
Dropping frame 1403636665.5635555
Dropping frame 1403636665.6635556
Dropping frame 1403636665.8635557
Dropping frame 1403636665.9635556
Dropping frame 1403636666.0635555
Dropping frame 1403636666.2635555
Dropping frame 1403636666.3635557
Dropping frame 1403636666.4635556
Dropping frame 1403636666.6635556
Dropping frame 1403636666.7635555
Dropping frame 1403636666.8635557
Dropping frame 1403636666.9635556
Dropping frame 1403636667.0635555
Dropping frame 1403636667.1635556
Dropping frame 1403636667.3635557
Dropping frame 1403636667.4635556
Dropping frame 1403636667.5635555
Dropping frame 1403636667.7635555
Dropping frame 1403636667.9635556
Dropping frame 1403636668.0635555
Dropping frame 1403636668.2635555
Dropping frame 1403636668.3635557
Dropping frame 1403636668.4635556
Dropping frame 1403636668.6635556
Dropping frame 1403636668.7635555
Dropping frame 1403636668.8635557
Dropping frame 1403636668.9635556
Dropping frame 1403636669.0635555
Dropping frame 1403636669.2635555
Dropping frame 1403636669.3635557
Dropping frame 1403636669.4635556
Dropping frame 1403636669.6635556
Dropping frame 1403636669.7635555
Dropping frame 1403636669.8635557
Dropping frame 1403636670.0635555
Dropping frame 1403636670.1635556
Dropping frame 1403636670.2635555
Dropping frame 1403636670.4635556
Dropping frame 1403636670.5635555
Dropping frame 1403636670.7135556
Dropping frame 1403636670.8135555
Dropping frame 1403636670.9135554
Dropping frame 1403636671.1135554
Dropping frame 1403636671.2135556
Dropping frame 1403636671.3135555
Dropping frame 1403636671.4635556
Dropping frame 1403636671.5635555
Dropping frame 1403636671.7635555
Dropping frame 1403636671.8635557
Dropping frame 1403636671.9635556
Dropping frame 1403636672.0635555
Dropping frame 1403636672.1635556
Dropping frame 1403636672.2635555
Dropping frame 1403636672.4135554
Dropping frame 1403636672.5135555
Dropping frame 1403636672.7135556
Dropping frame 1403636672.9135554
Dropping frame 1403636673.0135555
Dropping frame 1403636673.1135554
Dropping frame 1403636673.3635557
Dropping frame 1403636673.5135555
Dropping frame 1403636673.6135554
Dropping frame 1403636673.7635555
Dropping frame 1403636673.8635557
Dropping frame 1403636673.9635556
Dropping frame 1403636674.0635555
Dropping frame 1403636674.1635556
Dropping frame 1403636674.2635555
Dropping frame 1403636674.3635557
Dropping frame 1403636674.5635555
Dropping frame 1403636674.6635556
Dropping frame 1403636674.9135554
Dropping frame 1403636675.1135554
Dropping frame 1403636675.3635557
Dropping frame 1403636675.4635556
Dropping frame 1403636675.8135555
Dropping frame 1403636675.9135554
Dropping frame 1403636676.0635555
Dropping frame 1403636676.3135555
Dropping frame 1403636676.4135554
Dropping frame 1403636676.7135556
Dropping frame 1403636676.8135555
Dropping frame 1403636676.9135554
Dropping frame 1403636677.0135555
Dropping frame 1403636677.1135554
Dropping frame 1403636677.3135555
Dropping frame 1403636677.5635555
Dropping frame 1403636677.6635556
Dropping frame 1403636677.8135555
Dropping frame 1403636677.9635556
Dropping frame 1403636678.0635555
Dropping frame 1403636678.1635556
Dropping frame 1403636678.3635557
Dropping frame 1403636678.4635556
Dropping frame 1403636678.5635555
Dropping frame 1403636678.8135555
Dropping frame 1403636678.9635556
Dropping frame 1403636679.1135554
Dropping frame 1403636679.2135556
Dropping frame 1403636679.3135555
Dropping frame 1403636679.4135554
Dropping frame 1403636679.6135554
Dropping frame 1403636679.8635557
Dropping frame 1403636680.0135555
Dropping frame 1403636680.2135556
Dropping frame 1403636680.3135555
Dropping frame 1403636680.4635556
Dropping frame 1403636680.6135554
Dropping frame 1403636680.8635557
Dropping frame 1403636681.1635556
Dropping frame 1403636681.2635555
Dropping frame 1403636681.3635557
Dropping frame 1403636681.4635556
Dropping frame 1403636681.5635555
Dropping frame 1403636681.7135556
Dropping frame 1403636681.9135554
Dropping frame 1403636682.0135555
Dropping frame 1403636682.3635557
Dropping frame 1403636682.5635555
Dropping frame 1403636682.6635556
Dropping frame 1403636683.0635555
Dropping frame 1403636683.1635556
Dropping frame 1403636683.2635555
Dropping frame 1403636683.4635556
Dropping frame 1403636683.5635555
Dropping frame 1403636683.7635555
Dropping frame 1403636683.8635557
Dropping frame 1403636684.1135554
Dropping frame 1403636684.2135556
Dropping frame 1403636684.4135554
Dropping frame 1403636684.5135555
Dropping frame 1403636684.6135554
Dropping frame 1403636684.7135556
Dropping frame 1403636684.9135554
Dropping frame 1403636685.0135555
Dropping frame 1403636685.1135554
Dropping frame 1403636685.2135556
Dropping frame 1403636685.3135555
Dropping frame 1403636685.5135555
Dropping frame 1403636685.6135554
Dropping frame 1403636685.9135554
Dropping frame 1403636686.1135554
Dropping frame 1403636686.2135556
Dropping frame 1403636686.3135555
Dropping frame 1403636686.5135555
Dropping frame 1403636686.7135556
Dropping frame 1403636686.8635557
Dropping frame 1403636687.0635555
Dropping frame 1403636687.1635556
Dropping frame 1403636687.2635555
Dropping frame 1403636687.3635557
Dropping frame 1403636687.4635556
Dropping frame 1403636687.7635555
Dropping frame 1403636687.8635557
Dropping frame 1403636687.9635556
Dropping frame 1403636688.0635555
Dropping frame 1403636688.2635555
Dropping frame 1403636688.3635557
Dropping frame 1403636688.4635556
Dropping frame 1403636688.5635555
Dropping frame 1403636688.6635556
Dropping frame 1403636688.7635555
Dropping frame 1403636688.9635556
Dropping frame 1403636689.0635555
Dropping frame 1403636689.1635556
Dropping frame 1403636689.3635557
Dropping frame 1403636689.5635555
Dropping frame 1403636689.6635556
Dropping frame 1403636689.8635557
Dropping frame 1403636689.9635556
Dropping frame 1403636690.0635555
Dropping frame 1403636690.2135556
Dropping frame 1403636690.3135555
Dropping frame 1403636690.5135555
Dropping frame 1403636690.6135554
Dropping frame 1403636690.7135556
Dropping frame 1403636690.9135554
Dropping frame 1403636691.0635555
Dropping frame 1403636691.2635555
Dropping frame 1403636691.3635557
Dropping frame 1403636691.4635556
Dropping frame 1403636691.5635555
Dropping frame 1403636691.6635556
Dropping frame 1403636691.7635555
Dropping frame 1403636691.9635556
Dropping frame 1403636692.1635556
Dropping frame 1403636692.3635557
Dropping frame 1403636692.4635556
Dropping frame 1403636692.5635555
Dropping frame 1403636692.7635555
Dropping frame 1403636693.0135555
Dropping frame 1403636693.1135554
Dropping frame 1403636693.2135556
Dropping frame 1403636693.3135555
Dropping frame 1403636693.4135554
Dropping frame 1403636693.6135554
Dropping frame 1403636693.8135555
Dropping frame 1403636693.9635556
Dropping frame 1403636694.1635556
Dropping frame 1403636694.2635555
Dropping frame 1403636694.4635556
Dropping frame 1403636694.5635555
Dropping frame 1403636694.6635556
Dropping frame 1403636694.7635555
Dropping frame 1403636694.9635556
Dropping frame 1403636695.0635555
Dropping frame 1403636695.3135555
Dropping frame 1403636695.4135554
Dropping frame 1403636695.5135555
Dropping frame 1403636695.6135554
Dropping frame 1403636695.9635556
Dropping frame 1403636696.7135556
Dropping frame 1403636696.9135554
Dropping frame 1403636697.2135556
Dropping frame 1403636697.3135555
Dropping frame 1403636697.4135554
Dropping frame 1403636697.6135554
Dropping frame 1403636697.7135556
Dropping frame 1403636697.8135555
Dropping frame 1403636697.9135554
Dropping frame 1403636698.2135556
Dropping frame 1403636698.4135554
Dropping frame 1403636698.5135555
Dropping frame 1403636698.7135556
Dropping frame 1403636698.8135555
Dropping frame 1403636698.9135554
Dropping frame 1403636699.0635555
Dropping frame 1403636699.1635556
Dropping frame 1403636699.3635557
Dropping frame 1403636699.4635556
Dropping frame 1403636699.5635555
Dropping frame 1403636699.7635555
Dropping frame 1403636699.9635556
Dropping frame 1403636700.0635555
Dropping frame 1403636700.2635555
Dropping frame 1403636700.3635557
Dropping frame 1403636700.4635556
Dropping frame 1403636700.5635555
Dropping frame 1403636700.6635556
Dropping frame 1403636700.8635557
Dropping frame 1403636701.0635555
Dropping frame 1403636701.2635555
Dropping frame 1403636701.3635557
Dropping frame 1403636701.4635556
Dropping frame 1403636701.5635555
Dropping frame 1403636701.7635555
Dropping frame 1403636701.9635556
Dropping frame 1403636702.0635555
Dropping frame 1403636702.1635556
Dropping frame 1403636702.2635555
Dropping frame 1403636702.3635557
Dropping frame 1403636702.4635556
Dropping frame 1403636702.6635556
Dropping frame 1403636702.7635555
Dropping frame 1403636702.9635556
Dropping frame 1403636703.1635556
Dropping frame 1403636703.2635555
Dropping frame 1403636703.3635557
Dropping frame 1403636703.4635556
Dropping frame 1403636703.5635555
Dropping frame 1403636703.6635556
Dropping frame 1403636703.7635555
Dropping frame 1403636703.8635557
Dropping frame 1403636704.0635555
Dropping frame 1403636704.2635555
Dropping frame 1403636704.3635557
Dropping frame 1403636704.6135554
Dropping frame 1403636704.7135556
Dropping frame 1403636705.0635555
Dropping frame 1403636705.1635556
Dropping frame 1403636705.2635555
Dropping frame 1403636705.4635556
Dropping frame 1403636705.6135554
Dropping frame 1403636705.8135555
Dropping frame 1403636705.9135554
Dropping frame 1403636706.0635555
Dropping frame 1403636706.1635556
Dropping frame 1403636706.3635557
Dropping frame 1403636706.5635555
Dropping frame 1403636706.6635556
Dropping frame 1403636706.7635555
Dropping frame 1403636706.8635557
Dropping frame 1403636706.9635556
Dropping frame 1403636707.0635555
Dropping frame 1403636707.2635555
Dropping frame 1403636707.3635557
Dropping frame 1403636707.4635556
Dropping frame 1403636707.5635555
Dropping frame 1403636707.6635556
Dropping frame 1403636707.8635557
Dropping frame 1403636707.9635556
Dropping frame 1403636708.1135554
Dropping frame 1403636708.2135556
Dropping frame 1403636708.3635557
Dropping frame 1403636708.5135555
Dropping frame 1403636708.7135556
Dropping frame 1403636708.8635557
Dropping frame 1403636709.0135555
Dropping frame 1403636709.2635555
Dropping frame 1403636709.3635557
Dropping frame 1403636709.9635556
Dropping frame 1403636710.0635555
Dropping frame 1403636710.3635557
Dropping frame 1403636710.4635556
Dropping frame 1403636710.6135554
Dropping frame 1403636710.8135555
Dropping frame 1403636711.0635555
Dropping frame 1403636711.3135555
Dropping frame 1403636711.4135554
Dropping frame 1403636711.5135555
Dropping frame 1403636711.7635555
Dropping frame 1403636711.8635557
Dropping frame 1403636712.2135556
Dropping frame 1403636712.4135554
Dropping frame 1403636712.6135554
Dropping frame 1403636712.7135556
Dropping frame 1403636712.8635557
Dropping frame 1403636712.9635556
Dropping frame 1403636713.0635555
Dropping frame 1403636713.2635555
Dropping frame 1403636713.4135554
Dropping frame 1403636713.7635555
Dropping frame 1403636713.8635557
Dropping frame 1403636713.9635556
Dropping frame 1403636714.1635556
Dropping frame 1403636714.3635557
Dropping frame 1403636714.4635556
Dropping frame 1403636714.8635557
Dropping frame 1403636715.0635555
Dropping frame 1403636715.2635555
Dropping frame 1403636715.4635556
Dropping frame 1403636715.6635556
Dropping frame 1403636715.7635555
Dropping frame 1403636716.0635555
Dropping frame 1403636716.2635555
Dropping frame 1403636716.3635557
Dropping frame 1403636716.6135554
Dropping frame 1403636716.7135556
Dropping frame 1403636716.8635557
Dropping frame 1403636717.2135556
Dropping frame 1403636717.4135554
Dropping frame 1403636717.6635556
Dropping frame 1403636717.8635557
Dropping frame 1403636718.0635555
Dropping frame 1403636718.1635556
Dropping frame 1403636718.4135554
Dropping frame 1403636718.7635555
Dropping frame 1403636719.0135555
Dropping frame 1403636719.2135556
Dropping frame 1403636719.4135554
Dropping frame 1403636719.5635555
Dropping frame 1403636719.9635556
Dropping frame 1403636720.4135554
Dropping frame 1403636720.7135556
Dropping frame 1403636720.9135554
Dropping frame 1403636721.0135555
Dropping frame 1403636721.1135554
Dropping frame 1403636721.3135555
Dropping frame 1403636721.5135555
Dropping frame 1403636721.7135556
Dropping frame 1403636721.8135555
Dropping frame 1403636722.0635555
Dropping frame 1403636722.2635555
Dropping frame 1403636722.4635556
Dropping frame 1403636722.6635556
Dropping frame 1403636722.8635557
Dropping frame 1403636723.0635555
Dropping frame 1403636723.1635556
Dropping frame 1403636723.4635556
Dropping frame 1403636723.5635555
Dropping frame 1403636723.8135555
Dropping frame 1403636724.0135555
Dropping frame 1403636724.1635556
Dropping frame 1403636724.3635557
Dropping frame 1403636724.5635555
Dropping frame 1403636724.7635555
Dropping frame 1403636724.9635556
Dropping frame 1403636725.1635556
Dropping frame 1403636725.2635555
Dropping frame 1403636725.5135555
Dropping frame 1403636725.8635557
Dropping frame 1403636726.0635555
Dropping frame 1403636726.2635555
Dropping frame 1403636726.4635556
Dropping frame 1403636726.6635556
Dropping frame 1403636726.7635555
Dropping frame 1403636726.8635557
Dropping frame 1403636727.0635555
Dropping frame 1403636727.2635555
Dropping frame 1403636727.4635556
Dropping frame 1403636727.6635556
Dropping frame 1403636727.7635555
Dropping frame 1403636728.0135555
Dropping frame 1403636728.2135556
Dropping frame 1403636728.3135555
Dropping frame 1403636728.4135554
Dropping frame 1403636728.6135554
Dropping frame 1403636728.8135555
Dropping frame 1403636729.0135555
Dropping frame 1403636729.1135554
Dropping frame 1403636729.2135556
Dropping frame 1403636729.4135554
Dropping frame 1403636729.6135554
Dropping frame 1403636729.8135555
Dropping frame 1403636729.9635556
Dropping frame 1403636730.3135555
Dropping frame 1403636730.5135555
Dropping frame 1403636730.7135556
Dropping frame 1403636730.9135554
Dropping frame 1403636731.1135554
Dropping frame 1403636731.2135556
Dropping frame 1403636731.4635556
Dropping frame 1403636731.6635556
Dropping frame 1403636731.8635557
Dropping frame 1403636731.9635556
Dropping frame 1403636732.2135556
Dropping frame 1403636732.3135555
Dropping frame 1403636732.4135554
Dropping frame 1403636732.6135554
Dropping frame 1403636732.8135555
Dropping frame 1403636732.9135554
Dropping frame 1403636733.0135555
Dropping frame 1403636733.2135556
Dropping frame 1403636733.4135554
Dropping frame 1403636733.6135554
Dropping frame 1403636733.7635555
Dropping frame 1403636733.9635556
Dropping frame 1403636734.1635556
Dropping frame 1403636734.3635557
Dropping frame 1403636734.5635555
Dropping frame 1403636734.7635555
Dropping frame 1403636734.8635557
Dropping frame 1403636734.9635556
Dropping frame 1403636735.1635556
Dropping frame 1403636735.3635557
Dropping frame 1403636735.5635555
Dropping frame 1403636735.6635556
Dropping frame 1403636735.7635555
Dropping frame 1403636736.1135554
Dropping frame 1403636736.3135555
Dropping frame 1403636736.4135554
Dropping frame 1403636736.6635556
Dropping frame 1403636736.8635557
Dropping frame 1403636737.0635555
Dropping frame 1403636737.2135556
Dropping frame 1403636737.4135554
Dropping frame 1403636737.6135554
Dropping frame 1403636737.7135556
Dropping frame 1403636737.9135554
Dropping frame 1403636738.1135554
Dropping frame 1403636738.3135555
Dropping frame 1403636738.4135554
Dropping frame 1403636738.5135555
Dropping frame 1403636738.7135556
Dropping frame 1403636738.9135554
Dropping frame 1403636739.1135554
Dropping frame 1403636739.2135556
Dropping frame 1403636739.4135554
Dropping frame 1403636739.6135554
Dropping frame 1403636739.7135556
Dropping frame 1403636739.8135555
Dropping frame 1403636740.0135555
Dropping frame 1403636740.2135556
Dropping frame 1403636740.4135554
Dropping frame 1403636740.6135554
Dropping frame 1403636740.8135555
Dropping frame 1403636741.0135555
Dropping frame 1403636741.1135554
Dropping frame 1403636741.3135555
Dropping frame 1403636741.5135555
Dropping frame 1403636741.6135554
Dropping frame 1403636741.7135556
Dropping frame 1403636741.9135554
Dropping frame 1403636742.0135555
Dropping frame 1403636742.1135554
Dropping frame 1403636742.3135555
Dropping frame 1403636742.7635555
Dropping frame 1403636742.8635557
Dropping frame 1403636743.0635555
Dropping frame 1403636743.1635556
Dropping frame 1403636743.3635557
Dropping frame 1403636743.5635555
Dropping frame 1403636743.6635556
Dropping frame 1403636743.8635557
Dropping frame 1403636744.0635555
Dropping frame 1403636744.2635555
Dropping frame 1403636744.4635556
Dropping frame 1403636744.6635556
Dropping frame 1403636744.8635557
Dropping frame 1403636745.0635555
Dropping frame 1403636745.1635556
Dropping frame 1403636745.2635555
Dropping frame 1403636745.4635556
Dropping frame 1403636745.6635556
Dropping frame 1403636745.7635555
Dropping frame 1403636745.8635557
Dropping frame 1403636745.9635556
Dropping frame 1403636746.1635556
Dropping frame 1403636746.2635555
Dropping frame 1403636746.3635557
Dropping frame 1403636746.5635555
Dropping frame 1403636746.6635556
Dropping frame 1403636746.7635555
Dropping frame 1403636746.8635557
Dropping frame 1403636747.2135556
Dropping frame 1403636747.3135555
Dropping frame 1403636747.4135554
Dropping frame 1403636748.1135554
Dropping frame 1403636748.4635556
Dropping frame 1403636748.6635556
Dropping frame 1403636748.7635555
Dropping frame 1403636748.8635557
Dropping frame 1403636748.9635556
Dropping frame 1403636749.0635555
Dropping frame 1403636749.2635555
Dropping frame 1403636749.4635556
Dropping frame 1403636749.6635556
Dropping frame 1403636749.8635557
Dropping frame 1403636750.0635555
Dropping frame 1403636750.1635556
Dropping frame 1403636750.2635555
Dropping frame 1403636750.4635556
Dropping frame 1403636750.5635555
Dropping frame 1403636750.6635556
Dropping frame 1403636750.7635555
Dropping frame 1403636750.9635556
Dropping frame 1403636751.1635556
Dropping frame 1403636751.2635555
Dropping frame 1403636751.4635556
Dropping frame 1403636751.5635555
Dropping frame 1403636751.7635555
Dropping frame 1403636751.9635556
Dropping frame 1403636752.1635556
Dropping frame 1403636752.2635555
Dropping frame 1403636752.3635557
Dropping frame 1403636752.5635555
Dropping frame 1403636752.7635555
Dropping frame 1403636752.9635556
Dropping frame 1403636753.0635555
Dropping frame 1403636753.1635556
Dropping frame 1403636753.4135554
Dropping frame 1403636753.5135555
Dropping frame 1403636753.7135556
Dropping frame 1403636753.8135555
Dropping frame 1403636754.0135555
Dropping frame 1403636754.2135556
Dropping frame 1403636754.4135554
Dropping frame 1403636754.6135554
Dropping frame 1403636754.7135556
Dropping frame 1403636754.8135555
Dropping frame 1403636755.0135555
Dropping frame 1403636755.1135554
Dropping frame 1403636755.2135556
Dropping frame 1403636755.3135555
Dropping frame 1403636755.5635555
Dropping frame 1403636755.7635555
Dropping frame 1403636755.8635557
Dropping frame 1403636755.9635556
Dropping frame 1403636756.1635556
Dropping frame 1403636756.3635557
Dropping frame 1403636756.4635556
Dropping frame 1403636756.6635556
Dropping frame 1403636756.7635555
Dropping frame 1403636756.9635556
Dropping frame 1403636757.0635555
Dropping frame 1403636757.1635556
Dropping frame 1403636757.2635555
Dropping frame 1403636757.4635556
Dropping frame 1403636757.5635555
Dropping frame 1403636757.6635556
Dropping frame 1403636757.7635555
Dropping frame 1403636757.8635557
Dropping frame 1403636758.0635555
Dropping frame 1403636758.2635555
Dropping frame 1403636758.4635556
Dropping frame 1403636758.6635556
Dropping frame 1403636758.8635557
Dropping frame 1403636758.9635556
Dropping frame 1403636759.1635556
Dropping frame 1403636759.2635555
Dropping frame 1403636759.3635557
Dropping frame 1403636759.5635555
Dropping frame 1403636759.7635555
Dropping frame 1403636759.8635557
Dropping frame 1403636759.9635556
Dropping frame 1403636760.0635555
Dropping frame 1403636760.1635556
Dropping frame 1403636760.2635555
Dropping frame 1403636760.4635556
Dropping frame 1403636760.5635555
Dropping frame 1403636760.6635556
Dropping frame 1403636760.8635557
Dropping frame 1403636761.0635555
Dropping frame 1403636761.1635556
Dropping frame 1403636761.2635555
Dropping frame 1403636761.3635557
Dropping frame 1403636761.4635556
Dropping frame 1403636761.6135554
Dropping frame 1403636761.8135555
Dropping frame 1403636762.0135555
Dropping frame 1403636762.2135556
Dropping frame 1403636762.3135555
Dropping frame 1403636762.4135554
Dropping frame 1403636762.6135554
Dropping frame 1403636762.8135555
Dropping frame 1403636762.9635556
Dropping frame 1403636763.3135555
Dropping frame 1403636763.4135554
Dropping frame 1403636763.5135555
Dropping frame 1403636763.6135554
Dropping frame 1403636763.8135555
Shutdown
SLAM Finished at System Time: 1742873823.42405

 TIME STATS in ms (mean$\pm$std)
OpenCV version: 4.8.1
---------------------------
Tracking

ORB Extraction: 22.533$\pm$2.1311
Stereo Matching: 7.3693$\pm$1.9585
IMU Preintegration: 0.25553$\pm$0.10167
Pose Prediction: 0.21951$\pm$0.61454
LM Track: 21.033$\pm$6.2082
New KF decision: 1.1803$\pm$2.205
Total Tracking: 32.343$\pm$29.359



Local Mapping

KF Insertion: 19.344$\pm$7.8298
MP Culling: 0.52192$\pm$0.21338
MP Creation: 51.479$\pm$16.817
LBA: 166.9$\pm$57.884
KF Culling: 18.814$\pm$12.148
Total Local Mapping: 257.02$\pm$84.425
---------------------------

LBA complexity (mean$\pm$std)
LBA Edges: 1936.9$\pm$799.76
LBA KF optimized: 6.5$\pm$2.2913
LBA KF fixed: 1$\pm$0
LBA MP: nan$\pm$nan

LBA executions: 519
LBA aborts: 0
---------------------------

Map complexity
KFs in map: 133
MPs in map: 9381
---------------------------

Place Recognition (mean$\pm$std)
Database Query: 1.6462$\pm$1.0457
SE3 estimation: 12.939$\pm$17.115
Total Place Recognition: 13.339$\pm$17.563


Loop Closing (mean$\pm$std)
Loop Fusion: nan$\pm$nan
Essential Graph: nan$\pm$nan
Total Loop Closing: nan$\pm$nan

Num exec: 0
Number of KFs: nan$\pm$nan

Map Merging (mean$\pm$std)
Merge Maps: nan$\pm$nan
Welding BA: nan$\pm$nan
Optimization Ess.: nan$\pm$nan
Total Map Merging: nan$\pm$nan

Num exec: 0
Number of KFs: nan$\pm$nan
Number of MPs: nan$\pm$nan

Full GBA (mean$\pm$std)
GBA: nan$\pm$nan
Map Update: nan$\pm$nan
Total Full GBA: nan$\pm$nan

Num exec: 0
Num abort: 0
Number of KFs: nan$\pm$nan
Number of MPs: nan$\pm$nan

Saving trajectory to f_dataset-MH01_stereo_imu.txt ...
There are 1 maps in the atlas
  Map 0 has 133 KFs

End of saving trajectory to f_dataset-MH01_stereo_imu.txt ...

Saving keyframe trajectory to kf_dataset-MH01_stereo_imu.txt ...
