num_seq = 1
file name: dataset-MH04_stereo_imu
Loading images for sequence 0...LOADED!
Loading IMU for sequence 0...LOADED!

-------

ORB-SLAM3 Copyright (C) 2017-2020 Carlos Campos, Richard Elvira, Juan J. Gómez, José M.M. Montiel and Juan D. Tardós, University of Zaragoza.
ORB-SLAM2 Copyright (C) 2014-2016 Raúl Mur-Artal, José M.M. Montiel and Juan D. Tardós, University of Zaragoza.
This program comes with ABSOLUTELY NO WARRANTY;
This is free software, and you are welcome to redistribute it
under certain conditions. See LICENSE.txt.

Built with REGISTER_TIMES
Git Commit Hash: 2d47524

Build Type: Release

Compiled with C++ version: 201703

Input sensor was set to: Stereo-Inertial
Loading settings from EuRoC_fov_deadlines_mask_24x24.yaml
	-Loaded camera 1
	-Loaded camera 2
	-Loaded image info
	-Loaded IMU calibration
	-Loaded ORB settings
	-Loaded viewer settings
	-Loaded Atlas settings
Deadlines enabled, will skip frames!
FOV enabled
Static mask size: 24x24
Dumping map points enabled
	-Loaded misc parameters
	-Computed rectification maps
----------------------------------
SLAM settings: 
	-Camera 1 parameters (Pinhole): [ 458.65399169921875 457.29598999023438 367.21499633789062 248.375 ]
	-Camera 1 distortion parameters: [  -0.28340810537338257 0.073959067463874817 0.00019359000725671649 1.7618711353861727e-05 ]
	-Camera 2 parameters (Pinhole: [ 457.58700561523438 456.13400268554688 379.99899291992188 255.23800659179688 ]
	-Camera 1 distortion parameters: [  -0.2836836576461792 0.074512839317321777 -0.00010473000293131918 -3.555907096597366e-05 ]
	-Original image size: [ 752 , 480 ]
	-Current image size: [ 752 , 480 ]
	-Camera 1 parameters after rectification: [  456.71499633789062 456.71499633789062 364.52615356445312 257.268798828125 ]
	-Sequence FPS: 20
	-Stereo baseline: 0.11007784307003021
	-Stereo depth threshold : 60
	-Gyro noise: 0.00016999999934341758
	-Accelerometer noise: 0.0020000000949949026
	-Gyro walk: 1.9392999092815444e-05
	-Accelerometer walk: 0.0030000000260770321
	-IMU frequency: 200
	-Features per image: 1200
	-ORB scale factor: 1.2000000476837158
	-ORB number of scales: 8
	-Initial FAST threshold: 20
	-Min FAST threshold: 7


Loading ORB Vocabulary. This could take a while...
Vocabulary loaded!

Initialization of Atlas from scratch 
Creation of new map with id: 0
Creation of new map with last KF id: 0
Seq. Name: 
There are 1 cameras in the atlas
Camera 0 is pinhole
SLAM Started at System Time: 1742757463.89205
not IMU meas
not IMU meas
not enough acceleration
not enough acceleration
not enough acceleration
not enough acceleration
not enough acceleration
not enough acceleration
not enough acceleration
not enough acceleration
not enough acceleration
not enough acceleration
not enough acceleration
not enough acceleration
not enough acceleration
not enough acceleration
not enough acceleration
not enough acceleration
not enough acceleration
not enough acceleration
not enough acceleration
not enough acceleration
not enough acceleration
not enough acceleration
not enough acceleration
not enough acceleration
not enough acceleration
not enough acceleration
not enough acceleration
not enough acceleration
not enough acceleration
not enough acceleration
First KF:0; Map init KF:0
New Map created with 149 points
Active map: 0
Dropping frame 1403638130.195097
Dropping frame 1403638130.395097
Dropping frame 1403638130.695097
Dropping frame 1403638130.7950971
Dropping frame 1403638130.945097
Dropping frame 1403638131.195097
Dropping frame 1403638131.395097
Dropping frame 1403638131.645097
Dropping frame 1403638131.7450969
Dropping frame 1403638131.895097
Dropping frame 1403638132.0950971
Dropping frame 1403638132.195097
Dropping frame 1403638132.2950971
Dropping frame 1403638132.4950972
Dropping frame 1403638132.5950971
Dropping frame 1403638132.695097
Dropping frame 1403638132.945097
Dropping frame 1403638133.145097
Dropping frame 1403638133.2450969
Dropping frame 1403638133.445097
Dropping frame 1403638133.7450969
Dropping frame 1403638133.945097
Dropping frame 1403638134.145097
start VIBA 1
Dropping frame 1403638134.2450969
Dropping frame 1403638134.3450971
end VIBA 1
Dropping frame 1403638134.5450969
Dropping frame 1403638134.7450969
Dropping frame 1403638134.945097
Dropping frame 1403638135.0450969
Dropping frame 1403638135.145097
Dropping frame 1403638135.395097
Dropping frame 1403638135.4950972
Dropping frame 1403638135.5950971
Dropping frame 1403638135.945097
Dropping frame 1403638136.0450969
Dropping frame 1403638136.145097
Dropping frame 1403638136.3450971
Dropping frame 1403638136.445097
Dropping frame 1403638136.5450969
Dropping frame 1403638136.645097
Dropping frame 1403638136.895097
Dropping frame 1403638136.9950972
Dropping frame 1403638137.2450969
Dropping frame 1403638137.3450971
Dropping frame 1403638137.5950971
Dropping frame 1403638137.7950971
Dropping frame 1403638137.9950972
Dropping frame 1403638138.0950971
Dropping frame 1403638138.195097
Dropping frame 1403638138.395097
Dropping frame 1403638138.695097
Not enough motion for initializing. Reseting...
TRACK: Reset map because local mapper set the bad imu flag 
LM: Active map reset recieved
LM: Active map reset, waiting...
LM: Reseting current map in Local Mapping...
LM: End reseting Local Mapping...
LM: Reset free the mutex
LM: Active map reset, Done!!!
mnFirstFrameId = 32
mnInitialFrameId = 0
146 Frames set to lost
not IMU meas
Dropping frame 1403638138.8450971
not enough acceleration
not enough acceleration
not enough acceleration
Dropping frame 1403638139.0450969
not enough acceleration
not enough acceleration
First KF:38; Map init KF:0
New Map created with 169 points
Active map: 0
Dropping frame 1403638139.2450969
Dropping frame 1403638139.445097
Dropping frame 1403638139.5450969
Dropping frame 1403638139.645097
Dropping frame 1403638139.7450969
Dropping frame 1403638139.945097
Dropping frame 1403638140.145097
Dropping frame 1403638140.3450971
Dropping frame 1403638140.4950972
Dropping frame 1403638140.5950971
Dropping frame 1403638140.7450969
Dropping frame 1403638140.945097
Dropping frame 1403638141.145097
Dropping frame 1403638141.3450971
Dropping frame 1403638141.445097
Dropping frame 1403638141.5450969
Dropping frame 1403638141.7450969
Dropping frame 1403638141.945097
Dropping frame 1403638142.145097
Not enough motion for initializing. Reseting...
Dropping frame 1403638142.3450971
LM: Reseting current map in Local Mapping...
LM: End reseting Local Mapping...
LM: Reset free the mutex
Dropping frame 1403638142.445097
Dropping frame 1403638142.5450969
Dropping frame 1403638142.945097
Dropping frame 1403638143.0450969
Dropping frame 1403638143.3450971
Dropping frame 1403638143.5450969
Dropping frame 1403638143.895097
Not enough motion for initializing. Reseting...
TRACK: Reset map because local mapper set the bad imu flag 
LM: Reseting current map in Local Mapping...
LM: End reseting Local Mapping...
LM: Reset free the mutex
LM: Active map reset recieved
LM: Active map reset, waiting...
LM: Reseting current map in Local Mapping...
LM: End reseting Local Mapping...
LM: Reset free the mutex
LM: Active map reset, Done!!!
mnFirstFrameId = 185
mnInitialFrameId = 178
222 Frames set to lost
not IMU meas
not enough acceleration
not enough acceleration
not enough acceleration
not enough acceleration
not enough acceleration
not enough acceleration
not enough acceleration
not enough acceleration
not enough acceleration
not enough acceleration
not enough acceleration
not enough acceleration
Dropping frame 1403638145.0450969
not enough acceleration
not enough acceleration
not enough acceleration
not enough acceleration
not enough acceleration
not enough acceleration
not enough acceleration
Dropping frame 1403638145.445097
Dropping frame 1403638145.4950972
not enough acceleration
not enough acceleration
not enough acceleration
not enough acceleration
not enough acceleration
not enough acceleration
not enough acceleration
not enough acceleration
not enough acceleration
not enough acceleration
not enough acceleration
not enough acceleration
not enough acceleration
not enough acceleration
not enough acceleration
not enough acceleration
not enough acceleration
not enough acceleration
not enough acceleration
not enough acceleration
not enough acceleration
not enough acceleration
not enough acceleration
not enough acceleration
not enough acceleration
not enough acceleration
not enough acceleration
not enough acceleration
not enough acceleration
not enough acceleration
not enough acceleration
not enough acceleration
not enough acceleration
not enough acceleration
not enough acceleration
not enough acceleration
not enough acceleration
not enough acceleration
not enough acceleration
not enough acceleration
not enough acceleration
not enough acceleration
not enough acceleration
not enough acceleration
not enough acceleration
First KF:53; Map init KF:38
New Map created with 184 points
Active map: 0
start VIBA 1
end VIBA 1
Dropping frame 1403638156.695097
Dropping frame 1403638156.9950972
Dropping frame 1403638157.2950971
Dropping frame 1403638157.445097
Dropping frame 1403638157.5950971
Dropping frame 1403638157.695097
Dropping frame 1403638157.9950972
Dropping frame 1403638158.0950971
Dropping frame 1403638158.195097
Dropping frame 1403638158.3450971
Dropping frame 1403638158.445097
Dropping frame 1403638158.5450969
Dropping frame 1403638158.645097
Dropping frame 1403638158.7450969
Dropping frame 1403638158.895097
Dropping frame 1403638158.9950972
Dropping frame 1403638159.145097
Dropping frame 1403638159.2450969
Dropping frame 1403638159.395097
Dropping frame 1403638159.4950972
Dropping frame 1403638159.645097
Dropping frame 1403638159.7450969
Dropping frame 1403638159.8450971
Dropping frame 1403638159.945097
Dropping frame 1403638160.0450969
Dropping frame 1403638160.195097
Dropping frame 1403638160.2950971
Dropping frame 1403638160.4950972
Dropping frame 1403638160.5950971
Dropping frame 1403638160.695097
Dropping frame 1403638160.895097
Dropping frame 1403638161.0450969
Dropping frame 1403638161.145097
Dropping frame 1403638161.3450971
Dropping frame 1403638161.5450969
Dropping frame 1403638161.7450969
Dropping frame 1403638161.8450971
Dropping frame 1403638161.9950972
Dropping frame 1403638162.145097
Dropping frame 1403638162.2450969
Dropping frame 1403638162.3450971
Dropping frame 1403638162.445097
Dropping frame 1403638162.645097
Dropping frame 1403638162.7450969
Dropping frame 1403638162.8450971
Dropping frame 1403638162.9950972
start VIBA 2
Dropping frame 1403638163.145097
Dropping frame 1403638163.2450969
end VIBA 2
Dropping frame 1403638163.4950972
Dropping frame 1403638163.5950971
Dropping frame 1403638163.7950971
Dropping frame 1403638163.895097
Dropping frame 1403638164.395097
Dropping frame 1403638164.4950972
Dropping frame 1403638164.5950971
Dropping frame 1403638164.7950971
Dropping frame 1403638165.0950971
Dropping frame 1403638165.195097
Dropping frame 1403638165.395097
Dropping frame 1403638165.4950972
Dropping frame 1403638165.645097
Dropping frame 1403638165.7450969
Dropping frame 1403638165.8450971
Dropping frame 1403638165.945097
Dropping frame 1403638166.0450969
Dropping frame 1403638166.145097
Dropping frame 1403638166.2450969
Dropping frame 1403638166.395097
Dropping frame 1403638166.5450969
Dropping frame 1403638166.645097
Dropping frame 1403638166.7450969
Dropping frame 1403638166.895097
Dropping frame 1403638166.9950972
Dropping frame 1403638167.195097
Dropping frame 1403638167.2950971
Dropping frame 1403638167.445097
Dropping frame 1403638167.5450969
Dropping frame 1403638167.7450969
Dropping frame 1403638167.8450971
Dropping frame 1403638167.945097
Dropping frame 1403638168.0950971
Dropping frame 1403638168.195097
Dropping frame 1403638168.2950971
Dropping frame 1403638168.395097
Dropping frame 1403638168.5450969
Dropping frame 1403638168.645097
Dropping frame 1403638168.7950971
Dropping frame 1403638168.895097
Dropping frame 1403638168.9950972
Dropping frame 1403638169.0950971
Dropping frame 1403638169.195097
Dropping frame 1403638169.2950971
Dropping frame 1403638169.395097
Dropping frame 1403638169.4950972
Dropping frame 1403638169.645097
Dropping frame 1403638169.7450969
Dropping frame 1403638169.945097
Dropping frame 1403638170.0450969
Dropping frame 1403638170.145097
Dropping frame 1403638170.2450969
Dropping frame 1403638170.3450971
Dropping frame 1403638170.5450969
Dropping frame 1403638170.645097
Dropping frame 1403638170.7450969
Dropping frame 1403638170.8450971
Dropping frame 1403638170.945097
Dropping frame 1403638171.145097
Dropping frame 1403638171.2450969
Dropping frame 1403638171.445097
Dropping frame 1403638171.5450969
Dropping frame 1403638171.7450969
Dropping frame 1403638171.945097
Dropping frame 1403638172.0450969
Dropping frame 1403638172.145097
Dropping frame 1403638172.2450969
Dropping frame 1403638172.3450971
Dropping frame 1403638172.5450969
Dropping frame 1403638172.7450969
Dropping frame 1403638172.945097
Dropping frame 1403638173.0450969
Dropping frame 1403638173.2450969
Dropping frame 1403638173.445097
Dropping frame 1403638173.645097
Dropping frame 1403638173.8450971
Dropping frame 1403638174.0450969
Dropping frame 1403638174.145097
Dropping frame 1403638174.3450971
Dropping frame 1403638174.5450969
Dropping frame 1403638174.645097
Dropping frame 1403638174.8450971
Dropping frame 1403638175.0450969
Dropping frame 1403638175.145097
Dropping frame 1403638175.3450971
Dropping frame 1403638175.5450969
Dropping frame 1403638175.645097
Dropping frame 1403638175.8450971
Dropping frame 1403638176.0450969
Dropping frame 1403638176.2450969
Dropping frame 1403638176.445097
Dropping frame 1403638176.645097
Dropping frame 1403638176.7450969
Dropping frame 1403638176.945097
Dropping frame 1403638177.145097
Dropping frame 1403638177.2450969
Dropping frame 1403638177.3450971
Dropping frame 1403638177.5450969
Dropping frame 1403638177.7450969
Dropping frame 1403638177.945097
Dropping frame 1403638178.445097
Dropping frame 1403638178.895097
Dropping frame 1403638178.9950972
Dropping frame 1403638179.645097
Dropping frame 1403638179.7450969
Dropping frame 1403638179.945097
Dropping frame 1403638180.0450969
Dropping frame 1403638180.2450969
Dropping frame 1403638180.445097
Dropping frame 1403638180.645097
Dropping frame 1403638180.8450971
Dropping frame 1403638180.945097
Dropping frame 1403638181.195097
Dropping frame 1403638181.5450969
Dropping frame 1403638181.645097
Dropping frame 1403638181.8450971
Dropping frame 1403638182.0950971
Dropping frame 1403638182.2950971
Dropping frame 1403638182.395097
Dropping frame 1403638182.4950972
Dropping frame 1403638182.7450969
Dropping frame 1403638182.945097
Dropping frame 1403638183.0450969
Dropping frame 1403638183.145097
Dropping frame 1403638183.3450971
Dropping frame 1403638183.5450969
Dropping frame 1403638183.645097
Dropping frame 1403638183.7450969
Dropping frame 1403638183.8450971
Dropping frame 1403638184.0450969
Dropping frame 1403638184.145097
Dropping frame 1403638184.2450969
Dropping frame 1403638184.445097
Dropping frame 1403638184.645097
Dropping frame 1403638184.8450971
Dropping frame 1403638184.945097
Dropping frame 1403638185.0450969
Dropping frame 1403638185.2450969
Dropping frame 1403638185.3450971
Dropping frame 1403638185.445097
Dropping frame 1403638185.5950971
Dropping frame 1403638185.7950971
Dropping frame 1403638185.9950972
Dropping frame 1403638186.0950971
Dropping frame 1403638186.195097
Dropping frame 1403638186.395097
Dropping frame 1403638186.5950971
Dropping frame 1403638186.695097
Dropping frame 1403638186.895097
Dropping frame 1403638187.0950971
Dropping frame 1403638187.2950971
Dropping frame 1403638187.4950972
Dropping frame 1403638187.695097
Dropping frame 1403638187.895097
Dropping frame 1403638188.0950971
Dropping frame 1403638188.195097
Dropping frame 1403638188.395097
Dropping frame 1403638188.4950972
Dropping frame 1403638189.195097
Dropping frame 1403638189.445097
Dropping frame 1403638189.695097
Dropping frame 1403638189.895097
Dropping frame 1403638189.9950972
Dropping frame 1403638190.195097
Dropping frame 1403638190.645097
Dropping frame 1403638190.8450971
Dropping frame 1403638191.0450969
Dropping frame 1403638191.145097
Dropping frame 1403638191.3450971
Dropping frame 1403638191.5450969
Dropping frame 1403638191.895097
Dropping frame 1403638191.9950972
Dropping frame 1403638192.195097
Dropping frame 1403638192.395097
Dropping frame 1403638192.4950972
Dropping frame 1403638192.8450971
Dropping frame 1403638193.0450969
Dropping frame 1403638193.2450969
Dropping frame 1403638193.445097
Dropping frame 1403638193.645097
Dropping frame 1403638193.8450971
Dropping frame 1403638194.0450969
Dropping frame 1403638194.445097
Dropping frame 1403638194.5450969
Dropping frame 1403638194.645097
Dropping frame 1403638194.9950972
Dropping frame 1403638195.195097
Dropping frame 1403638195.395097
Dropping frame 1403638195.5950971
Dropping frame 1403638195.895097
Dropping frame 1403638196.0950971
Dropping frame 1403638196.2950971
Dropping frame 1403638196.4950972
Dropping frame 1403638196.695097
Dropping frame 1403638196.7950971
Dropping frame 1403638196.895097
Dropping frame 1403638197.0950971
Dropping frame 1403638197.2950971
Dropping frame 1403638197.395097
Dropping frame 1403638197.4950972
Dropping frame 1403638197.695097
Dropping frame 1403638197.895097
Dropping frame 1403638197.9950972
Dropping frame 1403638198.2950971
Dropping frame 1403638198.395097
Dropping frame 1403638198.5950971
Dropping frame 1403638198.7950971
Dropping frame 1403638198.9950972
Dropping frame 1403638199.195097
Dropping frame 1403638199.395097
Dropping frame 1403638199.4950972
Dropping frame 1403638199.7450969
Dropping frame 1403638199.895097
Dropping frame 1403638200.0950971
Dropping frame 1403638200.5450969
Dropping frame 1403638200.8450971
Dropping frame 1403638201.445097
Dropping frame 1403638201.695097
Dropping frame 1403638201.7950971
Dropping frame 1403638202.0450969
Dropping frame 1403638202.2450969
Dropping frame 1403638203.445097
Dropping frame 1403638203.645097
Dropping frame 1403638203.7450969
Dropping frame 1403638203.8450971
Dropping frame 1403638204.0450969
Dropping frame 1403638204.145097
Dropping frame 1403638204.2450969
Dropping frame 1403638204.445097
Dropping frame 1403638204.645097
Dropping frame 1403638204.7450969
Dropping frame 1403638204.8450971
Dropping frame 1403638205.0450969
Dropping frame 1403638205.145097
Dropping frame 1403638205.2450969
Dropping frame 1403638205.445097
Dropping frame 1403638205.5450969
Dropping frame 1403638205.645097
Dropping frame 1403638205.945097
Dropping frame 1403638206.395097
Dropping frame 1403638206.5950971
Dropping frame 1403638206.695097
Dropping frame 1403638206.7950971
Dropping frame 1403638206.9950972
Dropping frame 1403638207.0950971
Dropping frame 1403638207.195097
Dropping frame 1403638207.395097
Dropping frame 1403638207.5950971
Dropping frame 1403638207.7950971
Dropping frame 1403638207.895097
Dropping frame 1403638208.145097
Dropping frame 1403638208.2450969
Dropping frame 1403638208.3450971
Dropping frame 1403638208.5450969
Dropping frame 1403638208.645097
Dropping frame 1403638208.7450969
Dropping frame 1403638208.945097
Dropping frame 1403638209.0450969
Dropping frame 1403638209.145097
Dropping frame 1403638209.2450969
Dropping frame 1403638209.695097
Dropping frame 1403638209.7950971
Dropping frame 1403638209.9950972
Dropping frame 1403638210.3450971
Dropping frame 1403638210.5450969
Dropping frame 1403638210.645097
Dropping frame 1403638210.7950971
Dropping frame 1403638210.895097
Dropping frame 1403638211.145097
Dropping frame 1403638211.4950972
Dropping frame 1403638211.695097
Dropping frame 1403638211.8450971
Dropping frame 1403638212.0450969
Dropping frame 1403638212.2450969
Dropping frame 1403638212.3450971
Dropping frame 1403638212.5950971
Dropping frame 1403638212.7450969
Dropping frame 1403638212.945097
Dropping frame 1403638213.2450969
Dropping frame 1403638213.5450969
Dropping frame 1403638214.0450969
Dropping frame 1403638214.2950971
Dropping frame 1403638214.395097
Dropping frame 1403638214.7450969
Dropping frame 1403638214.8450971
Dropping frame 1403638215.0950971
Dropping frame 1403638215.195097
Dropping frame 1403638215.4950972
Dropping frame 1403638215.5950971
Dropping frame 1403638215.9950972
Dropping frame 1403638216.195097
Dropping frame 1403638217.5950971
Dropping frame 1403638218.0950971
Dropping frame 1403638218.395097
Dropping frame 1403638218.5950971
Dropping frame 1403638218.7950971
Dropping frame 1403638218.895097
Dropping frame 1403638219.145097
Dropping frame 1403638219.2450969
Dropping frame 1403638219.5450969
Dropping frame 1403638219.645097
Dropping frame 1403638219.9950972
Dropping frame 1403638220.2450969
Dropping frame 1403638220.4950972
Dropping frame 1403638220.695097
Dropping frame 1403638220.895097
Dropping frame 1403638221.395097
Dropping frame 1403638221.4950972
Dropping frame 1403638221.7450969
Dropping frame 1403638221.945097
Dropping frame 1403638222.145097
Dropping frame 1403638222.445097
Dropping frame 1403638222.895097
Dropping frame 1403638222.9950972
Dropping frame 1403638224.2450969
Dropping frame 1403638224.5450969
Dropping frame 1403638224.8450971
Dropping frame 1403638225.0450969
Dropping frame 1403638225.3450971
Dropping frame 1403638225.5450969
Dropping frame 1403638225.695097
Dropping frame 1403638225.945097
Dropping frame 1403638226.445097
Dropping frame 1403638227.7950971
Shutdown
SLAM Finished at System Time: 1742757587.91426

 TIME STATS in ms (mean$\pm$std)
OpenCV version: 4.8.1
---------------------------
Tracking

ORB Extraction: 19.905$\pm$2.5337
Stereo Matching: 8.2027$\pm$1.991
IMU Preintegration: 0.21767$\pm$0.098433
Pose Prediction: 0.52339$\pm$1.3948
LM Track: 17.504$\pm$5.9317
New KF decision: 1.1553$\pm$1.9781
Total Tracking: 32.418$\pm$25.773



Local Mapping

KF Insertion: 14.397$\pm$4.9185
MP Culling: 0.4805$\pm$0.21219
MP Creation: 44.233$\pm$15.357
LBA: 140.35$\pm$48.08
KF Culling: 10.665$\pm$8.9634
Total Local Mapping: 210.11$\pm$70.513
---------------------------

LBA complexity (mean$\pm$std)
LBA Edges: 1657.8$\pm$1149
LBA KF optimized: 6.5$\pm$2.2913
LBA KF fixed: 1$\pm$0
LBA MP: nan$\pm$nan

LBA executions: 375
LBA aborts: 0
---------------------------

Map complexity
KFs in map: 173
MPs in map: 13117
---------------------------

Place Recognition (mean$\pm$std)
Database Query: 2.2564$\pm$1.0912
SE3 estimation: 27.836$\pm$16.657
Total Place Recognition: 21.265$\pm$20.03


Loop Closing (mean$\pm$std)
Loop Fusion: nan$\pm$nan
Essential Graph: nan$\pm$nan
Total Loop Closing: nan$\pm$nan

Num exec: 0
Number of KFs: nan$\pm$nan

Map Merging (mean$\pm$std)
Merge Maps: nan$\pm$nan
Welding BA: nan$\pm$nan
Optimization Ess.: nan$\pm$nan
Total Map Merging: nan$\pm$nan

Num exec: 0
Number of KFs: nan$\pm$nan
Number of MPs: nan$\pm$nan

Full GBA (mean$\pm$std)
GBA: nan$\pm$nan
Map Update: nan$\pm$nan
Total Full GBA: nan$\pm$nan

Num exec: 0
Num abort: 0
Number of KFs: nan$\pm$nan
Number of MPs: nan$\pm$nan

Saving trajectory to f_dataset-MH04_stereo_imu.txt ...
There are 1 maps in the atlas
  Map 0 has 173 KFs

End of saving trajectory to f_dataset-MH04_stereo_imu.txt ...

Saving keyframe trajectory to kf_dataset-MH04_stereo_imu.txt ...
