num_seq = 1
file name: dataset-V202_stereo_imu
Loading images for sequence 0...LOADED!
Loading IMU for sequence 0...LOADED!

-------

ORB-SLAM3 Copyright (C) 2017-2020 Carlos Campos, Richard Elvira, Juan J. Gómez, José M.M. Montiel and Juan D. Tardós, University of Zaragoza.
ORB-SLAM2 Copyright (C) 2014-2016 Raúl Mur-Artal, José M.M. Montiel and Juan D. Tardós, University of Zaragoza.
This program comes with ABSOLUTELY NO WARRANTY;
This is free software, and you are welcome to redistribute it
under certain conditions. See LICENSE.txt.

Built with REGISTER_TIMES
Git Commit Hash: 33f00b6

Build Type: Release

Compiled with C++ version: 201703

Input sensor was set to: Stereo-Inertial
Loading settings from EuRoC_fov_deadlines_mask_11x11.yaml
	-Loaded camera 1
	-Loaded camera 2
	-Loaded image info
	-Loaded IMU calibration
	-Loaded ORB settings
	-Loaded viewer settings
	-Loaded Atlas settings
Deadlines enabled, will skip frames!
FOV enabled
Static mask size: 11x11
Dumping map points enabled
	-Loaded misc parameters
	-Computed rectification maps
----------------------------------
SLAM settings: 
	-Camera 1 parameters (Pinhole): [ 458.65399169921875 457.29598999023438 367.21499633789062 248.375 ]
	-Camera 1 distortion parameters: [  -0.28340810537338257 0.073959067463874817 0.00019359000725671649 1.7618711353861727e-05 ]
	-Camera 2 parameters (Pinhole: [ 457.58700561523438 456.13400268554688 379.99899291992188 255.23800659179688 ]
	-Camera 1 distortion parameters: [  -0.2836836576461792 0.074512839317321777 -0.00010473000293131918 -3.555907096597366e-05 ]
	-Original image size: [ 752 , 480 ]
	-Current image size: [ 752 , 480 ]
	-Camera 1 parameters after rectification: [  456.71499633789062 456.71499633789062 364.52615356445312 257.268798828125 ]
	-Sequence FPS: 20
	-Stereo baseline: 0.11007784307003021
	-Stereo depth threshold : 60
	-Gyro noise: 0.00016999999934341758
	-Accelerometer noise: 0.0020000000949949026
	-Gyro walk: 1.9392999092815444e-05
	-Accelerometer walk: 0.0030000000260770321
	-IMU frequency: 200
	-Features per image: 1200
	-ORB scale factor: 1.2000000476837158
	-ORB number of scales: 8
	-Initial FAST threshold: 20
	-Min FAST threshold: 7


Loading ORB Vocabulary. This could take a while...
Vocabulary loaded!

Initialization of Atlas from scratch 
Creation of new map with id: 0
Creation of new map with last KF id: 0
Seq. Name: 
There are 1 cameras in the atlas
Camera 0 is pinhole
SLAM Started at System Time: 1747028330.65169
not IMU meas
not IMU meas
not enough acceleration
not enough acceleration
not enough acceleration
not enough acceleration
not enough acceleration
not enough acceleration
not enough acceleration
not enough acceleration
not enough acceleration
not enough acceleration
not enough acceleration
not enough acceleration
not enough acceleration
not enough acceleration
not enough acceleration
not enough acceleration
not enough acceleration
not enough acceleration
not enough acceleration
not enough acceleration
not enough acceleration
not enough acceleration
not enough acceleration
not enough acceleration
not enough acceleration
not enough acceleration
not enough acceleration
not enough acceleration
not enough acceleration
not enough acceleration
not enough acceleration
not enough acceleration
not enough acceleration
not enough acceleration
not enough acceleration
not enough acceleration
not enough acceleration
not enough acceleration
not enough acceleration
not enough acceleration
not enough acceleration
not enough acceleration
not enough acceleration
not enough acceleration
not enough acceleration
not enough acceleration
not enough acceleration
not enough acceleration
not enough acceleration
not enough acceleration
not enough acceleration
not enough acceleration
not enough acceleration
not enough acceleration
not enough acceleration
not enough acceleration
not enough acceleration
not enough acceleration
not enough acceleration
not enough acceleration
not enough acceleration
not enough acceleration
not enough acceleration
not enough acceleration
not enough acceleration
not enough acceleration
not enough acceleration
not enough acceleration
not enough acceleration
not enough acceleration
First KF:0; Map init KF:0
New Map created with 452 points
Active map: 0
Dropping frame 1413393889.7057605
Dropping frame 1413393889.9557605
Dropping frame 1413393890.1057606
Dropping frame 1413393890.3057606
Dropping frame 1413393890.4057605
Dropping frame 1413393890.6057606
Dropping frame 1413393890.7057605
Dropping frame 1413393890.8057606
Dropping frame 1413393891.0057604
Dropping frame 1413393891.2057605
Dropping frame 1413393891.3057606
Dropping frame 1413393891.4057605
Dropping frame 1413393891.6057606
Dropping frame 1413393891.8057606
Dropping frame 1413393892.0057604
Dropping frame 1413393892.1057606
Dropping frame 1413393892.2057605
Dropping frame 1413393892.4057605
Dropping frame 1413393892.5057604
Dropping frame 1413393892.6057606
Dropping frame 1413393892.8057606
Dropping frame 1413393893.0057604
Dropping frame 1413393893.4557605
Dropping frame 1413393893.5557604
Dropping frame 1413393893.6557603
Dropping frame 1413393893.8557603
Dropping frame 1413393893.9557605
Dropping frame 1413393894.0557604
Dropping frame 1413393894.2557604
Dropping frame 1413393894.4557605
Dropping frame 1413393894.6557603
Dropping frame 1413393894.7557604
Dropping frame 1413393894.8557603
start VIBA 1
end VIBA 1
Dropping frame 1413393895.0557604
Dropping frame 1413393895.2557604
Dropping frame 1413393895.4557605
Dropping frame 1413393895.5557604
Dropping frame 1413393895.8057606
Dropping frame 1413393895.9057605
Dropping frame 1413393896.0057604
Dropping frame 1413393896.2057605
Dropping frame 1413393896.3057606
Dropping frame 1413393896.4557605
Dropping frame 1413393896.5557604
Dropping frame 1413393896.9057605
Dropping frame 1413393897.1057606
Dropping frame 1413393897.3057606
Dropping frame 1413393897.4057605
Dropping frame 1413393897.6557603
Dropping frame 1413393897.8557603
Dropping frame 1413393898.0557604
Dropping frame 1413393898.1557603
Dropping frame 1413393898.4057605
Dropping frame 1413393898.5057604
Dropping frame 1413393898.6057606
Dropping frame 1413393898.8057606
Dropping frame 1413393898.9057605
Dropping frame 1413393899.0057604
Dropping frame 1413393899.2057605
Dropping frame 1413393899.4057605
Dropping frame 1413393899.6057606
Dropping frame 1413393899.7057605
Dropping frame 1413393899.8057606
Dropping frame 1413393900.0057604
Dropping frame 1413393900.1057606
Dropping frame 1413393900.2057605
Dropping frame 1413393900.4057605
Dropping frame 1413393900.5057604
Dropping frame 1413393900.7557604
Dropping frame 1413393900.9557605
Dropping frame 1413393901.0557604
Dropping frame 1413393901.1557603
Dropping frame 1413393901.2557604
Dropping frame 1413393901.4557605
Dropping frame 1413393901.8057606
Dropping frame 1413393902.1057606
Dropping frame 1413393902.5057604
Dropping frame 1413393902.8057606
Dropping frame 1413393903.0057604
Dropping frame 1413393903.2057605
Dropping frame 1413393903.3057606
Dropping frame 1413393903.4057605
Dropping frame 1413393903.6057606
Dropping frame 1413393903.7057605
Dropping frame 1413393904.1057606
Dropping frame 1413393904.2057605
Dropping frame 1413393904.5057604
Dropping frame 1413393904.6057606
Dropping frame 1413393904.8557603
start VIBA 2
Dropping frame 1413393904.9557605
Dropping frame 1413393905.0557604
end VIBA 2
Dropping frame 1413393905.2557604
Dropping frame 1413393905.4557605
Dropping frame 1413393905.5557604
Dropping frame 1413393905.8557603
Dropping frame 1413393906.2057605
Dropping frame 1413393906.3057606
Dropping frame 1413393906.4057605
Dropping frame 1413393906.6057606
Dropping frame 1413393906.8057606
Dropping frame 1413393907.0057604
Dropping frame 1413393907.1057606
Dropping frame 1413393907.2057605
Dropping frame 1413393907.5057604
Dropping frame 1413393907.9557605
Dropping frame 1413393908.1557603
Dropping frame 1413393908.3557603
Dropping frame 1413393908.6557603
Dropping frame 1413393908.8557603
Dropping frame 1413393909.0557604
Dropping frame 1413393909.1557603
Dropping frame 1413393909.4057605
Dropping frame 1413393909.6557603
Dropping frame 1413393909.9557605
Dropping frame 1413393910.0557604
Dropping frame 1413393910.3057606
Dropping frame 1413393910.5057604
Dropping frame 1413393910.7057605
Dropping frame 1413393911.3057606
Dropping frame 1413393911.6057606
Dropping frame 1413393911.7057605
Dropping frame 1413393912.0557604
Dropping frame 1413393912.1557603
Dropping frame 1413393912.2557604
Dropping frame 1413393912.4057605
Dropping frame 1413393912.7057605
Dropping frame 1413393912.8057606
Dropping frame 1413393913.0057604
Dropping frame 1413393913.2057605
Dropping frame 1413393913.3557603
Dropping frame 1413393913.5557604
Dropping frame 1413393913.6557603
Dropping frame 1413393913.7557604
Dropping frame 1413393913.9557605
Dropping frame 1413393914.1557603
Dropping frame 1413393914.3557603
Dropping frame 1413393914.5057604
Dropping frame 1413393914.7057605
Dropping frame 1413393914.9057605
Dropping frame 1413393915.0057604
Dropping frame 1413393915.1057606
Dropping frame 1413393915.2557604
Dropping frame 1413393915.3557603
Dropping frame 1413393915.6057606
Dropping frame 1413393915.8057606
Dropping frame 1413393915.9057605
Dropping frame 1413393916.0057604
Dropping frame 1413393916.1057606
Dropping frame 1413393916.3557603
Dropping frame 1413393916.5557604
Dropping frame 1413393916.6557603
Dropping frame 1413393917.1057606
Dropping frame 1413393917.3057606
Dropping frame 1413393917.4057605
Dropping frame 1413393917.9057605
*Loop detected
phi = -0.020447496871463411 0.0013330843537239861   0.01770425903891891
BAD LOOP!!!
Dropping frame 1413393918.1057606
*Loop detected
phi =  -0.015696358049390052 -0.0017655875463141264  0.0037903942101197487
BAD LOOP!!!
Dropping frame 1413393918.5057604
Dropping frame 1413393918.6057606
*Loop detected
phi =  -0.037779960856707533 -0.0048860418338552416   0.064357482888468029
BAD LOOP!!!
Dropping frame 1413393918.7057605
Dropping frame 1413393919.0557604
Dropping frame 1413393919.2557604
Dropping frame 1413393919.4557605
Dropping frame 1413393919.5557604
Dropping frame 1413393919.6557603
Dropping frame 1413393919.8557603
Dropping frame 1413393919.9557605
Dropping frame 1413393920.2057605
Dropping frame 1413393920.3057606
Dropping frame 1413393920.4057605
Dropping frame 1413393920.6057606
Dropping frame 1413393920.8057606
Dropping frame 1413393921.0057604
Dropping frame 1413393921.1057606
Dropping frame 1413393921.2557604
Dropping frame 1413393921.3557603
Dropping frame 1413393921.5557604
Dropping frame 1413393921.7057605
Dropping frame 1413393921.8557603
Dropping frame 1413393921.9557605
Dropping frame 1413393922.1057606
Dropping frame 1413393922.3057606
Dropping frame 1413393922.4057605
Dropping frame 1413393922.6557603
Dropping frame 1413393922.7557604
Dropping frame 1413393923.0057604
Dropping frame 1413393923.1057606
Dropping frame 1413393923.2057605
Dropping frame 1413393923.5057604
Dropping frame 1413393923.6057606
Dropping frame 1413393923.7057605
Dropping frame 1413393923.9057605
Dropping frame 1413393924.0557604
Dropping frame 1413393924.2557604
Dropping frame 1413393924.4557605
Dropping frame 1413393924.5557604
Dropping frame 1413393924.6557603
Dropping frame 1413393924.7557604
Dropping frame 1413393924.9557605
Dropping frame 1413393925.1057606
Dropping frame 1413393925.2057605
Dropping frame 1413393925.5557604
Dropping frame 1413393925.6557603
Dropping frame 1413393925.8557603
Dropping frame 1413393926.0557604
Dropping frame 1413393926.1557603
Dropping frame 1413393926.2557604
Dropping frame 1413393926.5057604
Dropping frame 1413393926.6057606
Dropping frame 1413393926.7057605
Dropping frame 1413393926.9057605
Dropping frame 1413393927.0057604
Dropping frame 1413393927.1057606
Dropping frame 1413393927.3057606
Dropping frame 1413393927.4057605
Dropping frame 1413393927.6057606
Dropping frame 1413393928.1057606
Dropping frame 1413393928.2557604
Dropping frame 1413393928.3557603
Dropping frame 1413393928.4557605
Dropping frame 1413393928.6557603
Dropping frame 1413393928.8557603
Dropping frame 1413393928.9557605
Dropping frame 1413393929.2057605
Dropping frame 1413393929.4057605
Dropping frame 1413393929.6057606
Dropping frame 1413393929.8057606
Dropping frame 1413393930.1057606
Dropping frame 1413393930.2057605
Dropping frame 1413393930.3057606
Dropping frame 1413393930.7057605
Dropping frame 1413393930.8057606
Dropping frame 1413393931.3057606
Dropping frame 1413393931.4057605
Dropping frame 1413393931.8557603
Dropping frame 1413393932.2557604
Dropping frame 1413393932.3557603
Dropping frame 1413393932.6557603
Dropping frame 1413393933.1557603
Dropping frame 1413393933.3557603
Dropping frame 1413393933.6557603
Dropping frame 1413393933.9557605
Dropping frame 1413393934.3057606
Dropping frame 1413393934.7057605
Dropping frame 1413393934.8057606
Dropping frame 1413393935.1057606
Dropping frame 1413393935.2057605
Dropping frame 1413393935.4557605
Dropping frame 1413393935.6557603
Dropping frame 1413393935.8557603
Dropping frame 1413393936.0557604
Dropping frame 1413393936.1557603
Dropping frame 1413393936.4557605
Dropping frame 1413393936.5557604
Dropping frame 1413393936.8057606
Dropping frame 1413393937.0057604
Dropping frame 1413393937.1557603
Dropping frame 1413393937.4557605
Dropping frame 1413393937.6557603
Dropping frame 1413393937.8057606
Dropping frame 1413393938.0057604
Dropping frame 1413393938.2057605
Dropping frame 1413393938.3057606
Dropping frame 1413393938.5057604
Dropping frame 1413393938.7557604
Dropping frame 1413393938.9557605
Dropping frame 1413393939.1057606
Dropping frame 1413393939.3057606
Dropping frame 1413393939.4057605
Dropping frame 1413393939.6557603
Dropping frame 1413393939.9057605
Dropping frame 1413393940.1057606
Dropping frame 1413393940.3057606
Dropping frame 1413393940.4557605
Dropping frame 1413393940.8057606
Dropping frame 1413393941.1057606
Dropping frame 1413393941.4057605
Dropping frame 1413393941.6057606
Dropping frame 1413393941.8057606
Dropping frame 1413393941.9057605
Dropping frame 1413393942.1557603
Dropping frame 1413393942.3557603
Dropping frame 1413393942.4557605
Dropping frame 1413393942.5557604
Dropping frame 1413393942.9557605
Dropping frame 1413393943.1557603
Dropping frame 1413393943.2557604
Dropping frame 1413393943.3557603
Dropping frame 1413393943.5557604
Dropping frame 1413393943.6557603
Dropping frame 1413393943.9057605
Dropping frame 1413393944.0057604
Dropping frame 1413393944.2557604
Dropping frame 1413393944.4557605
Dropping frame 1413393944.5557604
Dropping frame 1413393944.7557604
Dropping frame 1413393944.9557605
Dropping frame 1413393945.0557604
Dropping frame 1413393945.3057606
Dropping frame 1413393945.5557604
Dropping frame 1413393945.6557603
Dropping frame 1413393945.8557603
*Loop detected
phi =  0.010835698684828862 0.0088157325398842187 0.0086709955669341844
BAD LOOP!!!
Dropping frame 1413393946.2557604
Dropping frame 1413393946.3557603
*Loop detected
phi =  0.0091062095390587305 -0.0098520748888273769  0.0020049163544600132
BAD LOOP!!!
*Loop detected
phi =   0.015153500980232073 -0.0018496673629070546  0.0029848779631548696
BAD LOOP!!!
Dropping frame 1413393946.7557604
Dropping frame 1413393946.9057605
*Loop detected
phi =  0.01562918976106414 0.007436636599311406 0.022147429142682355
BAD LOOP!!!
Dropping frame 1413393947.0057604
Dropping frame 1413393947.2057605
*Loop detected
phi =  0.002105862845891707 0.0026201396116995635  0.015005760872231726
Local Mapping STOP
Local Mapping RELEASE
Dropping frame 1413393947.4057605
Dropping frame 1413393947.5057604
Dropping frame 1413393947.8057606
Dropping frame 1413393948.0057604
Dropping frame 1413393948.2057605
Local Mapping STOP
Local Mapping RELEASE
Dropping frame 1413393948.3057606
Dropping frame 1413393948.4057605
Dropping frame 1413393948.5557604
Dropping frame 1413393948.7557604
Dropping frame 1413393948.9557605
Dropping frame 1413393949.4557605
Dropping frame 1413393950.0057604
Dropping frame 1413393950.3557603
Dropping frame 1413393950.5557604
Dropping frame 1413393950.7557604
Dropping frame 1413393950.8557603
Dropping frame 1413393951.1057606
Dropping frame 1413393951.5057604
Dropping frame 1413393951.6057606
Dropping frame 1413393951.8057606
Dropping frame 1413393952.0557604
Dropping frame 1413393952.3057606
Dropping frame 1413393952.4057605
Dropping frame 1413393952.6557603
Dropping frame 1413393952.7557604
Dropping frame 1413393952.9557605
Dropping frame 1413393953.1557603
Dropping frame 1413393953.3557603
Dropping frame 1413393953.5057604
Dropping frame 1413393953.6057606
Dropping frame 1413393953.8057606
Dropping frame 1413393954.0057604
Dropping frame 1413393954.2057605
Dropping frame 1413393954.3557603
Dropping frame 1413393954.5557604
Dropping frame 1413393954.7557604
Dropping frame 1413393954.9557605
Dropping frame 1413393955.1057606
Dropping frame 1413393955.4557605
Dropping frame 1413393955.7557604
Dropping frame 1413393956.5557604
Dropping frame 1413393958.7057605
Dropping frame 1413393959.1557603
Dropping frame 1413393959.4057605
Dropping frame 1413393959.6057606
Dropping frame 1413393960.0557604
Dropping frame 1413393960.1557603
Dropping frame 1413393960.3557603
Dropping frame 1413393960.6057606
Dropping frame 1413393960.8057606
Dropping frame 1413393961.0057604
Dropping frame 1413393961.1057606
Dropping frame 1413393961.2057605
Dropping frame 1413393961.3557603
Dropping frame 1413393961.4557605
Dropping frame 1413393961.7557604
Dropping frame 1413393961.8557603
Dropping frame 1413393962.1057606
Dropping frame 1413393962.2057605
Dropping frame 1413393962.5557604
Dropping frame 1413393962.6557603
Dropping frame 1413393962.8557603
Dropping frame 1413393963.0557604
Dropping frame 1413393963.2057605
Dropping frame 1413393963.7057605
Dropping frame 1413393963.8057606
Dropping frame 1413393964.0557604
Dropping frame 1413393964.1557603
Dropping frame 1413393964.5557604
Dropping frame 1413393964.6557603
Dropping frame 1413393964.7557604
Dropping frame 1413393965.0057604
Dropping frame 1413393965.1057606
Dropping frame 1413393965.3057606
Dropping frame 1413393965.4057605
Dropping frame 1413393965.6057606
Dropping frame 1413393965.7057605
Dropping frame 1413393965.8057606
Dropping frame 1413393965.9057605
Dropping frame 1413393966.0557604
Dropping frame 1413393966.1557603
Dropping frame 1413393966.3557603
Dropping frame 1413393966.5557604
Dropping frame 1413393966.6557603
Dropping frame 1413393966.8057606
Dropping frame 1413393966.9057605
Dropping frame 1413393967.1057606
Dropping frame 1413393967.3057606
Dropping frame 1413393967.4057605
Dropping frame 1413393967.7057605
Dropping frame 1413393967.8057606
Dropping frame 1413393967.9057605
Dropping frame 1413393968.1057606
Dropping frame 1413393968.2057605
Dropping frame 1413393968.4557605
Dropping frame 1413393968.5557604
Dropping frame 1413393968.6557603
Dropping frame 1413393969.0057604
Dropping frame 1413393969.2557604
Dropping frame 1413393969.6057606
Dropping frame 1413393969.9557605
Dropping frame 1413393970.2557604
Dropping frame 1413393970.3557603
Dropping frame 1413393970.7057605
Dropping frame 1413393971.2057605
Dropping frame 1413393971.3057606
Dropping frame 1413393971.5057604
Dropping frame 1413393971.8057606
Dropping frame 1413393972.1057606
Dropping frame 1413393972.3057606
Dropping frame 1413393972.4057605
Dropping frame 1413393972.6557603
Dropping frame 1413393972.7557604
Dropping frame 1413393972.9057605
Dropping frame 1413393973.1057606
Dropping frame 1413393973.2057605
Dropping frame 1413393973.4557605
Dropping frame 1413393973.7557604
Dropping frame 1413393973.8557603
Dropping frame 1413393974.2057605
Dropping frame 1413393974.3057606
Dropping frame 1413393974.6057606
Dropping frame 1413393974.7057605
Dropping frame 1413393975.0057604
Dropping frame 1413393975.3057606
Dropping frame 1413393975.4057605
Dropping frame 1413393975.5057604
Dropping frame 1413393975.7057605
Dropping frame 1413393975.9557605
Dropping frame 1413393976.0557604
Dropping frame 1413393976.2557604
Dropping frame 1413393976.3557603
Dropping frame 1413393976.6557603
Dropping frame 1413393976.7557604
Dropping frame 1413393977.0057604
Dropping frame 1413393977.2057605
Dropping frame 1413393977.4557605
Dropping frame 1413393977.5557604
Dropping frame 1413393977.8057606
Dropping frame 1413393977.9057605
Dropping frame 1413393978.0057604
Dropping frame 1413393978.2057605
Dropping frame 1413393978.4057605
Dropping frame 1413393978.5057604
Dropping frame 1413393978.8057606
Dropping frame 1413393978.9057605
Dropping frame 1413393979.1557603
Dropping frame 1413393979.3557603
Dropping frame 1413393979.5557604
Dropping frame 1413393979.6557603
Dropping frame 1413393979.7557604
Dropping frame 1413393979.8557603
Dropping frame 1413393979.9557605
Dropping frame 1413393980.2557604
Dropping frame 1413393980.3557603
Dropping frame 1413393980.7557604
Dropping frame 1413393980.9557605
Dropping frame 1413393981.2557604
Dropping frame 1413393981.4557605
Dropping frame 1413393981.5557604
Dropping frame 1413393981.6557603
Dropping frame 1413393981.7557604
Dropping frame 1413393981.9557605
Dropping frame 1413393982.2057605
Dropping frame 1413393982.3057606
Dropping frame 1413393982.4057605
Dropping frame 1413393982.6057606
Dropping frame 1413393982.7557604
Dropping frame 1413393983.1057606
Dropping frame 1413393983.4057605
Dropping frame 1413393983.7057605
Dropping frame 1413393983.9057605
Dropping frame 1413393984.0557604
Dropping frame 1413393984.3557603
Dropping frame 1413393984.8057606
Dropping frame 1413393984.9057605
Dropping frame 1413393985.1557603
Dropping frame 1413393985.2557604
Dropping frame 1413393985.7057605
Dropping frame 1413393985.9057605
Dropping frame 1413393986.2057605
Dropping frame 1413393986.6557603
Dropping frame 1413393986.9057605
Dropping frame 1413393987.2557604
Dropping frame 1413393987.7057605
Dropping frame 1413393987.8057606
Dropping frame 1413393988.3557603
Dropping frame 1413393988.6057606
Dropping frame 1413393989.1557603
Dropping frame 1413393989.2557604
Dropping frame 1413393989.3557603
Dropping frame 1413393989.5557604
Dropping frame 1413393989.6557603
Dropping frame 1413393989.7557604
Dropping frame 1413393989.9557605
Dropping frame 1413393990.0557604
Dropping frame 1413393990.1557603
Dropping frame 1413393990.3057606
Dropping frame 1413393990.4557605
Dropping frame 1413393990.5557604
Dropping frame 1413393990.6557603
Dropping frame 1413393990.8557603
Dropping frame 1413393990.9557605
Dropping frame 1413393991.0557604
Dropping frame 1413393991.1557603
Dropping frame 1413393991.2557604
Dropping frame 1413393991.4057605
Dropping frame 1413393991.5057604
Dropping frame 1413393991.6057606
Dropping frame 1413393991.7057605
Dropping frame 1413393991.9057605
Dropping frame 1413393992.0057604
Dropping frame 1413393992.1057606
Dropping frame 1413393992.2057605
Dropping frame 1413393992.3057606
Dropping frame 1413393992.4057605
Dropping frame 1413393992.6057606
Dropping frame 1413393992.7057605
Dropping frame 1413393992.8057606
Dropping frame 1413393993.0057604
Dropping frame 1413393993.1057606
Dropping frame 1413393993.2057605
Dropping frame 1413393993.4057605
Dropping frame 1413393993.6057606
Dropping frame 1413393993.7057605
Dropping frame 1413393993.8057606
Dropping frame 1413393993.9057605
Dropping frame 1413393994.1057606
Dropping frame 1413393994.2057605
Dropping frame 1413393994.3057606
Dropping frame 1413393994.4057605
Dropping frame 1413393994.5057604
Dropping frame 1413393994.6057606
Dropping frame 1413393994.7057605
Dropping frame 1413393994.9057605
Dropping frame 1413393995.1057606
Dropping frame 1413393995.2057605
Dropping frame 1413393995.3057606
Dropping frame 1413393995.5057604
Dropping frame 1413393995.6057606
Dropping frame 1413393995.7057605
Dropping frame 1413393995.9557605
Dropping frame 1413393996.0557604
Dropping frame 1413393997.4557605
Dropping frame 1413393997.5557604
Dropping frame 1413393997.6557603
Dropping frame 1413393997.8557603
Dropping frame 1413393998.1057606
Dropping frame 1413393998.3557603
Dropping frame 1413393998.6057606
Dropping frame 1413393998.7057605
Dropping frame 1413393998.8057606
Dropping frame 1413393999.0057604
Dropping frame 1413393999.1557603
Dropping frame 1413393999.3557603
Dropping frame 1413393999.4557605
Dropping frame 1413393999.6557603
Dropping frame 1413393999.7557604
Dropping frame 1413393999.8557603
Dropping frame 1413394000.0557604
Dropping frame 1413394000.1557603
Dropping frame 1413394000.2557604
Dropping frame 1413394000.4557605
Dropping frame 1413394000.5557604
Dropping frame 1413394000.6557603
Dropping frame 1413394000.8557603
Dropping frame 1413394000.9557605
Dropping frame 1413394001.1557603
Dropping frame 1413394001.2557604
Dropping frame 1413394001.4057605
Dropping frame 1413394001.5057604
Dropping frame 1413394001.6057606
Dropping frame 1413394001.8057606
Dropping frame 1413394001.9057605
Dropping frame 1413394002.0057604
Dropping frame 1413394002.1057606
Dropping frame 1413394002.3557603
Dropping frame 1413394002.4557605
Dropping frame 1413394002.5557604
Dropping frame 1413394002.6557603
Dropping frame 1413394002.8057606
Dropping frame 1413394002.9057605
Dropping frame 1413394003.0057604
Dropping frame 1413394003.1057606
Dropping frame 1413394003.2057605
Dropping frame 1413394003.3057606
Shutdown
SLAM Finished at System Time: 1747028471.09492

 TIME STATS in ms (mean$\pm$std)
OpenCV version: 4.8.1
---------------------------
Tracking

ORB Extraction: 17.381$\pm$2.1259
Stereo Matching: 8.3486$\pm$2.2761
IMU Preintegration: 0.24101$\pm$0.10215
Pose Prediction: 0.35315$\pm$1.4932
LM Track: 19.912$\pm$4.559
New KF decision: 2.1533$\pm$3.5876
Total Tracking: 31.411$\pm$26.546



Local Mapping

KF Insertion: 14.119$\pm$4.1835
MP Culling: 0.78944$\pm$0.26439
MP Creation: 47.155$\pm$14.715
LBA: 148.04$\pm$40.476
KF Culling: 17.52$\pm$11.482
Total Local Mapping: 227.4$\pm$59.739
---------------------------

LBA complexity (mean$\pm$std)
LBA Edges: 3797.9$\pm$1063.9
LBA KF optimized: 6.5$\pm$2.2913
LBA KF fixed: 1$\pm$0
LBA MP: nan$\pm$nan

LBA executions: 423
LBA aborts: 0
---------------------------

Map complexity
KFs in map: 141
MPs in map: 10309
---------------------------

Place Recognition (mean$\pm$std)
Database Query: 1.6931$\pm$0.8139
SE3 estimation: 16.204$\pm$13.41
Total Place Recognition: 15.526$\pm$14.224


Loop Closing (mean$\pm$std)
Loop Fusion: 78.985$\pm$0
Essential Graph: 77.836$\pm$0
Total Loop Closing: 161.82$\pm$0

Num exec: 1
Number of KFs: nan$\pm$nan

Map Merging (mean$\pm$std)
Merge Maps: nan$\pm$nan
Welding BA: nan$\pm$nan
Optimization Ess.: nan$\pm$nan
Total Map Merging: nan$\pm$nan

Num exec: 0
Number of KFs: nan$\pm$nan
Number of MPs: nan$\pm$nan

Full GBA (mean$\pm$std)
GBA: 939.97$\pm$0
Map Update: 45.086$\pm$0
Total Full GBA: 985.05$\pm$0

Num exec: 1
Num abort: 0
Number of KFs: 132$\pm$0
Number of MPs: 11173$\pm$0

Saving trajectory to f_dataset-V202_stereo_imu.txt ...
There are 1 maps in the atlas
  Map 0 has 141 KFs

End of saving trajectory to f_dataset-V202_stereo_imu.txt ...

Saving keyframe trajectory to kf_dataset-V202_stereo_imu.txt ...
