num_seq = 1
file name: dataset-MH03_stereo_imu
Loading images for sequence 0...LOADED!
Loading IMU for sequence 0...LOADED!

-------

ORB-SLAM3 Copyright (C) 2017-2020 Carlos Campos, Richard Elvira, Juan J. Gómez, José M.M. Montiel and Juan D. Tardós, University of Zaragoza.
ORB-SLAM2 Copyright (C) 2014-2016 Raúl Mur-Artal, José M.M. Montiel and Juan D. Tardós, University of Zaragoza.
This program comes with ABSOLUTELY NO WARRANTY;
This is free software, and you are welcome to redistribute it
under certain conditions. See LICENSE.txt.

Built with REGISTER_TIMES
Git Commit Hash: 2d47524

Build Type: Release

Compiled with C++ version: 201703

Input sensor was set to: Stereo-Inertial
Loading settings from ./Examples/Stereo-Inertial/EuRoC_deadlines.yaml
	-Loaded camera 1
	-Loaded camera 2
	-Loaded image info
	-Loaded IMU calibration
	-Loaded ORB settings
	-Loaded viewer settings
	-Loaded Atlas settings
Deadlines enabled, will skip frames!
	-Loaded misc parameters
	-Computed rectification maps
----------------------------------
SLAM settings: 
	-Camera 1 parameters (Pinhole): [ 458.65399169921875 457.29598999023438 367.21499633789062 248.375 ]
	-Camera 1 distortion parameters: [  -0.28340810537338257 0.073959067463874817 0.00019359000725671649 1.7618711353861727e-05 ]
	-Camera 2 parameters (Pinhole: [ 457.58700561523438 456.13400268554688 379.99899291992188 255.23800659179688 ]
	-Camera 1 distortion parameters: [  -0.2836836576461792 0.074512839317321777 -0.00010473000293131918 -3.555907096597366e-05 ]
	-Original image size: [ 752 , 480 ]
	-Current image size: [ 752 , 480 ]
	-Camera 1 parameters after rectification: [  456.71499633789062 456.71499633789062 364.52615356445312 257.268798828125 ]
	-Sequence FPS: 20
	-Stereo baseline: 0.11007784307003021
	-Stereo depth threshold : 60
	-Gyro noise: 0.00016999999934341758
	-Accelerometer noise: 0.0020000000949949026
	-Gyro walk: 1.9392999092815444e-05
	-Accelerometer walk: 0.0030000000260770321
	-IMU frequency: 200
	-Features per image: 1200
	-ORB scale factor: 1.2000000476837158
	-ORB number of scales: 8
	-Initial FAST threshold: 20
	-Min FAST threshold: 7


Loading ORB Vocabulary. This could take a while...
Vocabulary loaded!

Initialization of Atlas from scratch 
Creation of new map with id: 0
Creation of new map with last KF id: 0
Seq. Name: 
There are 1 cameras in the atlas
Camera 0 is pinhole
SLAM Started at System Time: 1740895628.77639
not IMU meas
not IMU meas
not enough acceleration
not enough acceleration
First KF:0; Map init KF:0
New Map created with 242 points
Active map: 0
Dropping frame 1403637130.8383191
Dropping frame 1403637131.688319
Dropping frame 1403637132.0883191
Not enough motion for initializing. Reseting...
TRACK: Reset map because local mapper set the bad imu flag 
LM: Reseting current map in Local Mapping...
LM: End reseting Local Mapping...
LM: Reset free the mutex
LM: Active map reset recieved
LM: Active map reset, waiting...
LM: Reseting current map in Local Mapping...
LM: End reseting Local Mapping...
LM: Reset free the mutex
LM: Active map reset, Done!!!
mnFirstFrameId = 4
mnInitialFrameId = 0
50 Frames set to lost
not IMU meas
First KF:11; Map init KF:0
New Map created with 258 points
Active map: 0
Dropping frame 1403637133.7883189
Dropping frame 1403637133.9383192
Dropping frame 1403637134.5383191
Dropping frame 1403637134.688319
Dropping frame 1403637134.9383192
Dropping frame 1403637135.0883191
Dropping frame 1403637135.188319
Dropping frame 1403637135.4383192
Dropping frame 1403637135.5383191
Dropping frame 1403637135.7383192
Dropping frame 1403637136.0883191
Dropping frame 1403637136.3383191
Dropping frame 1403637136.8383191
Dropping frame 1403637137.0883191
Dropping frame 1403637137.188319
Dropping frame 1403637137.388319
Dropping frame 1403637137.5383191
Dropping frame 1403637137.638319
Dropping frame 1403637137.9383192
Dropping frame 1403637138.0383191
Dropping frame 1403637138.188319
Dropping frame 1403637138.388319
start VIBA 1
Dropping frame 1403637139.0383191
end VIBA 1
Dropping frame 1403637139.188319
Dropping frame 1403637139.388319
Dropping frame 1403637139.5883191
Dropping frame 1403637139.688319
Dropping frame 1403637139.7883189
Dropping frame 1403637139.9883189
Dropping frame 1403637140.0883191
Not enough motion for initializing. Reseting...
TRACK: Reset map because local mapper set the bad imu flag 
LM: Active map reset recieved
LM: Active map reset, waiting...
LM: Reseting current map in Local Mapping...
LM: End reseting Local Mapping...
LM: Reset free the mutex
LM: Active map reset, Done!!!
mnFirstFrameId = 56
mnInitialFrameId = 54
153 Frames set to lost
not IMU meas
First KF:42; Map init KF:11
New Map created with 286 points
Active map: 0
Dropping frame 1403637140.2883189
Dropping frame 1403637140.4883189
Dropping frame 1403637140.5883191
Dropping frame 1403637140.688319
Dropping frame 1403637140.8383191
Dropping frame 1403637141.388319
Dropping frame 1403637141.5383191
Dropping frame 1403637141.7383192
Dropping frame 1403637141.8383191
Dropping frame 1403637141.9883189
Dropping frame 1403637142.0883191
Dropping frame 1403637142.188319
Dropping frame 1403637142.2883189
Dropping frame 1403637142.388319
Dropping frame 1403637142.4883189
Dropping frame 1403637142.688319
Dropping frame 1403637142.888319
Dropping frame 1403637142.9883189
Dropping frame 1403637143.188319
Not enough motion for initializing. Reseting...
TRACK: Reset map because local mapper set the bad imu flag 
LM: Active map reset recieved
LM: Active map reset, waiting...
LM: Reseting current map in Local Mapping...
LM: End reseting Local Mapping...
LM: Reset free the mutex
LM: Active map reset, Done!!!
mnFirstFrameId = 161
mnInitialFrameId = 159
197 Frames set to lost
not IMU meas
not enough acceleration
not enough acceleration
not enough acceleration
not enough acceleration
not enough acceleration
Dropping frame 1403637143.7383192
not enough acceleration
not enough acceleration
not enough acceleration
Dropping frame 1403637143.9383192
not enough acceleration
not enough acceleration
not enough acceleration
not enough acceleration
not enough acceleration
Dropping frame 1403637144.2383192
not enough acceleration
First KF:53; Map init KF:42
New Map created with 270 points
Active map: 0
Dropping frame 1403637144.4383192
Dropping frame 1403637144.688319
Dropping frame 1403637144.9383192
Dropping frame 1403637146.5883191
Dropping frame 1403637147.188319
Not enough motion for initializing. Reseting...
LM: Reseting current map in Local Mapping...
LM: End reseting Local Mapping...
LM: Reset free the mutex
Dropping frame 1403637147.388319
Dropping frame 1403637147.5883191
Not enough motion for initializing. Reseting...
TRACK: Reset map because local mapper set the bad imu flag 
LM: Active map reset recieved
LM: Active map reset, waiting...
LM: Reseting current map in Local Mapping...
LM: End reseting Local Mapping...
LM: Reset free the mutex
LM: Active map reset, Done!!!
mnFirstFrameId = 221
mnInitialFrameId = 205
257 Frames set to lost
not IMU meas
not enough acceleration
not enough acceleration
not enough acceleration
Dropping frame 1403637147.9383192
not enough acceleration
not enough acceleration
not enough acceleration
Dropping frame 1403637148.138319
not enough acceleration
not enough acceleration
not enough acceleration
not enough acceleration
not enough acceleration
not enough acceleration
not enough acceleration
Dropping frame 1403637148.5383191
First KF:65; Map init KF:53
New Map created with 285 points
Active map: 0
Dropping frame 1403637149.138319
Dropping frame 1403637149.2883189
Dropping frame 1403637149.4383192
Dropping frame 1403637150.5883191
Dropping frame 1403637151.5883191
Dropping frame 1403637151.9883189
Dropping frame 1403637152.188319
Dropping frame 1403637153.2383192
start VIBA 1
end VIBA 1
Dropping frame 1403637154.2383192
Dropping frame 1403637154.5883191
Dropping frame 1403637155.688319
Dropping frame 1403637157.7383192
Dropping frame 1403637157.9883189
Dropping frame 1403637158.2883189
Dropping frame 1403637158.5383191
Dropping frame 1403637158.7383192
Dropping frame 1403637158.888319
Dropping frame 1403637158.9883189
Dropping frame 1403637159.138319
Dropping frame 1403637159.2383192
Dropping frame 1403637159.4383192
Dropping frame 1403637159.5383191
Dropping frame 1403637159.688319
Dropping frame 1403637159.7883189
Dropping frame 1403637159.888319
Dropping frame 1403637159.9883189
Dropping frame 1403637160.188319
Dropping frame 1403637160.2883189
Dropping frame 1403637160.5383191
Dropping frame 1403637160.638319
Dropping frame 1403637160.7383192
Dropping frame 1403637160.8383191
Dropping frame 1403637160.9383192
Dropping frame 1403637161.0383191
Dropping frame 1403637161.138319
Dropping frame 1403637161.2383192
Dropping frame 1403637161.3383191
Dropping frame 1403637161.4383192
Dropping frame 1403637161.5883191
Dropping frame 1403637161.688319
Dropping frame 1403637161.7883189
Dropping frame 1403637161.888319
Dropping frame 1403637161.9883189
Dropping frame 1403637162.0883191
Dropping frame 1403637162.188319
Dropping frame 1403637162.2883189
Dropping frame 1403637162.388319
Dropping frame 1403637162.5883191
Dropping frame 1403637162.688319
Dropping frame 1403637162.7883189
Dropping frame 1403637162.888319
Dropping frame 1403637162.9883189
Dropping frame 1403637163.0883191
Dropping frame 1403637163.188319
Dropping frame 1403637163.3383191
Dropping frame 1403637163.4383192
Dropping frame 1403637163.5383191
Dropping frame 1403637163.638319
Dropping frame 1403637163.7383192
Dropping frame 1403637163.8383191
start VIBA 2
Dropping frame 1403637163.9383192
Dropping frame 1403637164.0383191
Dropping frame 1403637164.138319
end VIBA 2
Dropping frame 1403637164.2383192
Dropping frame 1403637164.4883189
Dropping frame 1403637164.5883191
Dropping frame 1403637164.688319
Dropping frame 1403637164.7883189
Dropping frame 1403637164.888319
Dropping frame 1403637164.9883189
Dropping frame 1403637165.188319
Dropping frame 1403637165.2883189
Dropping frame 1403637165.388319
Dropping frame 1403637165.4883189
Dropping frame 1403637165.638319
Dropping frame 1403637165.7883189
Dropping frame 1403637165.888319
Dropping frame 1403637165.9883189
Dropping frame 1403637166.0883191
Dropping frame 1403637166.188319
Dropping frame 1403637166.2883189
Dropping frame 1403637166.388319
Dropping frame 1403637166.4883189
Dropping frame 1403637166.5883191
Dropping frame 1403637166.688319
Dropping frame 1403637166.7883189
Dropping frame 1403637166.888319
Dropping frame 1403637167.0383191
Dropping frame 1403637167.2383192
Dropping frame 1403637167.3383191
Dropping frame 1403637167.4383192
Dropping frame 1403637167.5383191
Dropping frame 1403637167.638319
Dropping frame 1403637167.7383192
Dropping frame 1403637167.8383191
Dropping frame 1403637167.9883189
Dropping frame 1403637168.138319
Dropping frame 1403637168.2383192
Dropping frame 1403637168.388319
Dropping frame 1403637168.4883189
Dropping frame 1403637168.5883191
Dropping frame 1403637168.7883189
Dropping frame 1403637168.888319
Dropping frame 1403637168.9883189
Dropping frame 1403637169.0883191
Dropping frame 1403637169.188319
Dropping frame 1403637169.2883189
Dropping frame 1403637169.4383192
Dropping frame 1403637169.5383191
Dropping frame 1403637169.638319
Dropping frame 1403637169.7383192
Dropping frame 1403637169.8383191
Dropping frame 1403637169.9383192
Dropping frame 1403637170.0383191
Dropping frame 1403637170.138319
Dropping frame 1403637170.2383192
Dropping frame 1403637170.3383191
Dropping frame 1403637170.4383192
Dropping frame 1403637170.5383191
Dropping frame 1403637170.688319
Dropping frame 1403637170.9383192
Dropping frame 1403637171.0383191
Dropping frame 1403637171.138319
Dropping frame 1403637171.2383192
Dropping frame 1403637171.4383192
Dropping frame 1403637171.5383191
Dropping frame 1403637171.638319
Dropping frame 1403637171.7383192
Dropping frame 1403637171.8383191
Dropping frame 1403637172.0383191
Dropping frame 1403637172.138319
Dropping frame 1403637172.4383192
Dropping frame 1403637172.5883191
Dropping frame 1403637172.7883189
Dropping frame 1403637172.888319
Dropping frame 1403637173.0883191
Dropping frame 1403637173.2883189
Dropping frame 1403637173.388319
Dropping frame 1403637173.5883191
Dropping frame 1403637173.7883189
Dropping frame 1403637173.888319
Dropping frame 1403637173.9883189
Dropping frame 1403637174.188319
Dropping frame 1403637174.388319
Dropping frame 1403637174.4883189
Dropping frame 1403637174.688319
Dropping frame 1403637174.888319
Dropping frame 1403637175.0883191
Dropping frame 1403637175.2883189
Dropping frame 1403637175.388319
Dropping frame 1403637175.4883189
Dropping frame 1403637175.8383191
Dropping frame 1403637175.9883189
Dropping frame 1403637176.2383192
Dropping frame 1403637176.4383192
Dropping frame 1403637176.638319
Dropping frame 1403637176.8383191
Dropping frame 1403637177.0383191
Dropping frame 1403637177.2383192
Dropping frame 1403637177.4383192
Dropping frame 1403637177.638319
Dropping frame 1403637177.8383191
Dropping frame 1403637178.0383191
Dropping frame 1403637178.4383192
Dropping frame 1403637179.388319
Dropping frame 1403637179.5883191
Dropping frame 1403637179.688319
Dropping frame 1403637179.7883189
Dropping frame 1403637179.9883189
Dropping frame 1403637180.188319
Dropping frame 1403637180.388319
Dropping frame 1403637180.5883191
Dropping frame 1403637180.7883189
Dropping frame 1403637180.9883189
Dropping frame 1403637181.188319
Dropping frame 1403637181.2883189
Dropping frame 1403637181.4883189
Dropping frame 1403637181.688319
Dropping frame 1403637181.888319
Dropping frame 1403637182.0883191
Dropping frame 1403637182.2883189
Dropping frame 1403637182.638319
Dropping frame 1403637182.9883189
Dropping frame 1403637183.188319
Dropping frame 1403637183.2883189
Dropping frame 1403637183.5883191
Dropping frame 1403637183.9383192
Dropping frame 1403637184.138319
Dropping frame 1403637184.3383191
Dropping frame 1403637184.5883191
Dropping frame 1403637184.9883189
Dropping frame 1403637185.188319
Dropping frame 1403637185.388319
Dropping frame 1403637185.638319
Dropping frame 1403637185.7383192
Dropping frame 1403637186.0883191
Dropping frame 1403637186.2883189
Dropping frame 1403637186.4883189
Dropping frame 1403637186.688319
Dropping frame 1403637186.888319
Dropping frame 1403637187.0883191
Dropping frame 1403637187.2883189
Dropping frame 1403637187.638319
Dropping frame 1403637187.8383191
Dropping frame 1403637188.0383191
Dropping frame 1403637188.2883189
Dropping frame 1403637188.4383192
Dropping frame 1403637188.7883189
Dropping frame 1403637188.9883189
Dropping frame 1403637189.188319
Dropping frame 1403637189.388319
Dropping frame 1403637189.5883191
Dropping frame 1403637189.7883189
Dropping frame 1403637189.888319
Dropping frame 1403637190.0883191
Dropping frame 1403637190.3383191
Dropping frame 1403637190.5383191
Dropping frame 1403637190.638319
Dropping frame 1403637190.8383191
Dropping frame 1403637191.0383191
Dropping frame 1403637191.2383192
Dropping frame 1403637191.3383191
Dropping frame 1403637191.4383192
Dropping frame 1403637191.638319
Dropping frame 1403637191.8383191
Dropping frame 1403637192.0383191
Dropping frame 1403637192.2383192
Dropping frame 1403637192.4383192
Dropping frame 1403637192.638319
Dropping frame 1403637192.7383192
Dropping frame 1403637192.9383192
Dropping frame 1403637193.138319
Dropping frame 1403637193.3383191
Dropping frame 1403637193.5383191
Dropping frame 1403637193.7383192
Dropping frame 1403637193.9383192
Dropping frame 1403637194.138319
Dropping frame 1403637194.3383191
Dropping frame 1403637194.5383191
Dropping frame 1403637194.7383192
Dropping frame 1403637194.9383192
Dropping frame 1403637195.138319
Dropping frame 1403637195.2383192
Dropping frame 1403637195.4383192
Dropping frame 1403637195.5883191
Dropping frame 1403637195.9883189
Dropping frame 1403637196.188319
Dropping frame 1403637196.388319
Dropping frame 1403637196.688319
Dropping frame 1403637196.888319
Dropping frame 1403637197.0883191
Dropping frame 1403637197.2883189
Dropping frame 1403637197.4883189
Dropping frame 1403637197.5883191
Dropping frame 1403637197.688319
Dropping frame 1403637197.888319
Dropping frame 1403637198.0883191
Dropping frame 1403637198.188319
Dropping frame 1403637198.5383191
Dropping frame 1403637198.638319
Dropping frame 1403637198.8383191
Dropping frame 1403637198.9383192
Dropping frame 1403637199.188319
Dropping frame 1403637199.388319
Dropping frame 1403637199.4883189
Dropping frame 1403637200.138319
Dropping frame 1403637200.2383192
Dropping frame 1403637200.3383191
Dropping frame 1403637200.5383191
Dropping frame 1403637200.638319
Dropping frame 1403637200.888319
Dropping frame 1403637201.0883191
Dropping frame 1403637201.2883189
Dropping frame 1403637201.388319
Dropping frame 1403637201.638319
Dropping frame 1403637201.7383192
Dropping frame 1403637201.9883189
Dropping frame 1403637202.188319
Dropping frame 1403637202.2883189
Dropping frame 1403637202.388319
Dropping frame 1403637202.5883191
Dropping frame 1403637202.7383192
Dropping frame 1403637202.9383192
Dropping frame 1403637203.0383191
Dropping frame 1403637203.138319
Dropping frame 1403637203.3383191
Dropping frame 1403637203.4383192
Dropping frame 1403637203.5383191
Dropping frame 1403637203.7383192
Dropping frame 1403637203.9383192
Dropping frame 1403637204.138319
Dropping frame 1403637204.2383192
Dropping frame 1403637204.3383191
Dropping frame 1403637204.4883189
Dropping frame 1403637204.5883191
Dropping frame 1403637204.7883189
Dropping frame 1403637204.888319
Dropping frame 1403637205.0883191
Dropping frame 1403637205.188319
Dropping frame 1403637205.2883189
Dropping frame 1403637205.388319
Dropping frame 1403637205.5883191
Dropping frame 1403637205.688319
Dropping frame 1403637205.7883189
Dropping frame 1403637205.9883189
Dropping frame 1403637206.0883191
Dropping frame 1403637206.188319
Dropping frame 1403637206.388319
Dropping frame 1403637206.4883189
Dropping frame 1403637206.5883191
Dropping frame 1403637206.7883189
Dropping frame 1403637206.888319
Dropping frame 1403637206.9883189
Dropping frame 1403637207.188319
Dropping frame 1403637207.2883189
Dropping frame 1403637207.388319
Dropping frame 1403637207.5883191
Dropping frame 1403637207.688319
Dropping frame 1403637207.7883189
Dropping frame 1403637207.9883189
Dropping frame 1403637208.0883191
Dropping frame 1403637208.188319
Dropping frame 1403637208.388319
Dropping frame 1403637208.4883189
Dropping frame 1403637208.5883191
Dropping frame 1403637208.7883189
Dropping frame 1403637208.888319
Dropping frame 1403637208.9883189
Dropping frame 1403637209.188319
Dropping frame 1403637209.2883189
Dropping frame 1403637209.388319
Dropping frame 1403637209.4883189
Dropping frame 1403637209.5883191
Dropping frame 1403637209.7383192
Dropping frame 1403637209.9383192
Dropping frame 1403637210.0383191
Dropping frame 1403637210.188319
Dropping frame 1403637210.4383192
Dropping frame 1403637210.5383191
Dropping frame 1403637210.638319
Dropping frame 1403637210.7383192
Dropping frame 1403637210.8383191
Dropping frame 1403637210.9883189
Dropping frame 1403637211.0883191
Dropping frame 1403637211.2383192
Dropping frame 1403637211.3383191
Dropping frame 1403637211.5383191
Dropping frame 1403637211.638319
Dropping frame 1403637211.7383192
Dropping frame 1403637211.9383192
Dropping frame 1403637212.138319
Dropping frame 1403637212.3383191
Dropping frame 1403637212.4383192
Dropping frame 1403637212.5383191
Dropping frame 1403637212.7383192
Dropping frame 1403637212.8383191
Dropping frame 1403637213.0883191
Dropping frame 1403637213.188319
Dropping frame 1403637213.2883189
Dropping frame 1403637213.5383191
Dropping frame 1403637213.638319
Dropping frame 1403637213.8383191
Dropping frame 1403637213.9383192
Dropping frame 1403637214.0383191
Dropping frame 1403637214.2383192
Dropping frame 1403637214.3383191
Dropping frame 1403637214.4383192
Dropping frame 1403637214.638319
Dropping frame 1403637214.7383192
Dropping frame 1403637214.8383191
Dropping frame 1403637215.0383191
Dropping frame 1403637215.2383192
Dropping frame 1403637215.3383191
Dropping frame 1403637215.4383192
Dropping frame 1403637215.638319
Dropping frame 1403637215.7383192
Dropping frame 1403637215.8383191
Dropping frame 1403637216.0383191
Dropping frame 1403637216.138319
Dropping frame 1403637216.2383192
Dropping frame 1403637216.4383192
Dropping frame 1403637216.5383191
Dropping frame 1403637216.638319
Dropping frame 1403637216.8383191
Dropping frame 1403637216.9383192
Dropping frame 1403637217.0383191
Dropping frame 1403637217.2383192
Dropping frame 1403637217.3383191
Dropping frame 1403637217.4383192
Dropping frame 1403637217.5383191
Dropping frame 1403637217.638319
Dropping frame 1403637217.7383192
Dropping frame 1403637217.9383192
Dropping frame 1403637218.0383191
Dropping frame 1403637218.138319
Dropping frame 1403637218.2383192
Dropping frame 1403637218.3383191
Dropping frame 1403637218.4383192
Dropping frame 1403637218.638319
Dropping frame 1403637218.7383192
Dropping frame 1403637218.8383191
Dropping frame 1403637219.0383191
Dropping frame 1403637219.2383192
Dropping frame 1403637219.3383191
Dropping frame 1403637219.4383192
Dropping frame 1403637219.5383191
Dropping frame 1403637219.638319
Dropping frame 1403637219.8383191
Dropping frame 1403637219.9383192
Dropping frame 1403637220.0383191
Dropping frame 1403637220.138319
Dropping frame 1403637220.2383192
Dropping frame 1403637220.4883189
Dropping frame 1403637220.5883191
Dropping frame 1403637220.688319
Dropping frame 1403637220.888319
Dropping frame 1403637220.9883189
Dropping frame 1403637221.0883191
Dropping frame 1403637221.2883189
Dropping frame 1403637221.388319
Dropping frame 1403637221.4883189
Dropping frame 1403637221.5883191
Dropping frame 1403637221.7883189
Dropping frame 1403637221.888319
Dropping frame 1403637221.9883189
Dropping frame 1403637222.0883191
Dropping frame 1403637222.188319
Dropping frame 1403637222.2883189
Dropping frame 1403637222.388319
Dropping frame 1403637222.5883191
Dropping frame 1403637222.688319
Dropping frame 1403637222.7883189
Dropping frame 1403637222.9883189
Dropping frame 1403637223.0883191
Dropping frame 1403637223.188319
Dropping frame 1403637223.388319
Dropping frame 1403637223.4883189
Dropping frame 1403637223.5883191
Dropping frame 1403637223.688319
Dropping frame 1403637223.888319
Dropping frame 1403637224.0883191
Dropping frame 1403637224.188319
Dropping frame 1403637224.2883189
Dropping frame 1403637224.388319
Dropping frame 1403637224.4883189
Dropping frame 1403637224.5883191
Dropping frame 1403637224.7883189
Dropping frame 1403637224.888319
Dropping frame 1403637224.9883189
Dropping frame 1403637225.188319
Dropping frame 1403637225.2883189
Dropping frame 1403637225.388319
Dropping frame 1403637225.5883191
Dropping frame 1403637225.688319
Dropping frame 1403637225.7883189
Dropping frame 1403637225.9883189
Dropping frame 1403637226.0883191
Dropping frame 1403637226.188319
Dropping frame 1403637226.388319
Dropping frame 1403637226.4883189
Dropping frame 1403637226.5883191
Dropping frame 1403637226.7883189
Dropping frame 1403637226.888319
Dropping frame 1403637226.9883189
Dropping frame 1403637227.188319
Dropping frame 1403637227.2883189
Dropping frame 1403637227.388319
Dropping frame 1403637227.4883189
Dropping frame 1403637227.5883191
Dropping frame 1403637227.688319
Dropping frame 1403637227.888319
Dropping frame 1403637227.9883189
Dropping frame 1403637228.0883191
Dropping frame 1403637228.2883189
Dropping frame 1403637228.388319
Dropping frame 1403637228.4883189
Dropping frame 1403637228.688319
Dropping frame 1403637228.7883189
Dropping frame 1403637228.888319
Dropping frame 1403637228.9883189
Dropping frame 1403637229.188319
Dropping frame 1403637229.2883189
Dropping frame 1403637229.4883189
Dropping frame 1403637229.5883191
Dropping frame 1403637229.688319
Dropping frame 1403637229.7883189
Dropping frame 1403637229.888319
Dropping frame 1403637229.9883189
Dropping frame 1403637230.188319
Dropping frame 1403637230.2883189
Dropping frame 1403637230.388319
Dropping frame 1403637230.5883191
Dropping frame 1403637230.688319
Dropping frame 1403637230.7883189
Dropping frame 1403637230.9883189
Dropping frame 1403637231.0883191
Dropping frame 1403637231.188319
Dropping frame 1403637231.388319
Dropping frame 1403637231.4883189
Dropping frame 1403637231.5883191
Dropping frame 1403637231.7883189
Dropping frame 1403637231.888319
Dropping frame 1403637231.9883189
Dropping frame 1403637232.188319
Dropping frame 1403637232.388319
Dropping frame 1403637232.4883189
Dropping frame 1403637232.5883191
Dropping frame 1403637232.7883189
Dropping frame 1403637232.888319
Dropping frame 1403637232.9883189
Dropping frame 1403637233.0883191
Dropping frame 1403637233.2883189
Dropping frame 1403637233.388319
Dropping frame 1403637233.4883189
Dropping frame 1403637233.688319
Dropping frame 1403637233.888319
Dropping frame 1403637233.9883189
Dropping frame 1403637234.0883191
Dropping frame 1403637234.2883189
Dropping frame 1403637234.388319
Dropping frame 1403637234.4883189
Dropping frame 1403637234.688319
Dropping frame 1403637234.7883189
Dropping frame 1403637234.888319
Dropping frame 1403637235.0883191
Dropping frame 1403637235.2883189
Dropping frame 1403637235.4883189
Dropping frame 1403637235.5883191
Dropping frame 1403637235.688319
Dropping frame 1403637235.888319
Dropping frame 1403637235.9883189
Dropping frame 1403637236.0883191
Dropping frame 1403637236.2883189
Dropping frame 1403637236.4383192
Dropping frame 1403637236.638319
Dropping frame 1403637236.7383192
Dropping frame 1403637236.8383191
Dropping frame 1403637237.0383191
Dropping frame 1403637237.138319
Dropping frame 1403637237.388319
Dropping frame 1403637237.4883189
Dropping frame 1403637237.5883191
Dropping frame 1403637237.7883189
Dropping frame 1403637237.9883189
Dropping frame 1403637238.0883191
Dropping frame 1403637238.188319
Dropping frame 1403637238.388319
Dropping frame 1403637238.4883189
Dropping frame 1403637238.5883191
Dropping frame 1403637238.7883189
Dropping frame 1403637238.888319
Dropping frame 1403637238.9883189
Dropping frame 1403637239.188319
Dropping frame 1403637239.2883189
Dropping frame 1403637239.388319
Dropping frame 1403637239.5883191
Dropping frame 1403637239.688319
Dropping frame 1403637239.7883189
Dropping frame 1403637239.9883189
Dropping frame 1403637240.0883191
Dropping frame 1403637240.188319
Dropping frame 1403637240.388319
Dropping frame 1403637240.4883189
Dropping frame 1403637240.5883191
Dropping frame 1403637240.7883189
Dropping frame 1403637240.888319
Dropping frame 1403637241.138319
Dropping frame 1403637241.2383192
Dropping frame 1403637241.3383191
Dropping frame 1403637241.5383191
Dropping frame 1403637241.638319
Dropping frame 1403637241.888319
Dropping frame 1403637241.9883189
Dropping frame 1403637242.0883191
Dropping frame 1403637242.2883189
Dropping frame 1403637242.388319
Dropping frame 1403637242.4883189
Dropping frame 1403637242.688319
Dropping frame 1403637242.888319
Dropping frame 1403637242.9883189
Dropping frame 1403637243.2383192
Dropping frame 1403637243.3383191
Dropping frame 1403637243.5383191
Dropping frame 1403637243.638319
Dropping frame 1403637244.0883191
Dropping frame 1403637244.2383192
Dropping frame 1403637244.4383192
Dropping frame 1403637244.5383191
Dropping frame 1403637244.7883189
Dropping frame 1403637244.888319
Dropping frame 1403637244.9883189
Dropping frame 1403637245.2883189
Dropping frame 1403637245.388319
Dropping frame 1403637245.638319
Dropping frame 1403637245.7883189
Dropping frame 1403637245.9883189
Dropping frame 1403637246.138319
Dropping frame 1403637246.5883191
Dropping frame 1403637247.188319
Dropping frame 1403637247.2883189
Dropping frame 1403637247.388319
Dropping frame 1403637247.5883191
Dropping frame 1403637247.7883189
Dropping frame 1403637247.888319
Dropping frame 1403637247.9883189
Dropping frame 1403637248.138319
Dropping frame 1403637248.388319
Dropping frame 1403637248.5883191
Dropping frame 1403637248.688319
Dropping frame 1403637248.7883189
Dropping frame 1403637249.138319
Dropping frame 1403637249.3383191
Dropping frame 1403637249.5883191
Dropping frame 1403637249.688319
Dropping frame 1403637249.888319
Dropping frame 1403637250.0883191
Dropping frame 1403637250.188319
Dropping frame 1403637250.3383191
Dropping frame 1403637250.7383192
Dropping frame 1403637251.138319
Dropping frame 1403637251.3383191
Dropping frame 1403637251.4383192
Dropping frame 1403637251.5383191
Dropping frame 1403637251.7383192
Dropping frame 1403637251.9383192
Dropping frame 1403637252.0383191
Dropping frame 1403637252.138319
Dropping frame 1403637252.2383192
Dropping frame 1403637252.4383192
Dropping frame 1403637252.5383191
Dropping frame 1403637252.638319
Dropping frame 1403637252.8383191
Dropping frame 1403637252.9383192
Dropping frame 1403637253.0383191
Dropping frame 1403637253.2383192
Dropping frame 1403637253.4383192
Dropping frame 1403637253.5383191
Dropping frame 1403637253.638319
Dropping frame 1403637253.7383192
Dropping frame 1403637253.9383192
Dropping frame 1403637254.138319
Dropping frame 1403637254.2383192
Dropping frame 1403637254.3383191
Dropping frame 1403637254.4383192
Dropping frame 1403637254.638319
Dropping frame 1403637254.7383192
Dropping frame 1403637254.8383191
Dropping frame 1403637255.0383191
Dropping frame 1403637255.2383192
Dropping frame 1403637255.4383192
Dropping frame 1403637255.5383191
Dropping frame 1403637255.638319
Dropping frame 1403637255.8383191
Dropping frame 1403637255.9383192
Dropping frame 1403637256.138319
Dropping frame 1403637256.2883189
Dropping frame 1403637256.4883189
Dropping frame 1403637256.688319
Dropping frame 1403637256.888319
Dropping frame 1403637256.9883189
Dropping frame 1403637257.0883191
Dropping frame 1403637257.2883189
Dropping frame 1403637257.4883189
Dropping frame 1403637257.688319
Dropping frame 1403637257.7883189
Dropping frame 1403637257.888319
Dropping frame 1403637258.0883191
Dropping frame 1403637258.188319
Dropping frame 1403637258.2883189
Dropping frame 1403637258.4883189
Dropping frame 1403637258.5883191
Dropping frame 1403637258.688319
Dropping frame 1403637258.888319
Dropping frame 1403637259.0883191
Dropping frame 1403637259.2883189
Dropping frame 1403637259.388319
Dropping frame 1403637259.5883191
Dropping frame 1403637259.7883189
Dropping frame 1403637259.888319
Dropping frame 1403637259.9883189
Dropping frame 1403637260.188319
Dropping frame 1403637260.388319
Dropping frame 1403637260.4883189
Dropping frame 1403637260.5883191
Dropping frame 1403637260.7883189
Dropping frame 1403637260.9883189
Dropping frame 1403637261.188319
Dropping frame 1403637261.388319
Dropping frame 1403637261.4883189
Dropping frame 1403637261.5883191
Dropping frame 1403637261.7883189
Dropping frame 1403637261.9883189
Dropping frame 1403637262.188319
Dropping frame 1403637262.2883189
Fail to track local map!
Dropping frame 1403637262.388319
Fail to track local map!
Fail to track local map!
Fail to track local map!
Dropping frame 1403637262.5883191
Fail to track local map!
Fail to track local map!
Fail to track local map!
Dropping frame 1403637262.7883189
Fail to track local map!
Fail to track local map!
Fail to track local map!
Dropping frame 1403637262.9883189
Fail to track local map!
Dropping frame 1403637263.0883191
Fail to track local map!
Dropping frame 1403637263.188319
Fail to track local map!
Dropping frame 1403637263.388319
Fail to track local map!
Fail to track local map!
Fail to track local map!
Dropping frame 1403637263.5883191
Fail to track local map!
Fail to track local map!
Fail to track local map!
Dropping frame 1403637263.7883189
Dropping frame 1403637263.888319
Fail to track local map!
Dropping frame 1403637263.9883189
Fail to track local map!
Fail to track local map!
Fail to track local map!
Dropping frame 1403637264.188319
Fail to track local map!
Dropping frame 1403637264.388319
Dropping frame 1403637264.688319
Dropping frame 1403637264.888319
Dropping frame 1403637265.0883191
Dropping frame 1403637265.2883189
Dropping frame 1403637265.388319
Dropping frame 1403637265.4883189
Shutdown
SLAM Finished at System Time: 1740895797.65263

 TIME STATS in ms (mean$\pm$std)
OpenCV version: 4.8.1
---------------------------
Tracking

ORB Extraction: 22.068$\pm$2.9258
Stereo Matching: 8.0035$\pm$1.9947
IMU Preintegration: 0.24817$\pm$0.10305
Pose Prediction: 0.76707$\pm$1.8707
LM Track: 19.443$\pm$6.8451
New KF decision: 0.38629$\pm$0.40923
Total Tracking: 30.74$\pm$28.278



Local Mapping

KF Insertion: 15.441$\pm$5.7584
MP Culling: 0.58207$\pm$0.26628
MP Creation: 43.212$\pm$18.577
LBA: 153.86$\pm$65.933
KF Culling: 15.103$\pm$10.617
Total Local Mapping: 226.23$\pm$93.381
---------------------------

LBA complexity (mean$\pm$std)
LBA Edges: 1613.5$\pm$549.17
LBA KF optimized: 6.5$\pm$2.2913
LBA KF fixed: 1$\pm$0
LBA MP: nan$\pm$nan

LBA executions: 458
LBA aborts: 0
---------------------------

Map complexity
KFs in map: 148
MPs in map: 10793
---------------------------

Place Recognition (mean$\pm$std)
Database Query: 2.0462$\pm$1.0866
SE3 estimation: 25.977$\pm$16.765
Total Place Recognition: 21.248$\pm$19.441


Loop Closing (mean$\pm$std)
Loop Fusion: nan$\pm$nan
Essential Graph: nan$\pm$nan
Total Loop Closing: nan$\pm$nan

Num exec: 0
Number of KFs: nan$\pm$nan

Map Merging (mean$\pm$std)
Merge Maps: nan$\pm$nan
Welding BA: nan$\pm$nan
Optimization Ess.: nan$\pm$nan
Total Map Merging: nan$\pm$nan

Num exec: 0
Number of KFs: nan$\pm$nan
Number of MPs: nan$\pm$nan

Full GBA (mean$\pm$std)
GBA: nan$\pm$nan
Map Update: nan$\pm$nan
Total Full GBA: nan$\pm$nan

Num exec: 0
Num abort: 0
Number of KFs: nan$\pm$nan
Number of MPs: nan$\pm$nan

Saving trajectory to f_dataset-MH03_stereo_imu.txt ...
There are 1 maps in the atlas
  Map 0 has 148 KFs

End of saving trajectory to f_dataset-MH03_stereo_imu.txt ...

Saving keyframe trajectory to kf_dataset-MH03_stereo_imu.txt ...
