num_seq = 1
file name: dataset-MH02_stereo_imu
Loading images for sequence 0...LOADED!
Loading IMU for sequence 0...LOADED!

-------

ORB-SLAM3 Copyright (C) 2017-2020 Carlos Campos, Richard Elvira, Juan J. Gómez, José M.M. Montiel and Juan D. Tardós, University of Zaragoza.
ORB-SLAM2 Copyright (C) 2014-2016 Raúl Mur-Artal, José M.M. Montiel and Juan D. Tardós, University of Zaragoza.
This program comes with ABSOLUTELY NO WARRANTY;
This is free software, and you are welcome to redistribute it
under certain conditions. See LICENSE.txt.

Built with REGISTER_TIMES
Git Commit Hash: 2d47524

Build Type: Release

Compiled with C++ version: 201703

Input sensor was set to: Stereo-Inertial
Loading settings from EuRoC_fov_deadlines_mask_9x9.yaml
	-Loaded camera 1
	-Loaded camera 2
	-Loaded image info
	-Loaded IMU calibration
	-Loaded ORB settings
	-Loaded viewer settings
	-Loaded Atlas settings
Deadlines enabled, will skip frames!
FOV enabled
Static mask size: 9x9
Dumping map points enabled
	-Loaded misc parameters
	-Computed rectification maps
----------------------------------
SLAM settings: 
	-Camera 1 parameters (Pinhole): [ 458.65399169921875 457.29598999023438 367.21499633789062 248.375 ]
	-Camera 1 distortion parameters: [  -0.28340810537338257 0.073959067463874817 0.00019359000725671649 1.7618711353861727e-05 ]
	-Camera 2 parameters (Pinhole: [ 457.58700561523438 456.13400268554688 379.99899291992188 255.23800659179688 ]
	-Camera 1 distortion parameters: [  -0.2836836576461792 0.074512839317321777 -0.00010473000293131918 -3.555907096597366e-05 ]
	-Original image size: [ 752 , 480 ]
	-Current image size: [ 752 , 480 ]
	-Camera 1 parameters after rectification: [  456.71499633789062 456.71499633789062 364.52615356445312 257.268798828125 ]
	-Sequence FPS: 20
	-Stereo baseline: 0.11007784307003021
	-Stereo depth threshold : 60
	-Gyro noise: 0.00016999999934341758
	-Accelerometer noise: 0.0020000000949949026
	-Gyro walk: 1.9392999092815444e-05
	-Accelerometer walk: 0.0030000000260770321
	-IMU frequency: 200
	-Features per image: 1200
	-ORB scale factor: 1.2000000476837158
	-ORB number of scales: 8
	-Initial FAST threshold: 20
	-Min FAST threshold: 7


Loading ORB Vocabulary. This could take a while...
Vocabulary loaded!

Initialization of Atlas from scratch 
Creation of new map with id: 0
Creation of new map with last KF id: 0
Seq. Name: 
There are 1 cameras in the atlas
Camera 0 is pinhole
SLAM Started at System Time: 1742774946.21898
not IMU meas
not IMU meas
not enough acceleration
not enough acceleration
not enough acceleration
not enough acceleration
not enough acceleration
not enough acceleration
First KF:0; Map init KF:0
New Map created with 190 points
Active map: 0
Dropping frame 1403636859.6016665
Dropping frame 1403636859.9516664
Dropping frame 1403636860.3016665
Dropping frame 1403636860.4516664
Dropping frame 1403636860.7516665
Dropping frame 1403636861.1016665
Dropping frame 1403636861.4516664
Dropping frame 1403636861.8516665
Dropping frame 1403636862.1516664
Dropping frame 1403636862.3516665
Dropping frame 1403636862.5016665
Dropping frame 1403636862.7016666
Dropping frame 1403636862.9516664
Dropping frame 1403636863.3516665
Dropping frame 1403636863.7016666
Dropping frame 1403636864.0016665
Dropping frame 1403636864.3016665
Dropping frame 1403636864.5516665
start VIBA 1
Dropping frame 1403636864.6516664
end VIBA 1
Dropping frame 1403636864.7516665
Dropping frame 1403636864.9016666
Dropping frame 1403636865.0516665
Dropping frame 1403636865.2516665
Dropping frame 1403636865.4016666
Dropping frame 1403636866.1016665
Dropping frame 1403636866.2516665
Dropping frame 1403636866.5516665
Dropping frame 1403636866.6516664
Dropping frame 1403636866.7516665
Dropping frame 1403636867.3016665
Dropping frame 1403636867.4016666
Dropping frame 1403636867.6016665
Dropping frame 1403636867.8516665
Dropping frame 1403636868.1516664
Dropping frame 1403636868.5016665
Dropping frame 1403636868.7516665
Dropping frame 1403636869.0016665
Dropping frame 1403636869.3016665
Dropping frame 1403636869.4016666
Dropping frame 1403636869.6016665
Dropping frame 1403636869.7516665
Dropping frame 1403636869.9016666
Dropping frame 1403636870.1016665
Dropping frame 1403636870.3016665
Dropping frame 1403636870.5016665
Dropping frame 1403636870.6016665
Dropping frame 1403636871.2016666
Dropping frame 1403636871.4016666
Dropping frame 1403636871.5516665
Dropping frame 1403636872.0516665
Dropping frame 1403636872.6516664
Dropping frame 1403636873.2516665
Dropping frame 1403636873.3516665
Dropping frame 1403636873.7016666
Dropping frame 1403636874.0016665
Dropping frame 1403636874.2016666
Dropping frame 1403636874.5016665
Dropping frame 1403636874.9516664
Dropping frame 1403636875.2516665
start VIBA 2
Dropping frame 1403636875.5516665
end VIBA 2
Dropping frame 1403636875.8516665
Dropping frame 1403636876.1516664
Dropping frame 1403636876.3016665
Dropping frame 1403636876.8016665
Dropping frame 1403636876.9516664
Dropping frame 1403636878.5516665
Dropping frame 1403636878.7016666
Dropping frame 1403636879.0016665
Dropping frame 1403636879.3516665
Dropping frame 1403636879.5516665
Dropping frame 1403636879.6516664
Dropping frame 1403636879.8016665
Dropping frame 1403636880.5016665
Dropping frame 1403636880.7516665
Dropping frame 1403636880.9016666
Dropping frame 1403636881.2016666
Dropping frame 1403636881.8016665
Dropping frame 1403636882.1516664
Dropping frame 1403636884.2016666
Dropping frame 1403636886.1016665
Dropping frame 1403636886.5016665
Dropping frame 1403636886.8016665
Dropping frame 1403636887.0516665
Dropping frame 1403636887.4516664
Dropping frame 1403636887.7516665
Dropping frame 1403636888.2516665
Dropping frame 1403636888.5516665
Dropping frame 1403636888.6516664
Dropping frame 1403636888.9516664
Dropping frame 1403636889.2016666
Dropping frame 1403636889.3516665
Dropping frame 1403636889.8016665
Dropping frame 1403636889.9016666
Dropping frame 1403636890.1516664
Dropping frame 1403636890.4516664
Dropping frame 1403636890.7016666
Dropping frame 1403636891.0016665
Dropping frame 1403636891.3516665
Dropping frame 1403636891.6516664
Dropping frame 1403636893.3016665
Dropping frame 1403636895.2016666
Dropping frame 1403636895.3516665
Dropping frame 1403636897.2016666
Dropping frame 1403636899.1516664
Dropping frame 1403636899.8516665
Dropping frame 1403636901.6516664
Dropping frame 1403636903.7016666
Dropping frame 1403636905.0016665
Dropping frame 1403636905.9516664
Dropping frame 1403636907.7016666
Dropping frame 1403636909.4516664
Dropping frame 1403636910.0516665
Dropping frame 1403636910.4016666
Dropping frame 1403636910.6516664
Dropping frame 1403636911.1516664
Dropping frame 1403636911.3016665
Dropping frame 1403636911.4016666
Dropping frame 1403636911.6516664
Dropping frame 1403636911.8016665
Dropping frame 1403636912.0016665
Dropping frame 1403636912.1016665
Dropping frame 1403636912.2516665
Dropping frame 1403636912.4516664
Dropping frame 1403636912.6016665
Dropping frame 1403636912.7016666
Dropping frame 1403636912.8016665
Dropping frame 1403636912.9016666
Dropping frame 1403636913.0516665
Dropping frame 1403636913.2516665
Dropping frame 1403636913.3516665
Dropping frame 1403636913.7016666
Dropping frame 1403636913.9016666
Dropping frame 1403636914.0016665
Dropping frame 1403636914.3016665
Dropping frame 1403636914.4016666
Dropping frame 1403636914.5016665
Dropping frame 1403636914.6516664
Dropping frame 1403636914.7516665
Dropping frame 1403636915.1016665
Dropping frame 1403636915.2516665
Dropping frame 1403636915.3516665
Dropping frame 1403636915.4516664
Dropping frame 1403636915.7016666
Dropping frame 1403636915.8016665
Dropping frame 1403636915.9016666
Dropping frame 1403636916.0016665
Dropping frame 1403636916.1016665
Dropping frame 1403636916.2016666
Dropping frame 1403636916.3016665
Dropping frame 1403636916.4016666
Dropping frame 1403636916.5016665
Dropping frame 1403636916.7016666
Dropping frame 1403636916.8016665
Dropping frame 1403636916.9516664
Dropping frame 1403636917.1016665
Dropping frame 1403636917.2016666
Dropping frame 1403636917.3516665
Dropping frame 1403636917.5516665
Dropping frame 1403636917.6516664
Dropping frame 1403636917.8016665
Dropping frame 1403636918.0016665
Dropping frame 1403636918.1016665
Dropping frame 1403636918.2016666
Dropping frame 1403636918.3016665
Dropping frame 1403636918.4516664
Dropping frame 1403636918.5516665
Dropping frame 1403636918.6516664
Dropping frame 1403636918.8516665
Dropping frame 1403636918.9516664
Dropping frame 1403636919.1016665
Dropping frame 1403636919.4016666
Dropping frame 1403636919.5016665
Dropping frame 1403636919.7516665
Dropping frame 1403636919.9016666
Dropping frame 1403636920.0516665
Dropping frame 1403636920.2516665
Dropping frame 1403636920.3516665
Dropping frame 1403636920.5516665
Dropping frame 1403636920.9016666
Dropping frame 1403636921.4016666
Dropping frame 1403636921.5016665
Dropping frame 1403636921.8516665
Dropping frame 1403636922.0516665
Dropping frame 1403636922.1516664
Dropping frame 1403636922.2516665
Dropping frame 1403636922.5516665
Dropping frame 1403636922.6516664
Dropping frame 1403636922.7516665
Dropping frame 1403636922.9516664
Dropping frame 1403636923.1516664
Dropping frame 1403636923.2516665
Dropping frame 1403636923.4016666
Dropping frame 1403636923.5016665
Dropping frame 1403636923.8016665
Dropping frame 1403636923.9016666
Dropping frame 1403636924.2016666
Dropping frame 1403636924.7516665
Dropping frame 1403636924.9516664
Dropping frame 1403636925.1516664
Dropping frame 1403636925.4516664
Dropping frame 1403636925.5516665
Dropping frame 1403636925.8016665
Dropping frame 1403636925.9016666
Dropping frame 1403636926.0016665
Dropping frame 1403636926.4516664
Dropping frame 1403636926.5516665
Dropping frame 1403636926.7516665
Dropping frame 1403636927.5516665
Dropping frame 1403636927.7516665
Dropping frame 1403636928.1016665
Dropping frame 1403636928.3516665
Dropping frame 1403636928.4516664
Dropping frame 1403636928.5516665
Dropping frame 1403636928.7516665
Dropping frame 1403636928.9516664
Dropping frame 1403636929.2016666
Dropping frame 1403636929.3516665
Dropping frame 1403636929.5516665
Dropping frame 1403636929.6516664
Dropping frame 1403636929.8516665
Dropping frame 1403636930.2016666
Dropping frame 1403636930.4016666
Dropping frame 1403636930.5016665
Dropping frame 1403636930.7016666
Dropping frame 1403636930.8016665
Dropping frame 1403636931.0516665
Dropping frame 1403636931.2516665
Dropping frame 1403636931.4016666
Dropping frame 1403636931.5016665
Dropping frame 1403636931.8016665
Dropping frame 1403636931.9016666
Dropping frame 1403636932.1516664
Dropping frame 1403636932.3516665
Dropping frame 1403636932.6016665
Dropping frame 1403636932.8016665
Dropping frame 1403636933.0016665
Dropping frame 1403636933.2016666
Dropping frame 1403636933.3016665
Dropping frame 1403636933.5016665
Dropping frame 1403636933.7016666
Dropping frame 1403636933.9016666
Dropping frame 1403636934.0016665
Dropping frame 1403636934.2516665
Dropping frame 1403636934.3516665
Dropping frame 1403636934.5516665
Dropping frame 1403636934.7516665
Dropping frame 1403636934.9516664
Dropping frame 1403636935.0516665
Dropping frame 1403636935.2016666
Dropping frame 1403636935.4016666
Dropping frame 1403636935.6016665
Dropping frame 1403636935.8016665
Dropping frame 1403636936.0016665
Dropping frame 1403636936.2016666
Dropping frame 1403636936.4016666
Dropping frame 1403636936.6016665
Dropping frame 1403636936.8016665
Dropping frame 1403636937.0016665
Dropping frame 1403636937.1016665
Dropping frame 1403636937.3516665
Dropping frame 1403636937.5516665
Dropping frame 1403636937.6516664
Dropping frame 1403636937.8516665
Dropping frame 1403636938.1016665
Dropping frame 1403636938.3016665
Dropping frame 1403636938.4016666
Dropping frame 1403636938.6016665
Dropping frame 1403636938.9016666
Dropping frame 1403636939.1016665
Dropping frame 1403636939.2016666
Dropping frame 1403636939.4516664
Dropping frame 1403636939.7016666
Dropping frame 1403636939.9016666
Dropping frame 1403636940.1016665
Dropping frame 1403636940.3016665
Dropping frame 1403636940.4016666
Dropping frame 1403636940.6016665
Dropping frame 1403636940.8016665
Dropping frame 1403636941.0016665
Dropping frame 1403636941.1016665
Dropping frame 1403636941.2016666
Dropping frame 1403636941.4016666
Dropping frame 1403636941.6016665
Dropping frame 1403636941.7016666
Dropping frame 1403636941.9016666
Dropping frame 1403636942.0016665
Dropping frame 1403636942.1016665
Dropping frame 1403636942.2016666
Dropping frame 1403636942.4516664
Dropping frame 1403636942.6516664
Dropping frame 1403636942.7516665
Dropping frame 1403636943.0516665
Dropping frame 1403636943.1516664
Dropping frame 1403636943.3516665
Dropping frame 1403636943.4516664
Dropping frame 1403636943.6516664
Dropping frame 1403636943.7516665
Dropping frame 1403636943.8516665
Dropping frame 1403636944.0516665
Dropping frame 1403636944.2516665
Dropping frame 1403636944.3516665
Dropping frame 1403636944.4516664
Dropping frame 1403636944.6516664
Dropping frame 1403636944.7516665
Dropping frame 1403636944.8516665
Dropping frame 1403636944.9516664
Dropping frame 1403636945.1016665
Dropping frame 1403636945.3016665
Dropping frame 1403636945.4016666
Dropping frame 1403636945.5016665
Dropping frame 1403636945.6016665
Dropping frame 1403636945.7016666
Dropping frame 1403636945.8016665
Dropping frame 1403636945.9016666
Dropping frame 1403636946.3516665
Dropping frame 1403636946.4516664
Dropping frame 1403636946.5516665
Dropping frame 1403636946.6516664
Dropping frame 1403636946.7516665
Dropping frame 1403636946.8516665
Dropping frame 1403636947.0516665
Dropping frame 1403636947.1516664
Dropping frame 1403636947.2516665
Dropping frame 1403636947.4516664
Dropping frame 1403636947.6516664
Dropping frame 1403636947.8516665
Dropping frame 1403636947.9516664
Dropping frame 1403636948.1016665
Dropping frame 1403636948.3516665
Dropping frame 1403636948.5516665
Dropping frame 1403636948.7516665
Dropping frame 1403636948.8516665
Dropping frame 1403636948.9516664
Dropping frame 1403636949.1516664
Dropping frame 1403636949.2516665
Dropping frame 1403636949.5016665
Dropping frame 1403636949.7016666
Dropping frame 1403636949.8016665
Dropping frame 1403636950.0016665
Dropping frame 1403636950.2016666
Dropping frame 1403636950.3016665
Dropping frame 1403636950.4016666
Dropping frame 1403636950.5016665
Dropping frame 1403636950.6016665
Dropping frame 1403636950.8016665
Dropping frame 1403636951.0016665
Dropping frame 1403636951.1016665
Dropping frame 1403636951.2016666
Dropping frame 1403636951.3016665
Dropping frame 1403636951.5516665
Dropping frame 1403636951.6516664
Dropping frame 1403636951.8016665
Dropping frame 1403636951.9016666
Dropping frame 1403636952.0516665
Dropping frame 1403636952.1516664
Dropping frame 1403636952.2516665
Dropping frame 1403636952.5016665
Dropping frame 1403636952.6016665
Dropping frame 1403636952.7016666
Dropping frame 1403636952.9016666
Dropping frame 1403636953.0016665
Dropping frame 1403636953.1016665
Dropping frame 1403636953.3016665
Dropping frame 1403636953.4516664
Dropping frame 1403636953.5516665
Dropping frame 1403636953.6516664
Dropping frame 1403636953.8516665
Dropping frame 1403636954.0516665
Dropping frame 1403636954.1516664
Dropping frame 1403636954.2516665
Dropping frame 1403636954.3516665
Dropping frame 1403636954.5516665
Dropping frame 1403636954.7516665
Dropping frame 1403636954.9516664
Dropping frame 1403636955.0516665
Dropping frame 1403636955.2016666
Dropping frame 1403636955.3516665
Dropping frame 1403636955.4516664
Dropping frame 1403636955.5516665
Dropping frame 1403636955.7516665
Dropping frame 1403636955.9516664
Dropping frame 1403636956.0516665
Dropping frame 1403636956.1516664
Dropping frame 1403636956.3516665
Dropping frame 1403636956.5516665
Dropping frame 1403636956.7016666
Dropping frame 1403636957.0516665
Dropping frame 1403636957.4516664
Dropping frame 1403636957.5516665
Dropping frame 1403636958.1516664
Dropping frame 1403636958.2516665
Dropping frame 1403636958.7016666
Dropping frame 1403636958.9516664
Dropping frame 1403636959.0516665
Dropping frame 1403636959.2516665
Dropping frame 1403636959.4016666
Dropping frame 1403636959.6016665
Dropping frame 1403636959.7016666
Dropping frame 1403636959.8016665
Dropping frame 1403636959.9016666
Dropping frame 1403636960.1016665
Dropping frame 1403636960.2016666
Dropping frame 1403636960.4016666
Dropping frame 1403636960.5516665
Dropping frame 1403636960.7516665
Dropping frame 1403636960.9516664
Dropping frame 1403636961.0516665
Dropping frame 1403636961.1516664
Dropping frame 1403636961.3516665
Dropping frame 1403636961.4516664
Dropping frame 1403636961.8516665
Dropping frame 1403636961.9516664
Dropping frame 1403636962.2016666
Dropping frame 1403636962.4016666
Dropping frame 1403636962.5016665
Dropping frame 1403636962.9016666
Dropping frame 1403636963.0016665
Dropping frame 1403636963.3016665
Dropping frame 1403636963.4016666
Dropping frame 1403636963.5016665
Dropping frame 1403636963.9016666
Dropping frame 1403636964.1016665
Dropping frame 1403636964.5016665
Dropping frame 1403636964.7016666
Dropping frame 1403636964.8016665
Dropping frame 1403636964.9016666
Dropping frame 1403636965.1516664
Dropping frame 1403636965.3016665
Dropping frame 1403636965.5016665
Dropping frame 1403636965.6016665
Dropping frame 1403636965.7016666
Dropping frame 1403636965.9516664
Dropping frame 1403636966.0516665
Dropping frame 1403636966.3016665
Dropping frame 1403636966.4016666
Dropping frame 1403636966.6516664
Dropping frame 1403636966.7516665
Dropping frame 1403636966.8516665
Dropping frame 1403636967.0516665
Dropping frame 1403636967.5016665
Dropping frame 1403636967.6016665
Dropping frame 1403636967.7016666
Dropping frame 1403636967.9016666
Dropping frame 1403636968.0016665
Dropping frame 1403636968.1016665
Dropping frame 1403636968.3016665
Dropping frame 1403636968.5016665
Dropping frame 1403636968.6016665
Dropping frame 1403636968.7516665
Dropping frame 1403636968.9516664
Dropping frame 1403636969.1516664
Dropping frame 1403636969.4516664
Dropping frame 1403636969.5516665
Dropping frame 1403636969.8516665
Dropping frame 1403636970.1016665
Dropping frame 1403636970.3516665
Dropping frame 1403636970.5516665
Dropping frame 1403636970.6516664
Dropping frame 1403636970.7516665
Dropping frame 1403636970.9516664
Dropping frame 1403636971.0516665
Dropping frame 1403636971.3016665
Dropping frame 1403636971.6016665
Dropping frame 1403636971.9516664
Dropping frame 1403636972.2016666
Dropping frame 1403636972.3516665
Dropping frame 1403636972.5516665
Dropping frame 1403636972.6516664
Dropping frame 1403636972.9016666
Dropping frame 1403636973.0016665
Dropping frame 1403636973.2516665
Dropping frame 1403636973.3516665
Dropping frame 1403636973.4516664
Dropping frame 1403636973.6516664
Dropping frame 1403636974.1516664
Dropping frame 1403636974.2516665
Dropping frame 1403636974.5016665
Dropping frame 1403636974.9516664
Dropping frame 1403636975.0516665
Dropping frame 1403636975.3516665
Dropping frame 1403636975.4516664
Dropping frame 1403636975.8516665
Dropping frame 1403636975.9516664
Dropping frame 1403636976.0516665
Dropping frame 1403636976.2516665
Dropping frame 1403636976.4516664
Dropping frame 1403636976.7016666
Dropping frame 1403636976.8516665
Dropping frame 1403636977.0516665
Dropping frame 1403636977.2516665
Dropping frame 1403636977.3516665
Dropping frame 1403636977.4516664
Dropping frame 1403636977.7016666
Dropping frame 1403636977.8016665
Dropping frame 1403636978.1016665
Dropping frame 1403636978.2016666
Dropping frame 1403636978.4516664
Dropping frame 1403636978.5516665
Dropping frame 1403636978.6516664
Dropping frame 1403636978.8516665
Dropping frame 1403636979.3516665
Dropping frame 1403636980.1016665
Dropping frame 1403636980.3016665
Dropping frame 1403636980.7516665
Dropping frame 1403636981.0516665
Dropping frame 1403636981.2516665
Dropping frame 1403636981.3516665
Dropping frame 1403636981.7516665
Dropping frame 1403636981.9516664
Dropping frame 1403636982.3016665
Dropping frame 1403636982.5516665
Dropping frame 1403636982.8016665
Dropping frame 1403636983.0016665
Dropping frame 1403636983.2516665
Dropping frame 1403636983.6016665
Dropping frame 1403636983.7016666
Dropping frame 1403636984.1016665
Dropping frame 1403636984.2016666
Dropping frame 1403636984.4516664
Dropping frame 1403636984.6516664
Dropping frame 1403636984.8516665
Dropping frame 1403636985.0016665
Dropping frame 1403636985.2016666
Dropping frame 1403636985.3516665
Dropping frame 1403636985.5516665
Dropping frame 1403636985.7516665
Dropping frame 1403636985.9516664
Dropping frame 1403636986.0516665
Dropping frame 1403636986.1516664
Dropping frame 1403636986.3516665
Dropping frame 1403636986.5516665
Dropping frame 1403636986.7516665
Dropping frame 1403636986.9516664
Dropping frame 1403636987.0516665
Dropping frame 1403636987.2516665
Dropping frame 1403636987.5516665
Dropping frame 1403636987.7516665
Dropping frame 1403636987.9516664
Dropping frame 1403636988.1516664
Dropping frame 1403636988.3516665
Dropping frame 1403636988.5516665
Dropping frame 1403636988.7516665
Dropping frame 1403636988.8516665
Dropping frame 1403636988.9516664
Dropping frame 1403636989.0516665
Dropping frame 1403636989.1516664
Dropping frame 1403636989.2516665
Dropping frame 1403636989.5516665
Dropping frame 1403636989.7516665
Dropping frame 1403636989.9516664
Dropping frame 1403636990.1516664
Dropping frame 1403636990.3516665
Dropping frame 1403636990.5516665
Dropping frame 1403636990.6516664
Dropping frame 1403636990.9016666
Dropping frame 1403636991.1016665
Dropping frame 1403636991.3016665
Dropping frame 1403636991.4016666
Dropping frame 1403636991.5016665
Dropping frame 1403636991.7016666
Dropping frame 1403636991.8016665
Dropping frame 1403636991.9016666
Dropping frame 1403636992.1016665
Dropping frame 1403636992.2016666
Dropping frame 1403636992.3016665
Dropping frame 1403636992.5016665
Dropping frame 1403636992.7016666
Dropping frame 1403636992.8016665
Dropping frame 1403636993.0016665
Dropping frame 1403636993.1016665
Dropping frame 1403636993.2516665
Dropping frame 1403636993.4516664
Dropping frame 1403636993.5516665
Dropping frame 1403636993.6516664
Dropping frame 1403636993.8516665
Dropping frame 1403636993.9516664
Dropping frame 1403636994.2016666
Dropping frame 1403636994.4016666
Dropping frame 1403636994.6016665
Dropping frame 1403636994.7016666
Dropping frame 1403636994.8016665
Dropping frame 1403636995.0016665
Dropping frame 1403636995.2016666
Dropping frame 1403636995.3016665
Dropping frame 1403636995.4516664
Dropping frame 1403636995.6516664
Dropping frame 1403636995.9516664
Dropping frame 1403636996.1516664
Dropping frame 1403636996.3016665
Dropping frame 1403636996.5016665
Dropping frame 1403636996.6016665
Dropping frame 1403636996.8516665
Dropping frame 1403636997.0516665
Dropping frame 1403636997.5516665
Dropping frame 1403636997.6516664
Dropping frame 1403636998.3016665
Dropping frame 1403636998.7516665
Dropping frame 1403636999.1516664
Dropping frame 1403636999.5516665
Dropping frame 1403636999.9516664
Dropping frame 1403637000.3016665
Dropping frame 1403637000.6516664
Dropping frame 1403637000.8516665
Dropping frame 1403637001.3016665
Dropping frame 1403637001.5016665
Dropping frame 1403637001.8016665
Dropping frame 1403637001.9016666
Dropping frame 1403637002.1016665
Dropping frame 1403637002.3016665
Dropping frame 1403637002.5016665
Dropping frame 1403637002.6016665
Dropping frame 1403637002.7016666
Dropping frame 1403637002.9016666
Dropping frame 1403637003.0516665
Dropping frame 1403637003.2516665
Dropping frame 1403637003.4516664
Dropping frame 1403637003.6516664
Dropping frame 1403637003.8516665
Dropping frame 1403637004.1516664
Dropping frame 1403637004.2516665
Dropping frame 1403637004.3516665
Dropping frame 1403637004.5516665
Dropping frame 1403637004.8516665
Dropping frame 1403637005.0516665
Dropping frame 1403637005.1516664
Dropping frame 1403637005.3516665
Dropping frame 1403637005.6016665
Dropping frame 1403637005.8016665
Dropping frame 1403637006.0016665
Dropping frame 1403637006.1016665
Dropping frame 1403637006.3516665
Dropping frame 1403637006.6516664
Dropping frame 1403637006.8516665
Dropping frame 1403637007.0516665
Dropping frame 1403637007.3516665
Dropping frame 1403637007.4516664
Dropping frame 1403637007.7016666
Dropping frame 1403637007.8016665
Dropping frame 1403637008.0016665
Dropping frame 1403637008.1016665
Dropping frame 1403637008.2016666
Dropping frame 1403637009.0016665
Dropping frame 1403637009.2516665
Dropping frame 1403637009.4016666
Dropping frame 1403637009.5016665
Dropping frame 1403637009.7516665
Dropping frame 1403637010.0516665
Dropping frame 1403637010.2516665
Dropping frame 1403637010.3516665
Dropping frame 1403637010.4516664
Shutdown
SLAM Finished at System Time: 1742775130.21075

 TIME STATS in ms (mean$\pm$std)
OpenCV version: 4.8.1
---------------------------
Tracking

ORB Extraction: 19.034$\pm$1.8251
Stereo Matching: 7.2481$\pm$1.9907
IMU Preintegration: 0.25211$\pm$0.096447
Pose Prediction: 0.21686$\pm$0.60879
LM Track: 19.04$\pm$5.4668
New KF decision: 1.2308$\pm$2.3003
Total Tracking: 33.665$\pm$25.6



Local Mapping

KF Insertion: 16.106$\pm$5.6476
MP Culling: 0.53634$\pm$0.21618
MP Creation: 47.918$\pm$16.952
LBA: 150.33$\pm$56.094
KF Culling: 15.688$\pm$10.512
Total Local Mapping: 230.51$\pm$80.226
---------------------------

LBA complexity (mean$\pm$std)
LBA Edges: 1671.6$\pm$568.97
LBA KF optimized: 6.5$\pm$2.2913
LBA KF fixed: 1$\pm$0
LBA MP: nan$\pm$nan

LBA executions: 474
LBA aborts: 0
---------------------------

Map complexity
KFs in map: 129
MPs in map: 10207
---------------------------

Place Recognition (mean$\pm$std)
Database Query: 1.4932$\pm$0.81442
SE3 estimation: 11.4$\pm$15.552
Total Place Recognition: 11.372$\pm$15.618


Loop Closing (mean$\pm$std)
Loop Fusion: nan$\pm$nan
Essential Graph: nan$\pm$nan
Total Loop Closing: nan$\pm$nan

Num exec: 0
Number of KFs: nan$\pm$nan

Map Merging (mean$\pm$std)
Merge Maps: nan$\pm$nan
Welding BA: nan$\pm$nan
Optimization Ess.: nan$\pm$nan
Total Map Merging: nan$\pm$nan

Num exec: 0
Number of KFs: nan$\pm$nan
Number of MPs: nan$\pm$nan

Full GBA (mean$\pm$std)
GBA: nan$\pm$nan
Map Update: nan$\pm$nan
Total Full GBA: nan$\pm$nan

Num exec: 0
Num abort: 0
Number of KFs: nan$\pm$nan
Number of MPs: nan$\pm$nan

Saving trajectory to f_dataset-MH02_stereo_imu.txt ...
There are 1 maps in the atlas
  Map 0 has 129 KFs

End of saving trajectory to f_dataset-MH02_stereo_imu.txt ...

Saving keyframe trajectory to kf_dataset-MH02_stereo_imu.txt ...
