num_seq = 1
file name: dataset-V101_stereo_imu
Loading images for sequence 0...LOADED!
Loading IMU for sequence 0...LOADED!

-------

ORB-SLAM3 Copyright (C) 2017-2020 Carlos Campos, Richard Elvira, Juan J. Gómez, José M.M. Montiel and Juan D. Tardós, University of Zaragoza.
ORB-SLAM2 Copyright (C) 2014-2016 Raúl Mur-Artal, José M.M. Montiel and Juan D. Tardós, University of Zaragoza.
This program comes with ABSOLUTELY NO WARRANTY;
This is free software, and you are welcome to redistribute it
under certain conditions. See LICENSE.txt.

Built with REGISTER_TIMES
Git Commit Hash: 33f00b6

Build Type: Release

Compiled with C++ version: 201703

Input sensor was set to: Stereo-Inertial
Loading settings from EuRoC_fov_deadlines_mask_9x9.yaml
	-Loaded camera 1
	-Loaded camera 2
	-Loaded image info
	-Loaded IMU calibration
	-Loaded ORB settings
	-Loaded viewer settings
	-Loaded Atlas settings
Deadlines enabled, will skip frames!
FOV enabled
Static mask size: 9x9
Dumping map points enabled
	-Loaded misc parameters
	-Computed rectification maps
----------------------------------
SLAM settings: 
	-Camera 1 parameters (Pinhole): [ 458.65399169921875 457.29598999023438 367.21499633789062 248.375 ]
	-Camera 1 distortion parameters: [  -0.28340810537338257 0.073959067463874817 0.00019359000725671649 1.7618711353861727e-05 ]
	-Camera 2 parameters (Pinhole: [ 457.58700561523438 456.13400268554688 379.99899291992188 255.23800659179688 ]
	-Camera 1 distortion parameters: [  -0.2836836576461792 0.074512839317321777 -0.00010473000293131918 -3.555907096597366e-05 ]
	-Original image size: [ 752 , 480 ]
	-Current image size: [ 752 , 480 ]
	-Camera 1 parameters after rectification: [  456.71499633789062 456.71499633789062 364.52615356445312 257.268798828125 ]
	-Sequence FPS: 20
	-Stereo baseline: 0.11007784307003021
	-Stereo depth threshold : 60
	-Gyro noise: 0.00016999999934341758
	-Accelerometer noise: 0.0020000000949949026
	-Gyro walk: 1.9392999092815444e-05
	-Accelerometer walk: 0.0030000000260770321
	-IMU frequency: 200
	-Features per image: 1200
	-ORB scale factor: 1.2000000476837158
	-ORB number of scales: 8
	-Initial FAST threshold: 20
	-Min FAST threshold: 7


Loading ORB Vocabulary. This could take a while...
Vocabulary loaded!

Initialization of Atlas from scratch 
Creation of new map with id: 0
Creation of new map with last KF id: 0
Seq. Name: 
There are 1 cameras in the atlas
Camera 0 is pinhole
SLAM Started at System Time: 1746956883.62594
not IMU meas
not IMU meas
not enough acceleration
not enough acceleration
not enough acceleration
not enough acceleration
not enough acceleration
not enough acceleration
not enough acceleration
not enough acceleration
not enough acceleration
not enough acceleration
not enough acceleration
not enough acceleration
not enough acceleration
not enough acceleration
not enough acceleration
not enough acceleration
not enough acceleration
not enough acceleration
not enough acceleration
not enough acceleration
not enough acceleration
not enough acceleration
not enough acceleration
not enough acceleration
not enough acceleration
not enough acceleration
not enough acceleration
not enough acceleration
not enough acceleration
not enough acceleration
not enough acceleration
not enough acceleration
not enough acceleration
not enough acceleration
not enough acceleration
not enough acceleration
not enough acceleration
not enough acceleration
not enough acceleration
not enough acceleration
not enough acceleration
not enough acceleration
not enough acceleration
not enough acceleration
not enough acceleration
not enough acceleration
not enough acceleration
not enough acceleration
not enough acceleration
not enough acceleration
not enough acceleration
not enough acceleration
not enough acceleration
not enough acceleration
not enough acceleration
not enough acceleration
not enough acceleration
not enough acceleration
not enough acceleration
not enough acceleration
not enough acceleration
not enough acceleration
not enough acceleration
not enough acceleration
not enough acceleration
not enough acceleration
not enough acceleration
not enough acceleration
not enough acceleration
not enough acceleration
not enough acceleration
not enough acceleration
not enough acceleration
not enough acceleration
not enough acceleration
not enough acceleration
not enough acceleration
not enough acceleration
not enough acceleration
not enough acceleration
not enough acceleration
not enough acceleration
not enough acceleration
not enough acceleration
not enough acceleration
not enough acceleration
not enough acceleration
not enough acceleration
not enough acceleration
not enough acceleration
not enough acceleration
not enough acceleration
not enough acceleration
not enough acceleration
not enough acceleration
not enough acceleration
not enough acceleration
not enough acceleration
not enough acceleration
not enough acceleration
not enough acceleration
First KF:0; Map init KF:0
New Map created with 586 points
Active map: 0
Dropping frame 1403715278.4621429
Dropping frame 1403715278.662143
Dropping frame 1403715278.9621429
Dropping frame 1403715279.112143
Dropping frame 1403715279.412143
Dropping frame 1403715279.662143
Dropping frame 1403715279.7621429
Dropping frame 1403715279.862143
Dropping frame 1403715279.9621429
Dropping frame 1403715280.2121432
Dropping frame 1403715280.3121431
Dropping frame 1403715280.412143
Dropping frame 1403715280.5121431
Dropping frame 1403715280.7121432
Dropping frame 1403715280.912143
Dropping frame 1403715281.112143
Dropping frame 1403715281.3121431
Dropping frame 1403715281.412143
Dropping frame 1403715281.5121431
Dropping frame 1403715281.7621429
Dropping frame 1403715281.9621429
Dropping frame 1403715282.162143
Dropping frame 1403715282.362143
Dropping frame 1403715282.4621429
Dropping frame 1403715282.5621431
Dropping frame 1403715282.7621429
Dropping frame 1403715282.862143
Dropping frame 1403715282.9621429
Dropping frame 1403715283.162143
Dropping frame 1403715283.2621429
Dropping frame 1403715283.5121431
Dropping frame 1403715283.612143
start VIBA 1
end VIBA 1
Dropping frame 1403715283.862143
Dropping frame 1403715284.0621431
Dropping frame 1403715284.2621429
Dropping frame 1403715284.362143
Dropping frame 1403715284.4621429
Dropping frame 1403715284.5621431
Dropping frame 1403715284.7621429
Dropping frame 1403715284.862143
Dropping frame 1403715284.9621429
Dropping frame 1403715285.162143
Dropping frame 1403715285.2621429
Dropping frame 1403715285.362143
Dropping frame 1403715285.5621431
Dropping frame 1403715285.7121432
Dropping frame 1403715285.912143
Dropping frame 1403715286.112143
Dropping frame 1403715286.3121431
Dropping frame 1403715286.412143
Dropping frame 1403715286.5121431
Dropping frame 1403715286.7121432
Dropping frame 1403715286.912143
Dropping frame 1403715287.112143
Dropping frame 1403715287.2121432
Dropping frame 1403715287.3121431
Dropping frame 1403715287.5121431
Dropping frame 1403715287.7121432
Dropping frame 1403715287.8121431
Dropping frame 1403715287.912143
Dropping frame 1403715288.0121431
Dropping frame 1403715288.2121432
Dropping frame 1403715288.412143
Dropping frame 1403715288.5121431
Dropping frame 1403715288.612143
Dropping frame 1403715288.7121432
Dropping frame 1403715288.912143
Dropping frame 1403715289.0121431
Dropping frame 1403715289.112143
Dropping frame 1403715289.3121431
Dropping frame 1403715289.412143
Dropping frame 1403715289.5121431
Dropping frame 1403715289.7121432
Dropping frame 1403715289.912143
Dropping frame 1403715290.112143
Dropping frame 1403715290.3121431
Dropping frame 1403715290.412143
Dropping frame 1403715290.5121431
Dropping frame 1403715290.862143
Dropping frame 1403715291.0621431
Dropping frame 1403715291.162143
Dropping frame 1403715291.2621429
Dropping frame 1403715291.4621429
Dropping frame 1403715291.662143
Dropping frame 1403715291.862143
Dropping frame 1403715291.9621429
Dropping frame 1403715292.0621431
Dropping frame 1403715292.2621429
Dropping frame 1403715292.362143
Dropping frame 1403715292.5621431
Dropping frame 1403715292.662143
Dropping frame 1403715292.7621429
Dropping frame 1403715292.9621429
Dropping frame 1403715293.0621431
Dropping frame 1403715293.3121431
Dropping frame 1403715293.412143
Dropping frame 1403715293.5121431
Dropping frame 1403715293.7121432
start VIBA 2
Dropping frame 1403715293.912143
Dropping frame 1403715294.112143
Dropping frame 1403715294.2121432
end VIBA 2
Dropping frame 1403715294.3121431
Dropping frame 1403715294.5121431
Dropping frame 1403715294.612143
Dropping frame 1403715294.7121432
Dropping frame 1403715294.912143
Dropping frame 1403715295.0121431
Dropping frame 1403715295.112143
Dropping frame 1403715295.3121431
Dropping frame 1403715295.5121431
Dropping frame 1403715295.7121432
Dropping frame 1403715295.8121431
Dropping frame 1403715295.912143
Dropping frame 1403715296.112143
Dropping frame 1403715296.2121432
Dropping frame 1403715296.3121431
Dropping frame 1403715296.5121431
Dropping frame 1403715296.7121432
Dropping frame 1403715297.112143
Dropping frame 1403715297.362143
Dropping frame 1403715297.4621429
Dropping frame 1403715297.862143
Dropping frame 1403715298.0621431
Dropping frame 1403715298.2621429
Dropping frame 1403715298.362143
Dropping frame 1403715298.4621429
Dropping frame 1403715298.662143
Dropping frame 1403715298.862143
Dropping frame 1403715299.0621431
Dropping frame 1403715299.162143
Dropping frame 1403715299.2621429
Dropping frame 1403715299.4621429
Dropping frame 1403715299.662143
Dropping frame 1403715299.862143
Dropping frame 1403715299.9621429
Dropping frame 1403715300.0621431
Dropping frame 1403715300.2621429
Dropping frame 1403715300.362143
Dropping frame 1403715300.612143
Dropping frame 1403715300.7121432
Dropping frame 1403715300.8121431
Dropping frame 1403715301.0121431
Dropping frame 1403715301.112143
Dropping frame 1403715301.362143
Dropping frame 1403715301.5621431
Dropping frame 1403715301.7621429
Dropping frame 1403715301.862143
Dropping frame 1403715301.9621429
Dropping frame 1403715302.0621431
Dropping frame 1403715302.162143
Dropping frame 1403715302.2621429
Dropping frame 1403715302.4621429
Dropping frame 1403715302.7621429
Dropping frame 1403715302.9621429
Dropping frame 1403715303.162143
Dropping frame 1403715303.3121431
Dropping frame 1403715303.5121431
Dropping frame 1403715303.612143
Dropping frame 1403715303.7121432
Dropping frame 1403715303.912143
Dropping frame 1403715304.0121431
Dropping frame 1403715304.112143
Dropping frame 1403715304.4621429
Dropping frame 1403715304.662143
Dropping frame 1403715304.7621429
Dropping frame 1403715304.862143
Dropping frame 1403715305.0621431
Dropping frame 1403715305.2621429
Dropping frame 1403715305.5621431
Dropping frame 1403715305.7621429
Dropping frame 1403715305.9621429
Dropping frame 1403715306.0621431
Dropping frame 1403715306.3121431
Dropping frame 1403715306.5121431
Dropping frame 1403715306.612143
Dropping frame 1403715306.912143
Dropping frame 1403715307.112143
Dropping frame 1403715307.3121431
Dropping frame 1403715307.412143
Dropping frame 1403715307.5121431
Dropping frame 1403715307.7121432
Dropping frame 1403715308.0621431
Dropping frame 1403715308.3121431
Dropping frame 1403715308.5121431
Dropping frame 1403715308.7121432
Dropping frame 1403715308.8121431
Dropping frame 1403715308.912143
Dropping frame 1403715309.112143
Dropping frame 1403715309.3121431
Dropping frame 1403715309.5121431
Dropping frame 1403715309.612143
Dropping frame 1403715309.862143
Dropping frame 1403715310.0621431
Dropping frame 1403715310.2621429
Dropping frame 1403715310.362143
Dropping frame 1403715310.612143
Dropping frame 1403715310.7121432
Dropping frame 1403715310.8121431
Dropping frame 1403715311.0621431
Dropping frame 1403715311.3121431
Dropping frame 1403715311.5121431
Dropping frame 1403715311.7121432
Dropping frame 1403715311.8121431
Dropping frame 1403715311.912143
Dropping frame 1403715312.112143
Dropping frame 1403715312.3121431
Dropping frame 1403715312.5121431
Dropping frame 1403715312.612143
Dropping frame 1403715312.7121432
Dropping frame 1403715312.912143
Dropping frame 1403715313.0121431
Dropping frame 1403715313.2621429
Dropping frame 1403715313.362143
Dropping frame 1403715313.4621429
Dropping frame 1403715313.5621431
Dropping frame 1403715313.662143
Dropping frame 1403715313.7621429
Dropping frame 1403715313.862143
Dropping frame 1403715314.5621431
Dropping frame 1403715315.0121431
Dropping frame 1403715315.112143
Dropping frame 1403715315.362143
Dropping frame 1403715315.4621429
Dropping frame 1403715315.5621431
Dropping frame 1403715315.912143
Dropping frame 1403715316.112143
Dropping frame 1403715316.2621429
Dropping frame 1403715316.4621429
Dropping frame 1403715316.5621431
Dropping frame 1403715316.662143
Dropping frame 1403715316.862143
Dropping frame 1403715316.9621429
Dropping frame 1403715317.0621431
Dropping frame 1403715317.2621429
Dropping frame 1403715317.4621429
Dropping frame 1403715317.662143
Dropping frame 1403715317.7621429
Dropping frame 1403715317.862143
Dropping frame 1403715318.0621431
Dropping frame 1403715318.162143
Dropping frame 1403715318.2621429
Dropping frame 1403715318.4621429
Dropping frame 1403715318.5621431
Dropping frame 1403715318.662143
Dropping frame 1403715318.862143
Dropping frame 1403715319.0621431
Dropping frame 1403715319.2621429
Dropping frame 1403715319.5621431
Dropping frame 1403715319.7621429
Dropping frame 1403715319.862143
Dropping frame 1403715320.162143
Dropping frame 1403715320.362143
Dropping frame 1403715320.5621431
Dropping frame 1403715320.662143
Dropping frame 1403715320.7621429
Dropping frame 1403715320.9621429
Dropping frame 1403715321.162143
Dropping frame 1403715321.2621429
Dropping frame 1403715321.362143
Dropping frame 1403715321.4621429
Dropping frame 1403715321.662143
Dropping frame 1403715321.7621429
Dropping frame 1403715321.862143
Dropping frame 1403715322.0621431
Dropping frame 1403715322.162143
Dropping frame 1403715322.2621429
Dropping frame 1403715322.4621429
Dropping frame 1403715322.662143
Dropping frame 1403715322.862143
Dropping frame 1403715323.0621431
Dropping frame 1403715323.2621429
Dropping frame 1403715323.4621429
Dropping frame 1403715323.5621431
Dropping frame 1403715323.662143
Dropping frame 1403715323.862143
Dropping frame 1403715323.9621429
Dropping frame 1403715324.0621431
Dropping frame 1403715324.162143
Dropping frame 1403715324.2621429
Dropping frame 1403715324.4621429
Dropping frame 1403715324.5621431
Dropping frame 1403715324.662143
Dropping frame 1403715324.862143
Dropping frame 1403715324.9621429
Dropping frame 1403715325.0621431
Dropping frame 1403715325.2621429
Dropping frame 1403715325.362143
Dropping frame 1403715325.5621431
Dropping frame 1403715325.662143
Dropping frame 1403715325.7621429
Dropping frame 1403715325.9621429
Dropping frame 1403715326.162143
Dropping frame 1403715326.612143
Dropping frame 1403715326.8121431
Dropping frame 1403715327.0121431
Dropping frame 1403715327.112143
Dropping frame 1403715327.5121431
Dropping frame 1403715327.612143
Dropping frame 1403715328.0121431
Dropping frame 1403715328.2121432
Dropping frame 1403715328.3121431
Dropping frame 1403715328.412143
Dropping frame 1403715328.612143
Dropping frame 1403715328.912143
Dropping frame 1403715329.0121431
Dropping frame 1403715329.112143
Dropping frame 1403715329.2121432
Dropping frame 1403715329.3121431
Dropping frame 1403715329.5121431
Dropping frame 1403715329.612143
Dropping frame 1403715329.862143
Dropping frame 1403715329.9621429
Dropping frame 1403715330.0621431
Dropping frame 1403715330.2621429
Dropping frame 1403715330.4621429
Dropping frame 1403715330.5621431
Dropping frame 1403715330.662143
Dropping frame 1403715330.912143
Dropping frame 1403715331.0121431
Dropping frame 1403715331.112143
Dropping frame 1403715331.3121431
Dropping frame 1403715331.5121431
Dropping frame 1403715331.662143
Dropping frame 1403715331.7621429
Dropping frame 1403715331.862143
Dropping frame 1403715332.0621431
Dropping frame 1403715332.362143
Dropping frame 1403715332.4621429
Dropping frame 1403715332.5621431
Dropping frame 1403715332.7621429
Dropping frame 1403715332.9621429
Dropping frame 1403715333.162143
Dropping frame 1403715333.2621429
Dropping frame 1403715333.362143
Dropping frame 1403715333.5621431
Dropping frame 1403715333.662143
Dropping frame 1403715333.7621429
Dropping frame 1403715333.862143
Dropping frame 1403715334.162143
Dropping frame 1403715334.2621429
Dropping frame 1403715334.362143
Dropping frame 1403715334.612143
Dropping frame 1403715334.7121432
Dropping frame 1403715334.8121431
Dropping frame 1403715335.0121431
Dropping frame 1403715335.112143
Dropping frame 1403715335.2121432
Dropping frame 1403715335.412143
Dropping frame 1403715335.612143
Dropping frame 1403715335.8121431
Dropping frame 1403715335.912143
Dropping frame 1403715336.0121431
Dropping frame 1403715336.2121432
Dropping frame 1403715336.3121431
Dropping frame 1403715336.412143
Dropping frame 1403715336.612143
Dropping frame 1403715336.7121432
Dropping frame 1403715336.8121431
Dropping frame 1403715337.0121431
Dropping frame 1403715337.2121432
Dropping frame 1403715337.3121431
Dropping frame 1403715337.412143
Dropping frame 1403715337.5121431
Dropping frame 1403715337.7121432
Dropping frame 1403715337.8121431
Dropping frame 1403715337.912143
Dropping frame 1403715338.112143
Dropping frame 1403715338.2121432
Dropping frame 1403715338.3121431
Dropping frame 1403715338.5121431
Dropping frame 1403715338.7121432
Dropping frame 1403715338.8121431
Dropping frame 1403715338.9621429
Dropping frame 1403715339.162143
Dropping frame 1403715339.362143
Dropping frame 1403715339.5621431
Dropping frame 1403715339.662143
Dropping frame 1403715339.7621429
Dropping frame 1403715339.862143
Dropping frame 1403715340.0621431
Dropping frame 1403715340.162143
Dropping frame 1403715340.2621429
Dropping frame 1403715340.5121431
Dropping frame 1403715340.612143
Dropping frame 1403715340.7121432
Dropping frame 1403715340.912143
Dropping frame 1403715341.0121431
Dropping frame 1403715341.112143
Dropping frame 1403715341.3121431
Dropping frame 1403715341.5121431
Dropping frame 1403715341.7121432
Dropping frame 1403715341.8121431
Dropping frame 1403715341.912143
Dropping frame 1403715342.112143
Dropping frame 1403715342.2121432
Dropping frame 1403715342.3121431
Dropping frame 1403715342.5121431
Dropping frame 1403715342.8121431
Dropping frame 1403715343.0121431
Dropping frame 1403715343.2621429
Dropping frame 1403715343.662143
Dropping frame 1403715344.0121431
Dropping frame 1403715344.2121432
Dropping frame 1403715344.412143
Dropping frame 1403715344.612143
Dropping frame 1403715344.8121431
Dropping frame 1403715345.162143
Dropping frame 1403715345.2621429
Dropping frame 1403715345.5621431
Dropping frame 1403715346.0621431
Dropping frame 1403715346.2621429
Dropping frame 1403715346.662143
Dropping frame 1403715346.862143
Dropping frame 1403715347.0621431
Dropping frame 1403715347.5621431
Dropping frame 1403715348.0121431
Dropping frame 1403715348.362143
Dropping frame 1403715348.8121431
Dropping frame 1403715349.162143
Dropping frame 1403715349.3121431
Dropping frame 1403715349.5121431
Dropping frame 1403715349.7121432
Dropping frame 1403715349.912143
Dropping frame 1403715350.2121432
Dropping frame 1403715350.3121431
Dropping frame 1403715350.662143
Dropping frame 1403715350.862143
Dropping frame 1403715351.0621431
Dropping frame 1403715351.2621429
Dropping frame 1403715351.362143
Dropping frame 1403715351.4621429
Dropping frame 1403715351.662143
Dropping frame 1403715351.862143
Dropping frame 1403715352.0621431
Dropping frame 1403715352.362143
Dropping frame 1403715352.5621431
Dropping frame 1403715352.7621429
Dropping frame 1403715352.862143
Dropping frame 1403715353.112143
Dropping frame 1403715353.2621429
Dropping frame 1403715353.4621429
Dropping frame 1403715353.5621431
Dropping frame 1403715353.662143
Dropping frame 1403715353.862143
Dropping frame 1403715354.0121431
Dropping frame 1403715354.112143
Dropping frame 1403715354.2121432
Dropping frame 1403715354.412143
Dropping frame 1403715354.5121431
Dropping frame 1403715354.612143
Dropping frame 1403715354.8121431
Dropping frame 1403715355.0121431
Dropping frame 1403715355.112143
Dropping frame 1403715355.2121432
Dropping frame 1403715355.5121431
Dropping frame 1403715355.612143
Dropping frame 1403715355.7121432
Dropping frame 1403715355.912143
Dropping frame 1403715356.0121431
Dropping frame 1403715356.112143
Dropping frame 1403715356.4621429
Dropping frame 1403715356.662143
Dropping frame 1403715356.7621429
Dropping frame 1403715357.0121431
Dropping frame 1403715357.112143
Dropping frame 1403715357.2121432
Dropping frame 1403715357.412143
Dropping frame 1403715357.612143
Dropping frame 1403715357.8121431
Dropping frame 1403715358.0121431
Dropping frame 1403715358.112143
Dropping frame 1403715358.2121432
Dropping frame 1403715358.412143
Dropping frame 1403715358.612143
Dropping frame 1403715358.8121431
Dropping frame 1403715358.912143
Dropping frame 1403715359.162143
Dropping frame 1403715359.362143
Dropping frame 1403715359.5621431
Dropping frame 1403715359.7121432
Dropping frame 1403715359.912143
Dropping frame 1403715360.0121431
Dropping frame 1403715360.3121431
Dropping frame 1403715360.5621431
Dropping frame 1403715360.862143
Dropping frame 1403715360.9621429
Dropping frame 1403715361.2621429
Dropping frame 1403715361.662143
Dropping frame 1403715361.862143
Dropping frame 1403715362.162143
Dropping frame 1403715362.8121431
Dropping frame 1403715362.912143
Dropping frame 1403715363.0121431
Dropping frame 1403715363.2121432
Dropping frame 1403715363.412143
Dropping frame 1403715363.612143
Dropping frame 1403715363.7121432
Dropping frame 1403715363.9621429
Dropping frame 1403715364.162143
Dropping frame 1403715364.362143
Dropping frame 1403715364.4621429
Dropping frame 1403715364.5621431
Dropping frame 1403715364.7621429
Dropping frame 1403715364.9621429
Dropping frame 1403715365.0621431
Dropping frame 1403715365.162143
Dropping frame 1403715365.362143
Dropping frame 1403715365.5621431
Dropping frame 1403715365.7621429
Dropping frame 1403715365.862143
Dropping frame 1403715366.112143
Dropping frame 1403715366.2121432
Dropping frame 1403715366.4621429
Dropping frame 1403715366.5621431
Dropping frame 1403715366.662143
Dropping frame 1403715366.9621429
Dropping frame 1403715367.162143
Dropping frame 1403715367.4621429
Dropping frame 1403715367.5621431
Dropping frame 1403715367.662143
Dropping frame 1403715368.0121431
Dropping frame 1403715368.112143
Dropping frame 1403715368.2121432
Dropping frame 1403715368.3121431
Dropping frame 1403715368.662143
Dropping frame 1403715368.862143
Dropping frame 1403715368.9621429
Dropping frame 1403715369.0621431
Dropping frame 1403715369.162143
Dropping frame 1403715369.2621429
Dropping frame 1403715369.5621431
Dropping frame 1403715369.662143
Dropping frame 1403715369.7621429
Dropping frame 1403715369.9621429
Dropping frame 1403715370.162143
Dropping frame 1403715370.362143
Dropping frame 1403715370.4621429
Dropping frame 1403715370.5621431
Dropping frame 1403715370.7621429
Dropping frame 1403715370.862143
Dropping frame 1403715370.9621429
Dropping frame 1403715371.0621431
Dropping frame 1403715371.3121431
Dropping frame 1403715371.5121431
Dropping frame 1403715371.7121432
Dropping frame 1403715371.912143
Dropping frame 1403715372.112143
Dropping frame 1403715372.2121432
Dropping frame 1403715372.3121431
Dropping frame 1403715372.5121431
Dropping frame 1403715372.7121432
Dropping frame 1403715372.8121431
Dropping frame 1403715372.912143
Dropping frame 1403715373.0121431
Dropping frame 1403715373.2121432
Dropping frame 1403715373.412143
Dropping frame 1403715373.612143
Dropping frame 1403715373.7121432
Dropping frame 1403715373.8121431
Dropping frame 1403715374.0121431
Dropping frame 1403715374.112143
Dropping frame 1403715374.2121432
Dropping frame 1403715374.412143
Dropping frame 1403715374.612143
Dropping frame 1403715374.8121431
Dropping frame 1403715374.912143
Dropping frame 1403715375.0121431
Dropping frame 1403715375.112143
Dropping frame 1403715375.3121431
Dropping frame 1403715375.5121431
Dropping frame 1403715375.7121432
Dropping frame 1403715375.8121431
Dropping frame 1403715375.912143
Dropping frame 1403715376.112143
Dropping frame 1403715376.2121432
Dropping frame 1403715376.3121431
Dropping frame 1403715376.5121431
Dropping frame 1403715376.612143
Dropping frame 1403715376.8121431
Dropping frame 1403715377.0121431
Dropping frame 1403715377.2121432
Dropping frame 1403715377.3121431
Dropping frame 1403715377.412143
Dropping frame 1403715377.612143
Dropping frame 1403715377.7121432
Dropping frame 1403715377.8121431
Dropping frame 1403715377.912143
Dropping frame 1403715378.0121431
Dropping frame 1403715378.2121432
Dropping frame 1403715378.412143
Dropping frame 1403715378.612143
Dropping frame 1403715378.7121432
Dropping frame 1403715378.8121431
Dropping frame 1403715379.0121431
Dropping frame 1403715379.112143
Dropping frame 1403715379.362143
Dropping frame 1403715379.4621429
Dropping frame 1403715379.5621431
Dropping frame 1403715379.7621429
Dropping frame 1403715379.9621429
Dropping frame 1403715380.162143
Dropping frame 1403715380.2621429
Dropping frame 1403715380.362143
Dropping frame 1403715380.5621431
Dropping frame 1403715380.7621429
Dropping frame 1403715380.9621429
Dropping frame 1403715381.162143
Dropping frame 1403715381.2621429
Dropping frame 1403715381.362143
Dropping frame 1403715381.4621429
Dropping frame 1403715381.5621431
Dropping frame 1403715381.7621429
Dropping frame 1403715381.9621429
Dropping frame 1403715382.2121432
Dropping frame 1403715382.3121431
Dropping frame 1403715382.412143
Dropping frame 1403715382.612143
Dropping frame 1403715382.8121431
Dropping frame 1403715383.0121431
Dropping frame 1403715383.112143
Dropping frame 1403715383.362143
Dropping frame 1403715383.5621431
Dropping frame 1403715383.7621429
Dropping frame 1403715383.862143
Dropping frame 1403715384.112143
Dropping frame 1403715384.412143
Dropping frame 1403715384.5121431
Dropping frame 1403715384.612143
Dropping frame 1403715384.8121431
Dropping frame 1403715385.0121431
Dropping frame 1403715385.2121432
Dropping frame 1403715385.3121431
Dropping frame 1403715385.412143
Dropping frame 1403715385.612143
Dropping frame 1403715385.8121431
Dropping frame 1403715386.0121431
Dropping frame 1403715386.112143
Dropping frame 1403715386.362143
Dropping frame 1403715386.5621431
Dropping frame 1403715386.7621429
Dropping frame 1403715386.912143
Dropping frame 1403715387.112143
Dropping frame 1403715387.2121432
Dropping frame 1403715387.4621429
Dropping frame 1403715387.662143
Dropping frame 1403715387.862143
Dropping frame 1403715388.0621431
Dropping frame 1403715388.162143
Dropping frame 1403715388.2621429
Dropping frame 1403715388.4621429
Dropping frame 1403715388.662143
Dropping frame 1403715388.862143
Dropping frame 1403715388.9621429
Dropping frame 1403715389.0621431
Dropping frame 1403715389.2621429
Dropping frame 1403715389.4621429
Dropping frame 1403715389.662143
Dropping frame 1403715389.7621429
Dropping frame 1403715390.0121431
Dropping frame 1403715390.112143
Dropping frame 1403715390.2121432
Dropping frame 1403715390.412143
Dropping frame 1403715390.612143
Dropping frame 1403715390.7121432
Dropping frame 1403715390.912143
Dropping frame 1403715391.0121431
Dropping frame 1403715391.112143
Dropping frame 1403715391.3121431
Dropping frame 1403715391.412143
Dropping frame 1403715391.5121431
Dropping frame 1403715391.9621429
Dropping frame 1403715392.162143
Dropping frame 1403715392.362143
Dropping frame 1403715392.5621431
Dropping frame 1403715392.662143
Dropping frame 1403715392.7621429
Dropping frame 1403715392.9621429
Dropping frame 1403715393.162143
Dropping frame 1403715393.362143
Dropping frame 1403715393.4621429
Dropping frame 1403715393.5621431
Dropping frame 1403715393.8121431
Dropping frame 1403715394.0121431
Dropping frame 1403715394.2121432
Dropping frame 1403715394.3121431
Dropping frame 1403715394.412143
Dropping frame 1403715394.612143
Dropping frame 1403715394.8121431
Dropping frame 1403715395.0121431
Dropping frame 1403715395.112143
Dropping frame 1403715395.2121432
Dropping frame 1403715395.412143
Dropping frame 1403715395.5121431
Dropping frame 1403715395.7621429
Dropping frame 1403715395.862143
Dropping frame 1403715396.112143
Dropping frame 1403715396.3121431
Dropping frame 1403715396.5121431
Dropping frame 1403715396.612143
Dropping frame 1403715396.7121432
Dropping frame 1403715396.912143
Dropping frame 1403715397.112143
Dropping frame 1403715397.3121431
Dropping frame 1403715397.412143
Dropping frame 1403715397.5121431
Dropping frame 1403715397.7121432
Dropping frame 1403715397.862143
Dropping frame 1403715397.9621429
Dropping frame 1403715398.0621431
Dropping frame 1403715398.2621429
Dropping frame 1403715398.362143
Dropping frame 1403715398.4621429
Dropping frame 1403715398.662143
Dropping frame 1403715398.7621429
Dropping frame 1403715398.862143
Dropping frame 1403715399.112143
Dropping frame 1403715399.2121432
Dropping frame 1403715399.3121431
Dropping frame 1403715399.5621431
Dropping frame 1403715399.7621429
Dropping frame 1403715400.2121432
Dropping frame 1403715400.3121431
Dropping frame 1403715400.412143
Dropping frame 1403715400.612143
Dropping frame 1403715400.7121432
Dropping frame 1403715400.9621429
Dropping frame 1403715401.0621431
Dropping frame 1403715401.162143
Dropping frame 1403715401.362143
Dropping frame 1403715401.4621429
Dropping frame 1403715401.5621431
Dropping frame 1403715401.7621429
Dropping frame 1403715401.862143
Dropping frame 1403715401.9621429
Dropping frame 1403715402.0621431
Dropping frame 1403715402.5121431
Dropping frame 1403715402.612143
Dropping frame 1403715402.7121432
Dropping frame 1403715403.0121431
Dropping frame 1403715403.112143
Dropping frame 1403715403.412143
Dropping frame 1403715403.7121432
Dropping frame 1403715403.8121431
Dropping frame 1403715404.0621431
Dropping frame 1403715404.162143
Dropping frame 1403715404.3121431
Dropping frame 1403715404.412143
Dropping frame 1403715404.5621431
Dropping frame 1403715404.7621429
Dropping frame 1403715404.862143
Dropping frame 1403715404.9621429
Dropping frame 1403715405.162143
Dropping frame 1403715405.2621429
Dropping frame 1403715405.362143
Dropping frame 1403715405.5621431
Dropping frame 1403715405.662143
Dropping frame 1403715405.7621429
Dropping frame 1403715405.912143
Dropping frame 1403715406.0121431
Dropping frame 1403715406.362143
Dropping frame 1403715407.0121431
Dropping frame 1403715407.362143
Dropping frame 1403715407.612143
Dropping frame 1403715407.7621429
Dropping frame 1403715408.0121431
Dropping frame 1403715408.162143
Dropping frame 1403715408.2621429
Dropping frame 1403715408.412143
Dropping frame 1403715408.612143
Dropping frame 1403715408.7121432
Dropping frame 1403715408.912143
Dropping frame 1403715409.0621431
Dropping frame 1403715409.2621429
Dropping frame 1403715409.362143
Dropping frame 1403715409.4621429
Dropping frame 1403715409.662143
Dropping frame 1403715409.7621429
Dropping frame 1403715409.862143
Dropping frame 1403715410.0621431
Dropping frame 1403715410.162143
Dropping frame 1403715410.2621429
Dropping frame 1403715410.412143
Dropping frame 1403715410.612143
Dropping frame 1403715410.8121431
Dropping frame 1403715410.912143
Dropping frame 1403715411.0121431
Dropping frame 1403715411.112143
Dropping frame 1403715411.2121432
Dropping frame 1403715411.4621429
Dropping frame 1403715411.5621431
Dropping frame 1403715411.662143
Dropping frame 1403715411.862143
Dropping frame 1403715411.9621429
Dropping frame 1403715412.0621431
Dropping frame 1403715412.2621429
Dropping frame 1403715412.362143
Dropping frame 1403715412.4621429
Dropping frame 1403715412.662143
Dropping frame 1403715412.862143
Dropping frame 1403715413.112143
Dropping frame 1403715413.2121432
Dropping frame 1403715413.412143
Dropping frame 1403715413.5121431
Dropping frame 1403715413.612143
Dropping frame 1403715413.8121431
Dropping frame 1403715413.912143
Dropping frame 1403715414.0121431
Dropping frame 1403715414.2121432
Dropping frame 1403715414.362143
Dropping frame 1403715414.662143
Dropping frame 1403715414.7621429
Dropping frame 1403715414.862143
Dropping frame 1403715415.0621431
Dropping frame 1403715415.162143
Dropping frame 1403715415.2621429
Dropping frame 1403715415.4621429
Dropping frame 1403715415.662143
Dropping frame 1403715415.7621429
Dropping frame 1403715415.862143
Dropping frame 1403715415.9621429
Dropping frame 1403715416.162143
Dropping frame 1403715416.2621429
Dropping frame 1403715416.4621429
Dropping frame 1403715416.5621431
Dropping frame 1403715416.662143
Fail to track local map!
Fail to track local map!
Fail to track local map!
Dropping frame 1403715416.862143
Fail to track local map!
Fail to track local map!
Fail to track local map!
Dropping frame 1403715417.0621431
Fail to track local map!
Fail to track local map!
Fail to track local map!
Fail to track local map!
Fail to track local map!
Fail to track local map!
Fail to track local map!
Fail to track local map!
Dropping frame 1403715417.5121431
Fail to track local map!
Dropping frame 1403715417.612143
Fail to track local map!
Fail to track local map!
Fail to track local map!
Dropping frame 1403715417.8121431
Fail to track local map!
Dropping frame 1403715418.0121431
Fail to track local map!
Fail to track local map!
Fail to track local map!
Fail to track local map!
Fail to track local map!
Fail to track local map!
Fail to track local map!
Dropping frame 1403715418.612143
Dropping frame 1403715418.8121431
Shutdown
SLAM Finished at System Time: 1746957060.89377

 TIME STATS in ms (mean$\pm$std)
OpenCV version: 4.8.1
---------------------------
Tracking

ORB Extraction: 17.252$\pm$2.0765
Stereo Matching: 8.4133$\pm$2.3001
IMU Preintegration: 0.23575$\pm$0.076339
Pose Prediction: 0.32825$\pm$1.2794
LM Track: 22.041$\pm$4.8617
New KF decision: 1.7303$\pm$3.2583
Total Tracking: 29.915$\pm$27.552



Local Mapping

KF Insertion: 16.269$\pm$4.6531
MP Culling: 0.73803$\pm$0.23566
MP Creation: 52.132$\pm$15.425
LBA: 183.28$\pm$45.202
KF Culling: 23.067$\pm$11.573
Total Local Mapping: 276.07$\pm$65.344
---------------------------

LBA complexity (mean$\pm$std)
LBA Edges: 3946$\pm$1346.2
LBA KF optimized: 6.5$\pm$2.2913
LBA KF fixed: 1$\pm$0
LBA MP: nan$\pm$nan

LBA executions: 391
LBA aborts: 0
---------------------------

Map complexity
KFs in map: 114
MPs in map: 9425
---------------------------

Place Recognition (mean$\pm$std)
Database Query: 1.4567$\pm$0.70776
SE3 estimation: 14.763$\pm$14.668
Total Place Recognition: 14.732$\pm$15.103


Loop Closing (mean$\pm$std)
Loop Fusion: nan$\pm$nan
Essential Graph: nan$\pm$nan
Total Loop Closing: nan$\pm$nan

Num exec: 0
Number of KFs: nan$\pm$nan

Map Merging (mean$\pm$std)
Merge Maps: nan$\pm$nan
Welding BA: nan$\pm$nan
Optimization Ess.: nan$\pm$nan
Total Map Merging: nan$\pm$nan

Num exec: 0
Number of KFs: nan$\pm$nan
Number of MPs: nan$\pm$nan

Full GBA (mean$\pm$std)
GBA: nan$\pm$nan
Map Update: nan$\pm$nan
Total Full GBA: nan$\pm$nan

Num exec: 0
Num abort: 0
Number of KFs: nan$\pm$nan
Number of MPs: nan$\pm$nan

Saving trajectory to f_dataset-V101_stereo_imu.txt ...
There are 1 maps in the atlas
  Map 0 has 114 KFs

End of saving trajectory to f_dataset-V101_stereo_imu.txt ...

Saving keyframe trajectory to kf_dataset-V101_stereo_imu.txt ...
