num_seq = 1
file name: dataset-MH05_stereo_imu
Loading images for sequence 0...LOADED!
Loading IMU for sequence 0...LOADED!

-------

ORB-SLAM3 Copyright (C) 2017-2020 Carlos Campos, Richard Elvira, Juan J. Gómez, José M.M. Montiel and Juan D. Tardós, University of Zaragoza.
ORB-SLAM2 Copyright (C) 2014-2016 Raúl Mur-Artal, José M.M. Montiel and Juan D. Tardós, University of Zaragoza.
This program comes with ABSOLUTELY NO WARRANTY;
This is free software, and you are welcome to redistribute it
under certain conditions. See LICENSE.txt.

Built with REGISTER_TIMES
Git Commit Hash: 2d47524

Build Type: Release

Compiled with C++ version: 201703

Input sensor was set to: Stereo-Inertial
Loading settings from EuRoC_fov_deadlines_mask_4x4.yaml
	-Loaded camera 1
	-Loaded camera 2
	-Loaded image info
	-Loaded IMU calibration
	-Loaded ORB settings
	-Loaded viewer settings
	-Loaded Atlas settings
Deadlines enabled, will skip frames!
FOV enabled
Static mask size: 4x4
Dumping map points enabled
	-Loaded misc parameters
	-Computed rectification maps
----------------------------------
SLAM settings: 
	-Camera 1 parameters (Pinhole): [ 458.65399169921875 457.29598999023438 367.21499633789062 248.375 ]
	-Camera 1 distortion parameters: [  -0.28340810537338257 0.073959067463874817 0.00019359000725671649 1.7618711353861727e-05 ]
	-Camera 2 parameters (Pinhole: [ 457.58700561523438 456.13400268554688 379.99899291992188 255.23800659179688 ]
	-Camera 1 distortion parameters: [  -0.2836836576461792 0.074512839317321777 -0.00010473000293131918 -3.555907096597366e-05 ]
	-Original image size: [ 752 , 480 ]
	-Current image size: [ 752 , 480 ]
	-Camera 1 parameters after rectification: [  456.71499633789062 456.71499633789062 364.52615356445312 257.268798828125 ]
	-Sequence FPS: 20
	-Stereo baseline: 0.11007784307003021
	-Stereo depth threshold : 60
	-Gyro noise: 0.00016999999934341758
	-Accelerometer noise: 0.0020000000949949026
	-Gyro walk: 1.9392999092815444e-05
	-Accelerometer walk: 0.0030000000260770321
	-IMU frequency: 200
	-Features per image: 1200
	-ORB scale factor: 1.2000000476837158
	-ORB number of scales: 8
	-Initial FAST threshold: 20
	-Min FAST threshold: 7


Loading ORB Vocabulary. This could take a while...
Vocabulary loaded!

Initialization of Atlas from scratch 
Creation of new map with id: 0
Creation of new map with last KF id: 0
Seq. Name: 
There are 1 cameras in the atlas
Camera 0 is pinhole
SLAM Started at System Time: 1740768809.35618
not IMU meas
not IMU meas
not enough acceleration
not enough acceleration
not enough acceleration
not enough acceleration
not enough acceleration
not enough acceleration
not enough acceleration
not enough acceleration
not enough acceleration
not enough acceleration
not enough acceleration
not enough acceleration
not enough acceleration
not enough acceleration
not enough acceleration
not enough acceleration
not enough acceleration
not enough acceleration
not enough acceleration
not enough acceleration
not enough acceleration
not enough acceleration
not enough acceleration
not enough acceleration
not enough acceleration
not enough acceleration
not enough acceleration
not enough acceleration
not enough acceleration
not enough acceleration
not enough acceleration
not enough acceleration
not enough acceleration
not enough acceleration
not enough acceleration
not enough acceleration
not enough acceleration
not enough acceleration
not enough acceleration
not enough acceleration
not enough acceleration
not enough acceleration
not enough acceleration
not enough acceleration
not enough acceleration
not enough acceleration
not enough acceleration
not enough acceleration
not enough acceleration
not enough acceleration
not enough acceleration
not enough acceleration
not enough acceleration
not enough acceleration
not enough acceleration
not enough acceleration
not enough acceleration
not enough acceleration
not enough acceleration
not enough acceleration
not enough acceleration
not enough acceleration
not enough acceleration
not enough acceleration
not enough acceleration
not enough acceleration
not enough acceleration
not enough acceleration
not enough acceleration
not enough acceleration
not enough acceleration
not enough acceleration
not enough acceleration
not enough acceleration
not enough acceleration
not enough acceleration
not enough acceleration
not enough acceleration
First KF:0; Map init KF:0
New Map created with 82 points
Active map: 0
Dropping frame 1403638522.9778295
Dropping frame 1403638523.2278295
Dropping frame 1403638523.5278294
Dropping frame 1403638523.9278295
Dropping frame 1403638525.7278295
start VIBA 1
end VIBA 1
Dropping frame 1403638529.4778295
Dropping frame 1403638530.1778293
Not enough motion for initializing. Reseting...
TRACK: Reset map because local mapper set the bad imu flag 
LM: Active map reset recieved
LM: Active map reset, waiting...
LM: Reseting current map in Local Mapping...
LM: End reseting Local Mapping...
LM: Reset free the mutex
LM: Active map reset, Done!!!
mnFirstFrameId = 80
mnInitialFrameId = 0
182 Frames set to lost
not IMU meas
not enough acceleration
not enough acceleration
not enough acceleration
not enough acceleration
not enough acceleration
not enough acceleration
not enough acceleration
not enough acceleration
not enough acceleration
not enough acceleration
not enough acceleration
not enough acceleration
not enough acceleration
not enough acceleration
Dropping frame 1403638532.3278296
not enough acceleration
not enough acceleration
not enough acceleration
not enough acceleration
not enough acceleration
not enough acceleration
not enough acceleration
not enough acceleration
not enough acceleration
not enough acceleration
not enough acceleration
not enough acceleration
not enough acceleration
not enough acceleration
not enough acceleration
not enough acceleration
not enough acceleration
not enough acceleration
not enough acceleration
not enough acceleration
not enough acceleration
not enough acceleration
not enough acceleration
not enough acceleration
not enough acceleration
not enough acceleration
not enough acceleration
not enough acceleration
not enough acceleration
not enough acceleration
not enough acceleration
not enough acceleration
not enough acceleration
not enough acceleration
not enough acceleration
not enough acceleration
not enough acceleration
not enough acceleration
not enough acceleration
not enough acceleration
not enough acceleration
not enough acceleration
not enough acceleration
not enough acceleration
not enough acceleration
not enough acceleration
not enough acceleration
not enough acceleration
not enough acceleration
not enough acceleration
not enough acceleration
not enough acceleration
not enough acceleration
not enough acceleration
not enough acceleration
not enough acceleration
not enough acceleration
not enough acceleration
not enough acceleration
not enough acceleration
not enough acceleration
not enough acceleration
not enough acceleration
not enough acceleration
not enough acceleration
not enough acceleration
not enough acceleration
not enough acceleration
not enough acceleration
not enough acceleration
not enough acceleration
not enough acceleration
not enough acceleration
not enough acceleration
not enough acceleration
not enough acceleration
not enough acceleration
not enough acceleration
not enough acceleration
not enough acceleration
not enough acceleration
not enough acceleration
not enough acceleration
not enough acceleration
not enough acceleration
not enough acceleration
not enough acceleration
not enough acceleration
not enough acceleration
not enough acceleration
not enough acceleration
not enough acceleration
not enough acceleration
not enough acceleration
not enough acceleration
not enough acceleration
not enough acceleration
not enough acceleration
not enough acceleration
not enough acceleration
not enough acceleration
not enough acceleration
not enough acceleration
not enough acceleration
not enough acceleration
not enough acceleration
not enough acceleration
not enough acceleration
not enough acceleration
not enough acceleration
not enough acceleration
not enough acceleration
not enough acceleration
not enough acceleration
not enough acceleration
not enough acceleration
not enough acceleration
not enough acceleration
not enough acceleration
not enough acceleration
not enough acceleration
not enough acceleration
not enough acceleration
not enough acceleration
not enough acceleration
not enough acceleration
not enough acceleration
not enough acceleration
First KF:45; Map init KF:0
New Map created with 113 points
Active map: 0
Dropping frame 1403638541.6278296
Dropping frame 1403638542.1778293
Dropping frame 1403638542.5278294
Dropping frame 1403638542.7278295
Dropping frame 1403638542.8278296
Dropping frame 1403638543.8278296
start VIBA 1
end VIBA 1
Dropping frame 1403638546.2778294
Dropping frame 1403638546.6278296
Dropping frame 1403638547.9278295
Dropping frame 1403638548.2278295
Dropping frame 1403638548.9278295
Dropping frame 1403638549.8278296
Dropping frame 1403638549.9278295
Dropping frame 1403638550.1278296
Dropping frame 1403638550.3278296
Dropping frame 1403638551.1278296
start VIBA 2
Dropping frame 1403638554.5778294
end VIBA 2
Dropping frame 1403638554.8278296
Dropping frame 1403638554.9278295
Dropping frame 1403638555.1778293
Dropping frame 1403638555.5278294
Dropping frame 1403638555.7278295
Dropping frame 1403638556.2778294
Dropping frame 1403638556.8278296
Dropping frame 1403638557.3778293
Dropping frame 1403638557.6278296
Dropping frame 1403638558.3778293
Dropping frame 1403638558.5278294
Dropping frame 1403638558.6778293
Dropping frame 1403638558.9278295
Dropping frame 1403638559.0278294
Dropping frame 1403638559.2778294
Dropping frame 1403638559.3778293
Dropping frame 1403638559.9778295
Dropping frame 1403638560.1278296
Dropping frame 1403638560.2278295
Dropping frame 1403638560.4278295
Dropping frame 1403638560.7778294
Dropping frame 1403638560.8778293
Dropping frame 1403638561.1778293
Dropping frame 1403638561.5278294
Dropping frame 1403638561.6278296
Dropping frame 1403638561.9278295
Dropping frame 1403638562.0278294
Dropping frame 1403638562.2278295
Dropping frame 1403638562.8778293
Dropping frame 1403638562.9778295
Dropping frame 1403638563.1778293
Dropping frame 1403638563.2778294
Dropping frame 1403638563.4778295
Dropping frame 1403638563.6278296
Dropping frame 1403638564.0278294
Dropping frame 1403638564.1278296
Dropping frame 1403638564.4278295
Dropping frame 1403638564.6278296
Dropping frame 1403638564.7278295
Dropping frame 1403638564.8278296
Dropping frame 1403638564.9278295
Dropping frame 1403638565.4778295
Dropping frame 1403638565.8778293
Dropping frame 1403638566.7278295
Dropping frame 1403638567.5278294
Dropping frame 1403638567.7278295
Dropping frame 1403638567.9278295
Dropping frame 1403638568.3278296
Dropping frame 1403638568.6278296
Dropping frame 1403638569.7778294
Dropping frame 1403638569.9778295
Dropping frame 1403638570.2778294
Dropping frame 1403638570.5278294
Dropping frame 1403638571.0278294
Dropping frame 1403638571.2278295
Dropping frame 1403638575.1778293
Dropping frame 1403638575.4278295
Dropping frame 1403638575.7278295
Dropping frame 1403638575.8278296
Dropping frame 1403638576.2778294
Dropping frame 1403638576.4278295
Dropping frame 1403638576.5278294
Dropping frame 1403638576.7778294
Dropping frame 1403638577.1278296
Dropping frame 1403638577.6778293
Dropping frame 1403638578.1278296
Dropping frame 1403638578.4278295
Dropping frame 1403638578.5278294
Dropping frame 1403638578.6778293
Dropping frame 1403638578.9278295
Dropping frame 1403638579.0278294
Dropping frame 1403638579.1278296
Dropping frame 1403638579.3778293
Dropping frame 1403638579.4778295
Dropping frame 1403638580.2778294
Dropping frame 1403638580.9778295
Dropping frame 1403638584.4278295
*Loop detected
phi = -0.0034374050614344414   0.004134342887787034   0.012261752299260704
Local Mapping STOP
Local Mapping RELEASE
Local Mapping STOP
Local Mapping RELEASE
Dropping frame 1403638607.5278294
Dropping frame 1403638612.7278295
Dropping frame 1403638613.8278296
Dropping frame 1403638614.8278296
Dropping frame 1403638615.6778293
Dropping frame 1403638616.3278296
Dropping frame 1403638616.5278294
Dropping frame 1403638616.8278296
Dropping frame 1403638617.0778294
Dropping frame 1403638617.3278296
Dropping frame 1403638617.5278294
Dropping frame 1403638617.8278296
Dropping frame 1403638618.1278296
Dropping frame 1403638618.2278295
Dropping frame 1403638618.3278296
Dropping frame 1403638618.6278296
Dropping frame 1403638618.7278295
Dropping frame 1403638618.9278295
Dropping frame 1403638619.0278294
Dropping frame 1403638619.5278294
Dropping frame 1403638619.8778293
Dropping frame 1403638620.1778293
*Loop detected
phi = 0.0056897235953614752  -0.00101936580107138 -0.036580446224040053
Local Mapping STOP
Dropping frame 1403638620.4778295
Local Mapping RELEASE
Dropping frame 1403638620.9778295
Dropping frame 1403638621.0778294
Dropping frame 1403638621.6278296
Dropping frame 1403638621.8778293
Dropping frame 1403638622.0278294
Dropping frame 1403638622.1278296
Dropping frame 1403638622.4278295
Dropping frame 1403638622.7778294
Dropping frame 1403638624.6778293
Dropping frame 1403638624.7778294
Dropping frame 1403638624.8778293
Dropping frame 1403638625.5778294
Dropping frame 1403638625.6778293
Dropping frame 1403638626.0778294
Dropping frame 1403638626.1778293
Dropping frame 1403638626.3278296
Dropping frame 1403638626.7278295
Dropping frame 1403638630.1278296
Dropping frame 1403638630.4778295
Dropping frame 1403638630.8278296
Dropping frame 1403638630.9278295
Dropping frame 1403638631.2778294
Dropping frame 1403638631.4778295
Dropping frame 1403638631.6778293
Shutdown
SLAM Finished at System Time: 1740768942.40715

 TIME STATS in ms (mean$\pm$std)
OpenCV version: 4.8.1
---------------------------
Tracking

ORB Extraction: 13.223$\pm$2.1449
Stereo Matching: 6.8739$\pm$2.3544
IMU Preintegration: 0.19767$\pm$0.096132
Pose Prediction: 0.38868$\pm$1.2997
LM Track: 15.202$\pm$4.6841
New KF decision: 0.96733$\pm$1.7545
Total Tracking: 34.831$\pm$15.871



Local Mapping

KF Insertion: 9.9465$\pm$4.1159
MP Culling: 0.37719$\pm$0.21906
MP Creation: 32.46$\pm$13.128
LBA: 121.79$\pm$51.561
KF Culling: 8.9188$\pm$6.8121
Total Local Mapping: 173.56$\pm$72.172
---------------------------

LBA complexity (mean$\pm$std)
LBA Edges: 2091.7$\pm$1169.9
LBA KF optimized: 6.5$\pm$2.2913
LBA KF fixed: 1$\pm$0
LBA MP: nan$\pm$nan

LBA executions: 465
LBA aborts: 1
---------------------------

Map complexity
KFs in map: 213
MPs in map: 16403
---------------------------

Place Recognition (mean$\pm$std)
Database Query: 1.3942$\pm$0.86904
SE3 estimation: 20.693$\pm$13.221
Total Place Recognition: 16.982$\pm$15.331


Loop Closing (mean$\pm$std)
Loop Fusion: 94.019$\pm$47.113
Essential Graph: 118.66$\pm$7.4931
Total Loop Closing: 255.25$\pm$64.418

Num exec: 2
Number of KFs: nan$\pm$nan

Map Merging (mean$\pm$std)
Merge Maps: nan$\pm$nan
Welding BA: nan$\pm$nan
Optimization Ess.: nan$\pm$nan
Total Map Merging: nan$\pm$nan

Num exec: 0
Number of KFs: nan$\pm$nan
Number of MPs: nan$\pm$nan

Full GBA (mean$\pm$std)
GBA: 1298.4$\pm$0
Map Update: 68.272$\pm$0
Total Full GBA: 1366.7$\pm$0

Num exec: 1
Num abort: 0
Number of KFs: 160$\pm$0
Number of MPs: 14551$\pm$0

Saving trajectory to f_dataset-MH05_stereo_imu.txt ...
There are 1 maps in the atlas
  Map 0 has 213 KFs

End of saving trajectory to f_dataset-MH05_stereo_imu.txt ...

Saving keyframe trajectory to kf_dataset-MH05_stereo_imu.txt ...
