num_seq = 1
file name: dataset-V203_stereo_imu
Loading images for sequence 0...LOADED!
Loading IMU for sequence 0...LOADED!

-------

ORB-SLAM3 Copyright (C) 2017-2020 Carlos Campos, Richard Elvira, Juan J. Gómez, José M.M. Montiel and Juan D. Tardós, University of Zaragoza.
ORB-SLAM2 Copyright (C) 2014-2016 Raúl Mur-Artal, José M.M. Montiel and Juan D. Tardós, University of Zaragoza.
This program comes with ABSOLUTELY NO WARRANTY;
This is free software, and you are welcome to redistribute it
under certain conditions. See LICENSE.txt.

Built with REGISTER_TIMES
Git Commit Hash: c2409e6

Build Type: Release

Compiled with C++ version: 201703

Input sensor was set to: Stereo-Inertial
Loading settings from ./Examples/Stereo-Inertial/EuRoC_omega_deadlines.yaml
	-Loaded camera 1
	-Loaded camera 2
	-Loaded image info
	-Loaded IMU calibration
	-Loaded ORB settings
	-Loaded viewer settings
	-Loaded Atlas settings
Deadlines enabled, will skip frames!
omegaSLAM enabled!
	-Loaded misc parameters
	-Computed rectification maps
----------------------------------
SLAM settings: 
	-Camera 1 parameters (Pinhole): [ 458.65399169921875 457.29598999023438 367.21499633789062 248.375 ]
	-Camera 1 distortion parameters: [  -0.28340810537338257 0.073959067463874817 0.00019359000725671649 1.7618711353861727e-05 ]
	-Camera 2 parameters (Pinhole: [ 457.58700561523438 456.13400268554688 379.99899291992188 255.23800659179688 ]
	-Camera 1 distortion parameters: [  -0.2836836576461792 0.074512839317321777 -0.00010473000293131918 -3.555907096597366e-05 ]
	-Original image size: [ 752 , 480 ]
	-Current image size: [ 752 , 480 ]
	-Camera 1 parameters after rectification: [  456.71499633789062 456.71499633789062 364.52615356445312 257.268798828125 ]
	-Sequence FPS: 20
	-Stereo baseline: 0.11007784307003021
	-Stereo depth threshold : 60
	-Gyro noise: 0.00016999999934341758
	-Accelerometer noise: 0.0020000000949949026
	-Gyro walk: 1.9392999092815444e-05
	-Accelerometer walk: 0.0030000000260770321
	-IMU frequency: 200
	-Features per image: 1200
	-ORB scale factor: 1.2000000476837158
	-ORB number of scales: 8
	-Initial FAST threshold: 20
	-Min FAST threshold: 7


Loading ORB Vocabulary. This could take a while...
Vocabulary loaded!

Initialization of Atlas from scratch 
Creation of new map with id: 0
Creation of new map with last KF id: 0
Seq. Name: 
There are 1 cameras in the atlas
Camera 0 is pinhole
SLAM Started at System Time: 1748929292.27874
not IMU meas
not IMU meas
not enough acceleration
not enough acceleration
not enough acceleration
not enough acceleration
not enough acceleration
not enough acceleration
not enough acceleration
not enough acceleration
not enough acceleration
not enough acceleration
not enough acceleration
not enough acceleration
not enough acceleration
not enough acceleration
not enough acceleration
not enough acceleration
not enough acceleration
not enough acceleration
not enough acceleration
not enough acceleration
not enough acceleration
not enough acceleration
not enough acceleration
not enough acceleration
not enough acceleration
not enough acceleration
not enough acceleration
not enough acceleration
not enough acceleration
not enough acceleration
not enough acceleration
not enough acceleration
not enough acceleration
not enough acceleration
not enough acceleration
not enough acceleration
not enough acceleration
not enough acceleration
not enough acceleration
not enough acceleration
not enough acceleration
not enough acceleration
not enough acceleration
not enough acceleration
not enough acceleration
not enough acceleration
not enough acceleration
not enough acceleration
not enough acceleration
not enough acceleration
not enough acceleration
not enough acceleration
not enough acceleration
not enough acceleration
not enough acceleration
not enough acceleration
not enough acceleration
not enough acceleration
not enough acceleration
not enough acceleration
not enough acceleration
not enough acceleration
not enough acceleration
not enough acceleration
not enough acceleration
not enough acceleration
not enough acceleration
not enough acceleration
not enough acceleration
not enough acceleration
not enough acceleration
not enough acceleration
not enough acceleration
not enough acceleration
not enough acceleration
not enough acceleration
not enough acceleration
not enough acceleration
not enough acceleration
not enough acceleration
not enough acceleration
not enough acceleration
not enough acceleration
not enough acceleration
not enough acceleration
not enough acceleration
not enough acceleration
not enough acceleration
not enough acceleration
not enough acceleration
not enough acceleration
not enough acceleration
not enough acceleration
not enough acceleration
not enough acceleration
not enough acceleration
not enough acceleration
not enough acceleration
not enough acceleration
not enough acceleration
not enough acceleration
not enough acceleration
not enough acceleration
not enough acceleration
not enough acceleration
not enough acceleration
not enough acceleration
First KF:0; Map init KF:0
New Map created with 423 points
Active map: 0
Dropping frame 1413394887.1557603
Omega SLAM Dropping frame 1413394887.2057605
Omega SLAM Dropping frame 1413394887.2557604
Omega SLAM Dropping frame 1413394887.3057606
Omega SLAM Dropping frame 1413394887.4557605
Omega SLAM Dropping frame 1413394887.5057604
Omega SLAM Dropping frame 1413394887.5557604
Omega SLAM Dropping frame 1413394887.6557603
Omega SLAM Dropping frame 1413394887.7057605
Omega SLAM Dropping frame 1413394887.7557604
Omega SLAM Dropping frame 1413394887.9057605
Omega SLAM Dropping frame 1413394887.9557605
Omega SLAM Dropping frame 1413394888.0057604
Dropping frame 1413394888.1057606
Omega SLAM Dropping frame 1413394888.1557603
Omega SLAM Dropping frame 1413394888.2057605
Omega SLAM Dropping frame 1413394888.2557604
Dropping frame 1413394888.3557603
Omega SLAM Dropping frame 1413394888.4557605
Omega SLAM Dropping frame 1413394888.5057604
Omega SLAM Dropping frame 1413394888.5557604
Omega SLAM Dropping frame 1413394888.7057605
Omega SLAM Dropping frame 1413394888.7557604
Omega SLAM Dropping frame 1413394888.8057606
Dropping frame 1413394888.9057605
Omega SLAM Dropping frame 1413394889.0557604
Omega SLAM Dropping frame 1413394889.1057606
Omega SLAM Dropping frame 1413394889.1557603
Dropping frame 1413394889.3057606
Dropping frame 1413394889.4057605
Dropping frame 1413394889.6557603
Dropping frame 1413394890.0057604
Dropping frame 1413394890.2057605
Dropping frame 1413394890.4557605
Dropping frame 1413394890.5557604
Dropping frame 1413394890.8057606
Dropping frame 1413394891.0057604
Dropping frame 1413394891.1057606
Dropping frame 1413394891.3557603
Omega SLAM Dropping frame 1413394891.4057605
Omega SLAM Dropping frame 1413394891.4557605
Omega SLAM Dropping frame 1413394891.5057604
Dropping frame 1413394891.6057606
Dropping frame 1413394891.8057606
start VIBA 1
Dropping frame 1413394892.3057606
end VIBA 1
Dropping frame 1413394892.6057606
Dropping frame 1413394892.8057606
Dropping frame 1413394892.9057605
Dropping frame 1413394893.1557603
Dropping frame 1413394893.2557604
Dropping frame 1413394893.7057605
Omega SLAM Dropping frame 1413394893.9057605
Omega SLAM Dropping frame 1413394893.9557605
Omega SLAM Dropping frame 1413394894.0057604
Dropping frame 1413394894.4557605
Dropping frame 1413394894.6557603
Dropping frame 1413394894.7557604
Dropping frame 1413394894.8557603
Omega SLAM Dropping frame 1413394895.1057606
Omega SLAM Dropping frame 1413394895.1557603
Omega SLAM Dropping frame 1413394895.2057605
Omega SLAM Dropping frame 1413394895.3557603
Omega SLAM Dropping frame 1413394895.4057605
Omega SLAM Dropping frame 1413394895.4557605
Dropping frame 1413394895.5557604
Omega SLAM Dropping frame 1413394895.7057605
Omega SLAM Dropping frame 1413394895.7557604
Omega SLAM Dropping frame 1413394895.8057606
Dropping frame 1413394895.9557605
Omega SLAM Dropping frame 1413394896.0057604
Omega SLAM Dropping frame 1413394896.0557604
Omega SLAM Dropping frame 1413394896.1057606
Omega SLAM Dropping frame 1413394896.2557604
Omega SLAM Dropping frame 1413394896.3057606
Omega SLAM Dropping frame 1413394896.3557603
Dropping frame 1413394896.5057604
Dropping frame 1413394896.6557603
Omega SLAM Dropping frame 1413394897.1057606
Omega SLAM Dropping frame 1413394897.1557603
Omega SLAM Dropping frame 1413394897.2057605
Dropping frame 1413394897.7057605
Omega SLAM Dropping frame 1413394897.9057605
Omega SLAM Dropping frame 1413394897.9557605
Omega SLAM Dropping frame 1413394898.0057604
Dropping frame 1413394898.1057606
Omega SLAM Dropping frame 1413394898.2557604
Omega SLAM Dropping frame 1413394898.3057606
Omega SLAM Dropping frame 1413394898.3557603
Dropping frame 1413394898.4557605
Dropping frame 1413394898.5557604
Dropping frame 1413394898.6557603
Dropping frame 1413394898.9057605
Dropping frame 1413394899.1057606
Omega SLAM Dropping frame 1413394899.1557603
Omega SLAM Dropping frame 1413394899.2057605
Omega SLAM Dropping frame 1413394899.2557604
Dropping frame 1413394899.3557603
Dropping frame 1413394899.4557605
Dropping frame 1413394899.6057606
Dropping frame 1413394899.7557604
Dropping frame 1413394900.0057604
Dropping frame 1413394900.1057606
Dropping frame 1413394900.4057605
Dropping frame 1413394900.5057604
Dropping frame 1413394901.2557604
Dropping frame 1413394901.4557605
Dropping frame 1413394901.6557603
Dropping frame 1413394901.7557604
Dropping frame 1413394902.1057606
start VIBA 2
Dropping frame 1413394902.4057605
Dropping frame 1413394902.6057606
end VIBA 2
Dropping frame 1413394902.7057605
Dropping frame 1413394902.9557605
Dropping frame 1413394903.6557603
Dropping frame 1413394903.7557604
Dropping frame 1413394904.0057604
Dropping frame 1413394904.1057606
Dropping frame 1413394904.3057606
Dropping frame 1413394904.4057605
Dropping frame 1413394904.6057606
Dropping frame 1413394904.7057605
Dropping frame 1413394904.8057606
Dropping frame 1413394904.9057605
Dropping frame 1413394905.0057604
Dropping frame 1413394905.1057606
Dropping frame 1413394905.2057605
Dropping frame 1413394905.3057606
Dropping frame 1413394905.5557604
Dropping frame 1413394905.6557603
Dropping frame 1413394905.7557604
Dropping frame 1413394905.8557603
Dropping frame 1413394905.9557605
Dropping frame 1413394906.1057606
Dropping frame 1413394906.4057605
Dropping frame 1413394906.5057604
Dropping frame 1413394906.8057606
Dropping frame 1413394907.0057604
Dropping frame 1413394907.6057606
Omega SLAM Dropping frame 1413394908.1557603
Omega SLAM Dropping frame 1413394908.2057605
Omega SLAM Dropping frame 1413394908.2557604
Dropping frame 1413394908.6557603
Dropping frame 1413394909.4057605
Dropping frame 1413394909.5057604
Dropping frame 1413394909.6057606
Dropping frame 1413394909.8557603
Dropping frame 1413394910.0557604
Dropping frame 1413394910.1557603
Dropping frame 1413394910.3057606
Dropping frame 1413394910.5557604
Dropping frame 1413394910.7557604
Dropping frame 1413394910.8557603
Dropping frame 1413394910.9557605
Dropping frame 1413394911.0557604
Dropping frame 1413394911.1557603
Dropping frame 1413394911.2557604
Dropping frame 1413394911.4057605
Dropping frame 1413394911.9057605
Dropping frame 1413394912.0057604
Dropping frame 1413394912.1057606
Dropping frame 1413394912.3057606
Dropping frame 1413394912.4057605
Dropping frame 1413394912.6557603
Dropping frame 1413394912.8557603
Dropping frame 1413394913.0057604
Dropping frame 1413394913.1057606
Omega SLAM Dropping frame 1413394913.2557604
Omega SLAM Dropping frame 1413394913.3057606
Omega SLAM Dropping frame 1413394913.3557603
Dropping frame 1413394913.5557604
Dropping frame 1413394913.7057605
Dropping frame 1413394914.0057604
Dropping frame 1413394914.5057604
Dropping frame 1413394914.8057606
Dropping frame 1413394915.3057606
Dropping frame 1413394915.5057604
Dropping frame 1413394915.6057606
Dropping frame 1413394915.7057605
Dropping frame 1413394915.9557605
Dropping frame 1413394916.1557603
Dropping frame 1413394916.2557604
Dropping frame 1413394916.5057604
Dropping frame 1413394916.7057605
Dropping frame 1413394924.9557605
Dropping frame 1413394925.0557604
Omega SLAM Dropping frame 1413394925.6557603
Omega SLAM Dropping frame 1413394925.7057605
Omega SLAM Dropping frame 1413394925.7557604
Dropping frame 1413394925.8557603
Dropping frame 1413394925.9557605
Dropping frame 1413394926.0557604
Dropping frame 1413394926.2057605
Dropping frame 1413394926.5057604
Dropping frame 1413394926.6057606
Dropping frame 1413394926.8557603
Dropping frame 1413394927.1057606
Dropping frame 1413394927.2557604
Omega SLAM Dropping frame 1413394927.5057604
Omega SLAM Dropping frame 1413394927.5557604
Omega SLAM Dropping frame 1413394927.6057606
Dropping frame 1413394927.7057605
Omega SLAM Dropping frame 1413394927.8057606
Omega SLAM Dropping frame 1413394927.8557603
Omega SLAM Dropping frame 1413394927.9057605
Dropping frame 1413394928.0557604
Omega SLAM Dropping frame 1413394928.1057606
Omega SLAM Dropping frame 1413394928.1557603
Omega SLAM Dropping frame 1413394928.2057605
Dropping frame 1413394928.4057605
Dropping frame 1413394928.5057604
Omega SLAM Dropping frame 1413394928.7557604
Omega SLAM Dropping frame 1413394928.8057606
Omega SLAM Dropping frame 1413394928.8557603
Dropping frame 1413394928.9557605
Dropping frame 1413394929.0557604
Dropping frame 1413394929.1557603
Dropping frame 1413394929.3557603
Dropping frame 1413394929.5557604
Dropping frame 1413394929.6557603
Dropping frame 1413394929.8557603
Omega SLAM Dropping frame 1413394929.9057605
Omega SLAM Dropping frame 1413394929.9557605
Omega SLAM Dropping frame 1413394930.0057604
Dropping frame 1413394930.1057606
Dropping frame 1413394930.2057605
Dropping frame 1413394930.3057606
Dropping frame 1413394930.5057604
Dropping frame 1413394930.6057606
Dropping frame 1413394930.7057605
Dropping frame 1413394930.9057605
Dropping frame 1413394931.1057606
Dropping frame 1413394931.3057606
Omega SLAM Dropping frame 1413394931.4557605
Omega SLAM Dropping frame 1413394931.5057604
Omega SLAM Dropping frame 1413394931.5557604
Dropping frame 1413394931.6557603
Dropping frame 1413394931.8557603
Dropping frame 1413394932.0557604
Dropping frame 1413394932.1557603
Dropping frame 1413394932.3557603
Dropping frame 1413394932.4557605
Dropping frame 1413394932.5557604
Dropping frame 1413394932.6557603
Dropping frame 1413394932.8557603
*Loop detected
phi =  0.0082710405190130967 -0.0041212385396183823  -0.019940318020805647
BAD LOOP!!!
Dropping frame 1413394933.1557603
Dropping frame 1413394933.3557603
Dropping frame 1413394933.5557604
Dropping frame 1413394933.6557603
Dropping frame 1413394933.7557604
Dropping frame 1413394933.9557605
Dropping frame 1413394934.1557603
Dropping frame 1413394934.2557604
Dropping frame 1413394934.5557604
Dropping frame 1413394934.6557603
Dropping frame 1413394934.7557604
Omega SLAM Dropping frame 1413394934.9057605
Omega SLAM Dropping frame 1413394934.9557605
Omega SLAM Dropping frame 1413394935.0057604
Dropping frame 1413394935.1057606
Dropping frame 1413394935.2057605
Dropping frame 1413394935.4057605
Dropping frame 1413394935.6057606
Dropping frame 1413394935.7057605
Omega SLAM Dropping frame 1413394935.8557603
Omega SLAM Dropping frame 1413394935.9057605
Omega SLAM Dropping frame 1413394935.9557605
Dropping frame 1413394936.1057606
Dropping frame 1413394936.2557604
Dropping frame 1413394937.2557604
Dropping frame 1413394937.3557603
Dropping frame 1413394941.1057606
Dropping frame 1413394941.7557604
Dropping frame 1413394941.8557603
Dropping frame 1413394942.0057604
Dropping frame 1413394942.2057605
Dropping frame 1413394942.3057606
Dropping frame 1413394942.4057605
Dropping frame 1413394942.6057606
Dropping frame 1413394942.8057606
Dropping frame 1413394942.9057605
Dropping frame 1413394943.2057605
*Loop detected
phi =   0.01177921443366187  0.019102619508999823 -0.047784261163240839
BAD LOOP!!!
*Loop detected
phi =  0.016707261997555446   0.23031926135803268 -0.019705924516171137
BAD LOOP!!!
Dropping frame 1413394944.0557604
*Loop detected
phi =  0.03068647970146093 -0.29657687348474548 0.068716256095024089
BAD LOOP!!!
Dropping frame 1413394944.1557603
*Loop detected
phi = 0.026118064025290631  0.18730065738511556 -0.37190965345308818
BAD LOOP!!!
*Loop detected
phi =   0.014507328622515742 -0.0060767560066298486  -0.027666163419273963
BAD LOOP!!!
Dropping frame 1413394945.6057606
Dropping frame 1413394945.8057606
Omega SLAM Dropping frame 1413394949.5557604
Omega SLAM Dropping frame 1413394949.6557603
Omega SLAM Dropping frame 1413394949.7557604
Dropping frame 1413394955.9057605
Dropping frame 1413394956.8057606
Dropping frame 1413394956.9057605
*Loop detected
phi =  -0.020830731929985375 0.00027634588790701402  -0.012639632367699688
BAD LOOP!!!
*Loop detected
phi =   -0.03451834948793453 -0.0058906037077193453  -0.014400417442889928
BAD LOOP!!!
Dropping frame 1413394957.5057604
*Loop detected
phi =  -0.024526131090493297 -0.0067743048087653005  -0.011250732860068387
BAD LOOP!!!
*Loop detected
phi = 0.0028699762947469662 -0.020949512198369748 -0.051845145189088039
BAD LOOP!!!
*Loop detected
phi =  0.004982329432619453 0.0077998915300984831  -0.02335765599000859
Local Mapping STOP
Local Mapping RELEASE
Dropping frame 1413394960.6557603
Omega SLAM Dropping frame 1413394961.2057605
Omega SLAM Dropping frame 1413394961.2557604
Omega SLAM Dropping frame 1413394961.3057606
Dropping frame 1413394961.9057605
Dropping frame 1413394962.0057604
Omega SLAM Dropping frame 1413394962.4057605
Omega SLAM Dropping frame 1413394962.4557605
Omega SLAM Dropping frame 1413394962.5057604
Dropping frame 1413394963.0557604
Dropping frame 1413394963.2557604
Omega SLAM Dropping frame 1413394963.3557603
Omega SLAM Dropping frame 1413394963.4057605
Omega SLAM Dropping frame 1413394963.4557605
Dropping frame 1413394963.6057606
Dropping frame 1413394963.8057606
Dropping frame 1413394963.9057605
Dropping frame 1413394964.0057604
Dropping frame 1413394964.2057605
Dropping frame 1413394964.3057606
Dropping frame 1413394964.4557605
Dropping frame 1413394964.5557604
Dropping frame 1413394964.7557604
Dropping frame 1413394964.8557603
Dropping frame 1413394964.9557605
Dropping frame 1413394965.1557603
Dropping frame 1413394965.3057606
Dropping frame 1413394965.5057604
Dropping frame 1413394965.7057605
Dropping frame 1413394965.9057605
Dropping frame 1413394966.0557604
Dropping frame 1413394966.2557604
Dropping frame 1413394966.3557603
Dropping frame 1413394966.6057606
Dropping frame 1413394966.8057606
Dropping frame 1413394966.9057605
Dropping frame 1413394967.0057604
Dropping frame 1413394967.3057606
Dropping frame 1413394967.5057604
Dropping frame 1413394967.7057605
Dropping frame 1413394967.8057606
Dropping frame 1413394968.0557604
Dropping frame 1413394968.2557604
Dropping frame 1413394968.4557605
Dropping frame 1413394968.5557604
Dropping frame 1413394968.6557603
Dropping frame 1413394968.8557603
Dropping frame 1413394968.9557605
Dropping frame 1413394969.0557604
Dropping frame 1413394973.3057606
Dropping frame 1413394973.4057605
Dropping frame 1413394973.5557604
Dropping frame 1413394973.7057605
Dropping frame 1413394973.8057606
Dropping frame 1413394973.9057605
Dropping frame 1413394974.0557604
Dropping frame 1413394974.2057605
Dropping frame 1413394974.3057606
Dropping frame 1413394974.4057605
Dropping frame 1413394974.5057604
Dropping frame 1413394974.6557603
Dropping frame 1413394974.7557604
Dropping frame 1413394974.9057605
Dropping frame 1413394975.1057606
Dropping frame 1413394975.2057605
Dropping frame 1413394975.3057606
Dropping frame 1413394975.5557604
Dropping frame 1413394975.6557603
Dropping frame 1413394975.8057606
Omega SLAM Dropping frame 1413394976.3557603
Omega SLAM Dropping frame 1413394976.4557605
Omega SLAM Dropping frame 1413394976.5057604
Dropping frame 1413394976.8557603
Dropping frame 1413394977.1557603
Dropping frame 1413394978.2057605
Dropping frame 1413394978.3057606
Dropping frame 1413394978.4057605
Omega SLAM Dropping frame 1413394978.4557605
Omega SLAM Dropping frame 1413394978.5057604
Omega SLAM Dropping frame 1413394978.5557604
Dropping frame 1413394978.7557604
Dropping frame 1413394978.8557603
Omega SLAM Dropping frame 1413394979.0057604
Omega SLAM Dropping frame 1413394979.0557604
Omega SLAM Dropping frame 1413394979.1057606
Dropping frame 1413394979.2557604
Dropping frame 1413394979.4557605
Dropping frame 1413394979.5557604
Dropping frame 1413394979.6557603
Dropping frame 1413394979.7557604
Dropping frame 1413394980.0057604
Dropping frame 1413394980.1057606
Dropping frame 1413394980.3057606
Dropping frame 1413394980.4057605
Dropping frame 1413394980.5057604
Dropping frame 1413394980.6057606
Dropping frame 1413394980.7057605
Omega SLAM Dropping frame 1413394980.8557603
Omega SLAM Dropping frame 1413394980.9057605
Omega SLAM Dropping frame 1413394980.9557605
Dropping frame 1413394981.0557604
Dropping frame 1413394981.1557603
Dropping frame 1413394981.2557604
Omega SLAM Dropping frame 1413394981.3557603
Omega SLAM Dropping frame 1413394981.4057605
Omega SLAM Dropping frame 1413394981.4557605
Omega SLAM Dropping frame 1413394981.6057606
Omega SLAM Dropping frame 1413394981.6557603
Omega SLAM Dropping frame 1413394981.7057605
Dropping frame 1413394981.8557603
Dropping frame 1413394982.0557604
Dropping frame 1413394982.1557603
Dropping frame 1413394982.2557604
Dropping frame 1413394982.3557603
Dropping frame 1413394982.5057604
Dropping frame 1413394982.6057606
Dropping frame 1413394982.7557604
Omega SLAM Dropping frame 1413394984.0057604
Omega SLAM Dropping frame 1413394984.1057606
Omega SLAM Dropping frame 1413394984.2057605
Omega SLAM Dropping frame 1413394986.1057606
Omega SLAM Dropping frame 1413394986.2057605
Omega SLAM Dropping frame 1413394986.3057606
Omega SLAM Dropping frame 1413394986.6057606
Omega SLAM Dropping frame 1413394986.7057605
Omega SLAM Dropping frame 1413394986.8057606
Fail to track local map!
Fail to track local map!
Fail to track local map!
Fail to track local map!
Fail to track local map!
Fail to track local map!
Fail to track local map!
Fail to track local map!
Fail to track local map!
Fail to track local map!
Fail to track local map!
Fail to track local map!
Fail to track local map!
Fail to track local map!
Fail to track local map!
Fail to track local map!
Fail to track local map!
Fail to track local map!
Fail to track local map!
Fail to track local map!
Dropping frame 1413394990.1557603
Dropping frame 1413394990.7057605
Dropping frame 1413394990.8057606
Dropping frame 1413394990.9057605
Omega SLAM Dropping frame 1413394990.9557605
Omega SLAM Dropping frame 1413394991.0057604
Omega SLAM Dropping frame 1413394991.0557604
Dropping frame 1413394991.1557603
Dropping frame 1413394991.2557604
Dropping frame 1413394991.7557604
Dropping frame 1413394992.9557605
Dropping frame 1413394993.0557604
Omega SLAM Dropping frame 1413394993.2557604
Omega SLAM Dropping frame 1413394993.3057606
Omega SLAM Dropping frame 1413394993.3557603
Omega SLAM Dropping frame 1413394993.5057604
Omega SLAM Dropping frame 1413394993.5557604
Omega SLAM Dropping frame 1413394993.6057606
Omega SLAM Dropping frame 1413394995.7057605
Omega SLAM Dropping frame 1413394995.8057606
Omega SLAM Dropping frame 1413394995.9057605
Omega SLAM Dropping frame 1413394996.5057604
Omega SLAM Dropping frame 1413394996.6057606
Omega SLAM Dropping frame 1413394996.7057605
Omega SLAM Dropping frame 1413394996.9057605
Omega SLAM Dropping frame 1413394997.0057604
Omega SLAM Dropping frame 1413394997.1057606
Omega SLAM Dropping frame 1413394997.3057606
Omega SLAM Dropping frame 1413394997.4057605
Omega SLAM Dropping frame 1413394997.5057604
Omega SLAM Dropping frame 1413394997.7057605
Omega SLAM Dropping frame 1413394997.8057606
Omega SLAM Dropping frame 1413394997.9057605
Omega SLAM Dropping frame 1413394998.1057606
Omega SLAM Dropping frame 1413394998.2057605
Omega SLAM Dropping frame 1413394998.3057606
Shutdown
SLAM Finished at System Time: 1748929433.93258

 TIME STATS in ms (mean$\pm$std)
OpenCV version: 4.8.1
---------------------------
Tracking

ORB Extraction: 17.882$\pm$1.9321
Stereo Matching: 9.3342$\pm$3.1765
IMU Preintegration: 0.23143$\pm$0.10022
Pose Prediction: 0.25047$\pm$1.0468
LM Track: 17.051$\pm$5.0088
New KF decision: 0.53488$\pm$0.47938
Total Tracking: 32.542$\pm$23.923



Local Mapping

KF Insertion: 11.672$\pm$3.5515
MP Culling: 0.6261$\pm$0.24503
MP Creation: 40.576$\pm$14.668
LBA: 90.394$\pm$34.642
KF Culling: 7.6624$\pm$5.9145
Total Local Mapping: 151.19$\pm$48.786
---------------------------

LBA complexity (mean$\pm$std)
LBA Edges: 2776.8$\pm$773.83
LBA KF optimized: 6.5$\pm$2.2913
LBA KF fixed: 1$\pm$0
LBA MP: nan$\pm$nan

LBA executions: 546
LBA aborts: 0
---------------------------

Map complexity
KFs in map: 251
MPs in map: 12282
---------------------------

Place Recognition (mean$\pm$std)
Database Query: 1.9878$\pm$1.0444
SE3 estimation: 15.729$\pm$12.855
Total Place Recognition: 15.719$\pm$13.818


Loop Closing (mean$\pm$std)
Loop Fusion: 121.68$\pm$0
Essential Graph: 90.036$\pm$0
Total Loop Closing: 245.4$\pm$0

Num exec: 1
Number of KFs: nan$\pm$nan

Map Merging (mean$\pm$std)
Merge Maps: nan$\pm$nan
Welding BA: nan$\pm$nan
Optimization Ess.: nan$\pm$nan
Total Map Merging: nan$\pm$nan

Num exec: 0
Number of KFs: nan$\pm$nan
Number of MPs: nan$\pm$nan

Full GBA (mean$\pm$std)
GBA: nan$\pm$nan
Map Update: nan$\pm$nan
Total Full GBA: nan$\pm$nan

Num exec: 0
Num abort: 0
Number of KFs: nan$\pm$nan
Number of MPs: nan$\pm$nan

Saving trajectory to f_dataset-V203_stereo_imu.txt ...
There are 1 maps in the atlas
  Map 0 has 251 KFs

End of saving trajectory to f_dataset-V203_stereo_imu.txt ...

Saving keyframe trajectory to kf_dataset-V203_stereo_imu.txt ...
