num_seq = 1
file name: dataset-MH02_stereo_imu
Loading images for sequence 0...LOADED!
Loading IMU for sequence 0...LOADED!

-------

ORB-SLAM3 Copyright (C) 2017-2020 Carlos Campos, Richard Elvira, Juan J. Gómez, José M.M. Montiel and Juan D. Tardós, University of Zaragoza.
ORB-SLAM2 Copyright (C) 2014-2016 Raúl Mur-Artal, José M.M. Montiel and Juan D. Tardós, University of Zaragoza.
This program comes with ABSOLUTELY NO WARRANTY;
This is free software, and you are welcome to redistribute it
under certain conditions. See LICENSE.txt.

Built with REGISTER_TIMES
Git Commit Hash: 2d47524

Build Type: Release

Compiled with C++ version: 201703

Input sensor was set to: Stereo-Inertial
Loading settings from EuRoC_fov_deadlines_mask_3x3.yaml
	-Loaded camera 1
	-Loaded camera 2
	-Loaded image info
	-Loaded IMU calibration
	-Loaded ORB settings
	-Loaded viewer settings
	-Loaded Atlas settings
Deadlines enabled, will skip frames!
FOV enabled
Static mask size: 3x3
Dumping map points enabled
	-Loaded misc parameters
	-Computed rectification maps
----------------------------------
SLAM settings: 
	-Camera 1 parameters (Pinhole): [ 458.65399169921875 457.29598999023438 367.21499633789062 248.375 ]
	-Camera 1 distortion parameters: [  -0.28340810537338257 0.073959067463874817 0.00019359000725671649 1.7618711353861727e-05 ]
	-Camera 2 parameters (Pinhole: [ 457.58700561523438 456.13400268554688 379.99899291992188 255.23800659179688 ]
	-Camera 1 distortion parameters: [  -0.2836836576461792 0.074512839317321777 -0.00010473000293131918 -3.555907096597366e-05 ]
	-Original image size: [ 752 , 480 ]
	-Current image size: [ 752 , 480 ]
	-Camera 1 parameters after rectification: [  456.71499633789062 456.71499633789062 364.52615356445312 257.268798828125 ]
	-Sequence FPS: 20
	-Stereo baseline: 0.11007784307003021
	-Stereo depth threshold : 60
	-Gyro noise: 0.00016999999934341758
	-Accelerometer noise: 0.0020000000949949026
	-Gyro walk: 1.9392999092815444e-05
	-Accelerometer walk: 0.0030000000260770321
	-IMU frequency: 200
	-Features per image: 1200
	-ORB scale factor: 1.2000000476837158
	-ORB number of scales: 8
	-Initial FAST threshold: 20
	-Min FAST threshold: 7


Loading ORB Vocabulary. This could take a while...
Vocabulary loaded!

Initialization of Atlas from scratch 
Creation of new map with id: 0
Creation of new map with last KF id: 0
Seq. Name: 
There are 1 cameras in the atlas
Camera 0 is pinhole
SLAM Started at System Time: 1742914727.66453
not IMU meas
not IMU meas
not enough acceleration
not enough acceleration
not enough acceleration
not enough acceleration
not enough acceleration
not enough acceleration
First KF:0; Map init KF:0
New Map created with 90 points
Active map: 0
Fail to track local map!
IMU is not or recently initialized. Reseting active map...
LM: Active map reset recieved
LM: Active map reset, waiting...
LM: Reseting current map in Local Mapping...
LM: End reseting Local Mapping...
LM: Reset free the mutex
LM: Active map reset, Done!!!
mnFirstFrameId = 8
mnInitialFrameId = 0
4 Frames set to lost
not IMU meas
not enough acceleration
not enough acceleration
First KF:1; Map init KF:0
New Map created with 276 points
Active map: 0
Dropping frame 1403636859.7516665
Dropping frame 1403636860.1516664
Dropping frame 1403636860.4516664
Fail to track local map!
IMU is not or recently initialized. Reseting active map...
LM: Active map reset recieved
LM: Active map reset, waiting...
LM: Reseting current map in Local Mapping...
LM: End reseting Local Mapping...
LM: Reset free the mutex
LM: Active map reset, Done!!!
mnFirstFrameId = 15
mnInitialFrameId = 11
39 Frames set to lost
not IMU meas
First KF:9; Map init KF:1
New Map created with 529 points
Active map: 0
Dropping frame 1403636861.6516664
Dropping frame 1403636861.7016666
Dropping frame 1403636861.8516665
Dropping frame 1403636862.1016665
Fail to track local map!
IMU is not or recently initialized. Reseting active map...
LM: Active map reset recieved
LM: Active map reset, waiting...
LM: Reseting current map in Local Mapping...
LM: End reseting Local Mapping...
LM: Reset free the mutex
LM: Active map reset, Done!!!
mnFirstFrameId = 51
mnInitialFrameId = 49
52 Frames set to lost
not IMU meas
not enough acceleration
First KF:12; Map init KF:9
New Map created with 120 points
Active map: 0
Dropping frame 1403636862.4016666
Fail to track local map!
IMU is not or recently initialized. Reseting active map...
LM: Active map reset recieved
LM: Active map reset, waiting...
LM: Reseting current map in Local Mapping...
LM: End reseting Local Mapping...
LM: Reset free the mutex
LM: Active map reset, Done!!!
mnFirstFrameId = 66
mnInitialFrameId = 63
55 Frames set to lost
not IMU meas
not enough acceleration
First KF:13; Map init KF:12
New Map created with 231 points
Active map: 0
Dropping frame 1403636862.6516664
Fail to track local map!
IMU is not or recently initialized. Reseting active map...
LM: Active map reset recieved
LM: Active map reset, waiting...
LM: Reseting current map in Local Mapping...
LM: End reseting Local Mapping...
LM: Reset free the mutex
LM: Active map reset, Done!!!
mnFirstFrameId = 71
mnInitialFrameId = 68
79 Frames set to lost
not IMU meas
not enough acceleration
not enough acceleration
First KF:18; Map init KF:13
New Map created with 146 points
Active map: 0
Dropping frame 1403636864.0516665
Fail to track local map!
IMU is not or recently initialized. Reseting active map...
LM: Active map reset recieved
LM: Active map reset, waiting...
LM: Reseting current map in Local Mapping...
LM: End reseting Local Mapping...
LM: Reset free the mutex
LM: Active map reset, Done!!!
mnFirstFrameId = 98
mnInitialFrameId = 94
83 Frames set to lost
not IMU meas
not enough acceleration
not enough acceleration
First KF:19; Map init KF:18
New Map created with 394 points
Active map: 0
Dropping frame 1403636865.7516665
Dropping frame 1403636867.2016666
Dropping frame 1403636867.5016665
Dropping frame 1403636867.6016665
Not enough motion for initializing. Reseting...
TRACK: Reset map because local mapper set the bad imu flag 
LM: Active map reset recieved
LM: Active map reset, waiting...
LM: Reseting current map in Local Mapping...
LM: End reseting Local Mapping...
LM: Reset free the mutex
LM: Active map reset, Done!!!
mnFirstFrameId = 105
mnInitialFrameId = 101
150 Frames set to lost
not IMU meas
First KF:37; Map init KF:19
New Map created with 168 points
Active map: 0
Fail to track local map!
IMU is not or recently initialized. Reseting active map...
LM: Active map reset recieved
LM: Active map reset, waiting...
LM: Reseting current map in Local Mapping...
LM: End reseting Local Mapping...
LM: Reset free the mutex
LM: Active map reset, Done!!!
mnFirstFrameId = 174
mnInitialFrameId = 172
198 Frames set to lost
not IMU meas
First KF:47; Map init KF:37
New Map created with 242 points
Active map: 0
Not enough motion for initializing. Reseting...
TRACK: Reset map because local mapper set the bad imu flag 
LM: Active map reset recieved
LM: Active map reset, waiting...
LM: Reseting current map in Local Mapping...
LM: End reseting Local Mapping...
LM: Reset free the mutex
LM: Active map reset, Done!!!
mnFirstFrameId = 223
mnInitialFrameId = 221
271 Frames set to lost
not IMU meas
not enough acceleration
First KF:70; Map init KF:47
New Map created with 198 points
Active map: 0
Fail to track local map!
IMU is not or recently initialized. Reseting active map...
LM: Active map reset recieved
LM: Active map reset, waiting...
LM: Reseting current map in Local Mapping...
LM: End reseting Local Mapping...
LM: Reset free the mutex
LM: Active map reset, Done!!!
mnFirstFrameId = 299
mnInitialFrameId = 296
275 Frames set to lost
not IMU meas
not enough acceleration
not enough acceleration
not enough acceleration
First KF:71; Map init KF:70
New Map created with 183 points
Active map: 0
Fail to track local map!
IMU is not or recently initialized. Reseting active map...
LM: Active map reset recieved
LM: Active map reset, waiting...
LM: Reseting current map in Local Mapping...
LM: End reseting Local Mapping...
LM: Reset free the mutex
LM: Active map reset, Done!!!
mnFirstFrameId = 307
mnInitialFrameId = 302
277 Frames set to lost
not enough acceleration
First KF:72; Map init KF:71
New Map created with 146 points
Active map: 0
Fail to track local map!
IMU is not or recently initialized. Reseting active map...
LM: Active map reset recieved
LM: Active map reset, waiting...
LM: Reseting current map in Local Mapping...
LM: End reseting Local Mapping...
LM: Reset free the mutex
LM: Active map reset, Done!!!
mnFirstFrameId = 312
mnInitialFrameId = 308
281 Frames set to lost
not IMU meas
First KF:73; Map init KF:72
New Map created with 153 points
Active map: 0
Fail to track local map!
IMU is not or recently initialized. Reseting active map...
LM: Active map reset recieved
LM: Active map reset, waiting...
LM: Reseting current map in Local Mapping...
LM: End reseting Local Mapping...
LM: Reset free the mutex
LM: Active map reset, Done!!!
mnFirstFrameId = 317
mnInitialFrameId = 315
288 Frames set to lost
not IMU meas
First KF:75; Map init KF:73
New Map created with 144 points
Active map: 0
Dropping frame 1403636875.6516664
Fail to track local map!
IMU is not or recently initialized. Reseting active map...
LM: Active map reset recieved
LM: Active map reset, waiting...
LM: Reseting current map in Local Mapping...
LM: End reseting Local Mapping...
LM: Reset free the mutex
LM: Active map reset, Done!!!
mnFirstFrameId = 325
mnInitialFrameId = 323
290 Frames set to lost
not IMU meas
not enough acceleration
not enough acceleration
First KF:76; Map init KF:75
New Map created with 185 points
Active map: 0
Fail to track local map!
IMU is not or recently initialized. Reseting active map...
LM: Active map reset recieved
LM: Active map reset, waiting...
LM: Reseting current map in Local Mapping...
LM: End reseting Local Mapping...
LM: Reset free the mutex
LM: Active map reset, Done!!!
mnFirstFrameId = 330
mnInitialFrameId = 326
295 Frames set to lost
not IMU meas
not enough acceleration
not enough acceleration
not enough acceleration
not enough acceleration
not enough acceleration
not enough acceleration
First KF:77; Map init KF:76
New Map created with 149 points
Active map: 0
Fail to track local map!
IMU is not or recently initialized. Reseting active map...
LM: Active map reset recieved
LM: Active map reset, waiting...
LM: Reseting current map in Local Mapping...
LM: End reseting Local Mapping...
LM: Reset free the mutex
LM: Active map reset, Done!!!
mnFirstFrameId = 342
mnInitialFrameId = 334
299 Frames set to lost
not IMU meas
First KF:78; Map init KF:77
New Map created with 206 points
Active map: 0
Fail to track local map!
IMU is not or recently initialized. Reseting active map...
LM: Active map reset recieved
LM: Active map reset, waiting...
LM: Reseting current map in Local Mapping...
LM: End reseting Local Mapping...
LM: Reset free the mutex
LM: Active map reset, Done!!!
mnFirstFrameId = 347
mnInitialFrameId = 345
303 Frames set to lost
not IMU meas
not enough acceleration
not enough acceleration
First KF:79; Map init KF:78
New Map created with 229 points
Active map: 0
Fail to track local map!
IMU is not or recently initialized. Reseting active map...
LM: Active map reset recieved
LM: Active map reset, waiting...
LM: Reseting current map in Local Mapping...
LM: End reseting Local Mapping...
LM: Reset free the mutex
LM: Active map reset, Done!!!
mnFirstFrameId = 354
mnInitialFrameId = 350
306 Frames set to lost
not IMU meas
not enough acceleration
not enough acceleration
not enough acceleration
not enough acceleration
not enough acceleration
not enough acceleration
not enough acceleration
not enough acceleration
not enough acceleration
not enough acceleration
not enough acceleration
not enough acceleration
not enough acceleration
not enough acceleration
not enough acceleration
First KF:80; Map init KF:79
New Map created with 109 points
Active map: 0
Fail to track local map!
IMU is not or recently initialized. Reseting active map...
LM: Active map reset recieved
LM: Active map reset, waiting...
LM: Reseting current map in Local Mapping...
LM: End reseting Local Mapping...
LM: Reset free the mutex
LM: Active map reset, Done!!!
mnFirstFrameId = 373
mnInitialFrameId = 356
308 Frames set to lost
not IMU meas
not enough acceleration
First KF:81; Map init KF:80
New Map created with 163 points
Active map: 0
Fail to track local map!
IMU is not or recently initialized. Reseting active map...
LM: Active map reset recieved
LM: Active map reset, waiting...
LM: Reseting current map in Local Mapping...
LM: End reseting Local Mapping...
LM: Reset free the mutex
LM: Active map reset, Done!!!
mnFirstFrameId = 380
mnInitialFrameId = 374
310 Frames set to lost
not IMU meas
First KF:82; Map init KF:81
New Map created with 149 points
Active map: 0
Fail to track local map!
IMU is not or recently initialized. Reseting active map...
LM: Active map reset recieved
LM: Active map reset, waiting...
LM: Reseting current map in Local Mapping...
LM: End reseting Local Mapping...
LM: Reset free the mutex
LM: Active map reset, Done!!!
mnFirstFrameId = 383
mnInitialFrameId = 381
314 Frames set to lost
not IMU meas
not enough acceleration
not enough acceleration
not enough acceleration
First KF:83; Map init KF:82
New Map created with 166 points
Active map: 0
Fail to track local map!
IMU is not or recently initialized. Reseting active map...
LM: Active map reset recieved
LM: Active map reset, waiting...
LM: Reseting current map in Local Mapping...
LM: End reseting Local Mapping...
LM: Reset free the mutex
LM: Active map reset, Done!!!
mnFirstFrameId = 391
mnInitialFrameId = 386
324 Frames set to lost
not IMU meas
First KF:85; Map init KF:83
New Map created with 253 points
Active map: 0
Fail to track local map!
IMU is not or recently initialized. Reseting active map...
LM: Active map reset recieved
LM: Active map reset, waiting...
LM: Reseting current map in Local Mapping...
LM: End reseting Local Mapping...
LM: Reset free the mutex
LM: Active map reset, Done!!!
mnFirstFrameId = 402
mnInitialFrameId = 400
328 Frames set to lost
not IMU meas
not enough acceleration
not enough acceleration
First KF:86; Map init KF:85
New Map created with 211 points
Active map: 0
Fail to track local map!
IMU is not or recently initialized. Reseting active map...
LM: Active map reset recieved
LM: Active map reset, waiting...
LM: Reseting current map in Local Mapping...
LM: End reseting Local Mapping...
LM: Reset free the mutex
LM: Active map reset, Done!!!
mnFirstFrameId = 409
mnInitialFrameId = 405
331 Frames set to lost
not IMU meas
not enough acceleration
not enough acceleration
not enough acceleration
not enough acceleration
not enough acceleration
First KF:87; Map init KF:86
New Map created with 218 points
Active map: 0
Not enough motion for initializing. Reseting...
TRACK: Reset map because local mapper set the bad imu flag 
LM: Reseting current map in Local Mapping...
LM: End reseting Local Mapping...
LM: Reset free the mutex
LM: Active map reset recieved
LM: Active map reset, waiting...
LM: Reseting current map in Local Mapping...
LM: End reseting Local Mapping...
LM: Reset free the mutex
LM: Active map reset, Done!!!
mnFirstFrameId = 418
mnInitialFrameId = 411
408 Frames set to lost
not IMU meas
not enough acceleration
not enough acceleration
not enough acceleration
not enough acceleration
not enough acceleration
not enough acceleration
not enough acceleration
not enough acceleration
not enough acceleration
not enough acceleration
not enough acceleration
not enough acceleration
not enough acceleration
not enough acceleration
not enough acceleration
not enough acceleration
not enough acceleration
not enough acceleration
not enough acceleration
not enough acceleration
not enough acceleration
not enough acceleration
not enough acceleration
not enough acceleration
not enough acceleration
not enough acceleration
not enough acceleration
not enough acceleration
not enough acceleration
not enough acceleration
not enough acceleration
not enough acceleration
not enough acceleration
not enough acceleration
not enough acceleration
not enough acceleration
not enough acceleration
not enough acceleration
not enough acceleration
not enough acceleration
not enough acceleration
not enough acceleration
not enough acceleration
not enough acceleration
not enough acceleration
not enough acceleration
not enough acceleration
not enough acceleration
not enough acceleration
not enough acceleration
not enough acceleration
not enough acceleration
not enough acceleration
not enough acceleration
not enough acceleration
not enough acceleration
not enough acceleration
not enough acceleration
not enough acceleration
not enough acceleration
not enough acceleration
not enough acceleration
not enough acceleration
not enough acceleration
not enough acceleration
not enough acceleration
not enough acceleration
not enough acceleration
not enough acceleration
not enough acceleration
not enough acceleration
not enough acceleration
not enough acceleration
not enough acceleration
not enough acceleration
not enough acceleration
not enough acceleration
not enough acceleration
not enough acceleration
not enough acceleration
not enough acceleration
not enough acceleration
not enough acceleration
not enough acceleration
not enough acceleration
not enough acceleration
not enough acceleration
not enough acceleration
not enough acceleration
not enough acceleration
not enough acceleration
not enough acceleration
not enough acceleration
not enough acceleration
not enough acceleration
not enough acceleration
not enough acceleration
not enough acceleration
not enough acceleration
not enough acceleration
not enough acceleration
not enough acceleration
not enough acceleration
not enough acceleration
not enough acceleration
not enough acceleration
not enough acceleration
not enough acceleration
not enough acceleration
not enough acceleration
not enough acceleration
not enough acceleration
not enough acceleration
not enough acceleration
not enough acceleration
not enough acceleration
not enough acceleration
not enough acceleration
not enough acceleration
not enough acceleration
not enough acceleration
not enough acceleration
not enough acceleration
not enough acceleration
not enough acceleration
not enough acceleration
not enough acceleration
not enough acceleration
not enough acceleration
not enough acceleration
not enough acceleration
not enough acceleration
not enough acceleration
not enough acceleration
not enough acceleration
not enough acceleration
not enough acceleration
not enough acceleration
not enough acceleration
not enough acceleration
not enough acceleration
not enough acceleration
not enough acceleration
not enough acceleration
not enough acceleration
not enough acceleration
not enough acceleration
not enough acceleration
not enough acceleration
not enough acceleration
not enough acceleration
not enough acceleration
not enough acceleration
not enough acceleration
not enough acceleration
not enough acceleration
not enough acceleration
not enough acceleration
not enough acceleration
not enough acceleration
not enough acceleration
not enough acceleration
not enough acceleration
not enough acceleration
not enough acceleration
not enough acceleration
not enough acceleration
not enough acceleration
not enough acceleration
not enough acceleration
not enough acceleration
not enough acceleration
not enough acceleration
not enough acceleration
not enough acceleration
not enough acceleration
not enough acceleration
not enough acceleration
not enough acceleration
not enough acceleration
not enough acceleration
not enough acceleration
not enough acceleration
not enough acceleration
not enough acceleration
not enough acceleration
not enough acceleration
not enough acceleration
not enough acceleration
not enough acceleration
not enough acceleration
not enough acceleration
not enough acceleration
not enough acceleration
not enough acceleration
not enough acceleration
not enough acceleration
not enough acceleration
not enough acceleration
not enough acceleration
not enough acceleration
not enough acceleration
not enough acceleration
not enough acceleration
not enough acceleration
not enough acceleration
not enough acceleration
not enough acceleration
not enough acceleration
not enough acceleration
not enough acceleration
not enough acceleration
not enough acceleration
not enough acceleration
not enough acceleration
not enough acceleration
not enough acceleration
not enough acceleration
not enough acceleration
not enough acceleration
not enough acceleration
not enough acceleration
not enough acceleration
not enough acceleration
not enough acceleration
not enough acceleration
not enough acceleration
not enough acceleration
not enough acceleration
not enough acceleration
not enough acceleration
not enough acceleration
not enough acceleration
not enough acceleration
not enough acceleration
not enough acceleration
not enough acceleration
not enough acceleration
not enough acceleration
not enough acceleration
not enough acceleration
not enough acceleration
not enough acceleration
not enough acceleration
not enough acceleration
not enough acceleration
not enough acceleration
not enough acceleration
not enough acceleration
not enough acceleration
not enough acceleration
not enough acceleration
not enough acceleration
not enough acceleration
not enough acceleration
not enough acceleration
not enough acceleration
not enough acceleration
not enough acceleration
not enough acceleration
First KF:108; Map init KF:87
New Map created with 103 points
Active map: 0
Dropping frame 1403636901.0516665
Dropping frame 1403636902.0516665
Dropping frame 1403636902.4016666
start VIBA 1
end VIBA 1
Dropping frame 1403636902.8516665
Dropping frame 1403636902.9516664
Dropping frame 1403636903.3516665
Dropping frame 1403636903.4516664
Dropping frame 1403636903.9016666
Dropping frame 1403636904.1516664
Dropping frame 1403636904.2516665
Dropping frame 1403636904.6516664
Dropping frame 1403636905.2016666
Dropping frame 1403636905.4016666
Dropping frame 1403636905.6016665
Dropping frame 1403636905.9516664
Dropping frame 1403636906.1516664
Dropping frame 1403636906.7016666
Dropping frame 1403636906.9016666
Dropping frame 1403636907.1016665
Dropping frame 1403636907.3016665
Dropping frame 1403636907.4016666
Dropping frame 1403636907.5016665
Dropping frame 1403636908.0016665
Dropping frame 1403636908.5516665
Dropping frame 1403636909.1016665
Dropping frame 1403636909.2016666
Dropping frame 1403636909.3016665
Dropping frame 1403636909.6516664
Dropping frame 1403636909.8016665
Dropping frame 1403636910.0016665
Dropping frame 1403636910.1016665
Dropping frame 1403636910.7016666
Dropping frame 1403636911.0016665
Dropping frame 1403636911.1016665
Dropping frame 1403636911.6016665
Dropping frame 1403636911.8016665
Dropping frame 1403636912.0016665
Dropping frame 1403636912.6016665
start VIBA 2
Dropping frame 1403636913.1016665
end VIBA 2
Dropping frame 1403636913.3016665
Dropping frame 1403636913.4516664
Dropping frame 1403636914.0016665
Dropping frame 1403636914.2016666
Dropping frame 1403636914.4016666
Dropping frame 1403636914.5016665
Dropping frame 1403636914.9016666
Dropping frame 1403636915.0016665
Dropping frame 1403636915.6016665
Dropping frame 1403636917.8516665
Dropping frame 1403636918.5516665
Dropping frame 1403636919.6016665
Dropping frame 1403636920.5016665
Dropping frame 1403636920.6016665
Dropping frame 1403636920.7016666
Dropping frame 1403636920.9016666
Dropping frame 1403636921.1016665
Dropping frame 1403636921.6016665
Dropping frame 1403636921.8016665
Dropping frame 1403636921.9016666
Dropping frame 1403636922.1016665
Dropping frame 1403636922.6016665
Dropping frame 1403636922.7016666
Dropping frame 1403636925.7516665
Dropping frame 1403636927.8516665
Dropping frame 1403636928.2016666
Dropping frame 1403636928.5016665
Dropping frame 1403636928.6016665
Dropping frame 1403636929.4516664
Dropping frame 1403636929.5516665
Dropping frame 1403636930.0016665
Dropping frame 1403636930.2016666
Dropping frame 1403636930.3016665
Dropping frame 1403636931.0016665
Dropping frame 1403636931.2016666
Dropping frame 1403636932.8016665
Dropping frame 1403636936.4016666
Dropping frame 1403636936.9016666
Dropping frame 1403636937.2516665
Dropping frame 1403636937.4516664
Dropping frame 1403636937.5516665
Dropping frame 1403636938.4516664
Dropping frame 1403636938.6516664
Dropping frame 1403636938.7516665
Dropping frame 1403636939.2516665
Dropping frame 1403636939.7016666
Dropping frame 1403636939.9016666
Dropping frame 1403636940.3516665
Dropping frame 1403636941.0516665
Dropping frame 1403636943.1516664
Dropping frame 1403636943.2516665
Dropping frame 1403636948.6016665
Dropping frame 1403636954.9516664
Dropping frame 1403636957.6016665
Dropping frame 1403636958.0516665
Dropping frame 1403636958.6016665
Dropping frame 1403636959.5016665
Dropping frame 1403636959.6016665
Dropping frame 1403636966.6516664
Dropping frame 1403636968.7516665
Dropping frame 1403636969.1016665
Dropping frame 1403636969.4016666
Dropping frame 1403636970.0516665
Dropping frame 1403636971.0016665
Dropping frame 1403636971.2016666
Dropping frame 1403636974.1516664
Dropping frame 1403636974.5516665
Dropping frame 1403636974.9016666
Dropping frame 1403636975.1016665
Dropping frame 1403636975.3016665
Dropping frame 1403636975.6016665
Dropping frame 1403636977.5016665
Dropping frame 1403636978.0516665
Dropping frame 1403636978.3516665
Dropping frame 1403636978.6516664
Dropping frame 1403636978.8516665
Dropping frame 1403636979.3016665
Dropping frame 1403636979.7516665
Dropping frame 1403636980.2516665
Dropping frame 1403636980.6016665
Dropping frame 1403636981.2516665
Dropping frame 1403636981.3516665
Dropping frame 1403636981.4516664
Dropping frame 1403636981.5516665
Dropping frame 1403636981.6516664
Dropping frame 1403636981.9016666
Dropping frame 1403636982.0016665
Dropping frame 1403636982.1016665
Dropping frame 1403636982.2016666
Dropping frame 1403636982.4516664
Dropping frame 1403636982.5516665
Dropping frame 1403636982.6516664
Dropping frame 1403636982.7516665
Dropping frame 1403636983.3516665
Dropping frame 1403636983.4516664
Dropping frame 1403636984.0516665
Dropping frame 1403636984.5016665
Dropping frame 1403636984.9016666
Dropping frame 1403636986.8516665
Dropping frame 1403636987.2016666
Dropping frame 1403636987.3016665
Dropping frame 1403636987.8516665
Dropping frame 1403636988.0516665
Dropping frame 1403636988.1516664
Dropping frame 1403636988.3016665
Dropping frame 1403636988.6516664
Dropping frame 1403636988.7516665
Dropping frame 1403636989.1516664
Dropping frame 1403636989.2516665
Dropping frame 1403636989.3516665
Dropping frame 1403636989.5516665
Dropping frame 1403636989.7016666
Dropping frame 1403636989.9016666
Dropping frame 1403636990.0016665
Dropping frame 1403636990.1016665
Dropping frame 1403636990.2016666
Dropping frame 1403636990.3016665
Dropping frame 1403636990.5016665
Dropping frame 1403636990.6016665
Dropping frame 1403636990.7016666
Dropping frame 1403636990.8016665
Dropping frame 1403636991.0016665
Dropping frame 1403636992.7016666
Dropping frame 1403636993.2016666
Dropping frame 1403636993.4016666
Dropping frame 1403636993.8016665
Dropping frame 1403636993.9516664
Dropping frame 1403636994.2516665
Dropping frame 1403636994.3516665
Dropping frame 1403636994.6016665
Dropping frame 1403636995.1516664
Dropping frame 1403636995.7516665
Dropping frame 1403636995.9516664
Dropping frame 1403636996.0516665
Dropping frame 1403636996.4016666
Dropping frame 1403636996.5016665
Dropping frame 1403636996.7016666
Dropping frame 1403636996.9516664
Dropping frame 1403636997.0516665
Dropping frame 1403636997.2516665
Dropping frame 1403636997.8016665
Dropping frame 1403636998.0016665
Dropping frame 1403636998.2016666
Dropping frame 1403636998.4016666
Dropping frame 1403636998.6016665
Dropping frame 1403636998.7016666
Dropping frame 1403636998.8016665
Dropping frame 1403636999.0516665
Dropping frame 1403636999.2516665
Dropping frame 1403636999.4516664
Dropping frame 1403636999.6516664
Dropping frame 1403636999.8016665
Dropping frame 1403636999.9016666
Dropping frame 1403637000.1016665
Dropping frame 1403637000.3016665
Dropping frame 1403637000.5016665
Dropping frame 1403637000.7016666
Dropping frame 1403637000.8016665
Dropping frame 1403637000.9016666
Dropping frame 1403637001.5016665
Dropping frame 1403637001.7016666
Dropping frame 1403637001.8016665
Dropping frame 1403637001.9016666
Dropping frame 1403637002.5016665
Dropping frame 1403637002.6016665
Dropping frame 1403637002.7016666
Dropping frame 1403637002.9516664
Dropping frame 1403637003.2516665
Dropping frame 1403637003.3516665
Dropping frame 1403637003.4516664
Dropping frame 1403637003.8016665
Dropping frame 1403637003.9016666
Dropping frame 1403637005.1516664
Dropping frame 1403637005.3516665
Dropping frame 1403637005.7516665
Dropping frame 1403637006.0516665
Dropping frame 1403637006.1516664
Dropping frame 1403637006.2516665
Dropping frame 1403637006.3516665
Dropping frame 1403637006.6516664
Dropping frame 1403637006.8516665
Dropping frame 1403637006.9516664
Dropping frame 1403637007.0516665
Dropping frame 1403637007.1516664
Dropping frame 1403637007.2516665
Dropping frame 1403637007.3516665
Dropping frame 1403637007.7516665
Dropping frame 1403637007.8516665
Dropping frame 1403637008.1016665
Dropping frame 1403637008.3016665
Dropping frame 1403637008.4016666
Dropping frame 1403637008.6016665
Dropping frame 1403637008.7016666
Dropping frame 1403637008.8016665
Dropping frame 1403637008.9016666
Dropping frame 1403637009.2016666
Dropping frame 1403637009.4016666
Dropping frame 1403637009.5016665
Dropping frame 1403637009.6016665
Dropping frame 1403637009.7016666
Dropping frame 1403637010.0516665
Dropping frame 1403637010.2516665
Dropping frame 1403637010.4516664
Dropping frame 1403637010.5516665
Shutdown
SLAM Finished at System Time: 1742914906.50707

 TIME STATS in ms (mean$\pm$std)
OpenCV version: 4.8.1
---------------------------
Tracking

ORB Extraction: 13.038$\pm$1.7408
Stereo Matching: 6.5671$\pm$2.2064
IMU Preintegration: 0.2571$\pm$0.13808
Pose Prediction: 0.72919$\pm$1.7065
LM Track: 16.896$\pm$6.1578
New KF decision: 1.0109$\pm$1.9556
Total Tracking: 34.654$\pm$17.841



Local Mapping

KF Insertion: 11.204$\pm$5.1218
MP Culling: 0.39474$\pm$0.18766
MP Creation: 35.771$\pm$19.816
LBA: 125.14$\pm$62.024
KF Culling: 12.236$\pm$11.166
Total Local Mapping: 177.12$\pm$96.858
---------------------------

LBA complexity (mean$\pm$std)
LBA Edges: 1221.6$\pm$535.74
LBA KF optimized: 5.76$\pm$2.1869
LBA KF fixed: 1.34$\pm$1.1245
LBA MP: nan$\pm$nan

LBA executions: 482
LBA aborts: 0
---------------------------

Map complexity
KFs in map: 161
MPs in map: 13536
---------------------------

Place Recognition (mean$\pm$std)
Database Query: 1.2186$\pm$0.66575
SE3 estimation: 15.031$\pm$13.254
Total Place Recognition: 11.418$\pm$13.587


Loop Closing (mean$\pm$std)
Loop Fusion: nan$\pm$nan
Essential Graph: nan$\pm$nan
Total Loop Closing: nan$\pm$nan

Num exec: 0
Number of KFs: nan$\pm$nan

Map Merging (mean$\pm$std)
Merge Maps: nan$\pm$nan
Welding BA: nan$\pm$nan
Optimization Ess.: nan$\pm$nan
Total Map Merging: nan$\pm$nan

Num exec: 0
Number of KFs: nan$\pm$nan
Number of MPs: nan$\pm$nan

Full GBA (mean$\pm$std)
GBA: nan$\pm$nan
Map Update: nan$\pm$nan
Total Full GBA: nan$\pm$nan

Num exec: 0
Num abort: 0
Number of KFs: nan$\pm$nan
Number of MPs: nan$\pm$nan

Saving trajectory to f_dataset-MH02_stereo_imu.txt ...
There are 1 maps in the atlas
  Map 0 has 161 KFs

End of saving trajectory to f_dataset-MH02_stereo_imu.txt ...

Saving keyframe trajectory to kf_dataset-MH02_stereo_imu.txt ...
