num_seq = 1
file name: dataset-V103_stereo_imu
Loading images for sequence 0...LOADED!
Loading IMU for sequence 0...LOADED!

-------

ORB-SLAM3 Copyright (C) 2017-2020 Carlos Campos, Richard Elvira, Juan J. Gómez, José M.M. Montiel and Juan D. Tardós, University of Zaragoza.
ORB-SLAM2 Copyright (C) 2014-2016 Raúl Mur-Artal, José M.M. Montiel and Juan D. Tardós, University of Zaragoza.
This program comes with ABSOLUTELY NO WARRANTY;
This is free software, and you are welcome to redistribute it
under certain conditions. See LICENSE.txt.

Built with REGISTER_TIMES
Git Commit Hash: 33f00b6

Build Type: Release

Compiled with C++ version: 201703

Input sensor was set to: Stereo-Inertial
Loading settings from EuRoC_fov_deadlines_mask_6x6.yaml
	-Loaded camera 1
	-Loaded camera 2
	-Loaded image info
	-Loaded IMU calibration
	-Loaded ORB settings
	-Loaded viewer settings
	-Loaded Atlas settings
Deadlines enabled, will skip frames!
FOV enabled
Static mask size: 6x6
Dumping map points enabled
	-Loaded misc parameters
	-Computed rectification maps
----------------------------------
SLAM settings: 
	-Camera 1 parameters (Pinhole): [ 458.65399169921875 457.29598999023438 367.21499633789062 248.375 ]
	-Camera 1 distortion parameters: [  -0.28340810537338257 0.073959067463874817 0.00019359000725671649 1.7618711353861727e-05 ]
	-Camera 2 parameters (Pinhole: [ 457.58700561523438 456.13400268554688 379.99899291992188 255.23800659179688 ]
	-Camera 1 distortion parameters: [  -0.2836836576461792 0.074512839317321777 -0.00010473000293131918 -3.555907096597366e-05 ]
	-Original image size: [ 752 , 480 ]
	-Current image size: [ 752 , 480 ]
	-Camera 1 parameters after rectification: [  456.71499633789062 456.71499633789062 364.52615356445312 257.268798828125 ]
	-Sequence FPS: 20
	-Stereo baseline: 0.11007784307003021
	-Stereo depth threshold : 60
	-Gyro noise: 0.00016999999934341758
	-Accelerometer noise: 0.0020000000949949026
	-Gyro walk: 1.9392999092815444e-05
	-Accelerometer walk: 0.0030000000260770321
	-IMU frequency: 200
	-Features per image: 1200
	-ORB scale factor: 1.2000000476837158
	-ORB number of scales: 8
	-Initial FAST threshold: 20
	-Min FAST threshold: 7


Loading ORB Vocabulary. This could take a while...
Vocabulary loaded!

Initialization of Atlas from scratch 
Creation of new map with id: 0
Creation of new map with last KF id: 0
Seq. Name: 
There are 1 cameras in the atlas
Camera 0 is pinhole
SLAM Started at System Time: 1747039488.74379
not IMU meas
not IMU meas
not enough acceleration
not enough acceleration
not enough acceleration
not enough acceleration
not enough acceleration
not enough acceleration
not enough acceleration
not enough acceleration
not enough acceleration
not enough acceleration
not enough acceleration
not enough acceleration
not enough acceleration
not enough acceleration
not enough acceleration
not enough acceleration
not enough acceleration
not enough acceleration
not enough acceleration
not enough acceleration
not enough acceleration
not enough acceleration
not enough acceleration
not enough acceleration
not enough acceleration
not enough acceleration
not enough acceleration
not enough acceleration
not enough acceleration
not enough acceleration
not enough acceleration
not enough acceleration
not enough acceleration
not enough acceleration
not enough acceleration
not enough acceleration
not enough acceleration
not enough acceleration
not enough acceleration
not enough acceleration
not enough acceleration
not enough acceleration
not enough acceleration
not enough acceleration
not enough acceleration
not enough acceleration
not enough acceleration
not enough acceleration
not enough acceleration
not enough acceleration
not enough acceleration
not enough acceleration
not enough acceleration
not enough acceleration
not enough acceleration
not enough acceleration
not enough acceleration
not enough acceleration
not enough acceleration
not enough acceleration
not enough acceleration
not enough acceleration
not enough acceleration
not enough acceleration
not enough acceleration
not enough acceleration
not enough acceleration
not enough acceleration
not enough acceleration
not enough acceleration
not enough acceleration
not enough acceleration
not enough acceleration
not enough acceleration
not enough acceleration
not enough acceleration
not enough acceleration
not enough acceleration
not enough acceleration
not enough acceleration
not enough acceleration
not enough acceleration
not enough acceleration
not enough acceleration
not enough acceleration
not enough acceleration
not enough acceleration
not enough acceleration
not enough acceleration
not enough acceleration
not enough acceleration
not enough acceleration
not enough acceleration
not enough acceleration
not enough acceleration
not enough acceleration
not enough acceleration
not enough acceleration
not enough acceleration
not enough acceleration
not enough acceleration
not enough acceleration
not enough acceleration
not enough acceleration
not enough acceleration
not enough acceleration
not enough acceleration
not enough acceleration
not enough acceleration
not enough acceleration
not enough acceleration
not enough acceleration
not enough acceleration
not enough acceleration
not enough acceleration
not enough acceleration
not enough acceleration
not enough acceleration
not enough acceleration
not enough acceleration
not enough acceleration
not enough acceleration
not enough acceleration
not enough acceleration
not enough acceleration
not enough acceleration
not enough acceleration
not enough acceleration
not enough acceleration
not enough acceleration
not enough acceleration
not enough acceleration
not enough acceleration
not enough acceleration
First KF:0; Map init KF:0
New Map created with 320 points
Active map: 0
Dropping frame 1403715893.4840581
Dropping frame 1403715893.7840581
Dropping frame 1403715894.134058
Dropping frame 1403715894.5340581
Dropping frame 1403715894.634058
Dropping frame 1403715894.934058
Dropping frame 1403715895.134058
Dropping frame 1403715895.334058
Dropping frame 1403715895.4840581
Dropping frame 1403715895.584058
Dropping frame 1403715895.834058
Dropping frame 1403715895.934058
Dropping frame 1403715896.0340581
Dropping frame 1403715896.2340579
Dropping frame 1403715896.7340579
start VIBA 1
end VIBA 1
Dropping frame 1403715899.2340579
Dropping frame 1403715900.634058
Dropping frame 1403715901.2340579
start VIBA 2
end VIBA 2
Dropping frame 1403715909.4840581
Dropping frame 1403715909.834058
Dropping frame 1403715910.434058
Dropping frame 1403715911.384058
Dropping frame 1403715911.6840582
Dropping frame 1403715912.084058
Dropping frame 1403715912.9840581
Dropping frame 1403715916.334058
Dropping frame 1403715921.834058
Dropping frame 1403715922.834058
Dropping frame 1403715927.834058
Dropping frame 1403715929.884058
Dropping frame 1403715929.9840581
Dropping frame 1403715930.4840581
Dropping frame 1403715930.7840581
Dropping frame 1403715931.084058
Dropping frame 1403715931.334058
Dropping frame 1403715931.7840581
Dropping frame 1403715932.434058
Dropping frame 1403715932.884058
Dropping frame 1403715932.9840581
Dropping frame 1403715933.434058
Dropping frame 1403715933.834058
Dropping frame 1403715934.584058
Dropping frame 1403715934.9840581
Dropping frame 1403715935.334058
Dropping frame 1403715935.884058
Dropping frame 1403715935.9840581
Dropping frame 1403715937.834058
Dropping frame 1403715938.134058
Dropping frame 1403715938.434058
Dropping frame 1403715940.084058
Dropping frame 1403715940.1840582
Dropping frame 1403715940.4840581
Dropping frame 1403715940.834058
Dropping frame 1403715941.0340581
Dropping frame 1403715942.334058
Dropping frame 1403715943.084058
Dropping frame 1403715943.1840582
Dropping frame 1403715943.5340581
Dropping frame 1403715943.6840582
Dropping frame 1403715943.934058
Dropping frame 1403715944.0340581
Dropping frame 1403715944.2840581
Dropping frame 1403715944.384058
Dropping frame 1403715944.634058
Dropping frame 1403715944.934058
Dropping frame 1403715945.1840582
Dropping frame 1403715945.9840581
Dropping frame 1403715946.1840582
Dropping frame 1403715946.2840581
Dropping frame 1403715946.384058
Dropping frame 1403715946.6840582
Dropping frame 1403715946.7840581
Dropping frame 1403715946.9840581
Dropping frame 1403715947.2340579
Dropping frame 1403715947.334058
Dropping frame 1403715947.634058
Dropping frame 1403715948.9840581
Dropping frame 1403715949.084058
Dropping frame 1403715949.334058
Dropping frame 1403715949.634058
Dropping frame 1403715949.9840581
Dropping frame 1403715950.1840582
Dropping frame 1403715950.2840581
Dropping frame 1403715950.884058
Dropping frame 1403715951.384058
Dropping frame 1403715951.5340581
Dropping frame 1403715951.7840581
Dropping frame 1403715951.9840581
Dropping frame 1403715952.084058
Dropping frame 1403715952.1840582
Dropping frame 1403715952.7840581
Dropping frame 1403715952.884058
Dropping frame 1403715953.7340579
Dropping frame 1403715954.084058
Dropping frame 1403715954.2340579
Dropping frame 1403715954.434058
Dropping frame 1403715954.634058
Dropping frame 1403715954.834058
Dropping frame 1403715956.884058
Dropping frame 1403715956.9840581
Dropping frame 1403715957.1840582
Dropping frame 1403715957.384058
Dropping frame 1403715957.7340579
Dropping frame 1403715958.634058
Dropping frame 1403715958.934058
Dropping frame 1403715959.0340581
Dropping frame 1403715959.2840581
Dropping frame 1403715959.584058
Dropping frame 1403715959.934058
Dropping frame 1403715960.0340581
Dropping frame 1403715961.2340579
Dropping frame 1403715961.334058
Dropping frame 1403715961.5340581
Dropping frame 1403715961.634058
Dropping frame 1403715961.7340579
Dropping frame 1403715961.9840581
Dropping frame 1403715962.084058
Dropping frame 1403715964.334058
Dropping frame 1403715964.434058
Dropping frame 1403715965.334058
Dropping frame 1403715965.884058
Dropping frame 1403715966.834058
Dropping frame 1403715968.0340581
Dropping frame 1403715969.1840582
Dropping frame 1403715970.134058
Dropping frame 1403715970.384058
Dropping frame 1403715971.384058
Dropping frame 1403715971.834058
Dropping frame 1403715973.2840581
Dropping frame 1403715973.584058
Dropping frame 1403715973.934058
Dropping frame 1403715975.884058
Dropping frame 1403715976.334058
Dropping frame 1403715976.834058
Dropping frame 1403715977.0340581
Dropping frame 1403715977.2340579
Dropping frame 1403715977.334058
Dropping frame 1403715977.434058
Dropping frame 1403715977.5340581
Dropping frame 1403715977.7340579
Dropping frame 1403715978.434058
Dropping frame 1403715978.6840582
Dropping frame 1403715979.1840582
Dropping frame 1403715979.4840581
Dropping frame 1403715979.934058
Dropping frame 1403715980.0340581
Dropping frame 1403715980.384058
Dropping frame 1403715980.5340581
Dropping frame 1403715981.6840582
Dropping frame 1403715982.2340579
Dropping frame 1403715983.0340581
Dropping frame 1403715983.334058
Dropping frame 1403715983.7840581
Dropping frame 1403715984.134058
Dropping frame 1403715984.4840581
Dropping frame 1403715984.584058
Dropping frame 1403715985.0340581
Fail to track local map!
Fail to track local map!
Fail to track local map!
Fail to track local map!
Fail to track local map!
Fail to track local map!
Dropping frame 1403715985.6840582
Dropping frame 1403715986.2340579
Dropping frame 1403715986.634058
Dropping frame 1403715987.134058
Dropping frame 1403715987.2340579
Dropping frame 1403715987.4840581
*Loop detected
phi = -0.0080756310584700897   0.011645527266060791  0.0025141886909322841
BAD LOOP!!!
Dropping frame 1403715987.584058
Dropping frame 1403715988.0340581
Dropping frame 1403715988.134058
*Loop detected
phi =  0.0097722113617543585  0.0045436385505593646 -0.0051306863139499795
BAD LOOP!!!
Dropping frame 1403715988.2340579
Dropping frame 1403715988.334058
*Loop detected
phi = 0.006833694147225189 0.011096344480551941 0.010505999005557484
BAD LOOP!!!
Dropping frame 1403715988.584058
Dropping frame 1403715988.6840582
Dropping frame 1403715988.7840581
Dropping frame 1403715988.9840581
*Loop detected
phi = -0.011754388228334623 0.0048219703701153334 0.0025806233680496292
BAD LOOP!!!
Dropping frame 1403715989.1840582
*Loop detected
phi =  0.013244753330775932 0.0032435428531113844   0.01022003950650951
BAD LOOP!!!
Dropping frame 1403715989.2840581
*Loop detected
phi =  0.0068357706302129969 -0.0017527119812488865 -0.0043324480510856687
Dropping frame 1403715989.384058
Local Mapping STOP
Local Mapping RELEASE
Dropping frame 1403715989.7840581
Dropping frame 1403715989.934058
Dropping frame 1403715990.2840581
Dropping frame 1403715990.5340581
Local Mapping STOP
Local Mapping RELEASE
Dropping frame 1403715990.6840582
Dropping frame 1403715991.2340579
Dropping frame 1403715991.634058
Fail to track local map!
Fail to track local map!
Dropping frame 1403715991.7840581
Fail to track local map!
Dropping frame 1403715991.884058
Fail to track local map!
Fail to track local map!
Fail to track local map!
Fail to track local map!
Fail to track local map!
Fail to track local map!
Fail to track local map!
Dropping frame 1403715992.2840581
Fail to track local map!
Dropping frame 1403715992.384058
Fail to track local map!
Dropping frame 1403715992.4840581
Fail to track local map!
Fail to track local map!
Fail to track local map!
Fail to track local map!
Dropping frame 1403715992.7840581
Fail to track local map!
Fail to track local map!
Fail to track local map!
Fail to track local map!
Dropping frame 1403715993.0340581
Fail to track local map!
Dropping frame 1403715993.134058
Fail to track local map!
Fail to track local map!
Fail to track local map!
Fail to track local map!
Dropping frame 1403715993.384058
Fail to track local map!
Dropping frame 1403715993.4840581
Fail to track local map!
Dropping frame 1403715993.584058
Fail to track local map!
Fail to track local map!
Fail to track local map!
Dropping frame 1403715993.7840581
Fail to track local map!
Fail to track local map!
Fail to track local map!
Dropping frame 1403715993.9840581
Shutdown
SLAM Finished at System Time: 1747039613.87232

 TIME STATS in ms (mean$\pm$std)
OpenCV version: 4.8.1
---------------------------
Tracking

ORB Extraction: 13.508$\pm$2.2146
Stereo Matching: 6.5506$\pm$2.4118
IMU Preintegration: 0.19279$\pm$0.064402
Pose Prediction: 0.25908$\pm$1.0847
LM Track: 14.758$\pm$4.5667
New KF decision: 1.857$\pm$3.2366
Total Tracking: 33.757$\pm$17.08



Local Mapping

KF Insertion: 9.0157$\pm$4.3034
MP Culling: 0.52606$\pm$0.28992
MP Creation: 31.226$\pm$14.863
LBA: 100.28$\pm$37.178
KF Culling: 8.8522$\pm$7.1926
Total Local Mapping: 149.92$\pm$57.009
---------------------------

LBA complexity (mean$\pm$std)
LBA Edges: 3353.4$\pm$871.39
LBA KF optimized: 6.5$\pm$2.2913
LBA KF fixed: 1$\pm$0
LBA MP: nan$\pm$nan

LBA executions: 480
LBA aborts: 0
---------------------------

Map complexity
KFs in map: 159
MPs in map: 8879
---------------------------

Place Recognition (mean$\pm$std)
Database Query: 0.89296$\pm$0.55972
SE3 estimation: 10.042$\pm$10.71
Total Place Recognition: 9.3733$\pm$10.945


Loop Closing (mean$\pm$std)
Loop Fusion: 105.36$\pm$0
Essential Graph: 67.045$\pm$0
Total Loop Closing: 227.38$\pm$0

Num exec: 1
Number of KFs: nan$\pm$nan

Map Merging (mean$\pm$std)
Merge Maps: nan$\pm$nan
Welding BA: nan$\pm$nan
Optimization Ess.: nan$\pm$nan
Total Map Merging: nan$\pm$nan

Num exec: 0
Number of KFs: nan$\pm$nan
Number of MPs: nan$\pm$nan

Full GBA (mean$\pm$std)
GBA: 1225.1$\pm$0
Map Update: 41.405$\pm$0
Total Full GBA: 1266.5$\pm$0

Num exec: 1
Num abort: 0
Number of KFs: 154$\pm$0
Number of MPs: 9680$\pm$0

Saving trajectory to f_dataset-V103_stereo_imu.txt ...
There are 1 maps in the atlas
  Map 0 has 159 KFs

End of saving trajectory to f_dataset-V103_stereo_imu.txt ...

Saving keyframe trajectory to kf_dataset-V103_stereo_imu.txt ...
