num_seq = 1
file name: dataset-MH02_stereo_imu
Loading images for sequence 0...LOADED!
Loading IMU for sequence 0...LOADED!

-------

ORB-SLAM3 Copyright (C) 2017-2020 Carlos Campos, Richard Elvira, Juan J. Gómez, José M.M. Montiel and Juan D. Tardós, University of Zaragoza.
ORB-SLAM2 Copyright (C) 2014-2016 Raúl Mur-Artal, José M.M. Montiel and Juan D. Tardós, University of Zaragoza.
This program comes with ABSOLUTELY NO WARRANTY;
This is free software, and you are welcome to redistribute it
under certain conditions. See LICENSE.txt.

Built with REGISTER_TIMES
Git Commit Hash: 2d47524

Build Type: Release

Compiled with C++ version: 201703

Input sensor was set to: Stereo-Inertial
Loading settings from EuRoC_fov_deadlines_mask_9x9.yaml
	-Loaded camera 1
	-Loaded camera 2
	-Loaded image info
	-Loaded IMU calibration
	-Loaded ORB settings
	-Loaded viewer settings
	-Loaded Atlas settings
Deadlines enabled, will skip frames!
FOV enabled
Static mask size: 9x9
Dumping map points enabled
	-Loaded misc parameters
	-Computed rectification maps
----------------------------------
SLAM settings: 
	-Camera 1 parameters (Pinhole): [ 458.65399169921875 457.29598999023438 367.21499633789062 248.375 ]
	-Camera 1 distortion parameters: [  -0.28340810537338257 0.073959067463874817 0.00019359000725671649 1.7618711353861727e-05 ]
	-Camera 2 parameters (Pinhole: [ 457.58700561523438 456.13400268554688 379.99899291992188 255.23800659179688 ]
	-Camera 1 distortion parameters: [  -0.2836836576461792 0.074512839317321777 -0.00010473000293131918 -3.555907096597366e-05 ]
	-Original image size: [ 752 , 480 ]
	-Current image size: [ 752 , 480 ]
	-Camera 1 parameters after rectification: [  456.71499633789062 456.71499633789062 364.52615356445312 257.268798828125 ]
	-Sequence FPS: 20
	-Stereo baseline: 0.11007784307003021
	-Stereo depth threshold : 60
	-Gyro noise: 0.00016999999934341758
	-Accelerometer noise: 0.0020000000949949026
	-Gyro walk: 1.9392999092815444e-05
	-Accelerometer walk: 0.0030000000260770321
	-IMU frequency: 200
	-Features per image: 1200
	-ORB scale factor: 1.2000000476837158
	-ORB number of scales: 8
	-Initial FAST threshold: 20
	-Min FAST threshold: 7


Loading ORB Vocabulary. This could take a while...
Vocabulary loaded!

Initialization of Atlas from scratch 
Creation of new map with id: 0
Creation of new map with last KF id: 0
Seq. Name: 
There are 1 cameras in the atlas
Camera 0 is pinhole
SLAM Started at System Time: 1740829209.32069
not IMU meas
not IMU meas
not enough acceleration
not enough acceleration
not enough acceleration
not enough acceleration
not enough acceleration
not enough acceleration
First KF:0; Map init KF:0
New Map created with 190 points
Active map: 0
Dropping frame 1403636859.6016665
Dropping frame 1403636859.9516664
Dropping frame 1403636860.0516665
Dropping frame 1403636860.4516664
Dropping frame 1403636861.0516665
Dropping frame 1403636861.3516665
Dropping frame 1403636861.7016666
Dropping frame 1403636862.1016665
Dropping frame 1403636862.2016666
Dropping frame 1403636862.3516665
Dropping frame 1403636862.4516664
Dropping frame 1403636862.7516665
Dropping frame 1403636862.8516665
Dropping frame 1403636863.2516665
Dropping frame 1403636863.8016665
Dropping frame 1403636863.9016666
Dropping frame 1403636864.1016665
start VIBA 1
Dropping frame 1403636864.4516664
end VIBA 1
Dropping frame 1403636864.5516665
Dropping frame 1403636864.7516665
Dropping frame 1403636864.9016666
Dropping frame 1403636865.1016665
Dropping frame 1403636865.2016666
Dropping frame 1403636865.3016665
Dropping frame 1403636866.1016665
Dropping frame 1403636866.4016666
Dropping frame 1403636866.7516665
Dropping frame 1403636866.9516664
Dropping frame 1403636867.1016665
Dropping frame 1403636867.3016665
Dropping frame 1403636867.5516665
Dropping frame 1403636867.6516664
Dropping frame 1403636867.9016666
Dropping frame 1403636868.2516665
Dropping frame 1403636868.4016666
Dropping frame 1403636868.8516665
Dropping frame 1403636869.2516665
Dropping frame 1403636869.3516665
Dropping frame 1403636869.7016666
Dropping frame 1403636869.8016665
Dropping frame 1403636869.9516664
Dropping frame 1403636870.0516665
Dropping frame 1403636870.1516664
Dropping frame 1403636870.4516664
Dropping frame 1403636870.6516664
Dropping frame 1403636870.9016666
Dropping frame 1403636871.2016666
Dropping frame 1403636871.3016665
Dropping frame 1403636871.6016665
Dropping frame 1403636872.1016665
Dropping frame 1403636872.5516665
Dropping frame 1403636872.8016665
Dropping frame 1403636873.2016666
Dropping frame 1403636873.6016665
Dropping frame 1403636873.7016666
Dropping frame 1403636874.1016665
Dropping frame 1403636874.3016665
Dropping frame 1403636874.4516664
Dropping frame 1403636874.8016665
Dropping frame 1403636875.0516665
Dropping frame 1403636875.4016666
Dropping frame 1403636875.6516664
start VIBA 2
Dropping frame 1403636876.1516664
end VIBA 2
Dropping frame 1403636876.6016665
Dropping frame 1403636876.8516665
Dropping frame 1403636877.1516664
Dropping frame 1403636877.2516665
Dropping frame 1403636877.5016665
Dropping frame 1403636878.1016665
Dropping frame 1403636878.6516664
Dropping frame 1403636879.0016665
Dropping frame 1403636879.2016666
Dropping frame 1403636879.4016666
Dropping frame 1403636879.6516664
Dropping frame 1403636880.1016665
Dropping frame 1403636880.3516665
Dropping frame 1403636880.8016665
Dropping frame 1403636880.9516664
Dropping frame 1403636881.1516664
Dropping frame 1403636881.4016666
Dropping frame 1403636881.6016665
Dropping frame 1403636881.9016666
Dropping frame 1403636882.0516665
Dropping frame 1403636882.3016665
Dropping frame 1403636882.5016665
Dropping frame 1403636882.8016665
Dropping frame 1403636883.1516664
Dropping frame 1403636883.4016666
Dropping frame 1403636884.0016665
Dropping frame 1403636884.3516665
Dropping frame 1403636884.7016666
Dropping frame 1403636885.5516665
Dropping frame 1403636886.2516665
Dropping frame 1403636886.4516664
Dropping frame 1403636886.6516664
Dropping frame 1403636887.4016666
Dropping frame 1403636887.7016666
Dropping frame 1403636888.0016665
Dropping frame 1403636889.2016666
Dropping frame 1403636889.3516665
Dropping frame 1403636889.7516665
Dropping frame 1403636889.8516665
Dropping frame 1403636890.0516665
Dropping frame 1403636890.2016666
Dropping frame 1403636890.4516664
Dropping frame 1403636890.7516665
Dropping frame 1403636890.8516665
Dropping frame 1403636891.1016665
Dropping frame 1403636891.5016665
Dropping frame 1403636891.8016665
Dropping frame 1403636891.9516664
Dropping frame 1403636892.4016666
Dropping frame 1403636892.5016665
Dropping frame 1403636892.6016665
Dropping frame 1403636892.7516665
Dropping frame 1403636892.9516664
Dropping frame 1403636893.0516665
Dropping frame 1403636894.4016666
Dropping frame 1403636895.2516665
Dropping frame 1403636896.9516664
Dropping frame 1403636897.5016665
Dropping frame 1403636898.7516665
Dropping frame 1403636899.1516664
Dropping frame 1403636901.7016666
Dropping frame 1403636903.0016665
Dropping frame 1403636906.6516664
Dropping frame 1403636910.5016665
Dropping frame 1403636911.3016665
Dropping frame 1403636911.4516664
Dropping frame 1403636911.8516665
Dropping frame 1403636912.0016665
Dropping frame 1403636912.1516664
Dropping frame 1403636912.7016666
Dropping frame 1403636913.0016665
Dropping frame 1403636913.3016665
Dropping frame 1403636913.6016665
Dropping frame 1403636913.8016665
Dropping frame 1403636913.9016666
Dropping frame 1403636914.1516664
Dropping frame 1403636914.2516665
Dropping frame 1403636914.4516664
Dropping frame 1403636914.6016665
Dropping frame 1403636914.8016665
Dropping frame 1403636914.9016666
Dropping frame 1403636915.0016665
Dropping frame 1403636915.2516665
Dropping frame 1403636915.3516665
Dropping frame 1403636915.4516664
Dropping frame 1403636915.6016665
Dropping frame 1403636915.7016666
Dropping frame 1403636915.9016666
Dropping frame 1403636916.1016665
Dropping frame 1403636916.3016665
Dropping frame 1403636916.4016666
Dropping frame 1403636916.5016665
Dropping frame 1403636916.7016666
Dropping frame 1403636916.8516665
Dropping frame 1403636916.9516664
Dropping frame 1403636917.1016665
Dropping frame 1403636917.3516665
Dropping frame 1403636917.5016665
Dropping frame 1403636917.6016665
Dropping frame 1403636917.8016665
Dropping frame 1403636917.9016666
Dropping frame 1403636918.0016665
Dropping frame 1403636918.1016665
Dropping frame 1403636918.3016665
Dropping frame 1403636918.4016666
Dropping frame 1403636918.5516665
Dropping frame 1403636918.6516664
Dropping frame 1403636918.7516665
Dropping frame 1403636918.8516665
Dropping frame 1403636919.1016665
Dropping frame 1403636919.2516665
Dropping frame 1403636919.3516665
Dropping frame 1403636919.6016665
Dropping frame 1403636919.9016666
Dropping frame 1403636920.0016665
Dropping frame 1403636920.1016665
Dropping frame 1403636920.4516664
Dropping frame 1403636920.5516665
Dropping frame 1403636920.6516664
Dropping frame 1403636921.0516665
Dropping frame 1403636921.2016666
Dropping frame 1403636921.3016665
Dropping frame 1403636921.4016666
Dropping frame 1403636921.7016666
Dropping frame 1403636921.8516665
Dropping frame 1403636922.0016665
Dropping frame 1403636922.1016665
Dropping frame 1403636922.3516665
Dropping frame 1403636922.4516664
Dropping frame 1403636922.9016666
Dropping frame 1403636923.1016665
Dropping frame 1403636923.2016666
Dropping frame 1403636923.4016666
Dropping frame 1403636923.6016665
Dropping frame 1403636923.7516665
Dropping frame 1403636924.0516665
Dropping frame 1403636924.3016665
Dropping frame 1403636924.6516664
Dropping frame 1403636924.7516665
Dropping frame 1403636925.0516665
Dropping frame 1403636925.1516664
Dropping frame 1403636925.3516665
Dropping frame 1403636925.4516664
Dropping frame 1403636925.5516665
Dropping frame 1403636926.0516665
Dropping frame 1403636926.4016666
Dropping frame 1403636926.7016666
Dropping frame 1403636927.1016665
Dropping frame 1403636927.5016665
Dropping frame 1403636927.6516664
Dropping frame 1403636928.3016665
Dropping frame 1403636928.8516665
Dropping frame 1403636928.9516664
Dropping frame 1403636929.3016665
Dropping frame 1403636929.5016665
Dropping frame 1403636929.7516665
Dropping frame 1403636930.1016665
Dropping frame 1403636930.2016666
Dropping frame 1403636930.5016665
Dropping frame 1403636930.6516664
Dropping frame 1403636930.7516665
Dropping frame 1403636931.0016665
Dropping frame 1403636931.4516664
Dropping frame 1403636931.5516665
Dropping frame 1403636931.7016666
Dropping frame 1403636931.9016666
Dropping frame 1403636932.0016665
Dropping frame 1403636932.2516665
Dropping frame 1403636932.4516664
Dropping frame 1403636932.5516665
Dropping frame 1403636932.6516664
Dropping frame 1403636932.7516665
Dropping frame 1403636932.9516664
Dropping frame 1403636933.1516664
Dropping frame 1403636933.2516665
Dropping frame 1403636933.5016665
Dropping frame 1403636933.7516665
Dropping frame 1403636934.0516665
Dropping frame 1403636934.2516665
Dropping frame 1403636934.4516664
Dropping frame 1403636934.5516665
Dropping frame 1403636934.6516664
Dropping frame 1403636934.9016666
Dropping frame 1403636935.1016665
Dropping frame 1403636935.3016665
Dropping frame 1403636935.4016666
Dropping frame 1403636935.6016665
Dropping frame 1403636935.8016665
Dropping frame 1403636935.9016666
Dropping frame 1403636936.0016665
Dropping frame 1403636936.2016666
Dropping frame 1403636936.3016665
Dropping frame 1403636936.4016666
Dropping frame 1403636936.6016665
Dropping frame 1403636936.7516665
Dropping frame 1403636936.9516664
Dropping frame 1403636937.1516664
Dropping frame 1403636937.3516665
Dropping frame 1403636937.4516664
Dropping frame 1403636937.5516665
Dropping frame 1403636937.7516665
Dropping frame 1403636937.8516665
Dropping frame 1403636938.0516665
Dropping frame 1403636938.2516665
Dropping frame 1403636938.5016665
Dropping frame 1403636938.6016665
Dropping frame 1403636938.7516665
Dropping frame 1403636938.9516664
Dropping frame 1403636939.0516665
Dropping frame 1403636939.2516665
Dropping frame 1403636939.4516664
Dropping frame 1403636939.5516665
Dropping frame 1403636939.6516664
Dropping frame 1403636939.8516665
Dropping frame 1403636940.0516665
Dropping frame 1403636940.2516665
Dropping frame 1403636940.4516664
Dropping frame 1403636940.5516665
Dropping frame 1403636940.6516664
Dropping frame 1403636940.8516665
Dropping frame 1403636941.0516665
Dropping frame 1403636941.1516664
Dropping frame 1403636941.3516665
Dropping frame 1403636941.5516665
Dropping frame 1403636941.7516665
Dropping frame 1403636941.9516664
Dropping frame 1403636942.1016665
Dropping frame 1403636942.2016666
Dropping frame 1403636942.4016666
Dropping frame 1403636942.5016665
Dropping frame 1403636942.7016666
Dropping frame 1403636942.9016666
Dropping frame 1403636943.0016665
Dropping frame 1403636943.1016665
Dropping frame 1403636943.2016666
Dropping frame 1403636943.4016666
Dropping frame 1403636943.5016665
Dropping frame 1403636943.7016666
Dropping frame 1403636943.9016666
Dropping frame 1403636944.1016665
Dropping frame 1403636944.3016665
Dropping frame 1403636944.4016666
Dropping frame 1403636944.5016665
Dropping frame 1403636944.7016666
Dropping frame 1403636944.9016666
Dropping frame 1403636945.1016665
Dropping frame 1403636945.3016665
Dropping frame 1403636945.4016666
Dropping frame 1403636945.5016665
Dropping frame 1403636945.6016665
Dropping frame 1403636945.7016666
Dropping frame 1403636946.0016665
Dropping frame 1403636946.1016665
Dropping frame 1403636946.3016665
Dropping frame 1403636946.5016665
Dropping frame 1403636946.7016666
Dropping frame 1403636946.8016665
Dropping frame 1403636946.9016666
Dropping frame 1403636947.0016665
Dropping frame 1403636947.1016665
Dropping frame 1403636947.3016665
Dropping frame 1403636947.4016666
Dropping frame 1403636947.6016665
Dropping frame 1403636947.7016666
Dropping frame 1403636947.9016666
Dropping frame 1403636948.1016665
Dropping frame 1403636948.2016666
Dropping frame 1403636948.3016665
Dropping frame 1403636948.5516665
Dropping frame 1403636948.7516665
Dropping frame 1403636948.8516665
Dropping frame 1403636948.9516664
Dropping frame 1403636949.1016665
Dropping frame 1403636949.2516665
Dropping frame 1403636949.5016665
Dropping frame 1403636949.6016665
Dropping frame 1403636949.8516665
Dropping frame 1403636950.0516665
Dropping frame 1403636950.1516664
Dropping frame 1403636950.2516665
Dropping frame 1403636950.4516664
Dropping frame 1403636950.5516665
Dropping frame 1403636950.8016665
Dropping frame 1403636950.9016666
Dropping frame 1403636951.1016665
Dropping frame 1403636951.2516665
Dropping frame 1403636951.3516665
Dropping frame 1403636951.4516664
Dropping frame 1403636951.6516664
Dropping frame 1403636951.7516665
Dropping frame 1403636951.8516665
Dropping frame 1403636951.9516664
Dropping frame 1403636952.1516664
Dropping frame 1403636952.2516665
Dropping frame 1403636952.3516665
Dropping frame 1403636952.4516664
Dropping frame 1403636952.5516665
Dropping frame 1403636952.6516664
Dropping frame 1403636952.8516665
Dropping frame 1403636953.0516665
Dropping frame 1403636953.1516664
Dropping frame 1403636953.2516665
Dropping frame 1403636953.3516665
Dropping frame 1403636953.6016665
Dropping frame 1403636953.8016665
Dropping frame 1403636953.9016666
Dropping frame 1403636954.0016665
Dropping frame 1403636954.2016666
Dropping frame 1403636954.4016666
Dropping frame 1403636954.6016665
Dropping frame 1403636954.7016666
Dropping frame 1403636954.8016665
Dropping frame 1403636954.9016666
Dropping frame 1403636955.0516665
Dropping frame 1403636955.1516664
Dropping frame 1403636955.2516665
Dropping frame 1403636955.3516665
Dropping frame 1403636955.5516665
Dropping frame 1403636955.6516664
Dropping frame 1403636955.7516665
Dropping frame 1403636955.8516665
Dropping frame 1403636956.0016665
Dropping frame 1403636956.2016666
Dropping frame 1403636956.3016665
Dropping frame 1403636956.6516664
Dropping frame 1403636956.7516665
Dropping frame 1403636956.8516665
Dropping frame 1403636956.9516664
Dropping frame 1403636957.3016665
Dropping frame 1403636957.4016666
Dropping frame 1403636957.5516665
Dropping frame 1403636958.1016665
Dropping frame 1403636958.2016666
Dropping frame 1403636958.6516664
Dropping frame 1403636958.7516665
Dropping frame 1403636958.8516665
Dropping frame 1403636959.1016665
Dropping frame 1403636959.2016666
Dropping frame 1403636959.4516664
Dropping frame 1403636959.5516665
Dropping frame 1403636959.8516665
Dropping frame 1403636960.0516665
Dropping frame 1403636960.2016666
Dropping frame 1403636960.3516665
Dropping frame 1403636960.6016665
Dropping frame 1403636960.7016666
Dropping frame 1403636960.9516664
Dropping frame 1403636961.1516664
Dropping frame 1403636961.3516665
Dropping frame 1403636961.8016665
Dropping frame 1403636962.0016665
Dropping frame 1403636962.1016665
Dropping frame 1403636962.4516664
Dropping frame 1403636962.5516665
Dropping frame 1403636962.9016666
Dropping frame 1403636963.0016665
Dropping frame 1403636963.1016665
Dropping frame 1403636963.3516665
Dropping frame 1403636963.5516665
Dropping frame 1403636963.9516664
Dropping frame 1403636964.1516664
Dropping frame 1403636964.4016666
Dropping frame 1403636964.5016665
Dropping frame 1403636964.6016665
Dropping frame 1403636964.8016665
Dropping frame 1403636965.0016665
Dropping frame 1403636965.1016665
Dropping frame 1403636965.4016666
Dropping frame 1403636965.5016665
Dropping frame 1403636965.6016665
Dropping frame 1403636965.8016665
Dropping frame 1403636966.0016665
Dropping frame 1403636966.2016666
Dropping frame 1403636966.4016666
Dropping frame 1403636966.5016665
Dropping frame 1403636966.6016665
Dropping frame 1403636966.8016665
Dropping frame 1403636966.9016666
Dropping frame 1403636967.1516664
Dropping frame 1403636967.3516665
Dropping frame 1403636967.5016665
Dropping frame 1403636967.6016665
Dropping frame 1403636968.1016665
Dropping frame 1403636968.2016666
Dropping frame 1403636968.3516665
Dropping frame 1403636968.6016665
Dropping frame 1403636968.7516665
Dropping frame 1403636968.9516664
Dropping frame 1403636969.0516665
Dropping frame 1403636969.1516664
Dropping frame 1403636969.3516665
Dropping frame 1403636969.5516665
Dropping frame 1403636969.7516665
Dropping frame 1403636970.1016665
Dropping frame 1403636970.2016666
Dropping frame 1403636970.4516664
Dropping frame 1403636970.7516665
Dropping frame 1403636970.9516664
Dropping frame 1403636971.0516665
Dropping frame 1403636971.3016665
Dropping frame 1403636971.4016666
Dropping frame 1403636971.6516664
Dropping frame 1403636971.8516665
Dropping frame 1403636972.0516665
Dropping frame 1403636972.1516664
Dropping frame 1403636972.2516665
Dropping frame 1403636972.6016665
Dropping frame 1403636972.8016665
Dropping frame 1403636972.9016666
Dropping frame 1403636973.1516664
Dropping frame 1403636973.4016666
Dropping frame 1403636973.7016666
Dropping frame 1403636973.8516665
Dropping frame 1403636974.3016665
Dropping frame 1403636974.5016665
Dropping frame 1403636974.7016666
Dropping frame 1403636974.8516665
Dropping frame 1403636975.0516665
Dropping frame 1403636975.5016665
Dropping frame 1403636975.6016665
Dropping frame 1403636976.1516664
Dropping frame 1403636976.3516665
Dropping frame 1403636976.4516664
Dropping frame 1403636976.6516664
Dropping frame 1403636976.9516664
Dropping frame 1403636977.1516664
Dropping frame 1403636977.4516664
Dropping frame 1403636977.5516665
Dropping frame 1403636977.8016665
Dropping frame 1403636978.0016665
Dropping frame 1403636978.2016666
Dropping frame 1403636978.5016665
Dropping frame 1403636978.6016665
Dropping frame 1403636978.8516665
Dropping frame 1403636979.1516664
Dropping frame 1403636979.4516664
Dropping frame 1403636979.6516664
Dropping frame 1403636979.9016666
Dropping frame 1403636980.1516664
Dropping frame 1403636980.6016665
Dropping frame 1403636980.9016666
Dropping frame 1403636981.0016665
Dropping frame 1403636981.2516665
Dropping frame 1403636981.4016666
Dropping frame 1403636981.8516665
Dropping frame 1403636982.1016665
Dropping frame 1403636982.5516665
Dropping frame 1403636982.7516665
Dropping frame 1403636983.0516665
Dropping frame 1403636983.5016665
Dropping frame 1403636983.7016666
Dropping frame 1403636983.9016666
Dropping frame 1403636984.0016665
Dropping frame 1403636984.2516665
Dropping frame 1403636984.4516664
Dropping frame 1403636984.5516665
Dropping frame 1403636984.9016666
Dropping frame 1403636985.9016666
Dropping frame 1403636986.0516665
Dropping frame 1403636986.2516665
Dropping frame 1403636986.3516665
Dropping frame 1403636986.4516664
Dropping frame 1403636986.6516664
Dropping frame 1403636986.7516665
Dropping frame 1403636986.8516665
Dropping frame 1403636987.0516665
Dropping frame 1403636987.1516664
Dropping frame 1403636987.2516665
Dropping frame 1403636987.4516664
Dropping frame 1403636987.6516664
Dropping frame 1403636987.8516665
Dropping frame 1403636988.0516665
Dropping frame 1403636988.2516665
Dropping frame 1403636988.3516665
Dropping frame 1403636988.4516664
Dropping frame 1403636988.5516665
Dropping frame 1403636988.8016665
Dropping frame 1403636989.0016665
Dropping frame 1403636989.1016665
Dropping frame 1403636989.2016666
Dropping frame 1403636989.4016666
Dropping frame 1403636989.5016665
Dropping frame 1403636989.6016665
Dropping frame 1403636989.8016665
Dropping frame 1403636989.9016666
Dropping frame 1403636990.0016665
Dropping frame 1403636990.2016666
Dropping frame 1403636990.4016666
Dropping frame 1403636990.6016665
Dropping frame 1403636990.8016665
Dropping frame 1403636991.0016665
Dropping frame 1403636991.1016665
Dropping frame 1403636991.3516665
Dropping frame 1403636991.5516665
Dropping frame 1403636991.6516664
Dropping frame 1403636991.7516665
Dropping frame 1403636991.9516664
Dropping frame 1403636992.1516664
Dropping frame 1403636992.2516665
Dropping frame 1403636992.3516665
Dropping frame 1403636992.5516665
Dropping frame 1403636992.6516664
Dropping frame 1403636992.9016666
Dropping frame 1403636993.1016665
Dropping frame 1403636993.3016665
Dropping frame 1403636993.4016666
Dropping frame 1403636993.5016665
Dropping frame 1403636993.6016665
Dropping frame 1403636993.8016665
Dropping frame 1403636993.9016666
Dropping frame 1403636994.0016665
Dropping frame 1403636994.2016666
Dropping frame 1403636994.4016666
Dropping frame 1403636994.6016665
Dropping frame 1403636994.7016666
Dropping frame 1403636994.9016666
Dropping frame 1403636995.0016665
Dropping frame 1403636995.2016666
Dropping frame 1403636995.3016665
Dropping frame 1403636995.4016666
Dropping frame 1403636995.6516664
Dropping frame 1403636995.8516665
Dropping frame 1403636995.9516664
Dropping frame 1403636996.0516665
Dropping frame 1403636996.1516664
Dropping frame 1403636996.3516665
Dropping frame 1403636996.4516664
Dropping frame 1403636996.5516665
Dropping frame 1403636996.7516665
Dropping frame 1403636996.9516664
Dropping frame 1403636997.1516664
Dropping frame 1403636997.2516665
Dropping frame 1403636997.3516665
Dropping frame 1403636997.5516665
Dropping frame 1403636997.7516665
Dropping frame 1403636998.7016666
Dropping frame 1403636999.1016665
Dropping frame 1403636999.3516665
Dropping frame 1403636999.5516665
Dropping frame 1403636999.9016666
Dropping frame 1403637000.2016666
Dropping frame 1403637000.5516665
Dropping frame 1403637000.9016666
Dropping frame 1403637001.1016665
Dropping frame 1403637001.8016665
Dropping frame 1403637002.0016665
Dropping frame 1403637002.2016666
Dropping frame 1403637002.3016665
Dropping frame 1403637002.6016665
Dropping frame 1403637002.9016666
Dropping frame 1403637003.1016665
Dropping frame 1403637003.3016665
Dropping frame 1403637003.4016666
Dropping frame 1403637003.5016665
Dropping frame 1403637003.7016666
Dropping frame 1403637004.0016665
Dropping frame 1403637004.1016665
Dropping frame 1403637004.2016666
Dropping frame 1403637004.5516665
Dropping frame 1403637004.7516665
Dropping frame 1403637004.9516664
Dropping frame 1403637005.0516665
Dropping frame 1403637005.2516665
Dropping frame 1403637005.4516664
Dropping frame 1403637005.6516664
Dropping frame 1403637005.8516665
Dropping frame 1403637005.9516664
Dropping frame 1403637006.3516665
Dropping frame 1403637006.5516665
Dropping frame 1403637006.7516665
Dropping frame 1403637006.8516665
Dropping frame 1403637007.0516665
Dropping frame 1403637007.1516664
Dropping frame 1403637007.4016666
Dropping frame 1403637007.6016665
Dropping frame 1403637007.7016666
Dropping frame 1403637007.9016666
Dropping frame 1403637008.0016665
Dropping frame 1403637008.3516665
Dropping frame 1403637008.5516665
Dropping frame 1403637008.7516665
Dropping frame 1403637008.8516665
Dropping frame 1403637008.9516664
Dropping frame 1403637009.3016665
Dropping frame 1403637009.5016665
Dropping frame 1403637009.7516665
Dropping frame 1403637009.8516665
Dropping frame 1403637009.9516664
Dropping frame 1403637010.5016665
Shutdown
SLAM Finished at System Time: 1740829393.53599

 TIME STATS in ms (mean$\pm$std)
OpenCV version: 4.8.1
---------------------------
Tracking

ORB Extraction: 19.012$\pm$1.7634
Stereo Matching: 7.3221$\pm$1.8918
IMU Preintegration: 0.24966$\pm$0.097978
Pose Prediction: 0.22036$\pm$0.63194
LM Track: 19.138$\pm$5.1739
New KF decision: 1.2372$\pm$2.3236
Total Tracking: 33.729$\pm$25.61



Local Mapping

KF Insertion: 16.554$\pm$5.6897
MP Culling: 0.55031$\pm$0.21837
MP Creation: 49.406$\pm$16.194
LBA: 151.34$\pm$55.436
KF Culling: 15.556$\pm$10.376
Total Local Mapping: 233.4$\pm$78.335
---------------------------

LBA complexity (mean$\pm$std)
LBA Edges: 1684.8$\pm$576.96
LBA KF optimized: 6.5$\pm$2.2913
LBA KF fixed: 1$\pm$0
LBA MP: nan$\pm$nan

LBA executions: 470
LBA aborts: 0
---------------------------

Map complexity
KFs in map: 131
MPs in map: 10255
---------------------------

Place Recognition (mean$\pm$std)
Database Query: 1.5325$\pm$0.76253
SE3 estimation: 12.727$\pm$16.643
Total Place Recognition: 12.511$\pm$16.632


Loop Closing (mean$\pm$std)
Loop Fusion: nan$\pm$nan
Essential Graph: nan$\pm$nan
Total Loop Closing: nan$\pm$nan

Num exec: 0
Number of KFs: nan$\pm$nan

Map Merging (mean$\pm$std)
Merge Maps: nan$\pm$nan
Welding BA: nan$\pm$nan
Optimization Ess.: nan$\pm$nan
Total Map Merging: nan$\pm$nan

Num exec: 0
Number of KFs: nan$\pm$nan
Number of MPs: nan$\pm$nan

Full GBA (mean$\pm$std)
GBA: nan$\pm$nan
Map Update: nan$\pm$nan
Total Full GBA: nan$\pm$nan

Num exec: 0
Num abort: 0
Number of KFs: nan$\pm$nan
Number of MPs: nan$\pm$nan

Saving trajectory to f_dataset-MH02_stereo_imu.txt ...
There are 1 maps in the atlas
  Map 0 has 131 KFs

End of saving trajectory to f_dataset-MH02_stereo_imu.txt ...

Saving keyframe trajectory to kf_dataset-MH02_stereo_imu.txt ...
