num_seq = 1
file name: dataset-MH02_stereo_imu
Loading images for sequence 0...LOADED!
Loading IMU for sequence 0...LOADED!

-------

ORB-SLAM3 Copyright (C) 2017-2020 Carlos Campos, Richard Elvira, Juan J. Gómez, José M.M. Montiel and Juan D. Tardós, University of Zaragoza.
ORB-SLAM2 Copyright (C) 2014-2016 Raúl Mur-Artal, José M.M. Montiel and Juan D. Tardós, University of Zaragoza.
This program comes with ABSOLUTELY NO WARRANTY;
This is free software, and you are welcome to redistribute it
under certain conditions. See LICENSE.txt.

Built with REGISTER_TIMES
Git Commit Hash: 2d47524

Build Type: Release

Compiled with C++ version: 201703

Input sensor was set to: Stereo-Inertial
Loading settings from EuRoC_fov_deadlines_mask_12x12.yaml
	-Loaded camera 1
	-Loaded camera 2
	-Loaded image info
	-Loaded IMU calibration
	-Loaded ORB settings
	-Loaded viewer settings
	-Loaded Atlas settings
Deadlines enabled, will skip frames!
FOV enabled
Static mask size: 12x12
Dumping map points enabled
	-Loaded misc parameters
	-Computed rectification maps
----------------------------------
SLAM settings: 
	-Camera 1 parameters (Pinhole): [ 458.65399169921875 457.29598999023438 367.21499633789062 248.375 ]
	-Camera 1 distortion parameters: [  -0.28340810537338257 0.073959067463874817 0.00019359000725671649 1.7618711353861727e-05 ]
	-Camera 2 parameters (Pinhole: [ 457.58700561523438 456.13400268554688 379.99899291992188 255.23800659179688 ]
	-Camera 1 distortion parameters: [  -0.2836836576461792 0.074512839317321777 -0.00010473000293131918 -3.555907096597366e-05 ]
	-Original image size: [ 752 , 480 ]
	-Current image size: [ 752 , 480 ]
	-Camera 1 parameters after rectification: [  456.71499633789062 456.71499633789062 364.52615356445312 257.268798828125 ]
	-Sequence FPS: 20
	-Stereo baseline: 0.11007784307003021
	-Stereo depth threshold : 60
	-Gyro noise: 0.00016999999934341758
	-Accelerometer noise: 0.0020000000949949026
	-Gyro walk: 1.9392999092815444e-05
	-Accelerometer walk: 0.0030000000260770321
	-IMU frequency: 200
	-Features per image: 1200
	-ORB scale factor: 1.2000000476837158
	-ORB number of scales: 8
	-Initial FAST threshold: 20
	-Min FAST threshold: 7


Loading ORB Vocabulary. This could take a while...
Vocabulary loaded!

Initialization of Atlas from scratch 
Creation of new map with id: 0
Creation of new map with last KF id: 0
Seq. Name: 
There are 1 cameras in the atlas
Camera 0 is pinhole
SLAM Started at System Time: 1743028888.97883
not IMU meas
not IMU meas
not enough acceleration
not enough acceleration
not enough acceleration
not enough acceleration
not enough acceleration
not enough acceleration
First KF:0; Map init KF:0
New Map created with 189 points
Active map: 0
Dropping frame 1403636859.1516664
Dropping frame 1403636859.7016666
Dropping frame 1403636860.0516665
Dropping frame 1403636860.3016665
Dropping frame 1403636860.5016665
Dropping frame 1403636860.6016665
Dropping frame 1403636860.9016666
Dropping frame 1403636861.0016665
Dropping frame 1403636861.4016666
Dropping frame 1403636861.8016665
Dropping frame 1403636862.0016665
Dropping frame 1403636862.2016666
Dropping frame 1403636862.4016666
Dropping frame 1403636862.6516664
Dropping frame 1403636862.7516665
Dropping frame 1403636863.0016665
Dropping frame 1403636863.2516665
Dropping frame 1403636863.5016665
Dropping frame 1403636863.6016665
Dropping frame 1403636864.1016665
Dropping frame 1403636864.2516665
Dropping frame 1403636864.5016665
start VIBA 1
end VIBA 1
Dropping frame 1403636864.7016666
Dropping frame 1403636864.8516665
Dropping frame 1403636865.1016665
Dropping frame 1403636865.2016666
Dropping frame 1403636865.3516665
Dropping frame 1403636865.5516665
Dropping frame 1403636865.6516664
Dropping frame 1403636865.8016665
Dropping frame 1403636866.1516664
Dropping frame 1403636866.7516665
Dropping frame 1403636867.0016665
Dropping frame 1403636867.1516664
Dropping frame 1403636867.4016666
Dropping frame 1403636867.7016666
Dropping frame 1403636867.8016665
Dropping frame 1403636868.0016665
Dropping frame 1403636868.2016666
Dropping frame 1403636868.4016666
Dropping frame 1403636868.6016665
Dropping frame 1403636868.9016666
Dropping frame 1403636869.1516664
Dropping frame 1403636869.3516665
Dropping frame 1403636869.6016665
Dropping frame 1403636869.7016666
Dropping frame 1403636869.8016665
Dropping frame 1403636869.9016666
Dropping frame 1403636870.0016665
Dropping frame 1403636870.2516665
Dropping frame 1403636870.3516665
Dropping frame 1403636870.5516665
Dropping frame 1403636870.6516664
Dropping frame 1403636870.8016665
Dropping frame 1403636871.0016665
Dropping frame 1403636871.2016666
Dropping frame 1403636871.3516665
Dropping frame 1403636871.4516664
Dropping frame 1403636871.6516664
Dropping frame 1403636871.9016666
Dropping frame 1403636872.0516665
Dropping frame 1403636872.3016665
Dropping frame 1403636872.4016666
Dropping frame 1403636872.5016665
Dropping frame 1403636872.8016665
Dropping frame 1403636873.0516665
Dropping frame 1403636873.3516665
Dropping frame 1403636873.6016665
Dropping frame 1403636873.7016666
Dropping frame 1403636873.9516664
Dropping frame 1403636874.0516665
Dropping frame 1403636874.3016665
Dropping frame 1403636874.4516664
Dropping frame 1403636874.7516665
Dropping frame 1403636874.8516665
Dropping frame 1403636875.1516664
Dropping frame 1403636875.2516665
start VIBA 2
Dropping frame 1403636875.3516665
end VIBA 2
Dropping frame 1403636875.6016665
Dropping frame 1403636875.7016666
Dropping frame 1403636875.8016665
Dropping frame 1403636876.0016665
Dropping frame 1403636876.2016666
Dropping frame 1403636876.4016666
Dropping frame 1403636876.6016665
Dropping frame 1403636876.8016665
Dropping frame 1403636876.9016666
Dropping frame 1403636877.2016666
Dropping frame 1403636877.5016665
Dropping frame 1403636877.7016666
Dropping frame 1403636877.9016666
Dropping frame 1403636878.0016665
Dropping frame 1403636878.4516664
Dropping frame 1403636878.5516665
Dropping frame 1403636878.6516664
Dropping frame 1403636878.8516665
Dropping frame 1403636879.2516665
Dropping frame 1403636879.3516665
Dropping frame 1403636879.6016665
Dropping frame 1403636879.7016666
Dropping frame 1403636879.8516665
Dropping frame 1403636880.3016665
Dropping frame 1403636880.6016665
Dropping frame 1403636880.8016665
Dropping frame 1403636881.0016665
Dropping frame 1403636881.1016665
Dropping frame 1403636881.3016665
Dropping frame 1403636881.5016665
Dropping frame 1403636881.6016665
Dropping frame 1403636881.9016666
Dropping frame 1403636882.3016665
Dropping frame 1403636882.5016665
Dropping frame 1403636882.7016666
Dropping frame 1403636882.9016666
Dropping frame 1403636883.0016665
Dropping frame 1403636883.3016665
Dropping frame 1403636883.5016665
Dropping frame 1403636883.8516665
Dropping frame 1403636883.9516664
Dropping frame 1403636884.1516664
Dropping frame 1403636884.2516665
Dropping frame 1403636884.6016665
Dropping frame 1403636884.8516665
Dropping frame 1403636885.2016666
Dropping frame 1403636885.5516665
Dropping frame 1403636885.7016666
Dropping frame 1403636886.1016665
Dropping frame 1403636886.3016665
Dropping frame 1403636886.4016666
Dropping frame 1403636886.6516664
Dropping frame 1403636886.9516664
Dropping frame 1403636887.2516665
Dropping frame 1403636887.3516665
Dropping frame 1403636887.6516664
Dropping frame 1403636887.9016666
Dropping frame 1403636888.1016665
Dropping frame 1403636889.1516664
Dropping frame 1403636889.4016666
Dropping frame 1403636889.6516664
Dropping frame 1403636890.1516664
Dropping frame 1403636890.3516665
Dropping frame 1403636890.6016665
Dropping frame 1403636890.9016666
Dropping frame 1403636891.0516665
Dropping frame 1403636891.2016666
Dropping frame 1403636891.6016665
Dropping frame 1403636891.7516665
Dropping frame 1403636892.0016665
Dropping frame 1403636892.2016666
Dropping frame 1403636892.3016665
Dropping frame 1403636892.5516665
Dropping frame 1403636892.8516665
Dropping frame 1403636893.2016666
Dropping frame 1403636893.3516665
Dropping frame 1403636893.6016665
Dropping frame 1403636893.8516665
Dropping frame 1403636894.0016665
Dropping frame 1403636894.2016666
Dropping frame 1403636894.4016666
Dropping frame 1403636894.5016665
Dropping frame 1403636894.7516665
Dropping frame 1403636894.8516665
Dropping frame 1403636895.1016665
Dropping frame 1403636895.4016666
Dropping frame 1403636895.7516665
Dropping frame 1403636895.8516665
Dropping frame 1403636896.1016665
Dropping frame 1403636896.4016666
Dropping frame 1403636896.6016665
Dropping frame 1403636896.9016666
Dropping frame 1403636897.2016666
Dropping frame 1403636897.4016666
Dropping frame 1403636898.6016665
Dropping frame 1403636898.7516665
Dropping frame 1403636899.1016665
Dropping frame 1403636899.3516665
Dropping frame 1403636900.0016665
Dropping frame 1403636900.3516665
Dropping frame 1403636900.8516665
Dropping frame 1403636901.1016665
Dropping frame 1403636901.6016665
Dropping frame 1403636901.8516665
Dropping frame 1403636902.5016665
Dropping frame 1403636902.8016665
Dropping frame 1403636903.3016665
Dropping frame 1403636903.7016666
Dropping frame 1403636904.1016665
Dropping frame 1403636904.8516665
Dropping frame 1403636904.9516664
Dropping frame 1403636905.5516665
Dropping frame 1403636905.9016666
Dropping frame 1403636906.1016665
Dropping frame 1403636906.6016665
Dropping frame 1403636906.9516664
Dropping frame 1403636907.6016665
Dropping frame 1403636908.1016665
Dropping frame 1403636908.6516664
Dropping frame 1403636909.1016665
Dropping frame 1403636909.4516664
Dropping frame 1403636909.9016666
Dropping frame 1403636910.2516665
Dropping frame 1403636911.2516665
Dropping frame 1403636911.5516665
Dropping frame 1403636912.1016665
Dropping frame 1403636912.2516665
Dropping frame 1403636912.7016666
Dropping frame 1403636912.9016666
Dropping frame 1403636913.7016666
Dropping frame 1403636914.1016665
Dropping frame 1403636914.7016666
Dropping frame 1403636914.9016666
Dropping frame 1403636915.1016665
Dropping frame 1403636915.5016665
Dropping frame 1403636915.8016665
Dropping frame 1403636916.4016666
Dropping frame 1403636917.7516665
Dropping frame 1403636918.0016665
Dropping frame 1403636918.2516665
Dropping frame 1403636918.7016666
Dropping frame 1403636918.9016666
Dropping frame 1403636919.0016665
Dropping frame 1403636919.3016665
Dropping frame 1403636919.4016666
Dropping frame 1403636919.5016665
Dropping frame 1403636919.7016666
Dropping frame 1403636919.8516665
Dropping frame 1403636920.0516665
Dropping frame 1403636920.3016665
Dropping frame 1403636920.4016666
Dropping frame 1403636920.5016665
Dropping frame 1403636920.6016665
Dropping frame 1403636920.7016666
Dropping frame 1403636920.8016665
Dropping frame 1403636921.0016665
Dropping frame 1403636921.1016665
Dropping frame 1403636921.3516665
Dropping frame 1403636921.4516664
Dropping frame 1403636921.7516665
Dropping frame 1403636921.8516665
Dropping frame 1403636921.9516664
Dropping frame 1403636922.0516665
Dropping frame 1403636922.2516665
Dropping frame 1403636922.3516665
Dropping frame 1403636922.4516664
Dropping frame 1403636922.6516664
Dropping frame 1403636922.7516665
Dropping frame 1403636922.8516665
Dropping frame 1403636922.9516664
Dropping frame 1403636923.1516664
Dropping frame 1403636923.2516665
Dropping frame 1403636923.3516665
Dropping frame 1403636923.4516664
Dropping frame 1403636923.6516664
Dropping frame 1403636923.7516665
Dropping frame 1403636923.8516665
Dropping frame 1403636923.9516664
Dropping frame 1403636924.0516665
Dropping frame 1403636924.1516664
Dropping frame 1403636924.3016665
Dropping frame 1403636924.4516664
Dropping frame 1403636924.5516665
Dropping frame 1403636924.6516664
Dropping frame 1403636924.9016666
Dropping frame 1403636925.0516665
Dropping frame 1403636925.1516664
Dropping frame 1403636925.3516665
Dropping frame 1403636925.4516664
Dropping frame 1403636925.5516665
Dropping frame 1403636925.6516664
Dropping frame 1403636925.7516665
Dropping frame 1403636925.9016666
Dropping frame 1403636926.0016665
Dropping frame 1403636926.2516665
Dropping frame 1403636926.3516665
Dropping frame 1403636926.4516664
Dropping frame 1403636926.5516665
Dropping frame 1403636926.7016666
Dropping frame 1403636926.8016665
Dropping frame 1403636927.0016665
Dropping frame 1403636927.1016665
Dropping frame 1403636927.2016666
Dropping frame 1403636927.3016665
Dropping frame 1403636927.4016666
Dropping frame 1403636927.5016665
Dropping frame 1403636927.6016665
Dropping frame 1403636927.8016665
Dropping frame 1403636927.9016666
Dropping frame 1403636928.0016665
Dropping frame 1403636928.1016665
Dropping frame 1403636928.2016666
Dropping frame 1403636928.3016665
Dropping frame 1403636928.4016666
Dropping frame 1403636928.5516665
Dropping frame 1403636928.6516664
Dropping frame 1403636928.7516665
Dropping frame 1403636928.8516665
Dropping frame 1403636928.9516664
Dropping frame 1403636929.2016666
Dropping frame 1403636929.4016666
Dropping frame 1403636929.5016665
Dropping frame 1403636929.6016665
Dropping frame 1403636929.7016666
Dropping frame 1403636929.8016665
Dropping frame 1403636930.0016665
Dropping frame 1403636930.1016665
Dropping frame 1403636930.2516665
Dropping frame 1403636930.4516664
Dropping frame 1403636930.5516665
Dropping frame 1403636930.6516664
Dropping frame 1403636930.8516665
Dropping frame 1403636931.0516665
Dropping frame 1403636931.1516664
Dropping frame 1403636931.2516665
Dropping frame 1403636931.4516664
Dropping frame 1403636931.5516665
Dropping frame 1403636931.8016665
Dropping frame 1403636931.9016666
Dropping frame 1403636932.0016665
Dropping frame 1403636932.3016665
Dropping frame 1403636932.4016666
Dropping frame 1403636932.5016665
Dropping frame 1403636932.6016665
Dropping frame 1403636932.8516665
Dropping frame 1403636932.9516664
Dropping frame 1403636933.1016665
Dropping frame 1403636933.2516665
Dropping frame 1403636933.3516665
Dropping frame 1403636933.5516665
Dropping frame 1403636933.6516664
Dropping frame 1403636933.9016666
Dropping frame 1403636934.0016665
Dropping frame 1403636934.3016665
Dropping frame 1403636934.4016666
Dropping frame 1403636934.6516664
Dropping frame 1403636934.7516665
Dropping frame 1403636934.8516665
Dropping frame 1403636934.9516664
Dropping frame 1403636935.2016666
Dropping frame 1403636935.3016665
Dropping frame 1403636935.5516665
Dropping frame 1403636935.6516664
Dropping frame 1403636935.9016666
Dropping frame 1403636936.0016665
Dropping frame 1403636936.4016666
Dropping frame 1403636936.5016665
Dropping frame 1403636936.8016665
Dropping frame 1403636936.9016666
Dropping frame 1403636937.1516664
Dropping frame 1403636937.2516665
Dropping frame 1403636937.4516664
Dropping frame 1403636937.6516664
Dropping frame 1403636938.0016665
Dropping frame 1403636938.1516664
Dropping frame 1403636938.2516665
Dropping frame 1403636938.6016665
Dropping frame 1403636939.0016665
Dropping frame 1403636939.6516664
Dropping frame 1403636940.2516665
Dropping frame 1403636940.3516665
Dropping frame 1403636940.5516665
Dropping frame 1403636940.6516664
Dropping frame 1403636940.7516665
Dropping frame 1403636940.8516665
Dropping frame 1403636941.2516665
Dropping frame 1403636941.3516665
Dropping frame 1403636941.4516664
Dropping frame 1403636941.6516664
Dropping frame 1403636941.7516665
Dropping frame 1403636941.8516665
Dropping frame 1403636942.0016665
Dropping frame 1403636942.4016666
Dropping frame 1403636942.5016665
Dropping frame 1403636942.6016665
Dropping frame 1403636942.8516665
Dropping frame 1403636943.0016665
Dropping frame 1403636943.1016665
Dropping frame 1403636943.2016666
Dropping frame 1403636943.3516665
Dropping frame 1403636943.5516665
Dropping frame 1403636943.6516664
Dropping frame 1403636943.8016665
Dropping frame 1403636943.9016666
Dropping frame 1403636944.0016665
Dropping frame 1403636944.1016665
Dropping frame 1403636944.3516665
Dropping frame 1403636944.5516665
Dropping frame 1403636944.6516664
Dropping frame 1403636945.1516664
Dropping frame 1403636945.2516665
Dropping frame 1403636945.3516665
Dropping frame 1403636945.4516664
Dropping frame 1403636945.8016665
Dropping frame 1403636945.9516664
Dropping frame 1403636946.0516665
Dropping frame 1403636946.1516664
Dropping frame 1403636946.3516665
Dropping frame 1403636946.4516664
Dropping frame 1403636946.6516664
Dropping frame 1403636946.7516665
Dropping frame 1403636946.9016666
Dropping frame 1403636947.2516665
Dropping frame 1403636947.4016666
Dropping frame 1403636947.5016665
Dropping frame 1403636947.7016666
Dropping frame 1403636947.8016665
Dropping frame 1403636948.0016665
Dropping frame 1403636948.1516664
Dropping frame 1403636948.2516665
Dropping frame 1403636948.4016666
Dropping frame 1403636948.5016665
Dropping frame 1403636948.6016665
Dropping frame 1403636948.7016666
Dropping frame 1403636948.8516665
Dropping frame 1403636949.0016665
Dropping frame 1403636949.1016665
Dropping frame 1403636949.2016666
Dropping frame 1403636949.3016665
Dropping frame 1403636949.5016665
Dropping frame 1403636949.6016665
Dropping frame 1403636949.7016666
Dropping frame 1403636949.8016665
Dropping frame 1403636950.0016665
Dropping frame 1403636950.1016665
Dropping frame 1403636950.2016666
Dropping frame 1403636950.3016665
Dropping frame 1403636950.5016665
Dropping frame 1403636950.6016665
Dropping frame 1403636950.7516665
Dropping frame 1403636950.8516665
Dropping frame 1403636950.9516664
Dropping frame 1403636951.1016665
Dropping frame 1403636951.3016665
Dropping frame 1403636951.4016666
Dropping frame 1403636951.5016665
Dropping frame 1403636951.7016666
Dropping frame 1403636951.9016666
Dropping frame 1403636952.0016665
Dropping frame 1403636952.1516664
Dropping frame 1403636952.4016666
Dropping frame 1403636952.6016665
Dropping frame 1403636952.8016665
Dropping frame 1403636952.9016666
Dropping frame 1403636953.0016665
Dropping frame 1403636953.2016666
Dropping frame 1403636953.4516664
Dropping frame 1403636953.5516665
Dropping frame 1403636953.8016665
Dropping frame 1403636953.9516664
Dropping frame 1403636954.0516665
Dropping frame 1403636954.2516665
Dropping frame 1403636954.4516664
Dropping frame 1403636954.6516664
Dropping frame 1403636954.8516665
Dropping frame 1403636955.0516665
Dropping frame 1403636955.2516665
Dropping frame 1403636955.3516665
Dropping frame 1403636955.4516664
Dropping frame 1403636955.6516664
Dropping frame 1403636955.8516665
Dropping frame 1403636955.9516664
Dropping frame 1403636956.0516665
Dropping frame 1403636956.1516664
Dropping frame 1403636956.3516665
Dropping frame 1403636956.5516665
Dropping frame 1403636956.6516664
Dropping frame 1403636956.7516665
Dropping frame 1403636956.8516665
Dropping frame 1403636957.1016665
Dropping frame 1403636957.3016665
Dropping frame 1403636957.5016665
Dropping frame 1403636957.7016666
Dropping frame 1403636957.8016665
Dropping frame 1403636957.9016666
Dropping frame 1403636958.1016665
Dropping frame 1403636958.3016665
Dropping frame 1403636958.5016665
Dropping frame 1403636958.6516664
Dropping frame 1403636958.8516665
Dropping frame 1403636959.0516665
Dropping frame 1403636959.2516665
Dropping frame 1403636959.4516664
Dropping frame 1403636959.6016665
Dropping frame 1403636959.8016665
Dropping frame 1403636960.0016665
Dropping frame 1403636960.2016666
Dropping frame 1403636960.4016666
Dropping frame 1403636960.5016665
Dropping frame 1403636960.6016665
Dropping frame 1403636960.8016665
Dropping frame 1403636961.0016665
Dropping frame 1403636961.2016666
Dropping frame 1403636961.4016666
Dropping frame 1403636961.6016665
Dropping frame 1403636961.8016665
Dropping frame 1403636961.9016666
Dropping frame 1403636962.1016665
Dropping frame 1403636962.2016666
Dropping frame 1403636962.4016666
Dropping frame 1403636962.6016665
Dropping frame 1403636962.8016665
Dropping frame 1403636962.9016666
Dropping frame 1403636963.0016665
Dropping frame 1403636963.1016665
Dropping frame 1403636963.3016665
Dropping frame 1403636963.4016666
Dropping frame 1403636963.6016665
Dropping frame 1403636963.8016665
Dropping frame 1403636963.9016666
Dropping frame 1403636964.0016665
Dropping frame 1403636964.2016666
Dropping frame 1403636964.4016666
Dropping frame 1403636964.6016665
Dropping frame 1403636964.8016665
Dropping frame 1403636965.0016665
Dropping frame 1403636965.1016665
Dropping frame 1403636965.3016665
Dropping frame 1403636965.5016665
Dropping frame 1403636965.6016665
Dropping frame 1403636965.7016666
Dropping frame 1403636965.8016665
Dropping frame 1403636966.0016665
Dropping frame 1403636966.2016666
Dropping frame 1403636966.4016666
Dropping frame 1403636966.6016665
Dropping frame 1403636966.7016666
Dropping frame 1403636967.1016665
Dropping frame 1403636967.2016666
Dropping frame 1403636967.4016666
Dropping frame 1403636967.6016665
Dropping frame 1403636967.8016665
Dropping frame 1403636968.0016665
Dropping frame 1403636968.2016666
Dropping frame 1403636968.4016666
Dropping frame 1403636968.6016665
Dropping frame 1403636968.7016666
Dropping frame 1403636968.8016665
Dropping frame 1403636969.0016665
Dropping frame 1403636969.2016666
Dropping frame 1403636969.4016666
Dropping frame 1403636969.6016665
Dropping frame 1403636969.8016665
Dropping frame 1403636970.0016665
Dropping frame 1403636970.2016666
Dropping frame 1403636970.3016665
Dropping frame 1403636970.5016665
Dropping frame 1403636970.7016666
Dropping frame 1403636970.9016666
Dropping frame 1403636971.1016665
Dropping frame 1403636971.3016665
Dropping frame 1403636971.4016666
Dropping frame 1403636971.5016665
Dropping frame 1403636971.7516665
Dropping frame 1403636971.9016666
Dropping frame 1403636972.1016665
Dropping frame 1403636972.3016665
Dropping frame 1403636972.5016665
Dropping frame 1403636972.7016666
Dropping frame 1403636972.9016666
Dropping frame 1403636973.0016665
Dropping frame 1403636973.1016665
Dropping frame 1403636973.3016665
Dropping frame 1403636973.5016665
Dropping frame 1403636973.6016665
Dropping frame 1403636973.8016665
Dropping frame 1403636973.9516664
Dropping frame 1403636974.1516664
Dropping frame 1403636974.3516665
Dropping frame 1403636974.5516665
Dropping frame 1403636974.6516664
Dropping frame 1403636974.7516665
Dropping frame 1403636974.9516664
Dropping frame 1403636975.0516665
Dropping frame 1403636975.3016665
Dropping frame 1403636975.5016665
Dropping frame 1403636975.7016666
Dropping frame 1403636976.0016665
Dropping frame 1403636976.2016666
Dropping frame 1403636976.4016666
Dropping frame 1403636976.6016665
Dropping frame 1403636976.8016665
Dropping frame 1403636977.0016665
Dropping frame 1403636977.1016665
Dropping frame 1403636977.4516664
Dropping frame 1403636977.6516664
Dropping frame 1403636977.8516665
Dropping frame 1403636978.0516665
Dropping frame 1403636978.1516664
Dropping frame 1403636978.4516664
Dropping frame 1403636978.6516664
Dropping frame 1403636978.7516665
Dropping frame 1403636978.9516664
Dropping frame 1403636979.0516665
Dropping frame 1403636979.2516665
Dropping frame 1403636979.4516664
Dropping frame 1403636979.5516665
Dropping frame 1403636979.6516664
Dropping frame 1403636979.8516665
Dropping frame 1403636980.0516665
Dropping frame 1403636980.1516664
Dropping frame 1403636980.2516665
Dropping frame 1403636980.5016665
Dropping frame 1403636980.7016666
Dropping frame 1403636980.8016665
Dropping frame 1403636980.9016666
Dropping frame 1403636981.0016665
Dropping frame 1403636981.1016665
Dropping frame 1403636981.3016665
Dropping frame 1403636981.5016665
Dropping frame 1403636981.8516665
Dropping frame 1403636982.0516665
Dropping frame 1403636982.2516665
Dropping frame 1403636982.4516664
Dropping frame 1403636982.5516665
Dropping frame 1403636982.6516664
Dropping frame 1403636982.9016666
Dropping frame 1403636983.1016665
Dropping frame 1403636983.2016666
Dropping frame 1403636983.3016665
Dropping frame 1403636983.4016666
Dropping frame 1403636983.6016665
Dropping frame 1403636983.8016665
Dropping frame 1403636983.9016666
Dropping frame 1403636984.0516665
Dropping frame 1403636984.2516665
Dropping frame 1403636984.4516664
Dropping frame 1403636984.5516665
Dropping frame 1403636984.6516664
Dropping frame 1403636984.9016666
Dropping frame 1403636985.1016665
Dropping frame 1403636985.3016665
Dropping frame 1403636985.4016666
Dropping frame 1403636985.5016665
Dropping frame 1403636985.8016665
Dropping frame 1403636986.0016665
Dropping frame 1403636986.1016665
Dropping frame 1403636986.4016666
Dropping frame 1403636986.6016665
Dropping frame 1403636986.7016666
Dropping frame 1403636986.8016665
Dropping frame 1403636987.0016665
Dropping frame 1403636987.1516664
Dropping frame 1403636987.3516665
Dropping frame 1403636987.4516664
Dropping frame 1403636987.5516665
Dropping frame 1403636987.9016666
Dropping frame 1403636988.1516664
Dropping frame 1403636988.3516665
Dropping frame 1403636988.4516664
Dropping frame 1403636988.5516665
Dropping frame 1403636988.6516664
Dropping frame 1403636988.7516665
Dropping frame 1403636988.8516665
Dropping frame 1403636989.0516665
Dropping frame 1403636989.2516665
Dropping frame 1403636989.4016666
Dropping frame 1403636989.5016665
Dropping frame 1403636989.7016666
Dropping frame 1403636989.8016665
Dropping frame 1403636989.9516664
Dropping frame 1403636990.0516665
Dropping frame 1403636990.6016665
Dropping frame 1403636990.9016666
Dropping frame 1403636991.5516665
Dropping frame 1403636991.9516664
Dropping frame 1403636992.1516664
Dropping frame 1403636992.3516665
Dropping frame 1403636992.4516664
Dropping frame 1403636992.6516664
Dropping frame 1403636992.7516665
Dropping frame 1403636993.0016665
Dropping frame 1403636993.2016666
Dropping frame 1403636993.4016666
Dropping frame 1403636993.7016666
Dropping frame 1403636994.0516665
Dropping frame 1403636994.1516664
Dropping frame 1403636994.3516665
Dropping frame 1403636994.5016665
Dropping frame 1403636994.6016665
Dropping frame 1403636994.7016666
Dropping frame 1403636995.1516664
Dropping frame 1403636995.3516665
Dropping frame 1403636995.4516664
Dropping frame 1403636995.6016665
Dropping frame 1403636995.8016665
Dropping frame 1403636996.0516665
Dropping frame 1403636996.2516665
Dropping frame 1403636996.5016665
Dropping frame 1403636996.7016666
Dropping frame 1403636996.8516665
Dropping frame 1403636997.0516665
Dropping frame 1403636997.2516665
Dropping frame 1403636997.3516665
Dropping frame 1403636997.5516665
Dropping frame 1403636997.7516665
Dropping frame 1403636997.9516664
Dropping frame 1403636998.1516664
Dropping frame 1403636998.2516665
Dropping frame 1403636998.3516665
Dropping frame 1403636998.6016665
Dropping frame 1403636998.7016666
Dropping frame 1403636998.9516664
Dropping frame 1403636999.1516664
Dropping frame 1403636999.2516665
Dropping frame 1403636999.5516665
Dropping frame 1403636999.6516664
Dropping frame 1403636999.7516665
Dropping frame 1403636999.9516664
Dropping frame 1403637000.1516664
Dropping frame 1403637000.3516665
Dropping frame 1403637000.5516665
Dropping frame 1403637000.6516664
Dropping frame 1403637000.7516665
Dropping frame 1403637000.8516665
Dropping frame 1403637001.1516664
Dropping frame 1403637001.2516665
Dropping frame 1403637001.4516664
Dropping frame 1403637001.6516664
Dropping frame 1403637002.1016665
Dropping frame 1403637002.3016665
Dropping frame 1403637002.4016666
Dropping frame 1403637002.5016665
Dropping frame 1403637002.7016666
Dropping frame 1403637002.9016666
Dropping frame 1403637003.0016665
Dropping frame 1403637003.2016666
Dropping frame 1403637003.3016665
Dropping frame 1403637003.5016665
Dropping frame 1403637003.6016665
Dropping frame 1403637003.8016665
Dropping frame 1403637004.0516665
Dropping frame 1403637004.2516665
Dropping frame 1403637004.3516665
Dropping frame 1403637004.4516664
Dropping frame 1403637004.6516664
Dropping frame 1403637004.8516665
Dropping frame 1403637004.9516664
Dropping frame 1403637005.0516665
Dropping frame 1403637005.2516665
Dropping frame 1403637005.3516665
Dropping frame 1403637005.5516665
Dropping frame 1403637005.7516665
Dropping frame 1403637005.8516665
Dropping frame 1403637006.0516665
Dropping frame 1403637006.2516665
Dropping frame 1403637006.4516664
Dropping frame 1403637006.6516664
Dropping frame 1403637006.7516665
Dropping frame 1403637006.9516664
Dropping frame 1403637007.0516665
Dropping frame 1403637007.2516665
Dropping frame 1403637007.6016665
Dropping frame 1403637007.8016665
Dropping frame 1403637007.9016666
Dropping frame 1403637008.1516664
Dropping frame 1403637008.3516665
Dropping frame 1403637008.5516665
Dropping frame 1403637008.7516665
Dropping frame 1403637008.8516665
Dropping frame 1403637008.9516664
Dropping frame 1403637009.1516664
Dropping frame 1403637009.3516665
Dropping frame 1403637009.5516665
Dropping frame 1403637009.7516665
Dropping frame 1403637009.8516665
Dropping frame 1403637009.9516664
Dropping frame 1403637010.1516664
Dropping frame 1403637010.3516665
Dropping frame 1403637010.4516664
Shutdown
SLAM Finished at System Time: 1743029076.08731

 TIME STATS in ms (mean$\pm$std)
OpenCV version: 4.8.1
---------------------------
Tracking

ORB Extraction: 20.831$\pm$1.9888
Stereo Matching: 7.303$\pm$1.9223
IMU Preintegration: 0.2391$\pm$0.086779
Pose Prediction: 0.22102$\pm$0.61186
LM Track: 19.261$\pm$5.3402
New KF decision: 1.298$\pm$2.415
Total Tracking: 32.297$\pm$27.147



Local Mapping

KF Insertion: 17.023$\pm$5.6963
MP Culling: 0.56122$\pm$0.20828
MP Creation: 50.344$\pm$16.573
LBA: 149.43$\pm$55.115
KF Culling: 15.163$\pm$10.259
Total Local Mapping: 232.54$\pm$80.071
---------------------------

LBA complexity (mean$\pm$std)
LBA Edges: 1720.9$\pm$630.94
LBA KF optimized: 6.5$\pm$2.2913
LBA KF fixed: 1$\pm$0
LBA MP: nan$\pm$nan

LBA executions: 454
LBA aborts: 0
---------------------------

Map complexity
KFs in map: 124
MPs in map: 9569
---------------------------

Place Recognition (mean$\pm$std)
Database Query: 1.5974$\pm$0.89459
SE3 estimation: 10.776$\pm$16.332
Total Place Recognition: 11.005$\pm$16.284


Loop Closing (mean$\pm$std)
Loop Fusion: nan$\pm$nan
Essential Graph: nan$\pm$nan
Total Loop Closing: nan$\pm$nan

Num exec: 0
Number of KFs: nan$\pm$nan

Map Merging (mean$\pm$std)
Merge Maps: nan$\pm$nan
Welding BA: nan$\pm$nan
Optimization Ess.: nan$\pm$nan
Total Map Merging: nan$\pm$nan

Num exec: 0
Number of KFs: nan$\pm$nan
Number of MPs: nan$\pm$nan

Full GBA (mean$\pm$std)
GBA: nan$\pm$nan
Map Update: nan$\pm$nan
Total Full GBA: nan$\pm$nan

Num exec: 0
Num abort: 0
Number of KFs: nan$\pm$nan
Number of MPs: nan$\pm$nan

Saving trajectory to f_dataset-MH02_stereo_imu.txt ...
There are 1 maps in the atlas
  Map 0 has 124 KFs

End of saving trajectory to f_dataset-MH02_stereo_imu.txt ...

Saving keyframe trajectory to kf_dataset-MH02_stereo_imu.txt ...
