num_seq = 1
file name: dataset-V2_03_difficult_run8
Loading images for sequence 0...LOADED!
Loading IMU for sequence 0...LOADED!

-------

ORB-SLAM3 Copyright (C) 2017-2020 Carlos Campos, Richard Elvira, Juan J. Gómez, José M.M. Montiel and Juan D. Tardós, University of Zaragoza.
ORB-SLAM2 Copyright (C) 2014-2016 Raúl Mur-Artal, José M.M. Montiel and Juan D. Tardós, University of Zaragoza.
This program comes with ABSOLUTELY NO WARRANTY;
This is free software, and you are welcome to redistribute it
under certain conditions. See LICENSE.txt.

Built with REGISTER_TIMES
Git Commit Hash: 48ed9a3

Build Type: Release

Compiled with C++ version: 201703

Input sensor was set to: Stereo-Inertial
Loading settings from /tmp/slimslam_cfg_QZB3.yaml
Camera1.k3 optional parameter does not exist...
	-Loaded camera 1
Camera2.k3 optional parameter does not exist...
	-Loaded camera 2
Camera.newHeight optional parameter does not exist...
Camera.newWidth optional parameter does not exist...
	-Loaded image info
IMU.InsertKFsWhenLost optional parameter does not exist...
	-Loaded IMU calibration
	-Loaded ORB settings
	-Loaded viewer settings
System.LoadAtlasFromFile optional parameter does not exist...
System.SaveAtlasToFile optional parameter does not exist...
	-Loaded Atlas settings
System.thFarPoints optional parameter does not exist...
System.enableDeadlines optional parameter does not exist...
System.enableFOV optional parameter does not exist...
System.maskHeight optional parameter does not exist...
System.maskWidth optional parameter does not exist...
System.enableOasis optional parameter does not exist...
System.dumpMapPoints optional parameter does not exist...
System.enableOmegaSLAM optional parameter does not exist...
System.enablePIDSLAM optional parameter does not exist...
SLIM SLAM enabled!
Will load ./slimslam_control_files/V2_03_difficult_control.txt for SlimSLAM Oracle config!
SlimSLAM.EnableTraining optional parameter does not exist...
System.debug_logs optional parameter does not exist...
	-Loaded misc parameters
	-Computed rectification maps
----------------------------------
SLAM settings: 
	-Camera 1 parameters (Pinhole): [ 458.65399169921875 457.29598999023438 367.21499633789062 248.375 ]
	-Camera 1 distortion parameters: [  -0.28340810537338257 0.073959067463874817 0.00019359000725671649 1.7618711353861727e-05 ]
	-Camera 2 parameters (Pinhole: [ 457.58700561523438 456.13400268554688 379.99899291992188 255.23800659179688 ]
	-Camera 1 distortion parameters: [  -0.2836836576461792 0.074512839317321777 -0.00010473000293131918 -3.555907096597366e-05 ]
	-Original image size: [ 752 , 480 ]
	-Current image size: [ 752 , 480 ]
	-Camera 1 parameters after rectification: [  456.71499633789062 456.71499633789062 364.52615356445312 257.268798828125 ]
	-Sequence FPS: 20
	-Stereo baseline: 0.11007784307003021
	-Stereo depth threshold : 60
	-Gyro noise: 0.00016999999934341758
	-Accelerometer noise: 0.0020000000949949026
	-Gyro walk: 1.9392999092815444e-05
	-Accelerometer walk: 0.0030000000260770321
	-IMU frequency: 200
	-Features per image: 1200
	-ORB scale factor: 1.2000000476837158
	-ORB number of scales: 8
	-Initial FAST threshold: 20
	-Min FAST threshold: 7


Loading ORB Vocabulary. This could take a while...
Vocabulary loaded!

Initialization of Atlas from scratch 
Creation of new map with id: 0
Creation of new map with last KF id: 0
SLIMSLAM: Singleton instance created with default parameters.
SLIMSLAM: Control file loaded successfully with 12 commands across 12 unique timestamps from: ./slimslam_control_files/V2_03_difficult_control.txt
Seq. Name: 
There are 1 cameras in the atlas
Camera 0 is pinhole
SLAM Started at System Time: 1749123140.27479
not IMU meas
not IMU meas
not enough acceleration
not enough acceleration
not enough acceleration
not enough acceleration
not enough acceleration
not enough acceleration
not enough acceleration
not enough acceleration
not enough acceleration
not enough acceleration
not enough acceleration
not enough acceleration
not enough acceleration
not enough acceleration
not enough acceleration
not enough acceleration
not enough acceleration
not enough acceleration
not enough acceleration
not enough acceleration
not enough acceleration
not enough acceleration
not enough acceleration
not enough acceleration
not enough acceleration
not enough acceleration
not enough acceleration
not enough acceleration
not enough acceleration
not enough acceleration
not enough acceleration
not enough acceleration
not enough acceleration
not enough acceleration
not enough acceleration
not enough acceleration
not enough acceleration
not enough acceleration
not enough acceleration
not enough acceleration
not enough acceleration
not enough acceleration
not enough acceleration
not enough acceleration
not enough acceleration
not enough acceleration
not enough acceleration
not enough acceleration
not enough acceleration
not enough acceleration
not enough acceleration
not enough acceleration
not enough acceleration
not enough acceleration
not enough acceleration
not enough acceleration
not enough acceleration
not enough acceleration
not enough acceleration
not enough acceleration
not enough acceleration
not enough acceleration
not enough acceleration
not enough acceleration
not enough acceleration
not enough acceleration
not enough acceleration
not enough acceleration
not enough acceleration
not enough acceleration
not enough acceleration
not enough acceleration
not enough acceleration
not enough acceleration
not enough acceleration
not enough acceleration
not enough acceleration
not enough acceleration
not enough acceleration
not enough acceleration
not enough acceleration
not enough acceleration
not enough acceleration
not enough acceleration
not enough acceleration
not enough acceleration
not enough acceleration
not enough acceleration
not enough acceleration
not enough acceleration
not enough acceleration
not enough acceleration
not enough acceleration
not enough acceleration
not enough acceleration
not enough acceleration
not enough acceleration
not enough acceleration
not enough acceleration
not enough acceleration
not enough acceleration
not enough acceleration
not enough acceleration
not enough acceleration
not enough acceleration
not enough acceleration
not enough acceleration
First KF:0; Map init KF:0
New Map created with 425 points
Active map: 0
SLIMSLAM: Found commands for timestamp 1413394887.3057606
  Applying: KP_max = 60
SLIMSLAM: Found commands for timestamp 1413394887.7057605
  Applying: Skip_Frames = 2
Dropping frame 1413394887.7557604
Dropping frame 1413394887.8057606
SLIMSLAM: Found commands for timestamp 1413394887.8557603
  Applying: Processing_Frames = 1
Dropping frame 1413394887.9057605
Dropping frame 1413394887.9557605
SLIMSLAM: Found commands for timestamp 1413394888.0057604
  Applying: Skip_Frames = 2
Dropping frame 1413394888.0557604
Dropping frame 1413394888.1057606
SLIMSLAM: Found commands for timestamp 1413394888.1557603
  Applying: Skip_Frames = 2
Dropping frame 1413394888.2057605
Dropping frame 1413394888.2557604
SLIMSLAM: Found commands for timestamp 1413394889.2557604
  Applying: Skip_Frames = 1
Dropping frame 1413394889.3057606
SLIMSLAM: Found commands for timestamp 1413394889.3557603
  Applying: Skip_Frames = 2
Dropping frame 1413394889.4057605
Dropping frame 1413394889.4557605
SLIMSLAM: Found commands for timestamp 1413394889.5057604
  Applying: Skip_Frames = 2
Dropping frame 1413394889.5557604
Dropping frame 1413394889.6057606
virtual int g2o::SparseOptimizer::optimize(int, bool): 0 vertices to optimize, maybe forgot to call initializeOptimization()
Fail to track local map!
IMU is not or recently initialized. Reseting active map...
LM: Active map reset recieved
LM: Active map reset, waiting...
LM: Reseting current map in Local Mapping...
LM: End reseting Local Mapping...
LM: Reset free the mutex
LM: Active map reset, Done!!!
mnFirstFrameId = 109
mnInitialFrameId = 0
40 Frames set to lost
not IMU meas
First KF:9; Map init KF:0
New Map created with 306 points
Active map: 0
start VIBA 1
end VIBA 1
start VIBA 2
end VIBA 2
*Loop detected
phi = 0.00061395353089059427   0.042439725243950802  -0.012642967946938513
BAD LOOP!!!
*Loop detected
phi = -0.002882604506945643  0.018932047854682395 -0.048444530110739535
BAD LOOP!!!
*Loop detected
phi = 0.0051160386176897282  0.097872987503776515 -0.017588256764640507
BAD LOOP!!!
*Loop detected
phi = 0.0094065678379120898  0.077079835776365957  -0.25602168119016705
BAD LOOP!!!
*Loop detected
phi = -0.0011337877428804527 -0.0071591968152610571 -0.0057713742514986016
Local Mapping STOP
Local Mapping RELEASE
Local Mapping STOP
Local Mapping RELEASE
SLIMSLAM: Found commands for timestamp 1413394971.8557603
  Applying: Skip_Frames = 1
Dropping frame 1413394971.9557605
Shutdown
SLAM Finished at System Time: 1749123267.77863

 TIME STATS in ms (mean$\pm$std)
OpenCV version: 4.6.0
---------------------------
Tracking

ORB Extraction: 13.314$\pm$1.3142
Stereo Matching: 6.2074$\pm$2.2898
IMU Preintegration: 0.11299$\pm$0.046007
Pose Prediction: 0.16428$\pm$0.58997
LM Track: 8.515$\pm$3.1046
New KF decision: 0.22519$\pm$0.22481
Total Tracking: 30.814$\pm$6.6816



Local Mapping

KF Insertion: 6.6634$\pm$2.3257
MP Culling: 0.19899$\pm$0.10382
MP Creation: 17.811$\pm$7.685
LBA: 67.611$\pm$24.565
KF Culling: 4.9258$\pm$3.5313
Total Local Mapping: 97.378$\pm$33.36
---------------------------

LBA complexity (mean$\pm$std)
LBA Edges: 2156.9$\pm$748.09
LBA KF optimized: 6.2667$\pm$2.1746
LBA KF fixed: 1$\pm$0
LBA MP: -nan$\pm$-nan

LBA executions: 755
LBA aborts: 1
---------------------------

Map complexity
KFs in map: 235
MPs in map: 11706
---------------------------

Place Recognition (mean$\pm$std)
Database Query: 1.2966$\pm$0.74153
SE3 estimation: 10.902$\pm$8.6848
Total Place Recognition: 10.42$\pm$9.4111


Loop Closing (mean$\pm$std)
Loop Fusion: 36.947$\pm$0
Essential Graph: 73.638$\pm$0
Total Loop Closing: 112.28$\pm$0

Num exec: 1
Number of KFs: -nan$\pm$-nan

Map Merging (mean$\pm$std)
Merge Maps: -nan$\pm$-nan
Welding BA: -nan$\pm$-nan
Optimization Ess.: -nan$\pm$-nan
Total Map Merging: -nan$\pm$-nan

Num exec: 0
Number of KFs: -nan$\pm$-nan
Number of MPs: -nan$\pm$-nan

Full GBA (mean$\pm$std)
GBA: 945.34$\pm$0
Map Update: 79.335$\pm$0
Total Full GBA: 1024.7$\pm$0

Num exec: 1
Num abort: 0
Number of KFs: 160$\pm$0
Number of MPs: 11244$\pm$0

Saving trajectory to f_dataset-V2_03_difficult_run8.txt ...
There are 1 maps in the atlas
  Map 0 has 235 KFs

End of saving trajectory to f_dataset-V2_03_difficult_run8.txt ...

Saving keyframe trajectory to kf_dataset-V2_03_difficult_run8.txt ...
