num_seq = 1
file name: dataset-MH05_stereo_imu
Loading images for sequence 0...LOADED!
Loading IMU for sequence 0...LOADED!

-------

ORB-SLAM3 Copyright (C) 2017-2020 Carlos Campos, Richard Elvira, Juan J. Gómez, José M.M. Montiel and Juan D. Tardós, University of Zaragoza.
ORB-SLAM2 Copyright (C) 2014-2016 Raúl Mur-Artal, José M.M. Montiel and Juan D. Tardós, University of Zaragoza.
This program comes with ABSOLUTELY NO WARRANTY;
This is free software, and you are welcome to redistribute it
under certain conditions. See LICENSE.txt.

Built with REGISTER_TIMES
Git Commit Hash: 2d47524

Build Type: Release

Compiled with C++ version: 201703

Input sensor was set to: Stereo-Inertial
Loading settings from EuRoC_fov_deadlines_mask_8x8.yaml
	-Loaded camera 1
	-Loaded camera 2
	-Loaded image info
	-Loaded IMU calibration
	-Loaded ORB settings
	-Loaded viewer settings
	-Loaded Atlas settings
Deadlines enabled, will skip frames!
FOV enabled
Static mask size: 8x8
Dumping map points enabled
	-Loaded misc parameters
	-Computed rectification maps
----------------------------------
SLAM settings: 
	-Camera 1 parameters (Pinhole): [ 458.65399169921875 457.29598999023438 367.21499633789062 248.375 ]
	-Camera 1 distortion parameters: [  -0.28340810537338257 0.073959067463874817 0.00019359000725671649 1.7618711353861727e-05 ]
	-Camera 2 parameters (Pinhole: [ 457.58700561523438 456.13400268554688 379.99899291992188 255.23800659179688 ]
	-Camera 1 distortion parameters: [  -0.2836836576461792 0.074512839317321777 -0.00010473000293131918 -3.555907096597366e-05 ]
	-Original image size: [ 752 , 480 ]
	-Current image size: [ 752 , 480 ]
	-Camera 1 parameters after rectification: [  456.71499633789062 456.71499633789062 364.52615356445312 257.268798828125 ]
	-Sequence FPS: 20
	-Stereo baseline: 0.11007784307003021
	-Stereo depth threshold : 60
	-Gyro noise: 0.00016999999934341758
	-Accelerometer noise: 0.0020000000949949026
	-Gyro walk: 1.9392999092815444e-05
	-Accelerometer walk: 0.0030000000260770321
	-IMU frequency: 200
	-Features per image: 1200
	-ORB scale factor: 1.2000000476837158
	-ORB number of scales: 8
	-Initial FAST threshold: 20
	-Min FAST threshold: 7


Loading ORB Vocabulary. This could take a while...
Vocabulary loaded!

Initialization of Atlas from scratch 
Creation of new map with id: 0
Creation of new map with last KF id: 0
Seq. Name: 
There are 1 cameras in the atlas
Camera 0 is pinhole
SLAM Started at System Time: 1743020610.9559
not IMU meas
not IMU meas
not enough acceleration
not enough acceleration
not enough acceleration
not enough acceleration
not enough acceleration
not enough acceleration
not enough acceleration
not enough acceleration
not enough acceleration
not enough acceleration
not enough acceleration
not enough acceleration
not enough acceleration
not enough acceleration
not enough acceleration
not enough acceleration
not enough acceleration
not enough acceleration
not enough acceleration
not enough acceleration
not enough acceleration
not enough acceleration
not enough acceleration
not enough acceleration
not enough acceleration
not enough acceleration
not enough acceleration
not enough acceleration
not enough acceleration
not enough acceleration
not enough acceleration
not enough acceleration
not enough acceleration
not enough acceleration
not enough acceleration
not enough acceleration
not enough acceleration
not enough acceleration
not enough acceleration
not enough acceleration
not enough acceleration
not enough acceleration
not enough acceleration
not enough acceleration
not enough acceleration
not enough acceleration
not enough acceleration
not enough acceleration
not enough acceleration
not enough acceleration
not enough acceleration
not enough acceleration
not enough acceleration
not enough acceleration
not enough acceleration
not enough acceleration
not enough acceleration
not enough acceleration
not enough acceleration
not enough acceleration
not enough acceleration
not enough acceleration
not enough acceleration
not enough acceleration
not enough acceleration
not enough acceleration
not enough acceleration
not enough acceleration
not enough acceleration
not enough acceleration
not enough acceleration
not enough acceleration
not enough acceleration
not enough acceleration
not enough acceleration
not enough acceleration
not enough acceleration
not enough acceleration
First KF:0; Map init KF:0
New Map created with 114 points
Active map: 0
Dropping frame 1403638523.3278296
Dropping frame 1403638523.5278294
Dropping frame 1403638523.6778293
Dropping frame 1403638524.0778294
Dropping frame 1403638524.1778293
Dropping frame 1403638524.7778294
Dropping frame 1403638525.4778295
Dropping frame 1403638525.7278295
Dropping frame 1403638526.3278296
Dropping frame 1403638527.1278296
start VIBA 1
end VIBA 1
Dropping frame 1403638529.3278296
Dropping frame 1403638529.5778294
Dropping frame 1403638529.8778293
Dropping frame 1403638530.0278294
Dropping frame 1403638530.1778293
Dropping frame 1403638530.4778295
Dropping frame 1403638530.7778294
Dropping frame 1403638531.1278296
Not enough motion for initializing. Reseting...
TRACK: Reset map because local mapper set the bad imu flag 
LM: Active map reset recieved
LM: Active map reset, waiting...
LM: Reseting current map in Local Mapping...
LM: End reseting Local Mapping...
LM: Reset free the mutex
LM: Active map reset, Done!!!
mnFirstFrameId = 80
mnInitialFrameId = 0
167 Frames set to lost
not IMU meas
First KF:40; Map init KF:0
New Map created with 154 points
Active map: 0
Dropping frame 1403638531.9778295
Dropping frame 1403638532.6778293
Dropping frame 1403638533.3278296
Not enough motion for initializing. Reseting...
TRACK: Reset map because local mapper set the bad imu flag 
LM: Reseting current map in Local Mapping...
LM: End reseting Local Mapping...
LM: Reset free the mutex
LM: Active map reset recieved
LM: Active map reset, waiting...
LM: Reseting current map in Local Mapping...
LM: End reseting Local Mapping...
LM: Reset free the mutex
LM: Active map reset, Done!!!
mnFirstFrameId = 249
mnInitialFrameId = 247
222 Frames set to lost
not IMU meas
not enough acceleration
not enough acceleration
not enough acceleration
not enough acceleration
not enough acceleration
not enough acceleration
not enough acceleration
not enough acceleration
not enough acceleration
not enough acceleration
not enough acceleration
not enough acceleration
not enough acceleration
not enough acceleration
not enough acceleration
not enough acceleration
not enough acceleration
not enough acceleration
not enough acceleration
not enough acceleration
not enough acceleration
not enough acceleration
not enough acceleration
not enough acceleration
not enough acceleration
not enough acceleration
not enough acceleration
not enough acceleration
not enough acceleration
not enough acceleration
not enough acceleration
not enough acceleration
not enough acceleration
not enough acceleration
not enough acceleration
not enough acceleration
not enough acceleration
not enough acceleration
not enough acceleration
not enough acceleration
not enough acceleration
not enough acceleration
not enough acceleration
not enough acceleration
not enough acceleration
not enough acceleration
not enough acceleration
not enough acceleration
not enough acceleration
not enough acceleration
not enough acceleration
not enough acceleration
not enough acceleration
not enough acceleration
not enough acceleration
not enough acceleration
not enough acceleration
not enough acceleration
not enough acceleration
not enough acceleration
not enough acceleration
not enough acceleration
not enough acceleration
not enough acceleration
not enough acceleration
not enough acceleration
not enough acceleration
not enough acceleration
not enough acceleration
not enough acceleration
not enough acceleration
not enough acceleration
not enough acceleration
not enough acceleration
not enough acceleration
not enough acceleration
not enough acceleration
not enough acceleration
not enough acceleration
not enough acceleration
not enough acceleration
not enough acceleration
not enough acceleration
not enough acceleration
not enough acceleration
not enough acceleration
not enough acceleration
First KF:51; Map init KF:40
New Map created with 154 points
Active map: 0
Dropping frame 1403638542.1778293
Dropping frame 1403638542.6278296
Dropping frame 1403638543.3278296
Dropping frame 1403638543.5778294
Dropping frame 1403638543.8278296
start VIBA 1
Dropping frame 1403638544.1278296
end VIBA 1
Dropping frame 1403638544.4778295
Dropping frame 1403638544.8778293
Dropping frame 1403638545.3278296
Dropping frame 1403638545.4278295
Dropping frame 1403638545.6778293
Dropping frame 1403638546.2278295
Dropping frame 1403638546.3278296
Dropping frame 1403638546.6278296
Dropping frame 1403638546.7278295
Dropping frame 1403638547.0278294
Dropping frame 1403638547.4278295
Dropping frame 1403638547.8778293
Dropping frame 1403638547.9778295
Dropping frame 1403638548.1778293
Dropping frame 1403638548.4778295
Dropping frame 1403638548.5778294
Dropping frame 1403638548.6778293
Dropping frame 1403638548.7778294
Dropping frame 1403638548.8778293
Dropping frame 1403638548.9778295
Dropping frame 1403638549.1278296
Dropping frame 1403638549.3278296
Dropping frame 1403638549.5278294
Dropping frame 1403638549.6778293
Dropping frame 1403638549.7778294
Dropping frame 1403638549.9778295
Dropping frame 1403638550.0778294
Dropping frame 1403638550.8278296
Dropping frame 1403638550.9278295
Dropping frame 1403638551.0778294
Dropping frame 1403638551.3278296
Dropping frame 1403638551.5278294
Dropping frame 1403638551.6278296
Dropping frame 1403638551.8278296
Dropping frame 1403638552.0278294
Dropping frame 1403638552.1278296
Dropping frame 1403638552.2278295
Dropping frame 1403638552.3278296
Dropping frame 1403638552.4278295
Dropping frame 1403638552.5278294
Dropping frame 1403638552.7778294
Dropping frame 1403638552.8778293
Dropping frame 1403638552.9778295
Dropping frame 1403638553.0778294
Dropping frame 1403638553.4778295
Dropping frame 1403638553.6778293
start VIBA 2
end VIBA 2
Dropping frame 1403638554.6278296
Dropping frame 1403638554.8278296
Dropping frame 1403638555.0278294
Dropping frame 1403638555.2278295
Dropping frame 1403638555.3278296
Dropping frame 1403638555.5278294
Dropping frame 1403638555.6278296
Dropping frame 1403638555.7278295
Dropping frame 1403638555.9278295
Dropping frame 1403638556.0278294
Dropping frame 1403638556.1278296
Dropping frame 1403638556.3278296
Dropping frame 1403638556.4278295
Dropping frame 1403638556.6278296
Dropping frame 1403638556.8278296
Dropping frame 1403638556.9278295
Dropping frame 1403638557.1778293
Dropping frame 1403638557.3778293
Dropping frame 1403638557.4778295
Dropping frame 1403638557.7778294
Dropping frame 1403638557.9778295
Dropping frame 1403638558.3778293
Dropping frame 1403638558.5778294
Dropping frame 1403638558.6778293
Dropping frame 1403638558.8778293
Dropping frame 1403638558.9778295
Dropping frame 1403638559.0778294
Dropping frame 1403638559.1778293
Dropping frame 1403638559.3778293
Dropping frame 1403638559.4778295
Dropping frame 1403638559.5778294
Dropping frame 1403638559.7778294
Dropping frame 1403638559.9778295
Dropping frame 1403638560.0778294
Dropping frame 1403638560.1778293
Dropping frame 1403638560.3778293
Dropping frame 1403638560.6778293
Dropping frame 1403638560.8778293
Dropping frame 1403638561.0778294
Dropping frame 1403638561.2778294
Dropping frame 1403638561.4778295
Dropping frame 1403638561.6778293
Dropping frame 1403638561.7778294
Dropping frame 1403638561.8778293
Dropping frame 1403638561.9778295
Dropping frame 1403638562.1778293
Dropping frame 1403638562.3778293
Dropping frame 1403638562.5778294
Dropping frame 1403638562.7778294
Dropping frame 1403638562.8778293
Dropping frame 1403638562.9778295
Dropping frame 1403638563.0778294
Dropping frame 1403638563.1778293
Dropping frame 1403638563.2778294
Dropping frame 1403638563.5778294
Dropping frame 1403638563.8278296
Dropping frame 1403638563.9778295
Dropping frame 1403638564.0778294
Dropping frame 1403638564.1778293
Dropping frame 1403638564.2778294
Dropping frame 1403638564.4278295
Dropping frame 1403638564.7778294
Dropping frame 1403638564.8778293
Dropping frame 1403638565.0278294
Dropping frame 1403638565.3778293
Dropping frame 1403638565.8278296
Dropping frame 1403638565.9278295
Dropping frame 1403638566.3278296
Dropping frame 1403638566.4278295
Dropping frame 1403638566.6778293
Dropping frame 1403638566.8778293
Dropping frame 1403638567.0778294
Dropping frame 1403638567.1778293
Dropping frame 1403638567.2778294
Dropping frame 1403638567.4778295
Dropping frame 1403638567.6778293
Dropping frame 1403638567.8778293
Dropping frame 1403638567.9778295
Dropping frame 1403638568.2278295
Dropping frame 1403638568.4278295
Dropping frame 1403638568.5278294
Dropping frame 1403638568.6278296
Dropping frame 1403638568.8278296
Dropping frame 1403638568.9278295
Dropping frame 1403638569.0278294
Dropping frame 1403638569.3778293
Dropping frame 1403638569.4778295
Dropping frame 1403638569.6278296
Dropping frame 1403638569.8278296
Dropping frame 1403638569.9278295
Dropping frame 1403638570.0278294
Dropping frame 1403638570.2278295
Dropping frame 1403638570.4278295
Dropping frame 1403638570.5278294
Dropping frame 1403638570.8778293
Dropping frame 1403638570.9778295
Dropping frame 1403638571.0778294
Dropping frame 1403638571.2778294
Dropping frame 1403638571.3778293
Dropping frame 1403638571.6778293
Dropping frame 1403638571.8778293
Dropping frame 1403638571.9778295
Dropping frame 1403638572.0778294
Dropping frame 1403638572.2778294
Dropping frame 1403638572.4778295
Dropping frame 1403638572.5778294
Dropping frame 1403638572.6778293
Dropping frame 1403638572.8778293
Dropping frame 1403638573.0778294
Dropping frame 1403638573.2778294
Dropping frame 1403638573.4778295
Dropping frame 1403638573.6278296
Dropping frame 1403638573.8278296
Dropping frame 1403638574.0278294
Dropping frame 1403638574.2278295
Dropping frame 1403638574.3778293
Dropping frame 1403638574.5778294
Dropping frame 1403638574.6778293
Dropping frame 1403638574.7778294
Dropping frame 1403638577.5778294
Dropping frame 1403638577.6778293
Dropping frame 1403638577.9278295
Dropping frame 1403638578.0278294
Dropping frame 1403638578.1278296
Dropping frame 1403638578.4278295
Dropping frame 1403638578.6278296
Dropping frame 1403638578.7278295
Dropping frame 1403638578.9778295
Dropping frame 1403638579.1778293
Dropping frame 1403638579.3778293
Dropping frame 1403638579.5778294
Dropping frame 1403638579.9278295
Dropping frame 1403638580.0278294
Dropping frame 1403638580.6778293
Dropping frame 1403638581.0778294
Dropping frame 1403638581.4778295
Dropping frame 1403638582.0778294
Dropping frame 1403638582.2778294
Dropping frame 1403638582.3778293
Dropping frame 1403638582.5778294
Dropping frame 1403638582.6778293
Dropping frame 1403638583.7278295
Dropping frame 1403638584.3778293
Dropping frame 1403638585.2278295
Dropping frame 1403638585.4278295
Dropping frame 1403638585.6278296
Dropping frame 1403638586.0278294
Dropping frame 1403638586.4778295
Dropping frame 1403638586.6778293
Dropping frame 1403638587.0278294
Dropping frame 1403638587.3278296
Dropping frame 1403638587.5278294
Dropping frame 1403638587.7278295
Dropping frame 1403638587.8278296
Dropping frame 1403638588.0778294
Dropping frame 1403638588.2778294
Dropping frame 1403638588.4778295
Dropping frame 1403638588.5778294
Dropping frame 1403638588.6778293
Dropping frame 1403638588.7778294
Dropping frame 1403638589.0778294
Dropping frame 1403638589.2778294
Dropping frame 1403638589.3778293
Dropping frame 1403638589.5778294
Dropping frame 1403638589.6778293
Dropping frame 1403638589.7778294
Dropping frame 1403638589.9778295
Dropping frame 1403638590.1778293
Dropping frame 1403638590.3778293
Dropping frame 1403638590.4778295
Dropping frame 1403638590.5778294
Dropping frame 1403638590.7778294
Dropping frame 1403638590.8778293
Dropping frame 1403638590.9778295
Dropping frame 1403638591.1778293
Dropping frame 1403638591.3778293
Dropping frame 1403638591.4778295
Dropping frame 1403638591.5778294
Dropping frame 1403638591.6778293
Dropping frame 1403638591.7778294
Dropping frame 1403638592.0278294
Dropping frame 1403638592.2278295
Dropping frame 1403638592.4278295
Dropping frame 1403638592.5278294
Dropping frame 1403638592.9278295
Dropping frame 1403638593.0278294
Dropping frame 1403638593.3778293
Dropping frame 1403638593.6778293
Dropping frame 1403638594.0278294
Dropping frame 1403638594.3278296
Dropping frame 1403638594.6278296
Dropping frame 1403638594.8278296
Dropping frame 1403638595.0278294
Dropping frame 1403638595.1278296
Dropping frame 1403638595.3778293
Dropping frame 1403638595.4778295
Dropping frame 1403638595.7278295
Dropping frame 1403638595.8278296
Dropping frame 1403638596.0778294
Dropping frame 1403638596.3778293
Dropping frame 1403638596.4778295
Dropping frame 1403638596.7278295
Dropping frame 1403638597.2778294
Dropping frame 1403638601.2778294
Dropping frame 1403638601.7778294
Dropping frame 1403638601.9778295
Dropping frame 1403638602.6278296
Dropping frame 1403638604.2778294
Dropping frame 1403638607.1278296
Dropping frame 1403638615.9278295
Dropping frame 1403638616.8778293
Dropping frame 1403638617.0778294
Dropping frame 1403638617.3778293
Dropping frame 1403638617.7278295
Dropping frame 1403638618.0778294
Dropping frame 1403638618.4778295
Dropping frame 1403638618.6778293
Dropping frame 1403638618.8778293
Dropping frame 1403638619.0778294
Dropping frame 1403638619.2278295
Dropping frame 1403638619.5278294
Dropping frame 1403638619.6278296
Dropping frame 1403638620.0778294
Dropping frame 1403638620.2778294
Dropping frame 1403638620.5278294
Dropping frame 1403638620.8278296
Dropping frame 1403638621.0278294
Dropping frame 1403638621.1278296
Dropping frame 1403638621.2278295
Dropping frame 1403638621.5778294
Dropping frame 1403638621.6778293
Dropping frame 1403638622.0278294
Dropping frame 1403638622.4778295
Dropping frame 1403638622.9778295
Dropping frame 1403638623.3778293
Dropping frame 1403638623.8278296
Dropping frame 1403638624.0278294
Dropping frame 1403638624.1278296
Dropping frame 1403638624.4278295
Dropping frame 1403638624.6278296
Dropping frame 1403638624.7278295
Dropping frame 1403638624.8778293
Dropping frame 1403638625.2278295
Dropping frame 1403638625.3278296
Dropping frame 1403638625.6278296
Dropping frame 1403638625.7278295
Dropping frame 1403638626.0778294
Dropping frame 1403638626.2778294
Dropping frame 1403638626.3778293
Dropping frame 1403638626.6778293
Dropping frame 1403638626.7778294
Dropping frame 1403638626.9278295
Dropping frame 1403638627.4278295
Dropping frame 1403638627.5278294
Dropping frame 1403638627.8278296
Dropping frame 1403638627.9778295
Dropping frame 1403638628.2778294
Shutdown
SLAM Finished at System Time: 1743020745.3934

 TIME STATS in ms (mean$\pm$std)
OpenCV version: 4.8.1
---------------------------
Tracking

ORB Extraction: 16.54$\pm$2.2013
Stereo Matching: 7.9223$\pm$1.8379
IMU Preintegration: 0.20511$\pm$0.094972
Pose Prediction: 0.47978$\pm$1.2977
LM Track: 17.16$\pm$5.3206
New KF decision: 1.0322$\pm$1.7916
Total Tracking: 34.684$\pm$21.677



Local Mapping

KF Insertion: 12.578$\pm$4.5627
MP Culling: 0.44143$\pm$0.20125
MP Creation: 39.614$\pm$14.495
LBA: 143.32$\pm$47.36
KF Culling: 10.782$\pm$8.2695
Total Local Mapping: 206.71$\pm$70.663
---------------------------

LBA complexity (mean$\pm$std)
LBA Edges: 1728.6$\pm$1056.4
LBA KF optimized: 6.5$\pm$2.2913
LBA KF fixed: 1$\pm$0
LBA MP: nan$\pm$nan

LBA executions: 427
LBA aborts: 0
---------------------------

Map complexity
KFs in map: 175
MPs in map: 14477
---------------------------

Place Recognition (mean$\pm$std)
Database Query: 1.9148$\pm$1.0076
SE3 estimation: 26.885$\pm$15.98
Total Place Recognition: 21.159$\pm$19.08


Loop Closing (mean$\pm$std)
Loop Fusion: nan$\pm$nan
Essential Graph: nan$\pm$nan
Total Loop Closing: nan$\pm$nan

Num exec: 0
Number of KFs: nan$\pm$nan

Map Merging (mean$\pm$std)
Merge Maps: nan$\pm$nan
Welding BA: nan$\pm$nan
Optimization Ess.: nan$\pm$nan
Total Map Merging: nan$\pm$nan

Num exec: 0
Number of KFs: nan$\pm$nan
Number of MPs: nan$\pm$nan

Full GBA (mean$\pm$std)
GBA: nan$\pm$nan
Map Update: nan$\pm$nan
Total Full GBA: nan$\pm$nan

Num exec: 0
Num abort: 0
Number of KFs: nan$\pm$nan
Number of MPs: nan$\pm$nan

Saving trajectory to f_dataset-MH05_stereo_imu.txt ...
There are 1 maps in the atlas
  Map 0 has 175 KFs

End of saving trajectory to f_dataset-MH05_stereo_imu.txt ...

Saving keyframe trajectory to kf_dataset-MH05_stereo_imu.txt ...
