num_seq = 1
file name: dataset-V103_stereo_imu
Loading images for sequence 0...LOADED!
Loading IMU for sequence 0...LOADED!

-------

ORB-SLAM3 Copyright (C) 2017-2020 Carlos Campos, Richard Elvira, Juan J. Gómez, José M.M. Montiel and Juan D. Tardós, University of Zaragoza.
ORB-SLAM2 Copyright (C) 2014-2016 Raúl Mur-Artal, José M.M. Montiel and Juan D. Tardós, University of Zaragoza.
This program comes with ABSOLUTELY NO WARRANTY;
This is free software, and you are welcome to redistribute it
under certain conditions. See LICENSE.txt.

Built with REGISTER_TIMES
Git Commit Hash: 33f00b6

Build Type: Release

Compiled with C++ version: 201703

Input sensor was set to: Stereo-Inertial
Loading settings from EuRoC_fov_deadlines_mask_7x7.yaml
	-Loaded camera 1
	-Loaded camera 2
	-Loaded image info
	-Loaded IMU calibration
	-Loaded ORB settings
	-Loaded viewer settings
	-Loaded Atlas settings
Deadlines enabled, will skip frames!
FOV enabled
Static mask size: 7x7
Dumping map points enabled
	-Loaded misc parameters
	-Computed rectification maps
----------------------------------
SLAM settings: 
	-Camera 1 parameters (Pinhole): [ 458.65399169921875 457.29598999023438 367.21499633789062 248.375 ]
	-Camera 1 distortion parameters: [  -0.28340810537338257 0.073959067463874817 0.00019359000725671649 1.7618711353861727e-05 ]
	-Camera 2 parameters (Pinhole: [ 457.58700561523438 456.13400268554688 379.99899291992188 255.23800659179688 ]
	-Camera 1 distortion parameters: [  -0.2836836576461792 0.074512839317321777 -0.00010473000293131918 -3.555907096597366e-05 ]
	-Original image size: [ 752 , 480 ]
	-Current image size: [ 752 , 480 ]
	-Camera 1 parameters after rectification: [  456.71499633789062 456.71499633789062 364.52615356445312 257.268798828125 ]
	-Sequence FPS: 20
	-Stereo baseline: 0.11007784307003021
	-Stereo depth threshold : 60
	-Gyro noise: 0.00016999999934341758
	-Accelerometer noise: 0.0020000000949949026
	-Gyro walk: 1.9392999092815444e-05
	-Accelerometer walk: 0.0030000000260770321
	-IMU frequency: 200
	-Features per image: 1200
	-ORB scale factor: 1.2000000476837158
	-ORB number of scales: 8
	-Initial FAST threshold: 20
	-Min FAST threshold: 7


Loading ORB Vocabulary. This could take a while...
Vocabulary loaded!

Initialization of Atlas from scratch 
Creation of new map with id: 0
Creation of new map with last KF id: 0
Seq. Name: 
There are 1 cameras in the atlas
Camera 0 is pinhole
SLAM Started at System Time: 1746883278.6035
not IMU meas
not IMU meas
not enough acceleration
not enough acceleration
not enough acceleration
not enough acceleration
not enough acceleration
not enough acceleration
not enough acceleration
not enough acceleration
not enough acceleration
not enough acceleration
not enough acceleration
not enough acceleration
not enough acceleration
not enough acceleration
not enough acceleration
not enough acceleration
not enough acceleration
not enough acceleration
not enough acceleration
not enough acceleration
not enough acceleration
not enough acceleration
not enough acceleration
not enough acceleration
not enough acceleration
not enough acceleration
not enough acceleration
not enough acceleration
not enough acceleration
not enough acceleration
not enough acceleration
not enough acceleration
not enough acceleration
not enough acceleration
not enough acceleration
not enough acceleration
not enough acceleration
not enough acceleration
not enough acceleration
not enough acceleration
not enough acceleration
not enough acceleration
not enough acceleration
not enough acceleration
not enough acceleration
not enough acceleration
not enough acceleration
not enough acceleration
not enough acceleration
not enough acceleration
not enough acceleration
not enough acceleration
not enough acceleration
not enough acceleration
not enough acceleration
not enough acceleration
not enough acceleration
not enough acceleration
not enough acceleration
not enough acceleration
not enough acceleration
not enough acceleration
not enough acceleration
not enough acceleration
not enough acceleration
not enough acceleration
not enough acceleration
not enough acceleration
not enough acceleration
not enough acceleration
not enough acceleration
not enough acceleration
not enough acceleration
not enough acceleration
not enough acceleration
not enough acceleration
not enough acceleration
not enough acceleration
not enough acceleration
not enough acceleration
not enough acceleration
not enough acceleration
not enough acceleration
not enough acceleration
not enough acceleration
not enough acceleration
not enough acceleration
not enough acceleration
not enough acceleration
not enough acceleration
not enough acceleration
not enough acceleration
not enough acceleration
not enough acceleration
not enough acceleration
not enough acceleration
not enough acceleration
not enough acceleration
not enough acceleration
not enough acceleration
not enough acceleration
not enough acceleration
not enough acceleration
not enough acceleration
not enough acceleration
not enough acceleration
not enough acceleration
not enough acceleration
not enough acceleration
not enough acceleration
not enough acceleration
not enough acceleration
not enough acceleration
not enough acceleration
not enough acceleration
not enough acceleration
not enough acceleration
not enough acceleration
not enough acceleration
not enough acceleration
not enough acceleration
not enough acceleration
not enough acceleration
not enough acceleration
not enough acceleration
not enough acceleration
not enough acceleration
not enough acceleration
not enough acceleration
not enough acceleration
not enough acceleration
not enough acceleration
not enough acceleration
not enough acceleration
First KF:0; Map init KF:0
New Map created with 237 points
Active map: 0
Dropping frame 1403715893.6840582
Dropping frame 1403715893.884058
Dropping frame 1403715894.1840582
Dropping frame 1403715894.2840581
Dropping frame 1403715894.434058
Dropping frame 1403715894.6840582
Dropping frame 1403715894.884058
Dropping frame 1403715894.9840581
Dropping frame 1403715895.1840582
Dropping frame 1403715895.5340581
Dropping frame 1403715895.634058
Dropping frame 1403715895.7340579
Dropping frame 1403715895.934058
Dropping frame 1403715896.134058
Dropping frame 1403715896.2340579
Dropping frame 1403715896.334058
Dropping frame 1403715896.5340581
Dropping frame 1403715896.634058
Dropping frame 1403715896.7340579
Dropping frame 1403715897.084058
Dropping frame 1403715897.4840581
start VIBA 1
end VIBA 1
Dropping frame 1403715899.6840582
Dropping frame 1403715899.834058
Dropping frame 1403715899.9840581
Dropping frame 1403715901.084058
Dropping frame 1403715901.5340581
Dropping frame 1403715901.634058
Dropping frame 1403715901.834058
Dropping frame 1403715902.2840581
Dropping frame 1403715902.384058
Dropping frame 1403715902.584058
Dropping frame 1403715902.6840582
Dropping frame 1403715902.884058
Dropping frame 1403715902.9840581
Dropping frame 1403715906.834058
Dropping frame 1403715907.6840582
Dropping frame 1403715907.7840581
Dropping frame 1403715907.9840581
start VIBA 2
end VIBA 2
PR: Loop detected with Reffine Sim3
Dropping frame 1403715911.1840582
Dropping frame 1403715911.6840582
Dropping frame 1403715912.084058
Dropping frame 1403715912.1840582
Dropping frame 1403715912.434058
*Loop detected
phi =  0.023393171685092667 0.0025143279589387516  -0.19907294807521442
BAD LOOP!!!
Dropping frame 1403715913.0340581
Dropping frame 1403715913.2840581
Dropping frame 1403715913.834058
Dropping frame 1403715914.084058
Dropping frame 1403715915.0340581
Dropping frame 1403715918.6840582
Dropping frame 1403715924.084058
Dropping frame 1403715924.634058
Dropping frame 1403715925.334058
Dropping frame 1403715925.884058
Dropping frame 1403715930.7340579
Dropping frame 1403715931.934058
Dropping frame 1403715932.134058
Dropping frame 1403715932.384058
Dropping frame 1403715932.584058
Dropping frame 1403715933.084058
Dropping frame 1403715934.0340581
Dropping frame 1403715934.434058
Dropping frame 1403715935.084058
Dropping frame 1403715935.7340579
Dropping frame 1403715936.084058
Dropping frame 1403715936.7340579
Dropping frame 1403715936.834058
Dropping frame 1403715937.2340579
Dropping frame 1403715937.4840581
Dropping frame 1403715937.934058
Dropping frame 1403715938.2340579
Dropping frame 1403715938.5340581
Dropping frame 1403715939.6840582
Dropping frame 1403715940.134058
Dropping frame 1403715940.584058
*Loop detected
phi =  0.006986649510013378 0.0066710320309886694 -0.015094042345800904
Local Mapping STOP
Local Mapping RELEASE
Local Mapping STOP
Local Mapping RELEASE
Dropping frame 1403715941.9840581
Dropping frame 1403715942.384058
Dropping frame 1403715942.4840581
Dropping frame 1403715942.584058
Dropping frame 1403715942.884058
Dropping frame 1403715942.9840581
Dropping frame 1403715943.1840582
Dropping frame 1403715943.4840581
Dropping frame 1403715944.1840582
Dropping frame 1403715944.384058
Dropping frame 1403715944.884058
Dropping frame 1403715945.2340579
Dropping frame 1403715945.4840581
Dropping frame 1403715945.834058
Dropping frame 1403715945.934058
Dropping frame 1403715946.134058
Dropping frame 1403715946.334058
Dropping frame 1403715946.4840581
Dropping frame 1403715946.7840581
Dropping frame 1403715946.884058
Dropping frame 1403715947.084058
Dropping frame 1403715947.1840582
Dropping frame 1403715947.384058
Dropping frame 1403715947.634058
Dropping frame 1403715948.2840581
Dropping frame 1403715948.384058
Dropping frame 1403715948.884058
Dropping frame 1403715949.134058
Dropping frame 1403715949.4840581
Dropping frame 1403715949.584058
Dropping frame 1403715949.7340579
Dropping frame 1403715949.834058
Dropping frame 1403715951.584058
Dropping frame 1403715951.934058
Dropping frame 1403715952.0340581
Dropping frame 1403715952.384058
Dropping frame 1403715952.584058
Dropping frame 1403715952.6840582
Dropping frame 1403715952.934058
Dropping frame 1403715953.0340581
Dropping frame 1403715953.134058
Dropping frame 1403715953.434058
Dropping frame 1403715953.834058
Dropping frame 1403715954.0340581
Dropping frame 1403715954.384058
Dropping frame 1403715954.4840581
Dropping frame 1403715954.6840582
Dropping frame 1403715954.7840581
Dropping frame 1403715954.884058
Dropping frame 1403715955.384058
Dropping frame 1403715955.4840581
Dropping frame 1403715956.7340579
Dropping frame 1403715956.834058
Dropping frame 1403715956.934058
Dropping frame 1403715957.584058
Dropping frame 1403715958.384058
Dropping frame 1403715959.5340581
Dropping frame 1403715959.7340579
Dropping frame 1403715959.934058
Dropping frame 1403715960.134058
Dropping frame 1403715961.434058
Dropping frame 1403715961.634058
Dropping frame 1403715961.884058
Dropping frame 1403715962.084058
Dropping frame 1403715962.1840582
Dropping frame 1403715962.334058
Dropping frame 1403715962.434058
Dropping frame 1403715962.6840582
Dropping frame 1403715963.884058
Dropping frame 1403715964.2340579
Dropping frame 1403715964.634058
Dropping frame 1403715965.634058
Dropping frame 1403715966.934058
Dropping frame 1403715967.1840582
Dropping frame 1403715967.834058
Dropping frame 1403715968.084058
Dropping frame 1403715968.4840581
Dropping frame 1403715969.2340579
Dropping frame 1403715969.6840582
Dropping frame 1403715969.934058
Dropping frame 1403715970.9840581
Dropping frame 1403715971.1840582
Dropping frame 1403715971.934058
Dropping frame 1403715972.134058
Dropping frame 1403715972.9840581
Dropping frame 1403715973.084058
Dropping frame 1403715973.2840581
Dropping frame 1403715973.384058
Dropping frame 1403715974.2840581
Dropping frame 1403715974.634058
Dropping frame 1403715975.134058
Dropping frame 1403715975.2340579
Dropping frame 1403715976.584058
Dropping frame 1403715976.884058
Dropping frame 1403715978.4840581
Dropping frame 1403715978.7340579
Dropping frame 1403715978.9840581
Dropping frame 1403715979.334058
Dropping frame 1403715979.584058
Dropping frame 1403715979.7840581
Dropping frame 1403715980.2340579
Dropping frame 1403715980.5340581
Dropping frame 1403715980.7840581
Dropping frame 1403715980.934058
Dropping frame 1403715981.0340581
Dropping frame 1403715981.6840582
Dropping frame 1403715982.0340581
Dropping frame 1403715982.134058
Dropping frame 1403715982.384058
Dropping frame 1403715982.884058
Dropping frame 1403715983.334058
Dropping frame 1403715983.634058
Dropping frame 1403715983.7340579
Dropping frame 1403715984.0340581
Dropping frame 1403715984.334058
Dropping frame 1403715985.1840582
Dropping frame 1403715985.4840581
Dropping frame 1403715985.6840582
Dropping frame 1403715985.884058
Dropping frame 1403715986.584058
Dropping frame 1403715986.6840582
Dropping frame 1403715986.884058
Dropping frame 1403715987.0340581
Dropping frame 1403715987.334058
Dropping frame 1403715987.4840581
Dropping frame 1403715987.6840582
Dropping frame 1403715987.7840581
Dropping frame 1403715988.884058
Dropping frame 1403715988.9840581
Dropping frame 1403715989.2340579
Dropping frame 1403715989.334058
Dropping frame 1403715989.434058
Dropping frame 1403715989.6840582
Dropping frame 1403715989.9840581
Dropping frame 1403715990.5340581
Dropping frame 1403715990.834058
Dropping frame 1403715991.134058
Dropping frame 1403715991.434058
Dropping frame 1403715991.634058
Dropping frame 1403715991.834058
Dropping frame 1403715991.934058
Dropping frame 1403715992.0340581
Dropping frame 1403715992.2340579
Dropping frame 1403715992.434058
Dropping frame 1403715992.5340581
Dropping frame 1403715992.634058
Dropping frame 1403715992.7340579
Dropping frame 1403715992.934058
Dropping frame 1403715993.1840582
Dropping frame 1403715993.2840581
Dropping frame 1403715993.4840581
Dropping frame 1403715993.634058
Dropping frame 1403715993.834058
Dropping frame 1403715993.934058
Shutdown
SLAM Finished at System Time: 1746883403.46754

 TIME STATS in ms (mean$\pm$std)
OpenCV version: 4.8.1
---------------------------
Tracking

ORB Extraction: 14.21$\pm$2.1971
Stereo Matching: 6.5941$\pm$2.2676
IMU Preintegration: 0.19289$\pm$0.065847
Pose Prediction: 0.27234$\pm$1.1564
LM Track: 14.914$\pm$3.8807
New KF decision: 1.9964$\pm$3.3878
Total Tracking: 33.603$\pm$18.134



Local Mapping

KF Insertion: 9.4479$\pm$3.8096
MP Culling: 0.5681$\pm$0.26677
MP Creation: 33.461$\pm$14.321
LBA: 108.36$\pm$37.224
KF Culling: 9.7301$\pm$6.674
Total Local Mapping: 161.86$\pm$55.127
---------------------------

LBA complexity (mean$\pm$std)
LBA Edges: 3526.2$\pm$1032
LBA KF optimized: 6.5$\pm$2.2913
LBA KF fixed: 1$\pm$0
LBA MP: nan$\pm$nan

LBA executions: 477
LBA aborts: 1
---------------------------

Map complexity
KFs in map: 151
MPs in map: 8945
---------------------------

Place Recognition (mean$\pm$std)
Database Query: 1.0685$\pm$0.56829
SE3 estimation: 11.96$\pm$8.6352
Total Place Recognition: 11.221$\pm$9.5017


Loop Closing (mean$\pm$std)
Loop Fusion: 105.95$\pm$0
Essential Graph: 72.246$\pm$0
Total Loop Closing: 181.24$\pm$0

Num exec: 1
Number of KFs: nan$\pm$nan

Map Merging (mean$\pm$std)
Merge Maps: nan$\pm$nan
Welding BA: nan$\pm$nan
Optimization Ess.: nan$\pm$nan
Total Map Merging: nan$\pm$nan

Num exec: 0
Number of KFs: nan$\pm$nan
Number of MPs: nan$\pm$nan

Full GBA (mean$\pm$std)
GBA: 753.35$\pm$0
Map Update: 56.963$\pm$0
Total Full GBA: 810.31$\pm$0

Num exec: 1
Num abort: 0
Number of KFs: 132$\pm$0
Number of MPs: 9258$\pm$0

Saving trajectory to f_dataset-V103_stereo_imu.txt ...
There are 1 maps in the atlas
  Map 0 has 151 KFs

End of saving trajectory to f_dataset-V103_stereo_imu.txt ...

Saving keyframe trajectory to kf_dataset-V103_stereo_imu.txt ...
