num_seq = 1
file name: dataset-MH04_stereo_imu
Loading images for sequence 0...LOADED!
Loading IMU for sequence 0...LOADED!

-------

ORB-SLAM3 Copyright (C) 2017-2020 Carlos Campos, Richard Elvira, Juan J. Gómez, José M.M. Montiel and Juan D. Tardós, University of Zaragoza.
ORB-SLAM2 Copyright (C) 2014-2016 Raúl Mur-Artal, José M.M. Montiel and Juan D. Tardós, University of Zaragoza.
This program comes with ABSOLUTELY NO WARRANTY;
This is free software, and you are welcome to redistribute it
under certain conditions. See LICENSE.txt.

Built with REGISTER_TIMES
Git Commit Hash: 2d47524

Build Type: Release

Compiled with C++ version: 201703

Input sensor was set to: Stereo-Inertial
Loading settings from EuRoC_fov_deadlines_mask_11x11.yaml
	-Loaded camera 1
	-Loaded camera 2
	-Loaded image info
	-Loaded IMU calibration
	-Loaded ORB settings
	-Loaded viewer settings
	-Loaded Atlas settings
Deadlines enabled, will skip frames!
FOV enabled
Static mask size: 11x11
Dumping map points enabled
	-Loaded misc parameters
	-Computed rectification maps
----------------------------------
SLAM settings: 
	-Camera 1 parameters (Pinhole): [ 458.65399169921875 457.29598999023438 367.21499633789062 248.375 ]
	-Camera 1 distortion parameters: [  -0.28340810537338257 0.073959067463874817 0.00019359000725671649 1.7618711353861727e-05 ]
	-Camera 2 parameters (Pinhole: [ 457.58700561523438 456.13400268554688 379.99899291992188 255.23800659179688 ]
	-Camera 1 distortion parameters: [  -0.2836836576461792 0.074512839317321777 -0.00010473000293131918 -3.555907096597366e-05 ]
	-Original image size: [ 752 , 480 ]
	-Current image size: [ 752 , 480 ]
	-Camera 1 parameters after rectification: [  456.71499633789062 456.71499633789062 364.52615356445312 257.268798828125 ]
	-Sequence FPS: 20
	-Stereo baseline: 0.11007784307003021
	-Stereo depth threshold : 60
	-Gyro noise: 0.00016999999934341758
	-Accelerometer noise: 0.0020000000949949026
	-Gyro walk: 1.9392999092815444e-05
	-Accelerometer walk: 0.0030000000260770321
	-IMU frequency: 200
	-Features per image: 1200
	-ORB scale factor: 1.2000000476837158
	-ORB number of scales: 8
	-Initial FAST threshold: 20
	-Min FAST threshold: 7


Loading ORB Vocabulary. This could take a while...
Vocabulary loaded!

Initialization of Atlas from scratch 
Creation of new map with id: 0
Creation of new map with last KF id: 0
Seq. Name: 
There are 1 cameras in the atlas
Camera 0 is pinhole
SLAM Started at System Time: 1743096733.25593
not IMU meas
not IMU meas
not enough acceleration
not enough acceleration
not enough acceleration
not enough acceleration
not enough acceleration
not enough acceleration
not enough acceleration
not enough acceleration
not enough acceleration
not enough acceleration
not enough acceleration
not enough acceleration
not enough acceleration
not enough acceleration
not enough acceleration
not enough acceleration
not enough acceleration
not enough acceleration
not enough acceleration
not enough acceleration
not enough acceleration
not enough acceleration
not enough acceleration
not enough acceleration
not enough acceleration
not enough acceleration
not enough acceleration
not enough acceleration
not enough acceleration
not enough acceleration
First KF:0; Map init KF:0
New Map created with 145 points
Active map: 0
Dropping frame 1403638130.445097
Dropping frame 1403638130.645097
Dropping frame 1403638130.7950971
Dropping frame 1403638130.9950972
Dropping frame 1403638131.0950971
Dropping frame 1403638131.2950971
Dropping frame 1403638131.395097
Dropping frame 1403638131.4950972
Dropping frame 1403638131.695097
Dropping frame 1403638131.895097
Dropping frame 1403638131.9950972
Dropping frame 1403638132.0950971
Dropping frame 1403638132.445097
Dropping frame 1403638132.695097
Dropping frame 1403638132.945097
Dropping frame 1403638133.0450969
Dropping frame 1403638133.2950971
Dropping frame 1403638133.4950972
Dropping frame 1403638133.695097
Dropping frame 1403638134.145097
start VIBA 1
end VIBA 1
Dropping frame 1403638134.4950972
Dropping frame 1403638134.5950971
Dropping frame 1403638134.895097
Dropping frame 1403638135.0950971
Dropping frame 1403638135.2450969
Dropping frame 1403638135.3450971
Dropping frame 1403638135.5450969
Dropping frame 1403638135.695097
Dropping frame 1403638135.895097
Dropping frame 1403638135.9950972
Dropping frame 1403638136.2450969
Dropping frame 1403638136.3450971
Dropping frame 1403638136.8450971
Dropping frame 1403638137.445097
Dropping frame 1403638137.5450969
Dropping frame 1403638137.895097
Dropping frame 1403638137.9950972
Dropping frame 1403638138.0950971
Dropping frame 1403638138.2950971
Dropping frame 1403638138.395097
Not enough motion for initializing. Reseting...
TRACK: Reset map because local mapper set the bad imu flag 
LM: Reseting current map in Local Mapping...
LM: End reseting Local Mapping...
LM: Reset free the mutex
LM: Active map reset recieved
LM: Active map reset, waiting...
LM: Reseting current map in Local Mapping...
LM: End reseting Local Mapping...
LM: Reset free the mutex
LM: Active map reset, Done!!!
mnFirstFrameId = 32
mnInitialFrameId = 0
151 Frames set to lost
not IMU meas
not enough acceleration
Dropping frame 1403638138.5950971
not enough acceleration
not enough acceleration
First KF:41; Map init KF:0
New Map created with 170 points
Active map: 0
Dropping frame 1403638138.7950971
Dropping frame 1403638138.895097
Dropping frame 1403638138.9950972
Dropping frame 1403638139.395097
Dropping frame 1403638139.4950972
Dropping frame 1403638139.5950971
Dropping frame 1403638139.7950971
Dropping frame 1403638139.9950972
Dropping frame 1403638140.0950971
Dropping frame 1403638140.395097
Dropping frame 1403638141.395097
Not enough motion for initializing. Reseting...
LM: Reseting current map in Local Mapping...
LM: End reseting Local Mapping...
LM: Reset free the mutex
Not enough motion for initializing. Reseting...
TRACK: Reset map because local mapper set the bad imu flag 
LM: Reseting current map in Local Mapping...
LM: End reseting Local Mapping...
LM: Reset free the mutex
LM: Active map reset recieved
LM: Active map reset, waiting...
LM: Reseting current map in Local Mapping...
LM: End reseting Local Mapping...
LM: Reset free the mutex
LM: Active map reset, Done!!!
mnFirstFrameId = 188
mnInitialFrameId = 183
210 Frames set to lost
not IMU meas
not enough acceleration
not enough acceleration
First KF:53; Map init KF:41
New Map created with 174 points
Active map: 0
Not enough motion for initializing. Reseting...
TRACK: Reset map because local mapper set the bad imu flag 
LM: Reseting current map in Local Mapping...
LM: End reseting Local Mapping...
LM: Reset free the mutex
LM: Active map reset recieved
LM: Active map reset, waiting...
LM: Reseting current map in Local Mapping...
LM: End reseting Local Mapping...
LM: Reset free the mutex
LM: Active map reset, Done!!!
mnFirstFrameId = 251
mnInitialFrameId = 247
266 Frames set to lost
not IMU meas
not enough acceleration
not enough acceleration
not enough acceleration
not enough acceleration
not enough acceleration
not enough acceleration
not enough acceleration
not enough acceleration
not enough acceleration
not enough acceleration
not enough acceleration
not enough acceleration
not enough acceleration
not enough acceleration
not enough acceleration
not enough acceleration
not enough acceleration
not enough acceleration
not enough acceleration
not enough acceleration
not enough acceleration
not enough acceleration
not enough acceleration
not enough acceleration
not enough acceleration
not enough acceleration
not enough acceleration
not enough acceleration
not enough acceleration
not enough acceleration
not enough acceleration
not enough acceleration
not enough acceleration
not enough acceleration
not enough acceleration
not enough acceleration
not enough acceleration
not enough acceleration
not enough acceleration
not enough acceleration
not enough acceleration
not enough acceleration
not enough acceleration
not enough acceleration
not enough acceleration
not enough acceleration
not enough acceleration
not enough acceleration
not enough acceleration
First KF:64; Map init KF:53
New Map created with 179 points
Active map: 0
start VIBA 1
end VIBA 1
Dropping frame 1403638154.0950971
Dropping frame 1403638154.645097
Dropping frame 1403638154.8450971
Dropping frame 1403638154.9950972
Dropping frame 1403638155.145097
Dropping frame 1403638155.2950971
Dropping frame 1403638155.395097
Dropping frame 1403638155.4950972
Dropping frame 1403638155.645097
Dropping frame 1403638155.7950971
Dropping frame 1403638155.895097
Dropping frame 1403638155.9950972
Dropping frame 1403638156.0950971
Dropping frame 1403638156.195097
Dropping frame 1403638156.3450971
Dropping frame 1403638156.5450969
Dropping frame 1403638156.645097
Dropping frame 1403638156.7450969
Dropping frame 1403638156.895097
Dropping frame 1403638156.9950972
Dropping frame 1403638157.0950971
Dropping frame 1403638157.195097
Dropping frame 1403638157.2950971
Dropping frame 1403638157.445097
Dropping frame 1403638157.945097
Dropping frame 1403638158.2950971
Dropping frame 1403638158.445097
Dropping frame 1403638158.645097
Dropping frame 1403638158.7450969
Dropping frame 1403638158.945097
Dropping frame 1403638159.0450969
Dropping frame 1403638159.2450969
Dropping frame 1403638159.3450971
Dropping frame 1403638159.5950971
Dropping frame 1403638159.895097
Dropping frame 1403638160.645097
Dropping frame 1403638161.2450969
Dropping frame 1403638161.445097
Dropping frame 1403638161.645097
Dropping frame 1403638161.7450969
Dropping frame 1403638161.8450971
Dropping frame 1403638161.945097
Dropping frame 1403638162.145097
Dropping frame 1403638162.2450969
Dropping frame 1403638162.3450971
Dropping frame 1403638162.5450969
Dropping frame 1403638162.645097
Dropping frame 1403638162.8450971
Dropping frame 1403638162.945097
Dropping frame 1403638163.145097
start VIBA 2
Dropping frame 1403638163.395097
Dropping frame 1403638163.5950971
end VIBA 2
Dropping frame 1403638163.7950971
Dropping frame 1403638163.895097
Dropping frame 1403638164.0950971
Dropping frame 1403638164.3450971
Dropping frame 1403638164.5450969
Dropping frame 1403638164.7450969
Dropping frame 1403638164.945097
Dropping frame 1403638165.145097
Dropping frame 1403638165.2450969
Dropping frame 1403638165.445097
Dropping frame 1403638165.5450969
Dropping frame 1403638165.645097
Dropping frame 1403638165.8450971
Dropping frame 1403638166.0450969
Dropping frame 1403638166.2450969
Dropping frame 1403638166.3450971
Dropping frame 1403638166.5450969
Dropping frame 1403638166.7450969
Dropping frame 1403638166.945097
Dropping frame 1403638167.145097
Dropping frame 1403638167.3450971
Dropping frame 1403638167.445097
Dropping frame 1403638167.645097
Dropping frame 1403638167.7450969
Dropping frame 1403638167.895097
Dropping frame 1403638168.0450969
Dropping frame 1403638168.195097
Dropping frame 1403638168.2950971
Dropping frame 1403638168.4950972
Dropping frame 1403638168.5950971
Dropping frame 1403638168.695097
Dropping frame 1403638168.7950971
Dropping frame 1403638168.895097
Dropping frame 1403638168.9950972
Dropping frame 1403638169.395097
Dropping frame 1403638169.4950972
Dropping frame 1403638169.7450969
Dropping frame 1403638169.945097
Dropping frame 1403638170.0450969
Dropping frame 1403638170.145097
Dropping frame 1403638170.3450971
Dropping frame 1403638170.5450969
Dropping frame 1403638170.645097
Dropping frame 1403638170.7450969
Dropping frame 1403638170.945097
Dropping frame 1403638171.145097
Dropping frame 1403638171.2450969
Dropping frame 1403638171.3450971
Dropping frame 1403638171.5950971
Dropping frame 1403638171.695097
Dropping frame 1403638171.7950971
Dropping frame 1403638171.945097
Dropping frame 1403638172.145097
Dropping frame 1403638172.2450969
Dropping frame 1403638172.3450971
Dropping frame 1403638172.4950972
Dropping frame 1403638172.5950971
Dropping frame 1403638172.7450969
Dropping frame 1403638172.895097
Dropping frame 1403638172.9950972
Dropping frame 1403638173.0950971
Dropping frame 1403638173.195097
Dropping frame 1403638173.2950971
Dropping frame 1403638173.4950972
Dropping frame 1403638173.5950971
Dropping frame 1403638173.7450969
Dropping frame 1403638173.895097
Dropping frame 1403638174.0450969
Dropping frame 1403638174.395097
Dropping frame 1403638174.4950972
Dropping frame 1403638174.5950971
Dropping frame 1403638175.195097
Dropping frame 1403638175.395097
Dropping frame 1403638175.5950971
Dropping frame 1403638175.695097
Dropping frame 1403638175.7950971
Dropping frame 1403638175.9950972
Dropping frame 1403638176.195097
Dropping frame 1403638176.395097
Dropping frame 1403638176.4950972
Dropping frame 1403638176.5950971
Dropping frame 1403638176.7950971
Dropping frame 1403638176.9950972
Dropping frame 1403638177.145097
Dropping frame 1403638177.3450971
Dropping frame 1403638177.5450969
Dropping frame 1403638177.645097
Dropping frame 1403638177.7450969
Dropping frame 1403638178.2450969
Dropping frame 1403638178.3450971
Dropping frame 1403638178.5950971
Dropping frame 1403638178.695097
Dropping frame 1403638178.7950971
Dropping frame 1403638178.9950972
Dropping frame 1403638179.195097
Dropping frame 1403638179.2950971
Dropping frame 1403638179.395097
Dropping frame 1403638179.5950971
Dropping frame 1403638179.695097
Dropping frame 1403638179.7950971
Dropping frame 1403638179.895097
Dropping frame 1403638180.145097
Dropping frame 1403638180.395097
Dropping frame 1403638180.4950972
Dropping frame 1403638180.5950971
Dropping frame 1403638180.7950971
Dropping frame 1403638180.895097
Dropping frame 1403638180.9950972
Dropping frame 1403638181.2450969
Dropping frame 1403638181.3450971
Dropping frame 1403638181.5450969
Dropping frame 1403638181.7450969
Dropping frame 1403638181.8450971
Dropping frame 1403638182.2450969
Dropping frame 1403638182.445097
Dropping frame 1403638182.7450969
Dropping frame 1403638182.8450971
Dropping frame 1403638183.145097
Dropping frame 1403638183.2450969
Dropping frame 1403638183.445097
Dropping frame 1403638183.645097
Dropping frame 1403638183.7450969
Dropping frame 1403638183.8450971
Dropping frame 1403638184.0450969
Dropping frame 1403638184.145097
Dropping frame 1403638184.2450969
Dropping frame 1403638184.445097
Dropping frame 1403638184.5450969
Dropping frame 1403638184.7950971
Dropping frame 1403638184.895097
Dropping frame 1403638184.9950972
Dropping frame 1403638185.195097
Dropping frame 1403638185.2950971
Dropping frame 1403638185.395097
Dropping frame 1403638185.5950971
Dropping frame 1403638185.7950971
Dropping frame 1403638185.895097
Dropping frame 1403638186.145097
Dropping frame 1403638186.3450971
Dropping frame 1403638186.445097
Dropping frame 1403638186.645097
Dropping frame 1403638186.895097
Dropping frame 1403638186.9950972
Dropping frame 1403638187.195097
Dropping frame 1403638187.395097
Dropping frame 1403638187.4950972
Dropping frame 1403638187.7450969
Dropping frame 1403638187.945097
Dropping frame 1403638188.2950971
Dropping frame 1403638188.4950972
Dropping frame 1403638188.695097
Dropping frame 1403638188.895097
Dropping frame 1403638188.9950972
Dropping frame 1403638189.2950971
Dropping frame 1403638189.645097
Dropping frame 1403638189.8450971
Dropping frame 1403638190.145097
Dropping frame 1403638190.3450971
Dropping frame 1403638190.5950971
Dropping frame 1403638190.8450971
Dropping frame 1403638190.945097
Dropping frame 1403638191.195097
Dropping frame 1403638191.395097
Dropping frame 1403638191.5950971
Dropping frame 1403638191.695097
Dropping frame 1403638191.7950971
Dropping frame 1403638191.9950972
Dropping frame 1403638192.2950971
Dropping frame 1403638192.4950972
Dropping frame 1403638192.7450969
Dropping frame 1403638192.8450971
Dropping frame 1403638192.945097
Dropping frame 1403638193.2950971
Dropping frame 1403638193.4950972
Dropping frame 1403638193.5950971
Dropping frame 1403638193.7950971
Dropping frame 1403638193.945097
Dropping frame 1403638194.145097
Dropping frame 1403638194.3450971
Dropping frame 1403638194.5450969
Dropping frame 1403638194.645097
Dropping frame 1403638194.9950972
Dropping frame 1403638195.0950971
Dropping frame 1403638195.2950971
Dropping frame 1403638195.5450969
Dropping frame 1403638195.7450969
Dropping frame 1403638196.0950971
Dropping frame 1403638196.3450971
Dropping frame 1403638196.5950971
Dropping frame 1403638197.0450969
Dropping frame 1403638197.445097
Dropping frame 1403638197.5450969
Dropping frame 1403638197.945097
Dropping frame 1403638198.145097
Dropping frame 1403638198.3450971
Dropping frame 1403638198.645097
Dropping frame 1403638199.0950971
Dropping frame 1403638199.395097
Dropping frame 1403638199.695097
Dropping frame 1403638199.895097
Dropping frame 1403638200.0950971
Dropping frame 1403638200.195097
Dropping frame 1403638200.2950971
Dropping frame 1403638200.4950972
Dropping frame 1403638200.5950971
Dropping frame 1403638200.695097
Dropping frame 1403638201.695097
Dropping frame 1403638201.7950971
Dropping frame 1403638201.895097
Dropping frame 1403638202.2950971
Dropping frame 1403638202.5950971
Dropping frame 1403638202.695097
Dropping frame 1403638202.7950971
Dropping frame 1403638202.9950972
Dropping frame 1403638203.195097
Dropping frame 1403638203.395097
Dropping frame 1403638203.4950972
Dropping frame 1403638203.5950971
Dropping frame 1403638203.695097
Dropping frame 1403638203.7950971
Dropping frame 1403638204.0450969
Dropping frame 1403638204.2450969
Dropping frame 1403638204.445097
Dropping frame 1403638204.5450969
Dropping frame 1403638204.8450971
Dropping frame 1403638205.0450969
Dropping frame 1403638205.2450969
Dropping frame 1403638205.5450969
Dropping frame 1403638205.8450971
Dropping frame 1403638206.0450969
Dropping frame 1403638206.2450969
Dropping frame 1403638206.395097
Dropping frame 1403638206.5950971
Dropping frame 1403638206.7950971
Dropping frame 1403638206.9950972
Dropping frame 1403638207.195097
Dropping frame 1403638207.395097
Dropping frame 1403638207.5950971
Dropping frame 1403638207.7950971
Dropping frame 1403638207.9950972
Dropping frame 1403638208.3450971
Dropping frame 1403638208.445097
Dropping frame 1403638208.5450969
Dropping frame 1403638208.7450969
Dropping frame 1403638209.0950971
Dropping frame 1403638209.195097
Dropping frame 1403638209.2950971
Dropping frame 1403638209.5450969
Dropping frame 1403638209.7450969
Dropping frame 1403638209.8450971
Dropping frame 1403638210.0950971
Dropping frame 1403638210.195097
Dropping frame 1403638210.2950971
Dropping frame 1403638210.4950972
Dropping frame 1403638210.695097
Dropping frame 1403638210.7950971
Dropping frame 1403638210.9950972
Dropping frame 1403638211.2950971
Dropping frame 1403638211.395097
Dropping frame 1403638211.695097
Dropping frame 1403638212.0450969
Dropping frame 1403638212.2950971
Dropping frame 1403638212.7950971
Dropping frame 1403638213.145097
Dropping frame 1403638213.395097
Dropping frame 1403638213.5950971
Dropping frame 1403638213.7950971
Dropping frame 1403638214.0950971
Dropping frame 1403638214.2950971
Dropping frame 1403638214.4950972
Dropping frame 1403638214.7950971
Dropping frame 1403638214.9950972
Dropping frame 1403638215.0950971
Dropping frame 1403638215.395097
Dropping frame 1403638215.5950971
Dropping frame 1403638215.7950971
Dropping frame 1403638215.895097
Dropping frame 1403638216.2950971
Dropping frame 1403638216.7950971
Dropping frame 1403638217.195097
Dropping frame 1403638217.2950971
Dropping frame 1403638217.8450971
Dropping frame 1403638218.0450969
Dropping frame 1403638218.395097
Dropping frame 1403638218.695097
Dropping frame 1403638219.5450969
Dropping frame 1403638220.5450969
Dropping frame 1403638220.8450971
Dropping frame 1403638221.145097
Dropping frame 1403638221.5950971
Dropping frame 1403638221.695097
Dropping frame 1403638226.5950971
Dropping frame 1403638227.0450969
Dropping frame 1403638227.945097
Dropping frame 1403638228.5450969
Dropping frame 1403638228.7950971
Shutdown
SLAM Finished at System Time: 1743096854.43345

 TIME STATS in ms (mean$\pm$std)
OpenCV version: 4.8.1
---------------------------
Tracking

ORB Extraction: 18.079$\pm$2.3049
Stereo Matching: 8.0864$\pm$2.0952
IMU Preintegration: 0.21976$\pm$0.10714
Pose Prediction: 0.61386$\pm$1.4824
LM Track: 16.664$\pm$5.7558
New KF decision: 1.063$\pm$1.8794
Total Tracking: 32.548$\pm$23.828



Local Mapping

KF Insertion: 13.252$\pm$4.6083
MP Culling: 0.45047$\pm$0.22959
MP Creation: 40.992$\pm$16.286
LBA: 139.07$\pm$49.514
KF Culling: 10.762$\pm$9.07
Total Local Mapping: 204.02$\pm$77.883
---------------------------

LBA complexity (mean$\pm$std)
LBA Edges: 1491.9$\pm$1032.1
LBA KF optimized: 6.5$\pm$2.2913
LBA KF fixed: 1$\pm$0
LBA MP: nan$\pm$nan

LBA executions: 380
LBA aborts: 0
---------------------------

Map complexity
KFs in map: 168
MPs in map: 13311
---------------------------

Place Recognition (mean$\pm$std)
Database Query: 2.1457$\pm$1.1291
SE3 estimation: 27.78$\pm$16.499
Total Place Recognition: 20.246$\pm$19.938


Loop Closing (mean$\pm$std)
Loop Fusion: nan$\pm$nan
Essential Graph: nan$\pm$nan
Total Loop Closing: nan$\pm$nan

Num exec: 0
Number of KFs: nan$\pm$nan

Map Merging (mean$\pm$std)
Merge Maps: nan$\pm$nan
Welding BA: nan$\pm$nan
Optimization Ess.: nan$\pm$nan
Total Map Merging: nan$\pm$nan

Num exec: 0
Number of KFs: nan$\pm$nan
Number of MPs: nan$\pm$nan

Full GBA (mean$\pm$std)
GBA: nan$\pm$nan
Map Update: nan$\pm$nan
Total Full GBA: nan$\pm$nan

Num exec: 0
Num abort: 0
Number of KFs: nan$\pm$nan
Number of MPs: nan$\pm$nan

Saving trajectory to f_dataset-MH04_stereo_imu.txt ...
There are 1 maps in the atlas
  Map 0 has 168 KFs

End of saving trajectory to f_dataset-MH04_stereo_imu.txt ...

Saving keyframe trajectory to kf_dataset-MH04_stereo_imu.txt ...
