num_seq = 1
file name: dataset-MH05_stereo_imu
Loading images for sequence 0...LOADED!
Loading IMU for sequence 0...LOADED!

-------

ORB-SLAM3 Copyright (C) 2017-2020 Carlos Campos, Richard Elvira, Juan J. Gómez, José M.M. Montiel and Juan D. Tardós, University of Zaragoza.
ORB-SLAM2 Copyright (C) 2014-2016 Raúl Mur-Artal, José M.M. Montiel and Juan D. Tardós, University of Zaragoza.
This program comes with ABSOLUTELY NO WARRANTY;
This is free software, and you are welcome to redistribute it
under certain conditions. See LICENSE.txt.

Built with REGISTER_TIMES
Git Commit Hash: 2d47524

Build Type: Release

Compiled with C++ version: 201703

Input sensor was set to: Stereo-Inertial
Loading settings from EuRoC_fov_deadlines_mask_3x3.yaml
	-Loaded camera 1
	-Loaded camera 2
	-Loaded image info
	-Loaded IMU calibration
	-Loaded ORB settings
	-Loaded viewer settings
	-Loaded Atlas settings
Deadlines enabled, will skip frames!
FOV enabled
Static mask size: 3x3
Dumping map points enabled
	-Loaded misc parameters
	-Computed rectification maps
----------------------------------
SLAM settings: 
	-Camera 1 parameters (Pinhole): [ 458.65399169921875 457.29598999023438 367.21499633789062 248.375 ]
	-Camera 1 distortion parameters: [  -0.28340810537338257 0.073959067463874817 0.00019359000725671649 1.7618711353861727e-05 ]
	-Camera 2 parameters (Pinhole: [ 457.58700561523438 456.13400268554688 379.99899291992188 255.23800659179688 ]
	-Camera 1 distortion parameters: [  -0.2836836576461792 0.074512839317321777 -0.00010473000293131918 -3.555907096597366e-05 ]
	-Original image size: [ 752 , 480 ]
	-Current image size: [ 752 , 480 ]
	-Camera 1 parameters after rectification: [  456.71499633789062 456.71499633789062 364.52615356445312 257.268798828125 ]
	-Sequence FPS: 20
	-Stereo baseline: 0.11007784307003021
	-Stereo depth threshold : 60
	-Gyro noise: 0.00016999999934341758
	-Accelerometer noise: 0.0020000000949949026
	-Gyro walk: 1.9392999092815444e-05
	-Accelerometer walk: 0.0030000000260770321
	-IMU frequency: 200
	-Features per image: 1200
	-ORB scale factor: 1.2000000476837158
	-ORB number of scales: 8
	-Initial FAST threshold: 20
	-Min FAST threshold: 7


Loading ORB Vocabulary. This could take a while...
Vocabulary loaded!

Initialization of Atlas from scratch 
Creation of new map with id: 0
Creation of new map with last KF id: 0
Seq. Name: 
There are 1 cameras in the atlas
Camera 0 is pinhole
SLAM Started at System Time: 1740794246.9781
not IMU meas
not IMU meas
not enough acceleration
not enough acceleration
not enough acceleration
not enough acceleration
not enough acceleration
not enough acceleration
not enough acceleration
not enough acceleration
not enough acceleration
not enough acceleration
not enough acceleration
not enough acceleration
not enough acceleration
not enough acceleration
not enough acceleration
not enough acceleration
not enough acceleration
not enough acceleration
not enough acceleration
not enough acceleration
not enough acceleration
not enough acceleration
not enough acceleration
not enough acceleration
not enough acceleration
not enough acceleration
not enough acceleration
not enough acceleration
not enough acceleration
not enough acceleration
not enough acceleration
not enough acceleration
not enough acceleration
not enough acceleration
not enough acceleration
not enough acceleration
not enough acceleration
not enough acceleration
not enough acceleration
not enough acceleration
not enough acceleration
not enough acceleration
not enough acceleration
not enough acceleration
not enough acceleration
not enough acceleration
not enough acceleration
not enough acceleration
not enough acceleration
not enough acceleration
not enough acceleration
not enough acceleration
not enough acceleration
not enough acceleration
not enough acceleration
not enough acceleration
not enough acceleration
not enough acceleration
not enough acceleration
not enough acceleration
not enough acceleration
not enough acceleration
not enough acceleration
not enough acceleration
not enough acceleration
not enough acceleration
not enough acceleration
not enough acceleration
not enough acceleration
not enough acceleration
not enough acceleration
not enough acceleration
not enough acceleration
not enough acceleration
not enough acceleration
not enough acceleration
not enough acceleration
not enough acceleration
First KF:0; Map init KF:0
New Map created with 53 points
Active map: 0
Dropping frame 1403638523.2778294
Dropping frame 1403638523.5278294
Dropping frame 1403638525.2278295
Dropping frame 1403638525.6278296
Dropping frame 1403638525.7278295
start VIBA 1
end VIBA 1
Not enough motion for initializing. Reseting...
TRACK: Reset map because local mapper set the bad imu flag 
LM: Active map reset recieved
LM: Active map reset, waiting...
LM: Reseting current map in Local Mapping...
LM: End reseting Local Mapping...
LM: Reset free the mutex
LM: Active map reset, Done!!!
mnFirstFrameId = 80
mnInitialFrameId = 0
173 Frames set to lost
not IMU meas
First KF:44; Map init KF:0
New Map created with 85 points
Active map: 0
Not enough motion for initializing. Reseting...
LM: Reseting current map in Local Mapping...
LM: End reseting Local Mapping...
LM: Reset free the mutex
Not enough motion for initializing. Reseting...
LM: Reseting current map in Local Mapping...
LM: End reseting Local Mapping...
LM: Reset free the mutex
Not enough motion for initializing. Reseting...
LM: Reseting current map in Local Mapping...
LM: End reseting Local Mapping...
LM: Reset free the mutex
Not enough motion for initializing. Reseting...
TRACK: Reset map because local mapper set the bad imu flag 
LM: Reseting current map in Local Mapping...
LM: End reseting Local Mapping...
LM: Reset free the mutex
LM: Active map reset recieved
LM: Active map reset, waiting...
LM: Reseting current map in Local Mapping...
LM: End reseting Local Mapping...
LM: Reset free the mutex
LM: Active map reset, Done!!!
mnFirstFrameId = 255
mnInitialFrameId = 253
262 Frames set to lost
not IMU meas
not enough acceleration
not enough acceleration
not enough acceleration
not enough acceleration
not enough acceleration
not enough acceleration
not enough acceleration
not enough acceleration
not enough acceleration
not enough acceleration
not enough acceleration
not enough acceleration
not enough acceleration
not enough acceleration
not enough acceleration
not enough acceleration
not enough acceleration
not enough acceleration
not enough acceleration
not enough acceleration
not enough acceleration
not enough acceleration
not enough acceleration
not enough acceleration
not enough acceleration
not enough acceleration
not enough acceleration
not enough acceleration
not enough acceleration
not enough acceleration
not enough acceleration
not enough acceleration
not enough acceleration
not enough acceleration
not enough acceleration
not enough acceleration
not enough acceleration
not enough acceleration
not enough acceleration
not enough acceleration
not enough acceleration
not enough acceleration
not enough acceleration
not enough acceleration
not enough acceleration
not enough acceleration
not enough acceleration
not enough acceleration
not enough acceleration
not enough acceleration
not enough acceleration
not enough acceleration
not enough acceleration
not enough acceleration
not enough acceleration
not enough acceleration
not enough acceleration
not enough acceleration
not enough acceleration
not enough acceleration
not enough acceleration
not enough acceleration
not enough acceleration
First KF:58; Map init KF:44
New Map created with 87 points
Active map: 0
Dropping frame 1403638540.8778293
Fail to track local map!
IMU is not or recently initialized. Reseting active map...
LM: Active map reset recieved
LM: Active map reset, waiting...
LM: Reseting current map in Local Mapping...
LM: End reseting Local Mapping...
LM: Reset free the mutex
LM: Active map reset, Done!!!
mnFirstFrameId = 409
mnInitialFrameId = 344
310 Frames set to lost
not IMU meas
not enough acceleration
not enough acceleration
First KF:68; Map init KF:58
New Map created with 965 points
Active map: 0
Dropping frame 1403638541.6278296
Dropping frame 1403638542.0778294
Dropping frame 1403638542.1778293
Dropping frame 1403638542.2778294
Dropping frame 1403638542.3778293
Dropping frame 1403638542.6278296
Dropping frame 1403638542.7778294
Dropping frame 1403638542.9778295
Dropping frame 1403638543.2778294
Dropping frame 1403638543.4778295
Fail to track local map!
IMU is not or recently initialized. Reseting active map...
LM: Active map reset recieved
LM: Active map reset, waiting...
LM: Reseting current map in Local Mapping...
LM: End reseting Local Mapping...
LM: Reset free the mutex
LM: Active map reset, Done!!!
mnFirstFrameId = 460
mnInitialFrameId = 456
354 Frames set to lost
not IMU meas
not enough acceleration
First KF:78; Map init KF:68
New Map created with 532 points
Active map: 0
Dropping frame 1403638546.3778293
Dropping frame 1403638548.1778293
start VIBA 1
end VIBA 1
Dropping frame 1403638549.7278295
Dropping frame 1403638550.1278296
Dropping frame 1403638550.2278295
Dropping frame 1403638551.0778294
Dropping frame 1403638551.8778293
Dropping frame 1403638554.2778294
Dropping frame 1403638554.4278295
Dropping frame 1403638555.0778294
Dropping frame 1403638555.9278295
Dropping frame 1403638556.9278295
Dropping frame 1403638557.1778293
Dropping frame 1403638557.2778294
Dropping frame 1403638557.9778295
Dropping frame 1403638558.0778294
Dropping frame 1403638558.3278296
Dropping frame 1403638558.4278295
Dropping frame 1403638558.6278296
Dropping frame 1403638559.1278296
Dropping frame 1403638559.2278295
start VIBA 2
end VIBA 2
Dropping frame 1403638560.2778294
Dropping frame 1403638560.3778293
Dropping frame 1403638560.6778293
Dropping frame 1403638560.8778293
Dropping frame 1403638560.9778295
Dropping frame 1403638561.0778294
Dropping frame 1403638561.3778293
Dropping frame 1403638561.6778293
Dropping frame 1403638561.8778293
Dropping frame 1403638562.0778294
Dropping frame 1403638562.1778293
Dropping frame 1403638562.4778295
Dropping frame 1403638562.6778293
Dropping frame 1403638562.8278296
Dropping frame 1403638563.0278294
Dropping frame 1403638563.1278296
Dropping frame 1403638563.2278295
Dropping frame 1403638563.3278296
Dropping frame 1403638563.7778294
Dropping frame 1403638563.9778295
Dropping frame 1403638564.0778294
Dropping frame 1403638564.1778293
Dropping frame 1403638566.1278296
Dropping frame 1403638567.5278294
Dropping frame 1403638569.0778294
Dropping frame 1403638570.3278296
Dropping frame 1403638573.8278296
Dropping frame 1403638574.1278296
Dropping frame 1403638574.4778295
Dropping frame 1403638574.8778293
Dropping frame 1403638575.1778293
Dropping frame 1403638575.5278294
Dropping frame 1403638577.0278294
Dropping frame 1403638578.0278294
Dropping frame 1403638579.2278295
*Loop detected
phi = 0.0073556792578447295  0.021528623176535776  -0.42551636969657675
BAD LOOP!!!
*Loop detected
phi = -0.0057769485060864397    0.01263923348656373   -0.43629444642248505
BAD LOOP!!!
*Loop detected
phi =  -0.020980708922705048 -0.0086973961829091371    -0.4812791826249177
BAD LOOP!!!
*Loop detected
phi = -0.0042711111189552686  0.0028163373137987443   -0.51368379039302148
BAD LOOP!!!
*Loop detected
phi = -0.005932091650704018 0.0038437614014936541  -0.51995011697307214
BAD LOOP!!!
*Loop detected
phi = -0.0054191578663930857  -0.010009995834678518   -0.52981441646280303
BAD LOOP!!!
*Loop detected
phi = -0.0027913500003364255   0.001237633690427953   -0.53980704835512971
BAD LOOP!!!
*Loop detected
phi =  -0.010626568653025857 0.00084971171777766181    -0.5454623372678834
BAD LOOP!!!
*Loop detected
phi = -0.018092113846894485 0.0017343750160580987  -0.60279209323328942
BAD LOOP!!!
*Loop detected
phi = -0.035296795868164491 -0.061148187799738518  -0.66981997072857213
BAD LOOP!!!
*Loop detected
phi =   0.001821114487762643 -0.0022498850210490029   -0.64406153107691977
BAD LOOP!!!
*Loop detected
phi =  -0.013442383083198294 -0.0092145987612709847    -0.6305369401259856
BAD LOOP!!!
*Loop detected
phi = -0.022769431671687382 -0.021094004489172622  -0.69888456270519583
BAD LOOP!!!
*Loop detected
phi = -0.010463144090095041 -0.015213865536289438  -0.65655494837315476
BAD LOOP!!!
*Loop detected
phi = -0.028813345501161786 -0.025279822439308517  -0.66919891331930692
BAD LOOP!!!
*Loop detected
phi = -0.031044857524360977 -0.025413327575822046  -0.67326641416083965
BAD LOOP!!!
*Loop detected
phi = -0.017390205333548757 -0.012141449426076539  -0.66516521360774972
BAD LOOP!!!
*Loop detected
phi = -0.027803005657467305 -0.017569261284976979  -0.66998147838592492
BAD LOOP!!!
*Loop detected
phi = -0.027798533382799313 -0.012719218053984864  -0.67297663359495974
BAD LOOP!!!
*Loop detected
phi = -0.020224351578405339 -0.017446612458001734  -0.68254932607597008
BAD LOOP!!!
*Loop detected
phi = -0.033600768554455769 -0.040038340149900917  -0.71343334805736403
BAD LOOP!!!
*Loop detected
phi = -0.017663579400541401 -0.024724827037840416  -0.69764674926785675
BAD LOOP!!!
*Loop detected
phi = -0.0046790673410938401  -0.018960814654808877   -0.68499087817654936
BAD LOOP!!!
*Loop detected
phi = -0.0057428406817645892 -0.0096307172186153051   -0.70073093871170389
BAD LOOP!!!
Dropping frame 1403638611.9778295
Dropping frame 1403638612.8778293
Dropping frame 1403638613.1278296
Dropping frame 1403638613.2278295
Dropping frame 1403638613.3778293
Dropping frame 1403638613.8778293
Dropping frame 1403638614.2278295
Dropping frame 1403638614.9278295
*Loop detected
phi = -0.041038056399585278  0.011740582548316877  -0.63973987150328149
BAD LOOP!!!
*Loop detected
phi =  -0.028099276263012882 -0.0086921934895743732   -0.62164770109942435
BAD LOOP!!!
*Loop detected
phi = -0.023448232183324969 -0.011341495604958703  -0.62224217542176541
BAD LOOP!!!
Dropping frame 1403638620.9778295
*Loop detected
phi =    -0.01017325601694744 -2.8678220523517726e-05    -0.61289840338209078
BAD LOOP!!!
Dropping frame 1403638621.1778293
Dropping frame 1403638621.2778294
*Loop detected
phi = -0.0037714489456870362 9.9413792647370705e-05   -0.61139605355461046
BAD LOOP!!!
Dropping frame 1403638621.4778295
*Loop detected
phi = -0.00046036557691109064  -0.0018453452472089562    -0.60958586064251019
BAD LOOP!!!
Dropping frame 1403638621.5778294
*Loop detected
phi =  0.0020850498230447507 -0.0018239128089893339   -0.60194907497504557
BAD LOOP!!!
*Loop detected
phi =  0.0070070230916250654 -0.0010583091381063717   -0.60208445324423099
BAD LOOP!!!
Dropping frame 1403638622.1278296
*Loop detected
phi = 0.0046839627141653239 -0.018221861592358415  -0.61890338632531239
BAD LOOP!!!
Dropping frame 1403638626.1778293
Dropping frame 1403638628.4778295
Dropping frame 1403638629.2778294
Dropping frame 1403638629.5778294
Dropping frame 1403638629.6778293
Dropping frame 1403638629.9278295
Dropping frame 1403638630.3778293
Dropping frame 1403638630.5778294
Dropping frame 1403638630.6778293
Dropping frame 1403638630.9778295
Dropping frame 1403638631.5278294
Shutdown
SLAM Finished at System Time: 1740794381.32797

 TIME STATS in ms (mean$\pm$std)
OpenCV version: 4.8.1
---------------------------
Tracking

ORB Extraction: 12.073$\pm$2.0616
Stereo Matching: 6.3057$\pm$2.7969
IMU Preintegration: 0.16665$\pm$0.060175
Pose Prediction: 0.6398$\pm$1.7486
LM Track: 12.539$\pm$5.1414
New KF decision: 0.99367$\pm$1.8132
Total Tracking: 33.111$\pm$13.735



Local Mapping

KF Insertion: 8.2412$\pm$3.7638
MP Culling: 0.33278$\pm$0.21567
MP Creation: 25.403$\pm$13.195
LBA: 93.497$\pm$44.62
KF Culling: 4.6689$\pm$6.1014
Total Local Mapping: 132.26$\pm$68.728
---------------------------

LBA complexity (mean$\pm$std)
LBA Edges: 1943.6$\pm$1093.8
LBA KF optimized: 6.2$\pm$2.2159
LBA KF fixed: 1.05$\pm$0.31225
LBA MP: nan$\pm$nan

LBA executions: 529
LBA aborts: 0
---------------------------

Map complexity
KFs in map: 286
MPs in map: 21187
---------------------------

Place Recognition (mean$\pm$std)
Database Query: 1.0769$\pm$0.70928
SE3 estimation: 19.49$\pm$14.772
Total Place Recognition: 15.067$\pm$15.912


Loop Closing (mean$\pm$std)
Loop Fusion: nan$\pm$nan
Essential Graph: nan$\pm$nan
Total Loop Closing: nan$\pm$nan

Num exec: 0
Number of KFs: nan$\pm$nan

Map Merging (mean$\pm$std)
Merge Maps: nan$\pm$nan
Welding BA: nan$\pm$nan
Optimization Ess.: nan$\pm$nan
Total Map Merging: nan$\pm$nan

Num exec: 0
Number of KFs: nan$\pm$nan
Number of MPs: nan$\pm$nan

Full GBA (mean$\pm$std)
GBA: nan$\pm$nan
Map Update: nan$\pm$nan
Total Full GBA: nan$\pm$nan

Num exec: 0
Num abort: 0
Number of KFs: nan$\pm$nan
Number of MPs: nan$\pm$nan

Saving trajectory to f_dataset-MH05_stereo_imu.txt ...
There are 1 maps in the atlas
  Map 0 has 286 KFs

End of saving trajectory to f_dataset-MH05_stereo_imu.txt ...

Saving keyframe trajectory to kf_dataset-MH05_stereo_imu.txt ...
