num_seq = 1
file name: dataset-MH03_stereo_imu
Loading images for sequence 0...LOADED!
Loading IMU for sequence 0...LOADED!

-------

ORB-SLAM3 Copyright (C) 2017-2020 Carlos Campos, Richard Elvira, Juan J. Gómez, José M.M. Montiel and Juan D. Tardós, University of Zaragoza.
ORB-SLAM2 Copyright (C) 2014-2016 Raúl Mur-Artal, José M.M. Montiel and Juan D. Tardós, University of Zaragoza.
This program comes with ABSOLUTELY NO WARRANTY;
This is free software, and you are welcome to redistribute it
under certain conditions. See LICENSE.txt.

Built with REGISTER_TIMES
Git Commit Hash: 4caa6cb

Build Type: Release

Compiled with C++ version: 201703

Input sensor was set to: Stereo-Inertial
Loading settings from ./Examples/Stereo-Inertial/EuRoC_deadlines.yaml
	-Loaded camera 1
	-Loaded camera 2
	-Loaded image info
	-Loaded IMU calibration
	-Loaded ORB settings
	-Loaded viewer settings
	-Loaded Atlas settings
Deadlines enabled, will skip frames!
	-Loaded misc parameters
	-Computed rectification maps
----------------------------------
SLAM settings: 
	-Camera 1 parameters (Pinhole): [ 458.65399169921875 457.29598999023438 367.21499633789062 248.375 ]
	-Camera 1 distortion parameters: [  -0.28340810537338257 0.073959067463874817 0.00019359000725671649 1.7618711353861727e-05 ]
	-Camera 2 parameters (Pinhole: [ 457.58700561523438 456.13400268554688 379.99899291992188 255.23800659179688 ]
	-Camera 1 distortion parameters: [  -0.2836836576461792 0.074512839317321777 -0.00010473000293131918 -3.555907096597366e-05 ]
	-Original image size: [ 752 , 480 ]
	-Current image size: [ 752 , 480 ]
	-Camera 1 parameters after rectification: [  456.71499633789062 456.71499633789062 364.52615356445312 257.268798828125 ]
	-Sequence FPS: 20
	-Stereo baseline: 0.11007784307003021
	-Stereo depth threshold : 60
	-Gyro noise: 0.00016999999934341758
	-Accelerometer noise: 0.0020000000949949026
	-Gyro walk: 1.9392999092815444e-05
	-Accelerometer walk: 0.0030000000260770321
	-IMU frequency: 200
	-Features per image: 1200
	-ORB scale factor: 1.2000000476837158
	-ORB number of scales: 8
	-Initial FAST threshold: 20
	-Min FAST threshold: 7


Loading ORB Vocabulary. This could take a while...
Vocabulary loaded!

Initialization of Atlas from scratch 
Creation of new map with id: 0
Creation of new map with last KF id: 0
Seq. Name: 
There are 1 cameras in the atlas
Camera 0 is pinhole
SLAM Started at System Time: 1740387557.86847
not IMU meas
not IMU meas
not enough acceleration
not enough acceleration
First KF:0; Map init KF:0
New Map created with 242 points
Active map: 0
Dropping frame 1403637130.8383191
Dropping frame 1403637131.9383192
Dropping frame 1403637132.2383192
Not enough motion for initializing. Reseting...
TRACK: Reset map because local mapper set the bad imu flag 
LM: Reseting current map in Local Mapping...
LM: End reseting Local Mapping...
LM: Reset free the mutex
LM: Active map reset recieved
LM: Active map reset, waiting...
LM: Reseting current map in Local Mapping...
LM: End reseting Local Mapping...
LM: Reset free the mutex
LM: Active map reset, Done!!!
mnFirstFrameId = 4
mnInitialFrameId = 0
49 Frames set to lost
not IMU meas
First KF:11; Map init KF:0
New Map created with 284 points
Active map: 0
Dropping frame 1403637133.638319
Dropping frame 1403637133.7883189
Dropping frame 1403637133.9383192
Dropping frame 1403637134.4383192
Dropping frame 1403637134.7883189
Dropping frame 1403637134.9383192
Dropping frame 1403637135.138319
Dropping frame 1403637135.388319
Dropping frame 1403637135.4883189
Dropping frame 1403637135.5883191
Dropping frame 1403637135.688319
Dropping frame 1403637135.7883189
Dropping frame 1403637136.2383192
Dropping frame 1403637136.3383191
Dropping frame 1403637137.0383191
Dropping frame 1403637137.2383192
Dropping frame 1403637137.4383192
Dropping frame 1403637137.638319
Dropping frame 1403637137.7383192
Dropping frame 1403637137.8383191
Dropping frame 1403637137.9383192
Dropping frame 1403637138.0883191
Dropping frame 1403637138.188319
Dropping frame 1403637138.4383192
start VIBA 1
end VIBA 1
Dropping frame 1403637139.388319
Dropping frame 1403637139.4883189
Not enough motion for initializing. Reseting...
TRACK: Reset map because local mapper set the bad imu flag 
LM: Active map reset recieved
LM: Active map reset, waiting...
LM: Reseting current map in Local Mapping...
LM: End reseting Local Mapping...
LM: Reset free the mutex
LM: Active map reset, Done!!!
mnFirstFrameId = 55
mnInitialFrameId = 53
148 Frames set to lost
not IMU meas
Dropping frame 1403637139.7883189
First KF:39; Map init KF:11
New Map created with 204 points
Active map: 0
Dropping frame 1403637139.888319
Dropping frame 1403637140.0883191
Dropping frame 1403637140.188319
Dropping frame 1403637140.2883189
Dropping frame 1403637140.4883189
Dropping frame 1403637140.688319
Dropping frame 1403637141.2383192
Dropping frame 1403637141.4383192
Dropping frame 1403637141.5883191
Dropping frame 1403637141.8383191
Dropping frame 1403637141.9383192
Dropping frame 1403637142.0383191
Dropping frame 1403637142.188319
Dropping frame 1403637142.2883189
Dropping frame 1403637142.388319
Dropping frame 1403637142.4883189
Dropping frame 1403637142.638319
Not enough motion for initializing. Reseting...
LM: Reseting current map in Local Mapping...
LM: End reseting Local Mapping...
LM: Reset free the mutex
Dropping frame 1403637142.7383192
Dropping frame 1403637142.9383192
Not enough motion for initializing. Reseting...
TRACK: Reset map because local mapper set the bad imu flag 
LM: Active map reset recieved
LM: Active map reset, waiting...
LM: Reseting current map in Local Mapping...
LM: End reseting Local Mapping...
LM: Reset free the mutex
LM: Active map reset, Done!!!
mnFirstFrameId = 156
mnInitialFrameId = 154
195 Frames set to lost
not IMU meas
not enough acceleration
not enough acceleration
not enough acceleration
not enough acceleration
not enough acceleration
not enough acceleration
Dropping frame 1403637143.5383191
not enough acceleration
not enough acceleration
not enough acceleration
Dropping frame 1403637143.7383192
not enough acceleration
not enough acceleration
not enough acceleration
not enough acceleration
not enough acceleration
not enough acceleration
Dropping frame 1403637144.0883191
not enough acceleration
not enough acceleration
not enough acceleration
not enough acceleration
not enough acceleration
not enough acceleration
not enough acceleration
not enough acceleration
not enough acceleration
not enough acceleration
First KF:51; Map init KF:39
New Map created with 304 points
Active map: 0
Dropping frame 1403637145.188319
Dropping frame 1403637147.388319
Not enough motion for initializing. Reseting...
TRACK: Reset map because local mapper set the bad imu flag 
LM: Reseting current map in Local Mapping...
LM: End reseting Local Mapping...
LM: Reset free the mutex
LM: Active map reset recieved
LM: Active map reset, waiting...
LM: Reseting current map in Local Mapping...
LM: End reseting Local Mapping...
LM: Reset free the mutex
LM: Active map reset, Done!!!
mnFirstFrameId = 230
mnInitialFrameId = 203
250 Frames set to lost
not IMU meas
Dropping frame 1403637147.5883191
not enough acceleration
not enough acceleration
not enough acceleration
not enough acceleration
not enough acceleration
not enough acceleration
not enough acceleration
not enough acceleration
not enough acceleration
not enough acceleration
not enough acceleration
not enough acceleration
not enough acceleration
not enough acceleration
not enough acceleration
not enough acceleration
Dropping frame 1403637148.4383192
First KF:62; Map init KF:51
New Map created with 284 points
Active map: 0
Dropping frame 1403637150.138319
Dropping frame 1403637152.388319
Dropping frame 1403637152.688319
Dropping frame 1403637152.9883189
start VIBA 1
end VIBA 1
Dropping frame 1403637154.388319
Dropping frame 1403637156.4883189
Dropping frame 1403637156.7883189
Dropping frame 1403637156.9383192
Dropping frame 1403637157.138319
Dropping frame 1403637157.2883189
Dropping frame 1403637157.4383192
Dropping frame 1403637157.5883191
Dropping frame 1403637157.7883189
Dropping frame 1403637157.888319
Dropping frame 1403637157.9883189
Dropping frame 1403637158.0883191
Dropping frame 1403637158.188319
Dropping frame 1403637158.2883189
Dropping frame 1403637158.388319
Dropping frame 1403637158.4883189
Dropping frame 1403637158.5883191
Dropping frame 1403637158.688319
Dropping frame 1403637158.7883189
Dropping frame 1403637158.888319
Dropping frame 1403637158.9883189
Dropping frame 1403637159.0883191
Dropping frame 1403637159.188319
Dropping frame 1403637159.2883189
Dropping frame 1403637159.388319
Dropping frame 1403637159.4883189
Dropping frame 1403637159.688319
Dropping frame 1403637159.7883189
Dropping frame 1403637159.888319
Dropping frame 1403637159.9883189
Dropping frame 1403637160.0883191
Dropping frame 1403637160.2883189
Dropping frame 1403637160.388319
Dropping frame 1403637160.4883189
Dropping frame 1403637160.5883191
Dropping frame 1403637160.688319
Dropping frame 1403637160.888319
Dropping frame 1403637160.9883189
Dropping frame 1403637161.0883191
Dropping frame 1403637161.188319
Dropping frame 1403637161.2883189
Dropping frame 1403637161.388319
Dropping frame 1403637161.4883189
Dropping frame 1403637161.5883191
Dropping frame 1403637161.688319
Dropping frame 1403637161.7883189
Dropping frame 1403637161.888319
Dropping frame 1403637161.9883189
Dropping frame 1403637162.0883191
Dropping frame 1403637162.188319
Dropping frame 1403637162.2883189
Dropping frame 1403637162.388319
Dropping frame 1403637162.4883189
Dropping frame 1403637162.5883191
Dropping frame 1403637162.688319
Dropping frame 1403637162.7883189
Dropping frame 1403637163.0383191
Dropping frame 1403637163.188319
Dropping frame 1403637163.2883189
Dropping frame 1403637163.4883189
Dropping frame 1403637163.5883191
Dropping frame 1403637163.688319
start VIBA 2
Dropping frame 1403637163.7883189
Dropping frame 1403637163.888319
end VIBA 2
Dropping frame 1403637163.9883189
Dropping frame 1403637164.0883191
Dropping frame 1403637164.188319
Dropping frame 1403637164.3383191
Dropping frame 1403637164.4383192
Dropping frame 1403637164.5383191
Dropping frame 1403637164.638319
Dropping frame 1403637164.7383192
Dropping frame 1403637164.8383191
Dropping frame 1403637164.9383192
Dropping frame 1403637165.0383191
Dropping frame 1403637165.188319
Dropping frame 1403637165.2883189
Dropping frame 1403637165.388319
Dropping frame 1403637165.5383191
Dropping frame 1403637165.638319
Dropping frame 1403637165.7383192
Dropping frame 1403637165.8383191
Dropping frame 1403637165.9883189
Dropping frame 1403637166.0883191
Dropping frame 1403637166.188319
Dropping frame 1403637166.2883189
Dropping frame 1403637166.388319
Dropping frame 1403637166.5383191
Dropping frame 1403637166.638319
Dropping frame 1403637167.188319
Dropping frame 1403637167.2883189
Dropping frame 1403637167.388319
Dropping frame 1403637167.4883189
Dropping frame 1403637167.688319
Dropping frame 1403637167.7883189
Dropping frame 1403637167.9883189
Dropping frame 1403637168.0883191
Dropping frame 1403637168.188319
Dropping frame 1403637168.388319
Dropping frame 1403637168.4883189
Dropping frame 1403637168.688319
Dropping frame 1403637168.7883189
Dropping frame 1403637168.9883189
Dropping frame 1403637169.0883191
Dropping frame 1403637169.2883189
Dropping frame 1403637169.388319
Dropping frame 1403637169.4883189
Dropping frame 1403637169.688319
Dropping frame 1403637169.888319
Dropping frame 1403637170.0883191
Dropping frame 1403637170.2883189
Dropping frame 1403637170.4883189
Dropping frame 1403637170.688319
Dropping frame 1403637170.888319
Dropping frame 1403637171.0883191
Dropping frame 1403637171.2883189
Dropping frame 1403637171.4883189
Dropping frame 1403637171.688319
Dropping frame 1403637171.888319
Dropping frame 1403637172.0883191
Dropping frame 1403637172.2883189
Dropping frame 1403637172.4883189
Dropping frame 1403637173.388319
Dropping frame 1403637175.138319
Dropping frame 1403637175.3383191
Dropping frame 1403637175.9883189
Dropping frame 1403637176.188319
Dropping frame 1403637176.5383191
Dropping frame 1403637176.7383192
Dropping frame 1403637176.9383192
Dropping frame 1403637177.138319
Dropping frame 1403637177.3383191
Dropping frame 1403637177.5383191
Dropping frame 1403637177.7383192
Dropping frame 1403637177.9383192
Dropping frame 1403637178.138319
Dropping frame 1403637178.3383191
Dropping frame 1403637179.188319
Dropping frame 1403637179.2883189
Dropping frame 1403637180.2883189
Dropping frame 1403637180.9883189
Dropping frame 1403637181.4883189
Dropping frame 1403637182.3383191
Dropping frame 1403637182.5883191
Dropping frame 1403637182.9383192
Dropping frame 1403637183.138319
Dropping frame 1403637183.3383191
Dropping frame 1403637183.4383192
Dropping frame 1403637183.7883189
Dropping frame 1403637183.9883189
Dropping frame 1403637184.3383191
Dropping frame 1403637184.5883191
Dropping frame 1403637184.7883189
Dropping frame 1403637185.0883191
Dropping frame 1403637185.3383191
Dropping frame 1403637185.5383191
Dropping frame 1403637185.7383192
Dropping frame 1403637185.9383192
Dropping frame 1403637186.138319
Dropping frame 1403637186.2383192
Dropping frame 1403637186.3383191
Dropping frame 1403637186.688319
Dropping frame 1403637186.8383191
Dropping frame 1403637187.0383191
Dropping frame 1403637187.2383192
Dropping frame 1403637187.4383192
Dropping frame 1403637187.5383191
Dropping frame 1403637187.638319
Dropping frame 1403637187.8383191
Dropping frame 1403637188.0383191
Dropping frame 1403637188.138319
Dropping frame 1403637188.388319
Dropping frame 1403637188.5883191
Dropping frame 1403637188.688319
Dropping frame 1403637188.7883189
Dropping frame 1403637188.9883189
Dropping frame 1403637189.188319
Dropping frame 1403637189.2883189
Dropping frame 1403637189.388319
Dropping frame 1403637189.5883191
Dropping frame 1403637189.7883189
Dropping frame 1403637189.9883189
Dropping frame 1403637190.0883191
Dropping frame 1403637190.188319
Dropping frame 1403637190.388319
Dropping frame 1403637190.4883189
Dropping frame 1403637190.5883191
Dropping frame 1403637190.7883189
Dropping frame 1403637190.888319
Dropping frame 1403637190.9883189
Dropping frame 1403637191.188319
Dropping frame 1403637191.2883189
Dropping frame 1403637191.388319
Dropping frame 1403637191.5883191
Dropping frame 1403637191.688319
Dropping frame 1403637191.7883189
Dropping frame 1403637191.9883189
Dropping frame 1403637192.0883191
Dropping frame 1403637192.388319
Dropping frame 1403637192.638319
Dropping frame 1403637192.7383192
Dropping frame 1403637192.9883189
Dropping frame 1403637193.0883191
Dropping frame 1403637193.3383191
Dropping frame 1403637193.4383192
Dropping frame 1403637193.5383191
Dropping frame 1403637193.7383192
Dropping frame 1403637193.8383191
Dropping frame 1403637193.9383192
Dropping frame 1403637194.138319
Dropping frame 1403637194.2383192
Dropping frame 1403637194.3383191
Dropping frame 1403637194.5383191
Dropping frame 1403637194.638319
Dropping frame 1403637194.888319
Dropping frame 1403637194.9883189
Dropping frame 1403637195.2383192
Dropping frame 1403637195.3383191
Dropping frame 1403637195.5883191
Dropping frame 1403637195.688319
Dropping frame 1403637195.7883189
Dropping frame 1403637195.888319
Dropping frame 1403637196.7383192
Dropping frame 1403637196.9383192
Dropping frame 1403637197.0383191
Dropping frame 1403637197.3383191
Dropping frame 1403637197.638319
Dropping frame 1403637197.7383192
Dropping frame 1403637197.9383192
Dropping frame 1403637198.0383191
Dropping frame 1403637198.188319
Dropping frame 1403637198.2883189
Dropping frame 1403637198.4883189
Dropping frame 1403637198.638319
Dropping frame 1403637198.7383192
Dropping frame 1403637198.8383191
Dropping frame 1403637198.9383192
Dropping frame 1403637199.0883191
Dropping frame 1403637199.188319
Dropping frame 1403637199.388319
Dropping frame 1403637199.4883189
Dropping frame 1403637199.5883191
Dropping frame 1403637199.7883189
Dropping frame 1403637199.888319
Dropping frame 1403637200.388319
Dropping frame 1403637200.4883189
Dropping frame 1403637200.9383192
Dropping frame 1403637201.0383191
Dropping frame 1403637201.138319
Dropping frame 1403637201.2383192
Dropping frame 1403637201.3383191
Dropping frame 1403637201.4383192
Dropping frame 1403637201.638319
Dropping frame 1403637201.7383192
Dropping frame 1403637201.8383191
Dropping frame 1403637202.0383191
Dropping frame 1403637202.138319
Dropping frame 1403637202.2383192
Dropping frame 1403637202.4383192
Dropping frame 1403637202.5383191
Dropping frame 1403637202.638319
Dropping frame 1403637202.8383191
Dropping frame 1403637202.9383192
Dropping frame 1403637203.0383191
Dropping frame 1403637203.2383192
Dropping frame 1403637203.3383191
Dropping frame 1403637203.4383192
Dropping frame 1403637203.638319
Dropping frame 1403637203.7383192
Dropping frame 1403637203.8383191
Dropping frame 1403637204.0383191
Dropping frame 1403637204.138319
Dropping frame 1403637204.2383192
Dropping frame 1403637204.4383192
Dropping frame 1403637204.5383191
Dropping frame 1403637204.638319
Dropping frame 1403637204.8383191
Dropping frame 1403637204.9383192
Dropping frame 1403637205.0383191
Dropping frame 1403637205.2383192
Dropping frame 1403637205.3383191
Dropping frame 1403637205.4383192
Dropping frame 1403637205.5383191
Dropping frame 1403637205.638319
Dropping frame 1403637205.7883189
Dropping frame 1403637205.888319
Dropping frame 1403637205.9883189
Dropping frame 1403637206.0883191
Dropping frame 1403637206.188319
Dropping frame 1403637206.3383191
Dropping frame 1403637206.4383192
Dropping frame 1403637206.5883191
Dropping frame 1403637206.7883189
Dropping frame 1403637206.9883189
Dropping frame 1403637207.0883191
Dropping frame 1403637207.188319
Dropping frame 1403637207.7383192
Dropping frame 1403637207.8383191
Dropping frame 1403637207.9383192
Dropping frame 1403637208.0383191
Dropping frame 1403637208.188319
Dropping frame 1403637208.2883189
Dropping frame 1403637208.4883189
Dropping frame 1403637208.5883191
Dropping frame 1403637208.688319
Dropping frame 1403637208.7883189
Dropping frame 1403637208.9383192
Dropping frame 1403637209.0383191
Dropping frame 1403637209.188319
Dropping frame 1403637209.2883189
Dropping frame 1403637209.388319
Dropping frame 1403637209.4883189
Dropping frame 1403637209.7383192
Dropping frame 1403637209.8383191
Dropping frame 1403637209.9883189
Dropping frame 1403637210.0883191
Dropping frame 1403637210.2383192
Dropping frame 1403637210.5383191
Dropping frame 1403637210.638319
Dropping frame 1403637210.7383192
Dropping frame 1403637210.8383191
Dropping frame 1403637210.9383192
Dropping frame 1403637211.0383191
Dropping frame 1403637211.138319
Dropping frame 1403637211.2383192
Dropping frame 1403637211.3383191
Dropping frame 1403637211.4383192
Dropping frame 1403637211.5383191
Dropping frame 1403637211.638319
Dropping frame 1403637211.7383192
Dropping frame 1403637211.8383191
Dropping frame 1403637211.9383192
Dropping frame 1403637212.0383191
Dropping frame 1403637212.2383192
Dropping frame 1403637212.3383191
Dropping frame 1403637212.4383192
Dropping frame 1403637212.5383191
Dropping frame 1403637212.7383192
Dropping frame 1403637212.8383191
Dropping frame 1403637212.9383192
Dropping frame 1403637213.0383191
Dropping frame 1403637213.138319
Dropping frame 1403637213.388319
Dropping frame 1403637213.4883189
Dropping frame 1403637213.5883191
Dropping frame 1403637213.7883189
Dropping frame 1403637213.888319
Dropping frame 1403637213.9883189
Dropping frame 1403637214.188319
Dropping frame 1403637214.388319
Dropping frame 1403637214.4883189
Dropping frame 1403637214.5883191
Dropping frame 1403637214.688319
Dropping frame 1403637214.7883189
Dropping frame 1403637214.888319
Dropping frame 1403637215.0883191
Dropping frame 1403637215.188319
Dropping frame 1403637215.2883189
Dropping frame 1403637215.4883189
Dropping frame 1403637215.5883191
Dropping frame 1403637215.688319
Dropping frame 1403637215.7883189
Dropping frame 1403637215.888319
Dropping frame 1403637215.9883189
Dropping frame 1403637216.188319
Dropping frame 1403637216.2883189
Dropping frame 1403637216.388319
Dropping frame 1403637216.4883189
Dropping frame 1403637216.688319
Dropping frame 1403637216.7883189
Dropping frame 1403637216.888319
Dropping frame 1403637217.0883191
Dropping frame 1403637217.188319
Dropping frame 1403637217.2883189
Dropping frame 1403637217.388319
Dropping frame 1403637217.4883189
Dropping frame 1403637217.688319
Dropping frame 1403637217.7883189
Dropping frame 1403637217.888319
Dropping frame 1403637217.9883189
Dropping frame 1403637218.188319
Dropping frame 1403637218.2883189
Dropping frame 1403637218.388319
Dropping frame 1403637218.5883191
Dropping frame 1403637218.688319
Dropping frame 1403637218.7883189
Dropping frame 1403637218.9883189
Dropping frame 1403637219.138319
Dropping frame 1403637219.3383191
Dropping frame 1403637219.4383192
Dropping frame 1403637219.5383191
Dropping frame 1403637219.7383192
Dropping frame 1403637219.9383192
Dropping frame 1403637220.138319
Dropping frame 1403637220.2383192
Dropping frame 1403637220.3383191
Dropping frame 1403637220.4383192
Dropping frame 1403637220.5383191
Dropping frame 1403637220.638319
Dropping frame 1403637220.8383191
Dropping frame 1403637220.9383192
Dropping frame 1403637221.138319
Dropping frame 1403637221.2383192
Dropping frame 1403637221.3383191
Dropping frame 1403637221.5383191
Dropping frame 1403637221.638319
Dropping frame 1403637221.7383192
Dropping frame 1403637221.9383192
Dropping frame 1403637222.0383191
Dropping frame 1403637222.138319
Dropping frame 1403637222.3383191
Dropping frame 1403637222.5383191
Dropping frame 1403637222.7383192
Dropping frame 1403637222.8383191
Dropping frame 1403637222.9383192
Dropping frame 1403637223.138319
Dropping frame 1403637223.2383192
Dropping frame 1403637223.3383191
Dropping frame 1403637223.5383191
Dropping frame 1403637223.7383192
Dropping frame 1403637223.8383191
Dropping frame 1403637223.9383192
Dropping frame 1403637224.0383191
Dropping frame 1403637224.2383192
Dropping frame 1403637224.3383191
Dropping frame 1403637224.4383192
Dropping frame 1403637224.638319
Dropping frame 1403637224.8383191
Dropping frame 1403637225.0383191
Dropping frame 1403637225.138319
Dropping frame 1403637225.2383192
Dropping frame 1403637225.4383192
Dropping frame 1403637225.5383191
Dropping frame 1403637225.638319
Dropping frame 1403637225.8383191
Dropping frame 1403637226.0383191
Dropping frame 1403637226.2383192
Dropping frame 1403637226.3383191
Dropping frame 1403637226.4383192
Dropping frame 1403637226.638319
Dropping frame 1403637226.7383192
Dropping frame 1403637226.8383191
Dropping frame 1403637227.0383191
Dropping frame 1403637227.138319
Dropping frame 1403637227.2383192
Dropping frame 1403637227.4383192
Dropping frame 1403637227.638319
Dropping frame 1403637227.8383191
Dropping frame 1403637227.9383192
Dropping frame 1403637228.0383191
Dropping frame 1403637228.2383192
Dropping frame 1403637228.4383192
Dropping frame 1403637228.638319
Dropping frame 1403637228.7383192
Dropping frame 1403637228.8383191
Dropping frame 1403637229.0383191
Dropping frame 1403637229.2383192
Dropping frame 1403637229.4383192
Dropping frame 1403637229.5383191
Dropping frame 1403637229.638319
Dropping frame 1403637229.8383191
Dropping frame 1403637230.0383191
Dropping frame 1403637230.2383192
Dropping frame 1403637230.3383191
Dropping frame 1403637230.5883191
Dropping frame 1403637231.4883189
Dropping frame 1403637231.5883191
Dropping frame 1403637231.7883189
Dropping frame 1403637231.888319
Dropping frame 1403637231.9883189
Dropping frame 1403637232.0883191
Dropping frame 1403637232.2883189
Dropping frame 1403637232.4883189
Dropping frame 1403637232.5883191
Dropping frame 1403637232.688319
Dropping frame 1403637232.7883189
Dropping frame 1403637232.9883189
Dropping frame 1403637233.188319
Dropping frame 1403637233.2883189
Dropping frame 1403637233.388319
Dropping frame 1403637233.638319
Dropping frame 1403637233.8383191
Dropping frame 1403637234.0383191
Dropping frame 1403637234.138319
Dropping frame 1403637234.2383192
Dropping frame 1403637234.4383192
Dropping frame 1403637234.638319
Dropping frame 1403637234.8383191
Dropping frame 1403637234.9383192
Dropping frame 1403637235.188319
Dropping frame 1403637235.388319
Dropping frame 1403637235.5883191
Dropping frame 1403637235.688319
Dropping frame 1403637235.7883189
Dropping frame 1403637235.9883189
Dropping frame 1403637236.188319
Dropping frame 1403637236.2883189
Dropping frame 1403637236.5883191
Dropping frame 1403637236.7883189
Dropping frame 1403637236.888319
Dropping frame 1403637237.0383191
Dropping frame 1403637237.2383192
Dropping frame 1403637237.4383192
Dropping frame 1403637237.5383191
Dropping frame 1403637237.638319
Dropping frame 1403637237.888319
Dropping frame 1403637238.0883191
Dropping frame 1403637238.2883189
Dropping frame 1403637238.4883189
Dropping frame 1403637238.5883191
Dropping frame 1403637239.4883189
Dropping frame 1403637239.5883191
Dropping frame 1403637239.8383191
Dropping frame 1403637240.0383191
Dropping frame 1403637240.138319
Dropping frame 1403637240.4883189
Dropping frame 1403637240.5883191
Dropping frame 1403637240.7383192
Dropping frame 1403637240.9883189
Dropping frame 1403637241.188319
Dropping frame 1403637241.2883189
Dropping frame 1403637241.5383191
Dropping frame 1403637242.5383191
Dropping frame 1403637243.0383191
Dropping frame 1403637243.2883189
Dropping frame 1403637243.4883189
Dropping frame 1403637243.5883191
Dropping frame 1403637243.9883189
Dropping frame 1403637244.188319
Dropping frame 1403637244.3383191
Dropping frame 1403637244.688319
Dropping frame 1403637245.2883189
Dropping frame 1403637245.4883189
Dropping frame 1403637245.5883191
Dropping frame 1403637245.688319
Dropping frame 1403637245.7883189
Dropping frame 1403637245.9383192
Dropping frame 1403637246.0383191
Dropping frame 1403637246.138319
Dropping frame 1403637246.3383191
Dropping frame 1403637246.5383191
Dropping frame 1403637246.7383192
Dropping frame 1403637246.9383192
Dropping frame 1403637247.138319
Dropping frame 1403637247.3383191
Dropping frame 1403637247.4383192
Dropping frame 1403637247.5383191
Dropping frame 1403637247.7383192
Dropping frame 1403637247.9383192
Dropping frame 1403637248.138319
Dropping frame 1403637248.2383192
Dropping frame 1403637248.3383191
Dropping frame 1403637248.5383191
Dropping frame 1403637248.7383192
Dropping frame 1403637248.9383192
Dropping frame 1403637249.0383191
Dropping frame 1403637249.138319
Dropping frame 1403637249.3383191
Dropping frame 1403637249.5383191
Dropping frame 1403637249.7383192
Dropping frame 1403637249.8383191
Dropping frame 1403637249.9383192
Dropping frame 1403637250.138319
Dropping frame 1403637250.3383191
Dropping frame 1403637250.5383191
Dropping frame 1403637250.638319
Dropping frame 1403637250.7383192
Dropping frame 1403637250.9383192
Dropping frame 1403637251.138319
Dropping frame 1403637251.3383191
Dropping frame 1403637251.4383192
Dropping frame 1403637251.5383191
Dropping frame 1403637251.7383192
Dropping frame 1403637251.9383192
Dropping frame 1403637252.138319
Dropping frame 1403637252.2383192
Dropping frame 1403637252.3383191
Dropping frame 1403637252.5383191
Dropping frame 1403637252.7383192
Dropping frame 1403637252.9383192
Dropping frame 1403637253.0383191
Dropping frame 1403637253.138319
Dropping frame 1403637253.3383191
Dropping frame 1403637253.5383191
Dropping frame 1403637253.7383192
Dropping frame 1403637253.8383191
Dropping frame 1403637253.9383192
Dropping frame 1403637254.138319
Dropping frame 1403637254.3383191
Dropping frame 1403637254.5383191
Dropping frame 1403637254.638319
Dropping frame 1403637254.7383192
Dropping frame 1403637254.9383192
Dropping frame 1403637255.138319
Dropping frame 1403637255.3383191
Dropping frame 1403637255.5383191
Dropping frame 1403637255.7383192
Dropping frame 1403637255.8383191
Dropping frame 1403637256.0383191
Dropping frame 1403637256.2383192
Dropping frame 1403637256.4383192
Dropping frame 1403637256.638319
Dropping frame 1403637256.8383191
Dropping frame 1403637256.9383192
Dropping frame 1403637257.138319
Dropping frame 1403637257.3383191
Dropping frame 1403637257.4383192
Dropping frame 1403637257.638319
Dropping frame 1403637257.7383192
Dropping frame 1403637257.8383191
Dropping frame 1403637258.0383191
Dropping frame 1403637258.138319
Dropping frame 1403637258.2383192
Dropping frame 1403637258.4383192
Dropping frame 1403637258.638319
Dropping frame 1403637258.8383191
Dropping frame 1403637258.9383192
Dropping frame 1403637259.0383191
Dropping frame 1403637259.138319
Dropping frame 1403637259.2383192
Dropping frame 1403637259.388319
Dropping frame 1403637259.4883189
Dropping frame 1403637259.5883191
Dropping frame 1403637259.688319
Dropping frame 1403637259.888319
Dropping frame 1403637260.0883191
Dropping frame 1403637260.2883189
Dropping frame 1403637260.4883189
Dropping frame 1403637260.5883191
Dropping frame 1403637260.7883189
Dropping frame 1403637260.9883189
Dropping frame 1403637261.0883191
Dropping frame 1403637261.188319
Dropping frame 1403637261.388319
Dropping frame 1403637261.5883191
Dropping frame 1403637261.7883189
Dropping frame 1403637261.9883189
Dropping frame 1403637262.0883191
Dropping frame 1403637262.2883189
Fail to track local map!
Fail to track local map!
Fail to track local map!
Dropping frame 1403637262.4883189
Fail to track local map!
Dropping frame 1403637262.5883191
Fail to track local map!
Fail to track local map!
Fail to track local map!
Dropping frame 1403637262.7883189
Fail to track local map!
Fail to track local map!
Fail to track local map!
Dropping frame 1403637262.9883189
Fail to track local map!
Dropping frame 1403637263.188319
Dropping frame 1403637263.388319
Dropping frame 1403637263.4883189
Dropping frame 1403637263.5883191
Dropping frame 1403637263.688319
Dropping frame 1403637263.888319
Dropping frame 1403637264.0883191
Dropping frame 1403637264.188319
Dropping frame 1403637264.388319
Dropping frame 1403637264.5883191
Dropping frame 1403637264.688319
Dropping frame 1403637264.888319
Dropping frame 1403637264.9883189
Dropping frame 1403637265.0883191
Dropping frame 1403637265.188319
Dropping frame 1403637265.2883189
Dropping frame 1403637265.4883189
Shutdown
SLAM Finished at System Time: 1740387726.37707

 TIME STATS in ms (mean$\pm$std)
OpenCV version: 4.8.1
---------------------------
Tracking

ORB Extraction: 22.143$\pm$3.0318
Stereo Matching: 7.7921$\pm$1.961
IMU Preintegration: 0.24129$\pm$0.095244
Pose Prediction: 0.75191$\pm$1.8336
LM Track: 19.158$\pm$6.791
New KF decision: 0.3701$\pm$0.39217
Total Tracking: 31.854$\pm$27.899



Local Mapping

KF Insertion: 15.378$\pm$6.2249
MP Culling: 0.5788$\pm$0.25605
MP Creation: 43.307$\pm$19.474
LBA: 154.27$\pm$68.268
KF Culling: 14.895$\pm$10.242
Total Local Mapping: 226.11$\pm$96.627
---------------------------

LBA complexity (mean$\pm$std)
LBA Edges: 1556.8$\pm$542.22
LBA KF optimized: 6.5$\pm$2.2913
LBA KF fixed: 1$\pm$0
LBA MP: nan$\pm$nan

LBA executions: 452
LBA aborts: 0
---------------------------

Map complexity
KFs in map: 140
MPs in map: 10679
---------------------------

Place Recognition (mean$\pm$std)
Database Query: 2.1273$\pm$1.0739
SE3 estimation: 26.415$\pm$16.853
Total Place Recognition: 21.678$\pm$19.591


Loop Closing (mean$\pm$std)
Loop Fusion: nan$\pm$nan
Essential Graph: nan$\pm$nan
Total Loop Closing: nan$\pm$nan

Num exec: 0
Number of KFs: nan$\pm$nan

Map Merging (mean$\pm$std)
Merge Maps: nan$\pm$nan
Welding BA: nan$\pm$nan
Optimization Ess.: nan$\pm$nan
Total Map Merging: nan$\pm$nan

Num exec: 0
Number of KFs: nan$\pm$nan
Number of MPs: nan$\pm$nan

Full GBA (mean$\pm$std)
GBA: nan$\pm$nan
Map Update: nan$\pm$nan
Total Full GBA: nan$\pm$nan

Num exec: 0
Num abort: 0
Number of KFs: nan$\pm$nan
Number of MPs: nan$\pm$nan

Saving trajectory to f_dataset-MH03_stereo_imu.txt ...
There are 1 maps in the atlas
  Map 0 has 140 KFs

End of saving trajectory to f_dataset-MH03_stereo_imu.txt ...

Saving keyframe trajectory to kf_dataset-MH03_stereo_imu.txt ...
