num_seq = 1
file name: dataset-MH02_stereo_imu
Loading images for sequence 0...LOADED!
Loading IMU for sequence 0...LOADED!

-------

ORB-SLAM3 Copyright (C) 2017-2020 Carlos Campos, Richard Elvira, Juan J. Gómez, José M.M. Montiel and Juan D. Tardós, University of Zaragoza.
ORB-SLAM2 Copyright (C) 2014-2016 Raúl Mur-Artal, José M.M. Montiel and Juan D. Tardós, University of Zaragoza.
This program comes with ABSOLUTELY NO WARRANTY;
This is free software, and you are welcome to redistribute it
under certain conditions. See LICENSE.txt.

Built with REGISTER_TIMES
Git Commit Hash: 2d47524

Build Type: Release

Compiled with C++ version: 201703

Input sensor was set to: Stereo-Inertial
Loading settings from EuRoC_fov_deadlines_mask_15x15.yaml
	-Loaded camera 1
	-Loaded camera 2
	-Loaded image info
	-Loaded IMU calibration
	-Loaded ORB settings
	-Loaded viewer settings
	-Loaded Atlas settings
Deadlines enabled, will skip frames!
FOV enabled
Static mask size: 15x15
Dumping map points enabled
	-Loaded misc parameters
	-Computed rectification maps
----------------------------------
SLAM settings: 
	-Camera 1 parameters (Pinhole): [ 458.65399169921875 457.29598999023438 367.21499633789062 248.375 ]
	-Camera 1 distortion parameters: [  -0.28340810537338257 0.073959067463874817 0.00019359000725671649 1.7618711353861727e-05 ]
	-Camera 2 parameters (Pinhole: [ 457.58700561523438 456.13400268554688 379.99899291992188 255.23800659179688 ]
	-Camera 1 distortion parameters: [  -0.2836836576461792 0.074512839317321777 -0.00010473000293131918 -3.555907096597366e-05 ]
	-Original image size: [ 752 , 480 ]
	-Current image size: [ 752 , 480 ]
	-Camera 1 parameters after rectification: [  456.71499633789062 456.71499633789062 364.52615356445312 257.268798828125 ]
	-Sequence FPS: 20
	-Stereo baseline: 0.11007784307003021
	-Stereo depth threshold : 60
	-Gyro noise: 0.00016999999934341758
	-Accelerometer noise: 0.0020000000949949026
	-Gyro walk: 1.9392999092815444e-05
	-Accelerometer walk: 0.0030000000260770321
	-IMU frequency: 200
	-Features per image: 1200
	-ORB scale factor: 1.2000000476837158
	-ORB number of scales: 8
	-Initial FAST threshold: 20
	-Min FAST threshold: 7


Loading ORB Vocabulary. This could take a while...
Vocabulary loaded!

Initialization of Atlas from scratch 
Creation of new map with id: 0
Creation of new map with last KF id: 0
Seq. Name: 
There are 1 cameras in the atlas
Camera 0 is pinhole
SLAM Started at System Time: 1743101955.91274
not IMU meas
not IMU meas
not enough acceleration
not enough acceleration
not enough acceleration
not enough acceleration
not enough acceleration
not enough acceleration
First KF:0; Map init KF:0
New Map created with 192 points
Active map: 0
Dropping frame 1403636859.1516664
Dropping frame 1403636859.5016665
Dropping frame 1403636859.8016665
Dropping frame 1403636860.2016666
Dropping frame 1403636860.3516665
Dropping frame 1403636860.5016665
Dropping frame 1403636860.6016665
Dropping frame 1403636860.8516665
Dropping frame 1403636861.1016665
Dropping frame 1403636861.5016665
Dropping frame 1403636861.8516665
Dropping frame 1403636862.0016665
Dropping frame 1403636862.2516665
Dropping frame 1403636862.4016666
Dropping frame 1403636862.6016665
Dropping frame 1403636862.8516665
Dropping frame 1403636862.9516664
Dropping frame 1403636863.2016666
Dropping frame 1403636863.4016666
Dropping frame 1403636863.5016665
Dropping frame 1403636863.7016666
Dropping frame 1403636864.1016665
Dropping frame 1403636864.3516665
Dropping frame 1403636864.4516664
start VIBA 1
end VIBA 1
Dropping frame 1403636864.6516664
Dropping frame 1403636864.7516665
Dropping frame 1403636864.9016666
Dropping frame 1403636865.1016665
Dropping frame 1403636865.3016665
Dropping frame 1403636865.4016666
Dropping frame 1403636865.5016665
Dropping frame 1403636865.6016665
Dropping frame 1403636865.8016665
Dropping frame 1403636865.9016666
Dropping frame 1403636866.0016665
Dropping frame 1403636866.2016666
Dropping frame 1403636866.4016666
Dropping frame 1403636866.5016665
Dropping frame 1403636866.7516665
Dropping frame 1403636866.9516664
Dropping frame 1403636867.3016665
Dropping frame 1403636867.4016666
Dropping frame 1403636867.5516665
Dropping frame 1403636867.9016666
Dropping frame 1403636868.0516665
Dropping frame 1403636868.2516665
Dropping frame 1403636868.4516664
Dropping frame 1403636868.5516665
Dropping frame 1403636868.8016665
Dropping frame 1403636869.0516665
Dropping frame 1403636869.3516665
Dropping frame 1403636869.5516665
Dropping frame 1403636869.7516665
Dropping frame 1403636869.9516664
Dropping frame 1403636870.0516665
Dropping frame 1403636870.1516664
Dropping frame 1403636870.3516665
Dropping frame 1403636870.5516665
Dropping frame 1403636870.7516665
Dropping frame 1403636870.8516665
Dropping frame 1403636870.9516664
Dropping frame 1403636871.2516665
Dropping frame 1403636871.4516664
Dropping frame 1403636871.6516664
Dropping frame 1403636871.7516665
Dropping frame 1403636871.8516665
Dropping frame 1403636872.1016665
Dropping frame 1403636872.2016666
Dropping frame 1403636872.3016665
Dropping frame 1403636872.5016665
Dropping frame 1403636872.6016665
Dropping frame 1403636872.7516665
Dropping frame 1403636873.0516665
Dropping frame 1403636873.2516665
Dropping frame 1403636873.3516665
Dropping frame 1403636873.5516665
Dropping frame 1403636874.0016665
Dropping frame 1403636874.1016665
Dropping frame 1403636874.3516665
Dropping frame 1403636874.6016665
Dropping frame 1403636874.7016666
Dropping frame 1403636874.8016665
Dropping frame 1403636875.0016665
Dropping frame 1403636875.2016666
Dropping frame 1403636875.3516665
Dropping frame 1403636875.6016665
Dropping frame 1403636875.7516665
Dropping frame 1403636876.0016665
Dropping frame 1403636876.1016665
Dropping frame 1403636876.2016666
start VIBA 2
Dropping frame 1403636876.5016665
end VIBA 2
Dropping frame 1403636876.6016665
Dropping frame 1403636876.8516665
Dropping frame 1403636876.9516664
Dropping frame 1403636877.2016666
Dropping frame 1403636877.3516665
Dropping frame 1403636877.5516665
Dropping frame 1403636877.9016666
Dropping frame 1403636878.0016665
Dropping frame 1403636878.2516665
Dropping frame 1403636878.5516665
Dropping frame 1403636878.6516664
Dropping frame 1403636879.0516665
Dropping frame 1403636879.2516665
Dropping frame 1403636879.7016666
Dropping frame 1403636879.9516664
Dropping frame 1403636880.1016665
Dropping frame 1403636880.3016665
Dropping frame 1403636880.6516664
Dropping frame 1403636880.7516665
Dropping frame 1403636881.0516665
Dropping frame 1403636881.2516665
Dropping frame 1403636881.4516664
Dropping frame 1403636881.7516665
Dropping frame 1403636881.9516664
Dropping frame 1403636882.2016666
Dropping frame 1403636882.3016665
Dropping frame 1403636882.4516664
Dropping frame 1403636882.7016666
Dropping frame 1403636882.8016665
Dropping frame 1403636883.0516665
Dropping frame 1403636883.2516665
Dropping frame 1403636883.4016666
Dropping frame 1403636883.6016665
Dropping frame 1403636883.7016666
Dropping frame 1403636883.8016665
Dropping frame 1403636883.9516664
Dropping frame 1403636884.3016665
Dropping frame 1403636884.5016665
Dropping frame 1403636884.6516664
Dropping frame 1403636884.7516665
Dropping frame 1403636885.0516665
Dropping frame 1403636885.1516664
Dropping frame 1403636885.5016665
Dropping frame 1403636885.7016666
Dropping frame 1403636885.8016665
Dropping frame 1403636886.0516665
Dropping frame 1403636886.2016666
Dropping frame 1403636886.4016666
Dropping frame 1403636886.5016665
Dropping frame 1403636886.7516665
Dropping frame 1403636887.2516665
Dropping frame 1403636887.4016666
Dropping frame 1403636887.6516664
Dropping frame 1403636888.0016665
Dropping frame 1403636888.1016665
Dropping frame 1403636888.2516665
Dropping frame 1403636888.5016665
Dropping frame 1403636888.7016666
Dropping frame 1403636888.9016666
Dropping frame 1403636889.2516665
Dropping frame 1403636889.6016665
Dropping frame 1403636890.5016665
Dropping frame 1403636890.7516665
Dropping frame 1403636891.0516665
Dropping frame 1403636891.1516664
Dropping frame 1403636891.3516665
Dropping frame 1403636891.5516665
Dropping frame 1403636891.7516665
Dropping frame 1403636892.0016665
Dropping frame 1403636892.3016665
Dropping frame 1403636892.6016665
Dropping frame 1403636892.8016665
Dropping frame 1403636893.0516665
Dropping frame 1403636893.3016665
Dropping frame 1403636893.6016665
Dropping frame 1403636893.8516665
Dropping frame 1403636894.1516664
Dropping frame 1403636894.2516665
Dropping frame 1403636894.4516664
Dropping frame 1403636894.7016666
Dropping frame 1403636894.9016666
Dropping frame 1403636895.0016665
Dropping frame 1403636895.2016666
Dropping frame 1403636895.4516664
Dropping frame 1403636895.7016666
Dropping frame 1403636895.8016665
Dropping frame 1403636896.0516665
Dropping frame 1403636896.1516664
Dropping frame 1403636896.3516665
Dropping frame 1403636896.5516665
Dropping frame 1403636896.6516664
Dropping frame 1403636896.7516665
Dropping frame 1403636896.9516664
Dropping frame 1403636897.1016665
Dropping frame 1403636897.3516665
Dropping frame 1403636897.6016665
Dropping frame 1403636897.8016665
Dropping frame 1403636897.9016666
Dropping frame 1403636898.0516665
Dropping frame 1403636898.4016666
Dropping frame 1403636898.7516665
Dropping frame 1403636899.0516665
Dropping frame 1403636899.3516665
Dropping frame 1403636899.9516664
Dropping frame 1403636900.5516665
Dropping frame 1403636901.2016666
Dropping frame 1403636901.3016665
Dropping frame 1403636901.6516664
Dropping frame 1403636901.8516665
Dropping frame 1403636902.4016666
Dropping frame 1403636902.7516665
Dropping frame 1403636902.8516665
Dropping frame 1403636903.1516664
Dropping frame 1403636903.4016666
Dropping frame 1403636903.7016666
Dropping frame 1403636903.9016666
Dropping frame 1403636904.2516665
Dropping frame 1403636904.3516665
Dropping frame 1403636904.6016665
Dropping frame 1403636904.7516665
Dropping frame 1403636905.0016665
Dropping frame 1403636905.3016665
Dropping frame 1403636905.6516664
Dropping frame 1403636906.0516665
Dropping frame 1403636906.2516665
Dropping frame 1403636906.5016665
Dropping frame 1403636906.6516664
Dropping frame 1403636907.0016665
Dropping frame 1403636907.2516665
Dropping frame 1403636907.6016665
Dropping frame 1403636907.9516664
Dropping frame 1403636908.1016665
Dropping frame 1403636908.4516664
Dropping frame 1403636908.9016666
Dropping frame 1403636909.5016665
Dropping frame 1403636910.0516665
Dropping frame 1403636910.2516665
Dropping frame 1403636910.4516664
Dropping frame 1403636910.6016665
Dropping frame 1403636910.8016665
Dropping frame 1403636911.1516664
Dropping frame 1403636911.4016666
Dropping frame 1403636911.7516665
Dropping frame 1403636911.9016666
Dropping frame 1403636912.2016666
Dropping frame 1403636912.6516664
Dropping frame 1403636912.9016666
Dropping frame 1403636913.0016665
Dropping frame 1403636913.3516665
Dropping frame 1403636913.7016666
Dropping frame 1403636914.1016665
Dropping frame 1403636914.4016666
Dropping frame 1403636914.8016665
Dropping frame 1403636915.0016665
Dropping frame 1403636915.1516664
Dropping frame 1403636915.6516664
Dropping frame 1403636915.7516665
Dropping frame 1403636916.0016665
Dropping frame 1403636916.4516664
Dropping frame 1403636916.6016665
Dropping frame 1403636916.9016666
Dropping frame 1403636917.2016666
Dropping frame 1403636917.4516664
Dropping frame 1403636917.9016666
Dropping frame 1403636918.2016666
Dropping frame 1403636918.3516665
Dropping frame 1403636918.5516665
Dropping frame 1403636918.7516665
Dropping frame 1403636919.4016666
Dropping frame 1403636919.8016665
Dropping frame 1403636920.1016665
Dropping frame 1403636920.4016666
Dropping frame 1403636920.6516664
Dropping frame 1403636920.8516665
Dropping frame 1403636920.9516664
Dropping frame 1403636921.2016666
Dropping frame 1403636921.5016665
Dropping frame 1403636921.6516664
Dropping frame 1403636921.9016666
Dropping frame 1403636922.1516664
Dropping frame 1403636922.3516665
Dropping frame 1403636922.4516664
Dropping frame 1403636922.5516665
Dropping frame 1403636922.7016666
Dropping frame 1403636923.0516665
Dropping frame 1403636923.1516664
Dropping frame 1403636923.2516665
Dropping frame 1403636923.4016666
Dropping frame 1403636923.5016665
Dropping frame 1403636923.6016665
Dropping frame 1403636923.9016666
Dropping frame 1403636924.0016665
Dropping frame 1403636924.1016665
Dropping frame 1403636924.2016666
Dropping frame 1403636924.3016665
Dropping frame 1403636924.4016666
Dropping frame 1403636924.5016665
Dropping frame 1403636924.6016665
Dropping frame 1403636924.7016666
Dropping frame 1403636924.9516664
Dropping frame 1403636925.0516665
Dropping frame 1403636925.1516664
Dropping frame 1403636925.2516665
Dropping frame 1403636925.4016666
Dropping frame 1403636925.5016665
Dropping frame 1403636925.6016665
Dropping frame 1403636925.7016666
Dropping frame 1403636925.8016665
Dropping frame 1403636925.9016666
Dropping frame 1403636926.0016665
Dropping frame 1403636926.2016666
Dropping frame 1403636926.4016666
Dropping frame 1403636926.5016665
Dropping frame 1403636926.6016665
Dropping frame 1403636926.9516664
Dropping frame 1403636927.0516665
Dropping frame 1403636927.3016665
Dropping frame 1403636927.4016666
Dropping frame 1403636927.5016665
Dropping frame 1403636927.6016665
Dropping frame 1403636927.7516665
Dropping frame 1403636927.8516665
Dropping frame 1403636927.9516664
Dropping frame 1403636928.0516665
Dropping frame 1403636928.1516664
Dropping frame 1403636928.3516665
Dropping frame 1403636928.4516664
Dropping frame 1403636928.5516665
Dropping frame 1403636928.6516664
Dropping frame 1403636928.7516665
Dropping frame 1403636929.0016665
Dropping frame 1403636929.2016666
Dropping frame 1403636929.3016665
Dropping frame 1403636929.4016666
Dropping frame 1403636929.5016665
Dropping frame 1403636929.7516665
Dropping frame 1403636929.8516665
Dropping frame 1403636929.9516664
Dropping frame 1403636930.0516665
Dropping frame 1403636930.2516665
Dropping frame 1403636930.3516665
Dropping frame 1403636930.4516664
Dropping frame 1403636930.5516665
Dropping frame 1403636930.6516664
Dropping frame 1403636930.8516665
Dropping frame 1403636930.9516664
Dropping frame 1403636931.0516665
Dropping frame 1403636931.2516665
Dropping frame 1403636931.3516665
Dropping frame 1403636931.4516664
Dropping frame 1403636931.5516665
Dropping frame 1403636931.6516664
Dropping frame 1403636931.7516665
Dropping frame 1403636931.9516664
Dropping frame 1403636932.1516664
Dropping frame 1403636932.2516665
Dropping frame 1403636932.3516665
Dropping frame 1403636932.4516664
Dropping frame 1403636932.6516664
Dropping frame 1403636932.7516665
Dropping frame 1403636932.9516664
Dropping frame 1403636933.0516665
Dropping frame 1403636933.1516664
Dropping frame 1403636933.2516665
Dropping frame 1403636933.4516664
Dropping frame 1403636933.5516665
Dropping frame 1403636933.6516664
Dropping frame 1403636933.7516665
Dropping frame 1403636933.8516665
Dropping frame 1403636934.0516665
Dropping frame 1403636934.1516664
Dropping frame 1403636934.2516665
Dropping frame 1403636934.3516665
Dropping frame 1403636934.4516664
Dropping frame 1403636934.7016666
Dropping frame 1403636934.8016665
Dropping frame 1403636934.9016666
Dropping frame 1403636935.0016665
Dropping frame 1403636935.1016665
Dropping frame 1403636935.2016666
Dropping frame 1403636935.4516664
Dropping frame 1403636935.5516665
Dropping frame 1403636935.6516664
Dropping frame 1403636935.8516665
Dropping frame 1403636935.9516664
Dropping frame 1403636936.0516665
Dropping frame 1403636936.3016665
Dropping frame 1403636936.4016666
Dropping frame 1403636936.6016665
Dropping frame 1403636936.7016666
Dropping frame 1403636936.8016665
Dropping frame 1403636936.9016666
Dropping frame 1403636937.0016665
Dropping frame 1403636937.1016665
Dropping frame 1403636937.3016665
Dropping frame 1403636937.4016666
Dropping frame 1403636937.5016665
Dropping frame 1403636937.6016665
Dropping frame 1403636937.8016665
Dropping frame 1403636937.9016666
Dropping frame 1403636938.0016665
Dropping frame 1403636938.1016665
Dropping frame 1403636938.2016666
Dropping frame 1403636938.3016665
Dropping frame 1403636938.5016665
Dropping frame 1403636938.6516664
Dropping frame 1403636938.7516665
Dropping frame 1403636938.9016666
Dropping frame 1403636939.1016665
Dropping frame 1403636939.2016666
Dropping frame 1403636939.4516664
Dropping frame 1403636939.5516665
Dropping frame 1403636939.6516664
Dropping frame 1403636939.7516665
Dropping frame 1403636939.8516665
Dropping frame 1403636940.0516665
Dropping frame 1403636940.1516664
Dropping frame 1403636940.3016665
Dropping frame 1403636940.4516664
Dropping frame 1403636940.5516665
Dropping frame 1403636940.8016665
Dropping frame 1403636940.9016666
Dropping frame 1403636941.0016665
Dropping frame 1403636941.2016666
Dropping frame 1403636941.3516665
Dropping frame 1403636941.4516664
Dropping frame 1403636941.7516665
Dropping frame 1403636941.8516665
Dropping frame 1403636941.9516664
Dropping frame 1403636942.1516664
Dropping frame 1403636942.2516665
Dropping frame 1403636942.3516665
Dropping frame 1403636942.6516664
Dropping frame 1403636942.7516665
Dropping frame 1403636943.1016665
Dropping frame 1403636943.3016665
Dropping frame 1403636943.4016666
Dropping frame 1403636943.8516665
Dropping frame 1403636943.9516664
Dropping frame 1403636944.7016666
Dropping frame 1403636944.9016666
Dropping frame 1403636945.0016665
Dropping frame 1403636945.2016666
Dropping frame 1403636945.4516664
Dropping frame 1403636945.5516665
Dropping frame 1403636945.7016666
Dropping frame 1403636945.8016665
Dropping frame 1403636946.0016665
Dropping frame 1403636946.1016665
Dropping frame 1403636946.2016666
Dropping frame 1403636946.3016665
Dropping frame 1403636946.7016666
Dropping frame 1403636946.8016665
Dropping frame 1403636946.9016666
Dropping frame 1403636947.0016665
Dropping frame 1403636947.2016666
Dropping frame 1403636947.8016665
Dropping frame 1403636947.9016666
Dropping frame 1403636948.0016665
Dropping frame 1403636948.1016665
Dropping frame 1403636948.2016666
Dropping frame 1403636948.3016665
Dropping frame 1403636948.5016665
Dropping frame 1403636948.6016665
Dropping frame 1403636948.7016666
Dropping frame 1403636948.8016665
Dropping frame 1403636948.9016666
Dropping frame 1403636949.2016666
Dropping frame 1403636949.3016665
Dropping frame 1403636949.4016666
Dropping frame 1403636949.5016665
Dropping frame 1403636949.7516665
Dropping frame 1403636949.8516665
Dropping frame 1403636949.9516664
Dropping frame 1403636950.0516665
Dropping frame 1403636950.1516664
Dropping frame 1403636950.2516665
Dropping frame 1403636950.3516665
Dropping frame 1403636950.5516665
Dropping frame 1403636950.6516664
Dropping frame 1403636950.7516665
Dropping frame 1403636950.9516664
Dropping frame 1403636951.0516665
Dropping frame 1403636951.2516665
Dropping frame 1403636951.3516665
Dropping frame 1403636951.4516664
Dropping frame 1403636951.5516665
Dropping frame 1403636951.7016666
Dropping frame 1403636951.8016665
Dropping frame 1403636952.1016665
Dropping frame 1403636952.3016665
Dropping frame 1403636952.4016666
Dropping frame 1403636952.5016665
Dropping frame 1403636952.6016665
Dropping frame 1403636952.8016665
Dropping frame 1403636952.9016666
Dropping frame 1403636953.0516665
Dropping frame 1403636953.2016666
Dropping frame 1403636953.3016665
Dropping frame 1403636953.5516665
Dropping frame 1403636953.6516664
Dropping frame 1403636953.8516665
Dropping frame 1403636953.9516664
Dropping frame 1403636954.0516665
Dropping frame 1403636954.2016666
Dropping frame 1403636954.4016666
Dropping frame 1403636954.5016665
Dropping frame 1403636954.6016665
Dropping frame 1403636954.7016666
Dropping frame 1403636954.8016665
Dropping frame 1403636955.0016665
Dropping frame 1403636955.1016665
Dropping frame 1403636955.2016666
Dropping frame 1403636955.3016665
Dropping frame 1403636955.5016665
Dropping frame 1403636955.6016665
Dropping frame 1403636955.7016666
Dropping frame 1403636955.8016665
Dropping frame 1403636955.9516664
Dropping frame 1403636956.2516665
Dropping frame 1403636956.3516665
Dropping frame 1403636956.4516664
Dropping frame 1403636956.5516665
Dropping frame 1403636956.6516664
Dropping frame 1403636956.8516665
Dropping frame 1403636956.9516664
Dropping frame 1403636957.1516664
Dropping frame 1403636957.2516665
Dropping frame 1403636957.3516665
Dropping frame 1403636957.5516665
Dropping frame 1403636957.6516664
Dropping frame 1403636957.7516665
Dropping frame 1403636957.9516664
Dropping frame 1403636958.0516665
Dropping frame 1403636958.1516664
Dropping frame 1403636958.2516665
Dropping frame 1403636958.3516665
Dropping frame 1403636958.5016665
Dropping frame 1403636958.6016665
Dropping frame 1403636958.7516665
Dropping frame 1403636958.9016666
Dropping frame 1403636959.1016665
Dropping frame 1403636959.2016666
Dropping frame 1403636959.3516665
Dropping frame 1403636959.4516664
Dropping frame 1403636959.5516665
Dropping frame 1403636959.6516664
Dropping frame 1403636959.8516665
Dropping frame 1403636959.9516664
Dropping frame 1403636960.0516665
Dropping frame 1403636960.1516664
Dropping frame 1403636960.2516665
Dropping frame 1403636960.4516664
Dropping frame 1403636960.5516665
Dropping frame 1403636960.6516664
Dropping frame 1403636960.7516665
Dropping frame 1403636960.8516665
Dropping frame 1403636961.0516665
Dropping frame 1403636961.1516664
Dropping frame 1403636961.2516665
Dropping frame 1403636961.5016665
Dropping frame 1403636961.6016665
Dropping frame 1403636961.7016666
Dropping frame 1403636961.9016666
Dropping frame 1403636962.1016665
Dropping frame 1403636962.2016666
Dropping frame 1403636962.3016665
Dropping frame 1403636962.4016666
Dropping frame 1403636962.6016665
Dropping frame 1403636962.7016666
Dropping frame 1403636962.8016665
Dropping frame 1403636962.9016666
Dropping frame 1403636963.0016665
Dropping frame 1403636963.2016666
Dropping frame 1403636963.3016665
Dropping frame 1403636963.5016665
Dropping frame 1403636963.6016665
Dropping frame 1403636963.7016666
Dropping frame 1403636963.8016665
Dropping frame 1403636964.0016665
Dropping frame 1403636964.1016665
Dropping frame 1403636964.2016666
Dropping frame 1403636964.3016665
Dropping frame 1403636964.5016665
Dropping frame 1403636964.6016665
Dropping frame 1403636964.7016666
Dropping frame 1403636964.9016666
Dropping frame 1403636965.1016665
Dropping frame 1403636965.3016665
Dropping frame 1403636965.4016666
Dropping frame 1403636965.6016665
Dropping frame 1403636965.7016666
Dropping frame 1403636965.8016665
Dropping frame 1403636965.9016666
Dropping frame 1403636966.0016665
Dropping frame 1403636966.1016665
Dropping frame 1403636966.3016665
Dropping frame 1403636966.5016665
Dropping frame 1403636966.7016666
Dropping frame 1403636966.8016665
Dropping frame 1403636967.0016665
Dropping frame 1403636967.2016666
Dropping frame 1403636967.4016666
Dropping frame 1403636967.5016665
Dropping frame 1403636967.6016665
Dropping frame 1403636967.7016666
Dropping frame 1403636967.8016665
Dropping frame 1403636968.0016665
Dropping frame 1403636968.2016666
Dropping frame 1403636968.4016666
Dropping frame 1403636968.6016665
Dropping frame 1403636968.8016665
Dropping frame 1403636969.0016665
Dropping frame 1403636969.2016666
Dropping frame 1403636969.4016666
Dropping frame 1403636969.6016665
Dropping frame 1403636969.7016666
Dropping frame 1403636969.8016665
Dropping frame 1403636969.9016666
Dropping frame 1403636970.1016665
Dropping frame 1403636970.3016665
Dropping frame 1403636970.5016665
Dropping frame 1403636970.7016666
Dropping frame 1403636970.8016665
Dropping frame 1403636971.0016665
Dropping frame 1403636971.2016666
Dropping frame 1403636971.4016666
Dropping frame 1403636971.6016665
Dropping frame 1403636971.8016665
Dropping frame 1403636972.0016665
Dropping frame 1403636972.2016666
Dropping frame 1403636972.3016665
Dropping frame 1403636972.4016666
Dropping frame 1403636972.6016665
Dropping frame 1403636972.7016666
Dropping frame 1403636972.8016665
Dropping frame 1403636973.0016665
Dropping frame 1403636973.2016666
Dropping frame 1403636973.4016666
Dropping frame 1403636973.5016665
Dropping frame 1403636973.6016665
Dropping frame 1403636973.7016666
Dropping frame 1403636973.8016665
Dropping frame 1403636973.9016666
Dropping frame 1403636974.1016665
Dropping frame 1403636974.3016665
Dropping frame 1403636974.4016666
Dropping frame 1403636974.5016665
Dropping frame 1403636974.6016665
Dropping frame 1403636974.8016665
Dropping frame 1403636975.0016665
Dropping frame 1403636975.2016666
Dropping frame 1403636975.4016666
Dropping frame 1403636975.5016665
Dropping frame 1403636975.7016666
Dropping frame 1403636975.9016666
Dropping frame 1403636976.1016665
Dropping frame 1403636976.3016665
Dropping frame 1403636976.5016665
Dropping frame 1403636976.6016665
Dropping frame 1403636976.7016666
Dropping frame 1403636976.9016666
Dropping frame 1403636977.1016665
Dropping frame 1403636977.3016665
Dropping frame 1403636977.5016665
Dropping frame 1403636977.7016666
Dropping frame 1403636977.8016665
Dropping frame 1403636977.9016666
Dropping frame 1403636978.0016665
Dropping frame 1403636978.2016666
Dropping frame 1403636978.3016665
Dropping frame 1403636978.4016666
Dropping frame 1403636978.6016665
Dropping frame 1403636978.8016665
Dropping frame 1403636979.0016665
Dropping frame 1403636979.2016666
Dropping frame 1403636979.3016665
Dropping frame 1403636979.4016666
Dropping frame 1403636979.5016665
Dropping frame 1403636979.7016666
Dropping frame 1403636979.9016666
Dropping frame 1403636980.1016665
Dropping frame 1403636980.3016665
Dropping frame 1403636980.4016666
Dropping frame 1403636980.6516664
Dropping frame 1403636980.8516665
Dropping frame 1403636981.0516665
Dropping frame 1403636981.2516665
Dropping frame 1403636981.4516664
Dropping frame 1403636981.6016665
Dropping frame 1403636981.8016665
Dropping frame 1403636982.0016665
Dropping frame 1403636982.2016666
Dropping frame 1403636982.3516665
Dropping frame 1403636982.5516665
Dropping frame 1403636982.7516665
Dropping frame 1403636982.9516664
Dropping frame 1403636983.1516664
Dropping frame 1403636983.3516665
Dropping frame 1403636983.5516665
Dropping frame 1403636983.6516664
Dropping frame 1403636983.9016666
Dropping frame 1403636984.0016665
Dropping frame 1403636984.1016665
Dropping frame 1403636984.3016665
Dropping frame 1403636984.5016665
Dropping frame 1403636984.7016666
Dropping frame 1403636984.9016666
Dropping frame 1403636985.0016665
Dropping frame 1403636985.1016665
Dropping frame 1403636985.4516664
Dropping frame 1403636985.5516665
Dropping frame 1403636985.6516664
Dropping frame 1403636985.8516665
Dropping frame 1403636986.0516665
Dropping frame 1403636986.2516665
Dropping frame 1403636986.4516664
Dropping frame 1403636986.5516665
Dropping frame 1403636986.6516664
Dropping frame 1403636986.8516665
Dropping frame 1403636987.0516665
Dropping frame 1403636987.2516665
Dropping frame 1403636987.4516664
Dropping frame 1403636987.6516664
Dropping frame 1403636987.7516665
Dropping frame 1403636987.8516665
Dropping frame 1403636988.0516665
Dropping frame 1403636988.4016666
Dropping frame 1403636988.6016665
Dropping frame 1403636988.8016665
Dropping frame 1403636988.9016666
Dropping frame 1403636989.0016665
Dropping frame 1403636989.2516665
Dropping frame 1403636989.4516664
Dropping frame 1403636989.6516664
Dropping frame 1403636989.8516665
Dropping frame 1403636990.0516665
Dropping frame 1403636990.2516665
Dropping frame 1403636990.3516665
Dropping frame 1403636990.4516664
Dropping frame 1403636990.5516665
Dropping frame 1403636990.7516665
Dropping frame 1403636990.9516664
Dropping frame 1403636991.1516664
Dropping frame 1403636991.2516665
Dropping frame 1403636991.3516665
Dropping frame 1403636991.5516665
Dropping frame 1403636991.7516665
Dropping frame 1403636991.9516664
Dropping frame 1403636992.0516665
Dropping frame 1403636992.1516664
Dropping frame 1403636992.4016666
Dropping frame 1403636992.6016665
Dropping frame 1403636992.7016666
Dropping frame 1403636992.8016665
Dropping frame 1403636993.0016665
Dropping frame 1403636993.2016666
Dropping frame 1403636993.4016666
Dropping frame 1403636993.6016665
Dropping frame 1403636993.8016665
Dropping frame 1403636994.0016665
Dropping frame 1403636994.3016665
Dropping frame 1403636994.5016665
Dropping frame 1403636994.7016666
Dropping frame 1403636994.9016666
Dropping frame 1403636995.0016665
Dropping frame 1403636995.1016665
Dropping frame 1403636995.3016665
Dropping frame 1403636995.5016665
Dropping frame 1403636995.7016666
Dropping frame 1403636995.9016666
Dropping frame 1403636996.1016665
Dropping frame 1403636996.3016665
Dropping frame 1403636996.4016666
Dropping frame 1403636996.5016665
Dropping frame 1403636996.7016666
Dropping frame 1403636996.8016665
Dropping frame 1403636997.0016665
Dropping frame 1403636997.2016666
Dropping frame 1403636997.4516664
Dropping frame 1403636997.5516665
Dropping frame 1403636997.8016665
Dropping frame 1403636998.0016665
Dropping frame 1403636998.1016665
Dropping frame 1403636998.2016666
Dropping frame 1403636998.3016665
Dropping frame 1403636998.5016665
Dropping frame 1403636998.7016666
Dropping frame 1403636998.9016666
Dropping frame 1403636999.1016665
Dropping frame 1403636999.3016665
Dropping frame 1403636999.4516664
Dropping frame 1403636999.6516664
Dropping frame 1403636999.8516665
Dropping frame 1403636999.9516664
Dropping frame 1403637000.5016665
Dropping frame 1403637000.8516665
Dropping frame 1403637001.0516665
Dropping frame 1403637001.3016665
Dropping frame 1403637001.4016666
Dropping frame 1403637001.6016665
Dropping frame 1403637001.7016666
Dropping frame 1403637001.9016666
Dropping frame 1403637002.1016665
Dropping frame 1403637002.2516665
Dropping frame 1403637002.4016666
Dropping frame 1403637002.6016665
Dropping frame 1403637002.8016665
Dropping frame 1403637003.0016665
Dropping frame 1403637003.1016665
Dropping frame 1403637003.2016666
Dropping frame 1403637003.4016666
Dropping frame 1403637003.6016665
Dropping frame 1403637003.8016665
Dropping frame 1403637003.9016666
Dropping frame 1403637004.0016665
Dropping frame 1403637004.3016665
Dropping frame 1403637004.5016665
Dropping frame 1403637004.6016665
Dropping frame 1403637004.7016666
Dropping frame 1403637004.9016666
Dropping frame 1403637005.1016665
Dropping frame 1403637005.2016666
Dropping frame 1403637005.3016665
Dropping frame 1403637005.5016665
Dropping frame 1403637005.7516665
Dropping frame 1403637005.8516665
Dropping frame 1403637006.1016665
Dropping frame 1403637006.5016665
Dropping frame 1403637006.6016665
Dropping frame 1403637006.7016666
Dropping frame 1403637006.8016665
Dropping frame 1403637007.0016665
Dropping frame 1403637007.1016665
Dropping frame 1403637007.6016665
Dropping frame 1403637007.7016666
Dropping frame 1403637007.8016665
Dropping frame 1403637008.1516664
Dropping frame 1403637008.2516665
Dropping frame 1403637008.3516665
Dropping frame 1403637008.5516665
Dropping frame 1403637008.6516664
Dropping frame 1403637008.7516665
Dropping frame 1403637008.8516665
Dropping frame 1403637009.0516665
Dropping frame 1403637009.2516665
Dropping frame 1403637009.3516665
Dropping frame 1403637009.5516665
Dropping frame 1403637009.7516665
Dropping frame 1403637009.8516665
Dropping frame 1403637009.9516664
Dropping frame 1403637010.3016665
Dropping frame 1403637010.5016665
Shutdown
SLAM Finished at System Time: 1743102145.41781

 TIME STATS in ms (mean$\pm$std)
OpenCV version: 4.8.1
---------------------------
Tracking

ORB Extraction: 21.871$\pm$2.0872
Stereo Matching: 7.4624$\pm$2.0646
IMU Preintegration: 0.24967$\pm$0.097414
Pose Prediction: 0.22944$\pm$0.64597
LM Track: 19.528$\pm$5.4277
New KF decision: 1.3491$\pm$2.4564
Total Tracking: 31.482$\pm$28.182



Local Mapping

KF Insertion: 17.211$\pm$5.6664
MP Culling: 0.55829$\pm$0.21672
MP Creation: 50.032$\pm$16.106
LBA: 151.37$\pm$55.022
KF Culling: 15.025$\pm$9.5894
Total Local Mapping: 234.11$\pm$78.415
---------------------------

LBA complexity (mean$\pm$std)
LBA Edges: 1651.9$\pm$571.36
LBA KF optimized: 6.5$\pm$2.2913
LBA KF fixed: 1$\pm$0
LBA MP: nan$\pm$nan

LBA executions: 457
LBA aborts: 0
---------------------------

Map complexity
KFs in map: 120
MPs in map: 8760
---------------------------

Place Recognition (mean$\pm$std)
Database Query: 1.4419$\pm$0.75119
SE3 estimation: 9.4006$\pm$13.453
Total Place Recognition: 9.5446$\pm$13.444


Loop Closing (mean$\pm$std)
Loop Fusion: nan$\pm$nan
Essential Graph: nan$\pm$nan
Total Loop Closing: nan$\pm$nan

Num exec: 0
Number of KFs: nan$\pm$nan

Map Merging (mean$\pm$std)
Merge Maps: nan$\pm$nan
Welding BA: nan$\pm$nan
Optimization Ess.: nan$\pm$nan
Total Map Merging: nan$\pm$nan

Num exec: 0
Number of KFs: nan$\pm$nan
Number of MPs: nan$\pm$nan

Full GBA (mean$\pm$std)
GBA: nan$\pm$nan
Map Update: nan$\pm$nan
Total Full GBA: nan$\pm$nan

Num exec: 0
Num abort: 0
Number of KFs: nan$\pm$nan
Number of MPs: nan$\pm$nan

Saving trajectory to f_dataset-MH02_stereo_imu.txt ...
There are 1 maps in the atlas
  Map 0 has 120 KFs

End of saving trajectory to f_dataset-MH02_stereo_imu.txt ...

Saving keyframe trajectory to kf_dataset-MH02_stereo_imu.txt ...
