num_seq = 1
file name: dataset-V2_03_difficult_run7
Loading images for sequence 0...LOADED!
Loading IMU for sequence 0...LOADED!

-------

ORB-SLAM3 Copyright (C) 2017-2020 Carlos Campos, Richard Elvira, Juan J. Gómez, José M.M. Montiel and Juan D. Tardós, University of Zaragoza.
ORB-SLAM2 Copyright (C) 2014-2016 Raúl Mur-Artal, José M.M. Montiel and Juan D. Tardós, University of Zaragoza.
This program comes with ABSOLUTELY NO WARRANTY;
This is free software, and you are welcome to redistribute it
under certain conditions. See LICENSE.txt.

Built with REGISTER_TIMES
Git Commit Hash: 48ed9a3

Build Type: Release

Compiled with C++ version: 201703

Input sensor was set to: Stereo-Inertial
Loading settings from /tmp/slimslam_cfg_pWfe.yaml
Camera1.k3 optional parameter does not exist...
	-Loaded camera 1
Camera2.k3 optional parameter does not exist...
	-Loaded camera 2
Camera.newHeight optional parameter does not exist...
Camera.newWidth optional parameter does not exist...
	-Loaded image info
IMU.InsertKFsWhenLost optional parameter does not exist...
	-Loaded IMU calibration
	-Loaded ORB settings
	-Loaded viewer settings
System.LoadAtlasFromFile optional parameter does not exist...
System.SaveAtlasToFile optional parameter does not exist...
	-Loaded Atlas settings
System.thFarPoints optional parameter does not exist...
System.enableDeadlines optional parameter does not exist...
System.enableFOV optional parameter does not exist...
System.maskHeight optional parameter does not exist...
System.maskWidth optional parameter does not exist...
System.enableOasis optional parameter does not exist...
System.dumpMapPoints optional parameter does not exist...
System.enableOmegaSLAM optional parameter does not exist...
System.enablePIDSLAM optional parameter does not exist...
SLIM SLAM enabled!
Will load ./slimslam_control_files/V2_03_difficult_control.txt for SlimSLAM Oracle config!
SlimSLAM.EnableTraining optional parameter does not exist...
System.debug_logs optional parameter does not exist...
	-Loaded misc parameters
	-Computed rectification maps
----------------------------------
SLAM settings: 
	-Camera 1 parameters (Pinhole): [ 458.65399169921875 457.29598999023438 367.21499633789062 248.375 ]
	-Camera 1 distortion parameters: [  -0.28340810537338257 0.073959067463874817 0.00019359000725671649 1.7618711353861727e-05 ]
	-Camera 2 parameters (Pinhole: [ 457.58700561523438 456.13400268554688 379.99899291992188 255.23800659179688 ]
	-Camera 1 distortion parameters: [  -0.2836836576461792 0.074512839317321777 -0.00010473000293131918 -3.555907096597366e-05 ]
	-Original image size: [ 752 , 480 ]
	-Current image size: [ 752 , 480 ]
	-Camera 1 parameters after rectification: [  456.71499633789062 456.71499633789062 364.52615356445312 257.268798828125 ]
	-Sequence FPS: 20
	-Stereo baseline: 0.11007784307003021
	-Stereo depth threshold : 60
	-Gyro noise: 0.00016999999934341758
	-Accelerometer noise: 0.0020000000949949026
	-Gyro walk: 1.9392999092815444e-05
	-Accelerometer walk: 0.0030000000260770321
	-IMU frequency: 200
	-Features per image: 1200
	-ORB scale factor: 1.2000000476837158
	-ORB number of scales: 8
	-Initial FAST threshold: 20
	-Min FAST threshold: 7


Loading ORB Vocabulary. This could take a while...
Vocabulary loaded!

Initialization of Atlas from scratch 
Creation of new map with id: 0
Creation of new map with last KF id: 0
SLIMSLAM: Singleton instance created with default parameters.
SLIMSLAM: Control file loaded successfully with 26 commands across 26 unique timestamps from: ./slimslam_control_files/V2_03_difficult_control.txt
Seq. Name: 
There are 1 cameras in the atlas
Camera 0 is pinhole
SLAM Started at System Time: 1749148621.99099
not IMU meas
not IMU meas
not enough acceleration
not enough acceleration
not enough acceleration
not enough acceleration
not enough acceleration
not enough acceleration
not enough acceleration
not enough acceleration
not enough acceleration
not enough acceleration
not enough acceleration
not enough acceleration
not enough acceleration
not enough acceleration
not enough acceleration
not enough acceleration
not enough acceleration
not enough acceleration
not enough acceleration
not enough acceleration
not enough acceleration
not enough acceleration
not enough acceleration
not enough acceleration
not enough acceleration
not enough acceleration
not enough acceleration
not enough acceleration
not enough acceleration
not enough acceleration
not enough acceleration
not enough acceleration
not enough acceleration
not enough acceleration
not enough acceleration
not enough acceleration
not enough acceleration
not enough acceleration
not enough acceleration
not enough acceleration
not enough acceleration
not enough acceleration
not enough acceleration
not enough acceleration
not enough acceleration
not enough acceleration
not enough acceleration
not enough acceleration
not enough acceleration
not enough acceleration
not enough acceleration
not enough acceleration
not enough acceleration
not enough acceleration
not enough acceleration
not enough acceleration
not enough acceleration
not enough acceleration
not enough acceleration
not enough acceleration
not enough acceleration
not enough acceleration
not enough acceleration
not enough acceleration
not enough acceleration
not enough acceleration
not enough acceleration
not enough acceleration
not enough acceleration
not enough acceleration
not enough acceleration
not enough acceleration
not enough acceleration
not enough acceleration
not enough acceleration
not enough acceleration
not enough acceleration
not enough acceleration
not enough acceleration
not enough acceleration
not enough acceleration
not enough acceleration
not enough acceleration
not enough acceleration
not enough acceleration
not enough acceleration
not enough acceleration
not enough acceleration
not enough acceleration
not enough acceleration
not enough acceleration
not enough acceleration
not enough acceleration
not enough acceleration
not enough acceleration
not enough acceleration
not enough acceleration
not enough acceleration
not enough acceleration
not enough acceleration
not enough acceleration
not enough acceleration
not enough acceleration
not enough acceleration
not enough acceleration
not enough acceleration
not enough acceleration
First KF:0; Map init KF:0
New Map created with 423 points
Active map: 0
SLIMSLAM: Found commands for timestamp 1413394887.0557604
  Applying: Skip_Frames = 1
Dropping frame 1413394887.1057606
SLIMSLAM: Found commands for timestamp 1413394887.1557603
  Applying: Skip_Frames = 1
Dropping frame 1413394887.2057605
SLIMSLAM: Found commands for timestamp 1413394887.6057606
  Applying: Processing_Frames = 1
SLIMSLAM: Found commands for timestamp 1413394887.7057605
  Applying: Skip_Frames = 2
Dropping frame 1413394887.7557604
Dropping frame 1413394887.8057606
SLIMSLAM: Found commands for timestamp 1413394887.9557605
  Applying: KP_max = 60
SLIMSLAM: Found commands for timestamp 1413394888.3557603
  Applying: Skip_Frames = 1
Dropping frame 1413394888.4057605
SLIMSLAM: Found commands for timestamp 1413394888.4557605
  Applying: Skip_Frames = 2
Dropping frame 1413394888.5057604
Dropping frame 1413394888.5557604
SLIMSLAM: Found commands for timestamp 1413394890.1557603
  Applying: Skip_Frames = 1
Dropping frame 1413394890.2057605
SLIMSLAM: Found commands for timestamp 1413394890.2557604
  Applying: Skip_Frames = 2
Dropping frame 1413394890.3057606
Dropping frame 1413394890.3557603
SLIMSLAM: Found commands for timestamp 1413394890.4557605
  Applying: Skip_Frames = 1
Dropping frame 1413394890.5057604
SLIMSLAM: Found commands for timestamp 1413394890.5557604
  Applying: Skip_Frames = 2
Dropping frame 1413394890.6057606
Dropping frame 1413394890.6557603
SLIMSLAM: Found commands for timestamp 1413394891.0557604
  Applying: Skip_Frames = 1
Dropping frame 1413394891.1057606
SLIMSLAM: Found commands for timestamp 1413394891.1557603
  Applying: Skip_Frames = 2
Dropping frame 1413394891.2057605
Dropping frame 1413394891.2557604
SLIMSLAM: Found commands for timestamp 1413394891.3057606
  Applying: Skip_Frames = 2
Dropping frame 1413394891.3557603
Dropping frame 1413394891.4057605
SLIMSLAM: Found commands for timestamp 1413394891.5557604
  Applying: Skip_Frames = 1
Dropping frame 1413394891.6057606
SLIMSLAM: Found commands for timestamp 1413394891.6557603
  Applying: Skip_Frames = 1
Dropping frame 1413394891.7057605
SLIMSLAM: Found commands for timestamp 1413394891.7557604
  Applying: Skip_Frames = 2
Dropping frame 1413394891.8057606
Dropping frame 1413394891.8557603
SLIMSLAM: Found commands for timestamp 1413394891.9557605
  Applying: Skip_Frames = 1
Dropping frame 1413394892.0057604
SLIMSLAM: Found commands for timestamp 1413394892.0557604
  Applying: Skip_Frames = 2
Dropping frame 1413394892.1057606
Dropping frame 1413394892.1557603
SLIMSLAM: Found commands for timestamp 1413394892.2057605
  Applying: Skip_Frames = 2
Dropping frame 1413394892.2557604
Dropping frame 1413394892.3057606
start VIBA 1
end VIBA 1
start VIBA 2
end VIBA 2
*Loop detected
phi =  0.0038575378730701282      0.019436529692313 -0.0065774484793223341
BAD LOOP!!!
*Loop detected
phi = 0.0028909437124723697  0.065913655426856177  0.033021255312584021
BAD LOOP!!!
*Loop detected
phi = -0.0014027901537893709   0.024531648486181775  -0.036756356213333043
BAD LOOP!!!
*Loop detected
phi = -0.0019055771602602951   0.044262225747510667  -0.056831216944967906
BAD LOOP!!!
*Loop detected
phi = 0.00070943757086569905   0.055406303381032494   -0.13091449434446775
BAD LOOP!!!
*Loop detected
phi = 0.0017338233856319439  0.055208096785031691  -0.17848532433264927
BAD LOOP!!!
*Loop detected
phi = 0.050476533485903481  0.17294509290086749 -0.58530190428731554
BAD LOOP!!!
*Loop detected
phi = 0.0018151699121045195  0.046311104512863271 0.0093329400292283433
BAD LOOP!!!
*Loop detected
phi = -0.023083873744573612 0.0044660027929055235 0.0024219152598534293
BAD LOOP!!!
*Loop detected
phi = -0.011401971287891791  0.026041372195588382  0.061094165183716548
BAD LOOP!!!
*Loop detected
phi =  0.034857985887594756 0.0088090351360415129 -0.055744213008091292
BAD LOOP!!!
*Loop detected
phi = -0.019849789264861126 0.0048038419005356683  0.091183441980497493
BAD LOOP!!!
*Loop detected
phi = -0.052808875225669398   0.01879488941000931   0.13379133895361031
BAD LOOP!!!
*Loop detected
phi =    -0.0232235668876586 -0.0014391089617480026    0.07442308178210022
BAD LOOP!!!
*Loop detected
phi =  -0.019814777760981228 -0.0048424845965064096   0.088250684875110383
BAD LOOP!!!
*Loop detected
phi = -0.0022973439192821646  0.0029177838289679374   0.027759303444473353
Local Mapping STOP
Local Mapping RELEASE
Local Mapping STOP
Local Mapping RELEASE
SLIMSLAM: Found commands for timestamp 1413394962.8557603
  Applying: Skip_Frames = 1
Dropping frame 1413394962.9057605
SLIMSLAM: Found commands for timestamp 1413394997.6057606
  Applying: Skip_Frames = 5
Dropping frame 1413394997.7057605
Dropping frame 1413394997.8057606
Dropping frame 1413394997.9057605
Dropping frame 1413394998.0057604
Dropping frame 1413394998.1057606
Shutdown
SLAM Finished at System Time: 1749148754.36551

 TIME STATS in ms (mean$\pm$std)
OpenCV version: 4.8.1
---------------------------
Tracking

ORB Extraction: 17.684$\pm$2.1187
Stereo Matching: 7.9492$\pm$2.3748
IMU Preintegration: 0.18713$\pm$0.065098
Pose Prediction: 0.2601$\pm$0.98555
LM Track: 14.996$\pm$3.5096
New KF decision: 0.39884$\pm$0.39157
Total Tracking: 43.651$\pm$10.239



Local Mapping

KF Insertion: 11.155$\pm$3.6654
MP Culling: 0.58773$\pm$0.20907
MP Creation: 37.506$\pm$13.146
LBA: 98.666$\pm$36.521
KF Culling: 8.2495$\pm$5.8872
Total Local Mapping: 156.37$\pm$47.637
---------------------------

LBA complexity (mean$\pm$std)
LBA Edges: 2897.4$\pm$887.38
LBA KF optimized: 6.5$\pm$2.2913
LBA KF fixed: 1$\pm$0
LBA MP: nan$\pm$nan

LBA executions: 558
LBA aborts: 0
---------------------------

Map complexity
KFs in map: 219
MPs in map: 10554
---------------------------

Place Recognition (mean$\pm$std)
Database Query: 1.8361$\pm$0.92314
SE3 estimation: 16.212$\pm$12.51
Total Place Recognition: 15.939$\pm$13.546


Loop Closing (mean$\pm$std)
Loop Fusion: 190.47$\pm$0
Essential Graph: 85.428$\pm$0
Total Loop Closing: 328.04$\pm$0

Num exec: 1
Number of KFs: nan$\pm$nan

Map Merging (mean$\pm$std)
Merge Maps: nan$\pm$nan
Welding BA: nan$\pm$nan
Optimization Ess.: nan$\pm$nan
Total Map Merging: nan$\pm$nan

Num exec: 0
Number of KFs: nan$\pm$nan
Number of MPs: nan$\pm$nan

Full GBA (mean$\pm$std)
GBA: 1422.3$\pm$0
Map Update: 13.851$\pm$0
Total Full GBA: 1436.1$\pm$0

Num exec: 1
Num abort: 0
Number of KFs: 196$\pm$0
Number of MPs: 11722$\pm$0

Saving trajectory to f_dataset-V2_03_difficult_run7.txt ...
There are 1 maps in the atlas
  Map 0 has 219 KFs

End of saving trajectory to f_dataset-V2_03_difficult_run7.txt ...

Saving keyframe trajectory to kf_dataset-V2_03_difficult_run7.txt ...
