num_seq = 1
file name: dataset-MH03_stereo_imu
Loading images for sequence 0...LOADED!
Loading IMU for sequence 0...LOADED!

-------

ORB-SLAM3 Copyright (C) 2017-2020 Carlos Campos, Richard Elvira, Juan J. Gómez, José M.M. Montiel and Juan D. Tardós, University of Zaragoza.
ORB-SLAM2 Copyright (C) 2014-2016 Raúl Mur-Artal, José M.M. Montiel and Juan D. Tardós, University of Zaragoza.
This program comes with ABSOLUTELY NO WARRANTY;
This is free software, and you are welcome to redistribute it
under certain conditions. See LICENSE.txt.

Built with REGISTER_TIMES
Git Commit Hash: 2d47524

Build Type: Release

Compiled with C++ version: 201703

Input sensor was set to: Stereo-Inertial
Loading settings from EuRoC_fov_deadlines_mask_3x3.yaml
	-Loaded camera 1
	-Loaded camera 2
	-Loaded image info
	-Loaded IMU calibration
	-Loaded ORB settings
	-Loaded viewer settings
	-Loaded Atlas settings
Deadlines enabled, will skip frames!
FOV enabled
Static mask size: 3x3
Dumping map points enabled
	-Loaded misc parameters
	-Computed rectification maps
----------------------------------
SLAM settings: 
	-Camera 1 parameters (Pinhole): [ 458.65399169921875 457.29598999023438 367.21499633789062 248.375 ]
	-Camera 1 distortion parameters: [  -0.28340810537338257 0.073959067463874817 0.00019359000725671649 1.7618711353861727e-05 ]
	-Camera 2 parameters (Pinhole: [ 457.58700561523438 456.13400268554688 379.99899291992188 255.23800659179688 ]
	-Camera 1 distortion parameters: [  -0.2836836576461792 0.074512839317321777 -0.00010473000293131918 -3.555907096597366e-05 ]
	-Original image size: [ 752 , 480 ]
	-Current image size: [ 752 , 480 ]
	-Camera 1 parameters after rectification: [  456.71499633789062 456.71499633789062 364.52615356445312 257.268798828125 ]
	-Sequence FPS: 20
	-Stereo baseline: 0.11007784307003021
	-Stereo depth threshold : 60
	-Gyro noise: 0.00016999999934341758
	-Accelerometer noise: 0.0020000000949949026
	-Gyro walk: 1.9392999092815444e-05
	-Accelerometer walk: 0.0030000000260770321
	-IMU frequency: 200
	-Features per image: 1200
	-ORB scale factor: 1.2000000476837158
	-ORB number of scales: 8
	-Initial FAST threshold: 20
	-Min FAST threshold: 7


Loading ORB Vocabulary. This could take a while...
Vocabulary loaded!

Initialization of Atlas from scratch 
Creation of new map with id: 0
Creation of new map with last KF id: 0
Seq. Name: 
There are 1 cameras in the atlas
Camera 0 is pinhole
SLAM Started at System Time: 1742950265.23074
not IMU meas
not IMU meas
not enough acceleration
not enough acceleration
First KF:0; Map init KF:0
New Map created with 86 points
Active map: 0
Not enough motion for initializing. Reseting...
TRACK: Reset map because local mapper set the bad imu flag 
LM: Reseting current map in Local Mapping...
LM: End reseting Local Mapping...
LM: Reset free the mutex
LM: Active map reset recieved
LM: Active map reset, waiting...
LM: Reseting current map in Local Mapping...
LM: End reseting Local Mapping...
LM: Reset free the mutex
LM: Active map reset, Done!!!
mnFirstFrameId = 4
mnInitialFrameId = 0
51 Frames set to lost
not IMU meas
not enough acceleration
First KF:11; Map init KF:0
New Map created with 109 points
Active map: 0
Fail to track local map!
IMU is not or recently initialized. Reseting active map...
LM: Active map reset recieved
LM: Active map reset, waiting...
LM: Reseting current map in Local Mapping...
LM: End reseting Local Mapping...
LM: Reset free the mutex
LM: Active map reset, Done!!!
mnFirstFrameId = 58
mnInitialFrameId = 55
58 Frames set to lost
not IMU meas
First KF:13; Map init KF:11
New Map created with 146 points
Active map: 0
Fail to track local map!
IMU is not or recently initialized. Reseting active map...
LM: Active map reset recieved
LM: Active map reset, waiting...
LM: Reseting current map in Local Mapping...
LM: End reseting Local Mapping...
LM: Reset free the mutex
LM: Active map reset, Done!!!
mnFirstFrameId = 66
mnInitialFrameId = 64
64 Frames set to lost
not IMU meas
not enough acceleration
First KF:15; Map init KF:13
New Map created with 466 points
Active map: 0
Dropping frame 1403637134.3383191
Dropping frame 1403637134.688319
Dropping frame 1403637134.7883189
Fail to track local map!
IMU is not or recently initialized. Reseting active map...
LM: Active map reset recieved
LM: Active map reset, waiting...
LM: Reseting current map in Local Mapping...
LM: End reseting Local Mapping...
LM: Reset free the mutex
LM: Active map reset, Done!!!
mnFirstFrameId = 74
mnInitialFrameId = 71
77 Frames set to lost
not IMU meas
not enough acceleration
not enough acceleration
First KF:18; Map init KF:15
New Map created with 97 points
Active map: 0
Fail to track local map!
IMU is not or recently initialized. Reseting active map...
LM: Active map reset recieved
LM: Active map reset, waiting...
LM: Reseting current map in Local Mapping...
LM: End reseting Local Mapping...
LM: Reset free the mutex
LM: Active map reset, Done!!!
mnFirstFrameId = 90
mnInitialFrameId = 86
81 Frames set to lost
not IMU meas
First KF:19; Map init KF:18
New Map created with 209 points
Active map: 0
Fail to track local map!
IMU is not or recently initialized. Reseting active map...
LM: Active map reset recieved
LM: Active map reset, waiting...
LM: Reseting current map in Local Mapping...
LM: End reseting Local Mapping...
LM: Reset free the mutex
LM: Active map reset, Done!!!
mnFirstFrameId = 95
mnInitialFrameId = 93
85 Frames set to lost
not IMU meas
First KF:20; Map init KF:19
New Map created with 454 points
Active map: 0
Dropping frame 1403637136.2883189
Fail to track local map!
IMU is not or recently initialized. Reseting active map...
LM: Active map reset recieved
LM: Active map reset, waiting...
LM: Reseting current map in Local Mapping...
LM: End reseting Local Mapping...
LM: Reset free the mutex
LM: Active map reset, Done!!!
mnFirstFrameId = 100
mnInitialFrameId = 98
99 Frames set to lost
not IMU meas
First KF:23; Map init KF:20
New Map created with 130 points
Active map: 0
Fail to track local map!
IMU is not or recently initialized. Reseting active map...
LM: Active map reset recieved
LM: Active map reset, waiting...
LM: Reseting current map in Local Mapping...
LM: End reseting Local Mapping...
LM: Reset free the mutex
LM: Active map reset, Done!!!
mnFirstFrameId = 115
mnInitialFrameId = 113
108 Frames set to lost
not IMU meas
First KF:25; Map init KF:23
New Map created with 330 points
Active map: 0
Dropping frame 1403637137.688319
Fail to track local map!
IMU is not or recently initialized. Reseting active map...
LM: Active map reset recieved
LM: Active map reset, waiting...
LM: Reseting current map in Local Mapping...
LM: End reseting Local Mapping...
LM: Reset free the mutex
LM: Active map reset, Done!!!
mnFirstFrameId = 125
mnInitialFrameId = 123
123 Frames set to lost
not IMU meas
First KF:28; Map init KF:25
New Map created with 180 points
Active map: 0
Fail to track local map!
IMU is not or recently initialized. Reseting active map...
LM: Active map reset recieved
LM: Active map reset, waiting...
LM: Reseting current map in Local Mapping...
LM: End reseting Local Mapping...
LM: Reset free the mutex
LM: Active map reset, Done!!!
mnFirstFrameId = 141
mnInitialFrameId = 139
127 Frames set to lost
not IMU meas
First KF:29; Map init KF:28
New Map created with 121 points
Active map: 0
Fail to track local map!
IMU is not or recently initialized. Reseting active map...
LM: Active map reset recieved
LM: Active map reset, waiting...
LM: Reseting current map in Local Mapping...
LM: End reseting Local Mapping...
LM: Reset free the mutex
LM: Active map reset, Done!!!
mnFirstFrameId = 146
mnInitialFrameId = 144
130 Frames set to lost
not IMU meas
First KF:30; Map init KF:29
New Map created with 246 points
Active map: 0
Fail to track local map!
IMU is not or recently initialized. Reseting active map...
LM: Active map reset recieved
LM: Active map reset, waiting...
LM: Reseting current map in Local Mapping...
LM: End reseting Local Mapping...
LM: Reset free the mutex
LM: Active map reset, Done!!!
mnFirstFrameId = 150
mnInitialFrameId = 148
136 Frames set to lost
not IMU meas
not enough acceleration
not enough acceleration
First KF:32; Map init KF:30
New Map created with 685 points
Active map: 0
Dropping frame 1403637139.0883191
Fail to track local map!
IMU is not or recently initialized. Reseting active map...
LM: Active map reset recieved
LM: Active map reset, waiting...
LM: Reseting current map in Local Mapping...
LM: End reseting Local Mapping...
LM: Reset free the mutex
LM: Active map reset, Done!!!
mnFirstFrameId = 159
mnInitialFrameId = 155
146 Frames set to lost
not IMU meas
Dropping frame 1403637139.3383191
First KF:34; Map init KF:32
New Map created with 107 points
Active map: 0
Dropping frame 1403637139.4383192
Fail to track local map!
IMU is not or recently initialized. Reseting active map...
LM: Active map reset recieved
LM: Active map reset, waiting...
LM: Reseting current map in Local Mapping...
LM: End reseting Local Mapping...
LM: Reset free the mutex
LM: Active map reset, Done!!!
mnFirstFrameId = 170
mnInitialFrameId = 168
149 Frames set to lost
not IMU meas
not enough acceleration
not enough acceleration
not enough acceleration
not enough acceleration
First KF:35; Map init KF:34
New Map created with 54 points
Active map: 0
Fail to track local map!
IMU is not or recently initialized. Reseting active map...
LM: Active map reset recieved
LM: Active map reset, waiting...
LM: Reseting current map in Local Mapping...
LM: End reseting Local Mapping...
LM: Reset free the mutex
LM: Active map reset, Done!!!
mnFirstFrameId = 178
mnInitialFrameId = 172
151 Frames set to lost
not IMU meas
not enough acceleration
First KF:36; Map init KF:35
New Map created with 59 points
Active map: 0
Fail to track local map!
IMU is not or recently initialized. Reseting active map...
LM: Active map reset recieved
LM: Active map reset, waiting...
LM: Reseting current map in Local Mapping...
LM: End reseting Local Mapping...
LM: Reset free the mutex
LM: Active map reset, Done!!!
mnFirstFrameId = 182
mnInitialFrameId = 179
153 Frames set to lost
not IMU meas
First KF:37; Map init KF:36
New Map created with 77 points
Active map: 0
Not enough motion for initializing. Reseting...
LM: Reseting current map in Local Mapping...
LM: End reseting Local Mapping...
LM: Reset free the mutex
Not enough motion for initializing. Reseting...
LM: Reseting current map in Local Mapping...
LM: End reseting Local Mapping...
LM: Reset free the mutex
Not enough motion for initializing. Reseting...
LM: Reseting current map in Local Mapping...
LM: End reseting Local Mapping...
LM: Reset free the mutex
Not enough motion for initializing. Reseting...
LM: Reseting current map in Local Mapping...
LM: End reseting Local Mapping...
LM: Reset free the mutex
Not enough motion for initializing. Reseting...
LM: Reseting current map in Local Mapping...
LM: End reseting Local Mapping...
LM: Reset free the mutex
Not enough motion for initializing. Reseting...
LM: Reseting current map in Local Mapping...
LM: End reseting Local Mapping...
LM: Reset free the mutex
Not enough motion for initializing. Reseting...
TRACK: Reset map because local mapper set the bad imu flag 
LM: Reseting current map in Local Mapping...
LM: End reseting Local Mapping...
LM: Reset free the mutex
LM: Active map reset recieved
LM: Active map reset, waiting...
LM: Reseting current map in Local Mapping...
LM: End reseting Local Mapping...
LM: Reset free the mutex
LM: Active map reset, Done!!!
mnFirstFrameId = 185
mnInitialFrameId = 183
272 Frames set to lost
not IMU meas
not enough acceleration
not enough acceleration
not enough acceleration
not enough acceleration
not enough acceleration
not enough acceleration
not enough acceleration
not enough acceleration
not enough acceleration
not enough acceleration
not enough acceleration
not enough acceleration
not enough acceleration
not enough acceleration
not enough acceleration
not enough acceleration
not enough acceleration
not enough acceleration
not enough acceleration
not enough acceleration
not enough acceleration
not enough acceleration
not enough acceleration
not enough acceleration
not enough acceleration
not enough acceleration
not enough acceleration
not enough acceleration
not enough acceleration
not enough acceleration
not enough acceleration
not enough acceleration
not enough acceleration
not enough acceleration
not enough acceleration
not enough acceleration
not enough acceleration
not enough acceleration
not enough acceleration
not enough acceleration
not enough acceleration
not enough acceleration
not enough acceleration
not enough acceleration
not enough acceleration
not enough acceleration
not enough acceleration
not enough acceleration
not enough acceleration
not enough acceleration
not enough acceleration
not enough acceleration
not enough acceleration
not enough acceleration
not enough acceleration
not enough acceleration
not enough acceleration
not enough acceleration
not enough acceleration
not enough acceleration
not enough acceleration
not enough acceleration
not enough acceleration
not enough acceleration
not enough acceleration
not enough acceleration
not enough acceleration
not enough acceleration
not enough acceleration
not enough acceleration
First KF:54; Map init KF:37
New Map created with 66 points
Active map: 0
Fail to track local map!
IMU is not or recently initialized. Reseting active map...
LM: Active map reset recieved
LM: Active map reset, waiting...
LM: Reseting current map in Local Mapping...
LM: End reseting Local Mapping...
LM: Reset free the mutex
LM: Active map reset, Done!!!
mnFirstFrameId = 376
mnInitialFrameId = 304
284 Frames set to lost
not IMU meas
not enough acceleration
not enough acceleration
not enough acceleration
not enough acceleration
not enough acceleration
not enough acceleration
First KF:56; Map init KF:54
New Map created with 202 points
Active map: 0
Dropping frame 1403637152.388319
Dropping frame 1403637153.4383192
Dropping frame 1403637154.0883191
Dropping frame 1403637154.688319
Dropping frame 1403637155.3383191
Dropping frame 1403637155.888319
start VIBA 1
Dropping frame 1403637156.188319
end VIBA 1
Dropping frame 1403637156.5383191
Dropping frame 1403637156.688319
Dropping frame 1403637156.9883189
Dropping frame 1403637157.2383192
Dropping frame 1403637157.638319
Dropping frame 1403637157.7383192
Dropping frame 1403637158.0883191
Dropping frame 1403637158.5883191
Dropping frame 1403637159.5883191
Dropping frame 1403637160.0883191
Dropping frame 1403637160.638319
Dropping frame 1403637163.5383191
start VIBA 2
end VIBA 2
Dropping frame 1403637167.3383191
Dropping frame 1403637173.0883191
Dropping frame 1403637178.2883189
Dropping frame 1403637178.388319
Dropping frame 1403637178.688319
Dropping frame 1403637178.7883189
Dropping frame 1403637179.0383191
Dropping frame 1403637179.188319
Dropping frame 1403637179.3383191
Dropping frame 1403637179.5883191
Dropping frame 1403637179.8383191
Dropping frame 1403637180.0883191
Dropping frame 1403637180.3383191
Dropping frame 1403637180.5883191
Dropping frame 1403637180.8383191
Dropping frame 1403637181.138319
Dropping frame 1403637181.388319
Dropping frame 1403637183.4383192
Dropping frame 1403637183.7883189
Dropping frame 1403637184.4383192
Dropping frame 1403637185.0883191
Dropping frame 1403637185.188319
Dropping frame 1403637185.5383191
Dropping frame 1403637185.888319
Dropping frame 1403637186.2383192
Dropping frame 1403637186.3383191
Dropping frame 1403637186.5883191
Dropping frame 1403637187.7383192
Dropping frame 1403637187.9883189
Dropping frame 1403637188.188319
Dropping frame 1403637188.638319
Dropping frame 1403637188.7383192
Dropping frame 1403637188.9883189
Dropping frame 1403637189.188319
Dropping frame 1403637189.2883189
Dropping frame 1403637189.4383192
Dropping frame 1403637189.5383191
Dropping frame 1403637189.7883189
Dropping frame 1403637190.138319
Dropping frame 1403637190.2383192
Dropping frame 1403637190.4883189
Dropping frame 1403637190.9883189
Dropping frame 1403637191.188319
Dropping frame 1403637191.2883189
Dropping frame 1403637191.5383191
Dropping frame 1403637191.7383192
Dropping frame 1403637192.188319
Dropping frame 1403637192.2883189
Dropping frame 1403637192.388319
Dropping frame 1403637192.7383192
Dropping frame 1403637192.9383192
Dropping frame 1403637193.0383191
Dropping frame 1403637193.138319
Dropping frame 1403637193.2383192
Dropping frame 1403637193.4383192
Dropping frame 1403637193.5383191
Dropping frame 1403637193.638319
Dropping frame 1403637194.4883189
Dropping frame 1403637194.8383191
Dropping frame 1403637194.9383192
Dropping frame 1403637195.2383192
Dropping frame 1403637195.3383191
Dropping frame 1403637195.5883191
Dropping frame 1403637195.688319
Dropping frame 1403637195.7883189
Dropping frame 1403637195.888319
Dropping frame 1403637196.0883191
Dropping frame 1403637196.3383191
Dropping frame 1403637196.5383191
Dropping frame 1403637196.888319
Dropping frame 1403637197.188319
Dropping frame 1403637197.388319
Dropping frame 1403637197.4883189
Dropping frame 1403637197.688319
Dropping frame 1403637197.888319
Dropping frame 1403637197.9883189
Dropping frame 1403637198.2883189
Dropping frame 1403637202.2883189
Dropping frame 1403637202.888319
Dropping frame 1403637207.7383192
Dropping frame 1403637208.0383191
Dropping frame 1403637208.638319
Dropping frame 1403637209.0383191
Dropping frame 1403637209.138319
Dropping frame 1403637213.8383191
Dropping frame 1403637219.7883189
Dropping frame 1403637220.4383192
Dropping frame 1403637231.0383191
Dropping frame 1403637231.2883189
Dropping frame 1403637231.388319
Dropping frame 1403637231.4883189
Dropping frame 1403637231.5883191
Dropping frame 1403637231.8383191
Dropping frame 1403637232.2383192
Dropping frame 1403637232.3383191
Dropping frame 1403637232.7883189
Dropping frame 1403637232.888319
Dropping frame 1403637233.138319
Dropping frame 1403637233.4883189
Dropping frame 1403637234.7883189
Dropping frame 1403637234.9883189
Dropping frame 1403637235.0883191
Dropping frame 1403637235.188319
Dropping frame 1403637235.7883189
Dropping frame 1403637235.888319
Dropping frame 1403637236.2383192
Dropping frame 1403637236.388319
Dropping frame 1403637236.4883189
Dropping frame 1403637237.638319
Dropping frame 1403637237.7383192
Dropping frame 1403637238.5883191
Dropping frame 1403637239.0383191
Dropping frame 1403637239.388319
Dropping frame 1403637239.9383192
Dropping frame 1403637241.5883191
Dropping frame 1403637241.7383192
Dropping frame 1403637242.0383191
Dropping frame 1403637242.888319
Dropping frame 1403637244.4383192
Dropping frame 1403637244.7883189
Dropping frame 1403637244.9883189
Dropping frame 1403637245.0883191
Dropping frame 1403637245.388319
Dropping frame 1403637245.4883189
Dropping frame 1403637245.5883191
Dropping frame 1403637245.688319
Dropping frame 1403637245.8383191
Dropping frame 1403637245.9383192
Dropping frame 1403637246.138319
Dropping frame 1403637246.3383191
Dropping frame 1403637246.4383192
Dropping frame 1403637246.5383191
Dropping frame 1403637246.638319
Dropping frame 1403637246.7883189
Dropping frame 1403637247.0883191
Dropping frame 1403637247.2883189
Dropping frame 1403637247.388319
Dropping frame 1403637247.688319
Dropping frame 1403637247.7883189
Dropping frame 1403637247.888319
Dropping frame 1403637249.8383191
Dropping frame 1403637250.0383191
Dropping frame 1403637250.2383192
Dropping frame 1403637250.3383191
Dropping frame 1403637250.4383192
Dropping frame 1403637250.7883189
Dropping frame 1403637251.0883191
Dropping frame 1403637251.2883189
Dropping frame 1403637251.388319
Dropping frame 1403637251.638319
Dropping frame 1403637251.8383191
Dropping frame 1403637251.9383192
Dropping frame 1403637252.138319
Dropping frame 1403637252.3383191
Dropping frame 1403637252.4383192
Dropping frame 1403637252.5383191
Dropping frame 1403637252.638319
Dropping frame 1403637253.7383192
Dropping frame 1403637254.3383191
Dropping frame 1403637255.638319
Dropping frame 1403637255.8383191
Dropping frame 1403637255.9383192
Dropping frame 1403637256.0383191
Dropping frame 1403637256.2383192
Dropping frame 1403637256.638319
Dropping frame 1403637256.7383192
Dropping frame 1403637256.8383191
Dropping frame 1403637261.5383191
Dropping frame 1403637261.638319
Dropping frame 1403637262.0383191
Dropping frame 1403637262.138319
Dropping frame 1403637262.5383191
Dropping frame 1403637262.638319
Dropping frame 1403637262.9883189
Dropping frame 1403637263.3383191
Dropping frame 1403637263.5383191
Dropping frame 1403637263.9383192
Dropping frame 1403637264.0383191
Dropping frame 1403637264.2883189
Dropping frame 1403637264.4383192
Dropping frame 1403637264.638319
Dropping frame 1403637264.9883189
Shutdown
SLAM Finished at System Time: 1742950423.00879

 TIME STATS in ms (mean$\pm$std)
OpenCV version: 4.8.1
---------------------------
Tracking

ORB Extraction: 12.504$\pm$1.8688
Stereo Matching: 6.2402$\pm$2.1371
IMU Preintegration: 0.27685$\pm$0.14382
Pose Prediction: 0.49988$\pm$1.4018
LM Track: 15.862$\pm$5.6199
New KF decision: 1.0508$\pm$2.0986
Total Tracking: 34.796$\pm$16.432



Local Mapping

KF Insertion: 9.6023$\pm$4.7176
MP Culling: 0.37983$\pm$0.23152
MP Creation: 33.515$\pm$19.301
LBA: 124.48$\pm$56.492
KF Culling: 11.412$\pm$8.4716
Total Local Mapping: 173.08$\pm$85.071
---------------------------

LBA complexity (mean$\pm$std)
LBA Edges: 1079.4$\pm$744.32
LBA KF optimized: 6.1111$\pm$2.4242
LBA KF fixed: 1$\pm$0
LBA MP: nan$\pm$nan

LBA executions: 522
LBA aborts: 0
---------------------------

Map complexity
KFs in map: 222
MPs in map: 15811
---------------------------

Place Recognition (mean$\pm$std)
Database Query: 1.3138$\pm$0.80451
SE3 estimation: 17.866$\pm$12.48
Total Place Recognition: 15.246$\pm$14.008


Loop Closing (mean$\pm$std)
Loop Fusion: nan$\pm$nan
Essential Graph: nan$\pm$nan
Total Loop Closing: nan$\pm$nan

Num exec: 0
Number of KFs: nan$\pm$nan

Map Merging (mean$\pm$std)
Merge Maps: nan$\pm$nan
Welding BA: nan$\pm$nan
Optimization Ess.: nan$\pm$nan
Total Map Merging: nan$\pm$nan

Num exec: 0
Number of KFs: nan$\pm$nan
Number of MPs: nan$\pm$nan

Full GBA (mean$\pm$std)
GBA: nan$\pm$nan
Map Update: nan$\pm$nan
Total Full GBA: nan$\pm$nan

Num exec: 0
Num abort: 0
Number of KFs: nan$\pm$nan
Number of MPs: nan$\pm$nan

Saving trajectory to f_dataset-MH03_stereo_imu.txt ...
There are 1 maps in the atlas
  Map 0 has 222 KFs

End of saving trajectory to f_dataset-MH03_stereo_imu.txt ...

Saving keyframe trajectory to kf_dataset-MH03_stereo_imu.txt ...
