num_seq = 1
file name: dataset-V203_stereo_imu
Loading images for sequence 0...LOADED!
Loading IMU for sequence 0...LOADED!

-------

ORB-SLAM3 Copyright (C) 2017-2020 Carlos Campos, Richard Elvira, Juan J. Gómez, José M.M. Montiel and Juan D. Tardós, University of Zaragoza.
ORB-SLAM2 Copyright (C) 2014-2016 Raúl Mur-Artal, José M.M. Montiel and Juan D. Tardós, University of Zaragoza.
This program comes with ABSOLUTELY NO WARRANTY;
This is free software, and you are welcome to redistribute it
under certain conditions. See LICENSE.txt.

Built with REGISTER_TIMES
Git Commit Hash: 33f00b6

Build Type: Release

Compiled with C++ version: 201703

Input sensor was set to: Stereo-Inertial
Loading settings from EuRoC_fov_deadlines_mask_12x12.yaml
	-Loaded camera 1
	-Loaded camera 2
	-Loaded image info
	-Loaded IMU calibration
	-Loaded ORB settings
	-Loaded viewer settings
	-Loaded Atlas settings
Deadlines enabled, will skip frames!
FOV enabled
Static mask size: 12x12
Dumping map points enabled
	-Loaded misc parameters
	-Computed rectification maps
----------------------------------
SLAM settings: 
	-Camera 1 parameters (Pinhole): [ 458.65399169921875 457.29598999023438 367.21499633789062 248.375 ]
	-Camera 1 distortion parameters: [  -0.28340810537338257 0.073959067463874817 0.00019359000725671649 1.7618711353861727e-05 ]
	-Camera 2 parameters (Pinhole: [ 457.58700561523438 456.13400268554688 379.99899291992188 255.23800659179688 ]
	-Camera 1 distortion parameters: [  -0.2836836576461792 0.074512839317321777 -0.00010473000293131918 -3.555907096597366e-05 ]
	-Original image size: [ 752 , 480 ]
	-Current image size: [ 752 , 480 ]
	-Camera 1 parameters after rectification: [  456.71499633789062 456.71499633789062 364.52615356445312 257.268798828125 ]
	-Sequence FPS: 20
	-Stereo baseline: 0.11007784307003021
	-Stereo depth threshold : 60
	-Gyro noise: 0.00016999999934341758
	-Accelerometer noise: 0.0020000000949949026
	-Gyro walk: 1.9392999092815444e-05
	-Accelerometer walk: 0.0030000000260770321
	-IMU frequency: 200
	-Features per image: 1200
	-ORB scale factor: 1.2000000476837158
	-ORB number of scales: 8
	-Initial FAST threshold: 20
	-Min FAST threshold: 7


Loading ORB Vocabulary. This could take a while...
Vocabulary loaded!

Initialization of Atlas from scratch 
Creation of new map with id: 0
Creation of new map with last KF id: 0
Seq. Name: 
There are 1 cameras in the atlas
Camera 0 is pinhole
SLAM Started at System Time: 1746929475.60901
not IMU meas
not IMU meas
not enough acceleration
not enough acceleration
not enough acceleration
not enough acceleration
not enough acceleration
not enough acceleration
not enough acceleration
not enough acceleration
not enough acceleration
not enough acceleration
not enough acceleration
not enough acceleration
not enough acceleration
not enough acceleration
not enough acceleration
not enough acceleration
not enough acceleration
not enough acceleration
not enough acceleration
not enough acceleration
not enough acceleration
not enough acceleration
not enough acceleration
not enough acceleration
not enough acceleration
not enough acceleration
not enough acceleration
not enough acceleration
not enough acceleration
not enough acceleration
not enough acceleration
not enough acceleration
not enough acceleration
not enough acceleration
not enough acceleration
not enough acceleration
not enough acceleration
not enough acceleration
not enough acceleration
not enough acceleration
not enough acceleration
not enough acceleration
not enough acceleration
not enough acceleration
not enough acceleration
not enough acceleration
not enough acceleration
not enough acceleration
not enough acceleration
not enough acceleration
not enough acceleration
not enough acceleration
not enough acceleration
not enough acceleration
not enough acceleration
not enough acceleration
not enough acceleration
not enough acceleration
not enough acceleration
not enough acceleration
not enough acceleration
not enough acceleration
not enough acceleration
not enough acceleration
not enough acceleration
not enough acceleration
not enough acceleration
not enough acceleration
not enough acceleration
not enough acceleration
not enough acceleration
not enough acceleration
not enough acceleration
not enough acceleration
not enough acceleration
not enough acceleration
not enough acceleration
not enough acceleration
not enough acceleration
not enough acceleration
not enough acceleration
not enough acceleration
not enough acceleration
not enough acceleration
not enough acceleration
not enough acceleration
not enough acceleration
not enough acceleration
not enough acceleration
not enough acceleration
not enough acceleration
not enough acceleration
not enough acceleration
not enough acceleration
not enough acceleration
not enough acceleration
not enough acceleration
not enough acceleration
not enough acceleration
not enough acceleration
not enough acceleration
not enough acceleration
not enough acceleration
not enough acceleration
not enough acceleration
not enough acceleration
not enough acceleration
First KF:0; Map init KF:0
New Map created with 443 points
Active map: 0
Dropping frame 1413394887.1057606
Dropping frame 1413394887.3057606
Dropping frame 1413394887.6057606
Dropping frame 1413394888.0057604
Dropping frame 1413394888.3057606
Dropping frame 1413394888.5557604
Dropping frame 1413394888.7557604
Dropping frame 1413394889.0057604
Dropping frame 1413394889.1557603
Dropping frame 1413394889.4057605
Dropping frame 1413394889.5057604
Dropping frame 1413394889.6057606
Dropping frame 1413394889.8557603
Dropping frame 1413394890.3557603
Dropping frame 1413394891.0057604
Dropping frame 1413394891.2057605
start VIBA 1
end VIBA 1
Dropping frame 1413394892.6557603
Dropping frame 1413394892.7557604
Dropping frame 1413394893.0057604
Dropping frame 1413394894.5557604
Dropping frame 1413394894.7557604
Dropping frame 1413394894.8557603
Dropping frame 1413394894.9557605
Dropping frame 1413394895.2057605
Dropping frame 1413394895.4557605
Dropping frame 1413394895.7557604
Dropping frame 1413394895.9557605
Dropping frame 1413394897.0057604
Dropping frame 1413394897.3057606
Dropping frame 1413394897.5057604
Dropping frame 1413394897.7057605
Dropping frame 1413394898.0557604
Dropping frame 1413394898.1557603
Dropping frame 1413394898.2557604
Dropping frame 1413394898.5057604
Dropping frame 1413394898.6057606
Dropping frame 1413394898.7057605
Dropping frame 1413394898.8057606
Dropping frame 1413394899.6057606
Dropping frame 1413394899.8057606
Dropping frame 1413394899.9057605
Dropping frame 1413394900.0057604
Dropping frame 1413394900.1557603
Dropping frame 1413394900.2557604
Dropping frame 1413394900.4557605
Dropping frame 1413394900.5557604
Dropping frame 1413394900.8057606
Dropping frame 1413394900.9057605
Dropping frame 1413394901.1057606
Dropping frame 1413394901.4057605
Dropping frame 1413394901.8557603
Dropping frame 1413394902.0057604
Dropping frame 1413394902.3557603
start VIBA 2
end VIBA 2
Dropping frame 1413394903.6057606
Dropping frame 1413394904.6557603
Dropping frame 1413394904.7557604
Dropping frame 1413394905.0057604
Dropping frame 1413394905.2057605
Dropping frame 1413394905.4057605
Dropping frame 1413394905.5057604
Dropping frame 1413394905.7057605
Dropping frame 1413394905.9057605
Dropping frame 1413394906.0057604
Dropping frame 1413394906.1057606
Dropping frame 1413394906.3057606
Dropping frame 1413394906.5057604
Dropping frame 1413394906.6057606
Dropping frame 1413394906.7057605
Dropping frame 1413394906.9557605
Dropping frame 1413394907.5057604
Dropping frame 1413394907.6057606
Dropping frame 1413394907.8557603
Dropping frame 1413394908.4057605
Dropping frame 1413394908.5057604
Dropping frame 1413394908.7057605
Dropping frame 1413394909.8557603
Dropping frame 1413394910.0057604
Dropping frame 1413394910.2557604
Dropping frame 1413394910.7057605
Dropping frame 1413394911.1557603
Dropping frame 1413394911.5057604
Dropping frame 1413394911.8057606
Dropping frame 1413394912.1057606
Dropping frame 1413394912.3557603
Dropping frame 1413394912.4557605
Dropping frame 1413394912.7057605
Dropping frame 1413394912.9057605
Dropping frame 1413394913.0557604
Dropping frame 1413394913.2557604
Dropping frame 1413394913.5557604
Dropping frame 1413394913.9057605
Dropping frame 1413394914.0057604
Dropping frame 1413394914.2557604
Dropping frame 1413394914.5557604
Dropping frame 1413394914.9057605
Dropping frame 1413394915.0057604
Dropping frame 1413394915.3057606
Dropping frame 1413394915.7557604
Dropping frame 1413394916.1557603
Dropping frame 1413394916.2557604
Dropping frame 1413394916.5557604
Dropping frame 1413394916.6557603
Dropping frame 1413394916.7557604
Dropping frame 1413394924.9557605
Dropping frame 1413394926.0557604
Dropping frame 1413394926.1557603
Dropping frame 1413394926.2557604
Dropping frame 1413394926.5057604
Dropping frame 1413394926.6057606
Dropping frame 1413394926.7057605
Dropping frame 1413394926.9057605
Dropping frame 1413394927.0057604
Dropping frame 1413394927.4557605
Dropping frame 1413394927.6057606
Dropping frame 1413394928.3057606
Dropping frame 1413394928.5057604
Dropping frame 1413394928.6057606
Dropping frame 1413394928.9057605
Dropping frame 1413394929.0557604
Dropping frame 1413394929.1557603
Dropping frame 1413394929.4057605
Dropping frame 1413394929.5057604
Dropping frame 1413394929.7057605
Dropping frame 1413394929.9557605
Dropping frame 1413394930.1557603
Dropping frame 1413394930.2557604
Dropping frame 1413394930.6057606
Dropping frame 1413394930.7057605
Dropping frame 1413394930.9557605
Dropping frame 1413394931.2557604
Dropping frame 1413394931.7557604
Dropping frame 1413394931.9557605
Dropping frame 1413394932.3557603
Dropping frame 1413394932.7057605
Dropping frame 1413394932.9557605
Dropping frame 1413394933.0557604
Dropping frame 1413394933.1557603
Dropping frame 1413394933.2557604
Dropping frame 1413394933.3557603
Dropping frame 1413394933.4557605
Dropping frame 1413394933.5557604
Dropping frame 1413394933.6557603
Dropping frame 1413394933.8557603
Dropping frame 1413394934.0057604
Dropping frame 1413394934.1557603
Dropping frame 1413394934.3057606
Dropping frame 1413394934.4557605
Dropping frame 1413394934.6057606
Dropping frame 1413394936.3057606
Dropping frame 1413394941.7557604
Dropping frame 1413394942.2557604
Dropping frame 1413394942.4557605
Dropping frame 1413394942.7557604
*Loop detected
phi =  0.023108433965440978  -0.00801202369082658 -0.098824965715277824
BAD LOOP!!!
Dropping frame 1413394943.3057606
*Loop detected
phi =   0.010494512686180714 -0.0072660293345990718 -0.0096893639798132335
BAD LOOP!!!
Dropping frame 1413394943.5557604
*Loop detected
phi = 0.0061284055574127678  0.015750666964279104 -0.026610285771969992
BAD LOOP!!!
Dropping frame 1413394943.8057606
*Loop detected
phi =  0.0038580692009678136    0.03301390606088777 -0.0079033578476635762
BAD LOOP!!!
*Loop detected
phi = 0.00052926242161482168   0.082984067239274054  -0.049331334751359257
BAD LOOP!!!
*Loop detected
phi = 0.0020332814462184342  0.067968129309777095 -0.055806056003822033
BAD LOOP!!!
*Loop detected
phi = -0.0023173906652719069    0.10779222917661303  -0.046974589657385317
BAD LOOP!!!
*Loop detected
phi = -0.013020725292993343  -0.00939706193875957 -0.021269672268365129
BAD LOOP!!!
*Loop detected
phi = 0.0004349264826718152  0.012504109745365045 -0.021625088995572424
BAD LOOP!!!
Fail to track local map!
Fail to track local map!
Fail to track local map!
Dropping frame 1413394955.9557605
Dropping frame 1413394956.7557604
Dropping frame 1413394956.9557605
*Loop detected
phi = -0.011726697670716428 -0.014971641689116112 -0.009133039799556545
BAD LOOP!!!
Dropping frame 1413394957.2557604
Dropping frame 1413394957.4557605
Dropping frame 1413394957.7057605
Dropping frame 1413394957.9557605
Dropping frame 1413394958.0557604
Dropping frame 1413394958.2057605
Dropping frame 1413394958.8057606
*Loop detected
phi =   -0.02859124947955136  -0.023617562517743586 -0.0046897325663754373
BAD LOOP!!!
Dropping frame 1413394958.9557605
Dropping frame 1413394959.1057606
*Loop detected
phi =  0.034884225442960291 0.0034318081290385751  -0.11504607422063379
BAD LOOP!!!
Dropping frame 1413394959.7557604
Dropping frame 1413394959.8557603
*Loop detected
phi =  0.0062428820932779131 -0.0070320136403009591  -0.045766847120509692
Local Mapping STOP
Local Mapping RELEASE
Dropping frame 1413394960.7557604
Dropping frame 1413394960.9057605
Dropping frame 1413394961.0057604
Dropping frame 1413394961.1057606
Dropping frame 1413394961.2557604
Dropping frame 1413394961.4057605
Dropping frame 1413394961.5557604
Dropping frame 1413394961.7057605
Dropping frame 1413394961.8557603
Dropping frame 1413394961.9557605
Dropping frame 1413394962.0557604
Dropping frame 1413394962.1557603
Dropping frame 1413394962.3557603
Dropping frame 1413394962.5057604
Dropping frame 1413394962.6057606
Dropping frame 1413394962.7057605
Dropping frame 1413394962.8057606
Dropping frame 1413394962.9057605
Dropping frame 1413394963.0057604
Dropping frame 1413394963.1057606
Dropping frame 1413394963.2057605
Dropping frame 1413394963.3057606
*Loop detected
phi = 0.0071996561815766561 -0.068411647113954116 0.0044260235992345199
BAD LOOP!!!
Dropping frame 1413394963.8057606
Dropping frame 1413394963.9557605
Dropping frame 1413394964.2057605
*Loop detected
phi = -0.0015532298253998578  -0.023928217190745758    0.29794761339670539
BAD LOOP!!!
Dropping frame 1413394964.4557605
*Loop detected
phi = 0.00014065756247037445  -0.011454777349251908   0.024419406357643832
BAD LOOP!!!
Dropping frame 1413394964.5557604
Dropping frame 1413394964.7557604
*Loop detected
phi = 0.0053009334183242067 -0.011783965615324079  0.014903389487151629
BAD LOOP!!!
Dropping frame 1413394964.9557605
*Loop detected
phi = 0.0065408316451918891 0.0072284093196651857  0.010561135707485937
Local Mapping STOP
Dropping frame 1413394965.0557604
Local Mapping RELEASE
Dropping frame 1413394965.3057606
Dropping frame 1413394965.5057604
Dropping frame 1413394965.7557604
Dropping frame 1413394965.8557603
Dropping frame 1413394966.0057604
Dropping frame 1413394966.2057605
Dropping frame 1413394966.5557604
Dropping frame 1413394966.6557603
Dropping frame 1413394966.9557605
Dropping frame 1413394967.0557604
Dropping frame 1413394967.1557603
Dropping frame 1413394967.2557604
Dropping frame 1413394967.4557605
Dropping frame 1413394967.5557604
Dropping frame 1413394967.6557603
Dropping frame 1413394967.7557604
Dropping frame 1413394967.9057605
Dropping frame 1413394968.0057604
Dropping frame 1413394968.2057605
Dropping frame 1413394968.3057606
Dropping frame 1413394968.5057604
Dropping frame 1413394969.0057604
Dropping frame 1413394973.0557604
Dropping frame 1413394973.1557603
Dropping frame 1413394973.2557604
Dropping frame 1413394973.3557603
Dropping frame 1413394973.4557605
Dropping frame 1413394974.0057604
Dropping frame 1413394974.1057606
Dropping frame 1413394974.2057605
Dropping frame 1413394974.3557603
Dropping frame 1413394974.7557604
Dropping frame 1413394974.8557603
Dropping frame 1413394974.9557605
Dropping frame 1413394975.0557604
Dropping frame 1413394978.6557603
Dropping frame 1413394979.4557605
Dropping frame 1413394979.8057606
Dropping frame 1413394980.5057604
Dropping frame 1413394980.8057606
Dropping frame 1413394982.3057606
Dropping frame 1413394982.4057605
Dropping frame 1413394982.6057606
Dropping frame 1413394982.8057606
Dropping frame 1413394982.9057605
Fail to track local map!
Fail to track local map!
Fail to track local map!
Dropping frame 1413394991.0557604
Dropping frame 1413394991.2557604
Dropping frame 1413394991.6057606
Dropping frame 1413394992.1057606
Dropping frame 1413394992.2557604
Dropping frame 1413394992.6057606
Dropping frame 1413394992.8557603
Dropping frame 1413394992.9557605
Dropping frame 1413394993.2557604
Dropping frame 1413394993.6057606
Dropping frame 1413394993.8057606
Dropping frame 1413394993.9057605
Dropping frame 1413394994.1557603
Fail to track local map!
Fail to track local map!
Fail to track local map!
Fail to track local map!
Fail to track local map!
Fail to track local map!
Fail to track local map!
Shutdown
SLAM Finished at System Time: 1746929609.70932

 TIME STATS in ms (mean$\pm$std)
OpenCV version: 4.8.1
---------------------------
Tracking

ORB Extraction: 16.664$\pm$2.0323
Stereo Matching: 8.2694$\pm$2.7343
IMU Preintegration: 0.19327$\pm$0.071915
Pose Prediction: 0.27024$\pm$1.0217
LM Track: 14.91$\pm$4.5258
New KF decision: 2.2135$\pm$3.2306
Total Tracking: 35.126$\pm$20.82



Local Mapping

KF Insertion: 11.272$\pm$3.5315
MP Culling: 0.61589$\pm$0.23977
MP Creation: 41.898$\pm$14.037
LBA: 91.898$\pm$38.222
KF Culling: 6.8417$\pm$5.7964
Total Local Mapping: 153.04$\pm$50.75
---------------------------

LBA complexity (mean$\pm$std)
LBA Edges: 2893.1$\pm$778.59
LBA KF optimized: 6.5$\pm$2.2913
LBA KF fixed: 1$\pm$0
LBA MP: nan$\pm$nan

LBA executions: 541
LBA aborts: 1
---------------------------

Map complexity
KFs in map: 229
MPs in map: 11036
---------------------------

Place Recognition (mean$\pm$std)
Database Query: 1.8613$\pm$1.0395
SE3 estimation: 16.175$\pm$12.155
Total Place Recognition: 15.8$\pm$13.237


Loop Closing (mean$\pm$std)
Loop Fusion: 60.043$\pm$16.274
Essential Graph: 109.76$\pm$19.689
Total Loop Closing: 204$\pm$33.693

Num exec: 2
Number of KFs: nan$\pm$nan

Map Merging (mean$\pm$std)
Merge Maps: nan$\pm$nan
Welding BA: nan$\pm$nan
Optimization Ess.: nan$\pm$nan
Total Map Merging: nan$\pm$nan

Num exec: 0
Number of KFs: nan$\pm$nan
Number of MPs: nan$\pm$nan

Full GBA (mean$\pm$std)
GBA: nan$\pm$nan
Map Update: nan$\pm$nan
Total Full GBA: nan$\pm$nan

Num exec: 0
Num abort: 0
Number of KFs: nan$\pm$nan
Number of MPs: nan$\pm$nan

Saving trajectory to f_dataset-V203_stereo_imu.txt ...
There are 1 maps in the atlas
  Map 0 has 229 KFs

End of saving trajectory to f_dataset-V203_stereo_imu.txt ...

Saving keyframe trajectory to kf_dataset-V203_stereo_imu.txt ...
