num_seq = 1
file name: dataset-MH03_stereo_imu
Loading images for sequence 0...LOADED!
Loading IMU for sequence 0...LOADED!

-------

ORB-SLAM3 Copyright (C) 2017-2020 Carlos Campos, Richard Elvira, Juan J. Gómez, José M.M. Montiel and Juan D. Tardós, University of Zaragoza.
ORB-SLAM2 Copyright (C) 2014-2016 Raúl Mur-Artal, José M.M. Montiel and Juan D. Tardós, University of Zaragoza.
This program comes with ABSOLUTELY NO WARRANTY;
This is free software, and you are welcome to redistribute it
under certain conditions. See LICENSE.txt.

Built with REGISTER_TIMES
Git Commit Hash: 2d47524

Build Type: Release

Compiled with C++ version: 201703

Input sensor was set to: Stereo-Inertial
Loading settings from EuRoC_fov_deadlines_mask_11x11.yaml
	-Loaded camera 1
	-Loaded camera 2
	-Loaded image info
	-Loaded IMU calibration
	-Loaded ORB settings
	-Loaded viewer settings
	-Loaded Atlas settings
Deadlines enabled, will skip frames!
FOV enabled
Static mask size: 11x11
Dumping map points enabled
	-Loaded misc parameters
	-Computed rectification maps
----------------------------------
SLAM settings: 
	-Camera 1 parameters (Pinhole): [ 458.65399169921875 457.29598999023438 367.21499633789062 248.375 ]
	-Camera 1 distortion parameters: [  -0.28340810537338257 0.073959067463874817 0.00019359000725671649 1.7618711353861727e-05 ]
	-Camera 2 parameters (Pinhole: [ 457.58700561523438 456.13400268554688 379.99899291992188 255.23800659179688 ]
	-Camera 1 distortion parameters: [  -0.2836836576461792 0.074512839317321777 -0.00010473000293131918 -3.555907096597366e-05 ]
	-Original image size: [ 752 , 480 ]
	-Current image size: [ 752 , 480 ]
	-Camera 1 parameters after rectification: [  456.71499633789062 456.71499633789062 364.52615356445312 257.268798828125 ]
	-Sequence FPS: 20
	-Stereo baseline: 0.11007784307003021
	-Stereo depth threshold : 60
	-Gyro noise: 0.00016999999934341758
	-Accelerometer noise: 0.0020000000949949026
	-Gyro walk: 1.9392999092815444e-05
	-Accelerometer walk: 0.0030000000260770321
	-IMU frequency: 200
	-Features per image: 1200
	-ORB scale factor: 1.2000000476837158
	-ORB number of scales: 8
	-Initial FAST threshold: 20
	-Min FAST threshold: 7


Loading ORB Vocabulary. This could take a while...
Vocabulary loaded!

Initialization of Atlas from scratch 
Creation of new map with id: 0
Creation of new map with last KF id: 0
Seq. Name: 
There are 1 cameras in the atlas
Camera 0 is pinhole
SLAM Started at System Time: 1742838859.56202
not IMU meas
not IMU meas
not enough acceleration
not enough acceleration
First KF:0; Map init KF:0
New Map created with 248 points
Active map: 0
Dropping frame 1403637130.8383191
Not enough motion for initializing. Reseting...
TRACK: Reset map because local mapper set the bad imu flag 
LM: Reseting current map in Local Mapping...
LM: End reseting Local Mapping...
LM: Reset free the mutex
LM: Active map reset recieved
LM: Active map reset, waiting...
LM: Reseting current map in Local Mapping...
LM: End reseting Local Mapping...
LM: Reset free the mutex
LM: Active map reset, Done!!!
mnFirstFrameId = 4
mnInitialFrameId = 0
50 Frames set to lost
not IMU meas
not enough acceleration
First KF:11; Map init KF:0
New Map created with 276 points
Active map: 0
Dropping frame 1403637133.638319
Dropping frame 1403637134.2883189
Dropping frame 1403637134.688319
Dropping frame 1403637134.8383191
Dropping frame 1403637135.0383191
Dropping frame 1403637135.2883189
Dropping frame 1403637135.5383191
Dropping frame 1403637136.4383192
Dropping frame 1403637136.5383191
Dropping frame 1403637136.7883189
Dropping frame 1403637136.888319
Dropping frame 1403637136.9883189
Dropping frame 1403637137.188319
Dropping frame 1403637137.4883189
Dropping frame 1403637137.9883189
Dropping frame 1403637138.388319
Dropping frame 1403637138.638319
Dropping frame 1403637138.7383192
Dropping frame 1403637138.9383192
Dropping frame 1403637139.0383191
Dropping frame 1403637139.2383192
start VIBA 1
end VIBA 1
Dropping frame 1403637139.4383192
Dropping frame 1403637139.5383191
Dropping frame 1403637139.638319
Not enough motion for initializing. Reseting...
TRACK: Reset map because local mapper set the bad imu flag 
LM: Active map reset recieved
LM: Active map reset, waiting...
LM: Reseting current map in Local Mapping...
LM: End reseting Local Mapping...
LM: Reset free the mutex
LM: Active map reset, Done!!!
mnFirstFrameId = 57
mnInitialFrameId = 54
157 Frames set to lost
not IMU meas
not enough acceleration
not enough acceleration
First KF:39; Map init KF:11
New Map created with 276 points
Active map: 0
Dropping frame 1403637140.2383192
Dropping frame 1403637140.4383192
Dropping frame 1403637140.7383192
Dropping frame 1403637140.8383191
Dropping frame 1403637141.2383192
Dropping frame 1403637141.3383191
Dropping frame 1403637141.4383192
Dropping frame 1403637141.638319
Dropping frame 1403637141.8383191
Dropping frame 1403637141.9383192
Dropping frame 1403637142.0383191
Dropping frame 1403637142.638319
Not enough motion for initializing. Reseting...
TRACK: Reset map because local mapper set the bad imu flag 
LM: Reseting current map in Local Mapping...
LM: End reseting Local Mapping...
LM: Reset free the mutex
LM: Active map reset recieved
LM: Active map reset, waiting...
LM: Reseting current map in Local Mapping...
LM: End reseting Local Mapping...
LM: Reset free the mutex
LM: Active map reset, Done!!!
mnFirstFrameId = 168
mnInitialFrameId = 164
209 Frames set to lost
not IMU meas
Dropping frame 1403637143.4883189
not enough acceleration
not enough acceleration
not enough acceleration
not enough acceleration
not enough acceleration
not enough acceleration
not enough acceleration
not enough acceleration
not enough acceleration
not enough acceleration
not enough acceleration
not enough acceleration
not enough acceleration
not enough acceleration
not enough acceleration
not enough acceleration
not enough acceleration
not enough acceleration
not enough acceleration
not enough acceleration
not enough acceleration
not enough acceleration
First KF:50; Map init KF:39
New Map created with 281 points
Active map: 0
Not enough motion for initializing. Reseting...
TRACK: Reset map because local mapper set the bad imu flag 
LM: Active map reset recieved
LM: Active map reset, waiting...
LM: Reseting current map in Local Mapping...
LM: End reseting Local Mapping...
LM: Reset free the mutex
LM: Active map reset, Done!!!
mnFirstFrameId = 244
mnInitialFrameId = 220
265 Frames set to lost
not IMU meas
not enough acceleration
not enough acceleration
not enough acceleration
not enough acceleration
not enough acceleration
not enough acceleration
not enough acceleration
not enough acceleration
not enough acceleration
not enough acceleration
not enough acceleration
not enough acceleration
not enough acceleration
not enough acceleration
not enough acceleration
not enough acceleration
not enough acceleration
not enough acceleration
not enough acceleration
not enough acceleration
Dropping frame 1403637148.5383191
First KF:61; Map init KF:50
New Map created with 261 points
Active map: 0
Dropping frame 1403637151.388319
Dropping frame 1403637152.638319
start VIBA 1
end VIBA 1
Dropping frame 1403637154.638319
Dropping frame 1403637154.9383192
Dropping frame 1403637155.188319
Dropping frame 1403637155.4383192
Dropping frame 1403637155.5883191
Dropping frame 1403637155.8383191
Dropping frame 1403637155.9383192
Dropping frame 1403637156.0383191
Dropping frame 1403637156.188319
Dropping frame 1403637156.2883189
Dropping frame 1403637156.4383192
Dropping frame 1403637156.5883191
Dropping frame 1403637156.688319
Dropping frame 1403637156.7883189
Dropping frame 1403637156.888319
Dropping frame 1403637157.0383191
Dropping frame 1403637157.188319
Dropping frame 1403637157.2883189
Dropping frame 1403637157.388319
Dropping frame 1403637157.4883189
Dropping frame 1403637157.638319
Dropping frame 1403637157.7383192
Dropping frame 1403637157.9383192
Dropping frame 1403637158.0383191
Dropping frame 1403637158.138319
Dropping frame 1403637158.2383192
Dropping frame 1403637158.3383191
Dropping frame 1403637158.5383191
Dropping frame 1403637158.638319
Dropping frame 1403637158.7383192
Dropping frame 1403637158.8383191
Dropping frame 1403637158.9383192
Dropping frame 1403637159.0383191
Dropping frame 1403637159.138319
Dropping frame 1403637159.2383192
Dropping frame 1403637159.3383191
Dropping frame 1403637159.4383192
Dropping frame 1403637159.5883191
Dropping frame 1403637159.688319
Dropping frame 1403637159.7883189
Dropping frame 1403637159.888319
Dropping frame 1403637159.9883189
Dropping frame 1403637160.138319
Dropping frame 1403637160.2383192
Dropping frame 1403637160.3383191
Dropping frame 1403637160.5383191
Dropping frame 1403637160.638319
Dropping frame 1403637160.7883189
Dropping frame 1403637160.9383192
Dropping frame 1403637161.0383191
Dropping frame 1403637161.138319
Dropping frame 1403637161.2883189
Dropping frame 1403637161.4883189
Dropping frame 1403637161.5883191
Dropping frame 1403637161.688319
Dropping frame 1403637161.7883189
Dropping frame 1403637162.0383191
Dropping frame 1403637162.138319
Dropping frame 1403637162.2383192
Dropping frame 1403637162.3383191
Dropping frame 1403637162.5383191
Dropping frame 1403637162.638319
Dropping frame 1403637162.7383192
Dropping frame 1403637162.8383191
Dropping frame 1403637163.0383191
Dropping frame 1403637163.138319
Dropping frame 1403637163.3383191
Dropping frame 1403637163.4383192
Dropping frame 1403637163.7383192
start VIBA 2
Dropping frame 1403637163.9383192
end VIBA 2
Dropping frame 1403637164.138319
Dropping frame 1403637164.2383192
Dropping frame 1403637164.4383192
Dropping frame 1403637164.638319
Dropping frame 1403637164.7383192
Dropping frame 1403637164.9383192
Dropping frame 1403637165.0383191
Dropping frame 1403637165.2383192
Dropping frame 1403637165.4383192
Dropping frame 1403637165.638319
Dropping frame 1403637165.8383191
Dropping frame 1403637165.9383192
Dropping frame 1403637166.138319
Dropping frame 1403637166.2383192
Dropping frame 1403637166.4383192
Dropping frame 1403637166.638319
Dropping frame 1403637166.8383191
Dropping frame 1403637167.0383191
Dropping frame 1403637167.138319
Dropping frame 1403637167.3383191
Dropping frame 1403637167.5383191
Dropping frame 1403637167.688319
Dropping frame 1403637167.888319
Dropping frame 1403637168.0883191
Dropping frame 1403637168.2883189
Dropping frame 1403637168.4883189
Dropping frame 1403637168.688319
Dropping frame 1403637168.8383191
Dropping frame 1403637169.0383191
Dropping frame 1403637169.2383192
Dropping frame 1403637169.4383192
Dropping frame 1403637169.638319
Dropping frame 1403637169.8383191
Dropping frame 1403637170.0383191
Dropping frame 1403637170.2383192
Dropping frame 1403637170.4383192
Dropping frame 1403637170.638319
Dropping frame 1403637170.8383191
Dropping frame 1403637170.9383192
Dropping frame 1403637171.138319
Dropping frame 1403637171.3383191
Dropping frame 1403637171.5383191
Dropping frame 1403637171.7383192
Dropping frame 1403637172.138319
Dropping frame 1403637172.4883189
Dropping frame 1403637172.5883191
Dropping frame 1403637172.8383191
Dropping frame 1403637173.0383191
Dropping frame 1403637173.2883189
Dropping frame 1403637173.388319
Dropping frame 1403637173.5883191
Dropping frame 1403637173.7883189
Dropping frame 1403637173.9883189
Dropping frame 1403637174.0883191
Dropping frame 1403637174.2883189
Dropping frame 1403637174.388319
Dropping frame 1403637174.4883189
Dropping frame 1403637174.688319
Dropping frame 1403637174.888319
Dropping frame 1403637175.0883191
Dropping frame 1403637175.4383192
Dropping frame 1403637175.9383192
Dropping frame 1403637176.138319
Dropping frame 1403637176.2383192
Dropping frame 1403637176.4883189
Dropping frame 1403637176.688319
Dropping frame 1403637176.888319
Dropping frame 1403637177.0883191
Dropping frame 1403637177.388319
Dropping frame 1403637177.638319
Dropping frame 1403637177.7383192
Dropping frame 1403637177.9383192
Dropping frame 1403637178.138319
Dropping frame 1403637178.388319
Dropping frame 1403637178.5883191
Dropping frame 1403637179.138319
Dropping frame 1403637179.3383191
Dropping frame 1403637179.4883189
Dropping frame 1403637179.7883189
Dropping frame 1403637180.138319
Dropping frame 1403637180.2383192
Dropping frame 1403637180.4883189
Dropping frame 1403637180.9383192
Dropping frame 1403637181.4883189
Dropping frame 1403637182.0383191
Dropping frame 1403637182.2383192
Dropping frame 1403637182.4383192
Dropping frame 1403637182.7383192
Dropping frame 1403637182.8383191
Dropping frame 1403637183.0883191
Dropping frame 1403637183.188319
Dropping frame 1403637183.4383192
Dropping frame 1403637183.5383191
Dropping frame 1403637183.638319
Dropping frame 1403637183.8383191
Dropping frame 1403637184.0383191
Dropping frame 1403637184.138319
Dropping frame 1403637184.388319
Dropping frame 1403637184.4883189
Dropping frame 1403637184.9383192
Dropping frame 1403637185.0383191
Dropping frame 1403637185.2883189
Dropping frame 1403637185.388319
Dropping frame 1403637185.638319
Dropping frame 1403637185.7383192
Dropping frame 1403637185.8383191
Dropping frame 1403637186.0383191
Dropping frame 1403637186.138319
Dropping frame 1403637186.2383192
Dropping frame 1403637186.4383192
Dropping frame 1403637186.5383191
Dropping frame 1403637186.7883189
Dropping frame 1403637186.888319
Dropping frame 1403637187.0883191
Dropping frame 1403637187.188319
Dropping frame 1403637187.4383192
Dropping frame 1403637187.5383191
Dropping frame 1403637187.7883189
Dropping frame 1403637187.888319
Dropping frame 1403637187.9883189
Dropping frame 1403637188.188319
Dropping frame 1403637188.2883189
Dropping frame 1403637188.388319
Dropping frame 1403637188.5883191
Dropping frame 1403637188.688319
Dropping frame 1403637188.7883189
Dropping frame 1403637188.9883189
Dropping frame 1403637189.0883191
Dropping frame 1403637189.188319
Dropping frame 1403637189.388319
Dropping frame 1403637189.4883189
Dropping frame 1403637189.5883191
Dropping frame 1403637189.7883189
Dropping frame 1403637189.888319
Dropping frame 1403637189.9883189
Dropping frame 1403637190.188319
Dropping frame 1403637190.2883189
Dropping frame 1403637190.5883191
Dropping frame 1403637190.8383191
Dropping frame 1403637191.0383191
Dropping frame 1403637191.138319
Dropping frame 1403637191.2383192
Dropping frame 1403637191.4383192
Dropping frame 1403637191.5383191
Dropping frame 1403637191.638319
Dropping frame 1403637191.9383192
Dropping frame 1403637192.138319
Dropping frame 1403637192.2883189
Dropping frame 1403637192.4883189
Dropping frame 1403637192.638319
Dropping frame 1403637192.7383192
Dropping frame 1403637192.8383191
Dropping frame 1403637192.9883189
Dropping frame 1403637193.188319
Dropping frame 1403637193.3383191
Dropping frame 1403637193.688319
Dropping frame 1403637193.888319
Dropping frame 1403637193.9883189
Dropping frame 1403637194.138319
Dropping frame 1403637194.5883191
Dropping frame 1403637194.9383192
Dropping frame 1403637195.388319
Dropping frame 1403637195.4883189
Dropping frame 1403637195.5883191
Dropping frame 1403637195.7883189
Dropping frame 1403637195.888319
Dropping frame 1403637195.9883189
Dropping frame 1403637196.188319
Dropping frame 1403637197.188319
Dropping frame 1403637197.2883189
Dropping frame 1403637197.888319
Dropping frame 1403637198.2383192
Dropping frame 1403637198.3383191
Dropping frame 1403637198.4383192
Dropping frame 1403637198.5383191
Dropping frame 1403637198.638319
Dropping frame 1403637198.7383192
Dropping frame 1403637198.8383191
Dropping frame 1403637198.9383192
Dropping frame 1403637199.188319
Dropping frame 1403637199.2883189
Dropping frame 1403637199.388319
Dropping frame 1403637199.5883191
Dropping frame 1403637199.7883189
Dropping frame 1403637199.888319
Dropping frame 1403637199.9883189
Dropping frame 1403637200.3383191
Dropping frame 1403637200.5383191
Dropping frame 1403637200.638319
Dropping frame 1403637200.7383192
Dropping frame 1403637200.9383192
Dropping frame 1403637201.0383191
Dropping frame 1403637201.138319
Dropping frame 1403637201.3383191
Dropping frame 1403637201.4883189
Dropping frame 1403637201.5883191
Dropping frame 1403637201.688319
Dropping frame 1403637201.888319
Dropping frame 1403637202.0383191
Dropping frame 1403637202.138319
Dropping frame 1403637202.3383191
Dropping frame 1403637202.5383191
Dropping frame 1403637202.638319
Dropping frame 1403637202.7383192
Dropping frame 1403637202.9383192
Dropping frame 1403637203.0383191
Dropping frame 1403637203.138319
Dropping frame 1403637203.3383191
Dropping frame 1403637203.4883189
Dropping frame 1403637203.5883191
Dropping frame 1403637203.7883189
Dropping frame 1403637203.9383192
Dropping frame 1403637204.138319
Dropping frame 1403637204.2383192
Dropping frame 1403637204.3383191
Dropping frame 1403637204.4383192
Dropping frame 1403637204.5383191
Dropping frame 1403637204.688319
Dropping frame 1403637204.7883189
Dropping frame 1403637204.9383192
Dropping frame 1403637205.138319
Dropping frame 1403637205.2383192
Dropping frame 1403637205.3383191
Dropping frame 1403637205.5383191
Dropping frame 1403637205.638319
Dropping frame 1403637205.8383191
Dropping frame 1403637205.9383192
Dropping frame 1403637206.0383191
Dropping frame 1403637206.138319
Dropping frame 1403637206.388319
Dropping frame 1403637206.4883189
Dropping frame 1403637206.5883191
Dropping frame 1403637206.7383192
Dropping frame 1403637206.8383191
Dropping frame 1403637207.0383191
Dropping frame 1403637207.2383192
Dropping frame 1403637207.3383191
Dropping frame 1403637207.4883189
Dropping frame 1403637207.688319
Dropping frame 1403637207.7883189
Dropping frame 1403637207.888319
Dropping frame 1403637208.0883191
Dropping frame 1403637208.188319
Dropping frame 1403637208.4383192
Dropping frame 1403637208.5383191
Dropping frame 1403637208.638319
Dropping frame 1403637208.888319
Dropping frame 1403637209.2383192
Dropping frame 1403637209.3383191
Dropping frame 1403637209.4383192
Dropping frame 1403637209.5383191
Dropping frame 1403637209.638319
Dropping frame 1403637209.7383192
Dropping frame 1403637209.8383191
Dropping frame 1403637210.188319
Dropping frame 1403637210.2883189
Dropping frame 1403637210.388319
Dropping frame 1403637210.5883191
Dropping frame 1403637210.688319
Dropping frame 1403637210.7883189
Dropping frame 1403637210.9883189
Dropping frame 1403637211.0883191
Dropping frame 1403637211.188319
Dropping frame 1403637211.2883189
Dropping frame 1403637211.688319
Dropping frame 1403637211.7883189
Dropping frame 1403637211.888319
Dropping frame 1403637211.9883189
Dropping frame 1403637212.188319
Dropping frame 1403637212.388319
Dropping frame 1403637212.4883189
Dropping frame 1403637212.5883191
Dropping frame 1403637212.688319
Dropping frame 1403637212.888319
Dropping frame 1403637213.0883191
Dropping frame 1403637213.2883189
Dropping frame 1403637213.388319
Dropping frame 1403637213.4883189
Dropping frame 1403637213.688319
Dropping frame 1403637213.7883189
Dropping frame 1403637213.888319
Dropping frame 1403637214.0883191
Dropping frame 1403637214.2883189
Dropping frame 1403637214.388319
Dropping frame 1403637214.4883189
Dropping frame 1403637214.5883191
Dropping frame 1403637214.7883189
Dropping frame 1403637214.9883189
Dropping frame 1403637215.0883191
Dropping frame 1403637215.188319
Dropping frame 1403637215.2883189
Dropping frame 1403637215.388319
Dropping frame 1403637215.4883189
Dropping frame 1403637215.5883191
Dropping frame 1403637215.688319
Dropping frame 1403637215.888319
Dropping frame 1403637216.0883191
Dropping frame 1403637216.188319
Dropping frame 1403637216.2883189
Dropping frame 1403637216.388319
Dropping frame 1403637216.5883191
Dropping frame 1403637216.7883189
Dropping frame 1403637216.888319
Dropping frame 1403637216.9883189
Dropping frame 1403637217.0883191
Dropping frame 1403637217.2883189
Dropping frame 1403637217.4883189
Dropping frame 1403637217.688319
Dropping frame 1403637217.7883189
Dropping frame 1403637217.888319
Dropping frame 1403637218.0883191
Dropping frame 1403637218.2883189
Dropping frame 1403637218.4883189
Dropping frame 1403637218.5883191
Dropping frame 1403637218.688319
Dropping frame 1403637218.888319
Dropping frame 1403637219.0883191
Dropping frame 1403637219.188319
Dropping frame 1403637219.2883189
Dropping frame 1403637219.388319
Dropping frame 1403637219.5883191
Dropping frame 1403637219.7883189
Dropping frame 1403637219.888319
Dropping frame 1403637219.9883189
Dropping frame 1403637220.188319
Dropping frame 1403637220.388319
Dropping frame 1403637220.4883189
Dropping frame 1403637220.5883191
Dropping frame 1403637220.8383191
Dropping frame 1403637221.0383191
Dropping frame 1403637221.138319
Dropping frame 1403637221.2383192
Dropping frame 1403637221.3383191
Dropping frame 1403637221.5383191
Dropping frame 1403637221.7383192
Dropping frame 1403637221.9383192
Dropping frame 1403637222.0383191
Dropping frame 1403637222.138319
Dropping frame 1403637222.3383191
Dropping frame 1403637222.5383191
Dropping frame 1403637222.7383192
Dropping frame 1403637222.8383191
Dropping frame 1403637222.9383192
Dropping frame 1403637223.138319
Dropping frame 1403637223.3383191
Dropping frame 1403637223.5383191
Dropping frame 1403637223.638319
Dropping frame 1403637223.7383192
Dropping frame 1403637223.9383192
Dropping frame 1403637224.138319
Dropping frame 1403637224.3383191
Dropping frame 1403637224.4383192
Dropping frame 1403637224.5383191
Dropping frame 1403637224.7383192
Dropping frame 1403637224.9383192
Dropping frame 1403637225.138319
Dropping frame 1403637225.2383192
Dropping frame 1403637225.3383191
Dropping frame 1403637225.5383191
Dropping frame 1403637225.7383192
Dropping frame 1403637225.9383192
Dropping frame 1403637226.0383191
Dropping frame 1403637226.138319
Dropping frame 1403637226.3383191
Dropping frame 1403637226.5383191
Dropping frame 1403637226.638319
Dropping frame 1403637226.7383192
Dropping frame 1403637226.8383191
Dropping frame 1403637226.9383192
Dropping frame 1403637227.138319
Dropping frame 1403637227.2383192
Dropping frame 1403637227.3383191
Dropping frame 1403637227.5883191
Dropping frame 1403637227.888319
Dropping frame 1403637228.3383191
Dropping frame 1403637228.8383191
Dropping frame 1403637228.9383192
Dropping frame 1403637229.2883189
Dropping frame 1403637229.388319
Dropping frame 1403637229.638319
Dropping frame 1403637229.7383192
Dropping frame 1403637229.9383192
Dropping frame 1403637230.0383191
Dropping frame 1403637230.138319
Dropping frame 1403637230.3383191
Dropping frame 1403637230.4383192
Dropping frame 1403637230.638319
Dropping frame 1403637230.8383191
Dropping frame 1403637231.0383191
Dropping frame 1403637231.138319
Dropping frame 1403637231.3383191
Dropping frame 1403637231.4883189
Dropping frame 1403637231.688319
Dropping frame 1403637231.7883189
Dropping frame 1403637231.9883189
Dropping frame 1403637232.0883191
Dropping frame 1403637232.188319
Dropping frame 1403637232.2883189
Dropping frame 1403637232.5883191
Dropping frame 1403637232.688319
Dropping frame 1403637232.7883189
Dropping frame 1403637232.9883189
Dropping frame 1403637233.188319
Dropping frame 1403637233.2883189
Dropping frame 1403637233.4883189
Dropping frame 1403637233.5883191
Dropping frame 1403637233.7383192
Dropping frame 1403637233.8383191
Dropping frame 1403637234.188319
Dropping frame 1403637234.2883189
Dropping frame 1403637234.688319
Dropping frame 1403637234.7883189
Dropping frame 1403637235.0883191
Dropping frame 1403637235.3383191
Dropping frame 1403637235.5383191
Dropping frame 1403637235.7383192
Dropping frame 1403637236.0383191
Dropping frame 1403637236.2383192
Dropping frame 1403637236.4383192
Dropping frame 1403637236.5383191
Dropping frame 1403637236.7883189
Dropping frame 1403637237.688319
Dropping frame 1403637237.9383192
Dropping frame 1403637238.138319
Dropping frame 1403637238.2383192
Dropping frame 1403637238.3383191
Dropping frame 1403637238.4383192
Dropping frame 1403637238.5883191
Dropping frame 1403637238.688319
Dropping frame 1403637238.9383192
Dropping frame 1403637239.138319
Dropping frame 1403637239.2383192
Dropping frame 1403637239.388319
Dropping frame 1403637239.4883189
Dropping frame 1403637239.7383192
Dropping frame 1403637239.9383192
Dropping frame 1403637240.138319
Dropping frame 1403637240.3383191
Dropping frame 1403637240.5383191
Dropping frame 1403637240.7383192
Dropping frame 1403637240.9383192
Dropping frame 1403637241.138319
Dropping frame 1403637241.3383191
Dropping frame 1403637241.688319
Dropping frame 1403637241.888319
Dropping frame 1403637242.2383192
Dropping frame 1403637242.638319
Dropping frame 1403637242.8383191
Dropping frame 1403637242.9383192
Dropping frame 1403637243.7383192
Dropping frame 1403637243.9883189
Dropping frame 1403637244.0883191
Dropping frame 1403637244.4383192
Dropping frame 1403637244.638319
Dropping frame 1403637244.7383192
Dropping frame 1403637244.9883189
Dropping frame 1403637245.0883191
Dropping frame 1403637245.2883189
Dropping frame 1403637245.4883189
Dropping frame 1403637245.688319
Dropping frame 1403637245.7883189
Dropping frame 1403637245.888319
Dropping frame 1403637246.0883191
Dropping frame 1403637246.188319
Dropping frame 1403637246.388319
Dropping frame 1403637246.5883191
Dropping frame 1403637246.688319
Dropping frame 1403637246.7883189
Dropping frame 1403637246.9883189
Dropping frame 1403637247.0883191
Dropping frame 1403637247.188319
Dropping frame 1403637247.388319
Dropping frame 1403637247.5883191
Dropping frame 1403637247.7883189
Dropping frame 1403637247.888319
Dropping frame 1403637247.9883189
Dropping frame 1403637248.188319
Dropping frame 1403637248.388319
Dropping frame 1403637248.5883191
Dropping frame 1403637248.888319
Dropping frame 1403637248.9883189
Dropping frame 1403637249.188319
Dropping frame 1403637249.388319
Dropping frame 1403637249.4883189
Dropping frame 1403637249.5883191
Dropping frame 1403637249.7883189
Dropping frame 1403637249.888319
Dropping frame 1403637250.0883191
Dropping frame 1403637250.188319
Dropping frame 1403637250.2883189
Dropping frame 1403637250.4883189
Dropping frame 1403637250.688319
Dropping frame 1403637250.888319
Dropping frame 1403637251.0883191
Dropping frame 1403637251.2883189
Dropping frame 1403637251.688319
Dropping frame 1403637251.7883189
Dropping frame 1403637251.9883189
Dropping frame 1403637252.0883191
Dropping frame 1403637252.3383191
Dropping frame 1403637252.5383191
Dropping frame 1403637252.7383192
Dropping frame 1403637252.8383191
Dropping frame 1403637252.9383192
Dropping frame 1403637253.138319
Dropping frame 1403637253.3383191
Dropping frame 1403637253.4383192
Dropping frame 1403637253.5383191
Dropping frame 1403637253.7383192
Dropping frame 1403637253.9383192
Dropping frame 1403637254.138319
Dropping frame 1403637254.3383191
Dropping frame 1403637254.4383192
Dropping frame 1403637254.5383191
Dropping frame 1403637254.638319
Dropping frame 1403637254.8383191
Dropping frame 1403637255.0383191
Dropping frame 1403637255.2383192
Dropping frame 1403637255.3383191
Dropping frame 1403637255.5383191
Dropping frame 1403637255.7383192
Dropping frame 1403637255.8383191
Dropping frame 1403637255.9383192
Dropping frame 1403637256.138319
Dropping frame 1403637256.2383192
Dropping frame 1403637256.3383191
Dropping frame 1403637256.5383191
Dropping frame 1403637256.7383192
Dropping frame 1403637256.8383191
Dropping frame 1403637257.0383191
Dropping frame 1403637257.138319
Dropping frame 1403637257.2383192
Dropping frame 1403637257.4383192
Dropping frame 1403637257.638319
Dropping frame 1403637257.8383191
Dropping frame 1403637257.9383192
Dropping frame 1403637258.0383191
Dropping frame 1403637258.2383192
Dropping frame 1403637258.4383192
Dropping frame 1403637258.5383191
Dropping frame 1403637258.638319
Dropping frame 1403637258.7383192
Dropping frame 1403637258.9383192
Dropping frame 1403637259.138319
Dropping frame 1403637259.3383191
Dropping frame 1403637259.4383192
Dropping frame 1403637259.5383191
Dropping frame 1403637259.638319
Dropping frame 1403637259.8383191
Dropping frame 1403637259.9383192
Dropping frame 1403637260.0383191
Dropping frame 1403637260.138319
Dropping frame 1403637260.2383192
Dropping frame 1403637260.3383191
Dropping frame 1403637260.5383191
Dropping frame 1403637260.7383192
Dropping frame 1403637260.9383192
Dropping frame 1403637261.138319
Dropping frame 1403637261.3383191
Dropping frame 1403637261.5383191
Dropping frame 1403637261.7383192
Dropping frame 1403637261.8383191
Dropping frame 1403637261.9383192
Dropping frame 1403637262.0383191
Dropping frame 1403637262.138319
Dropping frame 1403637262.2383192
Dropping frame 1403637262.4383192
Dropping frame 1403637262.638319
Dropping frame 1403637262.8383191
Dropping frame 1403637262.9383192
Dropping frame 1403637263.0383191
Dropping frame 1403637263.2383192
Dropping frame 1403637263.4383192
Dropping frame 1403637263.638319
Dropping frame 1403637263.7383192
Dropping frame 1403637263.8383191
Dropping frame 1403637264.0383191
Dropping frame 1403637264.2383192
Dropping frame 1403637264.4383192
Dropping frame 1403637264.638319
Dropping frame 1403637264.7383192
Dropping frame 1403637264.8383191
Dropping frame 1403637264.9383192
Dropping frame 1403637265.0383191
Dropping frame 1403637265.188319
Shutdown
SLAM Finished at System Time: 1742839026.2431

 TIME STATS in ms (mean$\pm$std)
OpenCV version: 4.8.1
---------------------------
Tracking

ORB Extraction: 19.826$\pm$2.7115
Stereo Matching: 7.9643$\pm$1.9231
IMU Preintegration: 0.25926$\pm$0.10794
Pose Prediction: 0.78151$\pm$1.853
LM Track: 19.154$\pm$6.6449
New KF decision: 1.4266$\pm$2.589
Total Tracking: 31.819$\pm$27.327



Local Mapping

KF Insertion: 15.605$\pm$6.245
MP Culling: 0.58244$\pm$0.26666
MP Creation: 46.65$\pm$20.248
LBA: 160.02$\pm$66.266
KF Culling: 15.133$\pm$10.136
Total Local Mapping: 235.55$\pm$95.845
---------------------------

LBA complexity (mean$\pm$std)
LBA Edges: 1563.6$\pm$532.24
LBA KF optimized: 6.5$\pm$2.2913
LBA KF fixed: 1$\pm$0
LBA MP: nan$\pm$nan

LBA executions: 437
LBA aborts: 0
---------------------------

Map complexity
KFs in map: 153
MPs in map: 11403
---------------------------

Place Recognition (mean$\pm$std)
Database Query: 2.1839$\pm$1.1341
SE3 estimation: 27.81$\pm$16.285
Total Place Recognition: 22.586$\pm$19.725


Loop Closing (mean$\pm$std)
Loop Fusion: nan$\pm$nan
Essential Graph: nan$\pm$nan
Total Loop Closing: nan$\pm$nan

Num exec: 0
Number of KFs: nan$\pm$nan

Map Merging (mean$\pm$std)
Merge Maps: nan$\pm$nan
Welding BA: nan$\pm$nan
Optimization Ess.: nan$\pm$nan
Total Map Merging: nan$\pm$nan

Num exec: 0
Number of KFs: nan$\pm$nan
Number of MPs: nan$\pm$nan

Full GBA (mean$\pm$std)
GBA: nan$\pm$nan
Map Update: nan$\pm$nan
Total Full GBA: nan$\pm$nan

Num exec: 0
Num abort: 0
Number of KFs: nan$\pm$nan
Number of MPs: nan$\pm$nan

Saving trajectory to f_dataset-MH03_stereo_imu.txt ...
There are 1 maps in the atlas
  Map 0 has 153 KFs

End of saving trajectory to f_dataset-MH03_stereo_imu.txt ...

Saving keyframe trajectory to kf_dataset-MH03_stereo_imu.txt ...
