num_seq = 1
file name: dataset-MH01_stereo_imu
Loading images for sequence 0...LOADED!
Loading IMU for sequence 0...LOADED!

-------

ORB-SLAM3 Copyright (C) 2017-2020 Carlos Campos, Richard Elvira, Juan J. Gómez, José M.M. Montiel and Juan D. Tardós, University of Zaragoza.
ORB-SLAM2 Copyright (C) 2014-2016 Raúl Mur-Artal, José M.M. Montiel and Juan D. Tardós, University of Zaragoza.
This program comes with ABSOLUTELY NO WARRANTY;
This is free software, and you are welcome to redistribute it
under certain conditions. See LICENSE.txt.

Built with REGISTER_TIMES
Git Commit Hash: 2d47524

Build Type: Release

Compiled with C++ version: 201703

Input sensor was set to: Stereo-Inertial
Loading settings from EuRoC_fov_deadlines_mask_8x8.yaml
	-Loaded camera 1
	-Loaded camera 2
	-Loaded image info
	-Loaded IMU calibration
	-Loaded ORB settings
	-Loaded viewer settings
	-Loaded Atlas settings
Deadlines enabled, will skip frames!
FOV enabled
Static mask size: 8x8
Dumping map points enabled
	-Loaded misc parameters
	-Computed rectification maps
----------------------------------
SLAM settings: 
	-Camera 1 parameters (Pinhole): [ 458.65399169921875 457.29598999023438 367.21499633789062 248.375 ]
	-Camera 1 distortion parameters: [  -0.28340810537338257 0.073959067463874817 0.00019359000725671649 1.7618711353861727e-05 ]
	-Camera 2 parameters (Pinhole: [ 457.58700561523438 456.13400268554688 379.99899291992188 255.23800659179688 ]
	-Camera 1 distortion parameters: [  -0.2836836576461792 0.074512839317321777 -0.00010473000293131918 -3.555907096597366e-05 ]
	-Original image size: [ 752 , 480 ]
	-Current image size: [ 752 , 480 ]
	-Camera 1 parameters after rectification: [  456.71499633789062 456.71499633789062 364.52615356445312 257.268798828125 ]
	-Sequence FPS: 20
	-Stereo baseline: 0.11007784307003021
	-Stereo depth threshold : 60
	-Gyro noise: 0.00016999999934341758
	-Accelerometer noise: 0.0020000000949949026
	-Gyro walk: 1.9392999092815444e-05
	-Accelerometer walk: 0.0030000000260770321
	-IMU frequency: 200
	-Features per image: 1200
	-ORB scale factor: 1.2000000476837158
	-ORB number of scales: 8
	-Initial FAST threshold: 20
	-Min FAST threshold: 7


Loading ORB Vocabulary. This could take a while...
Vocabulary loaded!

Initialization of Atlas from scratch 
Creation of new map with id: 0
Creation of new map with last KF id: 0
Seq. Name: 
There are 1 cameras in the atlas
Camera 0 is pinhole
SLAM Started at System Time: 1742892098.03985
not IMU meas
not IMU meas
not enough acceleration
not enough acceleration
First KF:0; Map init KF:0
New Map created with 553 points
Active map: 0
Dropping frame 1403636580.0135555
Dropping frame 1403636580.2135556
Dropping frame 1403636580.5135555
Dropping frame 1403636581.1635556
Dropping frame 1403636581.4635556
Dropping frame 1403636581.7135556
Dropping frame 1403636581.8635557
Dropping frame 1403636582.0135555
Dropping frame 1403636582.2135556
Dropping frame 1403636582.3135555
Dropping frame 1403636582.6635556
Dropping frame 1403636582.8635557
Dropping frame 1403636583.1135554
Dropping frame 1403636583.5635555
Dropping frame 1403636583.8635557
Dropping frame 1403636584.0635555
Dropping frame 1403636584.3635557
Dropping frame 1403636584.5135555
Dropping frame 1403636584.7635555
Dropping frame 1403636584.8635557
Dropping frame 1403636585.0135555
Dropping frame 1403636585.2135556
Dropping frame 1403636585.3135555
Dropping frame 1403636585.5135555
Dropping frame 1403636585.6135554
start VIBA 1
end VIBA 1
Dropping frame 1403636585.9635556
Dropping frame 1403636586.4635556
Dropping frame 1403636586.6635556
Dropping frame 1403636586.7635555
Dropping frame 1403636586.9635556
Dropping frame 1403636587.0635555
Dropping frame 1403636587.5135555
Dropping frame 1403636587.6135554
Dropping frame 1403636587.8635557
Dropping frame 1403636587.9635556
Dropping frame 1403636588.1635556
Dropping frame 1403636588.3635557
Dropping frame 1403636588.5135555
Dropping frame 1403636589.2635555
Dropping frame 1403636589.3635557
Dropping frame 1403636589.6635556
Dropping frame 1403636590.2135556
Dropping frame 1403636590.4135554
Dropping frame 1403636590.5135555
Dropping frame 1403636590.9135554
Dropping frame 1403636591.0135555
Dropping frame 1403636591.1135554
Dropping frame 1403636591.2635555
Dropping frame 1403636591.3635557
Dropping frame 1403636591.6635556
Dropping frame 1403636591.9635556
Dropping frame 1403636592.2135556
Dropping frame 1403636592.4135554
Dropping frame 1403636592.7135556
Dropping frame 1403636592.8135555
Dropping frame 1403636593.1135554
Dropping frame 1403636593.3135555
Dropping frame 1403636593.5135555
Dropping frame 1403636594.3635557
Dropping frame 1403636594.5635555
Dropping frame 1403636594.8135555
start VIBA 2
end VIBA 2
Dropping frame 1403636595.7135556
Dropping frame 1403636595.9135554
Dropping frame 1403636596.0135555
Dropping frame 1403636596.1135554
Dropping frame 1403636596.5135555
Dropping frame 1403636596.7135556
Dropping frame 1403636596.9135554
Dropping frame 1403636597.0135555
Dropping frame 1403636597.3635557
Dropping frame 1403636597.4635556
Dropping frame 1403636597.5635555
Dropping frame 1403636597.8635557
Dropping frame 1403636598.3635557
Dropping frame 1403636598.6135554
Dropping frame 1403636598.7135556
Dropping frame 1403636599.1635556
Dropping frame 1403636599.5135555
Dropping frame 1403636600.1635556
Dropping frame 1403636600.4635556
Dropping frame 1403636600.5635555
Dropping frame 1403636600.7135556
Dropping frame 1403636600.9135554
Dropping frame 1403636601.5635555
Dropping frame 1403636601.8635557
Dropping frame 1403636601.9635556
Dropping frame 1403636602.1135554
Dropping frame 1403636602.3635557
Dropping frame 1403636603.1635556
Dropping frame 1403636603.9135554
Dropping frame 1403636604.4135554
Dropping frame 1403636604.9635556
Dropping frame 1403636605.1635556
Dropping frame 1403636605.7635555
Dropping frame 1403636606.3135555
Dropping frame 1403636607.3635557
Dropping frame 1403636608.3635557
Dropping frame 1403636608.7135556
Dropping frame 1403636609.3135555
Dropping frame 1403636609.6635556
Dropping frame 1403636609.9135554
Dropping frame 1403636610.0635555
Dropping frame 1403636610.4635556
Dropping frame 1403636610.8135555
Dropping frame 1403636611.1135554
Dropping frame 1403636611.6135554
Dropping frame 1403636612.1635556
Dropping frame 1403636612.3135555
Dropping frame 1403636613.6635556
Dropping frame 1403636614.0135555
Dropping frame 1403636614.6135554
Dropping frame 1403636615.2135556
Dropping frame 1403636616.3635557
Dropping frame 1403636616.8135555
Dropping frame 1403636617.9635556
Dropping frame 1403636619.7135556
Dropping frame 1403636620.1635556
Dropping frame 1403636620.6635556
Dropping frame 1403636620.9635556
Dropping frame 1403636621.6635556
Dropping frame 1403636622.6135554
Dropping frame 1403636625.3135555
Dropping frame 1403636626.4635556
Dropping frame 1403636627.5135555
Dropping frame 1403636630.5135555
Dropping frame 1403636631.8635557
Dropping frame 1403636632.4635556
Dropping frame 1403636633.0135555
Dropping frame 1403636633.1635556
Dropping frame 1403636633.6635556
Dropping frame 1403636634.2635555
Dropping frame 1403636634.6635556
Dropping frame 1403636635.3635557
Dropping frame 1403636635.5135555
Dropping frame 1403636638.5135555
Dropping frame 1403636638.8135555
Dropping frame 1403636639.1135554
Dropping frame 1403636639.5635555
Dropping frame 1403636639.7135556
Dropping frame 1403636639.8135555
Dropping frame 1403636639.9135554
Dropping frame 1403636640.2135556
Dropping frame 1403636640.4635556
Dropping frame 1403636640.7635555
Dropping frame 1403636641.0135555
Dropping frame 1403636641.1635556
Dropping frame 1403636641.2635555
Dropping frame 1403636641.7635555
Dropping frame 1403636642.0635555
Dropping frame 1403636642.1635556
Dropping frame 1403636642.4135554
Dropping frame 1403636642.5135555
Dropping frame 1403636642.6635556
Dropping frame 1403636642.7635555
Dropping frame 1403636643.0635555
Dropping frame 1403636643.1635556
Dropping frame 1403636643.2635555
Dropping frame 1403636643.4635556
Dropping frame 1403636643.6135554
Dropping frame 1403636643.7635555
Dropping frame 1403636644.8635557
Dropping frame 1403636644.9635556
Dropping frame 1403636645.1135554
Dropping frame 1403636645.2635555
Dropping frame 1403636645.4635556
Dropping frame 1403636645.5635555
Dropping frame 1403636645.6635556
Dropping frame 1403636645.7635555
Dropping frame 1403636646.0635555
Dropping frame 1403636646.2135556
Dropping frame 1403636646.3635557
Dropping frame 1403636646.5635555
Dropping frame 1403636646.6635556
Dropping frame 1403636646.9135554
Dropping frame 1403636647.0135555
Dropping frame 1403636647.1135554
Dropping frame 1403636647.2135556
Dropping frame 1403636647.3135555
Dropping frame 1403636647.5635555
Dropping frame 1403636647.7135556
Dropping frame 1403636647.9135554
Dropping frame 1403636648.0135555
Dropping frame 1403636648.1135554
Dropping frame 1403636648.2135556
Dropping frame 1403636648.3135555
Dropping frame 1403636648.5635555
Dropping frame 1403636648.8135555
Dropping frame 1403636648.9135554
Dropping frame 1403636649.1135554
Dropping frame 1403636649.2135556
Dropping frame 1403636649.4135554
Dropping frame 1403636649.5135555
Dropping frame 1403636649.6635556
Dropping frame 1403636649.7635555
Dropping frame 1403636649.9635556
Dropping frame 1403636650.0635555
Dropping frame 1403636650.3135555
Dropping frame 1403636650.4135554
Dropping frame 1403636650.5635555
Dropping frame 1403636650.8635557
Dropping frame 1403636651.0135555
Dropping frame 1403636651.1135554
Dropping frame 1403636651.2635555
Dropping frame 1403636651.5135555
Dropping frame 1403636651.6135554
Dropping frame 1403636651.7635555
Dropping frame 1403636651.8635557
Dropping frame 1403636652.4635556
Dropping frame 1403636652.5635555
Dropping frame 1403636652.7635555
Dropping frame 1403636652.8635557
Dropping frame 1403636653.4135554
Dropping frame 1403636654.3635557
Dropping frame 1403636654.5635555
Dropping frame 1403636655.0135555
Dropping frame 1403636655.3635557
Dropping frame 1403636656.1635556
Dropping frame 1403636656.2635555
Dropping frame 1403636656.3635557
Dropping frame 1403636656.6635556
Dropping frame 1403636657.0635555
Dropping frame 1403636657.1635556
Dropping frame 1403636657.5135555
Dropping frame 1403636657.9135554
Dropping frame 1403636658.1135554
Dropping frame 1403636658.3135555
Dropping frame 1403636658.4135554
Dropping frame 1403636658.7635555
Dropping frame 1403636658.8635557
Dropping frame 1403636658.9635556
Dropping frame 1403636659.5635555
Dropping frame 1403636659.6635556
Dropping frame 1403636659.7635555
Dropping frame 1403636660.0135555
Dropping frame 1403636660.1135554
Dropping frame 1403636660.3135555
Dropping frame 1403636660.5135555
Dropping frame 1403636660.6135554
Dropping frame 1403636660.7135556
Dropping frame 1403636661.0635555
Dropping frame 1403636661.2635555
Dropping frame 1403636661.3635557
Dropping frame 1403636661.4635556
Dropping frame 1403636661.7635555
Dropping frame 1403636661.9635556
Dropping frame 1403636662.0635555
Dropping frame 1403636662.1635556
Dropping frame 1403636662.2635555
Dropping frame 1403636662.4635556
Dropping frame 1403636662.6635556
Dropping frame 1403636662.7635555
Dropping frame 1403636662.9635556
Dropping frame 1403636663.1635556
Dropping frame 1403636663.2635555
Dropping frame 1403636663.6135554
Dropping frame 1403636663.8135555
Dropping frame 1403636664.0135555
Dropping frame 1403636664.1135554
Dropping frame 1403636664.2135556
Dropping frame 1403636664.4135554
Dropping frame 1403636664.5135555
Dropping frame 1403636664.7135556
Dropping frame 1403636664.8135555
Dropping frame 1403636665.0135555
Dropping frame 1403636665.1135554
Dropping frame 1403636665.2135556
Dropping frame 1403636665.3135555
Dropping frame 1403636665.4135554
Dropping frame 1403636665.5135555
Dropping frame 1403636665.6135554
Dropping frame 1403636665.7135556
Dropping frame 1403636665.8135555
Dropping frame 1403636665.9635556
Dropping frame 1403636666.1635556
Dropping frame 1403636666.2635555
Dropping frame 1403636666.5635555
Dropping frame 1403636666.8135555
Dropping frame 1403636667.0135555
Dropping frame 1403636667.1135554
Dropping frame 1403636667.3135555
Dropping frame 1403636667.4135554
Dropping frame 1403636667.6135554
Dropping frame 1403636667.7135556
Dropping frame 1403636667.8135555
Dropping frame 1403636668.0135555
Dropping frame 1403636668.2135556
Dropping frame 1403636668.4135554
Dropping frame 1403636668.6135554
Dropping frame 1403636668.7135556
Dropping frame 1403636668.8135555
Dropping frame 1403636668.9135554
Dropping frame 1403636669.1635556
Dropping frame 1403636669.4135554
Dropping frame 1403636669.6635556
Dropping frame 1403636669.9635556
Dropping frame 1403636670.1635556
Dropping frame 1403636670.2635555
Dropping frame 1403636670.5635555
Dropping frame 1403636670.7635555
Dropping frame 1403636670.9635556
Dropping frame 1403636671.1635556
Dropping frame 1403636671.3635557
Dropping frame 1403636671.4635556
Dropping frame 1403636671.5635555
Dropping frame 1403636671.6635556
Dropping frame 1403636671.8635557
Dropping frame 1403636671.9635556
Dropping frame 1403636672.1635556
Dropping frame 1403636672.2635555
Dropping frame 1403636672.5135555
Dropping frame 1403636672.7135556
Dropping frame 1403636672.9135554
Dropping frame 1403636673.1135554
Dropping frame 1403636673.3135555
Dropping frame 1403636673.4135554
Dropping frame 1403636673.7135556
Dropping frame 1403636673.8635557
Dropping frame 1403636673.9635556
Dropping frame 1403636674.1635556
Dropping frame 1403636674.3635557
Dropping frame 1403636674.4635556
Dropping frame 1403636674.5635555
Dropping frame 1403636674.7635555
Dropping frame 1403636674.9635556
Dropping frame 1403636675.0635555
Dropping frame 1403636675.1635556
Dropping frame 1403636675.3635557
Dropping frame 1403636675.5635555
Dropping frame 1403636675.6635556
Dropping frame 1403636675.8635557
Dropping frame 1403636676.3135555
Dropping frame 1403636676.5135555
Dropping frame 1403636676.6135554
Dropping frame 1403636676.7135556
Dropping frame 1403636676.9635556
Dropping frame 1403636677.1635556
Dropping frame 1403636677.2635555
Dropping frame 1403636677.4635556
Dropping frame 1403636677.6635556
Dropping frame 1403636677.9135554
Dropping frame 1403636678.0135555
Dropping frame 1403636678.4135554
Dropping frame 1403636678.6135554
Dropping frame 1403636678.7635555
Dropping frame 1403636678.8635557
Dropping frame 1403636679.0635555
Dropping frame 1403636679.2635555
Dropping frame 1403636679.3635557
Dropping frame 1403636679.5635555
Dropping frame 1403636679.7635555
Dropping frame 1403636679.8635557
Dropping frame 1403636679.9635556
Dropping frame 1403636680.1635556
Dropping frame 1403636680.6135554
Dropping frame 1403636680.8635557
Dropping frame 1403636680.9635556
Dropping frame 1403636681.1635556
Dropping frame 1403636681.3635557
Dropping frame 1403636681.4635556
Dropping frame 1403636681.5635555
Dropping frame 1403636681.7635555
Dropping frame 1403636681.9135554
Dropping frame 1403636682.2135556
Dropping frame 1403636682.3135555
Dropping frame 1403636682.4135554
Dropping frame 1403636682.7635555
Dropping frame 1403636682.9135554
Dropping frame 1403636683.1135554
Dropping frame 1403636683.2635555
Dropping frame 1403636683.3635557
Dropping frame 1403636683.7135556
Dropping frame 1403636684.2135556
Dropping frame 1403636684.4635556
Dropping frame 1403636684.9135554
Dropping frame 1403636685.1135554
Dropping frame 1403636685.6135554
Dropping frame 1403636686.2135556
Dropping frame 1403636686.3135555
Dropping frame 1403636686.8135555
Dropping frame 1403636687.1635556
Dropping frame 1403636687.3635557
Dropping frame 1403636688.6135554
Dropping frame 1403636688.9635556
Dropping frame 1403636689.2635555
Dropping frame 1403636689.7635555
Dropping frame 1403636689.8635557
Dropping frame 1403636690.6635556
Dropping frame 1403636690.8635557
Dropping frame 1403636691.0635555
Dropping frame 1403636691.2635555
Dropping frame 1403636691.4635556
Dropping frame 1403636691.7635555
Dropping frame 1403636692.0635555
Dropping frame 1403636692.2635555
Dropping frame 1403636692.4635556
Dropping frame 1403636692.6135554
Dropping frame 1403636692.9635556
Dropping frame 1403636693.4135554
Dropping frame 1403636693.6135554
Dropping frame 1403636694.0635555
Dropping frame 1403636694.3135555
Dropping frame 1403636694.5135555
Dropping frame 1403636694.7135556
Dropping frame 1403636694.9135554
Dropping frame 1403636695.0135555
Dropping frame 1403636695.2635555
Dropping frame 1403636695.7135556
Dropping frame 1403636695.8635557
Dropping frame 1403636696.0635555
Dropping frame 1403636696.3635557
Dropping frame 1403636696.5635555
Dropping frame 1403636696.6635556
Dropping frame 1403636696.9135554
Dropping frame 1403636697.3635557
Dropping frame 1403636697.4635556
Dropping frame 1403636697.8635557
Dropping frame 1403636698.0635555
Dropping frame 1403636698.5135555
Dropping frame 1403636698.8135555
Dropping frame 1403636699.4135554
Dropping frame 1403636699.7635555
Dropping frame 1403636700.1135554
Dropping frame 1403636700.8135555
Dropping frame 1403636701.2635555
Dropping frame 1403636701.6635556
Dropping frame 1403636701.8135555
Dropping frame 1403636702.0635555
Dropping frame 1403636702.5135555
Dropping frame 1403636702.6135554
Dropping frame 1403636702.7135556
Dropping frame 1403636702.9135554
Dropping frame 1403636703.3635557
Dropping frame 1403636703.5635555
Dropping frame 1403636703.7635555
Dropping frame 1403636704.0635555
Dropping frame 1403636704.1635556
Dropping frame 1403636704.4135554
Dropping frame 1403636704.5135555
Dropping frame 1403636704.6135554
Dropping frame 1403636704.8135555
Dropping frame 1403636704.9135554
Dropping frame 1403636705.1635556
Dropping frame 1403636705.3635557
Dropping frame 1403636705.7135556
Dropping frame 1403636705.8135555
Dropping frame 1403636706.1135554
Dropping frame 1403636706.2135556
Dropping frame 1403636706.5135555
Dropping frame 1403636706.6135554
Dropping frame 1403636706.7635555
Dropping frame 1403636706.9635556
Dropping frame 1403636707.0635555
Dropping frame 1403636707.4135554
Dropping frame 1403636707.5135555
Dropping frame 1403636707.7635555
Dropping frame 1403636707.9635556
Dropping frame 1403636708.0635555
Dropping frame 1403636708.4135554
Dropping frame 1403636708.7135556
Dropping frame 1403636708.8135555
Dropping frame 1403636708.9135554
Dropping frame 1403636709.1135554
Dropping frame 1403636709.2135556
Dropping frame 1403636709.3135555
Dropping frame 1403636709.5135555
Dropping frame 1403636709.6135554
Dropping frame 1403636709.7135556
Dropping frame 1403636709.9135554
Dropping frame 1403636710.1135554
Dropping frame 1403636710.3135555
Dropping frame 1403636710.5135555
Dropping frame 1403636710.6135554
Dropping frame 1403636710.7135556
Dropping frame 1403636710.9135554
Dropping frame 1403636711.1135554
Dropping frame 1403636711.2135556
Dropping frame 1403636711.3135555
Dropping frame 1403636711.5135555
Dropping frame 1403636711.7135556
Dropping frame 1403636711.8135555
Dropping frame 1403636711.9135554
Dropping frame 1403636712.1635556
Dropping frame 1403636712.2635555
Dropping frame 1403636712.5135555
Dropping frame 1403636712.6135554
Dropping frame 1403636712.7135556
Dropping frame 1403636712.9135554
Dropping frame 1403636713.0635555
Dropping frame 1403636713.2635555
Dropping frame 1403636713.3635557
Dropping frame 1403636713.4635556
Dropping frame 1403636713.6635556
Dropping frame 1403636713.8635557
Dropping frame 1403636713.9635556
Dropping frame 1403636714.1635556
Dropping frame 1403636714.3635557
Dropping frame 1403636714.4635556
Dropping frame 1403636714.6635556
Dropping frame 1403636714.8635557
Dropping frame 1403636714.9635556
Dropping frame 1403636715.0635555
Dropping frame 1403636715.2635555
Dropping frame 1403636715.3635557
Dropping frame 1403636715.4635556
Dropping frame 1403636715.6635556
Dropping frame 1403636715.8635557
Dropping frame 1403636716.0635555
Dropping frame 1403636716.1635556
Dropping frame 1403636716.2635555
Dropping frame 1403636716.4635556
Dropping frame 1403636716.6135554
Dropping frame 1403636716.8135555
Dropping frame 1403636717.0135555
Dropping frame 1403636717.2135556
Dropping frame 1403636717.3135555
Dropping frame 1403636717.4135554
Dropping frame 1403636717.6135554
Dropping frame 1403636717.7135556
Dropping frame 1403636717.8135555
Dropping frame 1403636718.0135555
Dropping frame 1403636718.2135556
Dropping frame 1403636718.3135555
Dropping frame 1403636718.4135554
Dropping frame 1403636718.6135554
Dropping frame 1403636718.7135556
Dropping frame 1403636718.8135555
Dropping frame 1403636718.9135554
Dropping frame 1403636719.0635555
Dropping frame 1403636719.2135556
Dropping frame 1403636719.4135554
Dropping frame 1403636719.5135555
Dropping frame 1403636719.7635555
Dropping frame 1403636719.9635556
Dropping frame 1403636720.1635556
Dropping frame 1403636720.2635555
Dropping frame 1403636720.4135554
Dropping frame 1403636720.6135554
Dropping frame 1403636720.7135556
Dropping frame 1403636720.9635556
Dropping frame 1403636721.1635556
Dropping frame 1403636721.2635555
Dropping frame 1403636721.3635557
Dropping frame 1403636721.5635555
Dropping frame 1403636721.6635556
Dropping frame 1403636721.9135554
Dropping frame 1403636722.0135555
Dropping frame 1403636722.1635556
Dropping frame 1403636722.3635557
Dropping frame 1403636722.5635555
Dropping frame 1403636722.6635556
Dropping frame 1403636722.7635555
Dropping frame 1403636722.8635557
Dropping frame 1403636722.9635556
Dropping frame 1403636723.0635555
Dropping frame 1403636723.1635556
Dropping frame 1403636723.3635557
Dropping frame 1403636723.4635556
Dropping frame 1403636723.5635555
Dropping frame 1403636723.7635555
Dropping frame 1403636723.8635557
Dropping frame 1403636724.0635555
Dropping frame 1403636724.2635555
Dropping frame 1403636724.3635557
Dropping frame 1403636724.4635556
Dropping frame 1403636724.6635556
Dropping frame 1403636724.7635555
Dropping frame 1403636724.8635557
Dropping frame 1403636725.0635555
Dropping frame 1403636725.2635555
Dropping frame 1403636725.3635557
Dropping frame 1403636725.4635556
Dropping frame 1403636725.6635556
Dropping frame 1403636725.8135555
Dropping frame 1403636726.0135555
Dropping frame 1403636726.2135556
Dropping frame 1403636726.4135554
Dropping frame 1403636726.5135555
Dropping frame 1403636726.6135554
Dropping frame 1403636727.3135555
Dropping frame 1403636727.4135554
Dropping frame 1403636727.5135555
Dropping frame 1403636727.6135554
Dropping frame 1403636727.8135555
Dropping frame 1403636728.0135555
Dropping frame 1403636728.1135554
Dropping frame 1403636728.2135556
Dropping frame 1403636728.4135554
Dropping frame 1403636728.5135555
Dropping frame 1403636728.6135554
Dropping frame 1403636728.8135555
Dropping frame 1403636729.0135555
Dropping frame 1403636729.2135556
Dropping frame 1403636729.3635557
Dropping frame 1403636729.5635555
Dropping frame 1403636729.6635556
Dropping frame 1403636729.8635557
Dropping frame 1403636729.9635556
Dropping frame 1403636730.1135554
Dropping frame 1403636730.3635557
Dropping frame 1403636730.5635555
Dropping frame 1403636730.7635555
Dropping frame 1403636730.8635557
Dropping frame 1403636730.9635556
Dropping frame 1403636731.0635555
Dropping frame 1403636731.1635556
Dropping frame 1403636731.2635555
Dropping frame 1403636731.4635556
Dropping frame 1403636731.5635555
Dropping frame 1403636731.7635555
Dropping frame 1403636731.8635557
Dropping frame 1403636731.9635556
Dropping frame 1403636732.1635556
Dropping frame 1403636732.2635555
Dropping frame 1403636732.4635556
Dropping frame 1403636732.6635556
Dropping frame 1403636732.7635555
Dropping frame 1403636732.8635557
Dropping frame 1403636732.9635556
Dropping frame 1403636733.0635555
Dropping frame 1403636733.3135555
Dropping frame 1403636733.4135554
Dropping frame 1403636733.5135555
Dropping frame 1403636733.6135554
Dropping frame 1403636733.7635555
Dropping frame 1403636733.9135554
Dropping frame 1403636734.0135555
Dropping frame 1403636734.2135556
Dropping frame 1403636734.3135555
Dropping frame 1403636734.4135554
Dropping frame 1403636734.5135555
Dropping frame 1403636734.7135556
Dropping frame 1403636734.8135555
Dropping frame 1403636734.9135554
Dropping frame 1403636735.0135555
Dropping frame 1403636735.1135554
Dropping frame 1403636735.2135556
Dropping frame 1403636735.5135555
Dropping frame 1403636735.6135554
Dropping frame 1403636735.7135556
Dropping frame 1403636735.9135554
Dropping frame 1403636736.0135555
Dropping frame 1403636736.1135554
Dropping frame 1403636736.2135556
Dropping frame 1403636736.3135555
Dropping frame 1403636736.5135555
Dropping frame 1403636736.6135554
Dropping frame 1403636736.8135555
Dropping frame 1403636736.9135554
Dropping frame 1403636737.0635555
Dropping frame 1403636737.2635555
Dropping frame 1403636737.3635557
Dropping frame 1403636737.4635556
Dropping frame 1403636737.5635555
Dropping frame 1403636737.8135555
Dropping frame 1403636738.0135555
Dropping frame 1403636738.1135554
Dropping frame 1403636738.2135556
Dropping frame 1403636738.3135555
Dropping frame 1403636738.4135554
Dropping frame 1403636738.5635555
Dropping frame 1403636738.7135556
Dropping frame 1403636738.9135554
Dropping frame 1403636739.0135555
Dropping frame 1403636739.1135554
Dropping frame 1403636739.2135556
Dropping frame 1403636739.5135555
Dropping frame 1403636739.6135554
Dropping frame 1403636739.7135556
Dropping frame 1403636739.9135554
Dropping frame 1403636740.0135555
Dropping frame 1403636740.1135554
Dropping frame 1403636740.2135556
Dropping frame 1403636740.3635557
Dropping frame 1403636740.5135555
Dropping frame 1403636740.8135555
Dropping frame 1403636740.9135554
Dropping frame 1403636741.0135555
Dropping frame 1403636741.1635556
Dropping frame 1403636741.2635555
Dropping frame 1403636741.5635555
Dropping frame 1403636741.8135555
Dropping frame 1403636741.9135554
Dropping frame 1403636742.0135555
Dropping frame 1403636742.1135554
Dropping frame 1403636742.2135556
Dropping frame 1403636742.4635556
Dropping frame 1403636742.5635555
Dropping frame 1403636742.9135554
Dropping frame 1403636743.0135555
Dropping frame 1403636743.1135554
Dropping frame 1403636743.2135556
Dropping frame 1403636743.3635557
Dropping frame 1403636743.4635556
Dropping frame 1403636743.5635555
Dropping frame 1403636743.8135555
Dropping frame 1403636744.0135555
Dropping frame 1403636744.1135554
Dropping frame 1403636744.2635555
Dropping frame 1403636744.4135554
Dropping frame 1403636744.5135555
Dropping frame 1403636744.8135555
Dropping frame 1403636744.9135554
Dropping frame 1403636745.2135556
Dropping frame 1403636745.3135555
Dropping frame 1403636745.5635555
Dropping frame 1403636745.8635557
Dropping frame 1403636746.1635556
Dropping frame 1403636746.4635556
Dropping frame 1403636746.6135554
Dropping frame 1403636746.9135554
Dropping frame 1403636747.1135554
Dropping frame 1403636747.3635557
Dropping frame 1403636747.4635556
Dropping frame 1403636747.7135556
Dropping frame 1403636747.8135555
Dropping frame 1403636747.9135554
Dropping frame 1403636748.1135554
Dropping frame 1403636748.2135556
Dropping frame 1403636748.4135554
Dropping frame 1403636748.5135555
Dropping frame 1403636748.6135554
Dropping frame 1403636748.7135556
Dropping frame 1403636748.8135555
Dropping frame 1403636748.9135554
Dropping frame 1403636749.1135554
Dropping frame 1403636749.2135556
Dropping frame 1403636749.3635557
Dropping frame 1403636749.5135555
Dropping frame 1403636749.8135555
Dropping frame 1403636749.9135554
Dropping frame 1403636750.0135555
Dropping frame 1403636750.2135556
Dropping frame 1403636750.3135555
Dropping frame 1403636750.4135554
Dropping frame 1403636750.5135555
Dropping frame 1403636750.6135554
Dropping frame 1403636750.7135556
Dropping frame 1403636750.8135555
Dropping frame 1403636750.9135554
Dropping frame 1403636751.1135554
Dropping frame 1403636751.2135556
Dropping frame 1403636751.3135555
Dropping frame 1403636751.4135554
Dropping frame 1403636751.6135554
Dropping frame 1403636751.7135556
Dropping frame 1403636751.8135555
Dropping frame 1403636752.0135555
Dropping frame 1403636752.1135554
Dropping frame 1403636752.2135556
Dropping frame 1403636752.4135554
Dropping frame 1403636752.5135555
Dropping frame 1403636752.6135554
Dropping frame 1403636752.8135555
Dropping frame 1403636753.0135555
Dropping frame 1403636753.1135554
Dropping frame 1403636753.2135556
Dropping frame 1403636753.3135555
Dropping frame 1403636753.5135555
Dropping frame 1403636753.6135554
Dropping frame 1403636753.7135556
Dropping frame 1403636753.8135555
Dropping frame 1403636753.9135554
Dropping frame 1403636754.0135555
Dropping frame 1403636754.1635556
Dropping frame 1403636754.3635557
Dropping frame 1403636754.4635556
Dropping frame 1403636754.6635556
Dropping frame 1403636754.7635555
Dropping frame 1403636754.8635557
Dropping frame 1403636755.0635555
Dropping frame 1403636755.1635556
Dropping frame 1403636755.2635555
Dropping frame 1403636755.3635557
Dropping frame 1403636755.4635556
Dropping frame 1403636755.6635556
Dropping frame 1403636755.7635555
Dropping frame 1403636755.8635557
Dropping frame 1403636756.0635555
Dropping frame 1403636756.5635555
Dropping frame 1403636756.6635556
Dropping frame 1403636756.7635555
Dropping frame 1403636756.8635557
Dropping frame 1403636756.9635556
Dropping frame 1403636757.3135555
Dropping frame 1403636757.5135555
Dropping frame 1403636757.6135554
Dropping frame 1403636757.7135556
Dropping frame 1403636757.8135555
Dropping frame 1403636757.9135554
Dropping frame 1403636758.0135555
Dropping frame 1403636758.2635555
Dropping frame 1403636758.3635557
Dropping frame 1403636758.4635556
Dropping frame 1403636758.6635556
Dropping frame 1403636758.7635555
Dropping frame 1403636758.8635557
Dropping frame 1403636758.9635556
Dropping frame 1403636759.0635555
Dropping frame 1403636759.1635556
Dropping frame 1403636759.2635555
Dropping frame 1403636759.3635557
Dropping frame 1403636759.5635555
Dropping frame 1403636759.6635556
Dropping frame 1403636759.7635555
Dropping frame 1403636759.8635557
Dropping frame 1403636759.9635556
Dropping frame 1403636760.1635556
Dropping frame 1403636760.2635555
Dropping frame 1403636760.3635557
Dropping frame 1403636760.4635556
Dropping frame 1403636760.5635555
Dropping frame 1403636760.6635556
Dropping frame 1403636760.7635555
Dropping frame 1403636760.8635557
Dropping frame 1403636760.9635556
Dropping frame 1403636761.0635555
Dropping frame 1403636761.1635556
Dropping frame 1403636761.3635557
Dropping frame 1403636761.4635556
Dropping frame 1403636761.5635555
Dropping frame 1403636761.6635556
Dropping frame 1403636761.7635555
Dropping frame 1403636761.8635557
Dropping frame 1403636762.0635555
Dropping frame 1403636762.1635556
Dropping frame 1403636762.2635555
Dropping frame 1403636762.3635557
Dropping frame 1403636762.4635556
Dropping frame 1403636762.5635555
Dropping frame 1403636762.7635555
Dropping frame 1403636762.8635557
Dropping frame 1403636762.9635556
Fail to track local map!
Dropping frame 1403636763.0635555
Fail to track local map!
Dropping frame 1403636763.1635556
Fail to track local map!
Dropping frame 1403636763.2635555
Dropping frame 1403636763.3635557
Dropping frame 1403636763.4635556
Dropping frame 1403636763.5635555
Dropping frame 1403636763.6635556
Dropping frame 1403636763.7635555
Shutdown
SLAM Finished at System Time: 1742892323.13482

 TIME STATS in ms (mean$\pm$std)
OpenCV version: 4.8.1
---------------------------
Tracking

ORB Extraction: 18.667$\pm$1.7367
Stereo Matching: 7.2347$\pm$1.9332
IMU Preintegration: 0.26799$\pm$0.11394
Pose Prediction: 0.2106$\pm$0.57529
LM Track: 20.597$\pm$6.1717
New KF decision: 1.0829$\pm$2.0663
Total Tracking: 33.438$\pm$26.616



Local Mapping

KF Insertion: 18.428$\pm$8.2786
MP Culling: 0.51048$\pm$0.20721
MP Creation: 50.63$\pm$17.931
LBA: 166.02$\pm$56.47
KF Culling: 18.835$\pm$12.068
Total Local Mapping: 254.3$\pm$83.726
---------------------------

LBA complexity (mean$\pm$std)
LBA Edges: 1982.2$\pm$807.18
LBA KF optimized: 6.5$\pm$2.2913
LBA KF fixed: 1$\pm$0
LBA MP: nan$\pm$nan

LBA executions: 534
LBA aborts: 0
---------------------------

Map complexity
KFs in map: 145
MPs in map: 11072
---------------------------

Place Recognition (mean$\pm$std)
Database Query: 1.5347$\pm$0.86547
SE3 estimation: 14.463$\pm$17.277
Total Place Recognition: 14.514$\pm$17.645


Loop Closing (mean$\pm$std)
Loop Fusion: nan$\pm$nan
Essential Graph: nan$\pm$nan
Total Loop Closing: nan$\pm$nan

Num exec: 0
Number of KFs: nan$\pm$nan

Map Merging (mean$\pm$std)
Merge Maps: nan$\pm$nan
Welding BA: nan$\pm$nan
Optimization Ess.: nan$\pm$nan
Total Map Merging: nan$\pm$nan

Num exec: 0
Number of KFs: nan$\pm$nan
Number of MPs: nan$\pm$nan

Full GBA (mean$\pm$std)
GBA: nan$\pm$nan
Map Update: nan$\pm$nan
Total Full GBA: nan$\pm$nan

Num exec: 0
Num abort: 0
Number of KFs: nan$\pm$nan
Number of MPs: nan$\pm$nan

Saving trajectory to f_dataset-MH01_stereo_imu.txt ...
There are 1 maps in the atlas
  Map 0 has 145 KFs

End of saving trajectory to f_dataset-MH01_stereo_imu.txt ...

Saving keyframe trajectory to kf_dataset-MH01_stereo_imu.txt ...
