num_seq = 1
file name: dataset-MH02_stereo_imu
Loading images for sequence 0...LOADED!
Loading IMU for sequence 0...LOADED!

-------

ORB-SLAM3 Copyright (C) 2017-2020 Carlos Campos, Richard Elvira, Juan J. Gómez, José M.M. Montiel and Juan D. Tardós, University of Zaragoza.
ORB-SLAM2 Copyright (C) 2014-2016 Raúl Mur-Artal, José M.M. Montiel and Juan D. Tardós, University of Zaragoza.
This program comes with ABSOLUTELY NO WARRANTY;
This is free software, and you are welcome to redistribute it
under certain conditions. See LICENSE.txt.

Built with REGISTER_TIMES
Git Commit Hash: 2d47524

Build Type: Release

Compiled with C++ version: 201703

Input sensor was set to: Stereo-Inertial
Loading settings from EuRoC_fov_deadlines_mask_8x8.yaml
	-Loaded camera 1
	-Loaded camera 2
	-Loaded image info
	-Loaded IMU calibration
	-Loaded ORB settings
	-Loaded viewer settings
	-Loaded Atlas settings
Deadlines enabled, will skip frames!
FOV enabled
Static mask size: 8x8
Dumping map points enabled
	-Loaded misc parameters
	-Computed rectification maps
----------------------------------
SLAM settings: 
	-Camera 1 parameters (Pinhole): [ 458.65399169921875 457.29598999023438 367.21499633789062 248.375 ]
	-Camera 1 distortion parameters: [  -0.28340810537338257 0.073959067463874817 0.00019359000725671649 1.7618711353861727e-05 ]
	-Camera 2 parameters (Pinhole: [ 457.58700561523438 456.13400268554688 379.99899291992188 255.23800659179688 ]
	-Camera 1 distortion parameters: [  -0.2836836576461792 0.074512839317321777 -0.00010473000293131918 -3.555907096597366e-05 ]
	-Original image size: [ 752 , 480 ]
	-Current image size: [ 752 , 480 ]
	-Camera 1 parameters after rectification: [  456.71499633789062 456.71499633789062 364.52615356445312 257.268798828125 ]
	-Sequence FPS: 20
	-Stereo baseline: 0.11007784307003021
	-Stereo depth threshold : 60
	-Gyro noise: 0.00016999999934341758
	-Accelerometer noise: 0.0020000000949949026
	-Gyro walk: 1.9392999092815444e-05
	-Accelerometer walk: 0.0030000000260770321
	-IMU frequency: 200
	-Features per image: 1200
	-ORB scale factor: 1.2000000476837158
	-ORB number of scales: 8
	-Initial FAST threshold: 20
	-Min FAST threshold: 7


Loading ORB Vocabulary. This could take a while...
Vocabulary loaded!

Initialization of Atlas from scratch 
Creation of new map with id: 0
Creation of new map with last KF id: 0
Seq. Name: 
There are 1 cameras in the atlas
Camera 0 is pinhole
SLAM Started at System Time: 1740810135.57749
not IMU meas
not IMU meas
not enough acceleration
not enough acceleration
not enough acceleration
not enough acceleration
not enough acceleration
not enough acceleration
First KF:0; Map init KF:0
New Map created with 185 points
Active map: 0
Dropping frame 1403636859.6016665
Dropping frame 1403636859.9516664
Dropping frame 1403636860.1016665
Dropping frame 1403636860.3016665
Dropping frame 1403636860.4016666
Dropping frame 1403636860.6016665
Dropping frame 1403636860.9016666
Dropping frame 1403636861.3516665
Dropping frame 1403636861.7516665
Dropping frame 1403636862.0516665
Dropping frame 1403636862.3516665
Dropping frame 1403636862.5016665
Dropping frame 1403636862.6016665
Dropping frame 1403636862.7016666
Dropping frame 1403636863.0016665
Dropping frame 1403636863.1516664
Dropping frame 1403636863.8516665
Dropping frame 1403636864.2016666
Dropping frame 1403636864.4016666
start VIBA 1
Dropping frame 1403636864.5016665
end VIBA 1
Dropping frame 1403636864.7016666
Dropping frame 1403636864.9516664
Dropping frame 1403636865.1516664
Dropping frame 1403636865.2516665
Dropping frame 1403636865.3516665
Dropping frame 1403636865.5016665
Dropping frame 1403636865.6016665
Dropping frame 1403636866.5516665
Dropping frame 1403636866.6516664
Dropping frame 1403636867.0516665
Dropping frame 1403636867.1516664
Dropping frame 1403636867.4016666
Dropping frame 1403636867.5016665
Dropping frame 1403636867.6016665
Dropping frame 1403636867.9016666
Dropping frame 1403636868.0016665
Dropping frame 1403636868.2016666
Dropping frame 1403636868.5516665
Dropping frame 1403636868.9516664
Dropping frame 1403636869.0516665
Dropping frame 1403636869.3516665
Dropping frame 1403636869.6016665
Dropping frame 1403636869.7016666
Dropping frame 1403636869.8516665
Dropping frame 1403636870.0016665
Dropping frame 1403636870.1016665
Dropping frame 1403636870.3516665
Dropping frame 1403636870.7016666
Dropping frame 1403636870.8016665
Dropping frame 1403636871.1016665
Dropping frame 1403636871.3516665
Dropping frame 1403636871.5016665
Dropping frame 1403636871.8516665
Dropping frame 1403636872.8516665
Dropping frame 1403636873.2516665
Dropping frame 1403636873.5516665
Dropping frame 1403636873.9516664
Dropping frame 1403636874.1516664
Dropping frame 1403636874.4516664
Dropping frame 1403636874.7516665
Dropping frame 1403636874.9516664
Dropping frame 1403636875.2016666
start VIBA 2
end VIBA 2
Dropping frame 1403636875.6016665
Dropping frame 1403636875.7016666
Dropping frame 1403636876.0016665
Dropping frame 1403636876.2516665
Dropping frame 1403636876.5016665
Dropping frame 1403636876.9016666
Dropping frame 1403636877.1516664
Dropping frame 1403636877.2516665
Dropping frame 1403636877.5016665
Dropping frame 1403636877.7516665
Dropping frame 1403636878.2016666
Dropping frame 1403636879.3016665
Dropping frame 1403636879.4016666
Dropping frame 1403636879.8516665
Dropping frame 1403636880.1016665
Dropping frame 1403636880.3516665
Dropping frame 1403636880.8016665
Dropping frame 1403636881.1516664
Dropping frame 1403636881.5016665
Dropping frame 1403636882.1516664
Dropping frame 1403636882.5516665
Dropping frame 1403636883.0016665
Dropping frame 1403636883.2516665
Dropping frame 1403636883.6516664
Dropping frame 1403636883.9516664
Dropping frame 1403636884.3016665
Dropping frame 1403636884.5516665
Dropping frame 1403636884.8516665
Dropping frame 1403636885.3516665
Dropping frame 1403636887.8516665
Dropping frame 1403636888.4016666
Dropping frame 1403636888.7016666
Dropping frame 1403636889.2016666
Dropping frame 1403636889.3516665
Dropping frame 1403636889.7016666
Dropping frame 1403636889.8516665
Dropping frame 1403636890.1516664
Dropping frame 1403636890.6016665
Dropping frame 1403636890.7016666
Dropping frame 1403636891.0016665
Dropping frame 1403636891.5016665
Dropping frame 1403636891.7016666
Dropping frame 1403636892.0016665
Dropping frame 1403636892.1016665
Dropping frame 1403636892.6016665
Dropping frame 1403636892.9516664
Dropping frame 1403636896.0016665
Dropping frame 1403636898.1016665
Dropping frame 1403636898.7016666
Dropping frame 1403636899.8016665
Dropping frame 1403636901.8016665
Dropping frame 1403636903.0016665
Dropping frame 1403636904.1516664
Dropping frame 1403636906.8016665
Dropping frame 1403636907.3516665
Dropping frame 1403636909.6516664
Dropping frame 1403636910.5516665
Dropping frame 1403636911.1016665
Dropping frame 1403636911.5016665
Dropping frame 1403636911.6016665
Dropping frame 1403636911.7016666
Dropping frame 1403636911.8516665
Dropping frame 1403636911.9516664
Dropping frame 1403636912.2016666
Dropping frame 1403636912.5016665
Dropping frame 1403636912.6016665
Dropping frame 1403636912.7016666
Dropping frame 1403636912.9516664
Dropping frame 1403636913.1016665
Dropping frame 1403636913.2516665
Dropping frame 1403636913.3516665
Dropping frame 1403636913.6516664
Dropping frame 1403636913.7516665
Dropping frame 1403636914.3016665
Dropping frame 1403636914.4016666
Dropping frame 1403636914.5016665
Dropping frame 1403636914.8516665
Dropping frame 1403636914.9516664
Dropping frame 1403636915.2016666
Dropping frame 1403636915.4016666
Dropping frame 1403636915.5016665
Dropping frame 1403636915.7516665
Dropping frame 1403636916.0016665
Dropping frame 1403636916.1016665
Dropping frame 1403636916.2016666
Dropping frame 1403636916.3016665
Dropping frame 1403636916.4016666
Dropping frame 1403636916.7516665
Dropping frame 1403636916.9016666
Dropping frame 1403636917.0016665
Dropping frame 1403636917.1016665
Dropping frame 1403636917.2516665
Dropping frame 1403636917.3516665
Dropping frame 1403636917.5016665
Dropping frame 1403636917.6016665
Dropping frame 1403636917.8516665
Dropping frame 1403636917.9516664
Dropping frame 1403636918.1016665
Dropping frame 1403636918.3016665
Dropping frame 1403636918.5516665
Dropping frame 1403636918.7016666
Dropping frame 1403636918.8016665
Dropping frame 1403636919.0516665
Dropping frame 1403636919.3016665
Dropping frame 1403636919.5016665
Dropping frame 1403636919.7016666
Dropping frame 1403636919.8016665
Dropping frame 1403636919.9016666
Dropping frame 1403636920.0016665
Dropping frame 1403636920.3516665
Dropping frame 1403636920.5016665
Dropping frame 1403636920.6016665
Dropping frame 1403636920.7016666
Dropping frame 1403636920.9016666
Dropping frame 1403636921.2016666
Dropping frame 1403636921.3016665
Dropping frame 1403636921.6016665
Dropping frame 1403636921.7016666
Dropping frame 1403636921.9016666
Dropping frame 1403636922.0016665
Dropping frame 1403636922.2516665
Dropping frame 1403636922.4516664
Dropping frame 1403636922.5516665
Dropping frame 1403636922.6516664
Dropping frame 1403636922.7516665
Dropping frame 1403636923.0516665
Dropping frame 1403636923.6516664
Dropping frame 1403636923.7516665
Dropping frame 1403636924.3016665
Dropping frame 1403636924.6016665
Dropping frame 1403636924.9016666
Dropping frame 1403636925.3016665
Dropping frame 1403636925.4016666
Dropping frame 1403636925.9016666
Dropping frame 1403636926.4016666
Dropping frame 1403636926.5516665
Dropping frame 1403636926.8016665
Dropping frame 1403636927.1516664
Dropping frame 1403636927.2516665
Dropping frame 1403636927.3516665
Dropping frame 1403636927.7516665
Dropping frame 1403636927.9516664
Dropping frame 1403636928.1516664
Dropping frame 1403636928.4016666
Dropping frame 1403636928.6016665
Dropping frame 1403636928.7016666
Dropping frame 1403636929.0016665
Dropping frame 1403636929.1516664
Dropping frame 1403636929.3016665
Dropping frame 1403636929.5016665
Dropping frame 1403636929.7016666
Dropping frame 1403636929.9016666
Dropping frame 1403636930.0016665
Dropping frame 1403636930.3016665
Dropping frame 1403636930.4016666
Dropping frame 1403636930.6016665
Dropping frame 1403636930.8516665
Dropping frame 1403636931.0516665
Dropping frame 1403636931.1516664
Dropping frame 1403636931.2516665
Dropping frame 1403636931.5516665
Dropping frame 1403636931.7516665
Dropping frame 1403636931.8516665
Dropping frame 1403636931.9516664
Dropping frame 1403636932.3516665
Dropping frame 1403636932.8516665
Dropping frame 1403636932.9516664
Dropping frame 1403636933.3516665
Dropping frame 1403636933.5516665
Dropping frame 1403636933.6516664
Dropping frame 1403636933.7516665
Dropping frame 1403636933.8516665
Dropping frame 1403636934.0516665
Dropping frame 1403636934.1516664
Dropping frame 1403636934.2516665
Dropping frame 1403636934.4516664
Dropping frame 1403636934.6516664
Dropping frame 1403636934.7516665
Dropping frame 1403636934.8516665
Dropping frame 1403636934.9516664
Dropping frame 1403636935.1516664
Dropping frame 1403636935.2516665
Dropping frame 1403636935.4016666
Dropping frame 1403636935.6016665
Dropping frame 1403636935.8016665
Dropping frame 1403636936.0016665
Dropping frame 1403636936.2016666
Dropping frame 1403636936.4016666
Dropping frame 1403636936.5016665
Dropping frame 1403636936.6516664
Dropping frame 1403636936.7516665
Dropping frame 1403636937.0016665
Dropping frame 1403636937.2516665
Dropping frame 1403636937.4516664
Dropping frame 1403636937.6516664
Dropping frame 1403636937.7516665
Dropping frame 1403636937.9516664
Dropping frame 1403636938.1516664
Dropping frame 1403636938.2516665
Dropping frame 1403636938.4516664
Dropping frame 1403636938.6516664
Dropping frame 1403636938.7516665
Dropping frame 1403636939.0516665
Dropping frame 1403636939.2516665
Dropping frame 1403636939.3516665
Dropping frame 1403636939.5516665
Dropping frame 1403636939.6516664
Dropping frame 1403636939.7516665
Dropping frame 1403636939.9516664
Dropping frame 1403636940.0516665
Dropping frame 1403636940.1516664
Dropping frame 1403636940.2516665
Dropping frame 1403636940.4516664
Dropping frame 1403636940.7016666
Dropping frame 1403636940.9016666
Dropping frame 1403636941.0016665
Dropping frame 1403636941.1016665
Dropping frame 1403636941.2016666
Dropping frame 1403636941.4016666
Dropping frame 1403636941.5016665
Dropping frame 1403636941.6016665
Dropping frame 1403636941.8516665
Dropping frame 1403636941.9516664
Dropping frame 1403636942.0516665
Dropping frame 1403636942.2516665
Dropping frame 1403636942.3516665
Dropping frame 1403636942.6016665
Dropping frame 1403636942.8016665
Dropping frame 1403636943.0016665
Dropping frame 1403636943.2016666
Dropping frame 1403636943.3016665
Dropping frame 1403636943.4016666
Dropping frame 1403636943.5016665
Dropping frame 1403636943.6016665
Dropping frame 1403636943.7016666
Dropping frame 1403636943.9016666
Dropping frame 1403636944.1516664
Dropping frame 1403636944.3516665
Dropping frame 1403636944.5516665
Dropping frame 1403636944.6516664
Dropping frame 1403636944.9016666
Dropping frame 1403636945.0516665
Dropping frame 1403636945.1516664
Dropping frame 1403636945.4016666
Dropping frame 1403636945.6016665
Dropping frame 1403636945.7016666
Dropping frame 1403636945.8016665
Dropping frame 1403636945.9016666
Dropping frame 1403636946.1516664
Dropping frame 1403636946.3516665
Dropping frame 1403636946.4516664
Dropping frame 1403636946.5516665
Dropping frame 1403636946.7516665
Dropping frame 1403636946.9516664
Dropping frame 1403636947.0516665
Dropping frame 1403636947.1516664
Dropping frame 1403636947.2516665
Dropping frame 1403636947.4516664
Dropping frame 1403636947.5516665
Dropping frame 1403636947.6516664
Dropping frame 1403636947.8516665
Dropping frame 1403636948.0516665
Dropping frame 1403636948.2516665
Dropping frame 1403636948.4516664
Dropping frame 1403636948.5516665
Dropping frame 1403636948.7516665
Dropping frame 1403636949.0016665
Dropping frame 1403636949.1016665
Dropping frame 1403636949.2016666
Dropping frame 1403636949.3016665
Dropping frame 1403636949.5016665
Dropping frame 1403636949.6516664
Dropping frame 1403636949.9016666
Dropping frame 1403636950.1016665
Dropping frame 1403636950.2016666
Dropping frame 1403636950.3016665
Dropping frame 1403636950.4516664
Dropping frame 1403636950.5516665
Dropping frame 1403636950.6516664
Dropping frame 1403636950.7516665
Dropping frame 1403636950.8516665
Dropping frame 1403636950.9516664
Dropping frame 1403636951.5016665
Dropping frame 1403636951.6016665
Dropping frame 1403636951.7016666
Dropping frame 1403636951.8016665
Dropping frame 1403636951.9016666
Dropping frame 1403636952.1016665
Dropping frame 1403636952.2016666
Dropping frame 1403636952.3516665
Dropping frame 1403636952.5016665
Dropping frame 1403636952.7516665
Dropping frame 1403636952.9516664
Dropping frame 1403636953.0516665
Dropping frame 1403636953.1516664
Dropping frame 1403636953.3016665
Dropping frame 1403636953.4516664
Dropping frame 1403636953.6016665
Dropping frame 1403636953.8016665
Dropping frame 1403636953.9016666
Dropping frame 1403636954.0016665
Dropping frame 1403636954.3516665
Dropping frame 1403636954.5516665
Dropping frame 1403636954.6516664
Dropping frame 1403636954.8516665
Dropping frame 1403636954.9516664
Dropping frame 1403636955.2516665
Dropping frame 1403636955.3516665
Dropping frame 1403636955.4516664
Dropping frame 1403636955.5516665
Dropping frame 1403636955.8516665
Dropping frame 1403636956.0516665
Dropping frame 1403636956.2516665
Dropping frame 1403636956.3516665
Dropping frame 1403636956.4516664
Dropping frame 1403636956.6016665
Dropping frame 1403636956.7516665
Dropping frame 1403636956.9516664
Dropping frame 1403636957.0516665
Dropping frame 1403636957.3016665
Dropping frame 1403636957.4016666
Dropping frame 1403636957.6516664
Dropping frame 1403636957.7516665
Dropping frame 1403636958.0516665
Dropping frame 1403636958.1516664
Dropping frame 1403636958.2516665
Dropping frame 1403636958.4516664
Dropping frame 1403636958.6516664
Dropping frame 1403636958.7516665
Dropping frame 1403636958.8516665
Dropping frame 1403636959.1516664
Dropping frame 1403636959.2516665
Dropping frame 1403636959.4516664
Dropping frame 1403636959.7016666
Dropping frame 1403636959.8016665
Dropping frame 1403636960.0516665
Dropping frame 1403636960.1516664
Dropping frame 1403636960.4016666
Dropping frame 1403636960.5016665
Dropping frame 1403636960.6016665
Dropping frame 1403636960.8016665
Dropping frame 1403636961.0016665
Dropping frame 1403636961.1516664
Dropping frame 1403636961.2516665
Dropping frame 1403636961.5016665
Dropping frame 1403636961.7016666
Dropping frame 1403636961.8016665
Dropping frame 1403636961.9016666
Dropping frame 1403636962.1016665
Dropping frame 1403636962.2516665
Dropping frame 1403636962.5016665
Dropping frame 1403636962.6016665
Dropping frame 1403636963.0016665
Dropping frame 1403636963.2016666
Dropping frame 1403636963.6016665
Dropping frame 1403636963.9016666
Dropping frame 1403636964.1016665
Dropping frame 1403636964.3016665
Dropping frame 1403636964.4016666
Dropping frame 1403636964.8516665
Dropping frame 1403636964.9516664
Dropping frame 1403636965.0516665
Dropping frame 1403636965.1516664
Dropping frame 1403636965.2516665
Dropping frame 1403636965.4016666
Dropping frame 1403636965.7016666
Dropping frame 1403636965.9016666
Dropping frame 1403636966.0016665
Dropping frame 1403636966.1516664
Dropping frame 1403636966.3016665
Dropping frame 1403636966.4016666
Dropping frame 1403636966.6016665
Dropping frame 1403636966.7016666
Dropping frame 1403636966.9516664
Dropping frame 1403636967.1516664
Dropping frame 1403636967.3516665
Dropping frame 1403636967.9516664
Dropping frame 1403636968.1516664
Dropping frame 1403636968.2516665
Dropping frame 1403636969.0516665
Dropping frame 1403636969.6516664
Dropping frame 1403636969.9016666
Dropping frame 1403636970.0016665
Dropping frame 1403636970.2516665
Dropping frame 1403636970.4016666
Dropping frame 1403636970.6016665
Dropping frame 1403636970.7016666
Dropping frame 1403636970.8016665
Dropping frame 1403636971.0016665
Dropping frame 1403636971.1516664
Dropping frame 1403636971.3516665
Dropping frame 1403636971.6516664
Dropping frame 1403636972.2016666
Dropping frame 1403636972.3516665
Dropping frame 1403636972.6016665
Dropping frame 1403636972.7516665
Dropping frame 1403636973.0016665
Dropping frame 1403636973.1016665
Dropping frame 1403636973.2016666
Dropping frame 1403636973.4016666
Dropping frame 1403636973.5016665
Dropping frame 1403636973.6016665
Dropping frame 1403636973.8016665
Dropping frame 1403636974.0016665
Dropping frame 1403636974.1016665
Dropping frame 1403636974.3516665
Dropping frame 1403636974.6516664
Dropping frame 1403636974.8516665
Dropping frame 1403636974.9516664
Dropping frame 1403636975.2016666
Dropping frame 1403636975.3016665
Dropping frame 1403636975.4016666
Dropping frame 1403636975.6016665
Dropping frame 1403636975.8016665
Dropping frame 1403636975.9016666
Dropping frame 1403636976.0016665
Dropping frame 1403636976.3016665
Dropping frame 1403636976.4016666
Dropping frame 1403636976.5016665
Dropping frame 1403636976.7016666
Dropping frame 1403636976.9016666
Dropping frame 1403636977.0016665
Dropping frame 1403636977.1016665
Dropping frame 1403636977.3016665
Dropping frame 1403636977.5016665
Dropping frame 1403636977.7016666
Dropping frame 1403636977.8516665
Dropping frame 1403636978.0516665
Dropping frame 1403636978.4016666
Dropping frame 1403636978.6016665
Dropping frame 1403636979.2516665
Dropping frame 1403636979.6516664
Dropping frame 1403636979.8516665
Dropping frame 1403636980.0516665
Dropping frame 1403636980.3516665
Dropping frame 1403636980.7016666
Dropping frame 1403636980.8016665
Dropping frame 1403636981.1016665
Dropping frame 1403636981.3016665
Dropping frame 1403636981.5516665
Dropping frame 1403636981.8016665
Dropping frame 1403636982.0016665
Dropping frame 1403636982.1016665
Dropping frame 1403636982.4016666
Dropping frame 1403636982.5016665
Dropping frame 1403636982.8016665
Dropping frame 1403636983.0516665
Dropping frame 1403636983.2016666
Dropping frame 1403636983.7016666
Dropping frame 1403636983.9016666
Dropping frame 1403636984.1016665
Dropping frame 1403636984.3016665
Dropping frame 1403636984.4016666
Dropping frame 1403636984.5016665
Dropping frame 1403636984.8016665
Dropping frame 1403636984.9016666
Dropping frame 1403636985.2016666
Dropping frame 1403636985.4016666
Dropping frame 1403636985.5016665
Dropping frame 1403636985.6016665
Dropping frame 1403636985.8016665
Dropping frame 1403636986.3016665
Dropping frame 1403636986.4016666
Dropping frame 1403636986.6016665
Dropping frame 1403636986.8016665
Dropping frame 1403636987.1516664
Dropping frame 1403636987.2516665
Dropping frame 1403636987.5016665
Dropping frame 1403636987.7016666
Dropping frame 1403636987.9016666
Dropping frame 1403636988.1016665
Dropping frame 1403636988.2016666
Dropping frame 1403636988.3016665
Dropping frame 1403636988.4016666
Dropping frame 1403636988.6016665
Dropping frame 1403636988.7016666
Dropping frame 1403636988.9516664
Dropping frame 1403636989.1516664
Dropping frame 1403636989.3516665
Dropping frame 1403636989.5016665
Dropping frame 1403636989.7016666
Dropping frame 1403636989.8016665
Dropping frame 1403636989.9016666
Dropping frame 1403636990.1016665
Dropping frame 1403636990.3016665
Dropping frame 1403636990.5016665
Dropping frame 1403636990.7016666
Dropping frame 1403636990.8016665
Dropping frame 1403636990.9016666
Dropping frame 1403636991.1016665
Dropping frame 1403636991.3016665
Dropping frame 1403636991.5016665
Dropping frame 1403636991.6016665
Dropping frame 1403636991.7016666
Dropping frame 1403636991.9016666
Dropping frame 1403636992.2016666
Dropping frame 1403636992.3016665
Dropping frame 1403636992.4016666
Dropping frame 1403636992.6016665
Dropping frame 1403636992.7016666
Dropping frame 1403636992.8016665
Dropping frame 1403636993.0016665
Dropping frame 1403636993.9016666
Dropping frame 1403636994.7016666
Dropping frame 1403636994.8016665
Dropping frame 1403636995.1016665
Dropping frame 1403636995.2016666
Dropping frame 1403636995.3016665
Dropping frame 1403636995.5016665
Dropping frame 1403636995.7016666
Dropping frame 1403636995.9016666
Dropping frame 1403636996.1516664
Dropping frame 1403636996.3516665
Dropping frame 1403636996.5516665
Dropping frame 1403636996.7516665
Dropping frame 1403636998.1516664
Dropping frame 1403636998.6016665
Dropping frame 1403636999.7516665
Dropping frame 1403636999.9516664
Dropping frame 1403637000.1516664
Dropping frame 1403637000.6516664
Dropping frame 1403637000.8516665
Dropping frame 1403637000.9516664
Dropping frame 1403637001.0516665
Dropping frame 1403637001.2516665
Dropping frame 1403637001.4516664
Dropping frame 1403637001.6516664
Dropping frame 1403637001.7516665
Dropping frame 1403637002.0016665
Dropping frame 1403637002.2016666
Dropping frame 1403637002.3516665
Dropping frame 1403637002.5516665
Dropping frame 1403637002.7516665
Dropping frame 1403637002.8516665
Dropping frame 1403637002.9516664
Dropping frame 1403637003.1516664
Dropping frame 1403637003.3516665
Dropping frame 1403637003.4516664
Dropping frame 1403637003.5516665
Dropping frame 1403637003.8516665
Dropping frame 1403637004.0516665
Dropping frame 1403637004.2516665
Dropping frame 1403637004.4516664
Dropping frame 1403637004.5516665
Dropping frame 1403637004.9016666
Dropping frame 1403637005.2016666
Dropping frame 1403637005.3016665
Dropping frame 1403637005.4016666
Dropping frame 1403637005.6016665
Dropping frame 1403637005.8016665
Dropping frame 1403637006.0016665
Dropping frame 1403637006.1016665
Dropping frame 1403637006.3016665
Dropping frame 1403637006.5516665
Dropping frame 1403637006.6516664
Dropping frame 1403637006.7516665
Dropping frame 1403637006.9516664
Dropping frame 1403637007.1516664
Dropping frame 1403637007.2516665
Dropping frame 1403637007.5516665
Dropping frame 1403637007.7516665
Dropping frame 1403637008.1016665
Dropping frame 1403637008.3016665
Dropping frame 1403637008.4016666
Dropping frame 1403637008.7516665
Dropping frame 1403637008.9516664
Dropping frame 1403637009.1516664
Dropping frame 1403637009.3016665
Dropping frame 1403637009.5016665
Dropping frame 1403637009.6016665
Dropping frame 1403637009.7016666
Dropping frame 1403637009.9016666
Dropping frame 1403637010.1016665
Dropping frame 1403637010.3016665
Dropping frame 1403637010.4016666
Dropping frame 1403637010.5016665
Dropping frame 1403637010.6016665
Shutdown
SLAM Finished at System Time: 1740810318.75495

 TIME STATS in ms (mean$\pm$std)
OpenCV version: 4.8.1
---------------------------
Tracking

ORB Extraction: 18.404$\pm$1.7486
Stereo Matching: 7.2955$\pm$1.9467
IMU Preintegration: 0.25257$\pm$0.099861
Pose Prediction: 0.22308$\pm$0.65053
LM Track: 19.341$\pm$4.9508
New KF decision: 1.2432$\pm$2.3398
Total Tracking: 33.758$\pm$25.275



Local Mapping

KF Insertion: 16.693$\pm$5.4641
MP Culling: 0.55519$\pm$0.21948
MP Creation: 48.813$\pm$15.868
LBA: 154.69$\pm$53.824
KF Culling: 16.089$\pm$10.716
Total Local Mapping: 236.78$\pm$75.256
---------------------------

LBA complexity (mean$\pm$std)
LBA Edges: 1719.4$\pm$608.07
LBA KF optimized: 6.5$\pm$2.2913
LBA KF fixed: 1$\pm$0
LBA MP: nan$\pm$nan

LBA executions: 473
LBA aborts: 0
---------------------------

Map complexity
KFs in map: 141
MPs in map: 11116
---------------------------

Place Recognition (mean$\pm$std)
Database Query: 1.4717$\pm$0.77965
SE3 estimation: 11.611$\pm$14.054
Total Place Recognition: 11.638$\pm$14.267


Loop Closing (mean$\pm$std)
Loop Fusion: nan$\pm$nan
Essential Graph: nan$\pm$nan
Total Loop Closing: nan$\pm$nan

Num exec: 0
Number of KFs: nan$\pm$nan

Map Merging (mean$\pm$std)
Merge Maps: nan$\pm$nan
Welding BA: nan$\pm$nan
Optimization Ess.: nan$\pm$nan
Total Map Merging: nan$\pm$nan

Num exec: 0
Number of KFs: nan$\pm$nan
Number of MPs: nan$\pm$nan

Full GBA (mean$\pm$std)
GBA: nan$\pm$nan
Map Update: nan$\pm$nan
Total Full GBA: nan$\pm$nan

Num exec: 0
Num abort: 0
Number of KFs: nan$\pm$nan
Number of MPs: nan$\pm$nan

Saving trajectory to f_dataset-MH02_stereo_imu.txt ...
There are 1 maps in the atlas
  Map 0 has 141 KFs

End of saving trajectory to f_dataset-MH02_stereo_imu.txt ...

Saving keyframe trajectory to kf_dataset-MH02_stereo_imu.txt ...
