num_seq = 1
file name: dataset-V202_stereo_imu
Loading images for sequence 0...LOADED!
Loading IMU for sequence 0...LOADED!

-------

ORB-SLAM3 Copyright (C) 2017-2020 Carlos Campos, Richard Elvira, Juan J. Gómez, José M.M. Montiel and Juan D. Tardós, University of Zaragoza.
ORB-SLAM2 Copyright (C) 2014-2016 Raúl Mur-Artal, José M.M. Montiel and Juan D. Tardós, University of Zaragoza.
This program comes with ABSOLUTELY NO WARRANTY;
This is free software, and you are welcome to redistribute it
under certain conditions. See LICENSE.txt.

Built with REGISTER_TIMES
Git Commit Hash: c2409e6

Build Type: Release

Compiled with C++ version: 201703

Input sensor was set to: Stereo-Inertial
Loading settings from ./Examples/Stereo-Inertial/EuRoC_omega_deadlines.yaml
	-Loaded camera 1
	-Loaded camera 2
	-Loaded image info
	-Loaded IMU calibration
	-Loaded ORB settings
	-Loaded viewer settings
	-Loaded Atlas settings
Deadlines enabled, will skip frames!
omegaSLAM enabled!
	-Loaded misc parameters
	-Computed rectification maps
----------------------------------
SLAM settings: 
	-Camera 1 parameters (Pinhole): [ 458.65399169921875 457.29598999023438 367.21499633789062 248.375 ]
	-Camera 1 distortion parameters: [  -0.28340810537338257 0.073959067463874817 0.00019359000725671649 1.7618711353861727e-05 ]
	-Camera 2 parameters (Pinhole: [ 457.58700561523438 456.13400268554688 379.99899291992188 255.23800659179688 ]
	-Camera 1 distortion parameters: [  -0.2836836576461792 0.074512839317321777 -0.00010473000293131918 -3.555907096597366e-05 ]
	-Original image size: [ 752 , 480 ]
	-Current image size: [ 752 , 480 ]
	-Camera 1 parameters after rectification: [  456.71499633789062 456.71499633789062 364.52615356445312 257.268798828125 ]
	-Sequence FPS: 20
	-Stereo baseline: 0.11007784307003021
	-Stereo depth threshold : 60
	-Gyro noise: 0.00016999999934341758
	-Accelerometer noise: 0.0020000000949949026
	-Gyro walk: 1.9392999092815444e-05
	-Accelerometer walk: 0.0030000000260770321
	-IMU frequency: 200
	-Features per image: 1200
	-ORB scale factor: 1.2000000476837158
	-ORB number of scales: 8
	-Initial FAST threshold: 20
	-Min FAST threshold: 7


Loading ORB Vocabulary. This could take a while...
Vocabulary loaded!

Initialization of Atlas from scratch 
Creation of new map with id: 0
Creation of new map with last KF id: 0
Seq. Name: 
There are 1 cameras in the atlas
Camera 0 is pinhole
SLAM Started at System Time: 1748935441.17471
not IMU meas
not IMU meas
not enough acceleration
not enough acceleration
not enough acceleration
not enough acceleration
not enough acceleration
not enough acceleration
not enough acceleration
not enough acceleration
not enough acceleration
not enough acceleration
not enough acceleration
not enough acceleration
not enough acceleration
not enough acceleration
not enough acceleration
not enough acceleration
not enough acceleration
not enough acceleration
not enough acceleration
not enough acceleration
not enough acceleration
not enough acceleration
not enough acceleration
not enough acceleration
not enough acceleration
not enough acceleration
not enough acceleration
not enough acceleration
not enough acceleration
not enough acceleration
not enough acceleration
not enough acceleration
not enough acceleration
not enough acceleration
not enough acceleration
not enough acceleration
not enough acceleration
not enough acceleration
not enough acceleration
not enough acceleration
not enough acceleration
not enough acceleration
not enough acceleration
not enough acceleration
not enough acceleration
not enough acceleration
not enough acceleration
not enough acceleration
not enough acceleration
not enough acceleration
not enough acceleration
not enough acceleration
not enough acceleration
not enough acceleration
not enough acceleration
not enough acceleration
not enough acceleration
not enough acceleration
not enough acceleration
not enough acceleration
not enough acceleration
not enough acceleration
not enough acceleration
not enough acceleration
not enough acceleration
not enough acceleration
not enough acceleration
not enough acceleration
not enough acceleration
not enough acceleration
First KF:0; Map init KF:0
New Map created with 464 points
Active map: 0
Dropping frame 1413393889.7057605
Dropping frame 1413393889.9057605
Dropping frame 1413393890.0057604
Dropping frame 1413393890.2557604
Omega SLAM Dropping frame 1413393890.4057605
Omega SLAM Dropping frame 1413393890.4557605
Omega SLAM Dropping frame 1413393890.5057604
Dropping frame 1413393890.6057606
Dropping frame 1413393890.7057605
Dropping frame 1413393890.8057606
Dropping frame 1413393890.9057605
Omega SLAM Dropping frame 1413393891.0557604
Omega SLAM Dropping frame 1413393891.1057606
Omega SLAM Dropping frame 1413393891.1557603
Dropping frame 1413393891.2557604
Omega SLAM Dropping frame 1413393891.3057606
Omega SLAM Dropping frame 1413393891.3557603
Omega SLAM Dropping frame 1413393891.4057605
Fail to track local map!
IMU is not or recently initialized. Reseting active map...
Dropping frame 1413393891.5057604
LM: Active map reset recieved
LM: Active map reset, waiting...
LM: Reseting current map in Local Mapping...
LM: End reseting Local Mapping...
LM: Reset free the mutex
LM: Active map reset, Done!!!
mnFirstFrameId = 72
mnInitialFrameId = 0
20 Frames set to lost
not IMU meas
First KF:7; Map init KF:0
New Map created with 675 points
Active map: 0
Omega SLAM Dropping frame 1413393891.7057605
Omega SLAM Dropping frame 1413393891.7557604
Omega SLAM Dropping frame 1413393891.8057606
Dropping frame 1413393891.9057605
Dropping frame 1413393892.1057606
Dropping frame 1413393892.3057606
Omega SLAM Dropping frame 1413393892.4557605
Omega SLAM Dropping frame 1413393892.5057604
Omega SLAM Dropping frame 1413393892.5557604
Dropping frame 1413393892.6557603
Dropping frame 1413393892.8557603
Dropping frame 1413393892.9557605
Omega SLAM Dropping frame 1413393893.1057606
Omega SLAM Dropping frame 1413393893.1557603
Omega SLAM Dropping frame 1413393893.2057605
Dropping frame 1413393893.3557603
Omega SLAM Dropping frame 1413393893.6057606
Omega SLAM Dropping frame 1413393893.6557603
Omega SLAM Dropping frame 1413393893.7057605
Dropping frame 1413393893.8557603
Omega SLAM Dropping frame 1413393893.9057605
Omega SLAM Dropping frame 1413393893.9557605
Omega SLAM Dropping frame 1413393894.0057604
Fail to track local map!
IMU is not or recently initialized. Reseting active map...
LM: Active map reset recieved
LM: Active map reset, waiting...
LM: Reseting current map in Local Mapping...
LM: End reseting Local Mapping...
LM: Reset free the mutex
LM: Active map reset, Done!!!
mnFirstFrameId = 93
mnInitialFrameId = 91
47 Frames set to lost
not IMU meas
First KF:16; Map init KF:7
New Map created with 816 points
Active map: 0
Dropping frame 1413393894.2057605
Omega SLAM Dropping frame 1413393894.3057606
Omega SLAM Dropping frame 1413393894.3557603
Omega SLAM Dropping frame 1413393894.4057605
Dropping frame 1413393894.5057604
Omega SLAM Dropping frame 1413393894.5557604
Omega SLAM Dropping frame 1413393894.6057606
Omega SLAM Dropping frame 1413393894.6557603
Omega SLAM Dropping frame 1413393894.8057606
Omega SLAM Dropping frame 1413393894.8557603
Omega SLAM Dropping frame 1413393894.9057605
Dropping frame 1413393895.0557604
Omega SLAM Dropping frame 1413393895.2057605
Omega SLAM Dropping frame 1413393895.2557604
Omega SLAM Dropping frame 1413393895.3057606
Dropping frame 1413393895.4057605
Omega SLAM Dropping frame 1413393895.4557605
Omega SLAM Dropping frame 1413393895.5057604
Omega SLAM Dropping frame 1413393895.5557604
Dropping frame 1413393895.6557603
Dropping frame 1413393895.7557604
Dropping frame 1413393895.9557605
Dropping frame 1413393896.0557604
Dropping frame 1413393896.1557603
Dropping frame 1413393896.3557603
Dropping frame 1413393896.4557605
Dropping frame 1413393896.7057605
Dropping frame 1413393896.9057605
Dropping frame 1413393897.0057604
Dropping frame 1413393897.2557604
Dropping frame 1413393897.4557605
Dropping frame 1413393897.5557604
Omega SLAM Dropping frame 1413393897.7557604
Omega SLAM Dropping frame 1413393897.8057606
Omega SLAM Dropping frame 1413393897.8557603
Dropping frame 1413393897.9557605
Omega SLAM Dropping frame 1413393898.0057604
Omega SLAM Dropping frame 1413393898.0557604
Omega SLAM Dropping frame 1413393898.1057606
Dropping frame 1413393898.2057605
Dropping frame 1413393898.4057605
Dropping frame 1413393898.5057604
Dropping frame 1413393898.6057606
Dropping frame 1413393898.7057605
Dropping frame 1413393898.9557605
Dropping frame 1413393899.0557604
Dropping frame 1413393899.4057605
start VIBA 1
Dropping frame 1413393899.5057604
Dropping frame 1413393899.5557604
end VIBA 1
Dropping frame 1413393899.8057606
Dropping frame 1413393900.0557604
Dropping frame 1413393900.4057605
Dropping frame 1413393900.5057604
Dropping frame 1413393900.7557604
Dropping frame 1413393900.8557603
Dropping frame 1413393901.0557604
Dropping frame 1413393901.1557603
Dropping frame 1413393901.4057605
Dropping frame 1413393901.7557604
Dropping frame 1413393901.9557605
Omega SLAM Dropping frame 1413393902.1057606
Omega SLAM Dropping frame 1413393902.1557603
Omega SLAM Dropping frame 1413393902.2057605
Dropping frame 1413393902.3057606
Omega SLAM Dropping frame 1413393902.3557603
Omega SLAM Dropping frame 1413393902.4057605
Omega SLAM Dropping frame 1413393902.4557605
Dropping frame 1413393902.6057606
Omega SLAM Dropping frame 1413393902.6557603
Omega SLAM Dropping frame 1413393902.7057605
Omega SLAM Dropping frame 1413393902.7557604
Dropping frame 1413393903.1057606
Dropping frame 1413393903.3057606
Dropping frame 1413393903.4057605
Dropping frame 1413393903.5057604
Dropping frame 1413393903.7057605
Dropping frame 1413393903.9057605
Dropping frame 1413393904.0057604
Dropping frame 1413393904.1057606
Dropping frame 1413393904.2057605
Dropping frame 1413393904.4057605
Omega SLAM Dropping frame 1413393904.4557605
Omega SLAM Dropping frame 1413393904.5057604
Omega SLAM Dropping frame 1413393904.5557604
Dropping frame 1413393904.6557603
Dropping frame 1413393905.0557604
Dropping frame 1413393905.1557603
Dropping frame 1413393905.2557604
Dropping frame 1413393905.5057604
Dropping frame 1413393905.6057606
Dropping frame 1413393905.7057605
Dropping frame 1413393905.9057605
Dropping frame 1413393906.1057606
Dropping frame 1413393906.2057605
Dropping frame 1413393906.3057606
Dropping frame 1413393906.5557604
Dropping frame 1413393906.9057605
Omega SLAM Dropping frame 1413393907.0557604
Omega SLAM Dropping frame 1413393907.1057606
Omega SLAM Dropping frame 1413393907.1557603
Dropping frame 1413393907.2557604
Dropping frame 1413393907.4057605
Omega SLAM Dropping frame 1413393907.8557603
Omega SLAM Dropping frame 1413393907.9057605
Omega SLAM Dropping frame 1413393907.9557605
Dropping frame 1413393908.0557604
Omega SLAM Dropping frame 1413393908.2557604
Omega SLAM Dropping frame 1413393908.3057606
Omega SLAM Dropping frame 1413393908.3557603
Omega SLAM Dropping frame 1413393908.5057604
Omega SLAM Dropping frame 1413393908.5557604
Omega SLAM Dropping frame 1413393908.6057606
Dropping frame 1413393908.7057605
Omega SLAM Dropping frame 1413393909.3057606
Omega SLAM Dropping frame 1413393909.3557603
Omega SLAM Dropping frame 1413393909.4057605
start VIBA 2
Omega SLAM Dropping frame 1413393909.5557604
Omega SLAM Dropping frame 1413393909.6057606
Omega SLAM Dropping frame 1413393909.6557603
end VIBA 2
Dropping frame 1413393910.0557604
Omega SLAM Dropping frame 1413393910.2557604
Omega SLAM Dropping frame 1413393910.3057606
Omega SLAM Dropping frame 1413393910.3557603
Dropping frame 1413393910.5057604
Dropping frame 1413393910.6057606
Dropping frame 1413393910.7557604
Dropping frame 1413393910.9557605
Dropping frame 1413393911.0557604
Dropping frame 1413393911.1557603
Dropping frame 1413393911.2557604
Dropping frame 1413393911.3557603
Dropping frame 1413393911.4557605
Dropping frame 1413393911.6557603
Dropping frame 1413393911.8557603
Dropping frame 1413393911.9557605
Dropping frame 1413393912.0557604
Dropping frame 1413393912.3057606
Dropping frame 1413393912.5057604
Dropping frame 1413393912.6057606
Dropping frame 1413393912.8557603
Dropping frame 1413393913.0557604
Dropping frame 1413393913.2557604
Dropping frame 1413393913.4557605
Dropping frame 1413393913.5557604
Dropping frame 1413393913.6557603
Dropping frame 1413393914.0057604
Dropping frame 1413393914.3057606
Dropping frame 1413393914.4057605
Dropping frame 1413393914.6557603
Dropping frame 1413393915.0057604
Dropping frame 1413393915.1057606
Omega SLAM Dropping frame 1413393915.3057606
Omega SLAM Dropping frame 1413393915.3557603
Omega SLAM Dropping frame 1413393915.4057605
Dropping frame 1413393915.6057606
Dropping frame 1413393915.7057605
Dropping frame 1413393915.8057606
Dropping frame 1413393915.9057605
Dropping frame 1413393916.0557604
Omega SLAM Dropping frame 1413393916.1057606
Omega SLAM Dropping frame 1413393916.1557603
Omega SLAM Dropping frame 1413393916.2057605
Dropping frame 1413393916.4057605
Dropping frame 1413393916.5557604
Dropping frame 1413393916.7557604
Dropping frame 1413393916.9557605
Dropping frame 1413393917.1557603
Dropping frame 1413393917.2557604
Dropping frame 1413393917.3557603
Dropping frame 1413393917.5557604
Dropping frame 1413393917.6557603
Dropping frame 1413393917.7557604
Dropping frame 1413393917.9557605
*Loop detected
phi =  -0.011623398451995266 0.00039403453284006236  0.0024414166241073926
BAD LOOP!!!
Dropping frame 1413393918.1557603
*Loop detected
phi = -0.0031830854245493288 0.00083255475371605777   0.015672349324217499
Local Mapping STOP
Local Mapping RELEASE
Local Mapping STOP
Local Mapping RELEASE
Dropping frame 1413393918.9057605
Dropping frame 1413393919.1057606
Dropping frame 1413393919.2057605
Dropping frame 1413393919.3557603
Dropping frame 1413393919.7057605
Dropping frame 1413393919.9057605
Dropping frame 1413393920.1057606
Dropping frame 1413393920.2557604
Omega SLAM Dropping frame 1413393920.3057606
Omega SLAM Dropping frame 1413393920.3557603
Omega SLAM Dropping frame 1413393920.4057605
Dropping frame 1413393920.5057604
Dropping frame 1413393920.7057605
Omega SLAM Dropping frame 1413393920.7557604
Omega SLAM Dropping frame 1413393920.8057606
Omega SLAM Dropping frame 1413393920.8557603
Dropping frame 1413393921.0557604
Dropping frame 1413393921.2557604
Dropping frame 1413393921.3557603
Dropping frame 1413393921.4557605
Omega SLAM Dropping frame 1413393921.5057604
Omega SLAM Dropping frame 1413393921.5557604
Omega SLAM Dropping frame 1413393921.6057606
Dropping frame 1413393921.8057606
Omega SLAM Dropping frame 1413393921.8557603
Omega SLAM Dropping frame 1413393921.9057605
Omega SLAM Dropping frame 1413393921.9557605
Dropping frame 1413393922.0557604
Dropping frame 1413393922.1557603
Dropping frame 1413393922.3557603
Dropping frame 1413393922.5557604
Dropping frame 1413393922.7557604
Dropping frame 1413393922.8557603
Dropping frame 1413393922.9557605
Dropping frame 1413393923.0557604
Dropping frame 1413393923.2557604
Omega SLAM Dropping frame 1413393923.3057606
Omega SLAM Dropping frame 1413393923.3557603
Omega SLAM Dropping frame 1413393923.4057605
Dropping frame 1413393923.5057604
Dropping frame 1413393923.6557603
Dropping frame 1413393923.7557604
Dropping frame 1413393924.0057604
Dropping frame 1413393924.1057606
Dropping frame 1413393924.3557603
Dropping frame 1413393924.5557604
Dropping frame 1413393924.6557603
Dropping frame 1413393924.8557603
Dropping frame 1413393925.0057604
Dropping frame 1413393925.1057606
Dropping frame 1413393925.2057605
Dropping frame 1413393925.3057606
Dropping frame 1413393925.4057605
Dropping frame 1413393925.5057604
Omega SLAM Dropping frame 1413393925.7057605
Omega SLAM Dropping frame 1413393925.7557604
Omega SLAM Dropping frame 1413393925.8057606
Dropping frame 1413393925.9057605
Dropping frame 1413393926.1057606
Dropping frame 1413393926.2057605
Dropping frame 1413393926.3057606
Omega SLAM Dropping frame 1413393926.5057604
Omega SLAM Dropping frame 1413393926.5557604
Omega SLAM Dropping frame 1413393926.6057606
Dropping frame 1413393926.7057605
Dropping frame 1413393926.8057606
Dropping frame 1413393927.0557604
Dropping frame 1413393927.2557604
Dropping frame 1413393927.3557603
Dropping frame 1413393927.4557605
Dropping frame 1413393927.7057605
Dropping frame 1413393927.8057606
Dropping frame 1413393927.9057605
Dropping frame 1413393928.0057604
Dropping frame 1413393928.1057606
Omega SLAM Dropping frame 1413393928.2057605
Omega SLAM Dropping frame 1413393928.2557604
Omega SLAM Dropping frame 1413393928.3057606
Dropping frame 1413393928.5057604
Dropping frame 1413393928.8057606
Omega SLAM Dropping frame 1413393928.8557603
Omega SLAM Dropping frame 1413393928.9057605
Omega SLAM Dropping frame 1413393928.9557605
Dropping frame 1413393929.0557604
Dropping frame 1413393929.1557603
Dropping frame 1413393929.3557603
Dropping frame 1413393929.6057606
Dropping frame 1413393929.7057605
Dropping frame 1413393929.8057606
Dropping frame 1413393930.0557604
Dropping frame 1413393930.1557603
Dropping frame 1413393930.3557603
Dropping frame 1413393930.5557604
Dropping frame 1413393930.6557603
Omega SLAM Dropping frame 1413393930.7057605
Omega SLAM Dropping frame 1413393930.7557604
Omega SLAM Dropping frame 1413393930.8057606
Omega SLAM Dropping frame 1413393930.9557605
Omega SLAM Dropping frame 1413393931.0057604
Omega SLAM Dropping frame 1413393931.0557604
Dropping frame 1413393931.1557603
Dropping frame 1413393931.2557604
Dropping frame 1413393931.3557603
Dropping frame 1413393931.5557604
Omega SLAM Dropping frame 1413393931.7057605
Omega SLAM Dropping frame 1413393931.7557604
Omega SLAM Dropping frame 1413393931.8057606
Dropping frame 1413393931.9057605
Omega SLAM Dropping frame 1413393931.9557605
Omega SLAM Dropping frame 1413393932.0057604
Omega SLAM Dropping frame 1413393932.0557604
Dropping frame 1413393932.2557604
Dropping frame 1413393932.4557605
Omega SLAM Dropping frame 1413393932.6057606
Omega SLAM Dropping frame 1413393932.6557603
Omega SLAM Dropping frame 1413393932.7057605
Dropping frame 1413393932.8057606
Omega SLAM Dropping frame 1413393932.9057605
Omega SLAM Dropping frame 1413393932.9557605
Omega SLAM Dropping frame 1413393933.0057604
Dropping frame 1413393933.1557603
Dropping frame 1413393933.2557604
Dropping frame 1413393933.5557604
Dropping frame 1413393933.8057606
Dropping frame 1413393934.0057604
Dropping frame 1413393934.2057605
Omega SLAM Dropping frame 1413393934.3057606
Omega SLAM Dropping frame 1413393934.3557603
Omega SLAM Dropping frame 1413393934.4057605
Dropping frame 1413393934.5557604
Dropping frame 1413393935.1557603
Dropping frame 1413393935.2557604
Dropping frame 1413393935.5557604
Dropping frame 1413393935.6557603
Dropping frame 1413393935.7557604
Dropping frame 1413393936.0057604
Dropping frame 1413393936.3057606
Dropping frame 1413393936.5557604
Dropping frame 1413393936.9557605
Dropping frame 1413393937.2057605
Dropping frame 1413393937.4057605
Dropping frame 1413393937.8057606
Omega SLAM Dropping frame 1413393937.9557605
Omega SLAM Dropping frame 1413393938.0057604
Omega SLAM Dropping frame 1413393938.0557604
Dropping frame 1413393938.2057605
Dropping frame 1413393938.5057604
Dropping frame 1413393938.6057606
Dropping frame 1413393939.1557603
Dropping frame 1413393939.2557604
Dropping frame 1413393939.3557603
Dropping frame 1413393939.6057606
Dropping frame 1413393939.7057605
Dropping frame 1413393940.1057606
Dropping frame 1413393940.3057606
Dropping frame 1413393940.5057604
Dropping frame 1413393940.9057605
Dropping frame 1413393941.0057604
Dropping frame 1413393941.1057606
Dropping frame 1413393941.3057606
Dropping frame 1413393941.4057605
Dropping frame 1413393941.6057606
Dropping frame 1413393941.7057605
Omega SLAM Dropping frame 1413393941.9057605
Omega SLAM Dropping frame 1413393941.9557605
Omega SLAM Dropping frame 1413393942.0057604
Dropping frame 1413393942.1057606
Dropping frame 1413393942.2057605
Omega SLAM Dropping frame 1413393942.4057605
Omega SLAM Dropping frame 1413393942.4557605
Omega SLAM Dropping frame 1413393942.5057604
Dropping frame 1413393942.6557603
Dropping frame 1413393942.9057605
Omega SLAM Dropping frame 1413393943.0557604
Omega SLAM Dropping frame 1413393943.1057606
Omega SLAM Dropping frame 1413393943.1557603
Dropping frame 1413393943.2557604
Dropping frame 1413393943.4557605
Dropping frame 1413393943.7557604
Dropping frame 1413393943.9557605
Dropping frame 1413393944.1557603
Dropping frame 1413393944.2557604
Dropping frame 1413393944.5057604
Dropping frame 1413393944.6057606
Dropping frame 1413393944.7057605
Dropping frame 1413393944.9057605
Omega SLAM Dropping frame 1413393945.0557604
Omega SLAM Dropping frame 1413393945.1057606
Omega SLAM Dropping frame 1413393945.1557603
Dropping frame 1413393945.4057605
Dropping frame 1413393945.9557605
Dropping frame 1413393946.7057605
Dropping frame 1413393947.0557604
Dropping frame 1413393947.3557603
Dropping frame 1413393947.5057604
Dropping frame 1413393947.7557604
Dropping frame 1413393948.1057606
Dropping frame 1413393948.7057605
Dropping frame 1413393948.8057606
Dropping frame 1413393948.9057605
Dropping frame 1413393949.1057606
Dropping frame 1413393949.2057605
Dropping frame 1413393949.4557605
Dropping frame 1413393949.6557603
Dropping frame 1413393950.0057604
Dropping frame 1413393950.1057606
Dropping frame 1413393950.2057605
Omega SLAM Dropping frame 1413393950.4557605
Omega SLAM Dropping frame 1413393950.5057604
Omega SLAM Dropping frame 1413393950.5557604
Dropping frame 1413393950.7057605
Dropping frame 1413393950.9057605
Dropping frame 1413393951.1057606
Dropping frame 1413393951.2057605
Omega SLAM Dropping frame 1413393951.2557604
Omega SLAM Dropping frame 1413393951.3057606
Omega SLAM Dropping frame 1413393951.3557603
Dropping frame 1413393951.4557605
Dropping frame 1413393951.6557603
Omega SLAM Dropping frame 1413393951.7057605
Omega SLAM Dropping frame 1413393951.7557604
Omega SLAM Dropping frame 1413393951.8057606
Dropping frame 1413393951.9057605
Dropping frame 1413393952.0057604
Omega SLAM Dropping frame 1413393952.1557603
Omega SLAM Dropping frame 1413393952.2057605
Omega SLAM Dropping frame 1413393952.2557604
Dropping frame 1413393952.3557603
Dropping frame 1413393952.4557605
Dropping frame 1413393952.5557604
Dropping frame 1413393952.7557604
Dropping frame 1413393952.9557605
Dropping frame 1413393953.1557603
Omega SLAM Dropping frame 1413393953.3057606
Omega SLAM Dropping frame 1413393953.3557603
Omega SLAM Dropping frame 1413393953.4057605
Dropping frame 1413393953.5057604
Dropping frame 1413393953.6057606
Dropping frame 1413393953.7057605
Omega SLAM Dropping frame 1413393953.8557603
Omega SLAM Dropping frame 1413393953.9057605
Omega SLAM Dropping frame 1413393953.9557605
Dropping frame 1413393954.2057605
Dropping frame 1413393954.4057605
Dropping frame 1413393954.5057604
Dropping frame 1413393954.7057605
Dropping frame 1413393954.9057605
Dropping frame 1413393955.0057604
Dropping frame 1413393955.1557603
Dropping frame 1413393955.3557603
Dropping frame 1413393955.5557604
Dropping frame 1413393955.6557603
Dropping frame 1413393955.9557605
Dropping frame 1413393956.0557604
Dropping frame 1413393956.4557605
Dropping frame 1413393956.5557604
Dropping frame 1413393957.3057606
Dropping frame 1413393957.6557603
Dropping frame 1413393957.8557603
Dropping frame 1413393957.9557605
Dropping frame 1413393958.2557604
Dropping frame 1413393958.4557605
Dropping frame 1413393958.5557604
Dropping frame 1413393958.6557603
Omega SLAM Dropping frame 1413393958.8057606
Omega SLAM Dropping frame 1413393958.8557603
Omega SLAM Dropping frame 1413393958.9057605
Dropping frame 1413393959.0057604
Dropping frame 1413393959.2057605
Dropping frame 1413393959.4057605
Dropping frame 1413393959.5057604
Dropping frame 1413393959.6057606
Dropping frame 1413393959.8557603
Omega SLAM Dropping frame 1413393959.9057605
Omega SLAM Dropping frame 1413393959.9557605
Omega SLAM Dropping frame 1413393960.0057604
Dropping frame 1413393960.2057605
Dropping frame 1413393960.4057605
Omega SLAM Dropping frame 1413393960.4557605
Omega SLAM Dropping frame 1413393960.5057604
Omega SLAM Dropping frame 1413393960.5557604
Dropping frame 1413393960.6557603
Dropping frame 1413393960.7557604
Dropping frame 1413393961.1057606
Dropping frame 1413393961.3057606
Dropping frame 1413393961.5057604
Dropping frame 1413393961.7057605
Dropping frame 1413393961.8057606
Dropping frame 1413393961.9557605
Dropping frame 1413393962.1557603
Omega SLAM Dropping frame 1413393962.3057606
Omega SLAM Dropping frame 1413393962.3557603
Omega SLAM Dropping frame 1413393962.4057605
Dropping frame 1413393962.5057604
Dropping frame 1413393962.7057605
Dropping frame 1413393962.9057605
Dropping frame 1413393963.1057606
Dropping frame 1413393963.3557603
Dropping frame 1413393965.3057606
Dropping frame 1413393965.4057605
Dropping frame 1413393965.5557604
Dropping frame 1413393965.9057605
Dropping frame 1413393966.0057604
Omega SLAM Dropping frame 1413393966.1557603
Omega SLAM Dropping frame 1413393966.2057605
Omega SLAM Dropping frame 1413393966.2557604
Dropping frame 1413393966.4057605
Dropping frame 1413393966.5057604
Dropping frame 1413393966.7557604
Omega SLAM Dropping frame 1413393966.9057605
Omega SLAM Dropping frame 1413393966.9557605
Omega SLAM Dropping frame 1413393967.0057604
Dropping frame 1413393967.2557604
Dropping frame 1413393967.3557603
Dropping frame 1413393967.6057606
Dropping frame 1413393968.1057606
Dropping frame 1413393968.2057605
Dropping frame 1413393968.3057606
Dropping frame 1413393968.5057604
Dropping frame 1413393968.6057606
Omega SLAM Dropping frame 1413393968.7557604
Omega SLAM Dropping frame 1413393968.8057606
Omega SLAM Dropping frame 1413393968.8557603
Dropping frame 1413393969.0057604
Dropping frame 1413393969.3557603
Dropping frame 1413393969.4557605
Dropping frame 1413393969.5557604
Dropping frame 1413393969.7557604
Dropping frame 1413393969.8557603
Dropping frame 1413393970.1057606
Dropping frame 1413393970.2057605
Omega SLAM Dropping frame 1413393970.3557603
Omega SLAM Dropping frame 1413393970.4057605
Omega SLAM Dropping frame 1413393970.4557605
Dropping frame 1413393970.6057606
Dropping frame 1413393970.8057606
Dropping frame 1413393971.0557604
Omega SLAM Dropping frame 1413393971.1057606
Omega SLAM Dropping frame 1413393971.1557603
Omega SLAM Dropping frame 1413393971.2057605
Dropping frame 1413393971.3057606
Dropping frame 1413393971.5057604
Dropping frame 1413393971.7057605
Dropping frame 1413393971.8057606
Dropping frame 1413393971.9057605
Dropping frame 1413393972.0057604
Dropping frame 1413393972.1057606
Dropping frame 1413393972.3057606
Dropping frame 1413393972.4057605
Dropping frame 1413393972.5557604
Omega SLAM Dropping frame 1413393972.7057605
Omega SLAM Dropping frame 1413393972.7557604
Omega SLAM Dropping frame 1413393972.8057606
Dropping frame 1413393972.9057605
Dropping frame 1413393973.0057604
Dropping frame 1413393973.1057606
Dropping frame 1413393973.3057606
Dropping frame 1413393973.4057605
Dropping frame 1413393973.5057604
Dropping frame 1413393973.9057605
Dropping frame 1413393974.0057604
Dropping frame 1413393974.2057605
Dropping frame 1413393974.3057606
Dropping frame 1413393974.4057605
Dropping frame 1413393974.5057604
Dropping frame 1413393974.6057606
Dropping frame 1413393974.7057605
Dropping frame 1413393974.8057606
Dropping frame 1413393974.9057605
Dropping frame 1413393975.1057606
Dropping frame 1413393975.3057606
Omega SLAM Dropping frame 1413393975.4057605
Omega SLAM Dropping frame 1413393975.4557605
Omega SLAM Dropping frame 1413393975.5057604
Dropping frame 1413393975.6557603
Omega SLAM Dropping frame 1413393975.7057605
Omega SLAM Dropping frame 1413393975.7557604
Omega SLAM Dropping frame 1413393975.8057606
Dropping frame 1413393975.9057605
Dropping frame 1413393976.0057604
Dropping frame 1413393976.1557603
Dropping frame 1413393976.3557603
Dropping frame 1413393976.5557604
Dropping frame 1413393976.7557604
Dropping frame 1413393976.8557603
Dropping frame 1413393976.9557605
Dropping frame 1413393977.2057605
Dropping frame 1413393977.3057606
Dropping frame 1413393977.4057605
Omega SLAM Dropping frame 1413393977.5557604
Omega SLAM Dropping frame 1413393977.6057606
Omega SLAM Dropping frame 1413393977.6557603
Omega SLAM Dropping frame 1413393977.8057606
Omega SLAM Dropping frame 1413393977.8557603
Omega SLAM Dropping frame 1413393977.9057605
Dropping frame 1413393978.0057604
Dropping frame 1413393978.1057606
Dropping frame 1413393978.2057605
Dropping frame 1413393978.5557604
Dropping frame 1413393978.7557604
Dropping frame 1413393979.3057606
Dropping frame 1413393979.4057605
Dropping frame 1413393979.6557603
Dropping frame 1413393979.7557604
Dropping frame 1413393979.8557603
Dropping frame 1413393979.9557605
Dropping frame 1413393980.1057606
Dropping frame 1413393980.2057605
Dropping frame 1413393980.4057605
Dropping frame 1413393980.5057604
Dropping frame 1413393980.7557604
Dropping frame 1413393980.8557603
Omega SLAM Dropping frame 1413393980.9057605
Omega SLAM Dropping frame 1413393980.9557605
Omega SLAM Dropping frame 1413393981.0057604
Dropping frame 1413393981.2057605
Dropping frame 1413393981.3057606
Dropping frame 1413393981.4057605
Dropping frame 1413393981.5057604
Dropping frame 1413393981.7557604
Omega SLAM Dropping frame 1413393981.8057606
Omega SLAM Dropping frame 1413393981.8557603
Omega SLAM Dropping frame 1413393981.9057605
Dropping frame 1413393982.1057606
Dropping frame 1413393982.2057605
Dropping frame 1413393982.4057605
Dropping frame 1413393982.5057604
Dropping frame 1413393982.6557603
Dropping frame 1413393983.1057606
Dropping frame 1413393983.3057606
Dropping frame 1413393983.4057605
Dropping frame 1413393983.7057605
Dropping frame 1413393983.9057605
Dropping frame 1413393984.0057604
Dropping frame 1413393984.3057606
Dropping frame 1413393984.5057604
Dropping frame 1413393984.8057606
Dropping frame 1413393984.9057605
Dropping frame 1413393985.0057604
Dropping frame 1413393985.2057605
Dropping frame 1413393985.3057606
Dropping frame 1413393985.7557604
Dropping frame 1413393985.9557605
Dropping frame 1413393986.1557603
Dropping frame 1413393986.2557604
Dropping frame 1413393986.3557603
Dropping frame 1413393986.5557604
Dropping frame 1413393986.7557604
Dropping frame 1413393986.8557603
Dropping frame 1413393986.9557605
Dropping frame 1413393987.1557603
Omega SLAM Dropping frame 1413393987.3057606
Omega SLAM Dropping frame 1413393987.3557603
Omega SLAM Dropping frame 1413393987.4057605
Dropping frame 1413393987.5057604
Dropping frame 1413393987.6057606
Omega SLAM Dropping frame 1413393987.6557603
Omega SLAM Dropping frame 1413393987.7057605
Omega SLAM Dropping frame 1413393987.7557604
Dropping frame 1413393987.8557603
Omega SLAM Dropping frame 1413393988.0057604
Omega SLAM Dropping frame 1413393988.0557604
Omega SLAM Dropping frame 1413393988.1057606
Dropping frame 1413393988.2557604
Dropping frame 1413393988.4557605
Dropping frame 1413393988.6557603
Dropping frame 1413393988.8057606
Dropping frame 1413393989.0557604
Dropping frame 1413393989.1557603
Dropping frame 1413393989.3557603
Dropping frame 1413393989.7057605
Dropping frame 1413393989.8057606
Dropping frame 1413393990.0557604
Dropping frame 1413393990.2557604
Dropping frame 1413393990.3557603
Dropping frame 1413393990.4557605
Dropping frame 1413393991.2557604
Dropping frame 1413393991.3557603
Dropping frame 1413393991.4557605
Dropping frame 1413393991.6557603
Dropping frame 1413393991.8557603
Dropping frame 1413393991.9557605
Dropping frame 1413393992.2557604
Dropping frame 1413393992.4557605
Dropping frame 1413393992.6557603
Dropping frame 1413393992.7557604
Dropping frame 1413393993.0557604
Dropping frame 1413393993.3057606
Dropping frame 1413393993.4057605
Dropping frame 1413393993.7557604
Dropping frame 1413393994.0057604
Dropping frame 1413393994.2557604
Dropping frame 1413393994.4557605
Dropping frame 1413393994.6057606
Dropping frame 1413393994.8557603
Dropping frame 1413393994.9557605
Dropping frame 1413393995.1557603
Dropping frame 1413393995.2557604
Dropping frame 1413393995.5557604
Dropping frame 1413393995.6557603
Dropping frame 1413393995.7557604
Dropping frame 1413393996.1057606
Dropping frame 1413393996.3557603
Dropping frame 1413393996.5557604
Dropping frame 1413393996.6557603
Omega SLAM Dropping frame 1413393996.8057606
Omega SLAM Dropping frame 1413393996.8557603
Omega SLAM Dropping frame 1413393996.9057605
Dropping frame 1413393997.0057604
Dropping frame 1413393997.1557603
Dropping frame 1413393997.4057605
Dropping frame 1413393997.5057604
Dropping frame 1413393997.6057606
Omega SLAM Dropping frame 1413393997.6557603
Omega SLAM Dropping frame 1413393997.7057605
Omega SLAM Dropping frame 1413393997.7557604
Dropping frame 1413393997.8557603
Omega SLAM Dropping frame 1413393997.9057605
Omega SLAM Dropping frame 1413393997.9557605
Omega SLAM Dropping frame 1413393998.0057604
Dropping frame 1413393998.1557603
Omega SLAM Dropping frame 1413393998.2057605
Omega SLAM Dropping frame 1413393998.2557604
Omega SLAM Dropping frame 1413393998.3057606
Omega SLAM Dropping frame 1413393998.4557605
Omega SLAM Dropping frame 1413393998.5057604
Omega SLAM Dropping frame 1413393998.5557604
Dropping frame 1413393998.6557603
Dropping frame 1413393998.8057606
Dropping frame 1413393998.9057605
Dropping frame 1413393999.0057604
Dropping frame 1413393999.1557603
Dropping frame 1413393999.3057606
Dropping frame 1413393999.4057605
Dropping frame 1413393999.5057604
Dropping frame 1413393999.7057605
Omega SLAM Dropping frame 1413393999.7557604
Omega SLAM Dropping frame 1413393999.8057606
Omega SLAM Dropping frame 1413393999.8557603
Omega SLAM Dropping frame 1413394000.0057604
Omega SLAM Dropping frame 1413394000.0557604
Omega SLAM Dropping frame 1413394000.1057606
Dropping frame 1413394000.2057605
Dropping frame 1413394000.4057605
Dropping frame 1413394000.5057604
Dropping frame 1413394000.6057606
Omega SLAM Dropping frame 1413394000.6557603
Omega SLAM Dropping frame 1413394000.7057605
Omega SLAM Dropping frame 1413394000.7557604
Omega SLAM Dropping frame 1413394000.8557603
Omega SLAM Dropping frame 1413394000.9057605
Omega SLAM Dropping frame 1413394000.9557605
Omega SLAM Dropping frame 1413394001.0557604
Omega SLAM Dropping frame 1413394001.1057606
Omega SLAM Dropping frame 1413394001.1557603
Dropping frame 1413394001.2557604
Omega SLAM Dropping frame 1413394001.3057606
Omega SLAM Dropping frame 1413394001.3557603
Omega SLAM Dropping frame 1413394001.4057605
Omega SLAM Dropping frame 1413394001.5057604
Omega SLAM Dropping frame 1413394001.5557604
Omega SLAM Dropping frame 1413394001.6057606
Omega SLAM Dropping frame 1413394001.7057605
Omega SLAM Dropping frame 1413394001.7557604
Omega SLAM Dropping frame 1413394001.8057606
Dropping frame 1413394001.9057605
Omega SLAM Dropping frame 1413394001.9557605
Omega SLAM Dropping frame 1413394002.0057604
Omega SLAM Dropping frame 1413394002.0557604
Dropping frame 1413394002.1557603
Omega SLAM Dropping frame 1413394002.2057605
Omega SLAM Dropping frame 1413394002.2557604
Omega SLAM Dropping frame 1413394002.3057606
Dropping frame 1413394002.4057605
Omega SLAM Dropping frame 1413394002.4557605
Omega SLAM Dropping frame 1413394002.5057604
Omega SLAM Dropping frame 1413394002.5557604
Dropping frame 1413394002.6557603
Omega SLAM Dropping frame 1413394002.7057605
Omega SLAM Dropping frame 1413394002.7557604
Omega SLAM Dropping frame 1413394002.8057606
Omega SLAM Dropping frame 1413394002.9057605
Omega SLAM Dropping frame 1413394002.9557605
Omega SLAM Dropping frame 1413394003.0057604
Omega SLAM Dropping frame 1413394003.1057606
Omega SLAM Dropping frame 1413394003.1557603
Omega SLAM Dropping frame 1413394003.2057605
Dropping frame 1413394003.3057606
Omega SLAM Dropping frame 1413394003.3557603
Shutdown
SLAM Finished at System Time: 1748935582.68973

 TIME STATS in ms (mean$\pm$std)
OpenCV version: 4.8.1
---------------------------
Tracking

ORB Extraction: 19.036$\pm$2.0977
Stereo Matching: 8.7101$\pm$2.6984
IMU Preintegration: 0.24599$\pm$0.11339
Pose Prediction: 0.58702$\pm$2.0942
LM Track: 20.147$\pm$4.7564
New KF decision: 0.49721$\pm$0.51686
Total Tracking: 29.001$\pm$26.987



Local Mapping

KF Insertion: 13.787$\pm$3.9535
MP Culling: 0.76803$\pm$0.25808
MP Creation: 43.709$\pm$15.288
LBA: 146.57$\pm$40.01
KF Culling: 17.315$\pm$10.483
Total Local Mapping: 220.82$\pm$63.086
---------------------------

LBA complexity (mean$\pm$std)
LBA Edges: 3167.4$\pm$762.27
LBA KF optimized: 5.95$\pm$2.0851
LBA KF fixed: 1$\pm$0
LBA MP: nan$\pm$nan

LBA executions: 407
LBA aborts: 1
---------------------------

Map complexity
KFs in map: 121
MPs in map: 9009
---------------------------

Place Recognition (mean$\pm$std)
Database Query: 1.6457$\pm$0.79337
SE3 estimation: 13.337$\pm$13.37
Total Place Recognition: 12.518$\pm$13.739


Loop Closing (mean$\pm$std)
Loop Fusion: 26.981$\pm$0
Essential Graph: 43.911$\pm$0
Total Loop Closing: 73.211$\pm$0

Num exec: 1
Number of KFs: nan$\pm$nan

Map Merging (mean$\pm$std)
Merge Maps: nan$\pm$nan
Welding BA: nan$\pm$nan
Optimization Ess.: nan$\pm$nan
Total Map Merging: nan$\pm$nan

Num exec: 0
Number of KFs: nan$\pm$nan
Number of MPs: nan$\pm$nan

Full GBA (mean$\pm$std)
GBA: 422.62$\pm$0
Map Update: 57.718$\pm$0
Total Full GBA: 480.33$\pm$0

Num exec: 1
Num abort: 0
Number of KFs: 52$\pm$0
Number of MPs: 5547$\pm$0

Saving trajectory to f_dataset-V202_stereo_imu.txt ...
There are 1 maps in the atlas
  Map 0 has 121 KFs

End of saving trajectory to f_dataset-V202_stereo_imu.txt ...

Saving keyframe trajectory to kf_dataset-V202_stereo_imu.txt ...
