num_seq = 1
file name: dataset-V101_stereo_imu
Loading images for sequence 0...LOADED!
Loading IMU for sequence 0...LOADED!

-------

ORB-SLAM3 Copyright (C) 2017-2020 Carlos Campos, Richard Elvira, Juan J. Gómez, José M.M. Montiel and Juan D. Tardós, University of Zaragoza.
ORB-SLAM2 Copyright (C) 2014-2016 Raúl Mur-Artal, José M.M. Montiel and Juan D. Tardós, University of Zaragoza.
This program comes with ABSOLUTELY NO WARRANTY;
This is free software, and you are welcome to redistribute it
under certain conditions. See LICENSE.txt.

Built with REGISTER_TIMES
Git Commit Hash: 33f00b6

Build Type: Release

Compiled with C++ version: 201703

Input sensor was set to: Stereo-Inertial
Loading settings from EuRoC_fov_deadlines_mask_12x12.yaml
	-Loaded camera 1
	-Loaded camera 2
	-Loaded image info
	-Loaded IMU calibration
	-Loaded ORB settings
	-Loaded viewer settings
	-Loaded Atlas settings
Deadlines enabled, will skip frames!
FOV enabled
Static mask size: 12x12
Dumping map points enabled
	-Loaded misc parameters
	-Computed rectification maps
----------------------------------
SLAM settings: 
	-Camera 1 parameters (Pinhole): [ 458.65399169921875 457.29598999023438 367.21499633789062 248.375 ]
	-Camera 1 distortion parameters: [  -0.28340810537338257 0.073959067463874817 0.00019359000725671649 1.7618711353861727e-05 ]
	-Camera 2 parameters (Pinhole: [ 457.58700561523438 456.13400268554688 379.99899291992188 255.23800659179688 ]
	-Camera 1 distortion parameters: [  -0.2836836576461792 0.074512839317321777 -0.00010473000293131918 -3.555907096597366e-05 ]
	-Original image size: [ 752 , 480 ]
	-Current image size: [ 752 , 480 ]
	-Camera 1 parameters after rectification: [  456.71499633789062 456.71499633789062 364.52615356445312 257.268798828125 ]
	-Sequence FPS: 20
	-Stereo baseline: 0.11007784307003021
	-Stereo depth threshold : 60
	-Gyro noise: 0.00016999999934341758
	-Accelerometer noise: 0.0020000000949949026
	-Gyro walk: 1.9392999092815444e-05
	-Accelerometer walk: 0.0030000000260770321
	-IMU frequency: 200
	-Features per image: 1200
	-ORB scale factor: 1.2000000476837158
	-ORB number of scales: 8
	-Initial FAST threshold: 20
	-Min FAST threshold: 7


Loading ORB Vocabulary. This could take a while...
Vocabulary loaded!

Initialization of Atlas from scratch 
Creation of new map with id: 0
Creation of new map with last KF id: 0
Seq. Name: 
There are 1 cameras in the atlas
Camera 0 is pinhole
SLAM Started at System Time: 1746882358.93696
not IMU meas
not IMU meas
not enough acceleration
not enough acceleration
not enough acceleration
not enough acceleration
not enough acceleration
not enough acceleration
not enough acceleration
not enough acceleration
not enough acceleration
not enough acceleration
not enough acceleration
not enough acceleration
not enough acceleration
not enough acceleration
not enough acceleration
not enough acceleration
not enough acceleration
not enough acceleration
not enough acceleration
not enough acceleration
not enough acceleration
not enough acceleration
not enough acceleration
not enough acceleration
not enough acceleration
not enough acceleration
not enough acceleration
not enough acceleration
not enough acceleration
not enough acceleration
not enough acceleration
not enough acceleration
not enough acceleration
not enough acceleration
not enough acceleration
not enough acceleration
not enough acceleration
not enough acceleration
not enough acceleration
not enough acceleration
not enough acceleration
not enough acceleration
not enough acceleration
not enough acceleration
not enough acceleration
not enough acceleration
not enough acceleration
not enough acceleration
not enough acceleration
not enough acceleration
not enough acceleration
not enough acceleration
not enough acceleration
not enough acceleration
not enough acceleration
not enough acceleration
not enough acceleration
not enough acceleration
not enough acceleration
not enough acceleration
not enough acceleration
not enough acceleration
not enough acceleration
not enough acceleration
not enough acceleration
not enough acceleration
not enough acceleration
not enough acceleration
not enough acceleration
not enough acceleration
not enough acceleration
not enough acceleration
not enough acceleration
not enough acceleration
not enough acceleration
not enough acceleration
not enough acceleration
not enough acceleration
not enough acceleration
not enough acceleration
not enough acceleration
not enough acceleration
not enough acceleration
not enough acceleration
not enough acceleration
not enough acceleration
not enough acceleration
not enough acceleration
not enough acceleration
not enough acceleration
not enough acceleration
not enough acceleration
not enough acceleration
not enough acceleration
not enough acceleration
not enough acceleration
not enough acceleration
not enough acceleration
not enough acceleration
not enough acceleration
not enough acceleration
First KF:0; Map init KF:0
New Map created with 536 points
Active map: 0
Dropping frame 1403715278.4621429
Dropping frame 1403715278.662143
Dropping frame 1403715278.9621429
Dropping frame 1403715279.0621431
Dropping frame 1403715279.162143
Dropping frame 1403715279.3121431
Dropping frame 1403715279.5121431
Dropping frame 1403715279.7121432
Dropping frame 1403715279.912143
Dropping frame 1403715280.0121431
Dropping frame 1403715280.2121432
Dropping frame 1403715280.3121431
Dropping frame 1403715280.412143
Dropping frame 1403715280.612143
Dropping frame 1403715280.7121432
Dropping frame 1403715280.8121431
Dropping frame 1403715281.0121431
Dropping frame 1403715281.112143
Dropping frame 1403715281.2121432
Dropping frame 1403715281.412143
Dropping frame 1403715281.612143
Dropping frame 1403715281.7121432
Dropping frame 1403715281.8121431
Dropping frame 1403715282.0121431
Dropping frame 1403715282.2121432
Dropping frame 1403715282.412143
Dropping frame 1403715282.5121431
Dropping frame 1403715282.612143
Dropping frame 1403715282.8121431
Dropping frame 1403715283.0121431
Dropping frame 1403715283.2121432
Dropping frame 1403715283.3121431
Dropping frame 1403715283.412143
start VIBA 1
end VIBA 1
Dropping frame 1403715283.9621429
Dropping frame 1403715284.0621431
Dropping frame 1403715284.2621429
Dropping frame 1403715284.362143
Dropping frame 1403715284.4621429
Dropping frame 1403715284.662143
Dropping frame 1403715285.0121431
Dropping frame 1403715285.112143
Dropping frame 1403715285.2121432
Dropping frame 1403715285.412143
Dropping frame 1403715285.5121431
Dropping frame 1403715285.612143
Dropping frame 1403715285.8121431
Dropping frame 1403715285.912143
Dropping frame 1403715286.0121431
Dropping frame 1403715286.2121432
Dropping frame 1403715286.412143
Dropping frame 1403715286.612143
Dropping frame 1403715286.7121432
Dropping frame 1403715286.8121431
Dropping frame 1403715287.0121431
Dropping frame 1403715287.112143
Dropping frame 1403715287.2121432
Dropping frame 1403715287.412143
Dropping frame 1403715287.5121431
Dropping frame 1403715287.612143
Dropping frame 1403715287.8121431
Dropping frame 1403715288.0121431
Dropping frame 1403715288.2121432
Dropping frame 1403715288.3121431
Dropping frame 1403715288.412143
Dropping frame 1403715288.5121431
Dropping frame 1403715288.612143
Dropping frame 1403715288.7121432
Dropping frame 1403715288.8121431
Dropping frame 1403715288.9621429
Dropping frame 1403715289.0621431
Dropping frame 1403715289.2621429
Dropping frame 1403715289.4621429
Dropping frame 1403715289.5621431
Dropping frame 1403715289.662143
Dropping frame 1403715289.862143
Dropping frame 1403715290.0621431
Dropping frame 1403715290.2621429
Dropping frame 1403715290.362143
Dropping frame 1403715290.4621429
Dropping frame 1403715290.662143
Dropping frame 1403715290.7621429
Dropping frame 1403715290.862143
Dropping frame 1403715290.9621429
Dropping frame 1403715291.0621431
Dropping frame 1403715291.162143
Dropping frame 1403715291.362143
Dropping frame 1403715291.5621431
Dropping frame 1403715291.7621429
Dropping frame 1403715291.862143
Dropping frame 1403715291.9621429
Dropping frame 1403715292.162143
Dropping frame 1403715292.362143
Dropping frame 1403715292.5621431
Dropping frame 1403715292.662143
Dropping frame 1403715292.7621429
Dropping frame 1403715292.9621429
Dropping frame 1403715293.162143
Dropping frame 1403715293.362143
Dropping frame 1403715293.4621429
Dropping frame 1403715293.5621431
Dropping frame 1403715293.7621429
Dropping frame 1403715293.862143
start VIBA 2
Dropping frame 1403715293.9621429
Dropping frame 1403715294.162143
end VIBA 2
Dropping frame 1403715294.2621429
Dropping frame 1403715294.362143
Dropping frame 1403715294.5621431
Dropping frame 1403715294.7621429
Dropping frame 1403715294.9621429
Dropping frame 1403715295.0621431
Dropping frame 1403715295.162143
Dropping frame 1403715295.362143
Dropping frame 1403715295.5621431
Dropping frame 1403715295.7621429
Dropping frame 1403715295.862143
Dropping frame 1403715295.9621429
Dropping frame 1403715296.162143
Dropping frame 1403715296.362143
Dropping frame 1403715296.5621431
Dropping frame 1403715296.662143
Dropping frame 1403715296.7621429
Dropping frame 1403715296.9621429
Dropping frame 1403715297.0621431
Dropping frame 1403715297.162143
Dropping frame 1403715297.412143
Dropping frame 1403715297.5121431
Dropping frame 1403715297.7121432
Dropping frame 1403715297.912143
Dropping frame 1403715298.112143
Dropping frame 1403715298.3121431
Dropping frame 1403715298.5121431
Dropping frame 1403715298.7121432
Dropping frame 1403715298.912143
Dropping frame 1403715299.0121431
Dropping frame 1403715299.2121432
Dropping frame 1403715299.412143
Dropping frame 1403715299.5121431
Dropping frame 1403715299.612143
Dropping frame 1403715299.8121431
Dropping frame 1403715299.912143
Dropping frame 1403715300.162143
Dropping frame 1403715300.362143
Dropping frame 1403715300.5621431
Dropping frame 1403715300.662143
Dropping frame 1403715300.7621429
Dropping frame 1403715300.9621429
Dropping frame 1403715301.0621431
Dropping frame 1403715301.162143
Dropping frame 1403715301.362143
Dropping frame 1403715301.4621429
Dropping frame 1403715301.7121432
Dropping frame 1403715301.912143
Dropping frame 1403715302.112143
Dropping frame 1403715302.2121432
Dropping frame 1403715302.3121431
Dropping frame 1403715302.5121431
Dropping frame 1403715302.7121432
Dropping frame 1403715302.912143
Dropping frame 1403715303.112143
Dropping frame 1403715303.3121431
Dropping frame 1403715303.5121431
Dropping frame 1403715303.612143
Dropping frame 1403715303.7121432
Dropping frame 1403715303.912143
Dropping frame 1403715304.0121431
Dropping frame 1403715304.112143
Dropping frame 1403715304.3121431
Dropping frame 1403715304.412143
Dropping frame 1403715304.5121431
Dropping frame 1403715304.862143
Dropping frame 1403715305.0621431
Dropping frame 1403715305.162143
Dropping frame 1403715305.2621429
Dropping frame 1403715305.4621429
Dropping frame 1403715305.612143
Dropping frame 1403715305.8121431
Dropping frame 1403715305.912143
Dropping frame 1403715306.0121431
Dropping frame 1403715306.2121432
Dropping frame 1403715306.412143
Dropping frame 1403715306.612143
Dropping frame 1403715306.7121432
Dropping frame 1403715306.9621429
Dropping frame 1403715307.0621431
Dropping frame 1403715307.162143
Dropping frame 1403715307.362143
Dropping frame 1403715307.5121431
Dropping frame 1403715307.7121432
Dropping frame 1403715307.912143
Dropping frame 1403715308.112143
Dropping frame 1403715308.2121432
Dropping frame 1403715309.162143
Dropping frame 1403715309.362143
Dropping frame 1403715309.4621429
Dropping frame 1403715309.7121432
Dropping frame 1403715309.8121431
Dropping frame 1403715310.0621431
Dropping frame 1403715310.162143
Dropping frame 1403715310.2621429
Dropping frame 1403715310.4621429
Dropping frame 1403715310.662143
Dropping frame 1403715310.862143
Dropping frame 1403715310.9621429
Dropping frame 1403715311.2121432
Dropping frame 1403715311.3121431
Dropping frame 1403715311.5621431
Dropping frame 1403715311.662143
Dropping frame 1403715311.912143
Dropping frame 1403715312.112143
Dropping frame 1403715312.3121431
Dropping frame 1403715312.412143
Dropping frame 1403715312.7121432
Dropping frame 1403715312.8121431
Dropping frame 1403715313.0121431
Dropping frame 1403715313.112143
Dropping frame 1403715313.362143
Dropping frame 1403715313.5621431
Dropping frame 1403715313.7621429
Dropping frame 1403715313.862143
Dropping frame 1403715313.9621429
Dropping frame 1403715314.162143
Dropping frame 1403715314.362143
Dropping frame 1403715314.5621431
Dropping frame 1403715314.662143
Dropping frame 1403715314.9621429
Dropping frame 1403715315.162143
Dropping frame 1403715315.2621429
Dropping frame 1403715315.362143
Dropping frame 1403715315.5621431
Dropping frame 1403715315.662143
Dropping frame 1403715315.7621429
Dropping frame 1403715315.9621429
Dropping frame 1403715316.0621431
Dropping frame 1403715316.3121431
Dropping frame 1403715316.412143
Dropping frame 1403715316.662143
Dropping frame 1403715316.7621429
Dropping frame 1403715316.862143
Dropping frame 1403715317.0621431
Dropping frame 1403715317.162143
Dropping frame 1403715317.2621429
Dropping frame 1403715317.4621429
Dropping frame 1403715317.5621431
Dropping frame 1403715317.662143
Dropping frame 1403715317.862143
Dropping frame 1403715318.0621431
Dropping frame 1403715318.162143
Dropping frame 1403715318.412143
Dropping frame 1403715318.5121431
Dropping frame 1403715318.612143
Dropping frame 1403715318.8121431
Dropping frame 1403715319.0121431
Dropping frame 1403715319.2121432
Dropping frame 1403715319.3121431
Dropping frame 1403715319.412143
Dropping frame 1403715319.612143
Dropping frame 1403715319.8121431
Dropping frame 1403715319.912143
Dropping frame 1403715320.0621431
Dropping frame 1403715320.2621429
Dropping frame 1403715320.362143
Dropping frame 1403715320.662143
Dropping frame 1403715320.7621429
Dropping frame 1403715320.9621429
Dropping frame 1403715321.162143
Dropping frame 1403715321.362143
Dropping frame 1403715321.4621429
Dropping frame 1403715321.7121432
Dropping frame 1403715321.912143
Dropping frame 1403715322.112143
Dropping frame 1403715322.2121432
Dropping frame 1403715322.3121431
Dropping frame 1403715322.5121431
Dropping frame 1403715322.7121432
Dropping frame 1403715322.8121431
Dropping frame 1403715322.912143
Dropping frame 1403715323.0121431
Dropping frame 1403715323.2121432
Dropping frame 1403715323.3121431
Dropping frame 1403715323.412143
Dropping frame 1403715323.612143
Dropping frame 1403715323.7121432
Dropping frame 1403715323.8121431
Dropping frame 1403715324.0121431
Dropping frame 1403715324.2121432
Dropping frame 1403715324.412143
Dropping frame 1403715324.5121431
Dropping frame 1403715324.612143
Dropping frame 1403715324.8121431
Dropping frame 1403715324.912143
Dropping frame 1403715325.0121431
Dropping frame 1403715325.2121432
Dropping frame 1403715325.3121431
Dropping frame 1403715325.412143
Dropping frame 1403715325.612143
Dropping frame 1403715325.7121432
Dropping frame 1403715325.8121431
Dropping frame 1403715326.0121431
Dropping frame 1403715326.112143
Dropping frame 1403715326.362143
Dropping frame 1403715326.4621429
Dropping frame 1403715326.862143
Dropping frame 1403715327.0621431
Dropping frame 1403715327.2121432
Dropping frame 1403715327.412143
Dropping frame 1403715327.612143
Dropping frame 1403715327.8121431
Dropping frame 1403715327.912143
Dropping frame 1403715328.162143
Dropping frame 1403715328.362143
Dropping frame 1403715328.5621431
Dropping frame 1403715328.662143
Dropping frame 1403715328.862143
Dropping frame 1403715328.9621429
Dropping frame 1403715329.162143
Dropping frame 1403715329.2621429
Dropping frame 1403715329.362143
Dropping frame 1403715329.5621431
Dropping frame 1403715329.7621429
Dropping frame 1403715329.9621429
Dropping frame 1403715330.0621431
Dropping frame 1403715330.162143
Dropping frame 1403715330.362143
Dropping frame 1403715330.4621429
Dropping frame 1403715330.662143
Dropping frame 1403715330.7621429
Dropping frame 1403715330.862143
Dropping frame 1403715331.0621431
Dropping frame 1403715331.2621429
Dropping frame 1403715331.4621429
Dropping frame 1403715331.5621431
Dropping frame 1403715331.662143
Dropping frame 1403715331.862143
Dropping frame 1403715331.9621429
Dropping frame 1403715332.0621431
Dropping frame 1403715332.2621429
Dropping frame 1403715332.412143
Dropping frame 1403715332.612143
Dropping frame 1403715332.8121431
Dropping frame 1403715332.912143
Dropping frame 1403715333.0121431
Dropping frame 1403715333.2621429
Dropping frame 1403715333.4621429
Dropping frame 1403715333.662143
Dropping frame 1403715333.7621429
Dropping frame 1403715333.862143
Dropping frame 1403715334.0621431
Dropping frame 1403715334.162143
Dropping frame 1403715334.362143
Dropping frame 1403715334.4621429
Dropping frame 1403715334.5621431
Dropping frame 1403715334.7621429
Dropping frame 1403715334.862143
Dropping frame 1403715334.9621429
Dropping frame 1403715335.162143
Dropping frame 1403715335.2621429
Dropping frame 1403715335.362143
Dropping frame 1403715335.5621431
Dropping frame 1403715335.7621429
Dropping frame 1403715335.862143
Dropping frame 1403715335.9621429
Dropping frame 1403715336.0621431
Dropping frame 1403715336.162143
Dropping frame 1403715336.2621429
Dropping frame 1403715336.362143
Dropping frame 1403715336.4621429
Dropping frame 1403715336.612143
Dropping frame 1403715336.7621429
Dropping frame 1403715336.862143
Dropping frame 1403715336.9621429
Dropping frame 1403715337.0621431
Dropping frame 1403715337.162143
Dropping frame 1403715337.2621429
Dropping frame 1403715337.362143
Dropping frame 1403715337.5621431
Dropping frame 1403715337.662143
Dropping frame 1403715337.7621429
Dropping frame 1403715337.9621429
Dropping frame 1403715338.162143
Dropping frame 1403715338.2621429
Dropping frame 1403715338.362143
Dropping frame 1403715338.4621429
Dropping frame 1403715338.662143
Dropping frame 1403715338.862143
Dropping frame 1403715338.9621429
Dropping frame 1403715339.0621431
Dropping frame 1403715339.162143
Dropping frame 1403715339.362143
Dropping frame 1403715339.5621431
Dropping frame 1403715339.7621429
Dropping frame 1403715339.862143
Dropping frame 1403715339.9621429
Dropping frame 1403715340.162143
Dropping frame 1403715340.2621429
Dropping frame 1403715340.362143
Dropping frame 1403715340.5621431
Dropping frame 1403715340.662143
Dropping frame 1403715340.7621429
Dropping frame 1403715340.9621429
Dropping frame 1403715341.162143
Dropping frame 1403715341.2621429
Dropping frame 1403715341.362143
Dropping frame 1403715341.4621429
Dropping frame 1403715341.662143
Dropping frame 1403715341.862143
Dropping frame 1403715341.9621429
Dropping frame 1403715342.0621431
Dropping frame 1403715342.162143
Dropping frame 1403715342.362143
Dropping frame 1403715342.5621431
Dropping frame 1403715342.7121432
Dropping frame 1403715342.8121431
Dropping frame 1403715343.0121431
Dropping frame 1403715343.162143
Dropping frame 1403715343.362143
Dropping frame 1403715343.4621429
Dropping frame 1403715343.5621431
Dropping frame 1403715343.7621429
Dropping frame 1403715343.9621429
Dropping frame 1403715344.0621431
Dropping frame 1403715344.2621429
Dropping frame 1403715344.4621429
Dropping frame 1403715344.662143
Dropping frame 1403715344.7621429
Dropping frame 1403715345.0121431
Dropping frame 1403715345.2121432
Dropping frame 1403715345.362143
Dropping frame 1403715345.612143
Dropping frame 1403715345.7621429
Dropping frame 1403715345.9621429
Dropping frame 1403715346.2621429
Dropping frame 1403715346.4621429
Dropping frame 1403715346.662143
Dropping frame 1403715346.7621429
Dropping frame 1403715347.0121431
Dropping frame 1403715347.162143
Dropping frame 1403715347.362143
Dropping frame 1403715347.4621429
Dropping frame 1403715347.7121432
Dropping frame 1403715347.912143
Dropping frame 1403715348.112143
Dropping frame 1403715348.362143
Dropping frame 1403715348.4621429
Dropping frame 1403715348.5621431
Dropping frame 1403715348.7621429
Dropping frame 1403715348.9621429
Dropping frame 1403715349.162143
Dropping frame 1403715349.2621429
Dropping frame 1403715349.5121431
Dropping frame 1403715349.7121432
Dropping frame 1403715349.912143
Dropping frame 1403715350.0621431
Dropping frame 1403715350.2621429
Dropping frame 1403715350.4621429
Dropping frame 1403715350.662143
Dropping frame 1403715350.862143
Dropping frame 1403715351.0621431
Dropping frame 1403715351.2121432
Dropping frame 1403715351.3121431
Dropping frame 1403715351.5121431
Dropping frame 1403715351.7121432
Dropping frame 1403715351.912143
Dropping frame 1403715352.0121431
Dropping frame 1403715352.2621429
Dropping frame 1403715352.4621429
Dropping frame 1403715352.662143
Dropping frame 1403715353.112143
Dropping frame 1403715353.3121431
Dropping frame 1403715353.4621429
Dropping frame 1403715353.662143
Dropping frame 1403715353.7621429
Dropping frame 1403715354.0121431
Dropping frame 1403715354.2121432
Dropping frame 1403715354.3121431
Dropping frame 1403715354.412143
Dropping frame 1403715354.5121431
Dropping frame 1403715354.7121432
Dropping frame 1403715354.912143
Dropping frame 1403715355.112143
Dropping frame 1403715355.2121432
Dropping frame 1403715355.3121431
Dropping frame 1403715355.5121431
Dropping frame 1403715355.8121431
Dropping frame 1403715355.9621429
Dropping frame 1403715356.162143
Dropping frame 1403715356.362143
Dropping frame 1403715356.5621431
Dropping frame 1403715356.7121432
Dropping frame 1403715356.912143
Dropping frame 1403715357.0121431
Dropping frame 1403715357.412143
Dropping frame 1403715357.5121431
Dropping frame 1403715357.7121432
Dropping frame 1403715357.8121431
Dropping frame 1403715357.912143
Dropping frame 1403715358.112143
Dropping frame 1403715358.3121431
Dropping frame 1403715358.412143
Dropping frame 1403715358.5121431
Dropping frame 1403715358.8121431
Dropping frame 1403715359.0121431
Dropping frame 1403715359.112143
Dropping frame 1403715359.2121432
Dropping frame 1403715359.412143
Dropping frame 1403715359.5121431
Dropping frame 1403715359.7621429
Dropping frame 1403715359.862143
Dropping frame 1403715359.9621429
Dropping frame 1403715360.412143
Dropping frame 1403715360.5121431
Dropping frame 1403715360.7121432
Dropping frame 1403715360.8121431
Dropping frame 1403715360.912143
Dropping frame 1403715361.112143
Dropping frame 1403715361.2121432
Dropping frame 1403715361.3121431
Dropping frame 1403715361.5121431
Dropping frame 1403715361.7121432
Dropping frame 1403715361.912143
Dropping frame 1403715362.0121431
Dropping frame 1403715362.2621429
Dropping frame 1403715362.362143
Dropping frame 1403715362.7621429
Dropping frame 1403715362.9621429
Dropping frame 1403715363.162143
Dropping frame 1403715363.2621429
Dropping frame 1403715363.5121431
Dropping frame 1403715363.7121432
Dropping frame 1403715363.912143
Dropping frame 1403715364.2121432
Dropping frame 1403715364.412143
Dropping frame 1403715364.612143
Dropping frame 1403715364.7121432
Dropping frame 1403715364.8121431
Dropping frame 1403715365.0121431
Dropping frame 1403715365.3121431
Dropping frame 1403715365.412143
Dropping frame 1403715365.662143
Dropping frame 1403715365.862143
Dropping frame 1403715366.0621431
Dropping frame 1403715366.2121432
Dropping frame 1403715366.412143
Dropping frame 1403715366.612143
Dropping frame 1403715366.8121431
Dropping frame 1403715366.912143
Dropping frame 1403715367.162143
Dropping frame 1403715367.362143
Dropping frame 1403715367.5621431
Dropping frame 1403715367.662143
Dropping frame 1403715367.912143
Dropping frame 1403715368.112143
Dropping frame 1403715368.3121431
Dropping frame 1403715368.412143
Dropping frame 1403715368.5121431
Dropping frame 1403715368.7121432
Dropping frame 1403715368.912143
Dropping frame 1403715369.0121431
Dropping frame 1403715369.112143
Dropping frame 1403715369.2121432
Dropping frame 1403715369.5621431
Dropping frame 1403715369.662143
Dropping frame 1403715369.7621429
Dropping frame 1403715369.862143
Dropping frame 1403715369.9621429
Dropping frame 1403715370.0621431
Dropping frame 1403715370.362143
Dropping frame 1403715370.4621429
Dropping frame 1403715370.662143
Dropping frame 1403715370.7621429
Dropping frame 1403715370.9621429
Dropping frame 1403715371.0621431
Dropping frame 1403715371.3121431
Dropping frame 1403715371.412143
Dropping frame 1403715371.5121431
Dropping frame 1403715371.7121432
Dropping frame 1403715371.8121431
Dropping frame 1403715372.0621431
Dropping frame 1403715372.2621429
Dropping frame 1403715372.362143
Dropping frame 1403715372.5121431
Dropping frame 1403715372.7121432
Dropping frame 1403715372.8121431
Dropping frame 1403715372.912143
Dropping frame 1403715373.112143
Dropping frame 1403715373.2121432
Dropping frame 1403715373.3121431
Dropping frame 1403715373.5121431
Dropping frame 1403715373.7121432
Dropping frame 1403715373.8121431
Dropping frame 1403715374.0621431
Dropping frame 1403715374.2621429
Dropping frame 1403715374.362143
Dropping frame 1403715374.4621429
Dropping frame 1403715374.662143
Dropping frame 1403715374.862143
Dropping frame 1403715375.0621431
Dropping frame 1403715375.162143
Dropping frame 1403715375.2621429
Dropping frame 1403715375.4621429
Dropping frame 1403715375.5621431
Dropping frame 1403715375.662143
Dropping frame 1403715375.862143
Dropping frame 1403715375.9621429
Dropping frame 1403715376.0621431
Dropping frame 1403715376.2621429
Dropping frame 1403715376.4621429
Dropping frame 1403715376.662143
Dropping frame 1403715376.7621429
Dropping frame 1403715376.862143
Dropping frame 1403715377.0621431
Dropping frame 1403715377.2621429
Dropping frame 1403715377.362143
Dropping frame 1403715377.4621429
Dropping frame 1403715377.662143
Dropping frame 1403715377.862143
Dropping frame 1403715378.0621431
Dropping frame 1403715378.162143
Dropping frame 1403715378.2621429
Dropping frame 1403715378.4621429
Dropping frame 1403715378.5621431
Dropping frame 1403715378.662143
Dropping frame 1403715378.862143
Dropping frame 1403715378.9621429
Dropping frame 1403715379.0621431
Dropping frame 1403715379.2621429
Dropping frame 1403715379.4621429
Dropping frame 1403715379.662143
Dropping frame 1403715379.7621429
Dropping frame 1403715379.862143
Dropping frame 1403715380.0621431
Dropping frame 1403715380.2621429
Dropping frame 1403715380.4621429
Dropping frame 1403715380.5621431
Dropping frame 1403715380.662143
Dropping frame 1403715380.862143
Dropping frame 1403715380.9621429
Dropping frame 1403715381.162143
Dropping frame 1403715381.2621429
Dropping frame 1403715381.362143
Dropping frame 1403715381.5621431
Dropping frame 1403715381.662143
Dropping frame 1403715381.7621429
Dropping frame 1403715381.9621429
Dropping frame 1403715382.412143
Dropping frame 1403715382.912143
Dropping frame 1403715383.0121431
Dropping frame 1403715383.112143
Dropping frame 1403715383.3121431
Dropping frame 1403715383.5121431
Dropping frame 1403715383.7121432
Dropping frame 1403715383.8121431
Dropping frame 1403715383.912143
Dropping frame 1403715384.112143
Dropping frame 1403715384.3121431
Dropping frame 1403715384.412143
Dropping frame 1403715384.5121431
Dropping frame 1403715384.7121432
Dropping frame 1403715384.912143
Dropping frame 1403715385.112143
Dropping frame 1403715385.2121432
Dropping frame 1403715385.3121431
Dropping frame 1403715385.5121431
Dropping frame 1403715385.7121432
Dropping frame 1403715385.912143
Dropping frame 1403715386.0121431
Dropping frame 1403715386.112143
Dropping frame 1403715386.3121431
Dropping frame 1403715386.5121431
Dropping frame 1403715386.7121432
Dropping frame 1403715386.8121431
Dropping frame 1403715387.0621431
Dropping frame 1403715387.162143
Dropping frame 1403715387.2621429
Dropping frame 1403715387.4621429
Dropping frame 1403715387.662143
Dropping frame 1403715387.862143
Dropping frame 1403715388.0621431
Dropping frame 1403715388.2621429
Dropping frame 1403715388.4621429
Dropping frame 1403715388.662143
Dropping frame 1403715388.862143
Dropping frame 1403715388.9621429
Dropping frame 1403715389.162143
Dropping frame 1403715389.2621429
Dropping frame 1403715389.4621429
Dropping frame 1403715389.662143
Dropping frame 1403715390.162143
Dropping frame 1403715390.362143
Dropping frame 1403715390.5621431
Dropping frame 1403715390.662143
Dropping frame 1403715390.912143
Dropping frame 1403715391.112143
Dropping frame 1403715391.3121431
Dropping frame 1403715391.612143
Dropping frame 1403715391.7121432
Dropping frame 1403715391.9621429
Dropping frame 1403715392.162143
Dropping frame 1403715392.362143
Dropping frame 1403715392.5621431
Dropping frame 1403715392.662143
Dropping frame 1403715392.7621429
Dropping frame 1403715392.9621429
Dropping frame 1403715393.0621431
Dropping frame 1403715393.3121431
Dropping frame 1403715393.5121431
Dropping frame 1403715393.7121432
Dropping frame 1403715393.912143
Dropping frame 1403715394.0121431
Dropping frame 1403715394.112143
Dropping frame 1403715394.3121431
Dropping frame 1403715394.4621429
Dropping frame 1403715394.662143
Dropping frame 1403715394.7621429
Dropping frame 1403715394.862143
Dropping frame 1403715395.0621431
Dropping frame 1403715395.2621429
Dropping frame 1403715395.4621429
Dropping frame 1403715395.5621431
Dropping frame 1403715395.662143
Dropping frame 1403715395.862143
Dropping frame 1403715396.0621431
Dropping frame 1403715396.2621429
Dropping frame 1403715396.362143
Dropping frame 1403715396.4621429
Dropping frame 1403715396.662143
Dropping frame 1403715396.862143
Dropping frame 1403715397.0621431
Dropping frame 1403715397.162143
Dropping frame 1403715397.2621429
Dropping frame 1403715397.4621429
Dropping frame 1403715397.5621431
Dropping frame 1403715397.662143
Dropping frame 1403715397.862143
Dropping frame 1403715398.0621431
Dropping frame 1403715398.2621429
Dropping frame 1403715398.4621429
Dropping frame 1403715398.5621431
Dropping frame 1403715398.8121431
Dropping frame 1403715398.912143
Dropping frame 1403715399.162143
Dropping frame 1403715399.362143
Dropping frame 1403715399.5621431
Dropping frame 1403715399.7621429
Dropping frame 1403715399.862143
Dropping frame 1403715399.9621429
Dropping frame 1403715400.162143
Dropping frame 1403715400.2621429
Dropping frame 1403715400.362143
Dropping frame 1403715400.5621431
Dropping frame 1403715400.662143
Dropping frame 1403715400.862143
Dropping frame 1403715401.0621431
Dropping frame 1403715401.162143
Dropping frame 1403715401.2621429
Dropping frame 1403715401.4621429
Dropping frame 1403715401.5621431
Dropping frame 1403715401.7621429
Dropping frame 1403715401.862143
Dropping frame 1403715401.9621429
Dropping frame 1403715402.162143
Dropping frame 1403715402.362143
Dropping frame 1403715402.5621431
Dropping frame 1403715402.662143
Dropping frame 1403715402.7621429
Dropping frame 1403715402.9621429
Dropping frame 1403715403.0621431
Dropping frame 1403715403.162143
Dropping frame 1403715403.362143
Dropping frame 1403715403.5621431
Dropping frame 1403715403.662143
Dropping frame 1403715403.7621429
Dropping frame 1403715403.9621429
Dropping frame 1403715404.112143
Dropping frame 1403715404.3121431
Dropping frame 1403715404.412143
Dropping frame 1403715404.5121431
Dropping frame 1403715404.7121432
Dropping frame 1403715404.912143
Dropping frame 1403715405.0121431
Dropping frame 1403715405.112143
Dropping frame 1403715405.362143
Dropping frame 1403715405.4621429
Dropping frame 1403715405.5621431
Dropping frame 1403715405.8121431
Dropping frame 1403715406.0121431
Dropping frame 1403715406.112143
Dropping frame 1403715406.2121432
Dropping frame 1403715406.3121431
Dropping frame 1403715406.5121431
Dropping frame 1403715406.612143
Dropping frame 1403715406.8121431
Dropping frame 1403715406.912143
Dropping frame 1403715407.162143
Dropping frame 1403715407.2621429
Dropping frame 1403715407.362143
Dropping frame 1403715407.4621429
Dropping frame 1403715407.5621431
Dropping frame 1403715407.7621429
Dropping frame 1403715407.862143
Dropping frame 1403715407.9621429
Dropping frame 1403715408.162143
Dropping frame 1403715408.2621429
Dropping frame 1403715408.362143
Dropping frame 1403715408.5621431
Dropping frame 1403715408.7621429
Dropping frame 1403715408.862143
Dropping frame 1403715408.9621429
Dropping frame 1403715409.0621431
Dropping frame 1403715409.2621429
Dropping frame 1403715409.362143
Dropping frame 1403715409.5621431
Dropping frame 1403715409.662143
Dropping frame 1403715409.7621429
Dropping frame 1403715409.9621429
Dropping frame 1403715410.162143
Dropping frame 1403715410.2621429
Dropping frame 1403715410.5621431
Dropping frame 1403715410.662143
Dropping frame 1403715410.7621429
Dropping frame 1403715410.9621429
Dropping frame 1403715411.0621431
Dropping frame 1403715411.162143
Dropping frame 1403715411.362143
Dropping frame 1403715411.5121431
Dropping frame 1403715411.7621429
Dropping frame 1403715411.9621429
Dropping frame 1403715412.162143
Dropping frame 1403715412.2621429
Dropping frame 1403715412.5121431
Dropping frame 1403715412.612143
Dropping frame 1403715412.862143
Dropping frame 1403715412.9621429
Dropping frame 1403715413.0621431
Dropping frame 1403715413.2621429
Dropping frame 1403715413.4621429
Dropping frame 1403715413.662143
Dropping frame 1403715413.862143
Dropping frame 1403715413.9621429
Dropping frame 1403715414.0621431
Dropping frame 1403715414.2621429
Dropping frame 1403715414.362143
Dropping frame 1403715414.4621429
Dropping frame 1403715414.662143
Dropping frame 1403715414.7621429
Dropping frame 1403715414.9621429
Dropping frame 1403715415.0621431
Dropping frame 1403715415.162143
Dropping frame 1403715415.362143
Dropping frame 1403715415.4621429
Dropping frame 1403715415.5621431
Dropping frame 1403715415.7621429
Dropping frame 1403715415.862143
Dropping frame 1403715415.9621429
Dropping frame 1403715416.162143
Dropping frame 1403715416.2621429
Dropping frame 1403715416.362143
Dropping frame 1403715416.5621431
Dropping frame 1403715416.662143
Dropping frame 1403715416.912143
Dropping frame 1403715417.0121431
Dropping frame 1403715417.2121432
Dropping frame 1403715418.412143
Dropping frame 1403715418.5121431
Dropping frame 1403715418.7121432
Dropping frame 1403715418.8121431
Shutdown
SLAM Finished at System Time: 1746882538.45204

 TIME STATS in ms (mean$\pm$std)
OpenCV version: 4.8.1
---------------------------
Tracking

ORB Extraction: 18.755$\pm$1.9482
Stereo Matching: 8.5606$\pm$2.2688
IMU Preintegration: 0.23125$\pm$0.072892
Pose Prediction: 0.32935$\pm$1.2644
LM Track: 21.818$\pm$4.3429
New KF decision: 1.7597$\pm$3.2697
Total Tracking: 29.967$\pm$28.235



Local Mapping

KF Insertion: 16.788$\pm$4.8422
MP Culling: 0.75025$\pm$0.2188
MP Creation: 52.311$\pm$14.956
LBA: 183.26$\pm$43.657
KF Culling: 21.966$\pm$11.125
Total Local Mapping: 275.36$\pm$61.909
---------------------------

LBA complexity (mean$\pm$std)
LBA Edges: 3906.6$\pm$1359.6
LBA KF optimized: 6.5$\pm$2.2913
LBA KF fixed: 1$\pm$0
LBA MP: nan$\pm$nan

LBA executions: 386
LBA aborts: 0
---------------------------

Map complexity
KFs in map: 111
MPs in map: 8616
---------------------------

Place Recognition (mean$\pm$std)
Database Query: 1.5113$\pm$0.76225
SE3 estimation: 15.109$\pm$15.488
Total Place Recognition: 14.982$\pm$15.895


Loop Closing (mean$\pm$std)
Loop Fusion: nan$\pm$nan
Essential Graph: nan$\pm$nan
Total Loop Closing: nan$\pm$nan

Num exec: 0
Number of KFs: nan$\pm$nan

Map Merging (mean$\pm$std)
Merge Maps: nan$\pm$nan
Welding BA: nan$\pm$nan
Optimization Ess.: nan$\pm$nan
Total Map Merging: nan$\pm$nan

Num exec: 0
Number of KFs: nan$\pm$nan
Number of MPs: nan$\pm$nan

Full GBA (mean$\pm$std)
GBA: nan$\pm$nan
Map Update: nan$\pm$nan
Total Full GBA: nan$\pm$nan

Num exec: 0
Num abort: 0
Number of KFs: nan$\pm$nan
Number of MPs: nan$\pm$nan

Saving trajectory to f_dataset-V101_stereo_imu.txt ...
There are 1 maps in the atlas
  Map 0 has 111 KFs

End of saving trajectory to f_dataset-V101_stereo_imu.txt ...

Saving keyframe trajectory to kf_dataset-V101_stereo_imu.txt ...
