num_seq = 1
file name: dataset-MH04_stereo_imu
Loading images for sequence 0...LOADED!
Loading IMU for sequence 0...LOADED!

-------

ORB-SLAM3 Copyright (C) 2017-2020 Carlos Campos, Richard Elvira, Juan J. Gómez, José M.M. Montiel and Juan D. Tardós, University of Zaragoza.
ORB-SLAM2 Copyright (C) 2014-2016 Raúl Mur-Artal, José M.M. Montiel and Juan D. Tardós, University of Zaragoza.
This program comes with ABSOLUTELY NO WARRANTY;
This is free software, and you are welcome to redistribute it
under certain conditions. See LICENSE.txt.

Built with REGISTER_TIMES
Git Commit Hash: 2d47524

Build Type: Release

Compiled with C++ version: 201703

Input sensor was set to: Stereo-Inertial
Loading settings from EuRoC_fov_deadlines_mask_24x24.yaml
	-Loaded camera 1
	-Loaded camera 2
	-Loaded image info
	-Loaded IMU calibration
	-Loaded ORB settings
	-Loaded viewer settings
	-Loaded Atlas settings
Deadlines enabled, will skip frames!
FOV enabled
Static mask size: 24x24
Dumping map points enabled
	-Loaded misc parameters
	-Computed rectification maps
----------------------------------
SLAM settings: 
	-Camera 1 parameters (Pinhole): [ 458.65399169921875 457.29598999023438 367.21499633789062 248.375 ]
	-Camera 1 distortion parameters: [  -0.28340810537338257 0.073959067463874817 0.00019359000725671649 1.7618711353861727e-05 ]
	-Camera 2 parameters (Pinhole: [ 457.58700561523438 456.13400268554688 379.99899291992188 255.23800659179688 ]
	-Camera 1 distortion parameters: [  -0.2836836576461792 0.074512839317321777 -0.00010473000293131918 -3.555907096597366e-05 ]
	-Original image size: [ 752 , 480 ]
	-Current image size: [ 752 , 480 ]
	-Camera 1 parameters after rectification: [  456.71499633789062 456.71499633789062 364.52615356445312 257.268798828125 ]
	-Sequence FPS: 20
	-Stereo baseline: 0.11007784307003021
	-Stereo depth threshold : 60
	-Gyro noise: 0.00016999999934341758
	-Accelerometer noise: 0.0020000000949949026
	-Gyro walk: 1.9392999092815444e-05
	-Accelerometer walk: 0.0030000000260770321
	-IMU frequency: 200
	-Features per image: 1200
	-ORB scale factor: 1.2000000476837158
	-ORB number of scales: 8
	-Initial FAST threshold: 20
	-Min FAST threshold: 7


Loading ORB Vocabulary. This could take a while...
Vocabulary loaded!

Initialization of Atlas from scratch 
Creation of new map with id: 0
Creation of new map with last KF id: 0
Seq. Name: 
There are 1 cameras in the atlas
Camera 0 is pinhole
SLAM Started at System Time: 1742872195.08336
not IMU meas
not IMU meas
not enough acceleration
not enough acceleration
not enough acceleration
not enough acceleration
not enough acceleration
not enough acceleration
not enough acceleration
not enough acceleration
not enough acceleration
not enough acceleration
not enough acceleration
not enough acceleration
not enough acceleration
not enough acceleration
not enough acceleration
not enough acceleration
not enough acceleration
not enough acceleration
not enough acceleration
not enough acceleration
not enough acceleration
not enough acceleration
not enough acceleration
not enough acceleration
not enough acceleration
not enough acceleration
not enough acceleration
not enough acceleration
not enough acceleration
not enough acceleration
First KF:0; Map init KF:0
New Map created with 149 points
Active map: 0
Dropping frame 1403638130.195097
Dropping frame 1403638130.395097
Dropping frame 1403638130.695097
Dropping frame 1403638130.895097
Dropping frame 1403638131.145097
Dropping frame 1403638131.2450969
Dropping frame 1403638131.4950972
Dropping frame 1403638131.5950971
Dropping frame 1403638131.695097
Dropping frame 1403638131.945097
Dropping frame 1403638132.145097
Dropping frame 1403638132.2450969
Dropping frame 1403638132.5450969
Dropping frame 1403638132.7450969
Dropping frame 1403638132.945097
Dropping frame 1403638133.0450969
Dropping frame 1403638133.395097
Dropping frame 1403638133.645097
Dropping frame 1403638133.8450971
Dropping frame 1403638133.9950972
start VIBA 1
end VIBA 1
Dropping frame 1403638134.3450971
Dropping frame 1403638134.5950971
Dropping frame 1403638134.695097
Dropping frame 1403638134.7950971
Dropping frame 1403638134.9950972
Dropping frame 1403638135.195097
Dropping frame 1403638135.2950971
Dropping frame 1403638135.395097
Dropping frame 1403638135.4950972
Dropping frame 1403638135.5950971
Dropping frame 1403638135.695097
Dropping frame 1403638136.2450969
Dropping frame 1403638136.3450971
Dropping frame 1403638136.5950971
Dropping frame 1403638136.9950972
Dropping frame 1403638137.0950971
Dropping frame 1403638137.2950971
Dropping frame 1403638137.395097
Dropping frame 1403638137.4950972
Dropping frame 1403638137.5950971
Dropping frame 1403638137.7950971
Dropping frame 1403638137.9950972
Dropping frame 1403638138.195097
Dropping frame 1403638138.2950971
Dropping frame 1403638138.395097
Dropping frame 1403638138.5950971
Dropping frame 1403638138.695097
Not enough motion for initializing. Reseting...
TRACK: Reset map because local mapper set the bad imu flag 
LM: Active map reset recieved
LM: Active map reset, waiting...
LM: Reseting current map in Local Mapping...
LM: End reseting Local Mapping...
LM: Reset free the mutex
LM: Active map reset, Done!!!
mnFirstFrameId = 32
mnInitialFrameId = 0
152 Frames set to lost
not IMU meas
Dropping frame 1403638138.945097
not enough acceleration
not enough acceleration
First KF:42; Map init KF:0
New Map created with 173 points
Active map: 0
Dropping frame 1403638139.145097
Dropping frame 1403638139.3450971
Dropping frame 1403638139.5450969
Dropping frame 1403638139.9950972
Dropping frame 1403638140.0950971
Dropping frame 1403638140.195097
Dropping frame 1403638140.2950971
Dropping frame 1403638140.395097
Dropping frame 1403638140.5450969
Dropping frame 1403638140.645097
Dropping frame 1403638140.8450971
Dropping frame 1403638141.0450969
Dropping frame 1403638141.145097
Dropping frame 1403638141.445097
Dropping frame 1403638141.5450969
Dropping frame 1403638141.645097
Dropping frame 1403638141.7450969
Dropping frame 1403638141.8450971
Dropping frame 1403638141.945097
Not enough motion for initializing. Reseting...
Dropping frame 1403638142.0450969
LM: Reseting current map in Local Mapping...
LM: End reseting Local Mapping...
LM: Reset free the mutex
Dropping frame 1403638142.2450969
Dropping frame 1403638142.445097
Dropping frame 1403638142.5450969
Not enough motion for initializing. Reseting...
LM: Reseting current map in Local Mapping...
LM: End reseting Local Mapping...
LM: Reset free the mutex
Dropping frame 1403638142.7950971
Dropping frame 1403638142.9950972
Dropping frame 1403638143.195097
Not enough motion for initializing. Reseting...
TRACK: Reset map because local mapper set the bad imu flag 
LM: Reseting current map in Local Mapping...
LM: End reseting Local Mapping...
LM: Reset free the mutex
LM: Active map reset recieved
LM: Active map reset, waiting...
LM: Reseting current map in Local Mapping...
LM: End reseting Local Mapping...
LM: Reset free the mutex
LM: Active map reset, Done!!!
mnFirstFrameId = 188
mnInitialFrameId = 184
229 Frames set to lost
not IMU meas
not enough acceleration
not enough acceleration
not enough acceleration
not enough acceleration
not enough acceleration
not enough acceleration
not enough acceleration
not enough acceleration
not enough acceleration
not enough acceleration
Dropping frame 1403638144.8450971
not enough acceleration
not enough acceleration
not enough acceleration
Dropping frame 1403638145.0450969
Dropping frame 1403638145.0950971
not enough acceleration
not enough acceleration
not enough acceleration
not enough acceleration
not enough acceleration
not enough acceleration
not enough acceleration
not enough acceleration
not enough acceleration
not enough acceleration
not enough acceleration
not enough acceleration
not enough acceleration
not enough acceleration
not enough acceleration
not enough acceleration
not enough acceleration
not enough acceleration
not enough acceleration
not enough acceleration
not enough acceleration
not enough acceleration
not enough acceleration
not enough acceleration
not enough acceleration
not enough acceleration
not enough acceleration
not enough acceleration
not enough acceleration
not enough acceleration
not enough acceleration
not enough acceleration
not enough acceleration
not enough acceleration
not enough acceleration
not enough acceleration
not enough acceleration
not enough acceleration
not enough acceleration
not enough acceleration
not enough acceleration
not enough acceleration
not enough acceleration
not enough acceleration
not enough acceleration
not enough acceleration
not enough acceleration
not enough acceleration
not enough acceleration
not enough acceleration
not enough acceleration
not enough acceleration
not enough acceleration
First KF:60; Map init KF:42
New Map created with 184 points
Active map: 0
start VIBA 1
end VIBA 1
Dropping frame 1403638156.3450971
Dropping frame 1403638156.645097
Dropping frame 1403638156.945097
Dropping frame 1403638157.0950971
Dropping frame 1403638157.2450969
Dropping frame 1403638157.3450971
Dropping frame 1403638157.4950972
Dropping frame 1403638157.645097
Dropping frame 1403638157.7450969
Dropping frame 1403638157.895097
Dropping frame 1403638157.9950972
Dropping frame 1403638158.0950971
Dropping frame 1403638158.195097
Dropping frame 1403638158.2950971
Dropping frame 1403638158.395097
Dropping frame 1403638158.4950972
Dropping frame 1403638158.5950971
Dropping frame 1403638158.695097
Dropping frame 1403638158.7950971
Dropping frame 1403638158.895097
Dropping frame 1403638158.9950972
Dropping frame 1403638159.145097
Dropping frame 1403638159.2450969
Dropping frame 1403638159.3450971
Dropping frame 1403638159.445097
Dropping frame 1403638159.5450969
Dropping frame 1403638159.645097
Dropping frame 1403638159.7450969
Dropping frame 1403638159.8450971
Dropping frame 1403638159.945097
Dropping frame 1403638160.0450969
Dropping frame 1403638160.145097
Dropping frame 1403638160.2450969
Dropping frame 1403638160.3450971
Dropping frame 1403638160.445097
Dropping frame 1403638160.5450969
Dropping frame 1403638160.7450969
Dropping frame 1403638160.895097
Dropping frame 1403638160.9950972
Dropping frame 1403638161.145097
Dropping frame 1403638161.2450969
Dropping frame 1403638161.3450971
Dropping frame 1403638161.4950972
Dropping frame 1403638161.5950971
Dropping frame 1403638161.695097
Dropping frame 1403638161.895097
Dropping frame 1403638161.9950972
Dropping frame 1403638162.0950971
Dropping frame 1403638162.195097
Dropping frame 1403638162.2950971
Dropping frame 1403638162.395097
Dropping frame 1403638162.4950972
Dropping frame 1403638162.5950971
Dropping frame 1403638162.695097
Dropping frame 1403638162.8450971
Dropping frame 1403638162.945097
Dropping frame 1403638163.0450969
start VIBA 2
Dropping frame 1403638163.3450971
end VIBA 2
Dropping frame 1403638163.5950971
Dropping frame 1403638163.695097
Dropping frame 1403638163.7950971
Dropping frame 1403638163.945097
Dropping frame 1403638164.2450969
Dropping frame 1403638164.5950971
Dropping frame 1403638165.645097
Dropping frame 1403638166.4950972
Dropping frame 1403638167.4950972
Dropping frame 1403638167.5950971
Dropping frame 1403638167.695097
Dropping frame 1403638167.7950971
Dropping frame 1403638167.895097
Dropping frame 1403638168.0950971
Dropping frame 1403638168.195097
Dropping frame 1403638168.2950971
Dropping frame 1403638168.395097
Dropping frame 1403638168.4950972
Dropping frame 1403638168.695097
Dropping frame 1403638168.7950971
Dropping frame 1403638168.9950972
Dropping frame 1403638169.0950971
Dropping frame 1403638169.2950971
Dropping frame 1403638169.4950972
Dropping frame 1403638169.5950971
Dropping frame 1403638169.7950971
Dropping frame 1403638169.895097
Dropping frame 1403638170.0950971
Dropping frame 1403638170.2950971
Dropping frame 1403638170.395097
Dropping frame 1403638170.5950971
Dropping frame 1403638170.7950971
Dropping frame 1403638170.9950972
Dropping frame 1403638171.195097
Dropping frame 1403638171.395097
Dropping frame 1403638171.5950971
Dropping frame 1403638171.7950971
Dropping frame 1403638171.9950972
Dropping frame 1403638172.195097
Dropping frame 1403638172.395097
Dropping frame 1403638172.5950971
Dropping frame 1403638172.7950971
Dropping frame 1403638172.895097
Dropping frame 1403638173.0950971
Dropping frame 1403638173.2950971
Dropping frame 1403638173.4950972
Dropping frame 1403638173.695097
Dropping frame 1403638173.895097
Dropping frame 1403638174.0950971
Dropping frame 1403638174.2950971
Dropping frame 1403638174.4950972
Dropping frame 1403638174.695097
Dropping frame 1403638174.895097
Dropping frame 1403638175.0950971
Dropping frame 1403638175.2950971
Dropping frame 1403638175.4950972
Dropping frame 1403638175.695097
Dropping frame 1403638175.895097
Dropping frame 1403638175.9950972
Dropping frame 1403638176.0950971
Dropping frame 1403638176.2950971
Dropping frame 1403638176.395097
Dropping frame 1403638176.5950971
Dropping frame 1403638176.7950971
Dropping frame 1403638176.895097
Dropping frame 1403638177.0950971
Dropping frame 1403638177.2950971
Dropping frame 1403638177.4950972
Dropping frame 1403638177.5950971
Dropping frame 1403638177.7950971
Dropping frame 1403638177.9950972
Dropping frame 1403638178.195097
Dropping frame 1403638178.2950971
Dropping frame 1403638178.395097
Dropping frame 1403638178.5950971
Dropping frame 1403638178.7950971
Dropping frame 1403638178.9950972
Dropping frame 1403638179.195097
Dropping frame 1403638179.395097
Dropping frame 1403638179.5950971
Dropping frame 1403638179.7950971
Dropping frame 1403638179.9950972
Dropping frame 1403638180.195097
Dropping frame 1403638180.2950971
Dropping frame 1403638180.4950972
Dropping frame 1403638180.695097
Dropping frame 1403638180.895097
Dropping frame 1403638180.9950972
Dropping frame 1403638181.0950971
Dropping frame 1403638181.2450969
Dropping frame 1403638181.445097
Dropping frame 1403638181.5450969
Dropping frame 1403638181.695097
Dropping frame 1403638181.895097
Dropping frame 1403638182.0950971
Dropping frame 1403638182.2950971
Dropping frame 1403638182.395097
Dropping frame 1403638182.5950971
Dropping frame 1403638182.695097
Dropping frame 1403638182.8450971
Dropping frame 1403638183.0950971
Dropping frame 1403638183.195097
Dropping frame 1403638183.2950971
Dropping frame 1403638183.395097
Dropping frame 1403638183.4950972
Dropping frame 1403638183.5950971
Dropping frame 1403638183.7950971
Dropping frame 1403638183.895097
Dropping frame 1403638183.9950972
Dropping frame 1403638184.0950971
Dropping frame 1403638184.2950971
Dropping frame 1403638184.4950972
Dropping frame 1403638184.5950971
Dropping frame 1403638184.7450969
Dropping frame 1403638184.8450971
Dropping frame 1403638185.0450969
Dropping frame 1403638185.145097
Dropping frame 1403638185.445097
Dropping frame 1403638185.5450969
Dropping frame 1403638185.7450969
Dropping frame 1403638185.9950972
Dropping frame 1403638186.2950971
Dropping frame 1403638186.395097
Dropping frame 1403638186.645097
Dropping frame 1403638186.7450969
Dropping frame 1403638186.8450971
Dropping frame 1403638187.0450969
Dropping frame 1403638187.145097
Dropping frame 1403638187.2450969
Dropping frame 1403638187.395097
Dropping frame 1403638187.4950972
Dropping frame 1403638187.5950971
Dropping frame 1403638187.7450969
Dropping frame 1403638187.895097
Dropping frame 1403638187.9950972
Dropping frame 1403638188.2950971
Dropping frame 1403638188.4950972
Dropping frame 1403638188.695097
Dropping frame 1403638188.895097
Dropping frame 1403638189.0950971
Dropping frame 1403638189.195097
Dropping frame 1403638189.445097
Dropping frame 1403638189.645097
Dropping frame 1403638189.8450971
Dropping frame 1403638190.0450969
Dropping frame 1403638190.2450969
Dropping frame 1403638190.3450971
Dropping frame 1403638190.5950971
Dropping frame 1403638190.7950971
Dropping frame 1403638190.895097
Dropping frame 1403638190.9950972
Dropping frame 1403638191.195097
Dropping frame 1403638191.395097
Dropping frame 1403638191.4950972
Dropping frame 1403638191.5950971
Dropping frame 1403638191.8450971
Dropping frame 1403638192.2450969
Dropping frame 1403638192.3450971
Dropping frame 1403638192.445097
Dropping frame 1403638192.645097
Dropping frame 1403638192.8450971
Dropping frame 1403638193.145097
Dropping frame 1403638193.445097
Dropping frame 1403638193.645097
Dropping frame 1403638193.945097
Dropping frame 1403638194.0450969
Dropping frame 1403638194.2950971
Dropping frame 1403638194.395097
Dropping frame 1403638194.4950972
Dropping frame 1403638194.7450969
Dropping frame 1403638194.9950972
Dropping frame 1403638195.0950971
Dropping frame 1403638195.195097
Dropping frame 1403638195.395097
Dropping frame 1403638195.4950972
Dropping frame 1403638195.5950971
Dropping frame 1403638195.7950971
Dropping frame 1403638195.895097
Dropping frame 1403638195.9950972
Dropping frame 1403638196.195097
Dropping frame 1403638196.2950971
Dropping frame 1403638196.395097
Dropping frame 1403638196.5950971
Dropping frame 1403638196.895097
Dropping frame 1403638196.9950972
Dropping frame 1403638197.2450969
Dropping frame 1403638197.3450971
Dropping frame 1403638197.445097
Dropping frame 1403638197.645097
Dropping frame 1403638197.7450969
Dropping frame 1403638197.9950972
Dropping frame 1403638198.195097
Dropping frame 1403638198.5450969
Dropping frame 1403638198.7950971
Dropping frame 1403638198.945097
Dropping frame 1403638199.2450969
Dropping frame 1403638199.445097
Dropping frame 1403638199.7450969
Dropping frame 1403638200.0450969
Dropping frame 1403638200.145097
Dropping frame 1403638200.395097
Dropping frame 1403638200.5450969
Dropping frame 1403638200.7450969
Dropping frame 1403638200.8450971
Dropping frame 1403638201.0950971
Dropping frame 1403638201.195097
Dropping frame 1403638201.2950971
Dropping frame 1403638201.5450969
Dropping frame 1403638201.645097
Dropping frame 1403638201.8450971
Dropping frame 1403638201.9950972
Dropping frame 1403638202.195097
Dropping frame 1403638202.2950971
Dropping frame 1403638202.395097
Dropping frame 1403638202.5950971
Dropping frame 1403638202.695097
Dropping frame 1403638202.7950971
Dropping frame 1403638202.9950972
Dropping frame 1403638203.0950971
Dropping frame 1403638203.195097
Dropping frame 1403638203.395097
Dropping frame 1403638203.5950971
Dropping frame 1403638203.7950971
Dropping frame 1403638203.895097
Dropping frame 1403638203.9950972
Dropping frame 1403638204.195097
Dropping frame 1403638204.395097
Dropping frame 1403638204.4950972
Dropping frame 1403638204.5950971
Dropping frame 1403638204.7950971
Dropping frame 1403638204.895097
Dropping frame 1403638204.9950972
Dropping frame 1403638205.195097
Dropping frame 1403638205.395097
Dropping frame 1403638205.4950972
Dropping frame 1403638205.5950971
Dropping frame 1403638205.7950971
Dropping frame 1403638205.895097
Dropping frame 1403638205.9950972
Dropping frame 1403638206.195097
Dropping frame 1403638206.2950971
Dropping frame 1403638206.395097
Dropping frame 1403638206.5950971
Dropping frame 1403638206.7950971
Dropping frame 1403638206.895097
Dropping frame 1403638206.9950972
Dropping frame 1403638207.195097
Dropping frame 1403638207.2950971
Dropping frame 1403638207.5450969
Dropping frame 1403638207.645097
Dropping frame 1403638207.7450969
Dropping frame 1403638207.945097
Dropping frame 1403638208.145097
Dropping frame 1403638208.3450971
Dropping frame 1403638208.4950972
Dropping frame 1403638208.695097
Dropping frame 1403638208.7950971
Dropping frame 1403638209.0450969
Dropping frame 1403638209.145097
Dropping frame 1403638209.2450969
Dropping frame 1403638209.445097
Dropping frame 1403638209.5950971
Dropping frame 1403638209.7950971
Dropping frame 1403638209.895097
Dropping frame 1403638210.145097
Dropping frame 1403638210.2450969
Dropping frame 1403638210.3450971
Dropping frame 1403638210.5950971
Dropping frame 1403638210.695097
Dropping frame 1403638210.895097
Dropping frame 1403638210.9950972
Dropping frame 1403638211.3450971
Dropping frame 1403638211.5450969
Dropping frame 1403638211.7450969
Dropping frame 1403638211.8450971
Dropping frame 1403638212.0950971
Dropping frame 1403638212.195097
Dropping frame 1403638212.445097
Dropping frame 1403638212.5950971
Dropping frame 1403638212.7950971
Dropping frame 1403638212.9950972
Dropping frame 1403638213.195097
Dropping frame 1403638213.2950971
Dropping frame 1403638213.4950972
Dropping frame 1403638213.645097
Dropping frame 1403638213.8450971
Dropping frame 1403638214.0450969
Dropping frame 1403638214.145097
Dropping frame 1403638214.395097
Dropping frame 1403638214.4950972
Dropping frame 1403638214.695097
Dropping frame 1403638214.7950971
Dropping frame 1403638215.0950971
Dropping frame 1403638215.4950972
Dropping frame 1403638215.5950971
Dropping frame 1403638215.8450971
Dropping frame 1403638216.0450969
Dropping frame 1403638216.145097
Dropping frame 1403638216.3450971
Dropping frame 1403638216.4950972
Dropping frame 1403638216.7450969
Dropping frame 1403638216.945097
Dropping frame 1403638217.145097
Dropping frame 1403638217.4950972
Dropping frame 1403638217.695097
Dropping frame 1403638217.9950972
Dropping frame 1403638218.4950972
Dropping frame 1403638218.5950971
Dropping frame 1403638219.9950972
Dropping frame 1403638220.0950971
Dropping frame 1403638220.445097
Dropping frame 1403638220.645097
Dropping frame 1403638220.945097
Dropping frame 1403638221.2950971
Dropping frame 1403638221.395097
Dropping frame 1403638222.4950972
Dropping frame 1403638222.945097
Dropping frame 1403638223.645097
Dropping frame 1403638223.895097
Dropping frame 1403638224.145097
Dropping frame 1403638224.3450971
Dropping frame 1403638224.4950972
Dropping frame 1403638224.895097
Dropping frame 1403638225.0950971
Dropping frame 1403638225.395097
Dropping frame 1403638225.4950972
Dropping frame 1403638226.195097
Dropping frame 1403638227.645097
Dropping frame 1403638227.7950971
Dropping frame 1403638228.5950971
Shutdown
SLAM Finished at System Time: 1742872318.87323

 TIME STATS in ms (mean$\pm$std)
OpenCV version: 4.8.1
---------------------------
Tracking

ORB Extraction: 19.912$\pm$2.437
Stereo Matching: 8.2407$\pm$2.0246
IMU Preintegration: 0.21596$\pm$0.1001
Pose Prediction: 0.51673$\pm$1.379
LM Track: 17.503$\pm$6.1118
New KF decision: 1.149$\pm$1.9369
Total Tracking: 32.072$\pm$25.812



Local Mapping

KF Insertion: 14.142$\pm$5.189
MP Culling: 0.46705$\pm$0.21544
MP Creation: 42.333$\pm$16.243
LBA: 142.24$\pm$47.644
KF Culling: 11.091$\pm$9.8918
Total Local Mapping: 210.34$\pm$74.292
---------------------------

LBA complexity (mean$\pm$std)
LBA Edges: 1653.5$\pm$1124.7
LBA KF optimized: 6.5$\pm$2.2913
LBA KF fixed: 1$\pm$0
LBA MP: nan$\pm$nan

LBA executions: 377
LBA aborts: 0
---------------------------

Map complexity
KFs in map: 171
MPs in map: 13260
---------------------------

Place Recognition (mean$\pm$std)
Database Query: 2.2213$\pm$1.0781
SE3 estimation: 29.031$\pm$17.883
Total Place Recognition: 21.316$\pm$21.178


Loop Closing (mean$\pm$std)
Loop Fusion: nan$\pm$nan
Essential Graph: nan$\pm$nan
Total Loop Closing: nan$\pm$nan

Num exec: 0
Number of KFs: nan$\pm$nan

Map Merging (mean$\pm$std)
Merge Maps: nan$\pm$nan
Welding BA: nan$\pm$nan
Optimization Ess.: nan$\pm$nan
Total Map Merging: nan$\pm$nan

Num exec: 0
Number of KFs: nan$\pm$nan
Number of MPs: nan$\pm$nan

Full GBA (mean$\pm$std)
GBA: nan$\pm$nan
Map Update: nan$\pm$nan
Total Full GBA: nan$\pm$nan

Num exec: 0
Num abort: 0
Number of KFs: nan$\pm$nan
Number of MPs: nan$\pm$nan

Saving trajectory to f_dataset-MH04_stereo_imu.txt ...
There are 1 maps in the atlas
  Map 0 has 171 KFs

End of saving trajectory to f_dataset-MH04_stereo_imu.txt ...

Saving keyframe trajectory to kf_dataset-MH04_stereo_imu.txt ...
