num_seq = 1
file name: dataset-V102_stereo_imu
Loading images for sequence 0...LOADED!
Loading IMU for sequence 0...LOADED!

-------

ORB-SLAM3 Copyright (C) 2017-2020 Carlos Campos, Richard Elvira, Juan J. Gómez, José M.M. Montiel and Juan D. Tardós, University of Zaragoza.
ORB-SLAM2 Copyright (C) 2014-2016 Raúl Mur-Artal, José M.M. Montiel and Juan D. Tardós, University of Zaragoza.
This program comes with ABSOLUTELY NO WARRANTY;
This is free software, and you are welcome to redistribute it
under certain conditions. See LICENSE.txt.

Built with REGISTER_TIMES
Git Commit Hash: 33f00b6

Build Type: Release

Compiled with C++ version: 201703

Input sensor was set to: Stereo-Inertial
Loading settings from EuRoC_fov_deadlines_mask_9x9.yaml
	-Loaded camera 1
	-Loaded camera 2
	-Loaded image info
	-Loaded IMU calibration
	-Loaded ORB settings
	-Loaded viewer settings
	-Loaded Atlas settings
Deadlines enabled, will skip frames!
FOV enabled
Static mask size: 9x9
Dumping map points enabled
	-Loaded misc parameters
	-Computed rectification maps
----------------------------------
SLAM settings: 
	-Camera 1 parameters (Pinhole): [ 458.65399169921875 457.29598999023438 367.21499633789062 248.375 ]
	-Camera 1 distortion parameters: [  -0.28340810537338257 0.073959067463874817 0.00019359000725671649 1.7618711353861727e-05 ]
	-Camera 2 parameters (Pinhole: [ 457.58700561523438 456.13400268554688 379.99899291992188 255.23800659179688 ]
	-Camera 1 distortion parameters: [  -0.2836836576461792 0.074512839317321777 -0.00010473000293131918 -3.555907096597366e-05 ]
	-Original image size: [ 752 , 480 ]
	-Current image size: [ 752 , 480 ]
	-Camera 1 parameters after rectification: [  456.71499633789062 456.71499633789062 364.52615356445312 257.268798828125 ]
	-Sequence FPS: 20
	-Stereo baseline: 0.11007784307003021
	-Stereo depth threshold : 60
	-Gyro noise: 0.00016999999934341758
	-Accelerometer noise: 0.0020000000949949026
	-Gyro walk: 1.9392999092815444e-05
	-Accelerometer walk: 0.0030000000260770321
	-IMU frequency: 200
	-Features per image: 1200
	-ORB scale factor: 1.2000000476837158
	-ORB number of scales: 8
	-Initial FAST threshold: 20
	-Min FAST threshold: 7


Loading ORB Vocabulary. This could take a while...
Vocabulary loaded!

Initialization of Atlas from scratch 
Creation of new map with id: 0
Creation of new map with last KF id: 0
Seq. Name: 
There are 1 cameras in the atlas
Camera 0 is pinhole
SLAM Started at System Time: 1746950675.94635
not IMU meas
not IMU meas
not enough acceleration
not enough acceleration
not enough acceleration
not enough acceleration
not enough acceleration
not enough acceleration
not enough acceleration
not enough acceleration
not enough acceleration
not enough acceleration
not enough acceleration
not enough acceleration
not enough acceleration
not enough acceleration
not enough acceleration
not enough acceleration
not enough acceleration
not enough acceleration
not enough acceleration
not enough acceleration
not enough acceleration
not enough acceleration
not enough acceleration
not enough acceleration
not enough acceleration
not enough acceleration
not enough acceleration
not enough acceleration
not enough acceleration
not enough acceleration
not enough acceleration
not enough acceleration
not enough acceleration
not enough acceleration
not enough acceleration
not enough acceleration
not enough acceleration
not enough acceleration
not enough acceleration
not enough acceleration
not enough acceleration
not enough acceleration
not enough acceleration
not enough acceleration
not enough acceleration
not enough acceleration
not enough acceleration
not enough acceleration
not enough acceleration
not enough acceleration
not enough acceleration
not enough acceleration
not enough acceleration
not enough acceleration
not enough acceleration
not enough acceleration
not enough acceleration
not enough acceleration
not enough acceleration
not enough acceleration
not enough acceleration
not enough acceleration
not enough acceleration
not enough acceleration
not enough acceleration
not enough acceleration
not enough acceleration
not enough acceleration
not enough acceleration
not enough acceleration
not enough acceleration
not enough acceleration
not enough acceleration
not enough acceleration
not enough acceleration
not enough acceleration
not enough acceleration
not enough acceleration
not enough acceleration
not enough acceleration
not enough acceleration
not enough acceleration
not enough acceleration
not enough acceleration
not enough acceleration
not enough acceleration
not enough acceleration
not enough acceleration
First KF:0; Map init KF:0
New Map created with 50 points
Active map: 0
Dropping frame 1403715529.4621429
Dropping frame 1403715529.8121431
Dropping frame 1403715529.9621429
Dropping frame 1403715530.162143
Dropping frame 1403715530.2621429
Dropping frame 1403715530.4621429
Dropping frame 1403715530.5621431
Dropping frame 1403715530.8121431
Fail to track local map!
IMU is not or recently initialized. Reseting active map...
Dropping frame 1403715531.0121431
LM: Active map reset recieved
LM: Active map reset, waiting...
LM: Reseting current map in Local Mapping...
LM: End reseting Local Mapping...
LM: Reset free the mutex
LM: Active map reset, Done!!!
mnFirstFrameId = 90
mnInitialFrameId = 0
44 Frames set to lost
not IMU meas
not enough acceleration
Dropping frame 1403715531.162143
First KF:10; Map init KF:0
New Map created with 801 points
Active map: 0
Dropping frame 1403715531.362143
Dropping frame 1403715531.5621431
Dropping frame 1403715531.662143
Dropping frame 1403715531.9621429
Dropping frame 1403715532.0621431
Dropping frame 1403715532.5121431
Dropping frame 1403715532.612143
Dropping frame 1403715532.862143
Dropping frame 1403715533.0121431
Dropping frame 1403715533.362143
Dropping frame 1403715533.5121431
Dropping frame 1403715533.8121431
Fail to track local map!
IMU is not or recently initialized. Reseting active map...
LM: Active map reset recieved
LM: Active map reset, waiting...
LM: Reseting current map in Local Mapping...
LM: End reseting Local Mapping...
LM: Reset free the mutex
LM: Active map reset, Done!!!
mnFirstFrameId = 136
mnInitialFrameId = 133
86 Frames set to lost
not IMU meas
not enough acceleration
Dropping frame 1403715534.0121431
not enough acceleration
not enough acceleration
not enough acceleration
not enough acceleration
not enough acceleration
Dropping frame 1403715534.3121431
First KF:20; Map init KF:10
New Map created with 870 points
Active map: 0
Dropping frame 1403715534.612143
Dropping frame 1403715534.8121431
Dropping frame 1403715535.162143
Dropping frame 1403715535.2621429
Dropping frame 1403715535.4621429
Dropping frame 1403715535.612143
Dropping frame 1403715535.9621429
Dropping frame 1403715536.0621431
Dropping frame 1403715536.2621429
Dropping frame 1403715536.362143
Dropping frame 1403715536.4621429
Dropping frame 1403715536.5621431
Dropping frame 1403715536.662143
Dropping frame 1403715537.4621429
Dropping frame 1403715537.5621431
Dropping frame 1403715537.662143
Dropping frame 1403715537.9621429
Dropping frame 1403715538.3121431
Dropping frame 1403715538.412143
Dropping frame 1403715538.7621429
Dropping frame 1403715538.9621429
Dropping frame 1403715539.0621431
Dropping frame 1403715539.162143
Dropping frame 1403715539.362143
Dropping frame 1403715539.4621429
Dropping frame 1403715539.662143
start VIBA 1
end VIBA 1
Dropping frame 1403715539.862143
Dropping frame 1403715539.9621429
Dropping frame 1403715540.2121432
Dropping frame 1403715540.412143
Dropping frame 1403715540.5121431
Dropping frame 1403715540.612143
Dropping frame 1403715540.8121431
Dropping frame 1403715541.0121431
Dropping frame 1403715541.2121432
Dropping frame 1403715541.412143
Dropping frame 1403715541.612143
Dropping frame 1403715541.9621429
Dropping frame 1403715542.5621431
Dropping frame 1403715542.912143
Dropping frame 1403715543.112143
Dropping frame 1403715543.362143
Dropping frame 1403715543.5621431
Dropping frame 1403715543.862143
Dropping frame 1403715544.0621431
Dropping frame 1403715544.162143
Dropping frame 1403715544.362143
Dropping frame 1403715544.612143
Dropping frame 1403715544.912143
Dropping frame 1403715545.112143
Dropping frame 1403715545.3121431
Dropping frame 1403715545.412143
Dropping frame 1403715545.5121431
Dropping frame 1403715545.7121432
Dropping frame 1403715545.912143
Dropping frame 1403715546.0621431
Dropping frame 1403715546.5121431
Dropping frame 1403715546.7121432
Dropping frame 1403715546.8121431
Dropping frame 1403715546.912143
Dropping frame 1403715547.162143
Dropping frame 1403715547.2621429
Dropping frame 1403715547.362143
Dropping frame 1403715547.5621431
Dropping frame 1403715547.7621429
Dropping frame 1403715547.9621429
Dropping frame 1403715548.0621431
Dropping frame 1403715548.3121431
Dropping frame 1403715548.412143
Dropping frame 1403715548.5121431
Dropping frame 1403715548.7121432
Dropping frame 1403715548.862143
Dropping frame 1403715549.0621431
Dropping frame 1403715549.162143
Dropping frame 1403715549.412143
Dropping frame 1403715549.5121431
Dropping frame 1403715549.7621429
start VIBA 2
Dropping frame 1403715549.862143
Dropping frame 1403715550.0621431
end VIBA 2
Dropping frame 1403715550.3121431
Dropping frame 1403715550.5121431
Dropping frame 1403715551.112143
Dropping frame 1403715551.2121432
Dropping frame 1403715551.362143
Dropping frame 1403715551.612143
Dropping frame 1403715551.7121432
Dropping frame 1403715551.8121431
Dropping frame 1403715552.0121431
Dropping frame 1403715552.112143
Dropping frame 1403715552.2121432
Dropping frame 1403715552.3121431
Dropping frame 1403715552.5121431
Dropping frame 1403715552.612143
Dropping frame 1403715552.7121432
Dropping frame 1403715552.912143
Dropping frame 1403715553.0121431
Dropping frame 1403715553.112143
Dropping frame 1403715553.2121432
Dropping frame 1403715553.3121431
Dropping frame 1403715553.612143
Dropping frame 1403715553.9621429
Dropping frame 1403715554.0621431
Dropping frame 1403715554.3121431
Dropping frame 1403715554.412143
Dropping frame 1403715554.7121432
Dropping frame 1403715554.8121431
Dropping frame 1403715555.5121431
Dropping frame 1403715555.862143
Dropping frame 1403715556.0621431
Dropping frame 1403715556.162143
Dropping frame 1403715556.2621429
Dropping frame 1403715556.4621429
Dropping frame 1403715556.5621431
Dropping frame 1403715556.8121431
Dropping frame 1403715556.912143
Dropping frame 1403715557.112143
Dropping frame 1403715557.2621429
Dropping frame 1403715557.362143
Dropping frame 1403715557.4621429
Dropping frame 1403715557.5621431
Dropping frame 1403715557.862143
Dropping frame 1403715557.9621429
Dropping frame 1403715558.2121432
Dropping frame 1403715558.862143
Dropping frame 1403715559.2621429
Dropping frame 1403715559.362143
Dropping frame 1403715559.8121431
Dropping frame 1403715559.912143
Dropping frame 1403715560.162143
Dropping frame 1403715560.362143
Dropping frame 1403715560.7121432
Dropping frame 1403715560.912143
Dropping frame 1403715561.112143
Dropping frame 1403715561.412143
Dropping frame 1403715561.662143
Dropping frame 1403715561.8121431
Dropping frame 1403715562.0121431
Dropping frame 1403715562.2121432
Dropping frame 1403715562.362143
Dropping frame 1403715562.7621429
Dropping frame 1403715562.862143
Dropping frame 1403715563.5621431
Dropping frame 1403715563.7621429
Dropping frame 1403715563.9621429
Dropping frame 1403715564.2621429
Dropping frame 1403715564.362143
Dropping frame 1403715564.4621429
Dropping frame 1403715564.7121432
Dropping frame 1403715564.8121431
Dropping frame 1403715565.0121431
Dropping frame 1403715565.2121432
Dropping frame 1403715565.612143
Dropping frame 1403715565.7121432
Dropping frame 1403715565.8121431
Dropping frame 1403715566.0621431
Dropping frame 1403715566.2621429
Dropping frame 1403715566.4621429
Dropping frame 1403715566.5621431
Dropping frame 1403715566.8121431
Dropping frame 1403715567.0121431
Dropping frame 1403715567.2121432
Dropping frame 1403715567.412143
Dropping frame 1403715567.5121431
Dropping frame 1403715567.612143
Dropping frame 1403715567.8121431
Dropping frame 1403715568.0121431
Dropping frame 1403715568.2121432
Dropping frame 1403715568.5121431
Dropping frame 1403715568.7121432
Dropping frame 1403715568.912143
Dropping frame 1403715569.112143
Dropping frame 1403715569.3121431
Dropping frame 1403715569.412143
Dropping frame 1403715569.5121431
Dropping frame 1403715569.8121431
Dropping frame 1403715570.112143
Dropping frame 1403715570.5121431
Dropping frame 1403715570.9621429
Dropping frame 1403715571.362143
Dropping frame 1403715571.7121432
Dropping frame 1403715571.912143
Dropping frame 1403715572.2121432
Dropping frame 1403715572.5621431
Dropping frame 1403715572.662143
Dropping frame 1403715572.9621429
Dropping frame 1403715573.412143
Dropping frame 1403715573.612143
Dropping frame 1403715573.7621429
Dropping frame 1403715573.9621429
Dropping frame 1403715574.162143
Dropping frame 1403715574.3121431
Dropping frame 1403715574.412143
Dropping frame 1403715574.612143
Dropping frame 1403715574.8121431
Dropping frame 1403715574.912143
Dropping frame 1403715575.0121431
Dropping frame 1403715575.2121432
Dropping frame 1403715575.4621429
Dropping frame 1403715575.662143
Dropping frame 1403715575.862143
Dropping frame 1403715576.0621431
Dropping frame 1403715576.162143
Dropping frame 1403715576.5121431
Dropping frame 1403715576.7121432
Dropping frame 1403715576.8121431
Dropping frame 1403715577.112143
Dropping frame 1403715577.2121432
Dropping frame 1403715577.7121432
Dropping frame 1403715578.0621431
Dropping frame 1403715578.4621429
Dropping frame 1403715579.162143
Dropping frame 1403715579.362143
Dropping frame 1403715579.7121432
Dropping frame 1403715579.8121431
Dropping frame 1403715580.0621431
Dropping frame 1403715580.162143
Dropping frame 1403715580.2621429
Dropping frame 1403715580.362143
Dropping frame 1403715580.662143
Dropping frame 1403715580.7621429
Dropping frame 1403715580.862143
Dropping frame 1403715581.0621431
Dropping frame 1403715581.162143
Dropping frame 1403715581.2621429
Dropping frame 1403715581.4621429
Dropping frame 1403715581.5621431
Dropping frame 1403715581.662143
Dropping frame 1403715581.9621429
Dropping frame 1403715582.0621431
Dropping frame 1403715582.362143
Dropping frame 1403715582.612143
Dropping frame 1403715582.7621429
Dropping frame 1403715582.9621429
Dropping frame 1403715583.2621429
Dropping frame 1403715583.362143
Dropping frame 1403715584.162143
Dropping frame 1403715584.362143
Dropping frame 1403715584.662143
Dropping frame 1403715585.0621431
Dropping frame 1403715585.362143
Dropping frame 1403715585.5121431
Dropping frame 1403715585.7121432
Dropping frame 1403715586.412143
Dropping frame 1403715586.7621429
Dropping frame 1403715586.9621429
Dropping frame 1403715587.112143
Dropping frame 1403715587.3121431
Dropping frame 1403715587.4621429
Dropping frame 1403715587.662143
Dropping frame 1403715587.7621429
Dropping frame 1403715587.862143
Dropping frame 1403715588.5621431
Dropping frame 1403715588.9621429
Dropping frame 1403715589.4621429
Dropping frame 1403715589.662143
Dropping frame 1403715589.7621429
Dropping frame 1403715590.162143
Dropping frame 1403715590.362143
Dropping frame 1403715590.662143
Dropping frame 1403715590.7621429
Dropping frame 1403715590.862143
Dropping frame 1403715591.0621431
Dropping frame 1403715591.2621429
Dropping frame 1403715591.4621429
Dropping frame 1403715591.5621431
Dropping frame 1403715591.662143
Dropping frame 1403715591.862143
Dropping frame 1403715592.162143
Dropping frame 1403715592.3121431
Dropping frame 1403715592.5121431
Dropping frame 1403715592.612143
Dropping frame 1403715592.7621429
Dropping frame 1403715593.0121431
Dropping frame 1403715593.112143
Dropping frame 1403715593.2121432
Dropping frame 1403715593.412143
Dropping frame 1403715593.5621431
Dropping frame 1403715593.7621429
Dropping frame 1403715594.0621431
Dropping frame 1403715594.162143
Dropping frame 1403715594.5621431
Dropping frame 1403715594.7621429
Dropping frame 1403715596.162143
Dropping frame 1403715596.5121431
Dropping frame 1403715596.612143
Dropping frame 1403715596.862143
Dropping frame 1403715596.9621429
Dropping frame 1403715597.162143
Dropping frame 1403715597.2621429
Dropping frame 1403715597.412143
Dropping frame 1403715597.5121431
Dropping frame 1403715597.612143
Dropping frame 1403715597.8121431
Dropping frame 1403715598.112143
Dropping frame 1403715598.2121432
Dropping frame 1403715598.3121431
Dropping frame 1403715598.412143
Dropping frame 1403715598.5121431
Dropping frame 1403715598.7121432
Dropping frame 1403715598.8121431
Dropping frame 1403715598.9621429
Dropping frame 1403715599.0621431
Dropping frame 1403715599.162143
Dropping frame 1403715599.362143
Dropping frame 1403715599.5621431
Dropping frame 1403715599.662143
Dropping frame 1403715599.7621429
Dropping frame 1403715600.0621431
Dropping frame 1403715600.162143
Dropping frame 1403715600.662143
Dropping frame 1403715600.9621429
Dropping frame 1403715601.0621431
Dropping frame 1403715601.2621429
Dropping frame 1403715601.5621431
Dropping frame 1403715601.662143
Dropping frame 1403715601.7621429
Dropping frame 1403715602.162143
Dropping frame 1403715602.612143
Dropping frame 1403715602.912143
Dropping frame 1403715603.112143
Dropping frame 1403715603.3121431
Dropping frame 1403715603.662143
Dropping frame 1403715604.2121432
Dropping frame 1403715604.362143
Dropping frame 1403715604.612143
Dropping frame 1403715605.0121431
Dropping frame 1403715605.2621429
Dropping frame 1403715605.362143
Dropping frame 1403715605.5621431
Dropping frame 1403715605.7121432
Dropping frame 1403715605.912143
Dropping frame 1403715606.112143
Dropping frame 1403715606.662143
Dropping frame 1403715607.112143
Dropping frame 1403715607.362143
Dropping frame 1403715607.4621429
Dropping frame 1403715607.8121431
Dropping frame 1403715608.112143
Dropping frame 1403715608.412143
Dropping frame 1403715608.5121431
Dropping frame 1403715608.612143
Dropping frame 1403715608.862143
Dropping frame 1403715609.0121431
Dropping frame 1403715609.162143
Shutdown
SLAM Finished at System Time: 1746950777.13831

 TIME STATS in ms (mean$\pm$std)
OpenCV version: 4.8.1
---------------------------
Tracking

ORB Extraction: 16.337$\pm$2.2426
Stereo Matching: 7.8141$\pm$2.6499
IMU Preintegration: 0.20347$\pm$0.073697
Pose Prediction: 0.76636$\pm$2.105
LM Track: 17.752$\pm$4.2001
New KF decision: 2.1304$\pm$3.9325
Total Tracking: 31.223$\pm$24.304



Local Mapping

KF Insertion: 12.491$\pm$3.1107
MP Culling: 0.83892$\pm$0.33786
MP Creation: 40.985$\pm$14.205
LBA: 148.81$\pm$54.68
KF Culling: 13.91$\pm$9.7822
Total Local Mapping: 215.93$\pm$78.402
---------------------------

LBA complexity (mean$\pm$std)
LBA Edges: 2661.1$\pm$1163.3
LBA KF optimized: 6.2083$\pm$2.1981
LBA KF fixed: 1.0417$\pm$0.19983
LBA MP: nan$\pm$nan

LBA executions: 274
LBA aborts: 0
---------------------------

Map complexity
KFs in map: 124
MPs in map: 10723
---------------------------

Place Recognition (mean$\pm$std)
Database Query: 1.5822$\pm$0.74333
SE3 estimation: 22.235$\pm$16.963
Total Place Recognition: 17.37$\pm$18.265


Loop Closing (mean$\pm$std)
Loop Fusion: nan$\pm$nan
Essential Graph: nan$\pm$nan
Total Loop Closing: nan$\pm$nan

Num exec: 0
Number of KFs: nan$\pm$nan

Map Merging (mean$\pm$std)
Merge Maps: nan$\pm$nan
Welding BA: nan$\pm$nan
Optimization Ess.: nan$\pm$nan
Total Map Merging: nan$\pm$nan

Num exec: 0
Number of KFs: nan$\pm$nan
Number of MPs: nan$\pm$nan

Full GBA (mean$\pm$std)
GBA: nan$\pm$nan
Map Update: nan$\pm$nan
Total Full GBA: nan$\pm$nan

Num exec: 0
Num abort: 0
Number of KFs: nan$\pm$nan
Number of MPs: nan$\pm$nan

Saving trajectory to f_dataset-V102_stereo_imu.txt ...
There are 1 maps in the atlas
  Map 0 has 124 KFs

End of saving trajectory to f_dataset-V102_stereo_imu.txt ...

Saving keyframe trajectory to kf_dataset-V102_stereo_imu.txt ...
