num_seq = 1
file name: dataset-MH03_stereo_imu
Loading images for sequence 0...LOADED!
Loading IMU for sequence 0...LOADED!

-------

ORB-SLAM3 Copyright (C) 2017-2020 Carlos Campos, Richard Elvira, Juan J. Gómez, José M.M. Montiel and Juan D. Tardós, University of Zaragoza.
ORB-SLAM2 Copyright (C) 2014-2016 Raúl Mur-Artal, José M.M. Montiel and Juan D. Tardós, University of Zaragoza.
This program comes with ABSOLUTELY NO WARRANTY;
This is free software, and you are welcome to redistribute it
under certain conditions. See LICENSE.txt.

Built with REGISTER_TIMES
Git Commit Hash: 2d47524

Build Type: Release

Compiled with C++ version: 201703

Input sensor was set to: Stereo-Inertial
Loading settings from EuRoC_fov_deadlines_mask_5x5.yaml
	-Loaded camera 1
	-Loaded camera 2
	-Loaded image info
	-Loaded IMU calibration
	-Loaded ORB settings
	-Loaded viewer settings
	-Loaded Atlas settings
Deadlines enabled, will skip frames!
FOV enabled
Static mask size: 5x5
Dumping map points enabled
	-Loaded misc parameters
	-Computed rectification maps
----------------------------------
SLAM settings: 
	-Camera 1 parameters (Pinhole): [ 458.65399169921875 457.29598999023438 367.21499633789062 248.375 ]
	-Camera 1 distortion parameters: [  -0.28340810537338257 0.073959067463874817 0.00019359000725671649 1.7618711353861727e-05 ]
	-Camera 2 parameters (Pinhole: [ 457.58700561523438 456.13400268554688 379.99899291992188 255.23800659179688 ]
	-Camera 1 distortion parameters: [  -0.2836836576461792 0.074512839317321777 -0.00010473000293131918 -3.555907096597366e-05 ]
	-Original image size: [ 752 , 480 ]
	-Current image size: [ 752 , 480 ]
	-Camera 1 parameters after rectification: [  456.71499633789062 456.71499633789062 364.52615356445312 257.268798828125 ]
	-Sequence FPS: 20
	-Stereo baseline: 0.11007784307003021
	-Stereo depth threshold : 60
	-Gyro noise: 0.00016999999934341758
	-Accelerometer noise: 0.0020000000949949026
	-Gyro walk: 1.9392999092815444e-05
	-Accelerometer walk: 0.0030000000260770321
	-IMU frequency: 200
	-Features per image: 1200
	-ORB scale factor: 1.2000000476837158
	-ORB number of scales: 8
	-Initial FAST threshold: 20
	-Min FAST threshold: 7


Loading ORB Vocabulary. This could take a while...
Vocabulary loaded!

Initialization of Atlas from scratch 
Creation of new map with id: 0
Creation of new map with last KF id: 0
Seq. Name: 
There are 1 cameras in the atlas
Camera 0 is pinhole
SLAM Started at System Time: 1740755473.07077
not IMU meas
not IMU meas
not enough acceleration
not enough acceleration
First KF:0; Map init KF:0
New Map created with 157 points
Active map: 0
Not enough motion for initializing. Reseting...
TRACK: Reset map because local mapper set the bad imu flag 
LM: Reseting current map in Local Mapping...
LM: End reseting Local Mapping...
LM: Reset free the mutex
LM: Active map reset recieved
LM: Active map reset, waiting...
LM: Reseting current map in Local Mapping...
LM: End reseting Local Mapping...
LM: Reset free the mutex
LM: Active map reset, Done!!!
mnFirstFrameId = 4
mnInitialFrameId = 0
53 Frames set to lost
not IMU meas
First KF:11; Map init KF:0
New Map created with 199 points
Active map: 0
Dropping frame 1403637134.388319
Dropping frame 1403637134.7383192
Dropping frame 1403637135.8383191
Dropping frame 1403637136.2383192
Dropping frame 1403637136.3383191
Dropping frame 1403637136.4883189
Dropping frame 1403637136.8383191
Dropping frame 1403637137.638319
Dropping frame 1403637137.8383191
Dropping frame 1403637138.0383191
Dropping frame 1403637138.4383192
start VIBA 1
end VIBA 1
Dropping frame 1403637139.638319
Not enough motion for initializing. Reseting...
TRACK: Reset map because local mapper set the bad imu flag 
LM: Reseting current map in Local Mapping...
LM: End reseting Local Mapping...
LM: Reset free the mutex
LM: Active map reset recieved
LM: Active map reset, waiting...
LM: Reseting current map in Local Mapping...
LM: End reseting Local Mapping...
LM: Reset free the mutex
LM: Active map reset, Done!!!
mnFirstFrameId = 59
mnInitialFrameId = 57
175 Frames set to lost
not IMU meas
not enough acceleration
First KF:46; Map init KF:11
New Map created with 163 points
Active map: 0
Not enough motion for initializing. Reseting...
TRACK: Reset map because local mapper set the bad imu flag 
LM: Reseting current map in Local Mapping...
LM: End reseting Local Mapping...
LM: Reset free the mutex
LM: Active map reset recieved
LM: Active map reset, waiting...
LM: Reseting current map in Local Mapping...
LM: End reseting Local Mapping...
LM: Reset free the mutex
LM: Active map reset, Done!!!
mnFirstFrameId = 184
mnInitialFrameId = 181
231 Frames set to lost
not IMU meas
not enough acceleration
not enough acceleration
not enough acceleration
not enough acceleration
not enough acceleration
not enough acceleration
not enough acceleration
not enough acceleration
not enough acceleration
not enough acceleration
not enough acceleration
not enough acceleration
not enough acceleration
not enough acceleration
not enough acceleration
not enough acceleration
not enough acceleration
not enough acceleration
not enough acceleration
not enough acceleration
not enough acceleration
not enough acceleration
not enough acceleration
not enough acceleration
not enough acceleration
not enough acceleration
not enough acceleration
not enough acceleration
First KF:57; Map init KF:46
New Map created with 160 points
Active map: 0
Not enough motion for initializing. Reseting...
TRACK: Reset map because local mapper set the bad imu flag 
LM: Reseting current map in Local Mapping...
LM: End reseting Local Mapping...
LM: Reset free the mutex
LM: Active map reset recieved
LM: Active map reset, waiting...
LM: Reseting current map in Local Mapping...
LM: End reseting Local Mapping...
LM: Reset free the mutex
LM: Active map reset, Done!!!
mnFirstFrameId = 270
mnInitialFrameId = 240
287 Frames set to lost
not IMU meas
not enough acceleration
not enough acceleration
not enough acceleration
not enough acceleration
not enough acceleration
not enough acceleration
not enough acceleration
not enough acceleration
not enough acceleration
not enough acceleration
not enough acceleration
not enough acceleration
not enough acceleration
not enough acceleration
not enough acceleration
not enough acceleration
not enough acceleration
not enough acceleration
not enough acceleration
not enough acceleration
not enough acceleration
not enough acceleration
not enough acceleration
not enough acceleration
not enough acceleration
not enough acceleration
not enough acceleration
not enough acceleration
not enough acceleration
not enough acceleration
not enough acceleration
not enough acceleration
not enough acceleration
not enough acceleration
not enough acceleration
not enough acceleration
not enough acceleration
not enough acceleration
not enough acceleration
not enough acceleration
not enough acceleration
not enough acceleration
not enough acceleration
not enough acceleration
First KF:68; Map init KF:57
New Map created with 133 points
Active map: 0
Dropping frame 1403637152.3383191
Dropping frame 1403637152.888319
Dropping frame 1403637153.188319
Dropping frame 1403637153.8383191
Dropping frame 1403637154.0383191
Dropping frame 1403637154.2383192
Dropping frame 1403637154.388319
Dropping frame 1403637154.638319
Dropping frame 1403637154.7383192
start VIBA 1
Dropping frame 1403637155.138319
end VIBA 1
Dropping frame 1403637155.3383191
Dropping frame 1403637155.888319
Dropping frame 1403637155.9883189
Dropping frame 1403637156.0883191
Dropping frame 1403637156.2883189
Dropping frame 1403637156.388319
Dropping frame 1403637156.638319
Dropping frame 1403637156.888319
Dropping frame 1403637156.9883189
Dropping frame 1403637157.2883189
Dropping frame 1403637157.4883189
Dropping frame 1403637157.5883191
Dropping frame 1403637157.688319
Dropping frame 1403637158.0883191
Dropping frame 1403637158.188319
Dropping frame 1403637158.2883189
Dropping frame 1403637158.4883189
Dropping frame 1403637158.5883191
Dropping frame 1403637158.7883189
Dropping frame 1403637158.9883189
Dropping frame 1403637159.0883191
Dropping frame 1403637159.638319
Dropping frame 1403637159.7883189
Dropping frame 1403637160.138319
Dropping frame 1403637160.2883189
Dropping frame 1403637160.5383191
Dropping frame 1403637160.888319
Dropping frame 1403637161.0883191
Dropping frame 1403637161.4883189
Dropping frame 1403637161.638319
Dropping frame 1403637161.8383191
Dropping frame 1403637162.0383191
Dropping frame 1403637162.2383192
Dropping frame 1403637162.3383191
Dropping frame 1403637162.638319
Dropping frame 1403637162.9883189
Dropping frame 1403637163.5883191
Dropping frame 1403637164.138319
start VIBA 2
end VIBA 2
Dropping frame 1403637165.5383191
Dropping frame 1403637166.188319
Dropping frame 1403637166.5383191
Dropping frame 1403637166.638319
Dropping frame 1403637166.9383192
Dropping frame 1403637167.188319
Dropping frame 1403637167.4383192
Dropping frame 1403637167.5383191
Dropping frame 1403637167.7383192
Dropping frame 1403637167.888319
Dropping frame 1403637168.0883191
Dropping frame 1403637168.388319
Dropping frame 1403637168.8383191
Dropping frame 1403637168.9383192
Dropping frame 1403637169.2883189
Dropping frame 1403637169.7383192
Dropping frame 1403637169.9883189
Dropping frame 1403637170.5383191
Dropping frame 1403637171.5383191
Dropping frame 1403637171.7883189
Dropping frame 1403637175.2883189
Dropping frame 1403637175.5883191
Dropping frame 1403637175.8383191
Dropping frame 1403637176.7383192
Dropping frame 1403637176.9383192
Dropping frame 1403637177.0383191
Dropping frame 1403637177.4383192
Dropping frame 1403637177.9883189
Dropping frame 1403637178.388319
Dropping frame 1403637178.638319
Dropping frame 1403637182.638319
Dropping frame 1403637183.7883189
Dropping frame 1403637184.0383191
Dropping frame 1403637184.138319
Dropping frame 1403637184.2383192
Dropping frame 1403637184.5383191
Dropping frame 1403637184.638319
Dropping frame 1403637184.9383192
Dropping frame 1403637185.0383191
Dropping frame 1403637185.8383191
Dropping frame 1403637186.0883191
Dropping frame 1403637186.188319
Dropping frame 1403637186.388319
Dropping frame 1403637186.5883191
Dropping frame 1403637186.688319
Dropping frame 1403637186.8383191
Dropping frame 1403637186.9383192
Dropping frame 1403637187.2383192
Dropping frame 1403637187.3383191
Dropping frame 1403637187.5883191
Dropping frame 1403637187.9883189
Dropping frame 1403637188.0883191
Dropping frame 1403637188.3383191
Dropping frame 1403637188.7383192
Dropping frame 1403637190.5883191
Dropping frame 1403637190.8383191
Dropping frame 1403637190.9383192
Dropping frame 1403637191.0383191
Dropping frame 1403637191.2883189
Dropping frame 1403637191.5883191
Dropping frame 1403637191.888319
Dropping frame 1403637192.188319
Dropping frame 1403637192.4883189
Dropping frame 1403637192.7883189
Dropping frame 1403637193.3383191
Dropping frame 1403637193.5383191
Dropping frame 1403637193.638319
Dropping frame 1403637193.7383192
Dropping frame 1403637193.8383191
Dropping frame 1403637193.9383192
Dropping frame 1403637194.188319
Dropping frame 1403637194.4883189
Dropping frame 1403637194.638319
Dropping frame 1403637194.8383191
Dropping frame 1403637195.188319
Dropping frame 1403637195.2883189
Dropping frame 1403637195.388319
Dropping frame 1403637195.638319
Dropping frame 1403637195.8383191
Dropping frame 1403637196.0383191
Dropping frame 1403637196.138319
Dropping frame 1403637196.2383192
Dropping frame 1403637196.688319
Dropping frame 1403637196.7883189
Dropping frame 1403637196.888319
Dropping frame 1403637196.9883189
Dropping frame 1403637197.2383192
Dropping frame 1403637197.4383192
Dropping frame 1403637197.5383191
Dropping frame 1403637197.638319
Dropping frame 1403637197.7383192
Dropping frame 1403637197.8383191
Dropping frame 1403637198.188319
Dropping frame 1403637198.388319
Dropping frame 1403637198.638319
Dropping frame 1403637198.7383192
Dropping frame 1403637198.8383191
Dropping frame 1403637198.9383192
Dropping frame 1403637199.138319
Dropping frame 1403637199.3383191
Dropping frame 1403637199.4383192
Dropping frame 1403637199.5383191
Dropping frame 1403637199.7383192
Dropping frame 1403637199.8383191
Dropping frame 1403637199.9383192
Dropping frame 1403637200.138319
Dropping frame 1403637200.3383191
Dropping frame 1403637200.5883191
Dropping frame 1403637200.9883189
Dropping frame 1403637201.188319
Dropping frame 1403637201.388319
Dropping frame 1403637201.4883189
Dropping frame 1403637201.5883191
Dropping frame 1403637201.688319
Dropping frame 1403637201.888319
Dropping frame 1403637201.9883189
Dropping frame 1403637202.0883191
Dropping frame 1403637202.188319
Dropping frame 1403637202.2883189
Dropping frame 1403637202.388319
Dropping frame 1403637202.638319
Dropping frame 1403637202.8383191
Dropping frame 1403637202.9383192
Dropping frame 1403637203.0383191
Dropping frame 1403637203.138319
Dropping frame 1403637203.3383191
Dropping frame 1403637203.4383192
Dropping frame 1403637203.5383191
Dropping frame 1403637203.638319
Dropping frame 1403637203.7383192
Dropping frame 1403637203.8383191
Dropping frame 1403637203.9383192
Dropping frame 1403637204.138319
Dropping frame 1403637204.2383192
Dropping frame 1403637204.3383191
Dropping frame 1403637204.4383192
Dropping frame 1403637204.688319
Dropping frame 1403637205.0883191
Dropping frame 1403637205.4883189
Dropping frame 1403637205.7883189
Dropping frame 1403637205.888319
Dropping frame 1403637206.5383191
Dropping frame 1403637206.8383191
Dropping frame 1403637207.0383191
Dropping frame 1403637207.2383192
Dropping frame 1403637207.5883191
Dropping frame 1403637208.3383191
Dropping frame 1403637209.0883191
Dropping frame 1403637209.188319
Dropping frame 1403637209.5383191
Dropping frame 1403637209.638319
Dropping frame 1403637210.2383192
Dropping frame 1403637210.688319
Dropping frame 1403637211.0383191
Dropping frame 1403637211.2383192
Dropping frame 1403637211.5883191
Dropping frame 1403637211.9883189
Dropping frame 1403637212.3383191
Dropping frame 1403637212.688319
Dropping frame 1403637212.9883189
Dropping frame 1403637213.188319
Dropping frame 1403637214.188319
Dropping frame 1403637215.188319
Dropping frame 1403637215.388319
Dropping frame 1403637215.9883189
Dropping frame 1403637216.188319
Dropping frame 1403637216.688319
Dropping frame 1403637216.9883189
Dropping frame 1403637217.3383191
Dropping frame 1403637217.4383192
Dropping frame 1403637217.5383191
Dropping frame 1403637217.7383192
Dropping frame 1403637217.8383191
Dropping frame 1403637217.9383192
Dropping frame 1403637218.188319
Dropping frame 1403637218.388319
Dropping frame 1403637218.5883191
Dropping frame 1403637219.4383192
Dropping frame 1403637219.888319
Dropping frame 1403637220.0883191
Dropping frame 1403637220.2883189
Dropping frame 1403637220.638319
Dropping frame 1403637221.638319
Dropping frame 1403637221.7383192
Dropping frame 1403637221.8383191
Dropping frame 1403637222.0383191
Dropping frame 1403637222.188319
Dropping frame 1403637222.388319
Dropping frame 1403637222.5883191
Dropping frame 1403637222.7883189
Dropping frame 1403637222.9883189
Dropping frame 1403637223.0883191
Dropping frame 1403637223.3383191
Dropping frame 1403637223.5383191
Dropping frame 1403637223.7383192
Dropping frame 1403637223.9383192
Dropping frame 1403637224.138319
Dropping frame 1403637224.3383191
Dropping frame 1403637224.4383192
Dropping frame 1403637224.5383191
Dropping frame 1403637224.7883189
Dropping frame 1403637224.888319
Dropping frame 1403637224.9883189
Dropping frame 1403637225.188319
Dropping frame 1403637225.388319
Dropping frame 1403637225.5883191
Dropping frame 1403637225.7883189
Dropping frame 1403637225.888319
Dropping frame 1403637225.9883189
Dropping frame 1403637226.188319
Dropping frame 1403637226.388319
Dropping frame 1403637226.5883191
Dropping frame 1403637226.7883189
Dropping frame 1403637226.9883189
Dropping frame 1403637227.188319
Dropping frame 1403637227.388319
Dropping frame 1403637227.688319
Dropping frame 1403637228.188319
Dropping frame 1403637228.2883189
Dropping frame 1403637228.4383192
Dropping frame 1403637228.638319
Dropping frame 1403637228.7383192
Dropping frame 1403637229.638319
Dropping frame 1403637229.7383192
Dropping frame 1403637230.0883191
Dropping frame 1403637230.2883189
Dropping frame 1403637230.388319
Dropping frame 1403637230.4883189
Dropping frame 1403637230.7383192
Dropping frame 1403637231.188319
Dropping frame 1403637231.2883189
Dropping frame 1403637231.638319
Dropping frame 1403637231.7383192
Dropping frame 1403637231.8383191
Dropping frame 1403637232.0383191
Dropping frame 1403637232.138319
Dropping frame 1403637232.2383192
Dropping frame 1403637232.5883191
Dropping frame 1403637232.888319
Dropping frame 1403637232.9883189
Dropping frame 1403637233.4883189
Dropping frame 1403637233.8383191
Dropping frame 1403637234.138319
Dropping frame 1403637234.5383191
Dropping frame 1403637234.7883189
Dropping frame 1403637234.9883189
Dropping frame 1403637235.4383192
Dropping frame 1403637235.638319
Dropping frame 1403637235.7383192
Dropping frame 1403637235.8383191
Dropping frame 1403637236.2383192
Dropping frame 1403637236.4883189
Dropping frame 1403637236.8383191
Dropping frame 1403637237.0883191
Dropping frame 1403637237.188319
Dropping frame 1403637237.3383191
Dropping frame 1403637237.4383192
Dropping frame 1403637237.7383192
Dropping frame 1403637237.9883189
Dropping frame 1403637238.4383192
Dropping frame 1403637238.5383191
Dropping frame 1403637238.9883189
Dropping frame 1403637239.0883191
Dropping frame 1403637239.4883189
Dropping frame 1403637239.9383192
Dropping frame 1403637240.0883191
Dropping frame 1403637241.7383192
Dropping frame 1403637242.5383191
Dropping frame 1403637242.888319
Dropping frame 1403637243.7883189
Dropping frame 1403637244.638319
Dropping frame 1403637245.0383191
Dropping frame 1403637245.138319
Dropping frame 1403637245.8383191
Dropping frame 1403637245.9383192
Dropping frame 1403637246.3383191
Dropping frame 1403637246.8383191
Dropping frame 1403637247.138319
Dropping frame 1403637247.4383192
Dropping frame 1403637248.388319
Dropping frame 1403637248.4883189
Dropping frame 1403637248.7883189
Dropping frame 1403637249.0383191
Dropping frame 1403637249.188319
Dropping frame 1403637249.388319
Dropping frame 1403637249.5383191
Dropping frame 1403637249.7383192
Dropping frame 1403637249.8383191
Dropping frame 1403637249.9383192
Dropping frame 1403637250.2883189
Dropping frame 1403637250.388319
Dropping frame 1403637250.4883189
Dropping frame 1403637250.5883191
Dropping frame 1403637250.688319
Dropping frame 1403637250.8383191
Dropping frame 1403637251.0383191
Dropping frame 1403637251.188319
Dropping frame 1403637251.4383192
Dropping frame 1403637251.638319
Dropping frame 1403637251.8383191
Dropping frame 1403637252.0383191
Dropping frame 1403637252.2383192
Dropping frame 1403637252.3383191
Dropping frame 1403637252.5883191
Dropping frame 1403637252.688319
Dropping frame 1403637252.888319
Dropping frame 1403637252.9883189
Dropping frame 1403637253.0883191
Dropping frame 1403637253.2883189
Dropping frame 1403637253.388319
Dropping frame 1403637253.4883189
Dropping frame 1403637253.688319
Dropping frame 1403637253.7883189
Dropping frame 1403637253.888319
Dropping frame 1403637254.0883191
Dropping frame 1403637254.188319
Dropping frame 1403637254.2883189
Dropping frame 1403637254.4883189
Dropping frame 1403637254.688319
Dropping frame 1403637254.7883189
Dropping frame 1403637254.888319
Dropping frame 1403637254.9883189
Dropping frame 1403637255.188319
Dropping frame 1403637255.2883189
Dropping frame 1403637255.388319
Dropping frame 1403637255.5883191
Dropping frame 1403637255.688319
Dropping frame 1403637255.7883189
Dropping frame 1403637255.9883189
Dropping frame 1403637256.0883191
Dropping frame 1403637256.188319
Dropping frame 1403637256.388319
Dropping frame 1403637256.4883189
Dropping frame 1403637256.5883191
Dropping frame 1403637256.7883189
Dropping frame 1403637256.888319
Dropping frame 1403637256.9883189
Dropping frame 1403637257.188319
Dropping frame 1403637257.388319
Dropping frame 1403637257.5883191
Dropping frame 1403637257.688319
Dropping frame 1403637257.7883189
Dropping frame 1403637257.888319
Dropping frame 1403637258.0883191
Dropping frame 1403637258.2883189
Dropping frame 1403637258.4883189
Dropping frame 1403637258.5883191
Dropping frame 1403637258.688319
Dropping frame 1403637258.888319
Dropping frame 1403637258.9883189
Dropping frame 1403637259.0883191
Dropping frame 1403637259.2883189
Dropping frame 1403637259.388319
Dropping frame 1403637259.4883189
Dropping frame 1403637259.688319
Dropping frame 1403637259.7883189
Dropping frame 1403637259.888319
Dropping frame 1403637260.0883191
Dropping frame 1403637260.2883189
Dropping frame 1403637260.4883189
Dropping frame 1403637260.5883191
Dropping frame 1403637260.688319
Dropping frame 1403637260.888319
Dropping frame 1403637260.9883189
Dropping frame 1403637261.0883191
Dropping frame 1403637261.5383191
Dropping frame 1403637261.638319
Dropping frame 1403637261.7383192
Dropping frame 1403637261.9383192
Dropping frame 1403637262.0383191
Dropping frame 1403637262.138319
Dropping frame 1403637262.3383191
Dropping frame 1403637262.4383192
Dropping frame 1403637262.5383191
Dropping frame 1403637262.7383192
Dropping frame 1403637262.8383191
Dropping frame 1403637262.9383192
Dropping frame 1403637263.138319
Dropping frame 1403637263.2383192
Dropping frame 1403637263.3383191
Dropping frame 1403637263.7883189
Dropping frame 1403637263.9883189
Dropping frame 1403637264.0883191
Dropping frame 1403637264.9383192
Dropping frame 1403637265.138319
Dropping frame 1403637265.2383192
Dropping frame 1403637265.3383191
Dropping frame 1403637265.4883189
Shutdown
SLAM Finished at System Time: 1740755632.52607

 TIME STATS in ms (mean$\pm$std)
OpenCV version: 4.8.1
---------------------------
Tracking

ORB Extraction: 14.95$\pm$2.0769
Stereo Matching: 7.3314$\pm$1.8776
IMU Preintegration: 0.25823$\pm$0.11673
Pose Prediction: 0.5753$\pm$1.3993
LM Track: 17.656$\pm$6.189
New KF decision: 1.319$\pm$2.4762
Total Tracking: 33.224$\pm$22.25



Local Mapping

KF Insertion: 12.47$\pm$5.2398
MP Culling: 0.53196$\pm$0.26449
MP Creation: 42.238$\pm$18.592
LBA: 144.26$\pm$66.78
KF Culling: 14.133$\pm$10.541
Total Local Mapping: 211.72$\pm$93.026
---------------------------

LBA complexity (mean$\pm$std)
LBA Edges: 1218.3$\pm$537.7
LBA KF optimized: 6.5$\pm$2.2913
LBA KF fixed: 1$\pm$0
LBA MP: nan$\pm$nan

LBA executions: 490
LBA aborts: 0
---------------------------

Map complexity
KFs in map: 177
MPs in map: 13959
---------------------------

Place Recognition (mean$\pm$std)
Database Query: 1.9288$\pm$0.99733
SE3 estimation: 25.081$\pm$15.154
Total Place Recognition: 20.629$\pm$18.013


Loop Closing (mean$\pm$std)
Loop Fusion: nan$\pm$nan
Essential Graph: nan$\pm$nan
Total Loop Closing: nan$\pm$nan

Num exec: 0
Number of KFs: nan$\pm$nan

Map Merging (mean$\pm$std)
Merge Maps: nan$\pm$nan
Welding BA: nan$\pm$nan
Optimization Ess.: nan$\pm$nan
Total Map Merging: nan$\pm$nan

Num exec: 0
Number of KFs: nan$\pm$nan
Number of MPs: nan$\pm$nan

Full GBA (mean$\pm$std)
GBA: nan$\pm$nan
Map Update: nan$\pm$nan
Total Full GBA: nan$\pm$nan

Num exec: 0
Num abort: 0
Number of KFs: nan$\pm$nan
Number of MPs: nan$\pm$nan

Saving trajectory to f_dataset-MH03_stereo_imu.txt ...
There are 1 maps in the atlas
  Map 0 has 177 KFs

End of saving trajectory to f_dataset-MH03_stereo_imu.txt ...

Saving keyframe trajectory to kf_dataset-MH03_stereo_imu.txt ...
