num_seq = 1
file name: dataset-V103_stereo_imu
Loading images for sequence 0...LOADED!
Loading IMU for sequence 0...LOADED!

-------

ORB-SLAM3 Copyright (C) 2017-2020 Carlos Campos, Richard Elvira, Juan J. Gómez, José M.M. Montiel and Juan D. Tardós, University of Zaragoza.
ORB-SLAM2 Copyright (C) 2014-2016 Raúl Mur-Artal, José M.M. Montiel and Juan D. Tardós, University of Zaragoza.
This program comes with ABSOLUTELY NO WARRANTY;
This is free software, and you are welcome to redistribute it
under certain conditions. See LICENSE.txt.

Built with REGISTER_TIMES
Git Commit Hash: 33f00b6

Build Type: Release

Compiled with C++ version: 201703

Input sensor was set to: Stereo-Inertial
Loading settings from EuRoC_fov_deadlines_mask_10x10.yaml
	-Loaded camera 1
	-Loaded camera 2
	-Loaded image info
	-Loaded IMU calibration
	-Loaded ORB settings
	-Loaded viewer settings
	-Loaded Atlas settings
Deadlines enabled, will skip frames!
FOV enabled
Static mask size: 10x10
Dumping map points enabled
	-Loaded misc parameters
	-Computed rectification maps
----------------------------------
SLAM settings: 
	-Camera 1 parameters (Pinhole): [ 458.65399169921875 457.29598999023438 367.21499633789062 248.375 ]
	-Camera 1 distortion parameters: [  -0.28340810537338257 0.073959067463874817 0.00019359000725671649 1.7618711353861727e-05 ]
	-Camera 2 parameters (Pinhole: [ 457.58700561523438 456.13400268554688 379.99899291992188 255.23800659179688 ]
	-Camera 1 distortion parameters: [  -0.2836836576461792 0.074512839317321777 -0.00010473000293131918 -3.555907096597366e-05 ]
	-Original image size: [ 752 , 480 ]
	-Current image size: [ 752 , 480 ]
	-Camera 1 parameters after rectification: [  456.71499633789062 456.71499633789062 364.52615356445312 257.268798828125 ]
	-Sequence FPS: 20
	-Stereo baseline: 0.11007784307003021
	-Stereo depth threshold : 60
	-Gyro noise: 0.00016999999934341758
	-Accelerometer noise: 0.0020000000949949026
	-Gyro walk: 1.9392999092815444e-05
	-Accelerometer walk: 0.0030000000260770321
	-IMU frequency: 200
	-Features per image: 1200
	-ORB scale factor: 1.2000000476837158
	-ORB number of scales: 8
	-Initial FAST threshold: 20
	-Min FAST threshold: 7


Loading ORB Vocabulary. This could take a while...
Vocabulary loaded!

Initialization of Atlas from scratch 
Creation of new map with id: 0
Creation of new map with last KF id: 0
Seq. Name: 
There are 1 cameras in the atlas
Camera 0 is pinhole
SLAM Started at System Time: 1746984059.9662
not IMU meas
not IMU meas
not enough acceleration
not enough acceleration
not enough acceleration
not enough acceleration
not enough acceleration
not enough acceleration
not enough acceleration
not enough acceleration
not enough acceleration
not enough acceleration
not enough acceleration
not enough acceleration
not enough acceleration
not enough acceleration
not enough acceleration
not enough acceleration
not enough acceleration
not enough acceleration
not enough acceleration
not enough acceleration
not enough acceleration
not enough acceleration
not enough acceleration
not enough acceleration
not enough acceleration
not enough acceleration
not enough acceleration
not enough acceleration
not enough acceleration
not enough acceleration
not enough acceleration
not enough acceleration
not enough acceleration
not enough acceleration
not enough acceleration
not enough acceleration
not enough acceleration
not enough acceleration
not enough acceleration
not enough acceleration
not enough acceleration
not enough acceleration
not enough acceleration
not enough acceleration
not enough acceleration
not enough acceleration
not enough acceleration
not enough acceleration
not enough acceleration
not enough acceleration
not enough acceleration
not enough acceleration
not enough acceleration
not enough acceleration
not enough acceleration
not enough acceleration
not enough acceleration
not enough acceleration
not enough acceleration
not enough acceleration
not enough acceleration
not enough acceleration
not enough acceleration
not enough acceleration
not enough acceleration
not enough acceleration
not enough acceleration
not enough acceleration
not enough acceleration
not enough acceleration
not enough acceleration
not enough acceleration
not enough acceleration
not enough acceleration
not enough acceleration
not enough acceleration
not enough acceleration
not enough acceleration
not enough acceleration
not enough acceleration
not enough acceleration
not enough acceleration
not enough acceleration
not enough acceleration
not enough acceleration
not enough acceleration
not enough acceleration
not enough acceleration
not enough acceleration
not enough acceleration
not enough acceleration
not enough acceleration
not enough acceleration
not enough acceleration
not enough acceleration
not enough acceleration
not enough acceleration
not enough acceleration
not enough acceleration
not enough acceleration
not enough acceleration
not enough acceleration
not enough acceleration
not enough acceleration
not enough acceleration
not enough acceleration
not enough acceleration
not enough acceleration
not enough acceleration
not enough acceleration
not enough acceleration
not enough acceleration
not enough acceleration
not enough acceleration
not enough acceleration
not enough acceleration
not enough acceleration
not enough acceleration
not enough acceleration
not enough acceleration
not enough acceleration
not enough acceleration
not enough acceleration
not enough acceleration
not enough acceleration
not enough acceleration
not enough acceleration
not enough acceleration
not enough acceleration
not enough acceleration
not enough acceleration
not enough acceleration
not enough acceleration
not enough acceleration
First KF:0; Map init KF:0
New Map created with 234 points
Active map: 0
Dropping frame 1403715893.6840582
Dropping frame 1403715893.884058
Dropping frame 1403715894.1840582
Dropping frame 1403715894.2840581
Dropping frame 1403715894.4840581
Dropping frame 1403715894.6840582
Dropping frame 1403715894.884058
Dropping frame 1403715894.9840581
Dropping frame 1403715895.084058
Dropping frame 1403715895.2840581
Dropping frame 1403715895.384058
Dropping frame 1403715895.4840581
Dropping frame 1403715895.6840582
Dropping frame 1403715895.7840581
Dropping frame 1403715895.884058
Dropping frame 1403715896.084058
Dropping frame 1403715896.2840581
Dropping frame 1403715896.4840581
Dropping frame 1403715896.584058
Dropping frame 1403715896.6840582
Dropping frame 1403715896.884058
Dropping frame 1403715897.084058
Dropping frame 1403715897.2840581
Dropping frame 1403715897.384058
Dropping frame 1403715897.4840581
Dropping frame 1403715897.6840582
Dropping frame 1403715897.884058
start VIBA 1
end VIBA 1
Dropping frame 1403715899.134058
Dropping frame 1403715899.434058
Dropping frame 1403715899.7340579
Dropping frame 1403715900.0340581
Dropping frame 1403715900.2340579
Dropping frame 1403715900.434058
Dropping frame 1403715900.5340581
Dropping frame 1403715900.634058
Dropping frame 1403715900.834058
Dropping frame 1403715901.134058
Dropping frame 1403715901.2340579
Dropping frame 1403715901.384058
Dropping frame 1403715901.4840581
Dropping frame 1403715902.134058
Dropping frame 1403715902.6840582
Dropping frame 1403715902.7840581
Dropping frame 1403715903.134058
Dropping frame 1403715903.384058
Dropping frame 1403715903.634058
Dropping frame 1403715903.9840581
Dropping frame 1403715904.5340581
Dropping frame 1403715904.884058
Dropping frame 1403715905.1840582
Dropping frame 1403715906.434058
Dropping frame 1403715907.9840581
Dropping frame 1403715908.1840582
Dropping frame 1403715908.384058
Dropping frame 1403715908.4840581
start VIBA 2
Dropping frame 1403715908.7840581
Dropping frame 1403715908.884058
end VIBA 2
Dropping frame 1403715909.084058
Dropping frame 1403715909.334058
Dropping frame 1403715909.434058
Dropping frame 1403715909.5340581
Dropping frame 1403715909.634058
Dropping frame 1403715909.7340579
Dropping frame 1403715909.834058
Dropping frame 1403715910.834058
Dropping frame 1403715911.134058
Dropping frame 1403715912.384058
Dropping frame 1403715912.7840581
Dropping frame 1403715913.1840582
Dropping frame 1403715913.5340581
Dropping frame 1403715913.934058
Dropping frame 1403715914.334058
Dropping frame 1403715914.5340581
Dropping frame 1403715914.834058
Dropping frame 1403715915.0340581
Dropping frame 1403715915.134058
Dropping frame 1403715915.634058
Dropping frame 1403715916.2340579
Dropping frame 1403715916.7340579
Dropping frame 1403715916.934058
Dropping frame 1403715917.584058
Dropping frame 1403715918.2340579
Dropping frame 1403715919.934058
Dropping frame 1403715920.1840582
Dropping frame 1403715920.7340579
Dropping frame 1403715921.0340581
Dropping frame 1403715921.634058
Dropping frame 1403715921.934058
Dropping frame 1403715922.1840582
Dropping frame 1403715922.4840581
Dropping frame 1403715922.7840581
Dropping frame 1403715923.584058
Dropping frame 1403715923.6840582
Dropping frame 1403715923.7840581
Dropping frame 1403715924.2840581
Dropping frame 1403715927.834058
Dropping frame 1403715928.084058
Dropping frame 1403715928.634058
Dropping frame 1403715929.084058
Dropping frame 1403715929.434058
Dropping frame 1403715930.434058
Dropping frame 1403715934.834058
Dropping frame 1403715934.934058
Dropping frame 1403715935.084058
Dropping frame 1403715935.2840581
Dropping frame 1403715935.4840581
Dropping frame 1403715935.584058
Dropping frame 1403715936.884058
Dropping frame 1403715937.1840582
Dropping frame 1403715937.2840581
Dropping frame 1403715937.4840581
Dropping frame 1403715937.6840582
Dropping frame 1403715937.7840581
Dropping frame 1403715937.934058
Dropping frame 1403715938.084058
Dropping frame 1403715938.1840582
Dropping frame 1403715938.2840581
Dropping frame 1403715938.634058
Dropping frame 1403715938.7340579
Dropping frame 1403715939.0340581
Dropping frame 1403715939.4840581
Dropping frame 1403715939.7840581
Dropping frame 1403715940.2840581
Dropping frame 1403715940.834058
Dropping frame 1403715941.134058
Dropping frame 1403715941.2840581
Dropping frame 1403715941.384058
Dropping frame 1403715941.584058
Dropping frame 1403715941.7340579
Dropping frame 1403715942.0340581
Dropping frame 1403715942.134058
Dropping frame 1403715942.384058
Dropping frame 1403715942.7840581
Dropping frame 1403715942.934058
Dropping frame 1403715943.0340581
Dropping frame 1403715943.2840581
Dropping frame 1403715943.584058
Dropping frame 1403715943.884058
Dropping frame 1403715944.1840582
Dropping frame 1403715945.2840581
Dropping frame 1403715945.5340581
Dropping frame 1403715945.634058
Dropping frame 1403715945.7340579
Dropping frame 1403715945.934058
Dropping frame 1403715946.084058
Dropping frame 1403715947.6840582
Dropping frame 1403715947.934058
Dropping frame 1403715948.2340579
Dropping frame 1403715948.434058
Dropping frame 1403715948.5340581
Dropping frame 1403715948.634058
Dropping frame 1403715948.7340579
Dropping frame 1403715948.834058
Dropping frame 1403715948.934058
Dropping frame 1403715949.084058
Dropping frame 1403715949.1840582
Dropping frame 1403715949.434058
Dropping frame 1403715949.834058
Dropping frame 1403715950.2840581
Dropping frame 1403715950.384058
Dropping frame 1403715950.5340581
Dropping frame 1403715950.634058
Dropping frame 1403715950.834058
Dropping frame 1403715951.0340581
Dropping frame 1403715951.134058
Dropping frame 1403715951.2340579
Dropping frame 1403715951.434058
Dropping frame 1403715951.5340581
Dropping frame 1403715951.7840581
Dropping frame 1403715951.9840581
Dropping frame 1403715952.2340579
Dropping frame 1403715952.334058
Dropping frame 1403715952.5340581
Dropping frame 1403715952.7340579
Dropping frame 1403715952.934058
Dropping frame 1403715953.0340581
Dropping frame 1403715953.134058
Dropping frame 1403715953.4840581
Dropping frame 1403715953.6840582
Dropping frame 1403715953.7840581
Dropping frame 1403715953.884058
Dropping frame 1403715953.9840581
Dropping frame 1403715954.084058
Dropping frame 1403715954.2840581
Dropping frame 1403715954.384058
Dropping frame 1403715954.4840581
Dropping frame 1403715954.584058
Dropping frame 1403715954.6840582
Dropping frame 1403715955.0340581
Dropping frame 1403715955.134058
Dropping frame 1403715955.2840581
Dropping frame 1403715955.5340581
Dropping frame 1403715955.634058
Dropping frame 1403715956.1840582
Dropping frame 1403715956.2840581
Dropping frame 1403715956.5340581
Dropping frame 1403715956.634058
Dropping frame 1403715956.834058
Dropping frame 1403715957.0340581
Dropping frame 1403715957.134058
Dropping frame 1403715957.2340579
Dropping frame 1403715957.334058
Dropping frame 1403715957.584058
Dropping frame 1403715957.834058
Dropping frame 1403715958.0340581
Dropping frame 1403715959.334058
Dropping frame 1403715959.434058
Dropping frame 1403715959.584058
Dropping frame 1403715959.7340579
Dropping frame 1403715959.9840581
Dropping frame 1403715960.084058
Dropping frame 1403715960.2840581
Dropping frame 1403715960.4840581
Dropping frame 1403715960.584058
Dropping frame 1403715960.6840582
Dropping frame 1403715960.7840581
Dropping frame 1403715960.9840581
Dropping frame 1403715961.084058
Dropping frame 1403715961.2340579
Dropping frame 1403715961.4840581
Dropping frame 1403715961.584058
Dropping frame 1403715961.934058
Dropping frame 1403715962.0340581
Dropping frame 1403715962.384058
Dropping frame 1403715962.4840581
Dropping frame 1403715962.7340579
Dropping frame 1403715963.0340581
Dropping frame 1403715963.134058
Dropping frame 1403715963.334058
Dropping frame 1403715963.434058
Dropping frame 1403715963.6840582
Dropping frame 1403715964.084058
Dropping frame 1403715964.434058
Dropping frame 1403715964.634058
Dropping frame 1403715964.7340579
Dropping frame 1403715964.834058
Dropping frame 1403715965.0340581
Dropping frame 1403715965.2840581
Dropping frame 1403715965.384058
Dropping frame 1403715965.4840581
Dropping frame 1403715965.584058
Dropping frame 1403715965.6840582
Dropping frame 1403715965.7840581
Dropping frame 1403715965.884058
Dropping frame 1403715966.134058
Dropping frame 1403715967.1840582
Dropping frame 1403715967.6840582
Dropping frame 1403715967.834058
Dropping frame 1403715967.934058
Dropping frame 1403715968.0340581
Dropping frame 1403715968.2340579
Dropping frame 1403715968.334058
Dropping frame 1403715968.434058
Dropping frame 1403715968.634058
Dropping frame 1403715968.834058
Dropping frame 1403715969.0340581
Dropping frame 1403715969.2340579
Dropping frame 1403715969.434058
Dropping frame 1403715969.634058
Dropping frame 1403715969.7340579
Dropping frame 1403715970.084058
Dropping frame 1403715970.434058
Dropping frame 1403715970.584058
Dropping frame 1403715971.134058
Dropping frame 1403715971.5340581
Dropping frame 1403715972.584058
Dropping frame 1403715972.934058
Dropping frame 1403715973.0340581
Dropping frame 1403715973.2840581
Dropping frame 1403715973.4840581
Dropping frame 1403715973.634058
Dropping frame 1403715973.884058
Dropping frame 1403715973.9840581
Dropping frame 1403715974.2840581
Dropping frame 1403715974.9840581
Dropping frame 1403715975.2840581
Dropping frame 1403715975.884058
Dropping frame 1403715976.334058
Dropping frame 1403715976.7840581
Dropping frame 1403715976.9840581
Dropping frame 1403715977.1840582
Dropping frame 1403715977.434058
Dropping frame 1403715977.834058
Dropping frame 1403715978.0340581
Dropping frame 1403715978.384058
Dropping frame 1403715978.4840581
Dropping frame 1403715978.7340579
Dropping frame 1403715979.084058
Dropping frame 1403715979.634058
Dropping frame 1403715979.934058
Dropping frame 1403715980.0340581
Dropping frame 1403715980.2840581
Dropping frame 1403715980.384058
Dropping frame 1403715980.7840581
Dropping frame 1403715980.884058
Dropping frame 1403715981.1840582
Dropping frame 1403715981.384058
Dropping frame 1403715981.6840582
Dropping frame 1403715981.7840581
Dropping frame 1403715981.884058
Dropping frame 1403715982.084058
Dropping frame 1403715982.2840581
Dropping frame 1403715982.4840581
Dropping frame 1403715982.6840582
Dropping frame 1403715983.0340581
Dropping frame 1403715983.384058
Dropping frame 1403715983.4840581
Dropping frame 1403715983.584058
Dropping frame 1403715983.7840581
Dropping frame 1403715983.884058
Dropping frame 1403715983.9840581
Dropping frame 1403715984.134058
Dropping frame 1403715984.384058
Dropping frame 1403715984.4840581
Dropping frame 1403715984.7340579
Dropping frame 1403715984.834058
Dropping frame 1403715984.934058
Dropping frame 1403715985.7340579
Dropping frame 1403715986.1840582
Dropping frame 1403715986.5340581
Dropping frame 1403715986.7340579
Dropping frame 1403715986.834058
Dropping frame 1403715987.084058
Dropping frame 1403715987.1840582
Dropping frame 1403715987.434058
Dropping frame 1403715987.634058
Dropping frame 1403715987.9840581
Dropping frame 1403715988.2840581
Dropping frame 1403715988.4840581
Dropping frame 1403715988.7340579
Dropping frame 1403715989.084058
Dropping frame 1403715989.2840581
Dropping frame 1403715989.384058
Dropping frame 1403715989.5340581
Dropping frame 1403715989.634058
Dropping frame 1403715990.634058
Dropping frame 1403715990.9840581
Dropping frame 1403715991.134058
Dropping frame 1403715991.2340579
Dropping frame 1403715991.434058
Dropping frame 1403715991.634058
Dropping frame 1403715991.7340579
Dropping frame 1403715992.134058
Dropping frame 1403715992.2340579
Dropping frame 1403715992.5340581
Dropping frame 1403715992.634058
Dropping frame 1403715992.884058
Dropping frame 1403715993.5340581
Dropping frame 1403715993.634058
Dropping frame 1403715993.7340579
Dropping frame 1403715993.934058
Shutdown
SLAM Finished at System Time: 1746984185.51155

 TIME STATS in ms (mean$\pm$std)
OpenCV version: 4.8.1
---------------------------
Tracking

ORB Extraction: 16.167$\pm$2.2679
Stereo Matching: 7.1749$\pm$2.2456
IMU Preintegration: 0.19677$\pm$0.064522
Pose Prediction: 0.29393$\pm$1.2451
LM Track: 16.212$\pm$3.8246
New KF decision: 2.1392$\pm$3.6764
Total Tracking: 32.716$\pm$21.761



Local Mapping

KF Insertion: 11.18$\pm$3.9868
MP Culling: 0.70601$\pm$0.31041
MP Creation: 39.541$\pm$14.307
LBA: 122.68$\pm$37.245
KF Culling: 11.952$\pm$7.4351
Total Local Mapping: 186.59$\pm$55.352
---------------------------

LBA complexity (mean$\pm$std)
LBA Edges: 3563.2$\pm$1216.7
LBA KF optimized: 6.5$\pm$2.2913
LBA KF fixed: 1$\pm$0
LBA MP: nan$\pm$nan

LBA executions: 427
LBA aborts: 0
---------------------------

Map complexity
KFs in map: 141
MPs in map: 9108
---------------------------

Place Recognition (mean$\pm$std)
Database Query: 1.4196$\pm$0.75667
SE3 estimation: 14.926$\pm$11.913
Total Place Recognition: 14.038$\pm$12.875


Loop Closing (mean$\pm$std)
Loop Fusion: nan$\pm$nan
Essential Graph: nan$\pm$nan
Total Loop Closing: nan$\pm$nan

Num exec: 0
Number of KFs: nan$\pm$nan

Map Merging (mean$\pm$std)
Merge Maps: nan$\pm$nan
Welding BA: nan$\pm$nan
Optimization Ess.: nan$\pm$nan
Total Map Merging: nan$\pm$nan

Num exec: 0
Number of KFs: nan$\pm$nan
Number of MPs: nan$\pm$nan

Full GBA (mean$\pm$std)
GBA: nan$\pm$nan
Map Update: nan$\pm$nan
Total Full GBA: nan$\pm$nan

Num exec: 0
Num abort: 0
Number of KFs: nan$\pm$nan
Number of MPs: nan$\pm$nan

Saving trajectory to f_dataset-V103_stereo_imu.txt ...
There are 1 maps in the atlas
  Map 0 has 141 KFs

End of saving trajectory to f_dataset-V103_stereo_imu.txt ...

Saving keyframe trajectory to kf_dataset-V103_stereo_imu.txt ...
