num_seq = 1
file name: dataset-V102_stereo_imu
Loading images for sequence 0...LOADED!
Loading IMU for sequence 0...LOADED!

-------

ORB-SLAM3 Copyright (C) 2017-2020 Carlos Campos, Richard Elvira, Juan J. Gómez, José M.M. Montiel and Juan D. Tardós, University of Zaragoza.
ORB-SLAM2 Copyright (C) 2014-2016 Raúl Mur-Artal, José M.M. Montiel and Juan D. Tardós, University of Zaragoza.
This program comes with ABSOLUTELY NO WARRANTY;
This is free software, and you are welcome to redistribute it
under certain conditions. See LICENSE.txt.

Built with REGISTER_TIMES
Git Commit Hash: c2409e6

Build Type: Release

Compiled with C++ version: 201703

Input sensor was set to: Stereo-Inertial
Loading settings from ./Examples/Stereo-Inertial/EuRoC_omega_deadlines.yaml
	-Loaded camera 1
	-Loaded camera 2
	-Loaded image info
	-Loaded IMU calibration
	-Loaded ORB settings
	-Loaded viewer settings
	-Loaded Atlas settings
Deadlines enabled, will skip frames!
omegaSLAM enabled!
	-Loaded misc parameters
	-Computed rectification maps
----------------------------------
SLAM settings: 
	-Camera 1 parameters (Pinhole): [ 458.65399169921875 457.29598999023438 367.21499633789062 248.375 ]
	-Camera 1 distortion parameters: [  -0.28340810537338257 0.073959067463874817 0.00019359000725671649 1.7618711353861727e-05 ]
	-Camera 2 parameters (Pinhole: [ 457.58700561523438 456.13400268554688 379.99899291992188 255.23800659179688 ]
	-Camera 1 distortion parameters: [  -0.2836836576461792 0.074512839317321777 -0.00010473000293131918 -3.555907096597366e-05 ]
	-Original image size: [ 752 , 480 ]
	-Current image size: [ 752 , 480 ]
	-Camera 1 parameters after rectification: [  456.71499633789062 456.71499633789062 364.52615356445312 257.268798828125 ]
	-Sequence FPS: 20
	-Stereo baseline: 0.11007784307003021
	-Stereo depth threshold : 60
	-Gyro noise: 0.00016999999934341758
	-Accelerometer noise: 0.0020000000949949026
	-Gyro walk: 1.9392999092815444e-05
	-Accelerometer walk: 0.0030000000260770321
	-IMU frequency: 200
	-Features per image: 1200
	-ORB scale factor: 1.2000000476837158
	-ORB number of scales: 8
	-Initial FAST threshold: 20
	-Min FAST threshold: 7


Loading ORB Vocabulary. This could take a while...
Vocabulary loaded!

Initialization of Atlas from scratch 
Creation of new map with id: 0
Creation of new map with last KF id: 0
Seq. Name: 
There are 1 cameras in the atlas
Camera 0 is pinhole
SLAM Started at System Time: 1748935730.82369
not IMU meas
not IMU meas
not enough acceleration
not enough acceleration
not enough acceleration
not enough acceleration
not enough acceleration
not enough acceleration
not enough acceleration
not enough acceleration
not enough acceleration
not enough acceleration
not enough acceleration
not enough acceleration
not enough acceleration
not enough acceleration
not enough acceleration
not enough acceleration
not enough acceleration
not enough acceleration
not enough acceleration
not enough acceleration
not enough acceleration
not enough acceleration
not enough acceleration
not enough acceleration
not enough acceleration
not enough acceleration
not enough acceleration
not enough acceleration
not enough acceleration
not enough acceleration
not enough acceleration
not enough acceleration
not enough acceleration
not enough acceleration
not enough acceleration
not enough acceleration
not enough acceleration
not enough acceleration
not enough acceleration
not enough acceleration
not enough acceleration
not enough acceleration
not enough acceleration
not enough acceleration
not enough acceleration
not enough acceleration
not enough acceleration
not enough acceleration
not enough acceleration
not enough acceleration
not enough acceleration
not enough acceleration
not enough acceleration
not enough acceleration
not enough acceleration
not enough acceleration
not enough acceleration
not enough acceleration
not enough acceleration
not enough acceleration
not enough acceleration
not enough acceleration
not enough acceleration
not enough acceleration
not enough acceleration
not enough acceleration
not enough acceleration
not enough acceleration
not enough acceleration
not enough acceleration
not enough acceleration
not enough acceleration
not enough acceleration
not enough acceleration
not enough acceleration
not enough acceleration
not enough acceleration
not enough acceleration
not enough acceleration
not enough acceleration
not enough acceleration
not enough acceleration
not enough acceleration
not enough acceleration
not enough acceleration
not enough acceleration
not enough acceleration
not enough acceleration
First KF:0; Map init KF:0
New Map created with 60 points
Active map: 0
Omega SLAM Dropping frame 1403715528.5121431
Omega SLAM Dropping frame 1403715528.5621431
Omega SLAM Dropping frame 1403715528.612143
Omega SLAM Dropping frame 1403715528.7621429
Omega SLAM Dropping frame 1403715528.8121431
Omega SLAM Dropping frame 1403715528.862143
Omega SLAM Dropping frame 1403715529.0621431
Omega SLAM Dropping frame 1403715529.112143
Omega SLAM Dropping frame 1403715529.162143
Omega SLAM Dropping frame 1403715529.8121431
Omega SLAM Dropping frame 1403715529.862143
Omega SLAM Dropping frame 1403715529.912143
Omega SLAM Dropping frame 1403715530.0621431
Omega SLAM Dropping frame 1403715530.112143
Omega SLAM Dropping frame 1403715530.162143
Dropping frame 1403715530.362143
Dropping frame 1403715530.4621429
Dropping frame 1403715530.612143
Omega SLAM Dropping frame 1403715530.662143
Omega SLAM Dropping frame 1403715530.7121432
Omega SLAM Dropping frame 1403715530.7621429
Dropping frame 1403715531.0621431
Dropping frame 1403715531.162143
Dropping frame 1403715531.412143
Dropping frame 1403715531.5121431
Dropping frame 1403715531.612143
Omega SLAM Dropping frame 1403715531.7121432
Omega SLAM Dropping frame 1403715531.7621429
Omega SLAM Dropping frame 1403715531.8121431
Dropping frame 1403715531.9621429
Omega SLAM Dropping frame 1403715532.112143
Omega SLAM Dropping frame 1403715532.162143
Omega SLAM Dropping frame 1403715532.2121432
Dropping frame 1403715532.3121431
Dropping frame 1403715532.412143
Dropping frame 1403715532.7621429
Dropping frame 1403715532.862143
Dropping frame 1403715532.9621429
Dropping frame 1403715533.0621431
Dropping frame 1403715533.162143
Dropping frame 1403715533.362143
Dropping frame 1403715533.5621431
Dropping frame 1403715533.7121432
Dropping frame 1403715533.8121431
start VIBA 1
end VIBA 1
Dropping frame 1403715534.0121431
Dropping frame 1403715534.2121432
Omega SLAM Dropping frame 1403715534.362143
Omega SLAM Dropping frame 1403715534.412143
Omega SLAM Dropping frame 1403715534.4621429
Dropping frame 1403715534.5621431
Dropping frame 1403715534.8121431
Dropping frame 1403715534.912143
Dropping frame 1403715535.112143
Dropping frame 1403715535.2121432
Dropping frame 1403715535.4621429
Dropping frame 1403715535.662143
Dropping frame 1403715535.862143
Dropping frame 1403715535.9621429
Dropping frame 1403715536.162143
Dropping frame 1403715536.412143
Dropping frame 1403715536.612143
Dropping frame 1403715536.8121431
Dropping frame 1403715537.162143
Dropping frame 1403715537.2621429
Dropping frame 1403715537.362143
Dropping frame 1403715537.5621431
Dropping frame 1403715537.662143
Dropping frame 1403715537.912143
Dropping frame 1403715538.0121431
Omega SLAM Dropping frame 1403715538.0621431
Omega SLAM Dropping frame 1403715538.112143
Omega SLAM Dropping frame 1403715538.162143
Dropping frame 1403715538.362143
Dropping frame 1403715538.5621431
Dropping frame 1403715538.662143
Dropping frame 1403715538.7621429
Dropping frame 1403715538.9621429
Dropping frame 1403715539.0621431
Dropping frame 1403715539.162143
Dropping frame 1403715539.362143
Dropping frame 1403715539.4621429
Dropping frame 1403715539.7121432
Omega SLAM Dropping frame 1403715539.862143
Omega SLAM Dropping frame 1403715539.912143
Omega SLAM Dropping frame 1403715539.9621429
Dropping frame 1403715540.0621431
Dropping frame 1403715540.162143
Dropping frame 1403715540.2621429
Dropping frame 1403715540.362143
Dropping frame 1403715540.5621431
Dropping frame 1403715540.7621429
Dropping frame 1403715540.862143
Dropping frame 1403715540.9621429
Dropping frame 1403715541.162143
Omega SLAM Dropping frame 1403715541.2121432
Omega SLAM Dropping frame 1403715541.2621429
Omega SLAM Dropping frame 1403715541.3121431
Omega SLAM Dropping frame 1403715541.4621429
Omega SLAM Dropping frame 1403715541.5121431
Omega SLAM Dropping frame 1403715541.5621431
Dropping frame 1403715541.662143
Dropping frame 1403715541.7621429
Dropping frame 1403715541.862143
Dropping frame 1403715541.9621429
Dropping frame 1403715542.162143
Dropping frame 1403715542.2621429
Dropping frame 1403715542.362143
Dropping frame 1403715542.5621431
Dropping frame 1403715542.662143
Dropping frame 1403715542.7621429
Dropping frame 1403715542.9621429
Omega SLAM Dropping frame 1403715543.112143
Omega SLAM Dropping frame 1403715543.162143
Omega SLAM Dropping frame 1403715543.2121432
Dropping frame 1403715543.3121431
Dropping frame 1403715543.412143
Omega SLAM Dropping frame 1403715543.4621429
Omega SLAM Dropping frame 1403715543.5121431
Omega SLAM Dropping frame 1403715543.5621431
Dropping frame 1403715543.662143
Dropping frame 1403715543.862143
Dropping frame 1403715543.9621429
start VIBA 2
Dropping frame 1403715544.0621431
Dropping frame 1403715544.162143
end VIBA 2
Dropping frame 1403715544.362143
Dropping frame 1403715544.7121432
Omega SLAM Dropping frame 1403715544.9621429
Omega SLAM Dropping frame 1403715545.0121431
Omega SLAM Dropping frame 1403715545.0621431
Dropping frame 1403715545.3121431
Dropping frame 1403715545.7121432
Omega SLAM Dropping frame 1403715545.8121431
Omega SLAM Dropping frame 1403715545.862143
Omega SLAM Dropping frame 1403715545.912143
Dropping frame 1403715546.112143
Dropping frame 1403715546.5121431
Dropping frame 1403715546.7121432
Dropping frame 1403715546.912143
Dropping frame 1403715547.2621429
Dropping frame 1403715547.362143
Dropping frame 1403715547.4621429
Dropping frame 1403715547.7121432
Dropping frame 1403715547.8121431
Dropping frame 1403715548.0121431
Dropping frame 1403715548.2121432
Dropping frame 1403715548.412143
Omega SLAM Dropping frame 1403715548.4621429
Omega SLAM Dropping frame 1403715548.5121431
Omega SLAM Dropping frame 1403715548.5621431
Dropping frame 1403715548.662143
Dropping frame 1403715548.7621429
Omega SLAM Dropping frame 1403715548.912143
Omega SLAM Dropping frame 1403715548.9621429
Omega SLAM Dropping frame 1403715549.0121431
Dropping frame 1403715549.112143
Dropping frame 1403715549.3121431
Dropping frame 1403715549.5121431
Dropping frame 1403715549.612143
Dropping frame 1403715549.7121432
Dropping frame 1403715549.912143
Dropping frame 1403715550.112143
Dropping frame 1403715550.2121432
Dropping frame 1403715550.362143
Dropping frame 1403715550.5621431
Dropping frame 1403715550.662143
Dropping frame 1403715550.912143
Dropping frame 1403715551.112143
Dropping frame 1403715551.3121431
Dropping frame 1403715551.5121431
Dropping frame 1403715551.7121432
Dropping frame 1403715551.8121431
Dropping frame 1403715551.912143
Dropping frame 1403715552.112143
Dropping frame 1403715552.2121432
Dropping frame 1403715552.3121431
Dropping frame 1403715552.5121431
Dropping frame 1403715552.7121432
Dropping frame 1403715552.912143
Dropping frame 1403715553.0121431
Dropping frame 1403715553.112143
Dropping frame 1403715553.4621429
Dropping frame 1403715553.5621431
Dropping frame 1403715553.8121431
Dropping frame 1403715554.0121431
Dropping frame 1403715554.2121432
Dropping frame 1403715554.412143
Dropping frame 1403715554.662143
Dropping frame 1403715554.912143
Dropping frame 1403715555.112143
Dropping frame 1403715555.3121431
Dropping frame 1403715555.412143
Dropping frame 1403715555.5121431
Omega SLAM Dropping frame 1403715555.8121431
Omega SLAM Dropping frame 1403715555.862143
Omega SLAM Dropping frame 1403715555.912143
Dropping frame 1403715556.0121431
Dropping frame 1403715556.2121432
Dropping frame 1403715556.3121431
Dropping frame 1403715556.412143
Dropping frame 1403715556.612143
Dropping frame 1403715556.7121432
Dropping frame 1403715556.9621429
Dropping frame 1403715557.162143
Omega SLAM Dropping frame 1403715557.412143
Omega SLAM Dropping frame 1403715557.4621429
Omega SLAM Dropping frame 1403715557.5121431
Dropping frame 1403715557.662143
Dropping frame 1403715557.862143
Dropping frame 1403715557.9621429
Omega SLAM Dropping frame 1403715558.112143
Omega SLAM Dropping frame 1403715558.162143
Omega SLAM Dropping frame 1403715558.2121432
Dropping frame 1403715558.362143
Dropping frame 1403715558.7121432
Dropping frame 1403715558.9621429
Dropping frame 1403715559.0621431
Dropping frame 1403715559.3121431
Dropping frame 1403715559.412143
Dropping frame 1403715559.7621429
Dropping frame 1403715559.862143
Dropping frame 1403715560.2121432
Dropping frame 1403715560.3121431
Dropping frame 1403715560.412143
Dropping frame 1403715561.112143
Dropping frame 1403715561.362143
Dropping frame 1403715561.4621429
Dropping frame 1403715561.5621431
Dropping frame 1403715561.7621429
Dropping frame 1403715561.862143
Dropping frame 1403715562.0121431
Dropping frame 1403715562.112143
Dropping frame 1403715562.412143
Dropping frame 1403715562.5121431
Dropping frame 1403715562.612143
Dropping frame 1403715562.8121431
Dropping frame 1403715562.912143
Dropping frame 1403715563.0121431
Dropping frame 1403715563.2121432
Dropping frame 1403715563.3121431
Dropping frame 1403715563.412143
Dropping frame 1403715563.5621431
Dropping frame 1403715563.662143
Dropping frame 1403715563.862143
Dropping frame 1403715564.0621431
Dropping frame 1403715564.2621429
Dropping frame 1403715564.362143
Dropping frame 1403715564.4621429
Dropping frame 1403715564.7121432
Dropping frame 1403715564.912143
Dropping frame 1403715565.0121431
Dropping frame 1403715565.2621429
Dropping frame 1403715565.362143
Dropping frame 1403715565.612143
Dropping frame 1403715565.7121432
Dropping frame 1403715566.112143
Dropping frame 1403715566.3121431
Dropping frame 1403715566.5621431
Dropping frame 1403715566.8121431
Dropping frame 1403715567.0121431
Dropping frame 1403715567.112143
Dropping frame 1403715567.362143
Dropping frame 1403715567.5121431
*Loop detected
phi = 0.00032585127200515749  0.0063051382901928221  -0.020549439638399787
Local Mapping STOP
Dropping frame 1403715567.7121432
Local Mapping RELEASE
Dropping frame 1403715567.912143
Dropping frame 1403715568.112143
Dropping frame 1403715568.2121432
Dropping frame 1403715568.4621429
Dropping frame 1403715568.612143
Local Mapping STOP
Local Mapping RELEASE
Dropping frame 1403715568.8121431
Dropping frame 1403715569.0121431
Dropping frame 1403715569.112143
Dropping frame 1403715569.3121431
Dropping frame 1403715569.412143
Dropping frame 1403715569.5121431
Dropping frame 1403715569.7121432
Dropping frame 1403715569.912143
Dropping frame 1403715570.0121431
Dropping frame 1403715570.112143
Dropping frame 1403715570.2121432
Dropping frame 1403715570.412143
Dropping frame 1403715570.5121431
Dropping frame 1403715570.612143
Dropping frame 1403715570.8121431
Dropping frame 1403715570.9621429
Dropping frame 1403715571.162143
Dropping frame 1403715571.2621429
Omega SLAM Dropping frame 1403715571.4621429
Omega SLAM Dropping frame 1403715571.5121431
Omega SLAM Dropping frame 1403715571.5621431
Dropping frame 1403715571.662143
Dropping frame 1403715571.7621429
Dropping frame 1403715572.0121431
Dropping frame 1403715572.2121432
Dropping frame 1403715572.412143
Dropping frame 1403715572.5121431
Dropping frame 1403715572.612143
Dropping frame 1403715572.8121431
Dropping frame 1403715573.0121431
Dropping frame 1403715573.2121432
Dropping frame 1403715573.362143
Dropping frame 1403715573.5621431
Dropping frame 1403715573.662143
Dropping frame 1403715573.912143
Dropping frame 1403715574.0621431
Dropping frame 1403715574.2621429
Dropping frame 1403715574.4621429
Dropping frame 1403715574.662143
Dropping frame 1403715574.7621429
Dropping frame 1403715574.912143
Dropping frame 1403715575.0121431
Dropping frame 1403715575.2621429
Dropping frame 1403715575.4621429
Dropping frame 1403715575.8121431
Dropping frame 1403715575.9621429
Dropping frame 1403715576.2121432
Omega SLAM Dropping frame 1403715576.362143
Omega SLAM Dropping frame 1403715576.412143
Omega SLAM Dropping frame 1403715576.4621429
Dropping frame 1403715576.612143
Omega SLAM Dropping frame 1403715576.7621429
Omega SLAM Dropping frame 1403715576.8121431
Omega SLAM Dropping frame 1403715576.862143
Dropping frame 1403715577.0621431
Omega SLAM Dropping frame 1403715577.412143
Omega SLAM Dropping frame 1403715577.4621429
Omega SLAM Dropping frame 1403715577.5121431
Dropping frame 1403715577.662143
Omega SLAM Dropping frame 1403715577.7121432
Omega SLAM Dropping frame 1403715577.7621429
Omega SLAM Dropping frame 1403715577.8121431
Dropping frame 1403715578.0621431
Dropping frame 1403715578.2121432
Dropping frame 1403715578.412143
Dropping frame 1403715578.5121431
Dropping frame 1403715578.7621429
Dropping frame 1403715578.9621429
Dropping frame 1403715579.162143
Dropping frame 1403715579.2621429
Dropping frame 1403715579.362143
Omega SLAM Dropping frame 1403715579.4621429
Omega SLAM Dropping frame 1403715579.5121431
Omega SLAM Dropping frame 1403715579.5621431
Dropping frame 1403715579.862143
Omega SLAM Dropping frame 1403715579.912143
Omega SLAM Dropping frame 1403715579.9621429
Omega SLAM Dropping frame 1403715580.0121431
Dropping frame 1403715580.2121432
Dropping frame 1403715580.362143
Dropping frame 1403715580.5621431
Dropping frame 1403715580.7621429
Dropping frame 1403715580.9621429
Dropping frame 1403715581.0621431
Dropping frame 1403715581.162143
Dropping frame 1403715581.362143
Dropping frame 1403715581.5621431
Dropping frame 1403715581.662143
Dropping frame 1403715581.7621429
Dropping frame 1403715581.862143
Dropping frame 1403715582.0621431
Dropping frame 1403715582.162143
Dropping frame 1403715582.2621429
Dropping frame 1403715582.4621429
Dropping frame 1403715582.5621431
Dropping frame 1403715582.7121432
Omega SLAM Dropping frame 1403715582.7621429
Omega SLAM Dropping frame 1403715582.8121431
Omega SLAM Dropping frame 1403715582.862143
Dropping frame 1403715583.112143
Dropping frame 1403715583.2121432
Dropping frame 1403715583.412143
Dropping frame 1403715583.5121431
Dropping frame 1403715583.612143
Dropping frame 1403715583.8121431
Omega SLAM Dropping frame 1403715583.9621429
Omega SLAM Dropping frame 1403715584.0121431
Omega SLAM Dropping frame 1403715584.0621431
Dropping frame 1403715584.162143
Dropping frame 1403715584.2621429
Dropping frame 1403715584.5121431
Dropping frame 1403715584.7621429
Dropping frame 1403715585.0121431
Dropping frame 1403715585.112143
Dropping frame 1403715585.3121431
Omega SLAM Dropping frame 1403715585.362143
Omega SLAM Dropping frame 1403715585.412143
Omega SLAM Dropping frame 1403715585.4621429
Dropping frame 1403715585.662143
Omega SLAM Dropping frame 1403715585.8121431
Omega SLAM Dropping frame 1403715585.862143
Omega SLAM Dropping frame 1403715585.912143
Dropping frame 1403715586.0121431
Dropping frame 1403715586.2121432
Dropping frame 1403715586.3121431
Dropping frame 1403715586.612143
Omega SLAM Dropping frame 1403715586.662143
Omega SLAM Dropping frame 1403715586.7121432
Omega SLAM Dropping frame 1403715586.7621429
Dropping frame 1403715586.9621429
Dropping frame 1403715587.0621431
Dropping frame 1403715587.162143
Omega SLAM Dropping frame 1403715587.2121432
Omega SLAM Dropping frame 1403715587.2621429
Omega SLAM Dropping frame 1403715587.3121431
Dropping frame 1403715587.412143
Dropping frame 1403715587.7121432
Dropping frame 1403715587.912143
Dropping frame 1403715588.0121431
Dropping frame 1403715588.112143
Dropping frame 1403715588.2121432
Dropping frame 1403715588.3121431
Dropping frame 1403715588.5621431
Dropping frame 1403715588.7621429
Dropping frame 1403715588.9621429
Dropping frame 1403715589.0621431
Dropping frame 1403715589.162143
Dropping frame 1403715589.3121431
Dropping frame 1403715589.412143
Dropping frame 1403715589.5121431
Dropping frame 1403715589.612143
Dropping frame 1403715589.7621429
Dropping frame 1403715589.912143
Dropping frame 1403715590.0121431
Omega SLAM Dropping frame 1403715590.162143
Omega SLAM Dropping frame 1403715590.2121432
Omega SLAM Dropping frame 1403715590.2621429
Dropping frame 1403715590.362143
Dropping frame 1403715590.4621429
Dropping frame 1403715590.612143
Dropping frame 1403715590.8121431
Dropping frame 1403715591.0121431
Dropping frame 1403715591.2121432
Dropping frame 1403715591.3121431
Dropping frame 1403715591.412143
Dropping frame 1403715591.612143
Dropping frame 1403715591.8121431
Dropping frame 1403715591.912143
Dropping frame 1403715592.112143
Dropping frame 1403715592.3121431
Dropping frame 1403715592.412143
Dropping frame 1403715592.5621431
Dropping frame 1403715592.662143
Dropping frame 1403715592.862143
Dropping frame 1403715593.0621431
Dropping frame 1403715593.2621429
Dropping frame 1403715593.412143
Dropping frame 1403715593.612143
Dropping frame 1403715593.8121431
Dropping frame 1403715594.0121431
Dropping frame 1403715594.112143
Dropping frame 1403715594.2121432
Dropping frame 1403715594.412143
Dropping frame 1403715594.612143
Dropping frame 1403715594.8121431
Dropping frame 1403715595.0621431
Dropping frame 1403715595.2621429
Dropping frame 1403715595.362143
Dropping frame 1403715595.4621429
Dropping frame 1403715595.662143
Dropping frame 1403715595.7621429
Dropping frame 1403715596.0121431
Dropping frame 1403715596.112143
Dropping frame 1403715596.362143
Dropping frame 1403715596.7121432
Dropping frame 1403715596.8121431
Dropping frame 1403715597.162143
Dropping frame 1403715597.2621429
Dropping frame 1403715597.4621429
Dropping frame 1403715597.662143
Dropping frame 1403715597.7621429
Dropping frame 1403715597.912143
Dropping frame 1403715598.112143
Dropping frame 1403715598.3121431
Dropping frame 1403715598.412143
Omega SLAM Dropping frame 1403715598.662143
Omega SLAM Dropping frame 1403715598.7121432
Omega SLAM Dropping frame 1403715598.7621429
Dropping frame 1403715599.0121431
Dropping frame 1403715599.162143
Omega SLAM Dropping frame 1403715599.2121432
Omega SLAM Dropping frame 1403715599.2621429
Omega SLAM Dropping frame 1403715599.3121431
Dropping frame 1403715599.7121432
Dropping frame 1403715600.0121431
Dropping frame 1403715600.112143
Dropping frame 1403715600.2121432
Dropping frame 1403715600.612143
Dropping frame 1403715600.8121431
Dropping frame 1403715601.112143
Dropping frame 1403715601.3121431
Omega SLAM Dropping frame 1403715601.4621429
Omega SLAM Dropping frame 1403715601.5121431
Omega SLAM Dropping frame 1403715601.5621431
Omega SLAM Dropping frame 1403715601.7121432
Omega SLAM Dropping frame 1403715601.7621429
Omega SLAM Dropping frame 1403715601.8121431
Dropping frame 1403715601.9621429
Dropping frame 1403715602.2121432
Dropping frame 1403715602.3121431
Dropping frame 1403715602.412143
Dropping frame 1403715602.612143
Dropping frame 1403715602.7121432
Dropping frame 1403715602.8121431
Dropping frame 1403715603.5621431
Dropping frame 1403715603.9621429
Dropping frame 1403715604.0621431
Dropping frame 1403715604.162143
Dropping frame 1403715604.362143
Dropping frame 1403715604.4621429
Omega SLAM Dropping frame 1403715604.5121431
Omega SLAM Dropping frame 1403715604.5621431
Omega SLAM Dropping frame 1403715604.612143
Dropping frame 1403715604.7121432
Omega SLAM Dropping frame 1403715604.862143
Omega SLAM Dropping frame 1403715604.912143
Omega SLAM Dropping frame 1403715604.9621429
Dropping frame 1403715605.0621431
Omega SLAM Dropping frame 1403715605.162143
Omega SLAM Dropping frame 1403715605.2121432
Omega SLAM Dropping frame 1403715605.2621429
Dropping frame 1403715605.412143
Dropping frame 1403715605.5121431
Dropping frame 1403715605.612143
Omega SLAM Dropping frame 1403715605.7121432
Omega SLAM Dropping frame 1403715605.7621429
Omega SLAM Dropping frame 1403715605.8121431
Dropping frame 1403715605.9621429
Omega SLAM Dropping frame 1403715606.0121431
Omega SLAM Dropping frame 1403715606.0621431
Omega SLAM Dropping frame 1403715606.112143
Omega SLAM Dropping frame 1403715606.2621429
Omega SLAM Dropping frame 1403715606.3121431
Omega SLAM Dropping frame 1403715606.362143
Omega SLAM Dropping frame 1403715606.5121431
Omega SLAM Dropping frame 1403715606.5621431
Omega SLAM Dropping frame 1403715606.612143
Dropping frame 1403715606.7621429
Omega SLAM Dropping frame 1403715606.8121431
Omega SLAM Dropping frame 1403715606.862143
Omega SLAM Dropping frame 1403715606.912143
Dropping frame 1403715607.0121431
Omega SLAM Dropping frame 1403715607.2121432
Omega SLAM Dropping frame 1403715607.2621429
Omega SLAM Dropping frame 1403715607.3121431
Dropping frame 1403715607.4621429
Omega SLAM Dropping frame 1403715607.5121431
Omega SLAM Dropping frame 1403715607.5621431
Omega SLAM Dropping frame 1403715607.612143
Omega SLAM Dropping frame 1403715607.7121432
Omega SLAM Dropping frame 1403715607.7621429
Omega SLAM Dropping frame 1403715607.8121431
Dropping frame 1403715608.0121431
Omega SLAM Dropping frame 1403715608.162143
Omega SLAM Dropping frame 1403715608.2121432
Omega SLAM Dropping frame 1403715608.2621429
Dropping frame 1403715608.362143
Omega SLAM Dropping frame 1403715608.412143
Omega SLAM Dropping frame 1403715608.4621429
Omega SLAM Dropping frame 1403715608.5121431
Omega SLAM Dropping frame 1403715608.612143
Omega SLAM Dropping frame 1403715608.662143
Omega SLAM Dropping frame 1403715608.7121432
Omega SLAM Dropping frame 1403715608.8121431
Omega SLAM Dropping frame 1403715608.862143
Omega SLAM Dropping frame 1403715608.912143
Omega SLAM Dropping frame 1403715609.0121431
Omega SLAM Dropping frame 1403715609.0621431
Omega SLAM Dropping frame 1403715609.112143
Omega SLAM Dropping frame 1403715609.2121432
Omega SLAM Dropping frame 1403715609.2621429
Omega SLAM Dropping frame 1403715609.3121431
Shutdown
SLAM Finished at System Time: 1748935833.67772

 TIME STATS in ms (mean$\pm$std)
OpenCV version: 4.8.1
---------------------------
Tracking

ORB Extraction: 19.067$\pm$1.9831
Stereo Matching: 8.4413$\pm$2.8063
IMU Preintegration: 0.2155$\pm$0.10201
Pose Prediction: 0.32702$\pm$1.1541
LM Track: 19.635$\pm$4.4793
New KF decision: 0.52111$\pm$0.5633
Total Tracking: 28.134$\pm$26.238



Local Mapping

KF Insertion: 13.497$\pm$3.6789
MP Culling: 0.86234$\pm$0.30817
MP Creation: 43.377$\pm$14.496
LBA: 162.01$\pm$51.337
KF Culling: 14.478$\pm$8.5321
Total Local Mapping: 233.74$\pm$66.331
---------------------------

LBA complexity (mean$\pm$std)
LBA Edges: 1892.5$\pm$1077.9
LBA KF optimized: 6.5$\pm$2.2913
LBA KF fixed: 1$\pm$0
LBA MP: nan$\pm$nan

LBA executions: 273
LBA aborts: 1
---------------------------

Map complexity
KFs in map: 114
MPs in map: 9818
---------------------------

Place Recognition (mean$\pm$std)
Database Query: 1.5969$\pm$0.83344
SE3 estimation: 18.852$\pm$16.271
Total Place Recognition: 16.383$\pm$17.105


Loop Closing (mean$\pm$std)
Loop Fusion: 61.782$\pm$0
Essential Graph: 54.872$\pm$0
Total Loop Closing: 146.48$\pm$0

Num exec: 1
Number of KFs: nan$\pm$nan

Map Merging (mean$\pm$std)
Merge Maps: nan$\pm$nan
Welding BA: nan$\pm$nan
Optimization Ess.: nan$\pm$nan
Total Map Merging: nan$\pm$nan

Num exec: 0
Number of KFs: nan$\pm$nan
Number of MPs: nan$\pm$nan

Full GBA (mean$\pm$std)
GBA: 878.08$\pm$0
Map Update: 134.28$\pm$0
Total Full GBA: 1012.4$\pm$0

Num exec: 1
Num abort: 0
Number of KFs: 83$\pm$0
Number of MPs: 9262$\pm$0

Saving trajectory to f_dataset-V102_stereo_imu.txt ...
There are 1 maps in the atlas
  Map 0 has 114 KFs

End of saving trajectory to f_dataset-V102_stereo_imu.txt ...

Saving keyframe trajectory to kf_dataset-V102_stereo_imu.txt ...
