num_seq = 1
file name: dataset-MH04_stereo_imu
Loading images for sequence 0...LOADED!
Loading IMU for sequence 0...LOADED!

-------

ORB-SLAM3 Copyright (C) 2017-2020 Carlos Campos, Richard Elvira, Juan J. Gómez, José M.M. Montiel and Juan D. Tardós, University of Zaragoza.
ORB-SLAM2 Copyright (C) 2014-2016 Raúl Mur-Artal, José M.M. Montiel and Juan D. Tardós, University of Zaragoza.
This program comes with ABSOLUTELY NO WARRANTY;
This is free software, and you are welcome to redistribute it
under certain conditions. See LICENSE.txt.

Built with REGISTER_TIMES
Git Commit Hash: 2d47524

Build Type: Release

Compiled with C++ version: 201703

Input sensor was set to: Stereo-Inertial
Loading settings from EuRoC_fov_deadlines_mask_17x17.yaml
	-Loaded camera 1
	-Loaded camera 2
	-Loaded image info
	-Loaded IMU calibration
	-Loaded ORB settings
	-Loaded viewer settings
	-Loaded Atlas settings
Deadlines enabled, will skip frames!
FOV enabled
Static mask size: 17x17
Dumping map points enabled
	-Loaded misc parameters
	-Computed rectification maps
----------------------------------
SLAM settings: 
	-Camera 1 parameters (Pinhole): [ 458.65399169921875 457.29598999023438 367.21499633789062 248.375 ]
	-Camera 1 distortion parameters: [  -0.28340810537338257 0.073959067463874817 0.00019359000725671649 1.7618711353861727e-05 ]
	-Camera 2 parameters (Pinhole: [ 457.58700561523438 456.13400268554688 379.99899291992188 255.23800659179688 ]
	-Camera 1 distortion parameters: [  -0.2836836576461792 0.074512839317321777 -0.00010473000293131918 -3.555907096597366e-05 ]
	-Original image size: [ 752 , 480 ]
	-Current image size: [ 752 , 480 ]
	-Camera 1 parameters after rectification: [  456.71499633789062 456.71499633789062 364.52615356445312 257.268798828125 ]
	-Sequence FPS: 20
	-Stereo baseline: 0.11007784307003021
	-Stereo depth threshold : 60
	-Gyro noise: 0.00016999999934341758
	-Accelerometer noise: 0.0020000000949949026
	-Gyro walk: 1.9392999092815444e-05
	-Accelerometer walk: 0.0030000000260770321
	-IMU frequency: 200
	-Features per image: 1200
	-ORB scale factor: 1.2000000476837158
	-ORB number of scales: 8
	-Initial FAST threshold: 20
	-Min FAST threshold: 7


Loading ORB Vocabulary. This could take a while...
Vocabulary loaded!

Initialization of Atlas from scratch 
Creation of new map with id: 0
Creation of new map with last KF id: 0
Seq. Name: 
There are 1 cameras in the atlas
Camera 0 is pinhole
SLAM Started at System Time: 1742895134.70311
not IMU meas
not IMU meas
not enough acceleration
not enough acceleration
not enough acceleration
not enough acceleration
not enough acceleration
not enough acceleration
not enough acceleration
not enough acceleration
not enough acceleration
not enough acceleration
not enough acceleration
not enough acceleration
not enough acceleration
not enough acceleration
not enough acceleration
not enough acceleration
not enough acceleration
not enough acceleration
not enough acceleration
not enough acceleration
not enough acceleration
not enough acceleration
not enough acceleration
not enough acceleration
not enough acceleration
not enough acceleration
not enough acceleration
not enough acceleration
not enough acceleration
not enough acceleration
First KF:0; Map init KF:0
New Map created with 151 points
Active map: 0
Dropping frame 1403638130.195097
Dropping frame 1403638130.395097
Dropping frame 1403638130.695097
Dropping frame 1403638130.895097
Dropping frame 1403638131.145097
Dropping frame 1403638131.445097
Dropping frame 1403638131.5450969
Dropping frame 1403638131.645097
Dropping frame 1403638131.7450969
Dropping frame 1403638131.9950972
Dropping frame 1403638132.0950971
Dropping frame 1403638132.195097
Dropping frame 1403638132.2950971
Dropping frame 1403638132.4950972
Dropping frame 1403638132.695097
Dropping frame 1403638132.895097
Dropping frame 1403638133.0950971
Dropping frame 1403638133.195097
Dropping frame 1403638133.645097
Dropping frame 1403638133.8450971
Dropping frame 1403638134.0450969
Dropping frame 1403638134.145097
Dropping frame 1403638134.395097
start VIBA 1
Dropping frame 1403638134.4950972
end VIBA 1
Dropping frame 1403638134.7450969
Dropping frame 1403638134.8450971
Dropping frame 1403638134.945097
Dropping frame 1403638135.145097
Dropping frame 1403638135.2450969
Dropping frame 1403638135.3450971
Dropping frame 1403638135.5450969
Dropping frame 1403638135.7450969
Dropping frame 1403638135.8450971
Dropping frame 1403638136.0450969
Dropping frame 1403638136.145097
Dropping frame 1403638136.2950971
Dropping frame 1403638136.4950972
Dropping frame 1403638136.5950971
Dropping frame 1403638136.695097
Dropping frame 1403638136.895097
Dropping frame 1403638136.9950972
Dropping frame 1403638137.0950971
Dropping frame 1403638137.445097
Dropping frame 1403638137.5450969
Dropping frame 1403638137.645097
Dropping frame 1403638138.0950971
Dropping frame 1403638138.195097
Dropping frame 1403638138.2950971
Dropping frame 1403638138.4950972
Dropping frame 1403638138.695097
Not enough motion for initializing. Reseting...
TRACK: Reset map because local mapper set the bad imu flag 
LM: Active map reset recieved
LM: Active map reset, waiting...
LM: Reseting current map in Local Mapping...
LM: End reseting Local Mapping...
LM: Reset free the mutex
LM: Active map reset, Done!!!
mnFirstFrameId = 32
mnInitialFrameId = 0
147 Frames set to lost
not IMU meas
not enough acceleration
Dropping frame 1403638138.895097
First KF:39; Map init KF:0
New Map created with 171 points
Active map: 0
Dropping frame 1403638138.9950972
Dropping frame 1403638139.0950971
Dropping frame 1403638139.2950971
Dropping frame 1403638139.4950972
Dropping frame 1403638139.695097
Dropping frame 1403638139.7950971
Dropping frame 1403638139.895097
Dropping frame 1403638140.0950971
Dropping frame 1403638140.195097
Dropping frame 1403638140.445097
Dropping frame 1403638140.645097
Dropping frame 1403638140.7450969
Dropping frame 1403638140.8450971
Dropping frame 1403638141.195097
Dropping frame 1403638141.2950971
Dropping frame 1403638141.7450969
Not enough motion for initializing. Reseting...
Dropping frame 1403638141.945097
LM: Reseting current map in Local Mapping...
LM: End reseting Local Mapping...
LM: Reset free the mutex
Dropping frame 1403638142.145097
Dropping frame 1403638142.2450969
Not enough motion for initializing. Reseting...
TRACK: Reset map because local mapper set the bad imu flag 
LM: Reseting current map in Local Mapping...
LM: End reseting Local Mapping...
LM: Reset free the mutex
LM: Active map reset recieved
LM: Active map reset, waiting...
LM: Reseting current map in Local Mapping...
LM: End reseting Local Mapping...
LM: Reset free the mutex
LM: Active map reset, Done!!!
mnFirstFrameId = 182
mnInitialFrameId = 179
198 Frames set to lost
not IMU meas
not enough acceleration
not enough acceleration
Dropping frame 1403638142.645097
First KF:51; Map init KF:39
New Map created with 176 points
Active map: 0
Dropping frame 1403638142.8450971
Dropping frame 1403638142.945097
Dropping frame 1403638143.0450969
Dropping frame 1403638143.395097
Dropping frame 1403638144.5950971
Dropping frame 1403638144.8450971
Dropping frame 1403638145.195097
Dropping frame 1403638145.2450969
Not enough motion for initializing. Reseting...
TRACK: Reset map because local mapper set the bad imu flag 
LM: Reseting current map in Local Mapping...
LM: End reseting Local Mapping...
LM: Reset free the mutex
LM: Active map reset recieved
LM: Active map reset, waiting...
LM: Reseting current map in Local Mapping...
LM: End reseting Local Mapping...
LM: Reset free the mutex
LM: Active map reset, Done!!!
mnFirstFrameId = 237
mnInitialFrameId = 233
250 Frames set to lost
not IMU meas
not enough acceleration
not enough acceleration
not enough acceleration
not enough acceleration
not enough acceleration
not enough acceleration
not enough acceleration
not enough acceleration
not enough acceleration
not enough acceleration
not enough acceleration
not enough acceleration
not enough acceleration
not enough acceleration
not enough acceleration
not enough acceleration
not enough acceleration
not enough acceleration
not enough acceleration
not enough acceleration
not enough acceleration
not enough acceleration
not enough acceleration
not enough acceleration
not enough acceleration
not enough acceleration
not enough acceleration
not enough acceleration
not enough acceleration
not enough acceleration
not enough acceleration
not enough acceleration
not enough acceleration
not enough acceleration
not enough acceleration
not enough acceleration
not enough acceleration
not enough acceleration
not enough acceleration
not enough acceleration
First KF:62; Map init KF:51
New Map created with 189 points
Active map: 0
start VIBA 1
end VIBA 1
Dropping frame 1403638156.2950971
Dropping frame 1403638156.5950971
Dropping frame 1403638156.7450969
Dropping frame 1403638156.945097
Dropping frame 1403638157.2950971
Dropping frame 1403638157.395097
Dropping frame 1403638157.5450969
Dropping frame 1403638157.695097
Dropping frame 1403638157.7950971
Dropping frame 1403638157.945097
Dropping frame 1403638158.0950971
Dropping frame 1403638158.2450969
Dropping frame 1403638158.395097
Dropping frame 1403638158.4950972
Dropping frame 1403638158.5950971
Dropping frame 1403638158.695097
Dropping frame 1403638158.7950971
Dropping frame 1403638158.895097
Dropping frame 1403638158.9950972
Dropping frame 1403638159.0950971
Dropping frame 1403638159.2450969
Dropping frame 1403638159.395097
Dropping frame 1403638159.4950972
Dropping frame 1403638159.645097
Dropping frame 1403638159.7450969
Dropping frame 1403638159.945097
Dropping frame 1403638160.0450969
Dropping frame 1403638160.145097
Dropping frame 1403638160.2450969
Dropping frame 1403638160.395097
Dropping frame 1403638160.4950972
Dropping frame 1403638160.695097
Dropping frame 1403638160.7950971
Dropping frame 1403638160.895097
Dropping frame 1403638161.0450969
Dropping frame 1403638161.145097
Dropping frame 1403638161.2450969
Dropping frame 1403638161.395097
Dropping frame 1403638161.5450969
Dropping frame 1403638161.645097
Dropping frame 1403638161.7450969
Dropping frame 1403638161.8450971
Dropping frame 1403638161.945097
Dropping frame 1403638162.0450969
Dropping frame 1403638162.145097
Dropping frame 1403638162.2950971
Dropping frame 1403638162.395097
Dropping frame 1403638162.5950971
Dropping frame 1403638162.7450969
Dropping frame 1403638162.945097
Dropping frame 1403638163.0450969
Dropping frame 1403638163.145097
Dropping frame 1403638163.2450969
start VIBA 2
Dropping frame 1403638163.5950971
Dropping frame 1403638163.695097
end VIBA 2
Dropping frame 1403638164.145097
Dropping frame 1403638164.445097
Dropping frame 1403638164.7950971
Dropping frame 1403638164.9950972
Dropping frame 1403638165.195097
Dropping frame 1403638165.2950971
Dropping frame 1403638165.445097
Dropping frame 1403638165.5450969
Dropping frame 1403638165.645097
Dropping frame 1403638165.7950971
Dropping frame 1403638165.895097
Dropping frame 1403638165.9950972
Dropping frame 1403638166.0950971
Dropping frame 1403638166.195097
Dropping frame 1403638166.445097
Dropping frame 1403638166.5450969
Dropping frame 1403638167.145097
Dropping frame 1403638167.5950971
Dropping frame 1403638168.145097
Dropping frame 1403638169.2450969
Dropping frame 1403638169.4950972
Dropping frame 1403638169.695097
Dropping frame 1403638169.7950971
Dropping frame 1403638169.9950972
Dropping frame 1403638170.195097
Dropping frame 1403638170.2950971
Dropping frame 1403638170.4950972
Dropping frame 1403638170.5950971
Dropping frame 1403638170.7950971
Dropping frame 1403638170.895097
Dropping frame 1403638171.0950971
Dropping frame 1403638171.195097
Dropping frame 1403638171.395097
Dropping frame 1403638171.5950971
Dropping frame 1403638171.7950971
Dropping frame 1403638171.9950972
Dropping frame 1403638172.195097
Dropping frame 1403638172.395097
Dropping frame 1403638172.5950971
Dropping frame 1403638172.7950971
Dropping frame 1403638172.895097
Dropping frame 1403638173.0950971
Dropping frame 1403638173.195097
Dropping frame 1403638173.395097
Dropping frame 1403638173.5950971
Dropping frame 1403638173.695097
Dropping frame 1403638173.895097
Dropping frame 1403638174.0950971
Dropping frame 1403638174.195097
Dropping frame 1403638174.2950971
Dropping frame 1403638174.4950972
Dropping frame 1403638174.695097
Dropping frame 1403638174.895097
Dropping frame 1403638175.0950971
Dropping frame 1403638175.195097
Dropping frame 1403638175.395097
Dropping frame 1403638175.5950971
Dropping frame 1403638175.695097
Dropping frame 1403638175.7950971
Dropping frame 1403638175.9950972
Dropping frame 1403638176.195097
Dropping frame 1403638176.395097
Dropping frame 1403638176.4950972
Dropping frame 1403638176.695097
Dropping frame 1403638176.895097
Dropping frame 1403638177.0950971
Dropping frame 1403638177.195097
Dropping frame 1403638177.395097
Dropping frame 1403638177.4950972
Dropping frame 1403638177.695097
Dropping frame 1403638177.895097
Dropping frame 1403638178.0950971
Dropping frame 1403638178.2950971
Dropping frame 1403638178.4950972
Dropping frame 1403638178.695097
Dropping frame 1403638178.895097
Dropping frame 1403638178.9950972
Dropping frame 1403638179.195097
Dropping frame 1403638179.395097
Dropping frame 1403638179.4950972
Dropping frame 1403638179.5950971
Dropping frame 1403638179.7950971
Dropping frame 1403638179.895097
Dropping frame 1403638180.0950971
Dropping frame 1403638180.195097
Dropping frame 1403638180.5950971
Dropping frame 1403638181.4950972
Dropping frame 1403638181.5950971
Dropping frame 1403638181.695097
Dropping frame 1403638181.7950971
Dropping frame 1403638181.895097
Dropping frame 1403638182.0950971
Dropping frame 1403638182.2950971
Dropping frame 1403638182.395097
Dropping frame 1403638182.4950972
Dropping frame 1403638182.5950971
Dropping frame 1403638182.8450971
Dropping frame 1403638182.945097
Dropping frame 1403638183.0950971
Dropping frame 1403638183.395097
Dropping frame 1403638183.4950972
Dropping frame 1403638183.5950971
Dropping frame 1403638183.7950971
Dropping frame 1403638183.895097
Dropping frame 1403638183.9950972
Dropping frame 1403638184.195097
Dropping frame 1403638184.395097
Dropping frame 1403638184.4950972
Dropping frame 1403638184.695097
Dropping frame 1403638184.895097
Dropping frame 1403638185.0950971
Dropping frame 1403638185.195097
Dropping frame 1403638185.395097
Dropping frame 1403638185.5950971
Dropping frame 1403638185.7950971
Dropping frame 1403638185.9950972
Dropping frame 1403638186.195097
Dropping frame 1403638186.2950971
Dropping frame 1403638186.395097
Dropping frame 1403638186.645097
Dropping frame 1403638186.8450971
Dropping frame 1403638186.9950972
Dropping frame 1403638187.0950971
Dropping frame 1403638187.195097
Dropping frame 1403638187.2950971
Dropping frame 1403638187.395097
Dropping frame 1403638187.4950972
Dropping frame 1403638187.695097
Dropping frame 1403638187.895097
Dropping frame 1403638187.9950972
Dropping frame 1403638188.0950971
Dropping frame 1403638188.195097
Dropping frame 1403638188.2950971
Dropping frame 1403638188.445097
Dropping frame 1403638188.5450969
Dropping frame 1403638188.7450969
Dropping frame 1403638188.8450971
Dropping frame 1403638188.945097
Dropping frame 1403638189.0450969
Dropping frame 1403638189.145097
Dropping frame 1403638189.2450969
Dropping frame 1403638189.4950972
Dropping frame 1403638189.695097
Dropping frame 1403638189.7950971
Dropping frame 1403638189.895097
Dropping frame 1403638189.9950972
Dropping frame 1403638190.195097
Dropping frame 1403638190.2950971
Dropping frame 1403638190.5450969
Dropping frame 1403638190.7450969
Dropping frame 1403638190.8450971
Dropping frame 1403638190.9950972
Dropping frame 1403638191.3450971
Dropping frame 1403638191.445097
Dropping frame 1403638191.7450969
Dropping frame 1403638191.8450971
Dropping frame 1403638191.945097
Dropping frame 1403638192.145097
Dropping frame 1403638192.3450971
Dropping frame 1403638192.445097
Dropping frame 1403638192.7450969
Dropping frame 1403638192.9950972
Dropping frame 1403638193.195097
Dropping frame 1403638193.2950971
Dropping frame 1403638193.395097
Dropping frame 1403638193.5950971
Dropping frame 1403638193.7950971
Dropping frame 1403638193.945097
Dropping frame 1403638194.145097
Dropping frame 1403638194.3450971
Dropping frame 1403638194.445097
Dropping frame 1403638194.5450969
Dropping frame 1403638194.7450969
Dropping frame 1403638194.945097
Dropping frame 1403638195.0950971
Dropping frame 1403638195.2950971
Dropping frame 1403638195.395097
Dropping frame 1403638195.4950972
Dropping frame 1403638195.695097
Dropping frame 1403638195.7950971
Dropping frame 1403638195.895097
Dropping frame 1403638196.0950971
Dropping frame 1403638196.195097
Dropping frame 1403638196.445097
Dropping frame 1403638196.5950971
Dropping frame 1403638196.7950971
Dropping frame 1403638197.0950971
Dropping frame 1403638197.195097
Dropping frame 1403638197.2950971
Dropping frame 1403638197.4950972
Dropping frame 1403638197.645097
Dropping frame 1403638197.8450971
Dropping frame 1403638198.0450969
Dropping frame 1403638198.145097
Dropping frame 1403638198.395097
Dropping frame 1403638198.5950971
Dropping frame 1403638198.895097
Dropping frame 1403638199.5950971
Dropping frame 1403638199.895097
Dropping frame 1403638200.2450969
Dropping frame 1403638200.5450969
Dropping frame 1403638200.645097
Dropping frame 1403638200.895097
Dropping frame 1403638200.9950972
Dropping frame 1403638201.2450969
Dropping frame 1403638201.3450971
Dropping frame 1403638201.445097
Dropping frame 1403638201.7950971
Dropping frame 1403638201.895097
Dropping frame 1403638202.145097
Dropping frame 1403638202.2450969
Dropping frame 1403638202.3450971
Dropping frame 1403638202.5450969
Dropping frame 1403638202.7450969
Dropping frame 1403638202.945097
Dropping frame 1403638203.0450969
Dropping frame 1403638203.145097
Dropping frame 1403638203.3450971
Dropping frame 1403638203.445097
Dropping frame 1403638203.695097
Dropping frame 1403638203.7950971
Dropping frame 1403638203.895097
Dropping frame 1403638204.0950971
Dropping frame 1403638204.2950971
Dropping frame 1403638204.395097
Dropping frame 1403638204.645097
Dropping frame 1403638204.7450969
Dropping frame 1403638204.8450971
Dropping frame 1403638205.0450969
Dropping frame 1403638205.195097
Dropping frame 1403638205.395097
Dropping frame 1403638205.5950971
Dropping frame 1403638205.695097
Dropping frame 1403638205.945097
Dropping frame 1403638206.145097
Dropping frame 1403638206.2950971
Dropping frame 1403638206.4950972
Dropping frame 1403638206.645097
Dropping frame 1403638207.195097
Dropping frame 1403638207.395097
Dropping frame 1403638207.695097
Dropping frame 1403638207.7950971
Dropping frame 1403638207.895097
Dropping frame 1403638208.0950971
Dropping frame 1403638208.2450969
Dropping frame 1403638208.445097
Dropping frame 1403638208.645097
Dropping frame 1403638208.7450969
Dropping frame 1403638208.9950972
Dropping frame 1403638209.0950971
Dropping frame 1403638209.195097
Dropping frame 1403638209.395097
Dropping frame 1403638209.5950971
Dropping frame 1403638209.7950971
Dropping frame 1403638209.895097
Dropping frame 1403638210.145097
Dropping frame 1403638210.445097
Dropping frame 1403638210.645097
Dropping frame 1403638210.8450971
Dropping frame 1403638210.945097
Dropping frame 1403638211.0450969
Dropping frame 1403638211.145097
Dropping frame 1403638211.3450971
Dropping frame 1403638211.5450969
Dropping frame 1403638211.7450969
Dropping frame 1403638211.895097
Dropping frame 1403638211.9950972
Dropping frame 1403638212.0950971
Dropping frame 1403638212.2950971
Dropping frame 1403638212.395097
Dropping frame 1403638212.645097
Dropping frame 1403638213.0450969
Dropping frame 1403638213.2450969
Dropping frame 1403638213.445097
Dropping frame 1403638213.645097
Dropping frame 1403638213.7450969
Dropping frame 1403638213.9950972
Dropping frame 1403638214.145097
Dropping frame 1403638214.3450971
Dropping frame 1403638214.5450969
Dropping frame 1403638214.7450969
Dropping frame 1403638214.945097
Dropping frame 1403638215.2950971
Dropping frame 1403638215.4950972
Dropping frame 1403638215.7450969
Dropping frame 1403638215.8450971
Dropping frame 1403638216.195097
Dropping frame 1403638216.945097
Dropping frame 1403638217.395097
Dropping frame 1403638217.4950972
Dropping frame 1403638217.895097
Dropping frame 1403638217.9950972
Dropping frame 1403638218.4950972
Dropping frame 1403638218.5950971
Dropping frame 1403638218.695097
Dropping frame 1403638218.895097
Dropping frame 1403638219.0950971
Dropping frame 1403638220.145097
Dropping frame 1403638220.2450969
Dropping frame 1403638220.4950972
Dropping frame 1403638220.695097
Dropping frame 1403638220.895097
Dropping frame 1403638220.9950972
Dropping frame 1403638221.2950971
Dropping frame 1403638221.5950971
Dropping frame 1403638221.695097
Dropping frame 1403638222.4950972
Dropping frame 1403638222.695097
Dropping frame 1403638222.7950971
Dropping frame 1403638223.445097
Dropping frame 1403638223.7950971
Dropping frame 1403638223.9950972
Dropping frame 1403638224.0950971
Dropping frame 1403638224.2950971
Dropping frame 1403638224.4950972
Dropping frame 1403638224.5950971
Dropping frame 1403638224.8450971
Dropping frame 1403638225.0450969
Dropping frame 1403638225.2450969
Dropping frame 1403638225.445097
Dropping frame 1403638225.645097
Dropping frame 1403638227.395097
Dropping frame 1403638227.9950972
Shutdown
SLAM Finished at System Time: 1742895257.79045

 TIME STATS in ms (mean$\pm$std)
OpenCV version: 4.8.1
---------------------------
Tracking

ORB Extraction: 19.715$\pm$2.4315
Stereo Matching: 8.2265$\pm$2.0596
IMU Preintegration: 0.21165$\pm$0.092853
Pose Prediction: 0.6367$\pm$1.5337
LM Track: 16.919$\pm$6.0869
New KF decision: 1.1162$\pm$1.9016
Total Tracking: 32.099$\pm$25.442



Local Mapping

KF Insertion: 13.465$\pm$4.7848
MP Culling: 0.45334$\pm$0.21492
MP Creation: 41.168$\pm$16.862
LBA: 140.67$\pm$49.423
KF Culling: 10.358$\pm$8.887
Total Local Mapping: 205.61$\pm$75.986
---------------------------

LBA complexity (mean$\pm$std)
LBA Edges: 1483.5$\pm$1044.7
LBA KF optimized: 6.5$\pm$2.2913
LBA KF fixed: 1$\pm$0
LBA MP: nan$\pm$nan

LBA executions: 387
LBA aborts: 0
---------------------------

Map complexity
KFs in map: 165
MPs in map: 12794
---------------------------

Place Recognition (mean$\pm$std)
Database Query: 2.2622$\pm$1.1231
SE3 estimation: 28.14$\pm$16.185
Total Place Recognition: 20.804$\pm$19.796


Loop Closing (mean$\pm$std)
Loop Fusion: nan$\pm$nan
Essential Graph: nan$\pm$nan
Total Loop Closing: nan$\pm$nan

Num exec: 0
Number of KFs: nan$\pm$nan

Map Merging (mean$\pm$std)
Merge Maps: nan$\pm$nan
Welding BA: nan$\pm$nan
Optimization Ess.: nan$\pm$nan
Total Map Merging: nan$\pm$nan

Num exec: 0
Number of KFs: nan$\pm$nan
Number of MPs: nan$\pm$nan

Full GBA (mean$\pm$std)
GBA: nan$\pm$nan
Map Update: nan$\pm$nan
Total Full GBA: nan$\pm$nan

Num exec: 0
Num abort: 0
Number of KFs: nan$\pm$nan
Number of MPs: nan$\pm$nan

Saving trajectory to f_dataset-MH04_stereo_imu.txt ...
There are 1 maps in the atlas
  Map 0 has 165 KFs

End of saving trajectory to f_dataset-MH04_stereo_imu.txt ...

Saving keyframe trajectory to kf_dataset-MH04_stereo_imu.txt ...
