num_seq = 1
file name: dataset-V202_stereo_imu
Loading images for sequence 0...LOADED!
Loading IMU for sequence 0...LOADED!

-------

ORB-SLAM3 Copyright (C) 2017-2020 Carlos Campos, Richard Elvira, Juan J. Gómez, José M.M. Montiel and Juan D. Tardós, University of Zaragoza.
ORB-SLAM2 Copyright (C) 2014-2016 Raúl Mur-Artal, José M.M. Montiel and Juan D. Tardós, University of Zaragoza.
This program comes with ABSOLUTELY NO WARRANTY;
This is free software, and you are welcome to redistribute it
under certain conditions. See LICENSE.txt.

Built with REGISTER_TIMES
Git Commit Hash: 33f00b6

Build Type: Release

Compiled with C++ version: 201703

Input sensor was set to: Stereo-Inertial
Loading settings from EuRoC_fov_deadlines_mask_10x10.yaml
	-Loaded camera 1
	-Loaded camera 2
	-Loaded image info
	-Loaded IMU calibration
	-Loaded ORB settings
	-Loaded viewer settings
	-Loaded Atlas settings
Deadlines enabled, will skip frames!
FOV enabled
Static mask size: 10x10
Dumping map points enabled
	-Loaded misc parameters
	-Computed rectification maps
----------------------------------
SLAM settings: 
	-Camera 1 parameters (Pinhole): [ 458.65399169921875 457.29598999023438 367.21499633789062 248.375 ]
	-Camera 1 distortion parameters: [  -0.28340810537338257 0.073959067463874817 0.00019359000725671649 1.7618711353861727e-05 ]
	-Camera 2 parameters (Pinhole: [ 457.58700561523438 456.13400268554688 379.99899291992188 255.23800659179688 ]
	-Camera 1 distortion parameters: [  -0.2836836576461792 0.074512839317321777 -0.00010473000293131918 -3.555907096597366e-05 ]
	-Original image size: [ 752 , 480 ]
	-Current image size: [ 752 , 480 ]
	-Camera 1 parameters after rectification: [  456.71499633789062 456.71499633789062 364.52615356445312 257.268798828125 ]
	-Sequence FPS: 20
	-Stereo baseline: 0.11007784307003021
	-Stereo depth threshold : 60
	-Gyro noise: 0.00016999999934341758
	-Accelerometer noise: 0.0020000000949949026
	-Gyro walk: 1.9392999092815444e-05
	-Accelerometer walk: 0.0030000000260770321
	-IMU frequency: 200
	-Features per image: 1200
	-ORB scale factor: 1.2000000476837158
	-ORB number of scales: 8
	-Initial FAST threshold: 20
	-Min FAST threshold: 7


Loading ORB Vocabulary. This could take a while...
Vocabulary loaded!

Initialization of Atlas from scratch 
Creation of new map with id: 0
Creation of new map with last KF id: 0
Seq. Name: 
There are 1 cameras in the atlas
Camera 0 is pinhole
SLAM Started at System Time: 1747030032.82461
not IMU meas
not IMU meas
not enough acceleration
not enough acceleration
not enough acceleration
not enough acceleration
not enough acceleration
not enough acceleration
not enough acceleration
not enough acceleration
not enough acceleration
not enough acceleration
not enough acceleration
not enough acceleration
not enough acceleration
not enough acceleration
not enough acceleration
not enough acceleration
not enough acceleration
not enough acceleration
not enough acceleration
not enough acceleration
not enough acceleration
not enough acceleration
not enough acceleration
not enough acceleration
not enough acceleration
not enough acceleration
not enough acceleration
not enough acceleration
not enough acceleration
not enough acceleration
not enough acceleration
not enough acceleration
not enough acceleration
not enough acceleration
not enough acceleration
not enough acceleration
not enough acceleration
not enough acceleration
not enough acceleration
not enough acceleration
not enough acceleration
not enough acceleration
not enough acceleration
not enough acceleration
not enough acceleration
not enough acceleration
not enough acceleration
not enough acceleration
not enough acceleration
not enough acceleration
not enough acceleration
not enough acceleration
not enough acceleration
not enough acceleration
not enough acceleration
not enough acceleration
not enough acceleration
not enough acceleration
not enough acceleration
not enough acceleration
not enough acceleration
not enough acceleration
not enough acceleration
not enough acceleration
not enough acceleration
not enough acceleration
not enough acceleration
not enough acceleration
not enough acceleration
not enough acceleration
First KF:0; Map init KF:0
New Map created with 444 points
Active map: 0
Dropping frame 1413393889.6557603
Dropping frame 1413393889.8557603
Dropping frame 1413393890.1557603
Dropping frame 1413393890.2557604
Dropping frame 1413393890.6057606
Dropping frame 1413393890.8057606
Dropping frame 1413393890.9057605
Dropping frame 1413393891.0057604
Dropping frame 1413393891.1057606
Dropping frame 1413393891.2057605
Dropping frame 1413393891.4557605
Dropping frame 1413393891.5557604
Dropping frame 1413393891.6557603
Dropping frame 1413393891.8557603
Dropping frame 1413393892.0557604
Dropping frame 1413393892.2557604
Dropping frame 1413393892.4557605
Dropping frame 1413393892.6557603
Dropping frame 1413393892.7557604
Dropping frame 1413393893.0557604
Dropping frame 1413393893.2557604
Dropping frame 1413393893.4557605
Dropping frame 1413393893.5557604
Dropping frame 1413393893.6557603
Dropping frame 1413393893.8557603
Dropping frame 1413393894.0057604
Dropping frame 1413393894.4557605
Dropping frame 1413393894.5557604
Dropping frame 1413393894.8057606
start VIBA 1
Dropping frame 1413393894.9057605
end VIBA 1
Dropping frame 1413393895.1557603
Dropping frame 1413393895.3557603
Dropping frame 1413393895.5057604
Dropping frame 1413393895.8057606
Dropping frame 1413393895.9057605
Dropping frame 1413393896.0057604
Dropping frame 1413393896.2057605
Dropping frame 1413393896.3057606
Dropping frame 1413393896.4057605
Dropping frame 1413393896.6057606
Dropping frame 1413393896.9557605
Dropping frame 1413393897.0557604
Dropping frame 1413393897.3057606
Dropping frame 1413393897.4057605
Dropping frame 1413393897.6057606
Dropping frame 1413393897.7057605
Dropping frame 1413393897.8557603
Dropping frame 1413393898.0057604
Dropping frame 1413393898.1057606
Dropping frame 1413393898.3557603
Dropping frame 1413393898.5557604
Dropping frame 1413393898.6557603
Dropping frame 1413393898.7557604
Dropping frame 1413393898.8557603
Dropping frame 1413393899.0557604
Dropping frame 1413393899.2557604
Dropping frame 1413393899.3557603
Dropping frame 1413393899.4557605
Dropping frame 1413393899.7057605
Dropping frame 1413393899.8057606
Dropping frame 1413393900.0557604
Dropping frame 1413393900.3057606
Dropping frame 1413393900.4057605
Dropping frame 1413393900.5057604
Dropping frame 1413393900.8057606
Dropping frame 1413393901.0057604
Dropping frame 1413393901.2057605
Dropping frame 1413393901.5057604
Dropping frame 1413393901.8557603
Dropping frame 1413393901.9557605
Dropping frame 1413393902.2057605
Dropping frame 1413393902.3057606
Dropping frame 1413393902.4057605
Dropping frame 1413393902.7557604
Dropping frame 1413393903.4057605
Dropping frame 1413393903.5557604
Dropping frame 1413393903.7557604
Dropping frame 1413393903.9557605
Dropping frame 1413393904.0557604
Dropping frame 1413393904.2557604
Dropping frame 1413393904.3557603
Dropping frame 1413393904.5557604
Dropping frame 1413393904.7557604
Dropping frame 1413393904.8557603
start VIBA 2
Dropping frame 1413393904.9557605
end VIBA 2
Dropping frame 1413393905.2057605
Dropping frame 1413393905.5057604
Dropping frame 1413393905.7057605
Dropping frame 1413393905.9057605
Dropping frame 1413393906.1057606
Dropping frame 1413393906.2057605
Dropping frame 1413393906.3057606
Dropping frame 1413393906.5057604
Dropping frame 1413393906.6057606
Dropping frame 1413393906.8557603
Dropping frame 1413393907.2057605
Dropping frame 1413393907.7057605
Dropping frame 1413393908.0557604
Dropping frame 1413393908.1557603
Dropping frame 1413393908.4557605
Dropping frame 1413393908.8057606
Dropping frame 1413393909.0557604
Dropping frame 1413393909.3557603
Dropping frame 1413393909.5557604
Dropping frame 1413393909.6557603
Dropping frame 1413393909.9057605
Dropping frame 1413393910.0557604
Dropping frame 1413393910.1557603
Dropping frame 1413393910.4057605
Dropping frame 1413393910.5057604
Dropping frame 1413393910.9057605
Dropping frame 1413393911.1057606
Dropping frame 1413393911.2057605
Dropping frame 1413393911.3057606
Dropping frame 1413393911.5557604
Dropping frame 1413393911.7557604
Dropping frame 1413393911.9557605
Dropping frame 1413393912.0557604
Dropping frame 1413393912.2057605
Dropping frame 1413393912.3557603
Dropping frame 1413393912.6057606
Dropping frame 1413393912.7057605
Dropping frame 1413393912.8557603
Dropping frame 1413393912.9557605
Dropping frame 1413393913.0557604
Dropping frame 1413393913.1557603
Dropping frame 1413393913.2557604
Dropping frame 1413393913.4557605
Dropping frame 1413393913.6557603
Dropping frame 1413393913.9057605
Dropping frame 1413393914.0057604
Dropping frame 1413393914.1057606
Dropping frame 1413393914.3057606
Dropping frame 1413393914.6057606
Dropping frame 1413393914.8057606
Dropping frame 1413393914.9057605
Dropping frame 1413393915.0057604
Dropping frame 1413393915.2057605
Dropping frame 1413393915.4057605
Dropping frame 1413393915.5057604
Dropping frame 1413393915.6057606
Dropping frame 1413393915.8057606
Dropping frame 1413393915.9057605
Dropping frame 1413393916.0057604
Dropping frame 1413393916.2057605
Dropping frame 1413393916.5557604
Dropping frame 1413393916.7057605
Dropping frame 1413393917.0057604
Dropping frame 1413393917.3557603
Dropping frame 1413393917.4557605
Dropping frame 1413393917.5557604
Dropping frame 1413393917.7557604
Dropping frame 1413393917.9057605
Dropping frame 1413393918.1057606
Dropping frame 1413393918.2057605
*Loop detected
phi = 0.0028333413609114865 -0.023521403860464519  0.020866774849903943
BAD LOOP!!!
Dropping frame 1413393918.4557605
Dropping frame 1413393918.6557603
*Loop detected
phi = 0.0053820180318866423  -0.01102408985317054  0.014062924677864781
BAD LOOP!!!
Dropping frame 1413393918.8557603
Dropping frame 1413393919.1557603
Dropping frame 1413393919.3557603
Dropping frame 1413393919.7057605
Dropping frame 1413393919.8057606
Dropping frame 1413393919.9057605
Dropping frame 1413393920.0057604
Dropping frame 1413393920.1557603
Dropping frame 1413393920.3557603
Dropping frame 1413393920.8057606
Dropping frame 1413393921.1557603
Dropping frame 1413393921.3057606
Dropping frame 1413393921.5057604
Dropping frame 1413393921.7057605
Dropping frame 1413393921.8057606
Dropping frame 1413393921.9057605
Dropping frame 1413393922.2057605
Dropping frame 1413393922.3057606
Dropping frame 1413393922.5057604
Dropping frame 1413393922.6057606
Dropping frame 1413393922.8057606
Dropping frame 1413393922.9557605
Dropping frame 1413393923.0557604
Dropping frame 1413393923.2557604
Dropping frame 1413393923.3557603
Dropping frame 1413393923.4557605
Dropping frame 1413393923.5557604
Dropping frame 1413393923.8057606
Dropping frame 1413393923.9057605
Dropping frame 1413393924.1557603
Dropping frame 1413393924.3557603
Dropping frame 1413393924.4557605
Dropping frame 1413393924.5557604
Dropping frame 1413393924.8057606
Dropping frame 1413393925.0557604
Dropping frame 1413393925.2557604
Dropping frame 1413393925.3557603
Dropping frame 1413393925.6557603
Dropping frame 1413393925.9057605
Dropping frame 1413393926.0057604
Dropping frame 1413393926.1057606
Dropping frame 1413393926.3057606
Dropping frame 1413393926.5057604
Dropping frame 1413393926.6057606
Dropping frame 1413393926.8557603
Dropping frame 1413393927.0557604
Dropping frame 1413393927.2557604
Dropping frame 1413393927.4057605
Dropping frame 1413393927.5057604
Dropping frame 1413393927.7057605
Dropping frame 1413393928.0057604
Dropping frame 1413393928.1057606
Dropping frame 1413393928.5057604
Dropping frame 1413393928.6057606
Dropping frame 1413393929.0057604
Dropping frame 1413393929.1557603
Dropping frame 1413393929.7557604
Dropping frame 1413393929.9557605
Dropping frame 1413393930.1557603
Dropping frame 1413393930.5057604
Dropping frame 1413393930.8057606
Dropping frame 1413393931.1557603
*Loop detected
phi =  0.0067384836036943384 0.00053786911064524162   0.072757431127236705
Local Mapping STOP
Dropping frame 1413393931.2557604
Local Mapping RELEASE
Dropping frame 1413393931.6557603
Local Mapping STOP
Local Mapping RELEASE
Dropping frame 1413393932.1057606
Dropping frame 1413393932.5057604
Dropping frame 1413393932.9557605
Dropping frame 1413393933.1557603
Dropping frame 1413393933.3057606
Dropping frame 1413393933.5057604
Dropping frame 1413393933.6557603
Dropping frame 1413393934.0057604
Dropping frame 1413393934.4557605
Dropping frame 1413393934.9057605
Dropping frame 1413393935.5057604
Dropping frame 1413393935.8557603
Dropping frame 1413393935.9557605
Dropping frame 1413393936.3057606
Dropping frame 1413393936.6557603
Dropping frame 1413393936.8557603
Dropping frame 1413393937.0557604
Dropping frame 1413393937.2057605
Dropping frame 1413393937.4057605
Dropping frame 1413393937.6557603
Dropping frame 1413393937.9557605
Dropping frame 1413393938.1557603
Dropping frame 1413393938.5057604
Dropping frame 1413393938.6057606
Dropping frame 1413393938.9057605
Dropping frame 1413393940.3057606
Dropping frame 1413393940.8557603
Dropping frame 1413393940.9557605
Dropping frame 1413393941.2057605
Dropping frame 1413393941.3057606
Dropping frame 1413393941.4057605
Dropping frame 1413393941.5057604
Dropping frame 1413393941.6557603
Dropping frame 1413393942.0057604
Dropping frame 1413393942.1057606
Dropping frame 1413393942.2057605
Dropping frame 1413393942.5057604
Dropping frame 1413393942.6057606
Dropping frame 1413393942.9057605
Dropping frame 1413393943.1057606
Dropping frame 1413393943.2057605
Dropping frame 1413393943.4557605
Dropping frame 1413393943.6557603
Dropping frame 1413393943.8557603
Dropping frame 1413393943.9557605
Dropping frame 1413393944.0557604
Dropping frame 1413393944.2057605
Dropping frame 1413393944.4057605
Dropping frame 1413393944.6057606
Dropping frame 1413393944.7057605
Dropping frame 1413393944.9557605
Dropping frame 1413393945.1557603
Dropping frame 1413393945.3057606
Dropping frame 1413393945.5057604
Dropping frame 1413393945.6057606
Dropping frame 1413393945.8057606
Dropping frame 1413393946.0057604
Dropping frame 1413393946.1557603
Dropping frame 1413393946.3557603
Dropping frame 1413393946.5557604
Dropping frame 1413393946.7557604
Dropping frame 1413393946.9557605
Dropping frame 1413393947.0557604
Dropping frame 1413393947.3557603
Dropping frame 1413393947.5557604
Dropping frame 1413393947.7557604
Dropping frame 1413393948.0557604
Dropping frame 1413393948.2557604
Dropping frame 1413393948.4557605
Dropping frame 1413393948.7557604
Dropping frame 1413393949.0557604
Dropping frame 1413393949.3557603
Dropping frame 1413393949.6557603
Dropping frame 1413393949.9557605
Dropping frame 1413393950.0557604
Dropping frame 1413393950.3057606
Dropping frame 1413393950.4057605
Dropping frame 1413393950.7057605
Dropping frame 1413393950.9057605
Dropping frame 1413393951.1057606
Dropping frame 1413393951.2057605
Dropping frame 1413393951.4557605
Dropping frame 1413393951.5557604
Dropping frame 1413393951.6557603
Dropping frame 1413393952.0557604
Dropping frame 1413393952.1557603
Dropping frame 1413393952.4557605
Dropping frame 1413393952.5557604
Dropping frame 1413393952.8057606
Dropping frame 1413393952.9057605
Dropping frame 1413393953.1057606
Dropping frame 1413393953.2057605
Dropping frame 1413393953.4057605
Dropping frame 1413393953.6057606
Dropping frame 1413393953.9057605
Dropping frame 1413393954.4557605
Dropping frame 1413393956.5057604
Dropping frame 1413393956.7057605
Dropping frame 1413393956.8557603
Dropping frame 1413393957.0557604
Dropping frame 1413393957.5057604
Dropping frame 1413393957.6057606
Dropping frame 1413393957.7057605
Dropping frame 1413393958.0057604
Dropping frame 1413393958.1057606
Dropping frame 1413393958.2057605
Dropping frame 1413393958.5557604
Dropping frame 1413393958.7557604
Dropping frame 1413393958.8557603
Dropping frame 1413393958.9557605
Dropping frame 1413393959.5057604
Dropping frame 1413393959.9057605
Dropping frame 1413393960.0057604
Dropping frame 1413393960.9557605
Dropping frame 1413393961.0557604
Dropping frame 1413393961.3057606
Dropping frame 1413393961.4057605
Dropping frame 1413393961.6057606
Dropping frame 1413393961.7057605
Dropping frame 1413393961.9557605
Dropping frame 1413393962.0557604
Dropping frame 1413393962.2557604
Dropping frame 1413393962.4057605
Dropping frame 1413393962.5057604
Dropping frame 1413393962.6057606
Dropping frame 1413393962.8557603
Dropping frame 1413393962.9557605
Dropping frame 1413393963.0557604
Dropping frame 1413393963.1557603
Dropping frame 1413393963.2557604
Dropping frame 1413393963.4557605
Dropping frame 1413393963.6557603
Dropping frame 1413393963.7557604
Dropping frame 1413393963.8557603
Dropping frame 1413393964.0057604
Dropping frame 1413393964.1057606
Dropping frame 1413393964.2057605
Dropping frame 1413393964.4557605
Dropping frame 1413393964.5557604
Dropping frame 1413393964.7557604
Dropping frame 1413393965.0557604
Dropping frame 1413393965.1557603
Dropping frame 1413393965.3557603
Dropping frame 1413393965.4557605
Dropping frame 1413393965.5557604
Dropping frame 1413393965.6557603
Dropping frame 1413393965.7557604
Dropping frame 1413393965.8557603
Dropping frame 1413393966.0557604
Dropping frame 1413393966.2557604
Dropping frame 1413393966.3557603
Dropping frame 1413393966.4557605
Dropping frame 1413393966.8057606
Dropping frame 1413393966.9057605
Dropping frame 1413393967.0057604
Dropping frame 1413393967.2057605
Dropping frame 1413393967.4057605
Dropping frame 1413393967.5557604
Dropping frame 1413393967.8557603
Dropping frame 1413393968.0557604
Dropping frame 1413393968.3057606
Dropping frame 1413393968.4057605
Dropping frame 1413393968.6557603
Dropping frame 1413393968.7557604
Dropping frame 1413393969.1057606
Dropping frame 1413393969.2057605
Dropping frame 1413393969.3057606
Dropping frame 1413393969.4057605
Dropping frame 1413393969.6057606
Dropping frame 1413393969.7057605
Dropping frame 1413393969.8057606
Dropping frame 1413393970.0057604
Dropping frame 1413393970.1057606
Dropping frame 1413393970.2057605
Dropping frame 1413393970.3557603
Dropping frame 1413393970.4557605
Dropping frame 1413393970.6557603
Dropping frame 1413393970.8557603
Dropping frame 1413393971.2557604
Dropping frame 1413393971.3557603
Dropping frame 1413393971.5057604
Dropping frame 1413393972.1557603
Dropping frame 1413393972.7057605
Dropping frame 1413393972.8057606
Dropping frame 1413393973.0557604
Dropping frame 1413393973.1557603
Dropping frame 1413393973.4557605
Dropping frame 1413393973.9057605
Dropping frame 1413393974.0057604
Dropping frame 1413393974.1057606
Dropping frame 1413393974.5057604
Dropping frame 1413393974.7057605
Dropping frame 1413393974.9057605
Dropping frame 1413393975.0057604
Dropping frame 1413393975.2057605
Dropping frame 1413393975.5057604
Dropping frame 1413393975.7057605
Dropping frame 1413393975.9057605
Dropping frame 1413393976.1057606
Dropping frame 1413393976.2057605
Dropping frame 1413393976.4057605
Dropping frame 1413393976.6057606
Dropping frame 1413393976.8057606
Dropping frame 1413393976.9057605
Dropping frame 1413393977.0557604
Dropping frame 1413393977.1557603
Dropping frame 1413393977.4057605
Dropping frame 1413393977.5057604
Dropping frame 1413393977.7057605
Dropping frame 1413393977.9057605
Dropping frame 1413393978.0057604
Dropping frame 1413393978.1057606
Dropping frame 1413393978.2057605
Dropping frame 1413393978.4057605
Dropping frame 1413393978.7057605
Dropping frame 1413393978.8057606
Dropping frame 1413393978.9057605
Dropping frame 1413393979.2557604
Dropping frame 1413393979.4557605
Dropping frame 1413393979.5557604
Dropping frame 1413393979.7557604
Dropping frame 1413393979.8557603
Dropping frame 1413393980.1557603
Dropping frame 1413393980.5557604
Dropping frame 1413393980.6557603
Dropping frame 1413393980.9557605
Dropping frame 1413393981.0557604
Dropping frame 1413393981.3557603
Dropping frame 1413393981.8057606
Dropping frame 1413393982.0557604
Dropping frame 1413393982.1557603
Dropping frame 1413393982.3557603
Dropping frame 1413393982.8557603
Dropping frame 1413393982.9557605
Dropping frame 1413393983.2057605
Dropping frame 1413393983.3057606
Dropping frame 1413393983.4057605
Dropping frame 1413393983.8557603
Dropping frame 1413393984.3057606
Dropping frame 1413393984.7057605
Dropping frame 1413393985.0557604
Dropping frame 1413393985.3057606
Dropping frame 1413393985.4057605
Dropping frame 1413393985.7557604
Dropping frame 1413393985.8557603
Dropping frame 1413393985.9557605
Dropping frame 1413393986.1557603
Dropping frame 1413393986.2557604
Dropping frame 1413393986.3557603
Dropping frame 1413393986.5557604
Dropping frame 1413393986.6557603
Dropping frame 1413393986.7557604
Dropping frame 1413393986.8557603
Dropping frame 1413393986.9557605
Dropping frame 1413393987.1557603
Dropping frame 1413393987.3057606
Dropping frame 1413393987.4057605
Dropping frame 1413393987.5057604
Dropping frame 1413393987.7057605
Dropping frame 1413393987.8057606
Dropping frame 1413393987.9057605
Dropping frame 1413393988.0557604
Dropping frame 1413393988.2557604
Dropping frame 1413393988.3557603
Dropping frame 1413393988.5057604
Dropping frame 1413393988.7557604
Dropping frame 1413393988.8557603
Dropping frame 1413393988.9557605
Dropping frame 1413393989.0557604
Dropping frame 1413393989.1557603
Dropping frame 1413393989.3557603
Dropping frame 1413393989.5557604
Dropping frame 1413393989.6557603
Dropping frame 1413393989.7557604
Dropping frame 1413393989.8557603
Dropping frame 1413393990.0557604
Dropping frame 1413393990.2557604
Dropping frame 1413393990.3557603
Dropping frame 1413393990.4557605
Dropping frame 1413393990.5557604
Dropping frame 1413393990.6557603
Dropping frame 1413393990.8557603
Dropping frame 1413393990.9557605
Dropping frame 1413393991.2057605
Dropping frame 1413393991.3057606
Dropping frame 1413393991.4057605
Dropping frame 1413393991.6057606
Dropping frame 1413393991.8057606
Dropping frame 1413393991.9057605
Dropping frame 1413393992.0057604
Dropping frame 1413393992.1057606
Dropping frame 1413393992.3057606
Dropping frame 1413393992.5057604
Dropping frame 1413393992.7057605
Dropping frame 1413393992.8057606
Dropping frame 1413393992.9057605
Dropping frame 1413393993.0057604
Dropping frame 1413393993.1057606
Dropping frame 1413393993.2557604
Dropping frame 1413393993.4557605
Dropping frame 1413393993.6557603
Dropping frame 1413393993.7557604
Dropping frame 1413393993.8557603
Dropping frame 1413393994.0057604
Dropping frame 1413393994.2057605
Dropping frame 1413393994.4057605
Dropping frame 1413393994.5057604
Dropping frame 1413393994.6057606
Dropping frame 1413393994.7057605
Dropping frame 1413393994.9057605
Dropping frame 1413393995.1057606
Dropping frame 1413393995.2057605
Dropping frame 1413393995.3057606
Dropping frame 1413393995.5057604
Dropping frame 1413393995.7057605
Dropping frame 1413393995.8057606
Dropping frame 1413393995.9057605
Dropping frame 1413393996.1057606
Dropping frame 1413393996.2057605
Dropping frame 1413393996.4557605
Dropping frame 1413393996.5557604
Dropping frame 1413393996.7057605
Dropping frame 1413393996.9557605
Dropping frame 1413393997.0557604
Dropping frame 1413393997.1557603
Dropping frame 1413393997.4057605
Dropping frame 1413393997.5057604
Dropping frame 1413393997.8057606
Dropping frame 1413393997.9057605
Dropping frame 1413393998.0057604
Dropping frame 1413393998.1057606
Dropping frame 1413393998.2057605
Dropping frame 1413393998.3057606
Dropping frame 1413393998.4057605
Dropping frame 1413393998.6057606
Dropping frame 1413393998.7057605
Dropping frame 1413393998.8057606
Dropping frame 1413393999.1557603
Dropping frame 1413393999.5057604
Dropping frame 1413393999.8057606
Dropping frame 1413393999.9057605
Dropping frame 1413394000.2557604
Dropping frame 1413394000.6557603
Dropping frame 1413394000.7557604
Dropping frame 1413394001.0057604
Dropping frame 1413394001.1057606
Dropping frame 1413394001.3057606
Dropping frame 1413394001.4557605
Dropping frame 1413394001.6557603
Dropping frame 1413394001.8557603
Dropping frame 1413394002.0557604
Dropping frame 1413394002.3057606
Dropping frame 1413394002.5057604
Dropping frame 1413394002.8557603
Dropping frame 1413394002.9557605
Dropping frame 1413394003.1557603
Dropping frame 1413394003.3557603
Shutdown
SLAM Finished at System Time: 1747030172.72628

 TIME STATS in ms (mean$\pm$std)
OpenCV version: 4.8.1
---------------------------
Tracking

ORB Extraction: 17.069$\pm$1.8937
Stereo Matching: 8.3661$\pm$2.2784
IMU Preintegration: 0.25326$\pm$0.10541
Pose Prediction: 0.32964$\pm$1.4234
LM Track: 19.713$\pm$4.6093
New KF decision: 2.0455$\pm$3.5443
Total Tracking: 31.432$\pm$26.185



Local Mapping

KF Insertion: 13.925$\pm$4.191
MP Culling: 0.79098$\pm$0.28189
MP Creation: 47.134$\pm$16.159
LBA: 149.63$\pm$41.865
KF Culling: 17.821$\pm$11.684
Total Local Mapping: 229.4$\pm$63.179
---------------------------

LBA complexity (mean$\pm$std)
LBA Edges: 3728.2$\pm$1078.7
LBA KF optimized: 6.5$\pm$2.2913
LBA KF fixed: 1$\pm$0
LBA MP: nan$\pm$nan

LBA executions: 404
LBA aborts: 1
---------------------------

Map complexity
KFs in map: 141
MPs in map: 10375
---------------------------

Place Recognition (mean$\pm$std)
Database Query: 1.7498$\pm$0.88504
SE3 estimation: 17.764$\pm$15.184
Total Place Recognition: 16.566$\pm$15.973


Loop Closing (mean$\pm$std)
Loop Fusion: 71.943$\pm$0
Essential Graph: 80.041$\pm$0
Total Loop Closing: 154.59$\pm$0

Num exec: 1
Number of KFs: nan$\pm$nan

Map Merging (mean$\pm$std)
Merge Maps: nan$\pm$nan
Welding BA: nan$\pm$nan
Optimization Ess.: nan$\pm$nan
Total Map Merging: nan$\pm$nan

Num exec: 0
Number of KFs: nan$\pm$nan
Number of MPs: nan$\pm$nan

Full GBA (mean$\pm$std)
GBA: 763.95$\pm$0
Map Update: 42.999$\pm$0
Total Full GBA: 806.95$\pm$0

Num exec: 1
Num abort: 0
Number of KFs: 108$\pm$0
Number of MPs: 10221$\pm$0

Saving trajectory to f_dataset-V202_stereo_imu.txt ...
There are 1 maps in the atlas
  Map 0 has 141 KFs

End of saving trajectory to f_dataset-V202_stereo_imu.txt ...

Saving keyframe trajectory to kf_dataset-V202_stereo_imu.txt ...
