num_seq = 1
file name: dataset-MH04_stereo_imu
Loading images for sequence 0...LOADED!
Loading IMU for sequence 0...LOADED!

-------

ORB-SLAM3 Copyright (C) 2017-2020 Carlos Campos, Richard Elvira, Juan J. Gómez, José M.M. Montiel and Juan D. Tardós, University of Zaragoza.
ORB-SLAM2 Copyright (C) 2014-2016 Raúl Mur-Artal, José M.M. Montiel and Juan D. Tardós, University of Zaragoza.
This program comes with ABSOLUTELY NO WARRANTY;
This is free software, and you are welcome to redistribute it
under certain conditions. See LICENSE.txt.

Built with REGISTER_TIMES
Git Commit Hash: 48ed9a3

Build Type: Release

Compiled with C++ version: 201703

Input sensor was set to: Stereo-Inertial
Loading settings from ./Examples/Stereo-Inertial/EuRoC_omega.yaml
	-Loaded camera 1
	-Loaded camera 2
	-Loaded image info
	-Loaded IMU calibration
	-Loaded ORB settings
	-Loaded viewer settings
	-Loaded Atlas settings
omegaSLAM enabled!
	-Loaded misc parameters
	-Computed rectification maps
----------------------------------
SLAM settings: 
	-Camera 1 parameters (Pinhole): [ 458.65399169921875 457.29598999023438 367.21499633789062 248.375 ]
	-Camera 1 distortion parameters: [  -0.28340810537338257 0.073959067463874817 0.00019359000725671649 1.7618711353861727e-05 ]
	-Camera 2 parameters (Pinhole: [ 457.58700561523438 456.13400268554688 379.99899291992188 255.23800659179688 ]
	-Camera 1 distortion parameters: [  -0.2836836576461792 0.074512839317321777 -0.00010473000293131918 -3.555907096597366e-05 ]
	-Original image size: [ 752 , 480 ]
	-Current image size: [ 752 , 480 ]
	-Camera 1 parameters after rectification: [  456.71499633789062 456.71499633789062 364.52615356445312 257.268798828125 ]
	-Sequence FPS: 20
	-Stereo baseline: 0.11007784307003021
	-Stereo depth threshold : 60
	-Gyro noise: 0.00016999999934341758
	-Accelerometer noise: 0.0020000000949949026
	-Gyro walk: 1.9392999092815444e-05
	-Accelerometer walk: 0.0030000000260770321
	-IMU frequency: 200
	-Features per image: 1200
	-ORB scale factor: 1.2000000476837158
	-ORB number of scales: 8
	-Initial FAST threshold: 20
	-Min FAST threshold: 7


Loading ORB Vocabulary. This could take a while...
Vocabulary loaded!

Initialization of Atlas from scratch 
Creation of new map with id: 0
Creation of new map with last KF id: 0
Seq. Name: 
There are 1 cameras in the atlas
Camera 0 is pinhole
SLAM Started at System Time: 1749949528.87802
not IMU meas
not IMU meas
not enough acceleration
not enough acceleration
not enough acceleration
not enough acceleration
not enough acceleration
not enough acceleration
not enough acceleration
not enough acceleration
not enough acceleration
not enough acceleration
not enough acceleration
not enough acceleration
not enough acceleration
not enough acceleration
not enough acceleration
not enough acceleration
not enough acceleration
not enough acceleration
not enough acceleration
not enough acceleration
not enough acceleration
not enough acceleration
not enough acceleration
not enough acceleration
not enough acceleration
not enough acceleration
not enough acceleration
not enough acceleration
not enough acceleration
not enough acceleration
First KF:0; Map init KF:0
New Map created with 147 points
Active map: 0
Omega SLAM Dropping frame 1403638128.9950972
Omega SLAM Dropping frame 1403638129.0450969
Omega SLAM Dropping frame 1403638129.0950971
Omega SLAM Dropping frame 1403638129.2450969
Omega SLAM Dropping frame 1403638129.2950971
Omega SLAM Dropping frame 1403638129.3450971
Omega SLAM Dropping frame 1403638129.7950971
Omega SLAM Dropping frame 1403638129.8450971
Omega SLAM Dropping frame 1403638129.895097
Omega SLAM Dropping frame 1403638130.0450969
Omega SLAM Dropping frame 1403638130.0950971
Omega SLAM Dropping frame 1403638130.145097
Omega SLAM Dropping frame 1403638130.2950971
Omega SLAM Dropping frame 1403638130.3450971
Omega SLAM Dropping frame 1403638130.395097
Omega SLAM Dropping frame 1403638130.645097
Omega SLAM Dropping frame 1403638130.695097
Omega SLAM Dropping frame 1403638130.7450969
Omega SLAM Dropping frame 1403638130.895097
Omega SLAM Dropping frame 1403638130.945097
Omega SLAM Dropping frame 1403638130.9950972
Omega SLAM Dropping frame 1403638131.145097
Omega SLAM Dropping frame 1403638131.195097
Omega SLAM Dropping frame 1403638131.2450969
Omega SLAM Dropping frame 1403638131.395097
Omega SLAM Dropping frame 1403638131.5950971
Omega SLAM Dropping frame 1403638131.645097
Omega SLAM Dropping frame 1403638131.695097
Omega SLAM Dropping frame 1403638131.945097
Omega SLAM Dropping frame 1403638131.9950972
Omega SLAM Dropping frame 1403638132.0450969
Omega SLAM Dropping frame 1403638132.2450969
Omega SLAM Dropping frame 1403638132.2950971
Omega SLAM Dropping frame 1403638132.3450971
Omega SLAM Dropping frame 1403638132.8450971
Omega SLAM Dropping frame 1403638132.895097
Omega SLAM Dropping frame 1403638132.945097
Omega SLAM Dropping frame 1403638134.0450969
Omega SLAM Dropping frame 1403638134.0950971
Omega SLAM Dropping frame 1403638134.145097
start VIBA 1
Omega SLAM Dropping frame 1403638134.395097
Omega SLAM Dropping frame 1403638134.445097
end VIBA 1
Omega SLAM Dropping frame 1403638134.4950972
Omega SLAM Dropping frame 1403638134.695097
Omega SLAM Dropping frame 1403638134.7450969
Omega SLAM Dropping frame 1403638134.7950971
Omega SLAM Dropping frame 1403638134.945097
Omega SLAM Dropping frame 1403638134.9950972
Omega SLAM Dropping frame 1403638135.0450969
Omega SLAM Dropping frame 1403638135.2450969
Omega SLAM Dropping frame 1403638135.2950971
Omega SLAM Dropping frame 1403638135.3450971
Omega SLAM Dropping frame 1403638135.895097
Omega SLAM Dropping frame 1403638135.945097
Omega SLAM Dropping frame 1403638135.9950972
Omega SLAM Dropping frame 1403638136.2950971
Omega SLAM Dropping frame 1403638136.3450971
Omega SLAM Dropping frame 1403638136.395097
Omega SLAM Dropping frame 1403638136.5450969
Omega SLAM Dropping frame 1403638136.5950971
Omega SLAM Dropping frame 1403638136.645097
Omega SLAM Dropping frame 1403638137.7450969
Omega SLAM Dropping frame 1403638137.7950971
Omega SLAM Dropping frame 1403638137.8450971
Omega SLAM Dropping frame 1403638138.0950971
Omega SLAM Dropping frame 1403638138.145097
Omega SLAM Dropping frame 1403638138.195097
Omega SLAM Dropping frame 1403638138.3450971
Omega SLAM Dropping frame 1403638138.395097
Omega SLAM Dropping frame 1403638138.445097
Omega SLAM Dropping frame 1403638138.5950971
Omega SLAM Dropping frame 1403638138.645097
Omega SLAM Dropping frame 1403638138.695097
Omega SLAM Dropping frame 1403638138.7950971
Omega SLAM Dropping frame 1403638138.8450971
Omega SLAM Dropping frame 1403638138.895097
Not enough motion for initializing. Reseting...
Omega SLAM Dropping frame 1403638138.9950972
Omega SLAM Dropping frame 1403638139.0450969
Omega SLAM Dropping frame 1403638139.0950971
LM: Reseting current map in Local Mapping...
LM: End reseting Local Mapping...
LM: Reset free the mutex
Omega SLAM Dropping frame 1403638139.195097
Omega SLAM Dropping frame 1403638139.2450969
Omega SLAM Dropping frame 1403638139.2950971
Omega SLAM Dropping frame 1403638139.395097
Omega SLAM Dropping frame 1403638139.445097
Omega SLAM Dropping frame 1403638139.4950972
Omega SLAM Dropping frame 1403638139.5950971
Not enough motion for initializing. Reseting...
Omega SLAM Dropping frame 1403638139.645097
LM: Reseting current map in Local Mapping...
LM: End reseting Local Mapping...
LM: Reset free the mutex
Omega SLAM Dropping frame 1403638139.695097
Omega SLAM Dropping frame 1403638139.7950971
Omega SLAM Dropping frame 1403638139.8450971
Omega SLAM Dropping frame 1403638139.895097
Omega SLAM Dropping frame 1403638139.9950972
Omega SLAM Dropping frame 1403638140.0450969
Omega SLAM Dropping frame 1403638140.0950971
Omega SLAM Dropping frame 1403638140.195097
Not enough motion for initializing. Reseting...
Omega SLAM Dropping frame 1403638140.2450969
Omega SLAM Dropping frame 1403638140.2950971
LM: Reseting current map in Local Mapping...
LM: End reseting Local Mapping...
LM: Reset free the mutex
Omega SLAM Dropping frame 1403638140.395097
Omega SLAM Dropping frame 1403638140.445097
Omega SLAM Dropping frame 1403638140.4950972
Omega SLAM Dropping frame 1403638140.5950971
Omega SLAM Dropping frame 1403638140.645097
Omega SLAM Dropping frame 1403638140.695097
Omega SLAM Dropping frame 1403638140.7950971
Not enough motion for initializing. Reseting...
Omega SLAM Dropping frame 1403638140.8450971
LM: Reseting current map in Local Mapping...
LM: End reseting Local Mapping...
LM: Reset free the mutex
Omega SLAM Dropping frame 1403638140.895097
Omega SLAM Dropping frame 1403638140.9950972
Omega SLAM Dropping frame 1403638141.0450969
Omega SLAM Dropping frame 1403638141.0950971
Omega SLAM Dropping frame 1403638141.195097
Omega SLAM Dropping frame 1403638141.2450969
Omega SLAM Dropping frame 1403638141.2950971
Omega SLAM Dropping frame 1403638141.395097
Not enough motion for initializing. Reseting...
Omega SLAM Dropping frame 1403638141.445097
LM: Reseting current map in Local Mapping...
LM: End reseting Local Mapping...
LM: Reset free the mutex
Omega SLAM Dropping frame 1403638141.4950972
Omega SLAM Dropping frame 1403638141.5950971
Omega SLAM Dropping frame 1403638141.645097
Omega SLAM Dropping frame 1403638141.695097
Omega SLAM Dropping frame 1403638141.7950971
Omega SLAM Dropping frame 1403638141.8450971
Omega SLAM Dropping frame 1403638141.895097
Not enough motion for initializing. Reseting...
Omega SLAM Dropping frame 1403638141.9950972
Omega SLAM Dropping frame 1403638142.0450969
LM: Reseting current map in Local Mapping...
LM: End reseting Local Mapping...
LM: Reset free the mutex
Omega SLAM Dropping frame 1403638142.0950971
Omega SLAM Dropping frame 1403638142.195097
Omega SLAM Dropping frame 1403638142.2450969
Omega SLAM Dropping frame 1403638142.2950971
Omega SLAM Dropping frame 1403638142.395097
Omega SLAM Dropping frame 1403638142.445097
Omega SLAM Dropping frame 1403638142.4950972
Omega SLAM Dropping frame 1403638142.5950971
Not enough motion for initializing. Reseting...
Omega SLAM Dropping frame 1403638142.645097
LM: Reseting current map in Local Mapping...
LM: End reseting Local Mapping...
LM: Reset free the mutex
Omega SLAM Dropping frame 1403638142.695097
Omega SLAM Dropping frame 1403638142.7950971
Omega SLAM Dropping frame 1403638142.8450971
Omega SLAM Dropping frame 1403638142.895097
Omega SLAM Dropping frame 1403638142.9950972
Omega SLAM Dropping frame 1403638143.0450969
Omega SLAM Dropping frame 1403638143.0950971
Omega SLAM Dropping frame 1403638143.195097
Not enough motion for initializing. Reseting...
Omega SLAM Dropping frame 1403638143.2450969
LM: Reseting current map in Local Mapping...
LM: End reseting Local Mapping...
LM: Reset free the mutex
Omega SLAM Dropping frame 1403638143.2950971
Omega SLAM Dropping frame 1403638143.395097
Omega SLAM Dropping frame 1403638143.445097
Omega SLAM Dropping frame 1403638143.4950972
Omega SLAM Dropping frame 1403638143.5950971
Omega SLAM Dropping frame 1403638143.645097
Omega SLAM Dropping frame 1403638143.695097
Not enough motion for initializing. Reseting...
Omega SLAM Dropping frame 1403638143.7950971
Omega SLAM Dropping frame 1403638143.8450971
LM: Reseting current map in Local Mapping...
LM: End reseting Local Mapping...
LM: Reset free the mutex
Omega SLAM Dropping frame 1403638143.895097
Omega SLAM Dropping frame 1403638143.9950972
Omega SLAM Dropping frame 1403638144.0450969
Omega SLAM Dropping frame 1403638144.0950971
Omega SLAM Dropping frame 1403638144.195097
Omega SLAM Dropping frame 1403638144.2450969
Omega SLAM Dropping frame 1403638144.2950971
Omega SLAM Dropping frame 1403638144.395097
Not enough motion for initializing. Reseting...
Omega SLAM Dropping frame 1403638144.445097
LM: Reseting current map in Local Mapping...
LM: End reseting Local Mapping...
LM: Reset free the mutex
Omega SLAM Dropping frame 1403638144.4950972
Omega SLAM Dropping frame 1403638144.5950971
Omega SLAM Dropping frame 1403638144.645097
Omega SLAM Dropping frame 1403638144.695097
Omega SLAM Dropping frame 1403638144.7950971
Omega SLAM Dropping frame 1403638144.8450971
Omega SLAM Dropping frame 1403638144.895097
Omega SLAM Dropping frame 1403638144.9950972
Not enough motion for initializing. Reseting...
Omega SLAM Dropping frame 1403638145.0450969
Omega SLAM Dropping frame 1403638145.0950971
LM: Reseting current map in Local Mapping...
LM: End reseting Local Mapping...
LM: Reset free the mutex
Omega SLAM Dropping frame 1403638145.195097
Omega SLAM Dropping frame 1403638145.2450969
Omega SLAM Dropping frame 1403638145.2950971
Omega SLAM Dropping frame 1403638145.395097
Omega SLAM Dropping frame 1403638145.445097
Omega SLAM Dropping frame 1403638145.4950972
Omega SLAM Dropping frame 1403638145.5950971
Not enough motion for initializing. Reseting...
Omega SLAM Dropping frame 1403638145.645097
LM: Reseting current map in Local Mapping...
LM: End reseting Local Mapping...
LM: Reset free the mutex
Omega SLAM Dropping frame 1403638145.695097
Omega SLAM Dropping frame 1403638145.7950971
Omega SLAM Dropping frame 1403638145.8450971
Omega SLAM Dropping frame 1403638145.895097
Omega SLAM Dropping frame 1403638145.9950972
Omega SLAM Dropping frame 1403638146.0450969
Omega SLAM Dropping frame 1403638146.0950971
Omega SLAM Dropping frame 1403638146.195097
Not enough motion for initializing. Reseting...
Omega SLAM Dropping frame 1403638146.2450969
LM: Reseting current map in Local Mapping...
LM: End reseting Local Mapping...
LM: Reset free the mutex
Omega SLAM Dropping frame 1403638146.2950971
Omega SLAM Dropping frame 1403638146.395097
Omega SLAM Dropping frame 1403638146.445097
Omega SLAM Dropping frame 1403638146.4950972
Omega SLAM Dropping frame 1403638146.5950971
Omega SLAM Dropping frame 1403638146.645097
Omega SLAM Dropping frame 1403638146.695097
Omega SLAM Dropping frame 1403638146.7950971
Not enough motion for initializing. Reseting...
Omega SLAM Dropping frame 1403638146.8450971
LM: Reseting current map in Local Mapping...
LM: End reseting Local Mapping...
LM: Reset free the mutex
Omega SLAM Dropping frame 1403638146.895097
Omega SLAM Dropping frame 1403638146.9950972
Omega SLAM Dropping frame 1403638147.0450969
Omega SLAM Dropping frame 1403638147.0950971
Omega SLAM Dropping frame 1403638147.195097
Omega SLAM Dropping frame 1403638147.2450969
Omega SLAM Dropping frame 1403638147.2950971
Not enough motion for initializing. Reseting...
Omega SLAM Dropping frame 1403638147.395097
Omega SLAM Dropping frame 1403638147.445097
LM: Reseting current map in Local Mapping...
LM: End reseting Local Mapping...
LM: Reset free the mutex
Omega SLAM Dropping frame 1403638147.4950972
Omega SLAM Dropping frame 1403638147.5950971
Omega SLAM Dropping frame 1403638147.645097
Omega SLAM Dropping frame 1403638147.695097
Omega SLAM Dropping frame 1403638147.7950971
Omega SLAM Dropping frame 1403638147.8450971
Omega SLAM Dropping frame 1403638147.895097
Not enough motion for initializing. Reseting...
TRACK: Reset map because local mapper set the bad imu flag 
LM: Active map reset recieved
LM: Active map reset, waiting...
LM: Reseting current map in Local Mapping...
LM: End reseting Local Mapping...
LM: Reset free the mutex
LM: Active map reset, Done!!!
mnFirstFrameId = 32
mnInitialFrameId = 0
171 Frames set to lost
not IMU meas
not enough acceleration
not enough acceleration
not enough acceleration
First KF:55; Map init KF:0
New Map created with 619 points
Active map: 0
Omega SLAM Dropping frame 1403638148.3450971
Omega SLAM Dropping frame 1403638148.395097
Omega SLAM Dropping frame 1403638148.445097
Omega SLAM Dropping frame 1403638148.5950971
Omega SLAM Dropping frame 1403638148.645097
Omega SLAM Dropping frame 1403638148.695097
Omega SLAM Dropping frame 1403638148.8450971
Omega SLAM Dropping frame 1403638148.895097
Omega SLAM Dropping frame 1403638148.945097
Omega SLAM Dropping frame 1403638149.0450969
Omega SLAM Dropping frame 1403638149.0950971
Omega SLAM Dropping frame 1403638149.145097
Omega SLAM Dropping frame 1403638149.2950971
Omega SLAM Dropping frame 1403638149.3450971
Omega SLAM Dropping frame 1403638149.395097
Omega SLAM Dropping frame 1403638149.4950972
Omega SLAM Dropping frame 1403638149.5450969
Omega SLAM Dropping frame 1403638149.5950971
Omega SLAM Dropping frame 1403638149.7450969
Omega SLAM Dropping frame 1403638149.7950971
Omega SLAM Dropping frame 1403638149.8450971
Omega SLAM Dropping frame 1403638149.9950972
Omega SLAM Dropping frame 1403638150.0450969
Omega SLAM Dropping frame 1403638150.0950971
Omega SLAM Dropping frame 1403638150.2450969
Omega SLAM Dropping frame 1403638150.2950971
Omega SLAM Dropping frame 1403638150.3450971
Omega SLAM Dropping frame 1403638150.695097
Omega SLAM Dropping frame 1403638150.7450969
Omega SLAM Dropping frame 1403638150.7950971
Omega SLAM Dropping frame 1403638151.8450971
Omega SLAM Dropping frame 1403638151.895097
Omega SLAM Dropping frame 1403638151.945097
Omega SLAM Dropping frame 1403638152.0950971
Omega SLAM Dropping frame 1403638152.145097
Omega SLAM Dropping frame 1403638152.195097
Omega SLAM Dropping frame 1403638152.2950971
Omega SLAM Dropping frame 1403638152.3450971
Omega SLAM Dropping frame 1403638152.395097
Omega SLAM Dropping frame 1403638152.5450969
Omega SLAM Dropping frame 1403638152.5950971
Omega SLAM Dropping frame 1403638152.645097
Omega SLAM Dropping frame 1403638152.7950971
Omega SLAM Dropping frame 1403638152.8450971
Omega SLAM Dropping frame 1403638152.895097
Omega SLAM Dropping frame 1403638153.2950971
Omega SLAM Dropping frame 1403638153.3450971
Omega SLAM Dropping frame 1403638153.395097
start VIBA 1
end VIBA 1
Omega SLAM Dropping frame 1403638154.0450969
Omega SLAM Dropping frame 1403638154.0950971
Omega SLAM Dropping frame 1403638154.145097
Omega SLAM Dropping frame 1403638154.2950971
Omega SLAM Dropping frame 1403638154.3450971
Omega SLAM Dropping frame 1403638154.395097
Omega SLAM Dropping frame 1403638154.5450969
Omega SLAM Dropping frame 1403638154.5950971
Omega SLAM Dropping frame 1403638154.645097
Omega SLAM Dropping frame 1403638154.945097
Omega SLAM Dropping frame 1403638154.9950972
Omega SLAM Dropping frame 1403638155.0450969
Omega SLAM Dropping frame 1403638155.3450971
Omega SLAM Dropping frame 1403638155.395097
Omega SLAM Dropping frame 1403638155.445097
Omega SLAM Dropping frame 1403638156.5950971
Omega SLAM Dropping frame 1403638156.645097
Omega SLAM Dropping frame 1403638156.695097
Omega SLAM Dropping frame 1403638156.8450971
Omega SLAM Dropping frame 1403638156.895097
Omega SLAM Dropping frame 1403638156.945097
Omega SLAM Dropping frame 1403638157.0450969
Omega SLAM Dropping frame 1403638157.0950971
Omega SLAM Dropping frame 1403638157.145097
Omega SLAM Dropping frame 1403638157.2950971
Omega SLAM Dropping frame 1403638157.3450971
Omega SLAM Dropping frame 1403638157.395097
Omega SLAM Dropping frame 1403638157.5450969
Omega SLAM Dropping frame 1403638157.5950971
Omega SLAM Dropping frame 1403638157.645097
Omega SLAM Dropping frame 1403638158.2950971
Omega SLAM Dropping frame 1403638158.3450971
Omega SLAM Dropping frame 1403638158.395097
Omega SLAM Dropping frame 1403638158.5450969
Omega SLAM Dropping frame 1403638158.5950971
Omega SLAM Dropping frame 1403638158.645097
Omega SLAM Dropping frame 1403638158.7950971
Omega SLAM Dropping frame 1403638158.8450971
Omega SLAM Dropping frame 1403638158.895097
Omega SLAM Dropping frame 1403638159.0450969
Omega SLAM Dropping frame 1403638159.0950971
Omega SLAM Dropping frame 1403638159.145097
Omega SLAM Dropping frame 1403638159.2950971
Omega SLAM Dropping frame 1403638159.3450971
Omega SLAM Dropping frame 1403638159.395097
Omega SLAM Dropping frame 1403638159.7950971
Omega SLAM Dropping frame 1403638159.8450971
Omega SLAM Dropping frame 1403638159.895097
Omega SLAM Dropping frame 1403638160.145097
Omega SLAM Dropping frame 1403638160.195097
Omega SLAM Dropping frame 1403638160.2450969
Omega SLAM Dropping frame 1403638160.4950972
Omega SLAM Dropping frame 1403638160.5450969
Omega SLAM Dropping frame 1403638160.5950971
Omega SLAM Dropping frame 1403638160.7450969
Omega SLAM Dropping frame 1403638160.7950971
Omega SLAM Dropping frame 1403638160.8450971
Omega SLAM Dropping frame 1403638161.7950971
Omega SLAM Dropping frame 1403638161.8450971
Omega SLAM Dropping frame 1403638161.895097
Omega SLAM Dropping frame 1403638162.0450969
Omega SLAM Dropping frame 1403638162.0950971
Omega SLAM Dropping frame 1403638162.145097
Omega SLAM Dropping frame 1403638162.2950971
Omega SLAM Dropping frame 1403638162.3450971
Omega SLAM Dropping frame 1403638162.395097
Omega SLAM Dropping frame 1403638162.5450969
Omega SLAM Dropping frame 1403638162.5950971
Omega SLAM Dropping frame 1403638162.645097
Omega SLAM Dropping frame 1403638162.7950971
Omega SLAM Dropping frame 1403638162.8450971
Omega SLAM Dropping frame 1403638162.895097
start VIBA 2
Omega SLAM Dropping frame 1403638163.695097
Omega SLAM Dropping frame 1403638163.7450969
Omega SLAM Dropping frame 1403638163.7950971
end VIBA 2
Omega SLAM Dropping frame 1403638163.945097
Omega SLAM Dropping frame 1403638163.9950972
Omega SLAM Dropping frame 1403638164.0450969
Omega SLAM Dropping frame 1403638164.195097
Omega SLAM Dropping frame 1403638164.2450969
Omega SLAM Dropping frame 1403638164.2950971
Omega SLAM Dropping frame 1403638164.445097
Omega SLAM Dropping frame 1403638164.4950972
Omega SLAM Dropping frame 1403638164.5450969
Omega SLAM Dropping frame 1403638164.695097
Omega SLAM Dropping frame 1403638164.7450969
Omega SLAM Dropping frame 1403638164.7950971
Omega SLAM Dropping frame 1403638165.0450969
Omega SLAM Dropping frame 1403638165.0950971
Omega SLAM Dropping frame 1403638165.145097
Omega SLAM Dropping frame 1403638165.445097
Omega SLAM Dropping frame 1403638165.4950972
Omega SLAM Dropping frame 1403638165.5450969
Omega SLAM Dropping frame 1403638165.8450971
Omega SLAM Dropping frame 1403638165.895097
Omega SLAM Dropping frame 1403638165.945097
Omega SLAM Dropping frame 1403638166.195097
Omega SLAM Dropping frame 1403638166.2450969
Omega SLAM Dropping frame 1403638166.2950971
Omega SLAM Dropping frame 1403638166.445097
Omega SLAM Dropping frame 1403638166.4950972
Omega SLAM Dropping frame 1403638166.5450969
Omega SLAM Dropping frame 1403638166.645097
Omega SLAM Dropping frame 1403638166.695097
Omega SLAM Dropping frame 1403638166.7450969
Omega SLAM Dropping frame 1403638167.0950971
Omega SLAM Dropping frame 1403638167.145097
Omega SLAM Dropping frame 1403638167.195097
Omega SLAM Dropping frame 1403638167.3450971
Omega SLAM Dropping frame 1403638167.395097
Omega SLAM Dropping frame 1403638167.445097
Omega SLAM Dropping frame 1403638167.5950971
Omega SLAM Dropping frame 1403638167.645097
Omega SLAM Dropping frame 1403638167.695097
Omega SLAM Dropping frame 1403638168.7950971
Omega SLAM Dropping frame 1403638168.8450971
Omega SLAM Dropping frame 1403638168.895097
Omega SLAM Dropping frame 1403638169.0450969
Omega SLAM Dropping frame 1403638169.0950971
Omega SLAM Dropping frame 1403638169.145097
Omega SLAM Dropping frame 1403638171.3450971
Omega SLAM Dropping frame 1403638171.395097
Omega SLAM Dropping frame 1403638171.445097
Omega SLAM Dropping frame 1403638171.5950971
Omega SLAM Dropping frame 1403638171.645097
Omega SLAM Dropping frame 1403638171.695097
Omega SLAM Dropping frame 1403638172.0450969
Omega SLAM Dropping frame 1403638172.0950971
Omega SLAM Dropping frame 1403638172.145097
Omega SLAM Dropping frame 1403638172.2950971
Omega SLAM Dropping frame 1403638172.3450971
Omega SLAM Dropping frame 1403638172.395097
Omega SLAM Dropping frame 1403638172.4950972
Omega SLAM Dropping frame 1403638172.5450969
Omega SLAM Dropping frame 1403638172.5950971
Omega SLAM Dropping frame 1403638172.7450969
Omega SLAM Dropping frame 1403638172.7950971
Omega SLAM Dropping frame 1403638172.8450971
Omega SLAM Dropping frame 1403638172.9950972
Omega SLAM Dropping frame 1403638173.0450969
Omega SLAM Dropping frame 1403638173.0950971
Omega SLAM Dropping frame 1403638173.2450969
Omega SLAM Dropping frame 1403638173.2950971
Omega SLAM Dropping frame 1403638173.3450971
Omega SLAM Dropping frame 1403638173.695097
Omega SLAM Dropping frame 1403638173.7450969
Omega SLAM Dropping frame 1403638173.7950971
Omega SLAM Dropping frame 1403638173.895097
Omega SLAM Dropping frame 1403638173.945097
Omega SLAM Dropping frame 1403638173.9950972
Omega SLAM Dropping frame 1403638174.0950971
Omega SLAM Dropping frame 1403638174.145097
Omega SLAM Dropping frame 1403638174.195097
Omega SLAM Dropping frame 1403638174.395097
Omega SLAM Dropping frame 1403638174.445097
Omega SLAM Dropping frame 1403638174.4950972
Omega SLAM Dropping frame 1403638174.695097
Omega SLAM Dropping frame 1403638174.7450969
Omega SLAM Dropping frame 1403638174.7950971
Omega SLAM Dropping frame 1403638174.945097
Omega SLAM Dropping frame 1403638174.9950972
Omega SLAM Dropping frame 1403638175.0450969
Omega SLAM Dropping frame 1403638175.145097
Omega SLAM Dropping frame 1403638175.195097
Omega SLAM Dropping frame 1403638175.2450969
Omega SLAM Dropping frame 1403638175.395097
Omega SLAM Dropping frame 1403638175.445097
Omega SLAM Dropping frame 1403638175.4950972
Omega SLAM Dropping frame 1403638175.7950971
Omega SLAM Dropping frame 1403638175.8450971
Omega SLAM Dropping frame 1403638175.895097
Omega SLAM Dropping frame 1403638176.445097
Omega SLAM Dropping frame 1403638176.4950972
Omega SLAM Dropping frame 1403638176.5450969
Omega SLAM Dropping frame 1403638176.645097
Omega SLAM Dropping frame 1403638176.695097
Omega SLAM Dropping frame 1403638176.7450969
Omega SLAM Dropping frame 1403638176.8450971
Omega SLAM Dropping frame 1403638176.895097
Omega SLAM Dropping frame 1403638176.945097
Omega SLAM Dropping frame 1403638177.0950971
Omega SLAM Dropping frame 1403638177.145097
Omega SLAM Dropping frame 1403638177.195097
Omega SLAM Dropping frame 1403638177.3450971
Omega SLAM Dropping frame 1403638177.395097
Omega SLAM Dropping frame 1403638177.445097
Omega SLAM Dropping frame 1403638178.0450969
Omega SLAM Dropping frame 1403638178.0950971
Omega SLAM Dropping frame 1403638178.145097
Omega SLAM Dropping frame 1403638180.2450969
Omega SLAM Dropping frame 1403638180.2950971
Omega SLAM Dropping frame 1403638180.3450971
Omega SLAM Dropping frame 1403638180.4950972
Omega SLAM Dropping frame 1403638180.5450969
Omega SLAM Dropping frame 1403638180.5950971
Omega SLAM Dropping frame 1403638180.7450969
Omega SLAM Dropping frame 1403638180.7950971
Omega SLAM Dropping frame 1403638180.8450971
Omega SLAM Dropping frame 1403638180.9950972
Omega SLAM Dropping frame 1403638181.0450969
Omega SLAM Dropping frame 1403638181.0950971
Omega SLAM Dropping frame 1403638181.2450969
Omega SLAM Dropping frame 1403638181.2950971
Omega SLAM Dropping frame 1403638181.3450971
Omega SLAM Dropping frame 1403638182.395097
Omega SLAM Dropping frame 1403638182.445097
Omega SLAM Dropping frame 1403638182.4950972
Omega SLAM Dropping frame 1403638182.695097
Omega SLAM Dropping frame 1403638182.7450969
Omega SLAM Dropping frame 1403638182.7950971
Omega SLAM Dropping frame 1403638182.945097
Omega SLAM Dropping frame 1403638182.9950972
Omega SLAM Dropping frame 1403638183.0450969
Omega SLAM Dropping frame 1403638183.195097
Omega SLAM Dropping frame 1403638183.2450969
Omega SLAM Dropping frame 1403638183.2950971
Omega SLAM Dropping frame 1403638183.5450969
Omega SLAM Dropping frame 1403638183.5950971
Omega SLAM Dropping frame 1403638183.645097
Omega SLAM Dropping frame 1403638183.945097
Omega SLAM Dropping frame 1403638183.9950972
Omega SLAM Dropping frame 1403638184.0450969
Omega SLAM Dropping frame 1403638184.2950971
Omega SLAM Dropping frame 1403638184.3450971
Omega SLAM Dropping frame 1403638184.395097
Omega SLAM Dropping frame 1403638184.5450969
Omega SLAM Dropping frame 1403638184.5950971
Omega SLAM Dropping frame 1403638184.645097
Omega SLAM Dropping frame 1403638184.7450969
Omega SLAM Dropping frame 1403638184.7950971
Omega SLAM Dropping frame 1403638184.8450971
Omega SLAM Dropping frame 1403638184.945097
Omega SLAM Dropping frame 1403638184.9950972
Omega SLAM Dropping frame 1403638185.0450969
Omega SLAM Dropping frame 1403638185.145097
Omega SLAM Dropping frame 1403638185.195097
Omega SLAM Dropping frame 1403638185.2450969
Omega SLAM Dropping frame 1403638185.395097
Omega SLAM Dropping frame 1403638185.445097
Omega SLAM Dropping frame 1403638185.4950972
Omega SLAM Dropping frame 1403638186.0950971
Omega SLAM Dropping frame 1403638186.145097
Omega SLAM Dropping frame 1403638186.195097
Omega SLAM Dropping frame 1403638186.3450971
Omega SLAM Dropping frame 1403638186.395097
Omega SLAM Dropping frame 1403638186.445097
Omega SLAM Dropping frame 1403638186.5450969
Omega SLAM Dropping frame 1403638186.5950971
Omega SLAM Dropping frame 1403638186.645097
Omega SLAM Dropping frame 1403638186.7950971
Omega SLAM Dropping frame 1403638186.8450971
Omega SLAM Dropping frame 1403638186.895097
Omega SLAM Dropping frame 1403638187.7450969
Omega SLAM Dropping frame 1403638187.7950971
Omega SLAM Dropping frame 1403638187.8450971
Omega SLAM Dropping frame 1403638187.9950972
Omega SLAM Dropping frame 1403638188.0450969
Omega SLAM Dropping frame 1403638188.0950971
Omega SLAM Dropping frame 1403638188.2450969
Omega SLAM Dropping frame 1403638188.2950971
Omega SLAM Dropping frame 1403638188.3450971
Omega SLAM Dropping frame 1403638188.645097
Omega SLAM Dropping frame 1403638188.695097
Omega SLAM Dropping frame 1403638188.7450969
Omega SLAM Dropping frame 1403638188.9950972
Omega SLAM Dropping frame 1403638189.0450969
Omega SLAM Dropping frame 1403638189.0950971
Omega SLAM Dropping frame 1403638189.8450971
Omega SLAM Dropping frame 1403638189.895097
Omega SLAM Dropping frame 1403638189.945097
Omega SLAM Dropping frame 1403638190.0950971
Omega SLAM Dropping frame 1403638190.145097
Omega SLAM Dropping frame 1403638190.195097
Omega SLAM Dropping frame 1403638190.5950971
Omega SLAM Dropping frame 1403638190.645097
Omega SLAM Dropping frame 1403638190.695097
Omega SLAM Dropping frame 1403638190.9950972
Omega SLAM Dropping frame 1403638191.0450969
Omega SLAM Dropping frame 1403638191.0950971
Omega SLAM Dropping frame 1403638191.2450969
Omega SLAM Dropping frame 1403638191.2950971
Omega SLAM Dropping frame 1403638191.3450971
Omega SLAM Dropping frame 1403638191.4950972
Omega SLAM Dropping frame 1403638191.5450969
Omega SLAM Dropping frame 1403638191.5950971
Omega SLAM Dropping frame 1403638191.695097
Omega SLAM Dropping frame 1403638191.7450969
Omega SLAM Dropping frame 1403638191.7950971
Omega SLAM Dropping frame 1403638191.945097
Omega SLAM Dropping frame 1403638191.9950972
Omega SLAM Dropping frame 1403638192.0450969
Omega SLAM Dropping frame 1403638192.145097
Omega SLAM Dropping frame 1403638192.195097
Omega SLAM Dropping frame 1403638192.2450969
Omega SLAM Dropping frame 1403638192.395097
Omega SLAM Dropping frame 1403638192.445097
Omega SLAM Dropping frame 1403638192.4950972
Omega SLAM Dropping frame 1403638192.645097
Omega SLAM Dropping frame 1403638192.695097
Omega SLAM Dropping frame 1403638192.7450969
Omega SLAM Dropping frame 1403638193.145097
Omega SLAM Dropping frame 1403638193.195097
Omega SLAM Dropping frame 1403638193.2450969
Omega SLAM Dropping frame 1403638193.4950972
Omega SLAM Dropping frame 1403638193.5450969
Omega SLAM Dropping frame 1403638193.5950971
Omega SLAM Dropping frame 1403638193.895097
Omega SLAM Dropping frame 1403638193.945097
Omega SLAM Dropping frame 1403638193.9950972
Omega SLAM Dropping frame 1403638194.145097
Omega SLAM Dropping frame 1403638194.195097
Omega SLAM Dropping frame 1403638194.2450969
Omega SLAM Dropping frame 1403638194.395097
Omega SLAM Dropping frame 1403638194.445097
Omega SLAM Dropping frame 1403638194.4950972
Omega SLAM Dropping frame 1403638194.645097
Omega SLAM Dropping frame 1403638194.695097
Omega SLAM Dropping frame 1403638194.7450969
Omega SLAM Dropping frame 1403638194.895097
Omega SLAM Dropping frame 1403638194.945097
Omega SLAM Dropping frame 1403638194.9950972
Omega SLAM Dropping frame 1403638195.145097
Omega SLAM Dropping frame 1403638195.195097
Omega SLAM Dropping frame 1403638195.2450969
Omega SLAM Dropping frame 1403638195.445097
Omega SLAM Dropping frame 1403638195.4950972
Omega SLAM Dropping frame 1403638195.5450969
Omega SLAM Dropping frame 1403638195.695097
Omega SLAM Dropping frame 1403638195.7450969
Omega SLAM Dropping frame 1403638195.7950971
Omega SLAM Dropping frame 1403638195.9950972
Omega SLAM Dropping frame 1403638196.0450969
Omega SLAM Dropping frame 1403638196.0950971
Omega SLAM Dropping frame 1403638196.195097
Omega SLAM Dropping frame 1403638196.2450969
Omega SLAM Dropping frame 1403638196.2950971
Omega SLAM Dropping frame 1403638196.445097
Omega SLAM Dropping frame 1403638196.4950972
Omega SLAM Dropping frame 1403638196.5450969
Omega SLAM Dropping frame 1403638196.7950971
Omega SLAM Dropping frame 1403638196.8450971
Omega SLAM Dropping frame 1403638196.895097
Omega SLAM Dropping frame 1403638197.0950971
Omega SLAM Dropping frame 1403638197.145097
Omega SLAM Dropping frame 1403638197.195097
Omega SLAM Dropping frame 1403638197.445097
Omega SLAM Dropping frame 1403638197.4950972
Omega SLAM Dropping frame 1403638197.5450969
Omega SLAM Dropping frame 1403638197.695097
Omega SLAM Dropping frame 1403638197.7450969
Omega SLAM Dropping frame 1403638197.7950971
Omega SLAM Dropping frame 1403638197.895097
Omega SLAM Dropping frame 1403638197.945097
Omega SLAM Dropping frame 1403638197.9950972
Omega SLAM Dropping frame 1403638198.145097
Omega SLAM Dropping frame 1403638198.195097
Omega SLAM Dropping frame 1403638198.2450969
Omega SLAM Dropping frame 1403638198.395097
Omega SLAM Dropping frame 1403638198.445097
Omega SLAM Dropping frame 1403638198.4950972
Omega SLAM Dropping frame 1403638198.895097
Omega SLAM Dropping frame 1403638198.945097
Omega SLAM Dropping frame 1403638198.9950972
Omega SLAM Dropping frame 1403638199.0950971
Omega SLAM Dropping frame 1403638199.145097
Omega SLAM Dropping frame 1403638199.195097
Omega SLAM Dropping frame 1403638199.3450971
Omega SLAM Dropping frame 1403638199.395097
Omega SLAM Dropping frame 1403638199.445097
Omega SLAM Dropping frame 1403638199.645097
Omega SLAM Dropping frame 1403638199.695097
Omega SLAM Dropping frame 1403638199.7450969
Omega SLAM Dropping frame 1403638200.0450969
Omega SLAM Dropping frame 1403638200.0950971
Omega SLAM Dropping frame 1403638200.145097
Omega SLAM Dropping frame 1403638201.145097
Omega SLAM Dropping frame 1403638201.195097
Omega SLAM Dropping frame 1403638201.2450969
Omega SLAM Dropping frame 1403638201.395097
Omega SLAM Dropping frame 1403638201.445097
Omega SLAM Dropping frame 1403638201.4950972
Omega SLAM Dropping frame 1403638201.645097
Omega SLAM Dropping frame 1403638201.695097
Omega SLAM Dropping frame 1403638201.7450969
Omega SLAM Dropping frame 1403638201.8450971
Omega SLAM Dropping frame 1403638201.895097
Omega SLAM Dropping frame 1403638201.945097
Omega SLAM Dropping frame 1403638202.0950971
Omega SLAM Dropping frame 1403638202.145097
Omega SLAM Dropping frame 1403638202.195097
Omega SLAM Dropping frame 1403638202.395097
Omega SLAM Dropping frame 1403638202.445097
Omega SLAM Dropping frame 1403638202.4950972
Omega SLAM Dropping frame 1403638202.645097
Omega SLAM Dropping frame 1403638202.695097
Omega SLAM Dropping frame 1403638202.7450969
Omega SLAM Dropping frame 1403638202.8450971
Omega SLAM Dropping frame 1403638202.895097
Omega SLAM Dropping frame 1403638202.945097
Omega SLAM Dropping frame 1403638203.0450969
Omega SLAM Dropping frame 1403638203.0950971
Omega SLAM Dropping frame 1403638203.145097
Omega SLAM Dropping frame 1403638203.2950971
Omega SLAM Dropping frame 1403638203.3450971
Omega SLAM Dropping frame 1403638203.395097
Omega SLAM Dropping frame 1403638203.5450969
Omega SLAM Dropping frame 1403638203.5950971
Omega SLAM Dropping frame 1403638203.645097
Omega SLAM Dropping frame 1403638203.7450969
Omega SLAM Dropping frame 1403638203.7950971
Omega SLAM Dropping frame 1403638203.8450971
Omega SLAM Dropping frame 1403638203.945097
Omega SLAM Dropping frame 1403638203.9950972
Omega SLAM Dropping frame 1403638204.0450969
Omega SLAM Dropping frame 1403638204.195097
Omega SLAM Dropping frame 1403638204.2450969
Omega SLAM Dropping frame 1403638204.2950971
Omega SLAM Dropping frame 1403638204.4950972
Omega SLAM Dropping frame 1403638204.5450969
Omega SLAM Dropping frame 1403638204.5950971
Omega SLAM Dropping frame 1403638204.695097
Omega SLAM Dropping frame 1403638204.7450969
Omega SLAM Dropping frame 1403638204.7950971
Omega SLAM Dropping frame 1403638206.645097
Omega SLAM Dropping frame 1403638206.695097
Omega SLAM Dropping frame 1403638206.7450969
Omega SLAM Dropping frame 1403638206.895097
Omega SLAM Dropping frame 1403638206.945097
Omega SLAM Dropping frame 1403638206.9950972
Omega SLAM Dropping frame 1403638207.145097
Omega SLAM Dropping frame 1403638207.195097
Omega SLAM Dropping frame 1403638207.2450969
Omega SLAM Dropping frame 1403638207.9950972
Omega SLAM Dropping frame 1403638208.0450969
Omega SLAM Dropping frame 1403638208.0950971
Omega SLAM Dropping frame 1403638208.195097
Omega SLAM Dropping frame 1403638208.2450969
Omega SLAM Dropping frame 1403638208.2950971
Omega SLAM Dropping frame 1403638208.445097
Omega SLAM Dropping frame 1403638208.4950972
Omega SLAM Dropping frame 1403638208.5450969
Omega SLAM Dropping frame 1403638208.895097
Omega SLAM Dropping frame 1403638208.945097
Omega SLAM Dropping frame 1403638208.9950972
Omega SLAM Dropping frame 1403638209.145097
Omega SLAM Dropping frame 1403638209.195097
Omega SLAM Dropping frame 1403638209.2450969
Omega SLAM Dropping frame 1403638209.3450971
Omega SLAM Dropping frame 1403638209.395097
Omega SLAM Dropping frame 1403638209.445097
Omega SLAM Dropping frame 1403638209.5450969
Omega SLAM Dropping frame 1403638209.5950971
Omega SLAM Dropping frame 1403638209.645097
Omega SLAM Dropping frame 1403638209.7450969
Omega SLAM Dropping frame 1403638209.7950971
Omega SLAM Dropping frame 1403638209.8450971
Omega SLAM Dropping frame 1403638209.9950972
Omega SLAM Dropping frame 1403638210.0450969
Omega SLAM Dropping frame 1403638210.0950971
Omega SLAM Dropping frame 1403638210.2450969
Omega SLAM Dropping frame 1403638210.2950971
Omega SLAM Dropping frame 1403638210.3450971
Omega SLAM Dropping frame 1403638210.445097
Omega SLAM Dropping frame 1403638210.4950972
Omega SLAM Dropping frame 1403638210.5450969
Omega SLAM Dropping frame 1403638210.645097
Omega SLAM Dropping frame 1403638210.695097
Omega SLAM Dropping frame 1403638210.7450969
Omega SLAM Dropping frame 1403638210.8450971
Omega SLAM Dropping frame 1403638210.895097
Omega SLAM Dropping frame 1403638210.945097
Omega SLAM Dropping frame 1403638211.0950971
Omega SLAM Dropping frame 1403638211.145097
Omega SLAM Dropping frame 1403638211.195097
Omega SLAM Dropping frame 1403638211.3450971
Omega SLAM Dropping frame 1403638211.395097
Omega SLAM Dropping frame 1403638211.445097
Omega SLAM Dropping frame 1403638213.945097
Omega SLAM Dropping frame 1403638213.9950972
Omega SLAM Dropping frame 1403638214.0450969
Omega SLAM Dropping frame 1403638214.395097
Omega SLAM Dropping frame 1403638214.445097
Omega SLAM Dropping frame 1403638214.4950972
Omega SLAM Dropping frame 1403638214.8450971
Omega SLAM Dropping frame 1403638214.895097
Omega SLAM Dropping frame 1403638214.945097
Omega SLAM Dropping frame 1403638215.0950971
Omega SLAM Dropping frame 1403638215.145097
Omega SLAM Dropping frame 1403638215.195097
Omega SLAM Dropping frame 1403638215.3450971
Omega SLAM Dropping frame 1403638215.395097
Omega SLAM Dropping frame 1403638215.445097
Omega SLAM Dropping frame 1403638215.5950971
Omega SLAM Dropping frame 1403638215.645097
Omega SLAM Dropping frame 1403638215.695097
Omega SLAM Dropping frame 1403638215.8450971
Omega SLAM Dropping frame 1403638215.895097
Omega SLAM Dropping frame 1403638215.945097
Omega SLAM Dropping frame 1403638216.0950971
Omega SLAM Dropping frame 1403638216.145097
Omega SLAM Dropping frame 1403638216.195097
Omega SLAM Dropping frame 1403638216.3450971
Omega SLAM Dropping frame 1403638216.395097
Omega SLAM Dropping frame 1403638216.445097
Omega SLAM Dropping frame 1403638216.5450969
Omega SLAM Dropping frame 1403638216.5950971
Omega SLAM Dropping frame 1403638216.645097
Omega SLAM Dropping frame 1403638216.7950971
Omega SLAM Dropping frame 1403638216.8450971
Omega SLAM Dropping frame 1403638216.895097
Omega SLAM Dropping frame 1403638217.395097
Omega SLAM Dropping frame 1403638217.445097
Omega SLAM Dropping frame 1403638217.4950972
Omega SLAM Dropping frame 1403638217.645097
Omega SLAM Dropping frame 1403638217.695097
Omega SLAM Dropping frame 1403638217.7450969
Omega SLAM Dropping frame 1403638217.895097
Omega SLAM Dropping frame 1403638217.945097
Omega SLAM Dropping frame 1403638217.9950972
Omega SLAM Dropping frame 1403638218.145097
Omega SLAM Dropping frame 1403638218.195097
Omega SLAM Dropping frame 1403638218.2450969
Omega SLAM Dropping frame 1403638218.395097
Omega SLAM Dropping frame 1403638218.445097
Omega SLAM Dropping frame 1403638218.4950972
Omega SLAM Dropping frame 1403638218.645097
Omega SLAM Dropping frame 1403638218.695097
Omega SLAM Dropping frame 1403638218.7450969
Omega SLAM Dropping frame 1403638218.945097
Omega SLAM Dropping frame 1403638218.9950972
Omega SLAM Dropping frame 1403638219.0450969
Omega SLAM Dropping frame 1403638219.195097
Omega SLAM Dropping frame 1403638219.2450969
Omega SLAM Dropping frame 1403638219.2950971
Omega SLAM Dropping frame 1403638219.5450969
Omega SLAM Dropping frame 1403638219.5950971
Omega SLAM Dropping frame 1403638219.645097
Omega SLAM Dropping frame 1403638219.7950971
Omega SLAM Dropping frame 1403638219.8450971
Omega SLAM Dropping frame 1403638219.895097
Omega SLAM Dropping frame 1403638220.0450969
Omega SLAM Dropping frame 1403638220.0950971
Omega SLAM Dropping frame 1403638220.145097
Omega SLAM Dropping frame 1403638220.445097
Omega SLAM Dropping frame 1403638220.4950972
Omega SLAM Dropping frame 1403638220.5450969
Omega SLAM Dropping frame 1403638220.645097
Omega SLAM Dropping frame 1403638220.695097
Omega SLAM Dropping frame 1403638220.7450969
Omega SLAM Dropping frame 1403638220.8450971
Omega SLAM Dropping frame 1403638220.895097
Omega SLAM Dropping frame 1403638220.945097
Omega SLAM Dropping frame 1403638221.0450969
Omega SLAM Dropping frame 1403638221.0950971
Omega SLAM Dropping frame 1403638221.145097
Omega SLAM Dropping frame 1403638221.2450969
Omega SLAM Dropping frame 1403638221.2950971
Omega SLAM Dropping frame 1403638221.3450971
Omega SLAM Dropping frame 1403638221.4950972
Omega SLAM Dropping frame 1403638221.5450969
Omega SLAM Dropping frame 1403638221.5950971
Omega SLAM Dropping frame 1403638221.695097
Omega SLAM Dropping frame 1403638221.7450969
Omega SLAM Dropping frame 1403638221.7950971
Omega SLAM Dropping frame 1403638221.945097
Omega SLAM Dropping frame 1403638221.9950972
Omega SLAM Dropping frame 1403638222.0450969
Omega SLAM Dropping frame 1403638222.195097
Omega SLAM Dropping frame 1403638222.2450969
Omega SLAM Dropping frame 1403638222.2950971
Omega SLAM Dropping frame 1403638222.445097
Omega SLAM Dropping frame 1403638222.4950972
Omega SLAM Dropping frame 1403638222.5450969
Omega SLAM Dropping frame 1403638222.645097
Omega SLAM Dropping frame 1403638222.695097
Omega SLAM Dropping frame 1403638222.7450969
Omega SLAM Dropping frame 1403638222.895097
Omega SLAM Dropping frame 1403638222.945097
Omega SLAM Dropping frame 1403638222.9950972
Omega SLAM Dropping frame 1403638223.145097
Omega SLAM Dropping frame 1403638223.195097
Omega SLAM Dropping frame 1403638223.2450969
Omega SLAM Dropping frame 1403638223.395097
Omega SLAM Dropping frame 1403638223.445097
Omega SLAM Dropping frame 1403638223.4950972
Omega SLAM Dropping frame 1403638223.645097
Omega SLAM Dropping frame 1403638223.695097
Omega SLAM Dropping frame 1403638223.7450969
Omega SLAM Dropping frame 1403638223.895097
Omega SLAM Dropping frame 1403638223.945097
Omega SLAM Dropping frame 1403638223.9950972
Omega SLAM Dropping frame 1403638224.145097
Omega SLAM Dropping frame 1403638224.195097
Omega SLAM Dropping frame 1403638224.2450969
Omega SLAM Dropping frame 1403638224.645097
Omega SLAM Dropping frame 1403638224.695097
Omega SLAM Dropping frame 1403638224.7450969
Omega SLAM Dropping frame 1403638224.895097
Omega SLAM Dropping frame 1403638224.945097
Omega SLAM Dropping frame 1403638224.9950972
Omega SLAM Dropping frame 1403638225.145097
Omega SLAM Dropping frame 1403638225.195097
Omega SLAM Dropping frame 1403638225.2450969
Omega SLAM Dropping frame 1403638225.395097
Omega SLAM Dropping frame 1403638225.445097
Omega SLAM Dropping frame 1403638225.4950972
Omega SLAM Dropping frame 1403638225.7450969
Omega SLAM Dropping frame 1403638225.7950971
Omega SLAM Dropping frame 1403638225.8450971
Omega SLAM Dropping frame 1403638226.445097
Omega SLAM Dropping frame 1403638226.4950972
Omega SLAM Dropping frame 1403638226.5450969
Omega SLAM Dropping frame 1403638226.645097
Omega SLAM Dropping frame 1403638226.695097
Omega SLAM Dropping frame 1403638226.7450969
Omega SLAM Dropping frame 1403638226.8450971
Omega SLAM Dropping frame 1403638226.895097
Omega SLAM Dropping frame 1403638226.945097
Omega SLAM Dropping frame 1403638227.0450969
Omega SLAM Dropping frame 1403638227.0950971
Omega SLAM Dropping frame 1403638227.145097
Omega SLAM Dropping frame 1403638227.2450969
Omega SLAM Dropping frame 1403638227.2950971
Omega SLAM Dropping frame 1403638227.3450971
Omega SLAM Dropping frame 1403638227.445097
Omega SLAM Dropping frame 1403638227.4950972
Omega SLAM Dropping frame 1403638227.5450969
Omega SLAM Dropping frame 1403638227.645097
Omega SLAM Dropping frame 1403638227.695097
Omega SLAM Dropping frame 1403638227.7450969
Omega SLAM Dropping frame 1403638227.8450971
Omega SLAM Dropping frame 1403638227.895097
Omega SLAM Dropping frame 1403638227.945097
Omega SLAM Dropping frame 1403638228.0450969
Omega SLAM Dropping frame 1403638228.0950971
Omega SLAM Dropping frame 1403638228.145097
Omega SLAM Dropping frame 1403638228.2450969
Omega SLAM Dropping frame 1403638228.2950971
Omega SLAM Dropping frame 1403638228.3450971
Omega SLAM Dropping frame 1403638228.445097
Omega SLAM Dropping frame 1403638228.4950972
Omega SLAM Dropping frame 1403638228.5450969
Omega SLAM Dropping frame 1403638228.645097
Omega SLAM Dropping frame 1403638228.695097
Omega SLAM Dropping frame 1403638228.7450969
Omega SLAM Dropping frame 1403638228.8450971
Shutdown
SLAM Finished at System Time: 1749949643.06831

 TIME STATS in ms (mean$\pm$std)
OpenCV version: 4.6.0
---------------------------
Tracking

ORB Extraction: 14.656$\pm$1.5823
Stereo Matching: 7.305$\pm$2.4063
IMU Preintegration: 0.16596$\pm$0.098571
Pose Prediction: 0.22358$\pm$0.87975
LM Track: 10.352$\pm$3.3359
New KF decision: 0.2178$\pm$0.20926
Total Tracking: 20.958$\pm$17.352



Local Mapping

KF Insertion: 9.5771$\pm$3.4736
MP Culling: 0.23331$\pm$0.12123
MP Creation: 24.097$\pm$8.1552
LBA: 117.99$\pm$35.54
KF Culling: 7.1229$\pm$8.4914
Total Local Mapping: 159.88$\pm$52.515
---------------------------

LBA complexity (mean$\pm$std)
LBA Edges: 2522.4$\pm$1466.7
LBA KF optimized: 6.5$\pm$2.2913
LBA KF fixed: 1$\pm$0
LBA MP: -nan$\pm$-nan

LBA executions: 365
LBA aborts: 0
---------------------------

Map complexity
KFs in map: 162
MPs in map: 13518
---------------------------

Place Recognition (mean$\pm$std)
Database Query: 1.4961$\pm$0.75545
SE3 estimation: 19.594$\pm$10.895
Total Place Recognition: 14.666$\pm$13.514


Loop Closing (mean$\pm$std)
Loop Fusion: -nan$\pm$-nan
Essential Graph: -nan$\pm$-nan
Total Loop Closing: -nan$\pm$-nan

Num exec: 0
Number of KFs: -nan$\pm$-nan

Map Merging (mean$\pm$std)
Merge Maps: -nan$\pm$-nan
Welding BA: -nan$\pm$-nan
Optimization Ess.: -nan$\pm$-nan
Total Map Merging: -nan$\pm$-nan

Num exec: 0
Number of KFs: -nan$\pm$-nan
Number of MPs: -nan$\pm$-nan

Full GBA (mean$\pm$std)
GBA: -nan$\pm$-nan
Map Update: -nan$\pm$-nan
Total Full GBA: -nan$\pm$-nan

Num exec: 0
Num abort: 0
Number of KFs: -nan$\pm$-nan
Number of MPs: -nan$\pm$-nan

Saving trajectory to f_dataset-MH04_stereo_imu.txt ...
There are 1 maps in the atlas
  Map 0 has 162 KFs

End of saving trajectory to f_dataset-MH04_stereo_imu.txt ...

Saving keyframe trajectory to kf_dataset-MH04_stereo_imu.txt ...
