num_seq = 1
file name: dataset-MH02_stereo_imu
Loading images for sequence 0...LOADED!
Loading IMU for sequence 0...LOADED!

-------

ORB-SLAM3 Copyright (C) 2017-2020 Carlos Campos, Richard Elvira, Juan J. Gómez, José M.M. Montiel and Juan D. Tardós, University of Zaragoza.
ORB-SLAM2 Copyright (C) 2014-2016 Raúl Mur-Artal, José M.M. Montiel and Juan D. Tardós, University of Zaragoza.
This program comes with ABSOLUTELY NO WARRANTY;
This is free software, and you are welcome to redistribute it
under certain conditions. See LICENSE.txt.

Built with REGISTER_TIMES
Git Commit Hash: 2d47524

Build Type: Release

Compiled with C++ version: 201703

Input sensor was set to: Stereo-Inertial
Loading settings from EuRoC_fov_deadlines_mask_9x9.yaml
	-Loaded camera 1
	-Loaded camera 2
	-Loaded image info
	-Loaded IMU calibration
	-Loaded ORB settings
	-Loaded viewer settings
	-Loaded Atlas settings
Deadlines enabled, will skip frames!
FOV enabled
Static mask size: 9x9
Dumping map points enabled
	-Loaded misc parameters
	-Computed rectification maps
----------------------------------
SLAM settings: 
	-Camera 1 parameters (Pinhole): [ 458.65399169921875 457.29598999023438 367.21499633789062 248.375 ]
	-Camera 1 distortion parameters: [  -0.28340810537338257 0.073959067463874817 0.00019359000725671649 1.7618711353861727e-05 ]
	-Camera 2 parameters (Pinhole: [ 457.58700561523438 456.13400268554688 379.99899291992188 255.23800659179688 ]
	-Camera 1 distortion parameters: [  -0.2836836576461792 0.074512839317321777 -0.00010473000293131918 -3.555907096597366e-05 ]
	-Original image size: [ 752 , 480 ]
	-Current image size: [ 752 , 480 ]
	-Camera 1 parameters after rectification: [  456.71499633789062 456.71499633789062 364.52615356445312 257.268798828125 ]
	-Sequence FPS: 20
	-Stereo baseline: 0.11007784307003021
	-Stereo depth threshold : 60
	-Gyro noise: 0.00016999999934341758
	-Accelerometer noise: 0.0020000000949949026
	-Gyro walk: 1.9392999092815444e-05
	-Accelerometer walk: 0.0030000000260770321
	-IMU frequency: 200
	-Features per image: 1200
	-ORB scale factor: 1.2000000476837158
	-ORB number of scales: 8
	-Initial FAST threshold: 20
	-Min FAST threshold: 7


Loading ORB Vocabulary. This could take a while...
Vocabulary loaded!

Initialization of Atlas from scratch 
Creation of new map with id: 0
Creation of new map with last KF id: 0
Seq. Name: 
There are 1 cameras in the atlas
Camera 0 is pinhole
SLAM Started at System Time: 1742976118.69288
not IMU meas
not IMU meas
not enough acceleration
not enough acceleration
not enough acceleration
not enough acceleration
not enough acceleration
not enough acceleration
First KF:0; Map init KF:0
New Map created with 190 points
Active map: 0
Dropping frame 1403636859.6016665
Dropping frame 1403636859.9516664
Dropping frame 1403636860.2516665
Dropping frame 1403636860.3516665
Dropping frame 1403636860.5016665
Dropping frame 1403636860.7516665
Dropping frame 1403636860.9516664
Dropping frame 1403636861.2016666
Dropping frame 1403636861.8516665
Dropping frame 1403636862.2016666
Dropping frame 1403636862.4516664
Dropping frame 1403636862.9516664
Dropping frame 1403636863.4016666
Dropping frame 1403636863.7516665
Dropping frame 1403636863.9516664
Dropping frame 1403636864.1016665
Dropping frame 1403636864.4516664
start VIBA 1
end VIBA 1
Dropping frame 1403636864.6016665
Dropping frame 1403636865.0516665
Dropping frame 1403636865.2516665
Dropping frame 1403636865.5516665
Dropping frame 1403636865.9016666
Dropping frame 1403636866.1016665
Dropping frame 1403636866.2016666
Dropping frame 1403636866.3516665
Dropping frame 1403636866.5016665
Dropping frame 1403636866.7516665
Dropping frame 1403636866.9516664
Dropping frame 1403636867.1016665
Dropping frame 1403636867.2016666
Dropping frame 1403636867.3516665
Dropping frame 1403636867.6516664
Dropping frame 1403636867.9516664
Dropping frame 1403636868.4016666
Dropping frame 1403636868.5516665
Dropping frame 1403636868.8516665
Dropping frame 1403636869.0016665
Dropping frame 1403636869.2016666
Dropping frame 1403636869.4516664
Dropping frame 1403636869.7016666
Dropping frame 1403636869.9016666
Dropping frame 1403636870.0016665
Dropping frame 1403636870.3016665
Dropping frame 1403636870.6016665
Dropping frame 1403636871.2016666
Dropping frame 1403636871.4016666
Dropping frame 1403636872.3516665
Dropping frame 1403636872.7516665
Dropping frame 1403636872.9016666
Dropping frame 1403636873.2016666
Dropping frame 1403636873.7016666
Dropping frame 1403636873.8516665
Dropping frame 1403636874.1516664
Dropping frame 1403636874.5016665
Dropping frame 1403636874.6016665
Dropping frame 1403636874.9516664
start VIBA 2
end VIBA 2
Dropping frame 1403636875.1516664
Dropping frame 1403636875.4016666
Dropping frame 1403636875.6016665
Dropping frame 1403636875.9016666
Dropping frame 1403636876.1016665
Dropping frame 1403636876.6016665
Dropping frame 1403636876.7016666
Dropping frame 1403636876.9516664
Dropping frame 1403636877.0516665
Dropping frame 1403636878.0516665
Dropping frame 1403636878.2516665
Dropping frame 1403636878.8016665
Dropping frame 1403636879.2016666
Dropping frame 1403636879.8016665
Dropping frame 1403636879.9016666
Dropping frame 1403636880.4516664
Dropping frame 1403636880.6016665
Dropping frame 1403636881.1016665
Dropping frame 1403636881.2016666
Dropping frame 1403636882.1516664
Dropping frame 1403636882.6016665
Dropping frame 1403636882.8516665
Dropping frame 1403636883.1516664
Dropping frame 1403636883.4016666
Dropping frame 1403636883.5016665
Dropping frame 1403636883.7016666
Dropping frame 1403636884.0516665
Dropping frame 1403636884.6016665
Dropping frame 1403636886.5016665
Dropping frame 1403636886.7516665
Dropping frame 1403636887.0516665
Dropping frame 1403636887.7516665
Dropping frame 1403636888.0016665
Dropping frame 1403636888.4016666
Dropping frame 1403636888.5016665
Dropping frame 1403636888.9016666
Dropping frame 1403636889.2016666
Dropping frame 1403636889.5516665
Dropping frame 1403636890.0516665
Dropping frame 1403636890.4016666
Dropping frame 1403636890.9516664
Dropping frame 1403636891.2516665
Dropping frame 1403636891.4516664
Dropping frame 1403636891.6016665
Dropping frame 1403636891.8516665
Dropping frame 1403636891.9516664
Dropping frame 1403636892.3016665
Dropping frame 1403636895.6516664
Dropping frame 1403636896.3516665
Dropping frame 1403636896.7516665
Dropping frame 1403636897.5516665
Dropping frame 1403636898.0516665
Dropping frame 1403636899.4016666
Dropping frame 1403636901.4516664
Dropping frame 1403636902.0016665
Dropping frame 1403636905.1516664
Dropping frame 1403636907.7516665
Dropping frame 1403636909.2016666
Dropping frame 1403636909.5516665
Dropping frame 1403636910.1016665
Dropping frame 1403636910.5516665
Dropping frame 1403636910.8016665
Dropping frame 1403636911.1016665
Dropping frame 1403636911.3016665
Dropping frame 1403636911.4516664
Dropping frame 1403636911.5516665
Dropping frame 1403636911.8516665
Dropping frame 1403636911.9516664
Dropping frame 1403636912.0516665
Dropping frame 1403636912.3016665
Dropping frame 1403636912.4016666
Dropping frame 1403636912.7016666
Dropping frame 1403636912.9016666
Dropping frame 1403636913.2016666
Dropping frame 1403636913.5516665
Dropping frame 1403636913.6516664
Dropping frame 1403636913.7516665
Dropping frame 1403636914.0016665
Dropping frame 1403636914.1016665
Dropping frame 1403636914.4016666
Dropping frame 1403636914.5016665
Dropping frame 1403636914.6016665
Dropping frame 1403636914.7016666
Dropping frame 1403636914.8016665
Dropping frame 1403636914.9516664
Dropping frame 1403636915.0516665
Dropping frame 1403636915.3016665
Dropping frame 1403636915.5016665
Dropping frame 1403636915.6016665
Dropping frame 1403636915.7016666
Dropping frame 1403636916.0016665
Dropping frame 1403636916.1516664
Dropping frame 1403636916.2516665
Dropping frame 1403636916.3516665
Dropping frame 1403636916.4516664
Dropping frame 1403636916.8016665
Dropping frame 1403636916.9016666
Dropping frame 1403636917.0016665
Dropping frame 1403636917.1016665
Dropping frame 1403636917.2016666
Dropping frame 1403636917.3516665
Dropping frame 1403636917.5016665
Dropping frame 1403636917.6516664
Dropping frame 1403636917.8016665
Dropping frame 1403636917.9016666
Dropping frame 1403636918.0016665
Dropping frame 1403636918.2016666
Dropping frame 1403636918.3016665
Dropping frame 1403636918.4016666
Dropping frame 1403636918.6516664
Dropping frame 1403636918.8016665
Dropping frame 1403636918.9016666
Dropping frame 1403636919.0016665
Dropping frame 1403636919.1016665
Dropping frame 1403636919.3516665
Dropping frame 1403636919.4516664
Dropping frame 1403636919.5516665
Dropping frame 1403636919.6516664
Dropping frame 1403636919.8016665
Dropping frame 1403636919.9516664
Dropping frame 1403636920.0516665
Dropping frame 1403636920.1516664
Dropping frame 1403636920.3516665
Dropping frame 1403636920.6516664
Dropping frame 1403636920.8016665
Dropping frame 1403636920.9016666
Dropping frame 1403636921.0516665
Dropping frame 1403636921.1516664
Dropping frame 1403636921.2516665
Dropping frame 1403636921.5016665
Dropping frame 1403636921.6016665
Dropping frame 1403636921.8516665
Dropping frame 1403636922.0516665
Dropping frame 1403636922.1516664
Dropping frame 1403636922.2516665
Dropping frame 1403636922.5516665
Dropping frame 1403636922.8016665
Dropping frame 1403636923.1516664
Dropping frame 1403636923.2516665
Dropping frame 1403636923.5016665
Dropping frame 1403636923.6016665
Dropping frame 1403636923.7016666
Dropping frame 1403636924.0016665
Dropping frame 1403636924.1016665
Dropping frame 1403636924.4016666
Dropping frame 1403636924.6016665
Dropping frame 1403636924.7516665
Dropping frame 1403636925.1516664
Dropping frame 1403636925.2516665
Dropping frame 1403636925.7016666
Dropping frame 1403636925.8516665
Dropping frame 1403636926.1516664
Dropping frame 1403636926.4016666
Dropping frame 1403636926.6016665
Dropping frame 1403636927.0016665
Dropping frame 1403636927.1016665
Dropping frame 1403636927.4016666
Dropping frame 1403636927.5516665
Dropping frame 1403636927.6516664
Dropping frame 1403636928.3516665
Dropping frame 1403636928.5516665
Dropping frame 1403636929.1016665
Dropping frame 1403636929.3016665
Dropping frame 1403636929.4016666
Dropping frame 1403636929.5016665
Dropping frame 1403636929.7516665
Dropping frame 1403636929.9516664
Dropping frame 1403636930.0516665
Dropping frame 1403636930.1516664
Dropping frame 1403636930.2516665
Dropping frame 1403636930.3516665
Dropping frame 1403636930.5516665
Dropping frame 1403636930.8516665
Dropping frame 1403636930.9516664
Dropping frame 1403636931.0516665
Dropping frame 1403636931.2016666
Dropping frame 1403636931.4516664
Dropping frame 1403636931.8516665
Dropping frame 1403636932.0516665
Dropping frame 1403636932.2516665
Dropping frame 1403636932.3516665
Dropping frame 1403636932.4516664
Dropping frame 1403636932.5516665
Dropping frame 1403636932.7516665
Dropping frame 1403636932.9516664
Dropping frame 1403636933.0516665
Dropping frame 1403636933.1516664
Dropping frame 1403636933.4516664
Dropping frame 1403636933.6516664
Dropping frame 1403636933.8516665
Dropping frame 1403636934.0516665
Dropping frame 1403636934.2516665
Dropping frame 1403636934.5016665
Dropping frame 1403636934.7016666
Dropping frame 1403636934.8516665
Dropping frame 1403636935.1016665
Dropping frame 1403636935.4016666
Dropping frame 1403636935.6016665
Dropping frame 1403636935.8016665
Dropping frame 1403636935.9016666
Dropping frame 1403636936.2516665
Dropping frame 1403636936.3516665
Dropping frame 1403636936.5516665
Dropping frame 1403636936.7516665
Dropping frame 1403636936.9516664
Dropping frame 1403636937.1516664
Dropping frame 1403636937.2516665
Dropping frame 1403636937.3516665
Dropping frame 1403636937.5016665
Dropping frame 1403636937.6016665
Dropping frame 1403636937.8016665
Dropping frame 1403636938.3016665
Dropping frame 1403636938.5016665
Dropping frame 1403636938.6016665
Dropping frame 1403636938.8016665
Dropping frame 1403636938.9016666
Dropping frame 1403636939.1016665
Dropping frame 1403636939.2016666
Dropping frame 1403636939.4016666
Dropping frame 1403636939.5016665
Dropping frame 1403636939.7016666
Dropping frame 1403636939.9016666
Dropping frame 1403636940.1016665
Dropping frame 1403636940.2016666
Dropping frame 1403636940.3016665
Dropping frame 1403636940.5016665
Dropping frame 1403636940.7016666
Dropping frame 1403636940.9016666
Dropping frame 1403636941.0516665
Dropping frame 1403636941.1516664
Dropping frame 1403636941.3516665
Dropping frame 1403636941.4516664
Dropping frame 1403636941.6516664
Dropping frame 1403636941.8516665
Dropping frame 1403636942.0516665
Dropping frame 1403636942.5516665
Dropping frame 1403636942.7516665
Dropping frame 1403636942.9516664
Dropping frame 1403636943.1516664
Dropping frame 1403636943.2516665
Dropping frame 1403636943.4516664
Dropping frame 1403636943.5516665
Dropping frame 1403636943.7516665
Dropping frame 1403636943.9516664
Dropping frame 1403636944.1516664
Dropping frame 1403636944.2516665
Dropping frame 1403636944.3516665
Dropping frame 1403636944.5516665
Dropping frame 1403636944.6516664
Dropping frame 1403636944.7516665
Dropping frame 1403636944.8516665
Dropping frame 1403636944.9516664
Dropping frame 1403636945.1516664
Dropping frame 1403636945.2516665
Dropping frame 1403636945.4516664
Dropping frame 1403636945.6516664
Dropping frame 1403636945.7516665
Dropping frame 1403636945.9516664
Dropping frame 1403636946.1516664
Dropping frame 1403636946.3516665
Dropping frame 1403636946.4516664
Dropping frame 1403636946.5516665
Dropping frame 1403636946.8016665
Dropping frame 1403636947.0016665
Dropping frame 1403636947.1016665
Dropping frame 1403636947.2516665
Dropping frame 1403636947.4516664
Dropping frame 1403636947.5516665
Dropping frame 1403636947.8016665
Dropping frame 1403636948.0016665
Dropping frame 1403636948.2016666
Dropping frame 1403636948.3016665
Dropping frame 1403636948.4016666
Dropping frame 1403636948.5016665
Dropping frame 1403636948.6016665
Dropping frame 1403636948.8016665
Dropping frame 1403636948.9516664
Dropping frame 1403636949.2016666
Dropping frame 1403636949.3016665
Dropping frame 1403636949.7016666
Dropping frame 1403636949.9016666
Dropping frame 1403636950.0016665
Dropping frame 1403636950.1016665
Dropping frame 1403636950.2016666
Dropping frame 1403636950.4016666
Dropping frame 1403636950.6016665
Dropping frame 1403636950.8016665
Dropping frame 1403636950.9016666
Dropping frame 1403636951.0016665
Dropping frame 1403636951.1016665
Dropping frame 1403636951.2016666
Dropping frame 1403636951.4016666
Dropping frame 1403636951.6016665
Dropping frame 1403636951.7516665
Dropping frame 1403636951.8516665
Dropping frame 1403636951.9516664
Dropping frame 1403636952.1516664
Dropping frame 1403636952.2516665
Dropping frame 1403636952.7016666
Dropping frame 1403636952.8016665
Dropping frame 1403636952.9016666
Dropping frame 1403636953.0016665
Dropping frame 1403636953.1016665
Dropping frame 1403636953.4016666
Dropping frame 1403636953.6016665
Dropping frame 1403636953.7016666
Dropping frame 1403636953.8016665
Dropping frame 1403636954.0516665
Dropping frame 1403636954.1516664
Dropping frame 1403636954.4016666
Dropping frame 1403636954.6016665
Dropping frame 1403636954.7016666
Dropping frame 1403636954.8016665
Dropping frame 1403636954.9016666
Dropping frame 1403636955.0016665
Dropping frame 1403636955.2016666
Dropping frame 1403636955.4016666
Dropping frame 1403636955.6016665
Dropping frame 1403636955.7016666
Dropping frame 1403636955.8016665
Dropping frame 1403636956.0016665
Dropping frame 1403636956.1016665
Dropping frame 1403636956.2016666
Dropping frame 1403636956.3016665
Dropping frame 1403636956.5016665
Dropping frame 1403636956.7016666
Dropping frame 1403636956.9016666
Dropping frame 1403636957.0016665
Dropping frame 1403636957.3516665
Dropping frame 1403636957.4516664
Dropping frame 1403636957.6516664
Dropping frame 1403636957.8516665
Dropping frame 1403636957.9516664
Dropping frame 1403636958.0516665
Dropping frame 1403636958.2016666
Dropping frame 1403636958.6016665
Dropping frame 1403636958.7016666
Dropping frame 1403636958.9016666
Dropping frame 1403636959.0016665
Dropping frame 1403636959.4016666
Dropping frame 1403636959.5516665
Dropping frame 1403636959.6516664
Dropping frame 1403636959.7516665
Dropping frame 1403636960.0516665
Dropping frame 1403636960.1516664
Dropping frame 1403636960.4016666
Dropping frame 1403636960.6016665
Dropping frame 1403636960.8016665
Dropping frame 1403636960.9516664
Dropping frame 1403636961.0516665
Dropping frame 1403636961.2516665
Dropping frame 1403636961.3516665
Dropping frame 1403636961.6016665
Dropping frame 1403636961.8016665
Dropping frame 1403636962.0016665
Dropping frame 1403636962.2016666
Dropping frame 1403636962.4516664
Dropping frame 1403636962.5516665
Dropping frame 1403636962.7516665
Dropping frame 1403636962.8516665
Dropping frame 1403636963.2016666
Dropping frame 1403636963.4016666
Dropping frame 1403636963.6016665
Dropping frame 1403636963.7016666
Dropping frame 1403636963.9016666
Dropping frame 1403636964.0516665
Dropping frame 1403636964.5016665
Dropping frame 1403636964.6016665
Dropping frame 1403636964.9516664
Dropping frame 1403636965.1516664
Dropping frame 1403636965.2516665
Dropping frame 1403636965.3516665
Dropping frame 1403636965.5516665
Dropping frame 1403636965.7516665
Dropping frame 1403636965.9516664
Dropping frame 1403636966.1516664
Dropping frame 1403636966.2516665
Dropping frame 1403636966.3516665
Dropping frame 1403636966.5516665
Dropping frame 1403636966.6516664
Dropping frame 1403636966.9016666
Dropping frame 1403636967.1016665
Dropping frame 1403636967.3016665
Dropping frame 1403636967.4016666
Dropping frame 1403636967.7516665
Dropping frame 1403636967.8516665
Dropping frame 1403636967.9516664
Dropping frame 1403636968.1516664
Dropping frame 1403636968.2516665
Dropping frame 1403636968.3516665
Dropping frame 1403636968.5516665
Dropping frame 1403636968.6516664
Dropping frame 1403636968.7516665
Dropping frame 1403636968.9516664
Dropping frame 1403636969.0516665
Dropping frame 1403636969.1516664
Dropping frame 1403636969.3516665
Dropping frame 1403636969.5516665
Dropping frame 1403636969.7516665
Dropping frame 1403636969.8516665
Dropping frame 1403636970.1016665
Dropping frame 1403636970.3516665
Dropping frame 1403636970.7016666
Dropping frame 1403636970.8016665
Dropping frame 1403636970.9016666
Dropping frame 1403636971.0016665
Dropping frame 1403636971.2516665
Dropping frame 1403636971.4016666
Dropping frame 1403636971.7016666
Dropping frame 1403636972.0516665
Dropping frame 1403636972.2016666
Dropping frame 1403636972.3016665
Dropping frame 1403636972.7516665
Dropping frame 1403636972.8516665
Dropping frame 1403636972.9516664
Dropping frame 1403636973.2016666
Dropping frame 1403636973.3016665
Dropping frame 1403636973.5016665
Dropping frame 1403636973.6016665
Dropping frame 1403636973.8516665
Dropping frame 1403636974.0016665
Dropping frame 1403636974.2016666
Dropping frame 1403636974.4016666
Dropping frame 1403636974.6016665
Dropping frame 1403636974.8516665
Dropping frame 1403636975.0516665
Dropping frame 1403636975.1516664
Dropping frame 1403636975.4016666
Dropping frame 1403636975.5516665
Dropping frame 1403636975.9016666
Dropping frame 1403636976.1016665
Dropping frame 1403636976.2016666
Dropping frame 1403636976.4516664
Dropping frame 1403636976.6516664
Dropping frame 1403636976.7516665
Dropping frame 1403636977.0016665
Dropping frame 1403636977.2016666
Dropping frame 1403636977.3016665
Dropping frame 1403636977.5516665
Dropping frame 1403636977.7516665
Dropping frame 1403636977.8516665
Dropping frame 1403636977.9516664
Dropping frame 1403636978.1516664
Dropping frame 1403636978.3516665
Dropping frame 1403636978.4516664
Dropping frame 1403636978.7016666
Dropping frame 1403636978.8516665
Dropping frame 1403636979.0516665
Dropping frame 1403636979.1516664
Dropping frame 1403636979.5516665
Dropping frame 1403636979.7516665
Dropping frame 1403636980.0516665
Dropping frame 1403636980.3516665
Dropping frame 1403636980.4516664
Dropping frame 1403636980.7016666
Dropping frame 1403636980.9516664
Dropping frame 1403636981.1516664
Dropping frame 1403636981.2516665
Dropping frame 1403636981.5016665
Dropping frame 1403636981.7016666
Dropping frame 1403636982.0016665
Dropping frame 1403636982.1016665
Dropping frame 1403636982.3516665
Dropping frame 1403636982.4516664
Dropping frame 1403636982.7016666
Dropping frame 1403636982.9516664
Dropping frame 1403636983.3516665
Dropping frame 1403636983.4516664
Dropping frame 1403636983.9516664
Dropping frame 1403636984.4016666
Dropping frame 1403636984.8516665
Dropping frame 1403636984.9516664
Dropping frame 1403636985.2516665
Dropping frame 1403636985.3516665
Dropping frame 1403636985.5516665
Dropping frame 1403636985.7016666
Dropping frame 1403636985.9016666
Dropping frame 1403636986.1016665
Dropping frame 1403636986.3016665
Dropping frame 1403636986.4016666
Dropping frame 1403636986.6516664
Dropping frame 1403636986.8516665
Dropping frame 1403636987.0516665
Dropping frame 1403636987.2516665
Dropping frame 1403636987.4516664
Dropping frame 1403636987.5516665
Dropping frame 1403636987.6516664
Dropping frame 1403636987.8516665
Dropping frame 1403636988.0516665
Dropping frame 1403636988.2016666
Dropping frame 1403636988.4016666
Dropping frame 1403636988.5016665
Dropping frame 1403636988.6016665
Dropping frame 1403636989.0516665
Dropping frame 1403636989.2516665
Dropping frame 1403636989.3516665
Dropping frame 1403636989.4516664
Dropping frame 1403636989.6516664
Dropping frame 1403636989.9516664
Dropping frame 1403636990.1516664
Dropping frame 1403636990.3516665
Dropping frame 1403636990.4516664
Dropping frame 1403636990.7516665
Dropping frame 1403636990.8516665
Dropping frame 1403636990.9516664
Dropping frame 1403636991.1516664
Dropping frame 1403636991.3516665
Dropping frame 1403636991.4516664
Dropping frame 1403636991.9016666
Dropping frame 1403636992.1016665
Dropping frame 1403636992.2016666
Dropping frame 1403636992.3016665
Dropping frame 1403636992.4016666
Dropping frame 1403636992.6016665
Dropping frame 1403636992.7016666
Dropping frame 1403636992.8016665
Dropping frame 1403636993.0016665
Dropping frame 1403636993.1016665
Dropping frame 1403636993.2016666
Dropping frame 1403636993.4016666
Dropping frame 1403636993.6016665
Dropping frame 1403636993.8016665
Dropping frame 1403636994.0016665
Dropping frame 1403636994.2016666
Dropping frame 1403636994.3016665
Dropping frame 1403636994.4016666
Dropping frame 1403636994.6016665
Dropping frame 1403636994.7016666
Dropping frame 1403636995.0516665
Dropping frame 1403636995.8516665
Dropping frame 1403636996.0016665
Dropping frame 1403636996.2016666
Dropping frame 1403636996.4016666
Dropping frame 1403636996.6016665
Dropping frame 1403636996.8016665
Dropping frame 1403636996.9016666
Dropping frame 1403636997.0016665
Dropping frame 1403636997.2016666
Dropping frame 1403636997.3016665
Dropping frame 1403636997.4016666
Dropping frame 1403636997.6016665
Dropping frame 1403636997.7016666
Dropping frame 1403636997.9516664
Dropping frame 1403636998.1516664
Dropping frame 1403636998.3516665
Dropping frame 1403636998.5516665
Dropping frame 1403636998.7516665
Dropping frame 1403636999.0516665
Dropping frame 1403636999.1516664
Dropping frame 1403636999.4016666
Dropping frame 1403636999.5016665
Dropping frame 1403636999.8516665
Dropping frame 1403637000.0516665
Dropping frame 1403637000.2016666
Dropping frame 1403637000.5516665
Dropping frame 1403637001.1016665
Dropping frame 1403637001.6016665
Dropping frame 1403637001.8516665
Dropping frame 1403637002.0016665
Dropping frame 1403637002.2516665
Dropping frame 1403637002.4016666
Dropping frame 1403637002.6016665
Dropping frame 1403637002.8016665
Dropping frame 1403637003.0016665
Dropping frame 1403637003.1016665
Dropping frame 1403637003.4016666
Dropping frame 1403637003.6016665
Dropping frame 1403637003.7516665
Dropping frame 1403637003.8516665
Dropping frame 1403637004.0516665
Dropping frame 1403637004.3516665
Dropping frame 1403637004.7016666
Dropping frame 1403637004.9016666
Dropping frame 1403637005.1016665
Dropping frame 1403637005.2016666
Dropping frame 1403637005.3016665
Dropping frame 1403637005.5016665
Dropping frame 1403637005.8016665
Dropping frame 1403637005.9016666
Dropping frame 1403637006.0016665
Dropping frame 1403637006.3516665
Dropping frame 1403637006.6516664
Dropping frame 1403637006.8516665
Dropping frame 1403637007.0516665
Dropping frame 1403637007.2516665
Dropping frame 1403637007.4516664
Dropping frame 1403637007.5516665
Dropping frame 1403637007.8016665
Dropping frame 1403637007.9016666
Dropping frame 1403637008.1516664
Dropping frame 1403637008.2516665
Dropping frame 1403637008.3516665
Dropping frame 1403637008.7016666
Dropping frame 1403637008.8016665
Dropping frame 1403637009.0016665
Dropping frame 1403637009.2516665
Dropping frame 1403637009.4516664
Dropping frame 1403637009.5516665
Dropping frame 1403637009.8016665
Dropping frame 1403637009.9016666
Dropping frame 1403637010.0016665
Dropping frame 1403637010.3516665
Dropping frame 1403637010.5516665
Shutdown
SLAM Finished at System Time: 1742976303.40047

 TIME STATS in ms (mean$\pm$std)
OpenCV version: 4.8.1
---------------------------
Tracking

ORB Extraction: 19.02$\pm$1.8254
Stereo Matching: 7.2625$\pm$1.9178
IMU Preintegration: 0.25257$\pm$0.1025
Pose Prediction: 0.20932$\pm$0.60156
LM Track: 19.357$\pm$5.3807
New KF decision: 1.2465$\pm$2.3508
Total Tracking: 33.707$\pm$25.802



Local Mapping

KF Insertion: 16.433$\pm$5.5265
MP Culling: 0.54762$\pm$0.21895
MP Creation: 48.322$\pm$15.776
LBA: 148.67$\pm$51.564
KF Culling: 15.257$\pm$9.7479
Total Local Mapping: 229.06$\pm$73.932
---------------------------

LBA complexity (mean$\pm$std)
LBA Edges: 1701.6$\pm$570.21
LBA KF optimized: 6.5$\pm$2.2913
LBA KF fixed: 1$\pm$0
LBA MP: nan$\pm$nan

LBA executions: 468
LBA aborts: 0
---------------------------

Map complexity
KFs in map: 146
MPs in map: 11553
---------------------------

Place Recognition (mean$\pm$std)
Database Query: 1.5696$\pm$0.91819
SE3 estimation: 12.475$\pm$14.844
Total Place Recognition: 12.544$\pm$15.153


Loop Closing (mean$\pm$std)
Loop Fusion: nan$\pm$nan
Essential Graph: nan$\pm$nan
Total Loop Closing: nan$\pm$nan

Num exec: 0
Number of KFs: nan$\pm$nan

Map Merging (mean$\pm$std)
Merge Maps: nan$\pm$nan
Welding BA: nan$\pm$nan
Optimization Ess.: nan$\pm$nan
Total Map Merging: nan$\pm$nan

Num exec: 0
Number of KFs: nan$\pm$nan
Number of MPs: nan$\pm$nan

Full GBA (mean$\pm$std)
GBA: nan$\pm$nan
Map Update: nan$\pm$nan
Total Full GBA: nan$\pm$nan

Num exec: 0
Num abort: 0
Number of KFs: nan$\pm$nan
Number of MPs: nan$\pm$nan

Saving trajectory to f_dataset-MH02_stereo_imu.txt ...
There are 1 maps in the atlas
  Map 0 has 146 KFs

End of saving trajectory to f_dataset-MH02_stereo_imu.txt ...

Saving keyframe trajectory to kf_dataset-MH02_stereo_imu.txt ...
