num_seq = 1
file name: dataset-MH02_stereo_imu
Loading images for sequence 0...LOADED!
Loading IMU for sequence 0...LOADED!

-------

ORB-SLAM3 Copyright (C) 2017-2020 Carlos Campos, Richard Elvira, Juan J. Gómez, José M.M. Montiel and Juan D. Tardós, University of Zaragoza.
ORB-SLAM2 Copyright (C) 2014-2016 Raúl Mur-Artal, José M.M. Montiel and Juan D. Tardós, University of Zaragoza.
This program comes with ABSOLUTELY NO WARRANTY;
This is free software, and you are welcome to redistribute it
under certain conditions. See LICENSE.txt.

Built with REGISTER_TIMES
Git Commit Hash: 2d47524

Build Type: Release

Compiled with C++ version: 201703

Input sensor was set to: Stereo-Inertial
Loading settings from ./Examples/Stereo-Inertial/EuRoC_deadlines.yaml
	-Loaded camera 1
	-Loaded camera 2
	-Loaded image info
	-Loaded IMU calibration
	-Loaded ORB settings
	-Loaded viewer settings
	-Loaded Atlas settings
Deadlines enabled, will skip frames!
	-Loaded misc parameters
	-Computed rectification maps
----------------------------------
SLAM settings: 
	-Camera 1 parameters (Pinhole): [ 458.65399169921875 457.29598999023438 367.21499633789062 248.375 ]
	-Camera 1 distortion parameters: [  -0.28340810537338257 0.073959067463874817 0.00019359000725671649 1.7618711353861727e-05 ]
	-Camera 2 parameters (Pinhole: [ 457.58700561523438 456.13400268554688 379.99899291992188 255.23800659179688 ]
	-Camera 1 distortion parameters: [  -0.2836836576461792 0.074512839317321777 -0.00010473000293131918 -3.555907096597366e-05 ]
	-Original image size: [ 752 , 480 ]
	-Current image size: [ 752 , 480 ]
	-Camera 1 parameters after rectification: [  456.71499633789062 456.71499633789062 364.52615356445312 257.268798828125 ]
	-Sequence FPS: 20
	-Stereo baseline: 0.11007784307003021
	-Stereo depth threshold : 60
	-Gyro noise: 0.00016999999934341758
	-Accelerometer noise: 0.0020000000949949026
	-Gyro walk: 1.9392999092815444e-05
	-Accelerometer walk: 0.0030000000260770321
	-IMU frequency: 200
	-Features per image: 1200
	-ORB scale factor: 1.2000000476837158
	-ORB number of scales: 8
	-Initial FAST threshold: 20
	-Min FAST threshold: 7


Loading ORB Vocabulary. This could take a while...
Vocabulary loaded!

Initialization of Atlas from scratch 
Creation of new map with id: 0
Creation of new map with last KF id: 0
Seq. Name: 
There are 1 cameras in the atlas
Camera 0 is pinhole
SLAM Started at System Time: 1740793071.46597
not IMU meas
not IMU meas
not enough acceleration
not enough acceleration
not enough acceleration
not enough acceleration
not enough acceleration
not enough acceleration
First KF:0; Map init KF:0
New Map created with 191 points
Active map: 0
Dropping frame 1403636859.1516664
Dropping frame 1403636859.5016665
Dropping frame 1403636859.8016665
Dropping frame 1403636859.9516664
Dropping frame 1403636860.3016665
Dropping frame 1403636860.5016665
Dropping frame 1403636860.6516664
Dropping frame 1403636860.8016665
Dropping frame 1403636860.9016666
Dropping frame 1403636861.1516664
Dropping frame 1403636861.4016666
Dropping frame 1403636861.8516665
Dropping frame 1403636862.0516665
Dropping frame 1403636862.2516665
Dropping frame 1403636862.5016665
Dropping frame 1403636862.8016665
Dropping frame 1403636862.9516664
Dropping frame 1403636863.0516665
Dropping frame 1403636863.2016666
Dropping frame 1403636863.5016665
Dropping frame 1403636863.6016665
Dropping frame 1403636864.1016665
Dropping frame 1403636864.2016666
Dropping frame 1403636864.3516665
start VIBA 1
Dropping frame 1403636864.5516665
end VIBA 1
Dropping frame 1403636864.7516665
Dropping frame 1403636864.8516665
Dropping frame 1403636865.0516665
Dropping frame 1403636865.1516664
Dropping frame 1403636865.3516665
Dropping frame 1403636865.5516665
Dropping frame 1403636865.6516664
Dropping frame 1403636865.8516665
Dropping frame 1403636865.9516664
Dropping frame 1403636866.0516665
Dropping frame 1403636866.2016666
Dropping frame 1403636866.4016666
Dropping frame 1403636866.6016665
Dropping frame 1403636866.7016666
Dropping frame 1403636866.9516664
Dropping frame 1403636867.1016665
Dropping frame 1403636867.3516665
Dropping frame 1403636867.5516665
Dropping frame 1403636867.6516664
Dropping frame 1403636867.8516665
Dropping frame 1403636868.0016665
Dropping frame 1403636868.2016666
Dropping frame 1403636868.3016665
Dropping frame 1403636868.4016666
Dropping frame 1403636868.6016665
Dropping frame 1403636868.8016665
Dropping frame 1403636868.9516664
Dropping frame 1403636869.1516664
Dropping frame 1403636869.3516665
Dropping frame 1403636869.6516664
Dropping frame 1403636869.7516665
Dropping frame 1403636870.0016665
Dropping frame 1403636870.2016666
Dropping frame 1403636870.3016665
Dropping frame 1403636870.4016666
Dropping frame 1403636870.6016665
Dropping frame 1403636870.8016665
Dropping frame 1403636871.0016665
Dropping frame 1403636871.1016665
Dropping frame 1403636871.3016665
Dropping frame 1403636871.4016666
Dropping frame 1403636871.5016665
Dropping frame 1403636871.7016666
Dropping frame 1403636871.8016665
Dropping frame 1403636871.9016666
Dropping frame 1403636872.1016665
Dropping frame 1403636872.3016665
Dropping frame 1403636872.4016666
Dropping frame 1403636872.5016665
Dropping frame 1403636872.6016665
Dropping frame 1403636872.8016665
Dropping frame 1403636872.9016666
Dropping frame 1403636873.1516664
Dropping frame 1403636873.4516664
Dropping frame 1403636873.5516665
Dropping frame 1403636873.8016665
Dropping frame 1403636874.0016665
Dropping frame 1403636874.3516665
Dropping frame 1403636874.6016665
Dropping frame 1403636874.7016666
Dropping frame 1403636874.9016666
Dropping frame 1403636875.1016665
Dropping frame 1403636875.3016665
Dropping frame 1403636875.4016666
Dropping frame 1403636875.5016665
Dropping frame 1403636875.7016666
Dropping frame 1403636875.8016665
Dropping frame 1403636875.9016666
Dropping frame 1403636876.1016665
start VIBA 2
Dropping frame 1403636876.2016666
end VIBA 2
Dropping frame 1403636876.4016666
Dropping frame 1403636876.5016665
Dropping frame 1403636876.6016665
Dropping frame 1403636876.8016665
Dropping frame 1403636876.9016666
Dropping frame 1403636877.0016665
Dropping frame 1403636877.2016666
Dropping frame 1403636877.3016665
Dropping frame 1403636877.4016666
Dropping frame 1403636877.5516665
Dropping frame 1403636877.9016666
Dropping frame 1403636878.0016665
Dropping frame 1403636878.1016665
Dropping frame 1403636878.3516665
Dropping frame 1403636878.4516664
Dropping frame 1403636878.7016666
Dropping frame 1403636878.9016666
Dropping frame 1403636879.1016665
Dropping frame 1403636879.2516665
Dropping frame 1403636879.5016665
Dropping frame 1403636879.6016665
Dropping frame 1403636879.8516665
Dropping frame 1403636880.1016665
Dropping frame 1403636880.3016665
Dropping frame 1403636880.4516664
Dropping frame 1403636880.8016665
Dropping frame 1403636881.0016665
Dropping frame 1403636881.1016665
Dropping frame 1403636881.2016666
Dropping frame 1403636881.7016666
Dropping frame 1403636881.8016665
Dropping frame 1403636882.0516665
Dropping frame 1403636882.1516664
Dropping frame 1403636882.4016666
Dropping frame 1403636882.6016665
Dropping frame 1403636882.8016665
Dropping frame 1403636883.0016665
Dropping frame 1403636883.1516664
Dropping frame 1403636883.3516665
Dropping frame 1403636883.5516665
Dropping frame 1403636883.6516664
Dropping frame 1403636883.7516665
Dropping frame 1403636883.8516665
Dropping frame 1403636884.1016665
Dropping frame 1403636884.3016665
Dropping frame 1403636884.5016665
Dropping frame 1403636884.7016666
Dropping frame 1403636884.8516665
Dropping frame 1403636885.1016665
Dropping frame 1403636885.2016666
Dropping frame 1403636885.4516664
Dropping frame 1403636885.6016665
Dropping frame 1403636885.7516665
Dropping frame 1403636885.8516665
Dropping frame 1403636886.0516665
Dropping frame 1403636886.1516664
Dropping frame 1403636886.2516665
Dropping frame 1403636886.5016665
Dropping frame 1403636886.7016666
Dropping frame 1403636886.8016665
Dropping frame 1403636887.0516665
Dropping frame 1403636887.1516664
Dropping frame 1403636887.4016666
Dropping frame 1403636887.5016665
Dropping frame 1403636887.6016665
Dropping frame 1403636887.8016665
Dropping frame 1403636888.0016665
Dropping frame 1403636888.2016666
Dropping frame 1403636888.3016665
Dropping frame 1403636888.4016666
Dropping frame 1403636888.7516665
Dropping frame 1403636888.9516664
Dropping frame 1403636889.0516665
Dropping frame 1403636889.1516664
Dropping frame 1403636889.7516665
Dropping frame 1403636889.9516664
Dropping frame 1403636890.1516664
Dropping frame 1403636890.2516665
Dropping frame 1403636890.5016665
Dropping frame 1403636890.7016666
Dropping frame 1403636890.9016666
Dropping frame 1403636891.0516665
Dropping frame 1403636891.4016666
Dropping frame 1403636892.9516664
Dropping frame 1403636893.0516665
Dropping frame 1403636893.3516665
Dropping frame 1403636893.4516664
Dropping frame 1403636893.7016666
Dropping frame 1403636893.8016665
Dropping frame 1403636894.0516665
Dropping frame 1403636894.1516664
Dropping frame 1403636894.8016665
Dropping frame 1403636895.1516664
Dropping frame 1403636895.5516665
Dropping frame 1403636895.6516664
Dropping frame 1403636895.8516665
Dropping frame 1403636895.9516664
Dropping frame 1403636896.1516664
Dropping frame 1403636896.2516665
Dropping frame 1403636896.3516665
Dropping frame 1403636896.4516664
Dropping frame 1403636896.5516665
Dropping frame 1403636896.8016665
Dropping frame 1403636896.9016666
Dropping frame 1403636897.0016665
Dropping frame 1403636897.2016666
Dropping frame 1403636897.4016666
Dropping frame 1403636897.7516665
Dropping frame 1403636897.9516664
Dropping frame 1403636898.0516665
Dropping frame 1403636898.1516664
Dropping frame 1403636898.5016665
Dropping frame 1403636898.6016665
Dropping frame 1403636898.9016666
Dropping frame 1403636899.1016665
Dropping frame 1403636899.2516665
Dropping frame 1403636899.3516665
Dropping frame 1403636899.5516665
Dropping frame 1403636899.6516664
Dropping frame 1403636899.7516665
Dropping frame 1403636899.9516664
Dropping frame 1403636900.0516665
Dropping frame 1403636900.3016665
Dropping frame 1403636900.4016666
Dropping frame 1403636900.6516664
Dropping frame 1403636900.9016666
Dropping frame 1403636901.0016665
Dropping frame 1403636902.0516665
Dropping frame 1403636902.6016665
Dropping frame 1403636902.8516665
Dropping frame 1403636903.1516664
Dropping frame 1403636903.4016666
Dropping frame 1403636903.7516665
Dropping frame 1403636903.9516664
Dropping frame 1403636904.1516664
Dropping frame 1403636904.3516665
Dropping frame 1403636904.6016665
Dropping frame 1403636904.7016666
Dropping frame 1403636904.9016666
Dropping frame 1403636905.1016665
Dropping frame 1403636905.5516665
Dropping frame 1403636905.7516665
Dropping frame 1403636906.1516664
Dropping frame 1403636906.4016666
Dropping frame 1403636906.6016665
Dropping frame 1403636907.1016665
Dropping frame 1403636907.2516665
Dropping frame 1403636907.5016665
Dropping frame 1403636907.7016666
Dropping frame 1403636907.9516664
Dropping frame 1403636908.2016666
Dropping frame 1403636908.3016665
Dropping frame 1403636908.8016665
Dropping frame 1403636909.0016665
Dropping frame 1403636909.2016666
Dropping frame 1403636909.3016665
Dropping frame 1403636909.5016665
Dropping frame 1403636909.6016665
Dropping frame 1403636909.8016665
Dropping frame 1403636909.9016666
Dropping frame 1403636911.1016665
Dropping frame 1403636911.2516665
Dropping frame 1403636911.4516664
Dropping frame 1403636911.6016665
Dropping frame 1403636911.9516664
Dropping frame 1403636912.3016665
Dropping frame 1403636913.2016666
Dropping frame 1403636913.5016665
Dropping frame 1403636913.7516665
Dropping frame 1403636914.4516664
Dropping frame 1403636914.9016666
Dropping frame 1403636915.1016665
Dropping frame 1403636915.3516665
Dropping frame 1403636915.5516665
Dropping frame 1403636915.7016666
Dropping frame 1403636916.0016665
Dropping frame 1403636916.2016666
Dropping frame 1403636916.3516665
Dropping frame 1403636916.6016665
Dropping frame 1403636916.8016665
Dropping frame 1403636916.9016666
Dropping frame 1403636917.4016666
Dropping frame 1403636917.5016665
Dropping frame 1403636917.7516665
Dropping frame 1403636918.0516665
Dropping frame 1403636918.3016665
Dropping frame 1403636918.7516665
Dropping frame 1403636918.9516664
Dropping frame 1403636919.4016666
Dropping frame 1403636919.5516665
Dropping frame 1403636919.7516665
Dropping frame 1403636919.9516664
Dropping frame 1403636920.5516665
Dropping frame 1403636920.7516665
Dropping frame 1403636920.9516664
Dropping frame 1403636921.0516665
Dropping frame 1403636921.2016666
Dropping frame 1403636921.4016666
Dropping frame 1403636921.6016665
Dropping frame 1403636921.8016665
Dropping frame 1403636921.9016666
Dropping frame 1403636923.0516665
Dropping frame 1403636923.2516665
Dropping frame 1403636923.4516664
Dropping frame 1403636923.5516665
Dropping frame 1403636923.7516665
Dropping frame 1403636924.0016665
Dropping frame 1403636924.2016666
Dropping frame 1403636924.3016665
Dropping frame 1403636924.5016665
Dropping frame 1403636924.7016666
Dropping frame 1403636924.8516665
Dropping frame 1403636925.4016666
Dropping frame 1403636925.5516665
Dropping frame 1403636925.7516665
Dropping frame 1403636925.9516664
Dropping frame 1403636926.1516664
Dropping frame 1403636926.2516665
Dropping frame 1403636926.3516665
Dropping frame 1403636926.5516665
Dropping frame 1403636926.7516665
Dropping frame 1403636926.8516665
Dropping frame 1403636926.9516664
Dropping frame 1403636927.0516665
Dropping frame 1403636927.2516665
Dropping frame 1403636927.4516664
Dropping frame 1403636927.5516665
Dropping frame 1403636927.6516664
Dropping frame 1403636927.7516665
Dropping frame 1403636927.9516664
Dropping frame 1403636928.0516665
Dropping frame 1403636928.1516664
Dropping frame 1403636928.2516665
Dropping frame 1403636928.4516664
Dropping frame 1403636928.6516664
Dropping frame 1403636928.7516665
Dropping frame 1403636928.8516665
Dropping frame 1403636929.0016665
Dropping frame 1403636929.1016665
Dropping frame 1403636929.2016666
Dropping frame 1403636929.3016665
Dropping frame 1403636929.7016666
Dropping frame 1403636929.8016665
Dropping frame 1403636929.9016666
Dropping frame 1403636930.0016665
Dropping frame 1403636930.1016665
Dropping frame 1403636930.2016666
Dropping frame 1403636930.4016666
Dropping frame 1403636930.5016665
Dropping frame 1403636930.6016665
Dropping frame 1403636930.7016666
Dropping frame 1403636930.8016665
Dropping frame 1403636930.9016666
Dropping frame 1403636931.0016665
Dropping frame 1403636931.1016665
Dropping frame 1403636931.2016666
Dropping frame 1403636931.4516664
Dropping frame 1403636931.5516665
Dropping frame 1403636931.6516664
Dropping frame 1403636931.7516665
Dropping frame 1403636931.9516664
Dropping frame 1403636932.0516665
Dropping frame 1403636932.1516664
Dropping frame 1403636932.2516665
Dropping frame 1403636932.3516665
Dropping frame 1403636932.5516665
Dropping frame 1403636932.6516664
Dropping frame 1403636932.7516665
Dropping frame 1403636932.8516665
Dropping frame 1403636933.0516665
Dropping frame 1403636933.1516664
Dropping frame 1403636933.2516665
Dropping frame 1403636933.4516664
Dropping frame 1403636933.6516664
Dropping frame 1403636933.7516665
Dropping frame 1403636933.8516665
Dropping frame 1403636934.0516665
Dropping frame 1403636934.1516664
Dropping frame 1403636934.2516665
Dropping frame 1403636934.4516664
Dropping frame 1403636934.5516665
Dropping frame 1403636934.6516664
Dropping frame 1403636934.8516665
Dropping frame 1403636934.9516664
Dropping frame 1403636935.0516665
Dropping frame 1403636935.1516664
Dropping frame 1403636935.3516665
Dropping frame 1403636935.5516665
Dropping frame 1403636935.6516664
Dropping frame 1403636935.7516665
Dropping frame 1403636935.9516664
Dropping frame 1403636936.0516665
Dropping frame 1403636936.1516664
Dropping frame 1403636936.3516665
Dropping frame 1403636936.4516664
Dropping frame 1403636936.5516665
Dropping frame 1403636936.6516664
Dropping frame 1403636936.8016665
Dropping frame 1403636936.9016666
Dropping frame 1403636937.0016665
Dropping frame 1403636937.2016666
Dropping frame 1403636937.3016665
Dropping frame 1403636937.4016666
Dropping frame 1403636937.6016665
Dropping frame 1403636937.7016666
Dropping frame 1403636937.8016665
Dropping frame 1403636937.9016666
Dropping frame 1403636938.0016665
Dropping frame 1403636938.1016665
Dropping frame 1403636938.2016666
Dropping frame 1403636938.4016666
Dropping frame 1403636938.5016665
Dropping frame 1403636938.6016665
Dropping frame 1403636938.7016666
Dropping frame 1403636938.9016666
Dropping frame 1403636939.0016665
Dropping frame 1403636939.1016665
Dropping frame 1403636939.3016665
Dropping frame 1403636939.4016666
Dropping frame 1403636939.5016665
Dropping frame 1403636939.6016665
Dropping frame 1403636939.7016666
Dropping frame 1403636939.8016665
Dropping frame 1403636939.9016666
Dropping frame 1403636940.0016665
Dropping frame 1403636940.1016665
Dropping frame 1403636940.3016665
Dropping frame 1403636940.4016666
Dropping frame 1403636940.6016665
Dropping frame 1403636940.7016666
Dropping frame 1403636940.8016665
Dropping frame 1403636940.9016666
Dropping frame 1403636941.1016665
Dropping frame 1403636941.2016666
Dropping frame 1403636941.3016665
Dropping frame 1403636941.5016665
Dropping frame 1403636941.6016665
Dropping frame 1403636941.7016666
Dropping frame 1403636941.8016665
Dropping frame 1403636942.0016665
Dropping frame 1403636942.1016665
Dropping frame 1403636942.2016666
Dropping frame 1403636942.3016665
Dropping frame 1403636942.5016665
Dropping frame 1403636942.7016666
Dropping frame 1403636942.8016665
Dropping frame 1403636942.9516664
Dropping frame 1403636943.0516665
Dropping frame 1403636943.1516664
Dropping frame 1403636943.3016665
Dropping frame 1403636943.4016666
Dropping frame 1403636943.6016665
Dropping frame 1403636943.7016666
Dropping frame 1403636943.9516664
Dropping frame 1403636944.0516665
Dropping frame 1403636944.1516664
Dropping frame 1403636944.3516665
Dropping frame 1403636944.5516665
Dropping frame 1403636944.6516664
Dropping frame 1403636944.7516665
Dropping frame 1403636944.9516664
Dropping frame 1403636945.1516664
Dropping frame 1403636945.2516665
Dropping frame 1403636945.3516665
Dropping frame 1403636945.5516665
Dropping frame 1403636945.7516665
Dropping frame 1403636945.8516665
Dropping frame 1403636945.9516664
Dropping frame 1403636946.1016665
Dropping frame 1403636946.2016666
Dropping frame 1403636946.3016665
Dropping frame 1403636946.4016666
Dropping frame 1403636946.5516665
Dropping frame 1403636946.8016665
Dropping frame 1403636947.0516665
Dropping frame 1403636947.2516665
Dropping frame 1403636947.5516665
Dropping frame 1403636947.8016665
Dropping frame 1403636947.9016666
Dropping frame 1403636948.1516664
Dropping frame 1403636948.4016666
Dropping frame 1403636948.5016665
Dropping frame 1403636948.6016665
Dropping frame 1403636948.7516665
Dropping frame 1403636949.0016665
Dropping frame 1403636949.1016665
Dropping frame 1403636949.2016666
Dropping frame 1403636949.5516665
Dropping frame 1403636949.6516664
Dropping frame 1403636949.7516665
Dropping frame 1403636950.0016665
Dropping frame 1403636950.1016665
Dropping frame 1403636950.3016665
Dropping frame 1403636950.4516664
Dropping frame 1403636950.8516665
Dropping frame 1403636950.9516664
Dropping frame 1403636951.0516665
Dropping frame 1403636951.1516664
Dropping frame 1403636951.2516665
Dropping frame 1403636951.4516664
Dropping frame 1403636951.5516665
Dropping frame 1403636951.7016666
Dropping frame 1403636951.9016666
Dropping frame 1403636952.0016665
Dropping frame 1403636952.1016665
Dropping frame 1403636952.2516665
Dropping frame 1403636952.4016666
Dropping frame 1403636952.5016665
Dropping frame 1403636952.6516664
Dropping frame 1403636952.7516665
Dropping frame 1403636952.9016666
Dropping frame 1403636953.1016665
Dropping frame 1403636953.2016666
Dropping frame 1403636953.3016665
Dropping frame 1403636953.4016666
Dropping frame 1403636953.5016665
Dropping frame 1403636953.6516664
Dropping frame 1403636953.7516665
Dropping frame 1403636953.9516664
Dropping frame 1403636954.0516665
Dropping frame 1403636954.1516664
Dropping frame 1403636954.3516665
Dropping frame 1403636954.4516664
Dropping frame 1403636954.5516665
Dropping frame 1403636954.6516664
Dropping frame 1403636954.8516665
Dropping frame 1403636954.9516664
Dropping frame 1403636955.4016666
Dropping frame 1403636955.5016665
Dropping frame 1403636955.6016665
Dropping frame 1403636955.7016666
Dropping frame 1403636955.8016665
Dropping frame 1403636956.0016665
Dropping frame 1403636956.1016665
Dropping frame 1403636956.2016666
Dropping frame 1403636956.4016666
Dropping frame 1403636956.5016665
Dropping frame 1403636956.7016666
Dropping frame 1403636956.8016665
Dropping frame 1403636956.9516664
Dropping frame 1403636957.1516664
Dropping frame 1403636957.2516665
Dropping frame 1403636957.3516665
Dropping frame 1403636957.5516665
Dropping frame 1403636957.7516665
Dropping frame 1403636957.8516665
Dropping frame 1403636957.9516664
Dropping frame 1403636958.0516665
Dropping frame 1403636958.1516664
Dropping frame 1403636958.2516665
Dropping frame 1403636958.3516665
Dropping frame 1403636958.4516664
Dropping frame 1403636958.5516665
Dropping frame 1403636958.7516665
Dropping frame 1403636958.9516664
Dropping frame 1403636959.0516665
Dropping frame 1403636959.1516664
Dropping frame 1403636959.4016666
Dropping frame 1403636959.5016665
Dropping frame 1403636959.6016665
Dropping frame 1403636959.7016666
Dropping frame 1403636959.8016665
Dropping frame 1403636960.0016665
Dropping frame 1403636960.1016665
Dropping frame 1403636960.2016666
Dropping frame 1403636960.3016665
Dropping frame 1403636960.5016665
Dropping frame 1403636960.6016665
Dropping frame 1403636960.7016666
Dropping frame 1403636960.8016665
Dropping frame 1403636961.0016665
Dropping frame 1403636961.1016665
Dropping frame 1403636961.3016665
Dropping frame 1403636961.4016666
Dropping frame 1403636961.5016665
Dropping frame 1403636961.7016666
Dropping frame 1403636961.8016665
Dropping frame 1403636961.9016666
Dropping frame 1403636962.0016665
Dropping frame 1403636962.1016665
Dropping frame 1403636962.2016666
Dropping frame 1403636962.3016665
Dropping frame 1403636962.4016666
Dropping frame 1403636962.6016665
Dropping frame 1403636962.7016666
Dropping frame 1403636962.9016666
Dropping frame 1403636963.0016665
Dropping frame 1403636963.1016665
Dropping frame 1403636963.3016665
Dropping frame 1403636963.4016666
Dropping frame 1403636963.5016665
Dropping frame 1403636963.7016666
Dropping frame 1403636963.8016665
Dropping frame 1403636963.9016666
Dropping frame 1403636964.0016665
Dropping frame 1403636964.1016665
Dropping frame 1403636964.2016666
Dropping frame 1403636964.3016665
Dropping frame 1403636964.4016666
Dropping frame 1403636964.5016665
Dropping frame 1403636964.6016665
Dropping frame 1403636964.7016666
Dropping frame 1403636964.9016666
Dropping frame 1403636965.0016665
Dropping frame 1403636965.1016665
Dropping frame 1403636965.3016665
Dropping frame 1403636965.4016666
Dropping frame 1403636965.5016665
Dropping frame 1403636965.7016666
Dropping frame 1403636965.9016666
Dropping frame 1403636966.0016665
Dropping frame 1403636966.2016666
Dropping frame 1403636966.3016665
Dropping frame 1403636966.4016666
Dropping frame 1403636966.6016665
Dropping frame 1403636966.9016666
Dropping frame 1403636967.0016665
Dropping frame 1403636967.1016665
Dropping frame 1403636967.3016665
Dropping frame 1403636967.5016665
Dropping frame 1403636967.6016665
Dropping frame 1403636967.7016666
Dropping frame 1403636967.8016665
Dropping frame 1403636967.9016666
Dropping frame 1403636968.0016665
Dropping frame 1403636968.1016665
Dropping frame 1403636968.2016666
Dropping frame 1403636968.3016665
Dropping frame 1403636968.4016666
Dropping frame 1403636968.5016665
Dropping frame 1403636968.6016665
Dropping frame 1403636968.7016666
Dropping frame 1403636968.8016665
Dropping frame 1403636968.9016666
Dropping frame 1403636969.0016665
Dropping frame 1403636969.1016665
Dropping frame 1403636969.2016666
Dropping frame 1403636969.3016665
Dropping frame 1403636969.4016666
Dropping frame 1403636969.5016665
Dropping frame 1403636969.6016665
Dropping frame 1403636969.8016665
Dropping frame 1403636969.9016666
Dropping frame 1403636970.0016665
Dropping frame 1403636970.2016666
Dropping frame 1403636970.3016665
Dropping frame 1403636970.4016666
Dropping frame 1403636970.6016665
Dropping frame 1403636970.8016665
Dropping frame 1403636970.9016666
Dropping frame 1403636971.0016665
Dropping frame 1403636971.2016666
Dropping frame 1403636971.3016665
Dropping frame 1403636971.4016666
Dropping frame 1403636971.5016665
Dropping frame 1403636971.7016666
Dropping frame 1403636971.8016665
Dropping frame 1403636971.9016666
Dropping frame 1403636972.1016665
Dropping frame 1403636972.3016665
Dropping frame 1403636972.4016666
Dropping frame 1403636972.5016665
Dropping frame 1403636972.7016666
Dropping frame 1403636972.8016665
Dropping frame 1403636972.9016666
Dropping frame 1403636973.1016665
Dropping frame 1403636973.2016666
Dropping frame 1403636973.4016666
Dropping frame 1403636973.5016665
Dropping frame 1403636973.6016665
Dropping frame 1403636973.7016666
Dropping frame 1403636973.8016665
Dropping frame 1403636973.9016666
Dropping frame 1403636974.0016665
Dropping frame 1403636974.1016665
Dropping frame 1403636974.2016666
Dropping frame 1403636974.3016665
Dropping frame 1403636974.5016665
Dropping frame 1403636974.6016665
Dropping frame 1403636974.8016665
Dropping frame 1403636974.9016666
Dropping frame 1403636975.0016665
Dropping frame 1403636975.2016666
Dropping frame 1403636975.3016665
Dropping frame 1403636975.4016666
Dropping frame 1403636975.6016665
Dropping frame 1403636975.7016666
Dropping frame 1403636975.8016665
Dropping frame 1403636976.0016665
Dropping frame 1403636976.2016666
Dropping frame 1403636976.4016666
Dropping frame 1403636976.5016665
Dropping frame 1403636976.6016665
Dropping frame 1403636976.8016665
Dropping frame 1403636976.9016666
Dropping frame 1403636977.0016665
Dropping frame 1403636977.2016666
Dropping frame 1403636977.4016666
Dropping frame 1403636977.6016665
Dropping frame 1403636977.8016665
Dropping frame 1403636977.9016666
Dropping frame 1403636978.0016665
Dropping frame 1403636978.2016666
Dropping frame 1403636978.3016665
Dropping frame 1403636978.4016666
Dropping frame 1403636978.6016665
Dropping frame 1403636978.8016665
Dropping frame 1403636979.0016665
Dropping frame 1403636979.2016666
Dropping frame 1403636979.3016665
Dropping frame 1403636979.4016666
Dropping frame 1403636979.6016665
Dropping frame 1403636979.8016665
Dropping frame 1403636980.0016665
Dropping frame 1403636980.2016666
Dropping frame 1403636980.3016665
Dropping frame 1403636980.4016666
Dropping frame 1403636980.6016665
Dropping frame 1403636980.7016666
Dropping frame 1403636980.9516664
Dropping frame 1403636981.1516664
Dropping frame 1403636981.3516665
Dropping frame 1403636981.4516664
Dropping frame 1403636981.6516664
Dropping frame 1403636982.1516664
Dropping frame 1403636982.2516665
Dropping frame 1403636982.3516665
Dropping frame 1403636982.4516664
Dropping frame 1403636982.6516664
Dropping frame 1403636982.8516665
Dropping frame 1403636983.0516665
Dropping frame 1403636983.2516665
Dropping frame 1403636983.4516664
Dropping frame 1403636983.6516664
Dropping frame 1403636983.8516665
Dropping frame 1403636984.1516664
Dropping frame 1403636984.3516665
Dropping frame 1403636984.5516665
Dropping frame 1403636984.7516665
Dropping frame 1403636984.9516664
Dropping frame 1403636985.1516664
Dropping frame 1403636985.3516665
Dropping frame 1403636985.5516665
Dropping frame 1403636985.7516665
Dropping frame 1403636985.8516665
Dropping frame 1403636985.9516664
Dropping frame 1403636986.0516665
Dropping frame 1403636986.2516665
Dropping frame 1403636986.4516664
Dropping frame 1403636986.6516664
Dropping frame 1403636986.8516665
Dropping frame 1403636986.9516664
Dropping frame 1403636987.0516665
Dropping frame 1403636987.2516665
Dropping frame 1403636987.4516664
Dropping frame 1403636987.6516664
Dropping frame 1403636987.8516665
Dropping frame 1403636988.0516665
Dropping frame 1403636988.1516664
Dropping frame 1403636988.2516665
Dropping frame 1403636988.4516664
Dropping frame 1403636988.6516664
Dropping frame 1403636989.0016665
Dropping frame 1403636989.1016665
Dropping frame 1403636989.2016666
Dropping frame 1403636989.4016666
Dropping frame 1403636989.6016665
Dropping frame 1403636990.0516665
Dropping frame 1403636990.1516664
Dropping frame 1403636990.2516665
Dropping frame 1403636990.4516664
Dropping frame 1403636991.0516665
Dropping frame 1403636991.2516665
Dropping frame 1403636991.5016665
Dropping frame 1403636991.6016665
Dropping frame 1403636991.8016665
Dropping frame 1403636992.0016665
Dropping frame 1403636992.2016666
Dropping frame 1403636992.3016665
Dropping frame 1403636992.4016666
Dropping frame 1403636992.6016665
Dropping frame 1403636992.8016665
Dropping frame 1403636993.0016665
Dropping frame 1403636993.2016666
Dropping frame 1403636993.3016665
Dropping frame 1403636993.4016666
Dropping frame 1403636993.6016665
Dropping frame 1403636993.7016666
Dropping frame 1403636993.8016665
Dropping frame 1403636994.0016665
Dropping frame 1403636994.2016666
Dropping frame 1403636994.4016666
Dropping frame 1403636994.5016665
Dropping frame 1403636994.6016665
Dropping frame 1403636994.8016665
Dropping frame 1403636995.0016665
Dropping frame 1403636995.2016666
Dropping frame 1403636995.3016665
Dropping frame 1403636995.4016666
Dropping frame 1403636995.6016665
Dropping frame 1403636995.8016665
Dropping frame 1403636996.0016665
Dropping frame 1403636996.2016666
Dropping frame 1403636996.4516664
Dropping frame 1403636996.6516664
Dropping frame 1403636996.8516665
Dropping frame 1403636996.9516664
Dropping frame 1403636997.2016666
Dropping frame 1403636997.4016666
Dropping frame 1403636997.6016665
Dropping frame 1403636997.7016666
Dropping frame 1403636997.8016665
Dropping frame 1403636998.0016665
Dropping frame 1403636998.2016666
Dropping frame 1403636998.4016666
Dropping frame 1403636998.6016665
Dropping frame 1403636998.8016665
Dropping frame 1403636999.0016665
Dropping frame 1403636999.2016666
Dropping frame 1403636999.3016665
Dropping frame 1403636999.4016666
Dropping frame 1403636999.6016665
Dropping frame 1403636999.8016665
Dropping frame 1403637000.0016665
Dropping frame 1403637000.2016666
Dropping frame 1403637000.3016665
Dropping frame 1403637000.5516665
Dropping frame 1403637000.7516665
Dropping frame 1403637000.9516664
Dropping frame 1403637001.0516665
Dropping frame 1403637001.1516664
Dropping frame 1403637001.3516665
Dropping frame 1403637001.5516665
Dropping frame 1403637001.7516665
Dropping frame 1403637001.9516664
Dropping frame 1403637002.1516664
Dropping frame 1403637002.3516665
Dropping frame 1403637002.5516665
Dropping frame 1403637002.7516665
Dropping frame 1403637002.9516664
Dropping frame 1403637003.0516665
Dropping frame 1403637003.1516664
Dropping frame 1403637003.3516665
Dropping frame 1403637003.5516665
Dropping frame 1403637003.6516664
Dropping frame 1403637003.9016666
Dropping frame 1403637004.1016665
Dropping frame 1403637004.3016665
Dropping frame 1403637004.5016665
Dropping frame 1403637004.6016665
Dropping frame 1403637004.8516665
Dropping frame 1403637005.0516665
Dropping frame 1403637005.2516665
Dropping frame 1403637005.3516665
Dropping frame 1403637005.6016665
Dropping frame 1403637005.8016665
Dropping frame 1403637006.0016665
Dropping frame 1403637006.2016666
Dropping frame 1403637006.3016665
Dropping frame 1403637006.4016666
Dropping frame 1403637006.6016665
Dropping frame 1403637006.8016665
Dropping frame 1403637007.0016665
Dropping frame 1403637007.2016666
Dropping frame 1403637007.3016665
Dropping frame 1403637007.5516665
Dropping frame 1403637007.6516664
Dropping frame 1403637007.7516665
Dropping frame 1403637007.9516664
Dropping frame 1403637008.1516664
Dropping frame 1403637008.2516665
Dropping frame 1403637008.4516664
Dropping frame 1403637008.6516664
Dropping frame 1403637009.0516665
Dropping frame 1403637009.5016665
Dropping frame 1403637009.7016666
Dropping frame 1403637009.8016665
Dropping frame 1403637010.1016665
Dropping frame 1403637010.4516664
Dropping frame 1403637010.5516665
Shutdown
SLAM Finished at System Time: 1740793260.96595

 TIME STATS in ms (mean$\pm$std)
OpenCV version: 4.8.1
---------------------------
Tracking

ORB Extraction: 22.693$\pm$2.2612
Stereo Matching: 7.4521$\pm$2.0957
IMU Preintegration: 0.24553$\pm$0.094305
Pose Prediction: 0.22096$\pm$0.6208
LM Track: 19.638$\pm$5.42
New KF decision: 0.352$\pm$0.36651
Total Tracking: 30.752$\pm$28.132



Local Mapping

KF Insertion: 16.631$\pm$5.4207
MP Culling: 0.54974$\pm$0.2247
MP Creation: 46.949$\pm$15.097
LBA: 146.9$\pm$57.541
KF Culling: 15.462$\pm$10.253
Total Local Mapping: 226.47$\pm$79.873
---------------------------

LBA complexity (mean$\pm$std)
LBA Edges: 1658.1$\pm$552.42
LBA KF optimized: 6.5$\pm$2.2913
LBA KF fixed: 1$\pm$0
LBA MP: nan$\pm$nan

LBA executions: 477
LBA aborts: 0
---------------------------

Map complexity
KFs in map: 122
MPs in map: 8781
---------------------------

Place Recognition (mean$\pm$std)
Database Query: 1.4395$\pm$0.74494
SE3 estimation: 9.6949$\pm$15.397
Total Place Recognition: 9.9012$\pm$15.287


Loop Closing (mean$\pm$std)
Loop Fusion: nan$\pm$nan
Essential Graph: nan$\pm$nan
Total Loop Closing: nan$\pm$nan

Num exec: 0
Number of KFs: nan$\pm$nan

Map Merging (mean$\pm$std)
Merge Maps: nan$\pm$nan
Welding BA: nan$\pm$nan
Optimization Ess.: nan$\pm$nan
Total Map Merging: nan$\pm$nan

Num exec: 0
Number of KFs: nan$\pm$nan
Number of MPs: nan$\pm$nan

Full GBA (mean$\pm$std)
GBA: nan$\pm$nan
Map Update: nan$\pm$nan
Total Full GBA: nan$\pm$nan

Num exec: 0
Num abort: 0
Number of KFs: nan$\pm$nan
Number of MPs: nan$\pm$nan

Saving trajectory to f_dataset-MH02_stereo_imu.txt ...
There are 1 maps in the atlas
  Map 0 has 122 KFs

End of saving trajectory to f_dataset-MH02_stereo_imu.txt ...

Saving keyframe trajectory to kf_dataset-MH02_stereo_imu.txt ...
