num_seq = 1
file name: dataset-V203_stereo_imu
Loading images for sequence 0...LOADED!
Loading IMU for sequence 0...LOADED!

-------

ORB-SLAM3 Copyright (C) 2017-2020 Carlos Campos, Richard Elvira, Juan J. Gómez, José M.M. Montiel and Juan D. Tardós, University of Zaragoza.
ORB-SLAM2 Copyright (C) 2014-2016 Raúl Mur-Artal, José M.M. Montiel and Juan D. Tardós, University of Zaragoza.
This program comes with ABSOLUTELY NO WARRANTY;
This is free software, and you are welcome to redistribute it
under certain conditions. See LICENSE.txt.

Built with REGISTER_TIMES
Git Commit Hash: 33f00b6

Build Type: Release

Compiled with C++ version: 201703

Input sensor was set to: Stereo-Inertial
Loading settings from EuRoC_fov_deadlines_mask_7x7.yaml
	-Loaded camera 1
	-Loaded camera 2
	-Loaded image info
	-Loaded IMU calibration
	-Loaded ORB settings
	-Loaded viewer settings
	-Loaded Atlas settings
Deadlines enabled, will skip frames!
FOV enabled
Static mask size: 7x7
Dumping map points enabled
	-Loaded misc parameters
	-Computed rectification maps
----------------------------------
SLAM settings: 
	-Camera 1 parameters (Pinhole): [ 458.65399169921875 457.29598999023438 367.21499633789062 248.375 ]
	-Camera 1 distortion parameters: [  -0.28340810537338257 0.073959067463874817 0.00019359000725671649 1.7618711353861727e-05 ]
	-Camera 2 parameters (Pinhole: [ 457.58700561523438 456.13400268554688 379.99899291992188 255.23800659179688 ]
	-Camera 1 distortion parameters: [  -0.2836836576461792 0.074512839317321777 -0.00010473000293131918 -3.555907096597366e-05 ]
	-Original image size: [ 752 , 480 ]
	-Current image size: [ 752 , 480 ]
	-Camera 1 parameters after rectification: [  456.71499633789062 456.71499633789062 364.52615356445312 257.268798828125 ]
	-Sequence FPS: 20
	-Stereo baseline: 0.11007784307003021
	-Stereo depth threshold : 60
	-Gyro noise: 0.00016999999934341758
	-Accelerometer noise: 0.0020000000949949026
	-Gyro walk: 1.9392999092815444e-05
	-Accelerometer walk: 0.0030000000260770321
	-IMU frequency: 200
	-Features per image: 1200
	-ORB scale factor: 1.2000000476837158
	-ORB number of scales: 8
	-Initial FAST threshold: 20
	-Min FAST threshold: 7


Loading ORB Vocabulary. This could take a while...
Vocabulary loaded!

Initialization of Atlas from scratch 
Creation of new map with id: 0
Creation of new map with last KF id: 0
Seq. Name: 
There are 1 cameras in the atlas
Camera 0 is pinhole
SLAM Started at System Time: 1746874808.52371
not IMU meas
not IMU meas
not enough acceleration
not enough acceleration
not enough acceleration
not enough acceleration
not enough acceleration
not enough acceleration
not enough acceleration
not enough acceleration
not enough acceleration
not enough acceleration
not enough acceleration
not enough acceleration
not enough acceleration
not enough acceleration
not enough acceleration
not enough acceleration
not enough acceleration
not enough acceleration
not enough acceleration
not enough acceleration
not enough acceleration
not enough acceleration
not enough acceleration
not enough acceleration
not enough acceleration
not enough acceleration
not enough acceleration
not enough acceleration
not enough acceleration
not enough acceleration
not enough acceleration
not enough acceleration
not enough acceleration
not enough acceleration
not enough acceleration
not enough acceleration
not enough acceleration
not enough acceleration
not enough acceleration
not enough acceleration
not enough acceleration
not enough acceleration
not enough acceleration
not enough acceleration
not enough acceleration
not enough acceleration
not enough acceleration
not enough acceleration
not enough acceleration
not enough acceleration
not enough acceleration
not enough acceleration
not enough acceleration
not enough acceleration
not enough acceleration
not enough acceleration
not enough acceleration
not enough acceleration
not enough acceleration
not enough acceleration
not enough acceleration
not enough acceleration
not enough acceleration
not enough acceleration
not enough acceleration
not enough acceleration
not enough acceleration
not enough acceleration
not enough acceleration
not enough acceleration
not enough acceleration
not enough acceleration
not enough acceleration
not enough acceleration
not enough acceleration
not enough acceleration
not enough acceleration
not enough acceleration
not enough acceleration
not enough acceleration
not enough acceleration
not enough acceleration
not enough acceleration
not enough acceleration
not enough acceleration
not enough acceleration
not enough acceleration
not enough acceleration
not enough acceleration
not enough acceleration
not enough acceleration
not enough acceleration
not enough acceleration
not enough acceleration
not enough acceleration
not enough acceleration
not enough acceleration
not enough acceleration
not enough acceleration
not enough acceleration
not enough acceleration
not enough acceleration
not enough acceleration
not enough acceleration
not enough acceleration
not enough acceleration
not enough acceleration
First KF:0; Map init KF:0
New Map created with 444 points
Active map: 0
Dropping frame 1413394887.1557603
Dropping frame 1413394888.0557604
Dropping frame 1413394888.4557605
Dropping frame 1413394888.8557603
start VIBA 1
end VIBA 1
Dropping frame 1413394893.3057606
Dropping frame 1413394893.9057605
Dropping frame 1413394895.9557605
Dropping frame 1413394896.5057604
Dropping frame 1413394896.8557603
Dropping frame 1413394897.1057606
Dropping frame 1413394897.3557603
Dropping frame 1413394897.6557603
Dropping frame 1413394897.7557604
Dropping frame 1413394897.8557603
Dropping frame 1413394898.1057606
Dropping frame 1413394898.2557604
Dropping frame 1413394898.5057604
Dropping frame 1413394898.6057606
Dropping frame 1413394898.9057605
Dropping frame 1413394899.6057606
Dropping frame 1413394902.1557603
start VIBA 2
Dropping frame 1413394902.5057604
end VIBA 2
Dropping frame 1413394902.9557605
Dropping frame 1413394903.9557605
Dropping frame 1413394905.9057605
Dropping frame 1413394906.5057604
Dropping frame 1413394906.9557605
Dropping frame 1413394907.0557604
Dropping frame 1413394907.3057606
Dropping frame 1413394907.4057605
Dropping frame 1413394907.8057606
Dropping frame 1413394910.1057606
Dropping frame 1413394910.4557605
Dropping frame 1413394910.7557604
Dropping frame 1413394911.1557603
Dropping frame 1413394911.4057605
Dropping frame 1413394911.5057604
Dropping frame 1413394911.9057605
Dropping frame 1413394912.5557604
Dropping frame 1413394912.8057606
Dropping frame 1413394914.0057604
Dropping frame 1413394915.0557604
Dropping frame 1413394915.4057605
Dropping frame 1413394925.4557605
Dropping frame 1413394925.6057606
Dropping frame 1413394925.7557604
Dropping frame 1413394925.9057605
*Loop detected
phi = -0.0060126866312440515  -0.017851499167579731   0.011018637340173144
BAD LOOP!!!
*Loop detected
phi = -0.025093032672353088 0.0086917002872549682  0.040441971156635219
BAD LOOP!!!
*Loop detected
phi = -0.088331940422377631 0.0097036707791937037   0.08988718177531467
BAD LOOP!!!
Fail to track local map!
Fail to track local map!
Fail to track local map!
Fail to track local map!
Dropping frame 1413394942.4557605
Dropping frame 1413394942.7557604
Dropping frame 1413394942.9557605
Dropping frame 1413394943.1557603
*Loop detected
phi = 0.0063158155151450558 0.0016711997182133459 -0.076631944047032233
Local Mapping STOP
Local Mapping RELEASE
Dropping frame 1413394943.7057605
Local Mapping STOP
Local Mapping RELEASE
Dropping frame 1413394944.7057605
Dropping frame 1413394945.1057606
Dropping frame 1413394945.6557603
Dropping frame 1413394945.7557604
Dropping frame 1413394945.9057605
Dropping frame 1413394946.0057604
Fail to track local map!
Fail to track local map!
Fail to track local map!
Fail to track local map!
Dropping frame 1413394956.7057605
Dropping frame 1413394956.8057606
Dropping frame 1413394957.0057604
*Loop detected
phi = -0.0025627019732966587   0.011453661234085675   0.075426038277004254
BAD LOOP!!!
Dropping frame 1413394957.3057606
*Loop detected
phi = -0.019324519316100349  0.010239074614038959  0.074148984392541167
BAD LOOP!!!
Dropping frame 1413394958.2057605
Dropping frame 1413394958.9057605
Dropping frame 1413394959.0057604
Dropping frame 1413394959.1057606
Dropping frame 1413394959.2557604
Dropping frame 1413394959.7557604
Dropping frame 1413394959.9057605
Dropping frame 1413394963.2057605
Dropping frame 1413394963.4557605
Dropping frame 1413394966.0557604
Dropping frame 1413394966.3057606
Dropping frame 1413394966.9057605
Dropping frame 1413394967.0057604
Dropping frame 1413394967.2057605
Dropping frame 1413394967.9057605
Dropping frame 1413394973.9057605
Dropping frame 1413394974.3557603
Dropping frame 1413394974.8057606
Dropping frame 1413394975.0557604
Dropping frame 1413394975.8057606
Dropping frame 1413394976.5057604
Dropping frame 1413394976.8557603
Dropping frame 1413394977.1557603
Dropping frame 1413394978.2557604
Dropping frame 1413394978.3557603
Dropping frame 1413394978.6057606
*Loop detected
phi = 0.0099396661545690934  0.012431745363580665  0.091789601982770919
BAD LOOP!!!
Dropping frame 1413394979.1557603
Dropping frame 1413394979.2557604
Dropping frame 1413394979.3557603
Dropping frame 1413394979.8557603
Dropping frame 1413394980.6557603
Dropping frame 1413394980.8057606
Dropping frame 1413394980.9057605
Dropping frame 1413394981.0057604
Dropping frame 1413394981.1557603
Dropping frame 1413394981.2557604
Dropping frame 1413394981.3557603
Dropping frame 1413394981.6057606
Dropping frame 1413394981.7557604
Dropping frame 1413394981.8557603
Dropping frame 1413394982.0057604
Dropping frame 1413394982.1557603
Dropping frame 1413394982.2557604
Dropping frame 1413394982.3557603
Fail to track local map!
Fail to track local map!
Fail to track local map!
Fail to track local map!
Fail to track local map!
Dropping frame 1413394990.2557604
Dropping frame 1413394990.4057605
Dropping frame 1413394990.7057605
Dropping frame 1413394991.0557604
Dropping frame 1413394991.2057605
Dropping frame 1413394991.6057606
Dropping frame 1413394992.0557604
Dropping frame 1413394992.4057605
Shutdown
SLAM Finished at System Time: 1746874942.11088

 TIME STATS in ms (mean$\pm$std)
OpenCV version: 4.8.1
---------------------------
Tracking

ORB Extraction: 13.96$\pm$2.0377
Stereo Matching: 7.171$\pm$2.6955
IMU Preintegration: 0.1988$\pm$0.074293
Pose Prediction: 0.26427$\pm$1.037
LM Track: 13.924$\pm$3.9317
New KF decision: 1.9501$\pm$2.8595
Total Tracking: 36.468$\pm$14.901



Local Mapping

KF Insertion: 9.4146$\pm$3.5105
MP Culling: 0.49173$\pm$0.24507
MP Creation: 36.38$\pm$15.481
LBA: 81.396$\pm$33.345
KF Culling: 6.9488$\pm$6.5312
Total Local Mapping: 134.78$\pm$47.335
---------------------------

LBA complexity (mean$\pm$std)
LBA Edges: 2883.5$\pm$808.62
LBA KF optimized: 6.5$\pm$2.2913
LBA KF fixed: 1$\pm$0
LBA MP: nan$\pm$nan

LBA executions: 602
LBA aborts: 1
---------------------------

Map complexity
KFs in map: 265
MPs in map: 12321
---------------------------

Place Recognition (mean$\pm$std)
Database Query: 1.4343$\pm$0.93905
SE3 estimation: 12.147$\pm$10.853
Total Place Recognition: 11.979$\pm$11.472


Loop Closing (mean$\pm$std)
Loop Fusion: 96.997$\pm$0
Essential Graph: 76.993$\pm$0
Total Loop Closing: 193.86$\pm$0

Num exec: 1
Number of KFs: nan$\pm$nan

Map Merging (mean$\pm$std)
Merge Maps: nan$\pm$nan
Welding BA: nan$\pm$nan
Optimization Ess.: nan$\pm$nan
Total Map Merging: nan$\pm$nan

Num exec: 0
Number of KFs: nan$\pm$nan
Number of MPs: nan$\pm$nan

Full GBA (mean$\pm$std)
GBA: 811.68$\pm$0
Map Update: 122.63$\pm$0
Total Full GBA: 934.31$\pm$0

Num exec: 1
Num abort: 0
Number of KFs: 161$\pm$0
Number of MPs: 9982$\pm$0

Saving trajectory to f_dataset-V203_stereo_imu.txt ...
There are 1 maps in the atlas
  Map 0 has 265 KFs

End of saving trajectory to f_dataset-V203_stereo_imu.txt ...

Saving keyframe trajectory to kf_dataset-V203_stereo_imu.txt ...
