num_seq = 1
file name: dataset-MH03_stereo_imu
Loading images for sequence 0...LOADED!
Loading IMU for sequence 0...LOADED!

-------

ORB-SLAM3 Copyright (C) 2017-2020 Carlos Campos, Richard Elvira, Juan J. Gómez, José M.M. Montiel and Juan D. Tardós, University of Zaragoza.
ORB-SLAM2 Copyright (C) 2014-2016 Raúl Mur-Artal, José M.M. Montiel and Juan D. Tardós, University of Zaragoza.
This program comes with ABSOLUTELY NO WARRANTY;
This is free software, and you are welcome to redistribute it
under certain conditions. See LICENSE.txt.

Built with REGISTER_TIMES
Git Commit Hash: 2d47524

Build Type: Release

Compiled with C++ version: 201703

Input sensor was set to: Stereo-Inertial
Loading settings from EuRoC_fov_deadlines_mask_14x14.yaml
	-Loaded camera 1
	-Loaded camera 2
	-Loaded image info
	-Loaded IMU calibration
	-Loaded ORB settings
	-Loaded viewer settings
	-Loaded Atlas settings
Deadlines enabled, will skip frames!
FOV enabled
Static mask size: 14x14
Dumping map points enabled
	-Loaded misc parameters
	-Computed rectification maps
----------------------------------
SLAM settings: 
	-Camera 1 parameters (Pinhole): [ 458.65399169921875 457.29598999023438 367.21499633789062 248.375 ]
	-Camera 1 distortion parameters: [  -0.28340810537338257 0.073959067463874817 0.00019359000725671649 1.7618711353861727e-05 ]
	-Camera 2 parameters (Pinhole: [ 457.58700561523438 456.13400268554688 379.99899291992188 255.23800659179688 ]
	-Camera 1 distortion parameters: [  -0.2836836576461792 0.074512839317321777 -0.00010473000293131918 -3.555907096597366e-05 ]
	-Original image size: [ 752 , 480 ]
	-Current image size: [ 752 , 480 ]
	-Camera 1 parameters after rectification: [  456.71499633789062 456.71499633789062 364.52615356445312 257.268798828125 ]
	-Sequence FPS: 20
	-Stereo baseline: 0.11007784307003021
	-Stereo depth threshold : 60
	-Gyro noise: 0.00016999999934341758
	-Accelerometer noise: 0.0020000000949949026
	-Gyro walk: 1.9392999092815444e-05
	-Accelerometer walk: 0.0030000000260770321
	-IMU frequency: 200
	-Features per image: 1200
	-ORB scale factor: 1.2000000476837158
	-ORB number of scales: 8
	-Initial FAST threshold: 20
	-Min FAST threshold: 7


Loading ORB Vocabulary. This could take a while...
Vocabulary loaded!

Initialization of Atlas from scratch 
Creation of new map with id: 0
Creation of new map with last KF id: 0
Seq. Name: 
There are 1 cameras in the atlas
Camera 0 is pinhole
SLAM Started at System Time: 1742827406.60601
not IMU meas
not IMU meas
not enough acceleration
not enough acceleration
First KF:0; Map init KF:0
New Map created with 245 points
Active map: 0
Dropping frame 1403637130.8383191
Not enough motion for initializing. Reseting...
TRACK: Reset map because local mapper set the bad imu flag 
LM: Reseting current map in Local Mapping...
LM: End reseting Local Mapping...
LM: Reset free the mutex
LM: Active map reset recieved
LM: Active map reset, waiting...
LM: Reseting current map in Local Mapping...
LM: End reseting Local Mapping...
LM: Reset free the mutex
LM: Active map reset, Done!!!
mnFirstFrameId = 4
mnInitialFrameId = 0
52 Frames set to lost
not IMU meas
First KF:11; Map init KF:0
New Map created with 261 points
Active map: 0
Dropping frame 1403637133.5883191
Dropping frame 1403637133.7383192
Dropping frame 1403637134.388319
Dropping frame 1403637134.5383191
Dropping frame 1403637134.7883189
Dropping frame 1403637134.9883189
Dropping frame 1403637135.0883191
Dropping frame 1403637135.2883189
Dropping frame 1403637135.388319
Dropping frame 1403637135.5383191
Dropping frame 1403637135.7383192
Dropping frame 1403637136.0383191
Dropping frame 1403637136.638319
Dropping frame 1403637136.7383192
Dropping frame 1403637136.9883189
Dropping frame 1403637137.2383192
Dropping frame 1403637137.3383191
Dropping frame 1403637137.5383191
Dropping frame 1403637137.7383192
Dropping frame 1403637137.9883189
Dropping frame 1403637138.688319
start VIBA 1
Dropping frame 1403637138.8383191
end VIBA 1
Dropping frame 1403637139.0883191
Dropping frame 1403637139.2383192
Dropping frame 1403637139.5883191
Dropping frame 1403637139.688319
Dropping frame 1403637139.7883189
Dropping frame 1403637139.9883189
Dropping frame 1403637140.0883191
Not enough motion for initializing. Reseting...
TRACK: Reset map because local mapper set the bad imu flag 
LM: Active map reset recieved
LM: Active map reset, waiting...
LM: Reseting current map in Local Mapping...
LM: End reseting Local Mapping...
LM: Reset free the mutex
LM: Active map reset, Done!!!
mnFirstFrameId = 58
mnInitialFrameId = 56
156 Frames set to lost
not IMU meas
First KF:39; Map init KF:11
New Map created with 289 points
Active map: 0
Dropping frame 1403637140.3383191
Dropping frame 1403637140.688319
Dropping frame 1403637140.888319
Dropping frame 1403637141.0383191
Dropping frame 1403637141.188319
Dropping frame 1403637141.3383191
Dropping frame 1403637141.4883189
Dropping frame 1403637141.5883191
Dropping frame 1403637142.0383191
Dropping frame 1403637142.138319
Dropping frame 1403637142.388319
Dropping frame 1403637142.638319
Not enough motion for initializing. Reseting...
TRACK: Reset map because local mapper set the bad imu flag 
LM: Reseting current map in Local Mapping...
LM: End reseting Local Mapping...
LM: Reset free the mutex
LM: Active map reset recieved
LM: Active map reset, waiting...
LM: Reseting current map in Local Mapping...
LM: End reseting Local Mapping...
LM: Reset free the mutex
LM: Active map reset, Done!!!
mnFirstFrameId = 164
mnInitialFrameId = 162
205 Frames set to lost
not IMU meas
Dropping frame 1403637143.388319
not enough acceleration
not enough acceleration
not enough acceleration
not enough acceleration
not enough acceleration
Dropping frame 1403637143.688319
not enough acceleration
not enough acceleration
not enough acceleration
not enough acceleration
Dropping frame 1403637143.9383192
not enough acceleration
not enough acceleration
Dropping frame 1403637144.0883191
not enough acceleration
not enough acceleration
not enough acceleration
not enough acceleration
not enough acceleration
not enough acceleration
not enough acceleration
not enough acceleration
not enough acceleration
not enough acceleration
First KF:50; Map init KF:39
New Map created with 297 points
Active map: 0
Dropping frame 1403637146.0383191
Dropping frame 1403637146.5883191
Not enough motion for initializing. Reseting...
TRACK: Reset map because local mapper set the bad imu flag 
LM: Reseting current map in Local Mapping...
LM: End reseting Local Mapping...
LM: Reset free the mutex
LM: Active map reset recieved
LM: Active map reset, waiting...
LM: Reseting current map in Local Mapping...
LM: End reseting Local Mapping...
LM: Reset free the mutex
LM: Active map reset, Done!!!
mnFirstFrameId = 236
mnInitialFrameId = 213
259 Frames set to lost
not IMU meas
not enough acceleration
not enough acceleration
not enough acceleration
not enough acceleration
not enough acceleration
not enough acceleration
not enough acceleration
Dropping frame 1403637147.888319
not enough acceleration
not enough acceleration
not enough acceleration
not enough acceleration
not enough acceleration
not enough acceleration
not enough acceleration
not enough acceleration
not enough acceleration
not enough acceleration
not enough acceleration
not enough acceleration
not enough acceleration
not enough acceleration
not enough acceleration
not enough acceleration
not enough acceleration
not enough acceleration
not enough acceleration
not enough acceleration
not enough acceleration
not enough acceleration
not enough acceleration
not enough acceleration
not enough acceleration
not enough acceleration
not enough acceleration
not enough acceleration
not enough acceleration
not enough acceleration
not enough acceleration
Dropping frame 1403637149.4883189
not enough acceleration
First KF:61; Map init KF:50
New Map created with 255 points
Active map: 0
Dropping frame 1403637149.688319
Dropping frame 1403637150.0883191
Dropping frame 1403637150.188319
Dropping frame 1403637154.8383191
start VIBA 1
end VIBA 1
Dropping frame 1403637155.7883189
Dropping frame 1403637156.0383191
Dropping frame 1403637156.2383192
Dropping frame 1403637156.4383192
Dropping frame 1403637156.7383192
Dropping frame 1403637157.0383191
Dropping frame 1403637157.138319
Dropping frame 1403637157.2883189
Dropping frame 1403637157.4383192
Dropping frame 1403637157.5383191
Dropping frame 1403637157.688319
Dropping frame 1403637157.7883189
Dropping frame 1403637157.888319
Dropping frame 1403637158.138319
Dropping frame 1403637158.2383192
Dropping frame 1403637158.3383191
Dropping frame 1403637158.4383192
Dropping frame 1403637158.5383191
Dropping frame 1403637158.688319
Dropping frame 1403637158.8383191
Dropping frame 1403637158.9383192
Dropping frame 1403637159.0383191
Dropping frame 1403637159.138319
Dropping frame 1403637159.2383192
Dropping frame 1403637159.3383191
Dropping frame 1403637159.4383192
Dropping frame 1403637159.5883191
Dropping frame 1403637159.688319
Dropping frame 1403637159.7883189
Dropping frame 1403637159.888319
Dropping frame 1403637159.9883189
Dropping frame 1403637160.0883191
Dropping frame 1403637160.188319
Dropping frame 1403637160.3383191
Dropping frame 1403637160.4383192
Dropping frame 1403637160.5383191
Dropping frame 1403637160.638319
Dropping frame 1403637160.7383192
Dropping frame 1403637160.8383191
Dropping frame 1403637160.9383192
Dropping frame 1403637161.0383191
Dropping frame 1403637161.138319
Dropping frame 1403637161.2383192
Dropping frame 1403637161.3383191
Dropping frame 1403637161.4383192
Dropping frame 1403637161.5383191
Dropping frame 1403637161.638319
Dropping frame 1403637161.7383192
Dropping frame 1403637161.8383191
Dropping frame 1403637161.9383192
Dropping frame 1403637162.0383191
Dropping frame 1403637162.138319
Dropping frame 1403637162.2383192
Dropping frame 1403637162.3383191
Dropping frame 1403637162.4383192
Dropping frame 1403637162.5383191
Dropping frame 1403637162.638319
Dropping frame 1403637162.7383192
Dropping frame 1403637162.888319
Dropping frame 1403637162.9883189
Dropping frame 1403637163.138319
Dropping frame 1403637163.2383192
Dropping frame 1403637163.4383192
Dropping frame 1403637163.5383191
Dropping frame 1403637163.638319
Dropping frame 1403637163.7383192
Dropping frame 1403637163.8383191
Dropping frame 1403637163.9383192
Dropping frame 1403637164.0883191
Dropping frame 1403637164.188319
Dropping frame 1403637164.2883189
Dropping frame 1403637164.388319
Dropping frame 1403637164.4883189
Dropping frame 1403637164.5883191
Dropping frame 1403637164.688319
Dropping frame 1403637164.7883189
Dropping frame 1403637164.888319
start VIBA 2
Dropping frame 1403637164.9883189
end VIBA 2
Dropping frame 1403637165.2383192
Dropping frame 1403637165.3383191
Dropping frame 1403637165.4383192
Dropping frame 1403637165.5383191
Dropping frame 1403637165.7383192
Dropping frame 1403637165.8383191
Dropping frame 1403637165.9383192
Dropping frame 1403637166.138319
Dropping frame 1403637166.2383192
Dropping frame 1403637166.3383191
Dropping frame 1403637166.5383191
Dropping frame 1403637166.638319
Dropping frame 1403637166.7383192
Dropping frame 1403637166.8383191
Dropping frame 1403637167.0883191
Dropping frame 1403637167.188319
Dropping frame 1403637167.3383191
Dropping frame 1403637167.4383192
Dropping frame 1403637167.638319
Dropping frame 1403637167.8383191
Dropping frame 1403637167.9383192
Dropping frame 1403637168.138319
Dropping frame 1403637168.2383192
Dropping frame 1403637168.4383192
Dropping frame 1403637168.638319
Dropping frame 1403637168.7383192
Dropping frame 1403637168.9383192
Dropping frame 1403637169.138319
Dropping frame 1403637169.3383191
Dropping frame 1403637169.4383192
Dropping frame 1403637169.5883191
Dropping frame 1403637169.7883189
Dropping frame 1403637169.9883189
Dropping frame 1403637170.188319
Dropping frame 1403637170.388319
Dropping frame 1403637170.5883191
Dropping frame 1403637170.688319
Dropping frame 1403637170.888319
Dropping frame 1403637170.9883189
Dropping frame 1403637171.188319
Dropping frame 1403637171.388319
Dropping frame 1403637172.0383191
Dropping frame 1403637172.2383192
Dropping frame 1403637172.4883189
Dropping frame 1403637172.688319
Dropping frame 1403637172.888319
Dropping frame 1403637173.0883191
Dropping frame 1403637173.2883189
Dropping frame 1403637173.4883189
Dropping frame 1403637173.688319
Dropping frame 1403637173.9383192
Dropping frame 1403637174.138319
Dropping frame 1403637174.3383191
Dropping frame 1403637174.5383191
Dropping frame 1403637174.7383192
Dropping frame 1403637174.9383192
Dropping frame 1403637175.138319
Dropping frame 1403637175.3383191
Dropping frame 1403637175.5383191
Dropping frame 1403637175.7383192
Dropping frame 1403637175.9383192
Dropping frame 1403637176.138319
Dropping frame 1403637176.3383191
Dropping frame 1403637176.5383191
Dropping frame 1403637176.7383192
Dropping frame 1403637176.9383192
Dropping frame 1403637177.138319
Dropping frame 1403637177.3383191
Dropping frame 1403637177.5383191
Dropping frame 1403637177.7383192
Dropping frame 1403637177.9383192
Dropping frame 1403637178.138319
Dropping frame 1403637178.3383191
Dropping frame 1403637178.5383191
Dropping frame 1403637178.7383192
Dropping frame 1403637178.8383191
Dropping frame 1403637179.0383191
Dropping frame 1403637179.2383192
Dropping frame 1403637179.3383191
Dropping frame 1403637179.5383191
Dropping frame 1403637179.7383192
Dropping frame 1403637179.8383191
Dropping frame 1403637180.0883191
Dropping frame 1403637180.4383192
Dropping frame 1403637180.638319
Dropping frame 1403637180.8383191
Dropping frame 1403637181.0383191
Dropping frame 1403637181.138319
Dropping frame 1403637181.3383191
Dropping frame 1403637181.5383191
Dropping frame 1403637181.7383192
Dropping frame 1403637181.9383192
Dropping frame 1403637182.138319
Dropping frame 1403637182.3383191
Dropping frame 1403637182.5383191
Dropping frame 1403637182.7383192
Dropping frame 1403637183.388319
Dropping frame 1403637183.7383192
Dropping frame 1403637183.9383192
Dropping frame 1403637184.0883191
Dropping frame 1403637184.2883189
Dropping frame 1403637184.4883189
Dropping frame 1403637184.688319
Dropping frame 1403637184.8383191
Dropping frame 1403637185.188319
Dropping frame 1403637185.4883189
Dropping frame 1403637185.688319
Dropping frame 1403637185.888319
Dropping frame 1403637186.0883191
Dropping frame 1403637186.2883189
Dropping frame 1403637186.388319
Dropping frame 1403637186.688319
Dropping frame 1403637186.888319
Dropping frame 1403637186.9883189
Dropping frame 1403637187.188319
Dropping frame 1403637187.388319
Dropping frame 1403637187.4883189
Dropping frame 1403637187.7383192
Dropping frame 1403637187.8383191
Dropping frame 1403637188.0883191
Dropping frame 1403637188.2883189
Dropping frame 1403637188.388319
Dropping frame 1403637188.4883189
Dropping frame 1403637188.688319
Dropping frame 1403637188.888319
Dropping frame 1403637188.9883189
Dropping frame 1403637189.0883191
Dropping frame 1403637189.2883189
Dropping frame 1403637189.388319
Dropping frame 1403637189.638319
Dropping frame 1403637189.8383191
Dropping frame 1403637189.9383192
Dropping frame 1403637190.0383191
Dropping frame 1403637190.2383192
Dropping frame 1403637190.3383191
Dropping frame 1403637190.4383192
Dropping frame 1403637190.638319
Dropping frame 1403637190.7883189
Dropping frame 1403637190.9883189
Dropping frame 1403637191.188319
Dropping frame 1403637191.2883189
Dropping frame 1403637191.4883189
Dropping frame 1403637191.5883191
Dropping frame 1403637191.688319
Dropping frame 1403637191.888319
Dropping frame 1403637191.9883189
Dropping frame 1403637192.0883191
Dropping frame 1403637192.2883189
Dropping frame 1403637192.388319
Dropping frame 1403637192.4883189
Dropping frame 1403637192.688319
Dropping frame 1403637192.7883189
Dropping frame 1403637192.888319
Dropping frame 1403637193.0883191
Dropping frame 1403637193.188319
Dropping frame 1403637193.2883189
Dropping frame 1403637193.4883189
Dropping frame 1403637193.688319
Dropping frame 1403637193.7883189
Dropping frame 1403637194.0383191
Dropping frame 1403637194.2383192
Dropping frame 1403637194.3383191
Dropping frame 1403637194.4383192
Dropping frame 1403637194.638319
Dropping frame 1403637194.7383192
Dropping frame 1403637194.8383191
Dropping frame 1403637195.0383191
Dropping frame 1403637195.2883189
Dropping frame 1403637195.8383191
Dropping frame 1403637195.9383192
Dropping frame 1403637196.188319
Dropping frame 1403637196.2883189
Dropping frame 1403637196.4383192
Dropping frame 1403637196.638319
Dropping frame 1403637196.7383192
Dropping frame 1403637197.7383192
Dropping frame 1403637199.0883191
Dropping frame 1403637199.2383192
Dropping frame 1403637199.688319
Dropping frame 1403637199.7883189
Dropping frame 1403637199.888319
Dropping frame 1403637200.0883191
Dropping frame 1403637200.188319
Dropping frame 1403637200.2883189
Dropping frame 1403637200.4883189
Dropping frame 1403637200.5883191
Dropping frame 1403637200.688319
Dropping frame 1403637200.888319
Dropping frame 1403637200.9883189
Dropping frame 1403637201.0883191
Dropping frame 1403637201.2883189
Dropping frame 1403637201.388319
Dropping frame 1403637201.4883189
Dropping frame 1403637201.688319
Dropping frame 1403637201.7883189
Dropping frame 1403637201.888319
Dropping frame 1403637202.0883191
Dropping frame 1403637202.188319
Dropping frame 1403637202.2883189
Dropping frame 1403637202.4883189
Dropping frame 1403637202.5883191
Dropping frame 1403637202.688319
Dropping frame 1403637202.888319
Dropping frame 1403637202.9883189
Dropping frame 1403637203.0883191
Dropping frame 1403637203.2883189
Dropping frame 1403637203.388319
Dropping frame 1403637203.4883189
Dropping frame 1403637203.688319
Dropping frame 1403637203.7883189
Dropping frame 1403637203.888319
Dropping frame 1403637204.0883191
Dropping frame 1403637204.188319
Dropping frame 1403637204.2883189
Dropping frame 1403637204.4883189
Dropping frame 1403637204.5883191
Dropping frame 1403637204.688319
Dropping frame 1403637204.888319
Dropping frame 1403637204.9883189
Dropping frame 1403637205.0883191
Dropping frame 1403637205.2883189
Dropping frame 1403637205.388319
Dropping frame 1403637205.4883189
Dropping frame 1403637205.688319
Dropping frame 1403637205.7883189
Dropping frame 1403637205.888319
Dropping frame 1403637206.0883191
Dropping frame 1403637206.188319
Dropping frame 1403637206.2883189
Dropping frame 1403637206.4883189
Dropping frame 1403637206.5883191
Dropping frame 1403637206.688319
Dropping frame 1403637206.888319
Dropping frame 1403637206.9883189
Dropping frame 1403637207.0883191
Dropping frame 1403637207.2883189
Dropping frame 1403637207.388319
Dropping frame 1403637207.4883189
Dropping frame 1403637207.688319
Dropping frame 1403637207.888319
Dropping frame 1403637207.9883189
Dropping frame 1403637208.0883191
Dropping frame 1403637208.2883189
Dropping frame 1403637208.388319
Dropping frame 1403637208.4883189
Dropping frame 1403637208.688319
Dropping frame 1403637208.888319
Dropping frame 1403637208.9883189
Dropping frame 1403637209.0883191
Dropping frame 1403637209.2883189
Dropping frame 1403637209.388319
Dropping frame 1403637209.4883189
Dropping frame 1403637209.688319
Dropping frame 1403637209.888319
Dropping frame 1403637209.9883189
Dropping frame 1403637210.0883191
Dropping frame 1403637210.188319
Dropping frame 1403637210.388319
Dropping frame 1403637210.4883189
Dropping frame 1403637210.7383192
Dropping frame 1403637210.9383192
Dropping frame 1403637211.0383191
Dropping frame 1403637211.138319
Dropping frame 1403637211.3383191
Dropping frame 1403637211.4383192
Dropping frame 1403637211.5383191
Dropping frame 1403637211.7383192
Dropping frame 1403637211.8383191
Dropping frame 1403637211.9383192
Dropping frame 1403637212.138319
Dropping frame 1403637212.3383191
Dropping frame 1403637212.4383192
Dropping frame 1403637212.5383191
Dropping frame 1403637212.7383192
Dropping frame 1403637212.8383191
Dropping frame 1403637212.9383192
Dropping frame 1403637213.138319
Dropping frame 1403637213.2383192
Dropping frame 1403637213.3383191
Dropping frame 1403637213.5383191
Dropping frame 1403637213.638319
Dropping frame 1403637213.7383192
Dropping frame 1403637213.9383192
Dropping frame 1403637214.0383191
Dropping frame 1403637214.138319
Dropping frame 1403637214.3383191
Dropping frame 1403637214.4383192
Dropping frame 1403637214.5383191
Dropping frame 1403637214.7383192
Dropping frame 1403637214.8383191
Dropping frame 1403637214.9383192
Dropping frame 1403637215.138319
Dropping frame 1403637215.2383192
Dropping frame 1403637215.3383191
Dropping frame 1403637215.5383191
Dropping frame 1403637215.638319
Dropping frame 1403637215.7383192
Dropping frame 1403637215.888319
Dropping frame 1403637215.9883189
Dropping frame 1403637216.0883191
Dropping frame 1403637216.188319
Dropping frame 1403637216.2883189
Dropping frame 1403637216.4383192
Dropping frame 1403637216.5383191
Dropping frame 1403637216.7383192
Dropping frame 1403637216.8383191
Dropping frame 1403637216.9383192
Dropping frame 1403637217.0383191
Dropping frame 1403637217.138319
Dropping frame 1403637217.2383192
Dropping frame 1403637217.4383192
Dropping frame 1403637217.5383191
Dropping frame 1403637217.638319
Dropping frame 1403637217.8383191
Dropping frame 1403637217.9383192
Dropping frame 1403637218.138319
Dropping frame 1403637218.2383192
Dropping frame 1403637218.3383191
Dropping frame 1403637218.5383191
Dropping frame 1403637218.638319
Dropping frame 1403637218.7383192
Dropping frame 1403637218.9383192
Dropping frame 1403637219.0383191
Dropping frame 1403637219.138319
Dropping frame 1403637219.3383191
Dropping frame 1403637219.4383192
Dropping frame 1403637219.638319
Dropping frame 1403637219.7383192
Dropping frame 1403637219.8383191
Dropping frame 1403637219.9383192
Dropping frame 1403637220.0383191
Dropping frame 1403637220.138319
Dropping frame 1403637220.3383191
Dropping frame 1403637220.4383192
Dropping frame 1403637220.5383191
Dropping frame 1403637220.638319
Dropping frame 1403637220.7383192
Dropping frame 1403637220.9383192
Dropping frame 1403637221.0383191
Dropping frame 1403637221.138319
Dropping frame 1403637221.3383191
Dropping frame 1403637221.4383192
Dropping frame 1403637221.5383191
Dropping frame 1403637221.7383192
Dropping frame 1403637221.8383191
Dropping frame 1403637221.9383192
Dropping frame 1403637222.138319
Dropping frame 1403637222.2383192
Dropping frame 1403637222.4883189
Dropping frame 1403637222.688319
Dropping frame 1403637222.7883189
Dropping frame 1403637222.888319
Dropping frame 1403637222.9883189
Dropping frame 1403637223.0883191
Dropping frame 1403637223.2883189
Dropping frame 1403637223.388319
Dropping frame 1403637223.4883189
Dropping frame 1403637223.688319
Dropping frame 1403637223.888319
Dropping frame 1403637223.9883189
Dropping frame 1403637224.0883191
Dropping frame 1403637224.2883189
Dropping frame 1403637224.388319
Dropping frame 1403637224.4883189
Dropping frame 1403637224.688319
Dropping frame 1403637224.888319
Dropping frame 1403637224.9883189
Dropping frame 1403637225.0883191
Dropping frame 1403637225.188319
Dropping frame 1403637225.388319
Dropping frame 1403637225.5883191
Dropping frame 1403637225.688319
Dropping frame 1403637225.7883189
Dropping frame 1403637225.888319
Dropping frame 1403637226.0883191
Dropping frame 1403637226.188319
Dropping frame 1403637226.2883189
Dropping frame 1403637226.4883189
Dropping frame 1403637226.688319
Dropping frame 1403637226.888319
Dropping frame 1403637226.9883189
Dropping frame 1403637227.0883191
Dropping frame 1403637227.2883189
Dropping frame 1403637227.388319
Dropping frame 1403637227.4883189
Dropping frame 1403637227.688319
Dropping frame 1403637227.888319
Dropping frame 1403637228.0883191
Dropping frame 1403637228.188319
Dropping frame 1403637228.2883189
Dropping frame 1403637228.4883189
Dropping frame 1403637228.688319
Dropping frame 1403637228.7883189
Dropping frame 1403637228.888319
Dropping frame 1403637228.9883189
Dropping frame 1403637229.188319
Dropping frame 1403637229.2883189
Dropping frame 1403637229.388319
Dropping frame 1403637229.5883191
Dropping frame 1403637229.7883189
Dropping frame 1403637229.9883189
Dropping frame 1403637230.0883191
Dropping frame 1403637230.188319
Dropping frame 1403637230.388319
Dropping frame 1403637230.5883191
Dropping frame 1403637230.7883189
Dropping frame 1403637230.888319
Dropping frame 1403637230.9883189
Dropping frame 1403637231.188319
Dropping frame 1403637231.2883189
Dropping frame 1403637231.4883189
Dropping frame 1403637231.5883191
Dropping frame 1403637231.688319
Dropping frame 1403637231.888319
Dropping frame 1403637231.9883189
Dropping frame 1403637232.0883191
Dropping frame 1403637232.2883189
Dropping frame 1403637232.4883189
Dropping frame 1403637232.5883191
Dropping frame 1403637232.688319
Dropping frame 1403637232.888319
Dropping frame 1403637233.0883191
Dropping frame 1403637233.2883189
Dropping frame 1403637233.388319
Dropping frame 1403637233.638319
Dropping frame 1403637233.8383191
Dropping frame 1403637234.0383191
Dropping frame 1403637234.138319
Dropping frame 1403637234.2383192
Dropping frame 1403637234.4383192
Dropping frame 1403637234.638319
Dropping frame 1403637234.8383191
Dropping frame 1403637234.9383192
Dropping frame 1403637235.0383191
Dropping frame 1403637235.2383192
Dropping frame 1403637235.4383192
Dropping frame 1403637235.638319
Dropping frame 1403637235.7383192
Dropping frame 1403637235.8383191
Dropping frame 1403637236.0383191
Dropping frame 1403637236.2383192
Dropping frame 1403637236.4383192
Dropping frame 1403637236.5383191
Dropping frame 1403637236.7883189
Dropping frame 1403637236.888319
Dropping frame 1403637236.9883189
Dropping frame 1403637237.188319
Dropping frame 1403637237.388319
Dropping frame 1403637237.4883189
Dropping frame 1403637237.5883191
Dropping frame 1403637237.888319
Dropping frame 1403637237.9883189
Dropping frame 1403637238.188319
Dropping frame 1403637238.388319
Dropping frame 1403637238.5883191
Dropping frame 1403637238.688319
Dropping frame 1403637238.9383192
Dropping frame 1403637239.138319
Dropping frame 1403637239.3383191
Dropping frame 1403637239.4383192
Dropping frame 1403637239.688319
Dropping frame 1403637239.7883189
Dropping frame 1403637239.888319
Dropping frame 1403637240.138319
Dropping frame 1403637240.2383192
Dropping frame 1403637240.3383191
Dropping frame 1403637240.638319
Dropping frame 1403637240.7383192
Dropping frame 1403637240.9883189
Dropping frame 1403637241.188319
Dropping frame 1403637241.2883189
Dropping frame 1403637241.7383192
Dropping frame 1403637241.8383191
Dropping frame 1403637242.0383191
Dropping frame 1403637242.3383191
Dropping frame 1403637242.5383191
Dropping frame 1403637242.7383192
Dropping frame 1403637243.138319
Dropping frame 1403637243.2883189
Dropping frame 1403637243.5883191
Dropping frame 1403637243.688319
Dropping frame 1403637243.888319
Dropping frame 1403637243.9883189
Dropping frame 1403637244.0883191
Dropping frame 1403637244.188319
Dropping frame 1403637244.2883189
Dropping frame 1403637244.388319
Dropping frame 1403637244.4883189
Dropping frame 1403637244.638319
Dropping frame 1403637244.7383192
Dropping frame 1403637244.8383191
Dropping frame 1403637246.638319
Dropping frame 1403637246.8383191
Dropping frame 1403637247.138319
Dropping frame 1403637247.4883189
Dropping frame 1403637247.7883189
Dropping frame 1403637247.9883189
Dropping frame 1403637248.188319
Dropping frame 1403637248.2883189
Dropping frame 1403637248.388319
Dropping frame 1403637248.5883191
Dropping frame 1403637248.7883189
Dropping frame 1403637248.9883189
Dropping frame 1403637249.0883191
Dropping frame 1403637249.188319
Dropping frame 1403637249.388319
Dropping frame 1403637249.5883191
Dropping frame 1403637249.7883189
Dropping frame 1403637249.888319
Dropping frame 1403637249.9883189
Dropping frame 1403637250.188319
Dropping frame 1403637250.388319
Dropping frame 1403637250.5883191
Dropping frame 1403637250.688319
Dropping frame 1403637250.7883189
Dropping frame 1403637250.9883189
Dropping frame 1403637251.188319
Dropping frame 1403637251.388319
Dropping frame 1403637251.688319
Dropping frame 1403637252.0883191
Dropping frame 1403637252.188319
Dropping frame 1403637252.388319
Dropping frame 1403637252.5883191
Dropping frame 1403637252.7883189
Dropping frame 1403637253.0883191
Dropping frame 1403637253.2883189
Dropping frame 1403637253.4883189
Dropping frame 1403637253.5883191
Dropping frame 1403637253.688319
Dropping frame 1403637253.888319
Dropping frame 1403637254.0883191
Dropping frame 1403637254.2883189
Dropping frame 1403637254.388319
Dropping frame 1403637254.4883189
Dropping frame 1403637254.688319
Dropping frame 1403637254.888319
Dropping frame 1403637255.0883191
Dropping frame 1403637255.188319
Dropping frame 1403637255.2883189
Dropping frame 1403637255.4883189
Dropping frame 1403637255.688319
Dropping frame 1403637255.888319
Dropping frame 1403637255.9883189
Dropping frame 1403637256.0883191
Dropping frame 1403637256.2883189
Dropping frame 1403637256.4883189
Dropping frame 1403637256.688319
Dropping frame 1403637256.7883189
Dropping frame 1403637256.888319
Dropping frame 1403637257.0883191
Dropping frame 1403637257.2883189
Dropping frame 1403637257.4883189
Dropping frame 1403637257.5883191
Dropping frame 1403637257.688319
Dropping frame 1403637257.888319
Dropping frame 1403637258.0883191
Dropping frame 1403637258.2883189
Dropping frame 1403637258.388319
Dropping frame 1403637258.4883189
Dropping frame 1403637258.688319
Dropping frame 1403637258.888319
Dropping frame 1403637259.0883191
Dropping frame 1403637259.188319
Dropping frame 1403637259.2883189
Dropping frame 1403637259.4883189
Dropping frame 1403637259.688319
Dropping frame 1403637259.888319
Dropping frame 1403637259.9883189
Dropping frame 1403637260.0883191
Dropping frame 1403637260.2883189
Dropping frame 1403637260.4883189
Dropping frame 1403637260.688319
Dropping frame 1403637260.7883189
Dropping frame 1403637260.888319
Dropping frame 1403637261.0883191
Dropping frame 1403637261.2883189
Dropping frame 1403637261.4883189
Dropping frame 1403637261.5883191
Dropping frame 1403637261.688319
Dropping frame 1403637261.888319
Dropping frame 1403637261.9883189
Dropping frame 1403637262.0883191
Dropping frame 1403637262.2883189
Dropping frame 1403637262.4883189
Dropping frame 1403637262.688319
Fail to track local map!
Dropping frame 1403637262.7883189
Fail to track local map!
Dropping frame 1403637262.888319
Fail to track local map!
Fail to track local map!
Fail to track local map!
Dropping frame 1403637263.0883191
Fail to track local map!
Dropping frame 1403637263.2883189
Dropping frame 1403637263.4883189
Dropping frame 1403637263.5883191
Dropping frame 1403637263.688319
Dropping frame 1403637263.888319
Dropping frame 1403637263.9883189
Dropping frame 1403637264.0883191
Dropping frame 1403637264.2883189
Dropping frame 1403637264.4883189
Dropping frame 1403637264.688319
Dropping frame 1403637264.7883189
Dropping frame 1403637264.888319
Dropping frame 1403637265.0883191
Dropping frame 1403637265.2883189
Dropping frame 1403637265.4883189
Shutdown
SLAM Finished at System Time: 1742827574.41823

 TIME STATS in ms (mean$\pm$std)
OpenCV version: 4.8.1
---------------------------
Tracking

ORB Extraction: 21.118$\pm$2.8814
Stereo Matching: 7.8376$\pm$1.9336
IMU Preintegration: 0.24313$\pm$0.096685
Pose Prediction: 0.78178$\pm$1.871
LM Track: 18.92$\pm$6.6223
New KF decision: 1.5006$\pm$2.6305
Total Tracking: 31.314$\pm$27.878



Local Mapping

KF Insertion: 15.302$\pm$5.4606
MP Culling: 0.57524$\pm$0.2504
MP Creation: 46.142$\pm$19.079
LBA: 154.38$\pm$66.387
KF Culling: 14.891$\pm$10.229
Total Local Mapping: 229.2$\pm$93.874
---------------------------

LBA complexity (mean$\pm$std)
LBA Edges: 1660.2$\pm$613.81
LBA KF optimized: 6.5$\pm$2.2913
LBA KF fixed: 1$\pm$0
LBA MP: nan$\pm$nan

LBA executions: 448
LBA aborts: 0
---------------------------

Map complexity
KFs in map: 143
MPs in map: 10556
---------------------------

Place Recognition (mean$\pm$std)
Database Query: 2.2206$\pm$1.119
SE3 estimation: 26.938$\pm$16.868
Total Place Recognition: 21.804$\pm$19.816


Loop Closing (mean$\pm$std)
Loop Fusion: nan$\pm$nan
Essential Graph: nan$\pm$nan
Total Loop Closing: nan$\pm$nan

Num exec: 0
Number of KFs: nan$\pm$nan

Map Merging (mean$\pm$std)
Merge Maps: nan$\pm$nan
Welding BA: nan$\pm$nan
Optimization Ess.: nan$\pm$nan
Total Map Merging: nan$\pm$nan

Num exec: 0
Number of KFs: nan$\pm$nan
Number of MPs: nan$\pm$nan

Full GBA (mean$\pm$std)
GBA: nan$\pm$nan
Map Update: nan$\pm$nan
Total Full GBA: nan$\pm$nan

Num exec: 0
Num abort: 0
Number of KFs: nan$\pm$nan
Number of MPs: nan$\pm$nan

Saving trajectory to f_dataset-MH03_stereo_imu.txt ...
There are 1 maps in the atlas
  Map 0 has 143 KFs

End of saving trajectory to f_dataset-MH03_stereo_imu.txt ...

Saving keyframe trajectory to kf_dataset-MH03_stereo_imu.txt ...
