num_seq = 1
file name: dataset-MH04_stereo_imu
Loading images for sequence 0...LOADED!
Loading IMU for sequence 0...LOADED!

-------

ORB-SLAM3 Copyright (C) 2017-2020 Carlos Campos, Richard Elvira, Juan J. Gómez, José M.M. Montiel and Juan D. Tardós, University of Zaragoza.
ORB-SLAM2 Copyright (C) 2014-2016 Raúl Mur-Artal, José M.M. Montiel and Juan D. Tardós, University of Zaragoza.
This program comes with ABSOLUTELY NO WARRANTY;
This is free software, and you are welcome to redistribute it
under certain conditions. See LICENSE.txt.

Built with REGISTER_TIMES
Git Commit Hash: 2d47524

Build Type: Release

Compiled with C++ version: 201703

Input sensor was set to: Stereo-Inertial
Loading settings from EuRoC_fov_deadlines_mask_5x5.yaml
	-Loaded camera 1
	-Loaded camera 2
	-Loaded image info
	-Loaded IMU calibration
	-Loaded ORB settings
	-Loaded viewer settings
	-Loaded Atlas settings
Deadlines enabled, will skip frames!
FOV enabled
Static mask size: 5x5
Dumping map points enabled
	-Loaded misc parameters
	-Computed rectification maps
----------------------------------
SLAM settings: 
	-Camera 1 parameters (Pinhole): [ 458.65399169921875 457.29598999023438 367.21499633789062 248.375 ]
	-Camera 1 distortion parameters: [  -0.28340810537338257 0.073959067463874817 0.00019359000725671649 1.7618711353861727e-05 ]
	-Camera 2 parameters (Pinhole: [ 457.58700561523438 456.13400268554688 379.99899291992188 255.23800659179688 ]
	-Camera 1 distortion parameters: [  -0.2836836576461792 0.074512839317321777 -0.00010473000293131918 -3.555907096597366e-05 ]
	-Original image size: [ 752 , 480 ]
	-Current image size: [ 752 , 480 ]
	-Camera 1 parameters after rectification: [  456.71499633789062 456.71499633789062 364.52615356445312 257.268798828125 ]
	-Sequence FPS: 20
	-Stereo baseline: 0.11007784307003021
	-Stereo depth threshold : 60
	-Gyro noise: 0.00016999999934341758
	-Accelerometer noise: 0.0020000000949949026
	-Gyro walk: 1.9392999092815444e-05
	-Accelerometer walk: 0.0030000000260770321
	-IMU frequency: 200
	-Features per image: 1200
	-ORB scale factor: 1.2000000476837158
	-ORB number of scales: 8
	-Initial FAST threshold: 20
	-Min FAST threshold: 7


Loading ORB Vocabulary. This could take a while...
Vocabulary loaded!

Initialization of Atlas from scratch 
Creation of new map with id: 0
Creation of new map with last KF id: 0
Seq. Name: 
There are 1 cameras in the atlas
Camera 0 is pinhole
SLAM Started at System Time: 1742754985.70833
not IMU meas
not IMU meas
not enough acceleration
not enough acceleration
not enough acceleration
not enough acceleration
not enough acceleration
not enough acceleration
not enough acceleration
not enough acceleration
not enough acceleration
not enough acceleration
not enough acceleration
not enough acceleration
not enough acceleration
not enough acceleration
not enough acceleration
not enough acceleration
not enough acceleration
not enough acceleration
not enough acceleration
not enough acceleration
not enough acceleration
not enough acceleration
not enough acceleration
not enough acceleration
not enough acceleration
not enough acceleration
not enough acceleration
not enough acceleration
not enough acceleration
not enough acceleration
First KF:0; Map init KF:0
New Map created with 79 points
Active map: 0
Dropping frame 1403638130.2450969
Dropping frame 1403638130.4950972
Dropping frame 1403638130.7950971
Dropping frame 1403638130.945097
start VIBA 1
end VIBA 1
Dropping frame 1403638135.195097
Dropping frame 1403638135.4950972
Dropping frame 1403638135.695097
Dropping frame 1403638135.895097
Dropping frame 1403638135.9950972
Dropping frame 1403638136.0950971
Dropping frame 1403638136.395097
Dropping frame 1403638136.4950972
Dropping frame 1403638136.5950971
Dropping frame 1403638136.7950971
Dropping frame 1403638136.945097
Dropping frame 1403638137.145097
Dropping frame 1403638137.3450971
Dropping frame 1403638137.5450969
Dropping frame 1403638137.645097
Dropping frame 1403638137.9950972
Not enough motion for initializing. Reseting...
TRACK: Reset map because local mapper set the bad imu flag 
LM: Active map reset recieved
LM: Active map reset, waiting...
LM: Reseting current map in Local Mapping...
LM: End reseting Local Mapping...
LM: Reset free the mutex
LM: Active map reset, Done!!!
mnFirstFrameId = 32
mnInitialFrameId = 0
179 Frames set to lost
not IMU meas
not enough acceleration
not enough acceleration
First KF:41; Map init KF:0
New Map created with 112 points
Active map: 0
Dropping frame 1403638140.945097
Not enough motion for initializing. Reseting...
LM: Reseting current map in Local Mapping...
LM: End reseting Local Mapping...
LM: Reset free the mutex
Not enough motion for initializing. Reseting...
TRACK: Reset map because local mapper set the bad imu flag 
LM: Reseting current map in Local Mapping...
LM: End reseting Local Mapping...
LM: Reset free the mutex
LM: Active map reset recieved
LM: Active map reset, waiting...
LM: Reseting current map in Local Mapping...
LM: End reseting Local Mapping...
LM: Reset free the mutex
LM: Active map reset, Done!!!
mnFirstFrameId = 215
mnInitialFrameId = 211
245 Frames set to lost
not IMU meas
not enough acceleration
not enough acceleration
not enough acceleration
not enough acceleration
not enough acceleration
not enough acceleration
not enough acceleration
not enough acceleration
not enough acceleration
not enough acceleration
not enough acceleration
not enough acceleration
not enough acceleration
not enough acceleration
not enough acceleration
not enough acceleration
not enough acceleration
not enough acceleration
not enough acceleration
not enough acceleration
not enough acceleration
not enough acceleration
not enough acceleration
not enough acceleration
not enough acceleration
not enough acceleration
not enough acceleration
not enough acceleration
not enough acceleration
not enough acceleration
not enough acceleration
not enough acceleration
not enough acceleration
not enough acceleration
not enough acceleration
not enough acceleration
not enough acceleration
not enough acceleration
not enough acceleration
not enough acceleration
not enough acceleration
not enough acceleration
not enough acceleration
not enough acceleration
not enough acceleration
not enough acceleration
not enough acceleration
not enough acceleration
not enough acceleration
not enough acceleration
not enough acceleration
not enough acceleration
not enough acceleration
not enough acceleration
not enough acceleration
not enough acceleration
not enough acceleration
not enough acceleration
not enough acceleration
not enough acceleration
not enough acceleration
not enough acceleration
not enough acceleration
not enough acceleration
not enough acceleration
not enough acceleration
not enough acceleration
not enough acceleration
not enough acceleration
not enough acceleration
not enough acceleration
not enough acceleration
not enough acceleration
not enough acceleration
not enough acceleration
not enough acceleration
not enough acceleration
not enough acceleration
not enough acceleration
not enough acceleration
not enough acceleration
not enough acceleration
not enough acceleration
not enough acceleration
not enough acceleration
not enough acceleration
not enough acceleration
not enough acceleration
not enough acceleration
not enough acceleration
not enough acceleration
not enough acceleration
not enough acceleration
not enough acceleration
not enough acceleration
not enough acceleration
not enough acceleration
not enough acceleration
not enough acceleration
not enough acceleration
not enough acceleration
not enough acceleration
not enough acceleration
not enough acceleration
not enough acceleration
not enough acceleration
First KF:53; Map init KF:41
New Map created with 139 points
Active map: 0
Dropping frame 1403638152.945097
start VIBA 1
end VIBA 1
Dropping frame 1403638153.5450969
Dropping frame 1403638153.9950972
Dropping frame 1403638155.3450971
Dropping frame 1403638156.0450969
Dropping frame 1403638156.5950971
Dropping frame 1403638156.945097
Dropping frame 1403638157.195097
Dropping frame 1403638157.4950972
Dropping frame 1403638157.5950971
Dropping frame 1403638157.7950971
Dropping frame 1403638158.0950971
Dropping frame 1403638158.3450971
Dropping frame 1403638159.7450969
Dropping frame 1403638160.195097
Dropping frame 1403638160.395097
Dropping frame 1403638160.5950971
Dropping frame 1403638160.7950971
Dropping frame 1403638161.0450969
Dropping frame 1403638161.2450969
Dropping frame 1403638161.395097
Dropping frame 1403638161.5950971
Dropping frame 1403638161.7450969
Dropping frame 1403638162.3450971
Dropping frame 1403638162.5450969
Dropping frame 1403638162.7450969
Dropping frame 1403638162.8450971
Dropping frame 1403638163.0450969
start VIBA 2
end VIBA 2
Dropping frame 1403638164.0450969
Dropping frame 1403638164.2450969
Dropping frame 1403638164.445097
Dropping frame 1403638164.5450969
Dropping frame 1403638164.7450969
Dropping frame 1403638164.8450971
Dropping frame 1403638164.945097
Dropping frame 1403638165.145097
Dropping frame 1403638165.2950971
Dropping frame 1403638165.4950972
Dropping frame 1403638165.5950971
Dropping frame 1403638165.695097
Dropping frame 1403638165.945097
Dropping frame 1403638166.2450969
Dropping frame 1403638166.3450971
Dropping frame 1403638166.5950971
Dropping frame 1403638166.695097
Dropping frame 1403638166.895097
Dropping frame 1403638167.195097
Dropping frame 1403638167.2950971
Dropping frame 1403638167.4950972
Dropping frame 1403638167.5950971
Dropping frame 1403638167.695097
Dropping frame 1403638168.145097
Dropping frame 1403638168.3450971
Dropping frame 1403638168.4950972
Dropping frame 1403638169.0950971
Dropping frame 1403638169.195097
Dropping frame 1403638169.445097
Dropping frame 1403638169.7950971
Dropping frame 1403638170.145097
Dropping frame 1403638170.395097
Dropping frame 1403638170.695097
Dropping frame 1403638170.7950971
Dropping frame 1403638171.0450969
Dropping frame 1403638171.145097
Dropping frame 1403638171.395097
Dropping frame 1403638171.5950971
Dropping frame 1403638171.7450969
Dropping frame 1403638171.945097
Dropping frame 1403638172.145097
Dropping frame 1403638172.3450971
Dropping frame 1403638172.4950972
Dropping frame 1403638172.695097
Dropping frame 1403638172.945097
Dropping frame 1403638173.2450969
Dropping frame 1403638173.445097
Dropping frame 1403638173.645097
Dropping frame 1403638173.7950971
Dropping frame 1403638174.145097
Dropping frame 1403638174.2450969
Dropping frame 1403638174.4950972
Dropping frame 1403638174.695097
Dropping frame 1403638174.7950971
Dropping frame 1403638175.0950971
Dropping frame 1403638175.2950971
Dropping frame 1403638175.445097
Dropping frame 1403638175.645097
Dropping frame 1403638176.0450969
Dropping frame 1403638176.2450969
Dropping frame 1403638176.395097
Dropping frame 1403638176.7450969
Dropping frame 1403638176.945097
Dropping frame 1403638177.0950971
Dropping frame 1403638178.395097
Dropping frame 1403638178.8450971
Dropping frame 1403638179.9950972
Dropping frame 1403638180.0950971
Dropping frame 1403638180.395097
Dropping frame 1403638180.945097
Dropping frame 1403638181.0950971
Dropping frame 1403638181.3450971
Dropping frame 1403638181.8450971
Dropping frame 1403638181.9950972
Dropping frame 1403638182.195097
Dropping frame 1403638182.695097
Dropping frame 1403638182.9950972
Dropping frame 1403638183.4950972
Dropping frame 1403638183.5950971
Dropping frame 1403638183.695097
Dropping frame 1403638183.895097
Dropping frame 1403638183.9950972
Dropping frame 1403638184.2950971
Dropping frame 1403638184.695097
Dropping frame 1403638185.2450969
Dropping frame 1403638186.0950971
Dropping frame 1403638186.395097
Dropping frame 1403638186.8450971
Dropping frame 1403638187.0950971
Dropping frame 1403638187.2950971
Dropping frame 1403638187.395097
Dropping frame 1403638187.645097
Dropping frame 1403638187.895097
Dropping frame 1403638187.9950972
Dropping frame 1403638188.2450969
Dropping frame 1403638188.3450971
Dropping frame 1403638188.5450969
Dropping frame 1403638188.8450971
Dropping frame 1403638189.145097
Dropping frame 1403638189.395097
Dropping frame 1403638189.4950972
Dropping frame 1403638189.5950971
Dropping frame 1403638189.7450969
Dropping frame 1403638189.9950972
Dropping frame 1403638190.145097
Dropping frame 1403638190.3450971
Dropping frame 1403638190.5950971
Dropping frame 1403638190.695097
Dropping frame 1403638190.7950971
Dropping frame 1403638190.9950972
Dropping frame 1403638191.0950971
Dropping frame 1403638191.4950972
Dropping frame 1403638191.645097
Dropping frame 1403638192.0450969
Dropping frame 1403638192.395097
Dropping frame 1403638192.895097
Dropping frame 1403638195.7450969
Dropping frame 1403638217.945097
Dropping frame 1403638218.5950971
Dropping frame 1403638221.0450969
Dropping frame 1403638221.9950972
Dropping frame 1403638223.195097
Dropping frame 1403638223.445097
Dropping frame 1403638224.695097
Dropping frame 1403638225.195097
Dropping frame 1403638225.2950971
Dropping frame 1403638225.5450969
Dropping frame 1403638225.8450971
Dropping frame 1403638226.0450969
Dropping frame 1403638226.195097
Dropping frame 1403638226.4950972
Dropping frame 1403638226.7950971
Dropping frame 1403638226.9950972
Dropping frame 1403638227.0950971
Dropping frame 1403638227.195097
Dropping frame 1403638227.4950972
Dropping frame 1403638227.5950971
Dropping frame 1403638227.8450971
Dropping frame 1403638228.145097
Dropping frame 1403638228.2450969
Dropping frame 1403638228.5450969
Shutdown
SLAM Finished at System Time: 1742755104.96819

 TIME STATS in ms (mean$\pm$std)
OpenCV version: 4.8.1
---------------------------
Tracking

ORB Extraction: 14.163$\pm$2.1875
Stereo Matching: 7.4958$\pm$2.2932
IMU Preintegration: 0.19608$\pm$0.079007
Pose Prediction: 0.464$\pm$1.3055
LM Track: 15.013$\pm$4.5347
New KF decision: 1.053$\pm$1.9575
Total Tracking: 34.54$\pm$17.612



Local Mapping

KF Insertion: 10.418$\pm$4.0883
MP Culling: 0.41331$\pm$0.23803
MP Creation: 34.196$\pm$14.282
LBA: 122.13$\pm$48.351
KF Culling: 7.622$\pm$5.8844
Total Local Mapping: 175$\pm$67.914
---------------------------

LBA complexity (mean$\pm$std)
LBA Edges: 1528.7$\pm$1222.7
LBA KF optimized: 6.5$\pm$2.2913
LBA KF fixed: 1$\pm$0
LBA MP: nan$\pm$nan

LBA executions: 419
LBA aborts: 0
---------------------------

Map complexity
KFs in map: 203
MPs in map: 16999
---------------------------

Place Recognition (mean$\pm$std)
Database Query: 1.6891$\pm$1.0588
SE3 estimation: 23.97$\pm$14.907
Total Place Recognition: 18.677$\pm$17.597


Loop Closing (mean$\pm$std)
Loop Fusion: nan$\pm$nan
Essential Graph: nan$\pm$nan
Total Loop Closing: nan$\pm$nan

Num exec: 0
Number of KFs: nan$\pm$nan

Map Merging (mean$\pm$std)
Merge Maps: nan$\pm$nan
Welding BA: nan$\pm$nan
Optimization Ess.: nan$\pm$nan
Total Map Merging: nan$\pm$nan

Num exec: 0
Number of KFs: nan$\pm$nan
Number of MPs: nan$\pm$nan

Full GBA (mean$\pm$std)
GBA: nan$\pm$nan
Map Update: nan$\pm$nan
Total Full GBA: nan$\pm$nan

Num exec: 0
Num abort: 0
Number of KFs: nan$\pm$nan
Number of MPs: nan$\pm$nan

Saving trajectory to f_dataset-MH04_stereo_imu.txt ...
There are 1 maps in the atlas
  Map 0 has 203 KFs

End of saving trajectory to f_dataset-MH04_stereo_imu.txt ...

Saving keyframe trajectory to kf_dataset-MH04_stereo_imu.txt ...
