num_seq = 1
file name: dataset-MH04_stereo_imu
Loading images for sequence 0...LOADED!
Loading IMU for sequence 0...LOADED!

-------

ORB-SLAM3 Copyright (C) 2017-2020 Carlos Campos, Richard Elvira, Juan J. Gómez, José M.M. Montiel and Juan D. Tardós, University of Zaragoza.
ORB-SLAM2 Copyright (C) 2014-2016 Raúl Mur-Artal, José M.M. Montiel and Juan D. Tardós, University of Zaragoza.
This program comes with ABSOLUTELY NO WARRANTY;
This is free software, and you are welcome to redistribute it
under certain conditions. See LICENSE.txt.

Built with REGISTER_TIMES
Git Commit Hash: 2d47524

Build Type: Release

Compiled with C++ version: 201703

Input sensor was set to: Stereo-Inertial
Loading settings from EuRoC_fov_deadlines_mask_14x14.yaml
	-Loaded camera 1
	-Loaded camera 2
	-Loaded image info
	-Loaded IMU calibration
	-Loaded ORB settings
	-Loaded viewer settings
	-Loaded Atlas settings
Deadlines enabled, will skip frames!
FOV enabled
Static mask size: 14x14
Dumping map points enabled
	-Loaded misc parameters
	-Computed rectification maps
----------------------------------
SLAM settings: 
	-Camera 1 parameters (Pinhole): [ 458.65399169921875 457.29598999023438 367.21499633789062 248.375 ]
	-Camera 1 distortion parameters: [  -0.28340810537338257 0.073959067463874817 0.00019359000725671649 1.7618711353861727e-05 ]
	-Camera 2 parameters (Pinhole: [ 457.58700561523438 456.13400268554688 379.99899291992188 255.23800659179688 ]
	-Camera 1 distortion parameters: [  -0.2836836576461792 0.074512839317321777 -0.00010473000293131918 -3.555907096597366e-05 ]
	-Original image size: [ 752 , 480 ]
	-Current image size: [ 752 , 480 ]
	-Camera 1 parameters after rectification: [  456.71499633789062 456.71499633789062 364.52615356445312 257.268798828125 ]
	-Sequence FPS: 20
	-Stereo baseline: 0.11007784307003021
	-Stereo depth threshold : 60
	-Gyro noise: 0.00016999999934341758
	-Accelerometer noise: 0.0020000000949949026
	-Gyro walk: 1.9392999092815444e-05
	-Accelerometer walk: 0.0030000000260770321
	-IMU frequency: 200
	-Features per image: 1200
	-ORB scale factor: 1.2000000476837158
	-ORB number of scales: 8
	-Initial FAST threshold: 20
	-Min FAST threshold: 7


Loading ORB Vocabulary. This could take a while...
Vocabulary loaded!

Initialization of Atlas from scratch 
Creation of new map with id: 0
Creation of new map with last KF id: 0
Seq. Name: 
There are 1 cameras in the atlas
Camera 0 is pinhole
SLAM Started at System Time: 1743099925.36448
not IMU meas
not IMU meas
not enough acceleration
not enough acceleration
not enough acceleration
not enough acceleration
not enough acceleration
not enough acceleration
not enough acceleration
not enough acceleration
not enough acceleration
not enough acceleration
not enough acceleration
not enough acceleration
not enough acceleration
not enough acceleration
not enough acceleration
not enough acceleration
not enough acceleration
not enough acceleration
not enough acceleration
not enough acceleration
not enough acceleration
not enough acceleration
not enough acceleration
not enough acceleration
not enough acceleration
not enough acceleration
not enough acceleration
not enough acceleration
not enough acceleration
not enough acceleration
First KF:0; Map init KF:0
New Map created with 149 points
Active map: 0
Dropping frame 1403638130.195097
Dropping frame 1403638130.395097
Dropping frame 1403638130.695097
Dropping frame 1403638130.7950971
Dropping frame 1403638130.945097
Dropping frame 1403638131.195097
Dropping frame 1403638131.395097
Dropping frame 1403638131.4950972
Dropping frame 1403638131.695097
Dropping frame 1403638131.7950971
Dropping frame 1403638131.945097
Dropping frame 1403638132.145097
Dropping frame 1403638132.2450969
Dropping frame 1403638132.3450971
Dropping frame 1403638132.5450969
Dropping frame 1403638132.7450969
Dropping frame 1403638132.8450971
Dropping frame 1403638132.945097
Dropping frame 1403638133.2950971
Dropping frame 1403638133.5450969
Dropping frame 1403638133.8450971
Dropping frame 1403638134.0450969
start VIBA 1
Dropping frame 1403638134.2450969
Dropping frame 1403638134.3450971
end VIBA 1
Dropping frame 1403638134.5950971
Dropping frame 1403638134.695097
Dropping frame 1403638134.7950971
Dropping frame 1403638134.9950972
Dropping frame 1403638135.195097
Dropping frame 1403638135.395097
Dropping frame 1403638135.4950972
Dropping frame 1403638135.5950971
Dropping frame 1403638135.7450969
Dropping frame 1403638135.8450971
Dropping frame 1403638136.0450969
Dropping frame 1403638136.195097
Dropping frame 1403638136.445097
Dropping frame 1403638136.5450969
Dropping frame 1403638136.645097
Dropping frame 1403638136.7450969
Dropping frame 1403638136.9950972
Dropping frame 1403638137.145097
Dropping frame 1403638137.3450971
Dropping frame 1403638137.645097
Dropping frame 1403638137.8450971
Dropping frame 1403638137.945097
Dropping frame 1403638138.0450969
Dropping frame 1403638138.145097
Dropping frame 1403638138.3450971
Dropping frame 1403638138.5450969
Dropping frame 1403638138.7450969
Dropping frame 1403638138.8450971
Dropping frame 1403638138.945097
Dropping frame 1403638139.145097
Dropping frame 1403638139.2450969
Dropping frame 1403638139.3450971
Dropping frame 1403638139.5450969
Dropping frame 1403638139.645097
Dropping frame 1403638139.7450969
Dropping frame 1403638139.945097
Dropping frame 1403638140.145097
Dropping frame 1403638140.3450971
Dropping frame 1403638140.445097
Dropping frame 1403638140.645097
Dropping frame 1403638140.8450971
Dropping frame 1403638140.945097
Dropping frame 1403638141.2450969
Dropping frame 1403638141.445097
Dropping frame 1403638141.5450969
Dropping frame 1403638141.695097
Dropping frame 1403638141.895097
Dropping frame 1403638142.0950971
Dropping frame 1403638142.2950971
Dropping frame 1403638142.4950972
Dropping frame 1403638142.5950971
Dropping frame 1403638142.695097
Dropping frame 1403638142.945097
Dropping frame 1403638143.0450969
Dropping frame 1403638143.2450969
Dropping frame 1403638143.3450971
Dropping frame 1403638143.5950971
Dropping frame 1403638144.395097
Dropping frame 1403638145.4950972
Dropping frame 1403638146.2450969
Dropping frame 1403638146.9950972
Dropping frame 1403638147.5450969
Dropping frame 1403638147.695097
Dropping frame 1403638148.0450969
start VIBA 2
end VIBA 2
Dropping frame 1403638152.195097
Dropping frame 1403638157.0450969
Dropping frame 1403638157.2450969
Dropping frame 1403638157.5450969
Dropping frame 1403638157.645097
Dropping frame 1403638157.7450969
Dropping frame 1403638158.145097
Dropping frame 1403638158.2450969
Dropping frame 1403638158.3450971
Dropping frame 1403638158.445097
Dropping frame 1403638158.5450969
Dropping frame 1403638158.645097
Dropping frame 1403638158.7450969
Dropping frame 1403638158.8450971
Dropping frame 1403638158.9950972
Dropping frame 1403638159.0950971
Dropping frame 1403638159.3450971
Dropping frame 1403638159.5450969
Dropping frame 1403638159.645097
Dropping frame 1403638159.7950971
Dropping frame 1403638159.945097
Dropping frame 1403638160.0450969
Dropping frame 1403638160.195097
Dropping frame 1403638160.3450971
Dropping frame 1403638160.445097
Dropping frame 1403638160.5450969
Dropping frame 1403638160.645097
Dropping frame 1403638160.7450969
Dropping frame 1403638160.945097
Dropping frame 1403638161.2450969
Dropping frame 1403638161.445097
Dropping frame 1403638161.5450969
Dropping frame 1403638161.7950971
Dropping frame 1403638161.895097
Dropping frame 1403638161.9950972
Dropping frame 1403638162.145097
Dropping frame 1403638162.2450969
Dropping frame 1403638162.4950972
Dropping frame 1403638162.5950971
Dropping frame 1403638162.695097
Dropping frame 1403638162.7950971
Dropping frame 1403638162.9950972
Dropping frame 1403638163.0950971
Dropping frame 1403638163.395097
Dropping frame 1403638163.4950972
Dropping frame 1403638163.645097
Dropping frame 1403638163.8450971
Dropping frame 1403638163.945097
Dropping frame 1403638164.145097
Dropping frame 1403638164.2450969
Dropping frame 1403638164.645097
Dropping frame 1403638165.695097
Dropping frame 1403638166.395097
Dropping frame 1403638166.4950972
Dropping frame 1403638166.695097
Dropping frame 1403638166.945097
Dropping frame 1403638167.0450969
Dropping frame 1403638167.195097
Dropping frame 1403638167.2950971
Dropping frame 1403638167.395097
Dropping frame 1403638167.645097
Dropping frame 1403638168.0450969
Dropping frame 1403638168.395097
Dropping frame 1403638168.5950971
Dropping frame 1403638168.695097
Dropping frame 1403638168.8450971
Dropping frame 1403638168.945097
Dropping frame 1403638169.0450969
Dropping frame 1403638169.195097
Dropping frame 1403638169.2950971
Dropping frame 1403638169.395097
Dropping frame 1403638169.5950971
Dropping frame 1403638169.695097
Dropping frame 1403638169.7950971
Dropping frame 1403638169.9950972
Dropping frame 1403638170.0950971
Dropping frame 1403638170.195097
Dropping frame 1403638170.2950971
Dropping frame 1403638170.5450969
Dropping frame 1403638170.7450969
Dropping frame 1403638170.945097
Dropping frame 1403638171.0450969
Dropping frame 1403638171.145097
Dropping frame 1403638171.2950971
Dropping frame 1403638171.445097
Dropping frame 1403638171.645097
Dropping frame 1403638171.8450971
Dropping frame 1403638172.0450969
Dropping frame 1403638172.2450969
Dropping frame 1403638172.445097
Dropping frame 1403638172.645097
Dropping frame 1403638172.8450971
Dropping frame 1403638173.0450969
Dropping frame 1403638173.145097
Dropping frame 1403638173.3450971
Dropping frame 1403638173.5450969
Dropping frame 1403638173.645097
Dropping frame 1403638173.7450969
Dropping frame 1403638173.8450971
Dropping frame 1403638174.0450969
Dropping frame 1403638174.145097
Dropping frame 1403638174.2450969
Dropping frame 1403638174.445097
Dropping frame 1403638174.645097
Dropping frame 1403638174.7450969
Dropping frame 1403638174.945097
Dropping frame 1403638175.0450969
Dropping frame 1403638175.2450969
Dropping frame 1403638175.445097
Dropping frame 1403638175.5450969
Dropping frame 1403638175.7450969
Dropping frame 1403638175.8450971
Dropping frame 1403638176.0450969
Dropping frame 1403638176.2450969
Dropping frame 1403638176.445097
Dropping frame 1403638176.645097
Dropping frame 1403638176.8450971
Dropping frame 1403638176.945097
Dropping frame 1403638177.0450969
Dropping frame 1403638177.2450969
Dropping frame 1403638177.3450971
Dropping frame 1403638177.445097
Dropping frame 1403638177.7450969
Dropping frame 1403638177.8450971
Dropping frame 1403638178.0950971
Dropping frame 1403638178.2950971
Dropping frame 1403638178.395097
Dropping frame 1403638178.4950972
Dropping frame 1403638178.7450969
Dropping frame 1403638178.945097
Dropping frame 1403638179.145097
Dropping frame 1403638179.2450969
Dropping frame 1403638179.445097
Dropping frame 1403638179.645097
Dropping frame 1403638179.7450969
Dropping frame 1403638179.8450971
Dropping frame 1403638179.945097
Dropping frame 1403638180.145097
Dropping frame 1403638180.3450971
Dropping frame 1403638180.5450969
Dropping frame 1403638180.7450969
Dropping frame 1403638180.8450971
Dropping frame 1403638180.945097
Dropping frame 1403638181.145097
Dropping frame 1403638181.3450971
Dropping frame 1403638181.445097
Dropping frame 1403638181.5950971
Dropping frame 1403638181.8450971
Dropping frame 1403638182.0450969
Dropping frame 1403638182.145097
Dropping frame 1403638182.3450971
Dropping frame 1403638182.445097
Dropping frame 1403638182.5450969
Dropping frame 1403638182.7450969
Dropping frame 1403638182.945097
Dropping frame 1403638183.0450969
Dropping frame 1403638183.145097
Dropping frame 1403638183.3450971
Dropping frame 1403638183.5450969
Dropping frame 1403638183.645097
Dropping frame 1403638183.7950971
Dropping frame 1403638183.895097
Dropping frame 1403638183.9950972
Dropping frame 1403638184.2450969
Dropping frame 1403638184.3450971
Dropping frame 1403638184.445097
Dropping frame 1403638184.5950971
Dropping frame 1403638184.695097
Dropping frame 1403638184.9950972
Dropping frame 1403638185.0950971
Dropping frame 1403638185.3450971
Dropping frame 1403638185.445097
Dropping frame 1403638185.7950971
Dropping frame 1403638185.895097
Dropping frame 1403638186.395097
Dropping frame 1403638186.4950972
Dropping frame 1403638186.7450969
Dropping frame 1403638186.945097
Dropping frame 1403638187.0450969
Dropping frame 1403638187.145097
Dropping frame 1403638187.3450971
Dropping frame 1403638187.445097
Dropping frame 1403638187.5450969
Dropping frame 1403638187.645097
Dropping frame 1403638187.8450971
Dropping frame 1403638188.0450969
Dropping frame 1403638188.145097
Dropping frame 1403638188.3450971
Dropping frame 1403638188.5450969
Dropping frame 1403638188.7450969
Dropping frame 1403638188.8450971
Dropping frame 1403638188.945097
Dropping frame 1403638189.195097
Dropping frame 1403638189.2950971
Dropping frame 1403638189.4950972
Dropping frame 1403638189.7950971
Dropping frame 1403638189.9950972
Dropping frame 1403638190.0950971
Dropping frame 1403638190.3450971
Dropping frame 1403638190.4950972
Dropping frame 1403638190.8450971
Dropping frame 1403638190.945097
Dropping frame 1403638191.145097
Dropping frame 1403638191.3450971
Dropping frame 1403638191.5450969
Dropping frame 1403638191.7950971
Dropping frame 1403638191.9950972
Dropping frame 1403638192.195097
Dropping frame 1403638192.2950971
Dropping frame 1403638192.395097
Dropping frame 1403638192.7450969
Dropping frame 1403638193.0450969
Dropping frame 1403638193.395097
Dropping frame 1403638193.5950971
Dropping frame 1403638193.7950971
Dropping frame 1403638194.195097
Dropping frame 1403638194.2950971
Dropping frame 1403638194.4950972
Dropping frame 1403638194.945097
Dropping frame 1403638195.145097
Dropping frame 1403638195.2450969
Dropping frame 1403638195.445097
Dropping frame 1403638195.5450969
Dropping frame 1403638195.7450969
Dropping frame 1403638195.895097
Dropping frame 1403638196.0950971
Dropping frame 1403638196.395097
Dropping frame 1403638196.4950972
Dropping frame 1403638196.7450969
Dropping frame 1403638196.8450971
Dropping frame 1403638199.195097
Dropping frame 1403638199.4950972
Dropping frame 1403638199.695097
Dropping frame 1403638199.895097
Dropping frame 1403638200.0450969
Dropping frame 1403638200.2450969
Dropping frame 1403638200.395097
Dropping frame 1403638200.7450969
Dropping frame 1403638200.8450971
Dropping frame 1403638200.945097
Dropping frame 1403638201.145097
Dropping frame 1403638201.3450971
Dropping frame 1403638201.445097
Dropping frame 1403638201.695097
Dropping frame 1403638201.8450971
Dropping frame 1403638202.0450969
Dropping frame 1403638202.2450969
Dropping frame 1403638202.3450971
Dropping frame 1403638202.445097
Dropping frame 1403638202.645097
Dropping frame 1403638202.8450971
Dropping frame 1403638202.945097
Dropping frame 1403638203.0450969
Dropping frame 1403638203.2450969
Dropping frame 1403638203.3450971
Dropping frame 1403638203.445097
Dropping frame 1403638203.895097
Dropping frame 1403638203.9950972
Dropping frame 1403638204.2950971
Dropping frame 1403638204.395097
Dropping frame 1403638204.895097
Dropping frame 1403638204.9950972
Dropping frame 1403638205.0950971
Dropping frame 1403638205.445097
Dropping frame 1403638205.645097
Dropping frame 1403638205.7450969
Dropping frame 1403638205.8450971
Dropping frame 1403638205.945097
Dropping frame 1403638206.0450969
Dropping frame 1403638206.2450969
Dropping frame 1403638206.445097
Dropping frame 1403638206.5450969
Dropping frame 1403638207.0950971
Dropping frame 1403638207.2950971
Dropping frame 1403638207.4950972
Dropping frame 1403638207.5950971
Dropping frame 1403638207.895097
Dropping frame 1403638208.195097
Dropping frame 1403638208.2950971
Dropping frame 1403638208.395097
Dropping frame 1403638208.7450969
Dropping frame 1403638208.8450971
Dropping frame 1403638209.0950971
Dropping frame 1403638209.195097
Dropping frame 1403638209.445097
Dropping frame 1403638209.645097
Dropping frame 1403638209.8450971
Dropping frame 1403638210.0450969
Dropping frame 1403638210.145097
Dropping frame 1403638210.395097
Dropping frame 1403638210.4950972
Dropping frame 1403638210.5950971
Dropping frame 1403638210.7950971
Dropping frame 1403638210.895097
Dropping frame 1403638211.145097
Dropping frame 1403638211.2450969
Dropping frame 1403638211.4950972
Dropping frame 1403638211.695097
Dropping frame 1403638211.895097
Dropping frame 1403638212.195097
Dropping frame 1403638212.2950971
Dropping frame 1403638212.695097
Dropping frame 1403638212.7950971
Dropping frame 1403638213.0450969
Dropping frame 1403638213.145097
Dropping frame 1403638213.445097
Dropping frame 1403638213.695097
Dropping frame 1403638213.895097
Dropping frame 1403638213.9950972
Dropping frame 1403638214.2450969
Dropping frame 1403638214.445097
Dropping frame 1403638214.895097
Dropping frame 1403638214.9950972
Dropping frame 1403638215.395097
Dropping frame 1403638215.5950971
Dropping frame 1403638215.695097
Dropping frame 1403638215.945097
Dropping frame 1403638216.2450969
Dropping frame 1403638216.445097
Dropping frame 1403638216.695097
Dropping frame 1403638216.895097
Dropping frame 1403638217.0950971
Dropping frame 1403638217.2450969
Dropping frame 1403638217.4950972
Dropping frame 1403638217.695097
Dropping frame 1403638217.895097
Dropping frame 1403638218.145097
Dropping frame 1403638218.3450971
Dropping frame 1403638218.5450969
Dropping frame 1403638218.7950971
Dropping frame 1403638218.9950972
Dropping frame 1403638219.3450971
Dropping frame 1403638219.5950971
Dropping frame 1403638219.695097
Dropping frame 1403638219.7950971
Dropping frame 1403638220.0950971
Dropping frame 1403638220.2950971
Dropping frame 1403638220.395097
Dropping frame 1403638221.0950971
Dropping frame 1403638221.445097
Dropping frame 1403638221.7450969
Dropping frame 1403638222.3450971
Dropping frame 1403638224.2450969
Dropping frame 1403638224.5950971
Dropping frame 1403638224.7450969
Dropping frame 1403638224.9950972
Dropping frame 1403638225.195097
Shutdown
SLAM Finished at System Time: 1743100047.16044

 TIME STATS in ms (mean$\pm$std)
OpenCV version: 4.8.1
---------------------------
Tracking

ORB Extraction: 19.075$\pm$2.4445
Stereo Matching: 7.8548$\pm$2.0432
IMU Preintegration: 0.21838$\pm$0.089544
Pose Prediction: 0.25875$\pm$0.85658
LM Track: 17.57$\pm$4.7134
New KF decision: 1.055$\pm$1.8589
Total Tracking: 32.697$\pm$24.898



Local Mapping

KF Insertion: 14.741$\pm$5.9279
MP Culling: 0.46924$\pm$0.21336
MP Creation: 46.187$\pm$14.646
LBA: 152.45$\pm$42.881
KF Culling: 11.083$\pm$6.9408
Total Local Mapping: 225.16$\pm$58.231
---------------------------

LBA complexity (mean$\pm$std)
LBA Edges: 1669.1$\pm$1055
LBA KF optimized: 6.5$\pm$2.2913
LBA KF fixed: 1$\pm$0
LBA MP: nan$\pm$nan

LBA executions: 372
LBA aborts: 0
---------------------------

Map complexity
KFs in map: 182
MPs in map: 13390
---------------------------

Place Recognition (mean$\pm$std)
Database Query: 2.2223$\pm$1.2537
SE3 estimation: 26.711$\pm$18.665
Total Place Recognition: 24.332$\pm$20.89


Loop Closing (mean$\pm$std)
Loop Fusion: nan$\pm$nan
Essential Graph: nan$\pm$nan
Total Loop Closing: nan$\pm$nan

Num exec: 0
Number of KFs: nan$\pm$nan

Map Merging (mean$\pm$std)
Merge Maps: nan$\pm$nan
Welding BA: nan$\pm$nan
Optimization Ess.: nan$\pm$nan
Total Map Merging: nan$\pm$nan

Num exec: 0
Number of KFs: nan$\pm$nan
Number of MPs: nan$\pm$nan

Full GBA (mean$\pm$std)
GBA: nan$\pm$nan
Map Update: nan$\pm$nan
Total Full GBA: nan$\pm$nan

Num exec: 0
Num abort: 0
Number of KFs: nan$\pm$nan
Number of MPs: nan$\pm$nan

Saving trajectory to f_dataset-MH04_stereo_imu.txt ...
There are 1 maps in the atlas
  Map 0 has 182 KFs

End of saving trajectory to f_dataset-MH04_stereo_imu.txt ...

Saving keyframe trajectory to kf_dataset-MH04_stereo_imu.txt ...
