num_seq = 1
file name: dataset-MH02_stereo_imu
Loading images for sequence 0...LOADED!
Loading IMU for sequence 0...LOADED!

-------

ORB-SLAM3 Copyright (C) 2017-2020 Carlos Campos, Richard Elvira, Juan J. Gómez, José M.M. Montiel and Juan D. Tardós, University of Zaragoza.
ORB-SLAM2 Copyright (C) 2014-2016 Raúl Mur-Artal, José M.M. Montiel and Juan D. Tardós, University of Zaragoza.
This program comes with ABSOLUTELY NO WARRANTY;
This is free software, and you are welcome to redistribute it
under certain conditions. See LICENSE.txt.

Built with REGISTER_TIMES
Git Commit Hash: 2d47524

Build Type: Release

Compiled with C++ version: 201703

Input sensor was set to: Stereo-Inertial
Loading settings from EuRoC_fov_deadlines_mask_8x8.yaml
	-Loaded camera 1
	-Loaded camera 2
	-Loaded image info
	-Loaded IMU calibration
	-Loaded ORB settings
	-Loaded viewer settings
	-Loaded Atlas settings
Deadlines enabled, will skip frames!
FOV enabled
Static mask size: 8x8
Dumping map points enabled
	-Loaded misc parameters
	-Computed rectification maps
----------------------------------
SLAM settings: 
	-Camera 1 parameters (Pinhole): [ 458.65399169921875 457.29598999023438 367.21499633789062 248.375 ]
	-Camera 1 distortion parameters: [  -0.28340810537338257 0.073959067463874817 0.00019359000725671649 1.7618711353861727e-05 ]
	-Camera 2 parameters (Pinhole: [ 457.58700561523438 456.13400268554688 379.99899291992188 255.23800659179688 ]
	-Camera 1 distortion parameters: [  -0.2836836576461792 0.074512839317321777 -0.00010473000293131918 -3.555907096597366e-05 ]
	-Original image size: [ 752 , 480 ]
	-Current image size: [ 752 , 480 ]
	-Camera 1 parameters after rectification: [  456.71499633789062 456.71499633789062 364.52615356445312 257.268798828125 ]
	-Sequence FPS: 20
	-Stereo baseline: 0.11007784307003021
	-Stereo depth threshold : 60
	-Gyro noise: 0.00016999999934341758
	-Accelerometer noise: 0.0020000000949949026
	-Gyro walk: 1.9392999092815444e-05
	-Accelerometer walk: 0.0030000000260770321
	-IMU frequency: 200
	-Features per image: 1200
	-ORB scale factor: 1.2000000476837158
	-ORB number of scales: 8
	-Initial FAST threshold: 20
	-Min FAST threshold: 7


Loading ORB Vocabulary. This could take a while...
Vocabulary loaded!

Initialization of Atlas from scratch 
Creation of new map with id: 0
Creation of new map with last KF id: 0
Seq. Name: 
There are 1 cameras in the atlas
Camera 0 is pinhole
SLAM Started at System Time: 1742976997.50982
not IMU meas
not IMU meas
not enough acceleration
not enough acceleration
not enough acceleration
not enough acceleration
not enough acceleration
not enough acceleration
First KF:0; Map init KF:0
New Map created with 185 points
Active map: 0
Dropping frame 1403636859.6016665
Dropping frame 1403636859.9516664
Dropping frame 1403636860.3016665
Dropping frame 1403636860.7016666
Dropping frame 1403636860.9016666
Dropping frame 1403636861.3516665
Dropping frame 1403636861.6016665
Dropping frame 1403636861.7516665
Dropping frame 1403636862.1516664
Dropping frame 1403636862.7016666
Dropping frame 1403636862.8016665
Dropping frame 1403636862.9016666
Dropping frame 1403636863.3016665
Dropping frame 1403636863.7016666
Dropping frame 1403636864.1516664
Dropping frame 1403636864.3516665
start VIBA 1
Dropping frame 1403636864.4516664
end VIBA 1
Dropping frame 1403636864.5516665
Dropping frame 1403636864.8016665
Dropping frame 1403636865.0016665
Dropping frame 1403636865.1016665
Dropping frame 1403636865.2516665
Dropping frame 1403636866.1016665
Dropping frame 1403636866.2016666
Dropping frame 1403636866.7516665
Dropping frame 1403636866.8516665
Dropping frame 1403636866.9516664
Dropping frame 1403636867.2016666
Dropping frame 1403636867.3516665
Dropping frame 1403636867.7016666
Dropping frame 1403636867.9516664
Dropping frame 1403636868.4016666
Dropping frame 1403636868.5516665
Dropping frame 1403636868.8516665
Dropping frame 1403636869.0516665
Dropping frame 1403636869.2516665
Dropping frame 1403636869.3516665
Dropping frame 1403636869.7016666
Dropping frame 1403636870.0016665
Dropping frame 1403636870.2016666
Dropping frame 1403636870.4016666
Dropping frame 1403636870.5016665
Dropping frame 1403636870.6516664
Dropping frame 1403636870.8516665
Dropping frame 1403636871.1016665
Dropping frame 1403636871.3016665
Dropping frame 1403636872.4016666
Dropping frame 1403636872.7016666
Dropping frame 1403636872.9016666
Dropping frame 1403636873.3516665
Dropping frame 1403636873.6516664
Dropping frame 1403636873.8516665
Dropping frame 1403636874.3016665
Dropping frame 1403636874.5516665
Dropping frame 1403636875.0516665
Dropping frame 1403636875.4516664
Dropping frame 1403636875.5516665
start VIBA 2
end VIBA 2
Dropping frame 1403636875.8016665
Dropping frame 1403636876.3516665
Dropping frame 1403636876.5016665
Dropping frame 1403636876.8516665
Dropping frame 1403636878.3016665
Dropping frame 1403636878.5516665
Dropping frame 1403636878.7516665
Dropping frame 1403636879.1516664
Dropping frame 1403636879.5516665
Dropping frame 1403636879.8516665
Dropping frame 1403636880.4016666
Dropping frame 1403636880.5016665
Dropping frame 1403636880.6016665
Dropping frame 1403636880.8516665
Dropping frame 1403636881.4516664
Dropping frame 1403636881.7016666
Dropping frame 1403636882.2016666
Dropping frame 1403636882.5016665
Dropping frame 1403636883.5516665
Dropping frame 1403636885.3016665
Dropping frame 1403636886.3516665
Dropping frame 1403636887.0516665
Dropping frame 1403636888.0016665
Dropping frame 1403636888.2016666
Dropping frame 1403636888.7016666
Dropping frame 1403636889.3516665
Dropping frame 1403636889.6016665
Dropping frame 1403636889.8516665
Dropping frame 1403636890.2516665
Dropping frame 1403636890.7516665
Dropping frame 1403636893.6516664
Dropping frame 1403636895.5516665
Dropping frame 1403636897.2016666
Dropping frame 1403636898.2516665
Dropping frame 1403636899.7516665
Dropping frame 1403636903.7016666
Dropping frame 1403636904.2516665
Dropping frame 1403636905.1016665
Dropping frame 1403636905.8016665
Dropping frame 1403636907.0516665
Dropping frame 1403636907.7516665
Dropping frame 1403636908.2016666
Dropping frame 1403636908.4016666
Dropping frame 1403636908.9516664
Dropping frame 1403636909.3016665
Dropping frame 1403636909.5516665
Dropping frame 1403636909.6516664
Dropping frame 1403636909.7516665
Dropping frame 1403636910.0516665
Dropping frame 1403636910.1516664
Dropping frame 1403636910.2516665
Dropping frame 1403636910.4016666
Dropping frame 1403636910.6016665
Dropping frame 1403636910.7016666
Dropping frame 1403636911.0016665
Dropping frame 1403636911.1016665
Dropping frame 1403636911.2016666
Dropping frame 1403636911.3016665
Dropping frame 1403636911.4516664
Dropping frame 1403636911.6516664
Dropping frame 1403636911.8016665
Dropping frame 1403636911.9016666
Dropping frame 1403636912.0016665
Dropping frame 1403636912.2516665
Dropping frame 1403636912.5516665
Dropping frame 1403636912.6516664
Dropping frame 1403636912.7516665
Dropping frame 1403636913.0016665
Dropping frame 1403636913.1016665
Dropping frame 1403636913.3016665
Dropping frame 1403636913.4016666
Dropping frame 1403636913.8016665
Dropping frame 1403636914.0016665
Dropping frame 1403636914.1016665
Dropping frame 1403636914.3016665
Dropping frame 1403636914.4016666
Dropping frame 1403636914.6516664
Dropping frame 1403636914.7516665
Dropping frame 1403636914.8516665
Dropping frame 1403636915.0016665
Dropping frame 1403636915.1516664
Dropping frame 1403636915.3516665
Dropping frame 1403636915.4516664
Dropping frame 1403636915.6016665
Dropping frame 1403636915.7016666
Dropping frame 1403636915.8016665
Dropping frame 1403636916.0016665
Dropping frame 1403636916.2516665
Dropping frame 1403636916.3516665
Dropping frame 1403636916.5016665
Dropping frame 1403636916.6016665
Dropping frame 1403636916.8016665
Dropping frame 1403636916.9516664
Dropping frame 1403636917.0516665
Dropping frame 1403636917.1516664
Dropping frame 1403636917.2516665
Dropping frame 1403636917.3516665
Dropping frame 1403636917.6516664
Dropping frame 1403636917.7516665
Dropping frame 1403636917.8516665
Dropping frame 1403636918.0016665
Dropping frame 1403636918.2016666
Dropping frame 1403636918.3016665
Dropping frame 1403636918.4516664
Dropping frame 1403636918.5516665
Dropping frame 1403636918.8516665
Dropping frame 1403636919.0016665
Dropping frame 1403636919.1016665
Dropping frame 1403636919.3016665
Dropping frame 1403636919.4016666
Dropping frame 1403636919.5516665
Dropping frame 1403636919.7516665
Dropping frame 1403636919.8516665
Dropping frame 1403636920.2016666
Dropping frame 1403636920.3016665
Dropping frame 1403636920.4016666
Dropping frame 1403636920.6516664
Dropping frame 1403636920.8516665
Dropping frame 1403636920.9516664
Dropping frame 1403636921.1516664
Dropping frame 1403636921.4516664
Dropping frame 1403636921.7516665
Dropping frame 1403636922.2016666
Dropping frame 1403636922.3016665
Dropping frame 1403636922.6516664
Dropping frame 1403636922.7516665
Dropping frame 1403636923.1016665
Dropping frame 1403636923.3016665
Dropping frame 1403636923.5016665
Dropping frame 1403636923.8516665
Dropping frame 1403636924.1516664
Dropping frame 1403636924.3516665
Dropping frame 1403636924.5516665
Dropping frame 1403636924.6516664
Dropping frame 1403636925.1516664
Dropping frame 1403636925.3516665
Dropping frame 1403636925.4516664
Dropping frame 1403636925.6516664
Dropping frame 1403636925.7516665
Dropping frame 1403636926.0016665
Dropping frame 1403636926.2016666
Dropping frame 1403636926.3016665
Dropping frame 1403636926.6516664
Dropping frame 1403636926.8516665
Dropping frame 1403636927.0516665
Dropping frame 1403636927.2516665
Dropping frame 1403636927.5016665
Dropping frame 1403636927.8016665
Dropping frame 1403636928.0516665
Dropping frame 1403636928.2516665
Dropping frame 1403636928.4516664
Dropping frame 1403636928.6016665
Dropping frame 1403636928.8516665
Dropping frame 1403636928.9516664
Dropping frame 1403636929.0516665
Dropping frame 1403636929.5016665
Dropping frame 1403636929.7016666
Dropping frame 1403636929.8016665
Dropping frame 1403636929.9016666
Dropping frame 1403636930.1516664
Dropping frame 1403636930.3516665
Dropping frame 1403636930.5016665
Dropping frame 1403636930.7016666
Dropping frame 1403636930.9016666
Dropping frame 1403636931.0016665
Dropping frame 1403636931.1016665
Dropping frame 1403636931.2016666
Dropping frame 1403636931.3016665
Dropping frame 1403636931.6016665
Dropping frame 1403636931.7016666
Dropping frame 1403636931.9516664
Dropping frame 1403636932.1516664
Dropping frame 1403636932.2516665
Dropping frame 1403636932.5016665
Dropping frame 1403636932.7016666
Dropping frame 1403636932.8516665
Dropping frame 1403636933.1016665
Dropping frame 1403636933.3016665
Dropping frame 1403636933.5016665
Dropping frame 1403636933.6016665
Dropping frame 1403636933.8016665
Dropping frame 1403636933.9016666
Dropping frame 1403636934.1016665
Dropping frame 1403636934.2016666
Dropping frame 1403636934.3016665
Dropping frame 1403636934.5016665
Dropping frame 1403636934.7016666
Dropping frame 1403636934.8016665
Dropping frame 1403636935.0016665
Dropping frame 1403636935.2016666
Dropping frame 1403636935.4016666
Dropping frame 1403636935.5016665
Dropping frame 1403636935.6016665
Dropping frame 1403636935.8016665
Dropping frame 1403636935.9516664
Dropping frame 1403636936.2016666
Dropping frame 1403636936.4016666
Dropping frame 1403636936.5016665
Dropping frame 1403636936.7016666
Dropping frame 1403636936.9016666
Dropping frame 1403636937.0516665
Dropping frame 1403636937.2516665
Dropping frame 1403636937.3516665
Dropping frame 1403636937.5516665
Dropping frame 1403636937.7516665
Dropping frame 1403636937.9516664
Dropping frame 1403636938.1516664
Dropping frame 1403636938.3516665
Dropping frame 1403636938.4516664
Dropping frame 1403636938.5516665
Dropping frame 1403636939.0016665
Dropping frame 1403636939.2016666
Dropping frame 1403636939.3016665
Dropping frame 1403636939.5016665
Dropping frame 1403636939.8016665
Dropping frame 1403636940.0016665
Dropping frame 1403636940.1016665
Dropping frame 1403636940.3016665
Dropping frame 1403636940.5016665
Dropping frame 1403636940.6016665
Dropping frame 1403636940.7016666
Dropping frame 1403636940.8016665
Dropping frame 1403636940.9016666
Dropping frame 1403636941.1016665
Dropping frame 1403636941.2016666
Dropping frame 1403636941.4016666
Dropping frame 1403636941.6016665
Dropping frame 1403636941.7016666
Dropping frame 1403636941.8016665
Dropping frame 1403636942.0016665
Dropping frame 1403636942.2016666
Dropping frame 1403636942.3016665
Dropping frame 1403636942.5016665
Dropping frame 1403636942.8016665
Dropping frame 1403636943.0016665
Dropping frame 1403636943.1016665
Dropping frame 1403636943.2016666
Dropping frame 1403636943.3516665
Dropping frame 1403636943.4516664
Dropping frame 1403636943.6516664
Dropping frame 1403636943.8516665
Dropping frame 1403636944.0516665
Dropping frame 1403636944.1516664
Dropping frame 1403636944.3016665
Dropping frame 1403636944.5016665
Dropping frame 1403636944.6516664
Dropping frame 1403636944.8516665
Dropping frame 1403636945.0516665
Dropping frame 1403636945.1516664
Dropping frame 1403636945.2516665
Dropping frame 1403636945.4516664
Dropping frame 1403636945.5516665
Dropping frame 1403636945.6516664
Dropping frame 1403636945.7516665
Dropping frame 1403636945.8516665
Dropping frame 1403636946.0516665
Dropping frame 1403636946.1516664
Dropping frame 1403636946.2516665
Dropping frame 1403636946.4016666
Dropping frame 1403636946.6016665
Dropping frame 1403636946.7016666
Dropping frame 1403636946.8016665
Dropping frame 1403636946.9016666
Dropping frame 1403636947.0016665
Dropping frame 1403636947.2016666
Dropping frame 1403636947.4016666
Dropping frame 1403636947.6016665
Dropping frame 1403636947.7016666
Dropping frame 1403636947.8016665
Dropping frame 1403636947.9016666
Dropping frame 1403636948.2016666
Dropping frame 1403636948.4016666
Dropping frame 1403636948.5016665
Dropping frame 1403636948.6016665
Dropping frame 1403636948.7516665
Dropping frame 1403636948.8516665
Dropping frame 1403636949.0516665
Dropping frame 1403636949.1516664
Dropping frame 1403636949.2516665
Dropping frame 1403636949.4516664
Dropping frame 1403636949.5516665
Dropping frame 1403636949.6516664
Dropping frame 1403636949.8516665
Dropping frame 1403636949.9516664
Dropping frame 1403636950.0516665
Dropping frame 1403636950.2016666
Dropping frame 1403636950.3016665
Dropping frame 1403636950.5016665
Dropping frame 1403636950.6016665
Dropping frame 1403636950.7016666
Dropping frame 1403636950.8016665
Dropping frame 1403636950.9016666
Dropping frame 1403636951.1016665
Dropping frame 1403636951.2016666
Dropping frame 1403636951.4516664
Dropping frame 1403636951.5516665
Dropping frame 1403636951.6516664
Dropping frame 1403636951.8516665
Dropping frame 1403636952.0516665
Dropping frame 1403636952.1516664
Dropping frame 1403636952.2516665
Dropping frame 1403636952.4516664
Dropping frame 1403636952.5516665
Dropping frame 1403636952.8516665
Dropping frame 1403636953.0016665
Dropping frame 1403636953.2016666
Dropping frame 1403636953.4016666
Dropping frame 1403636953.5016665
Dropping frame 1403636953.6016665
Dropping frame 1403636953.8016665
Dropping frame 1403636954.0016665
Dropping frame 1403636954.1016665
Dropping frame 1403636954.2016666
Dropping frame 1403636954.3016665
Dropping frame 1403636954.5016665
Dropping frame 1403636954.6016665
Dropping frame 1403636954.7016666
Dropping frame 1403636954.9016666
Dropping frame 1403636955.1016665
Dropping frame 1403636955.2016666
Dropping frame 1403636955.3016665
Dropping frame 1403636955.4016666
Dropping frame 1403636955.7016666
Dropping frame 1403636955.8016665
Dropping frame 1403636955.9016666
Dropping frame 1403636956.1016665
Dropping frame 1403636956.2016666
Dropping frame 1403636956.4516664
Dropping frame 1403636956.5516665
Dropping frame 1403636956.8016665
Dropping frame 1403636956.9016666
Dropping frame 1403636957.0016665
Dropping frame 1403636957.2516665
Dropping frame 1403636957.4516664
Dropping frame 1403636957.5516665
Dropping frame 1403636958.0516665
Dropping frame 1403636958.6016665
Dropping frame 1403636958.7016666
Dropping frame 1403636958.9016666
Dropping frame 1403636959.1016665
Dropping frame 1403636959.3016665
Dropping frame 1403636960.1516664
Dropping frame 1403636960.2516665
Dropping frame 1403636960.3516665
Dropping frame 1403636960.9016666
Dropping frame 1403636961.2016666
Dropping frame 1403636961.3016665
Dropping frame 1403636961.4016666
Dropping frame 1403636961.6516664
Dropping frame 1403636961.8516665
Dropping frame 1403636961.9516664
Dropping frame 1403636962.0516665
Dropping frame 1403636962.3016665
Dropping frame 1403636962.4016666
Dropping frame 1403636962.6016665
Dropping frame 1403636962.8016665
Dropping frame 1403636963.0016665
Dropping frame 1403636963.2016666
Dropping frame 1403636963.4016666
Dropping frame 1403636963.5016665
Dropping frame 1403636964.0016665
Dropping frame 1403636964.1016665
Dropping frame 1403636964.4016666
Dropping frame 1403636964.5016665
Dropping frame 1403636964.7516665
Dropping frame 1403636964.9516664
Dropping frame 1403636965.0516665
Dropping frame 1403636965.3516665
Dropping frame 1403636965.4516664
Dropping frame 1403636965.5516665
Dropping frame 1403636965.7516665
Dropping frame 1403636966.0016665
Dropping frame 1403636966.1016665
Dropping frame 1403636966.4516664
Dropping frame 1403636966.5516665
Dropping frame 1403636966.7516665
Dropping frame 1403636967.0516665
Dropping frame 1403636967.2516665
Dropping frame 1403636967.3516665
Dropping frame 1403636967.4516664
Dropping frame 1403636967.6516664
Dropping frame 1403636967.8516665
Dropping frame 1403636967.9516664
Dropping frame 1403636968.0516665
Dropping frame 1403636968.2516665
Dropping frame 1403636968.4516664
Dropping frame 1403636968.6516664
Dropping frame 1403636968.7516665
Dropping frame 1403636969.0016665
Dropping frame 1403636969.1016665
Dropping frame 1403636969.5016665
Dropping frame 1403636969.6016665
Dropping frame 1403636970.1016665
Dropping frame 1403636970.2516665
Dropping frame 1403636970.4516664
Dropping frame 1403636970.6516664
Dropping frame 1403636970.8516665
Dropping frame 1403636970.9516664
Dropping frame 1403636971.0516665
Dropping frame 1403636971.2516665
Dropping frame 1403636971.5016665
Dropping frame 1403636971.6016665
Dropping frame 1403636971.9016666
Dropping frame 1403636972.2016666
Dropping frame 1403636972.4016666
Dropping frame 1403636972.7016666
Dropping frame 1403636972.8016665
Dropping frame 1403636973.0516665
Dropping frame 1403636973.3016665
Dropping frame 1403636973.6016665
Dropping frame 1403636973.8016665
Dropping frame 1403636973.9016666
Dropping frame 1403636974.1516664
Dropping frame 1403636974.2516665
Dropping frame 1403636974.5016665
Dropping frame 1403636974.6016665
Dropping frame 1403636974.7016666
Dropping frame 1403636975.1516664
Dropping frame 1403636975.2516665
Dropping frame 1403636975.6516664
Dropping frame 1403636975.8516665
Dropping frame 1403636975.9516664
Dropping frame 1403636976.2016666
Dropping frame 1403636976.3016665
Dropping frame 1403636976.6016665
Dropping frame 1403636976.7016666
Dropping frame 1403636976.9016666
Dropping frame 1403636977.1016665
Dropping frame 1403636977.4516664
Dropping frame 1403636977.8016665
Dropping frame 1403636977.9016666
Dropping frame 1403636978.1516664
Dropping frame 1403636978.3516665
Dropping frame 1403636978.4516664
Dropping frame 1403636978.5516665
Dropping frame 1403636978.8016665
Dropping frame 1403636979.0516665
Dropping frame 1403636979.2516665
Dropping frame 1403636979.6016665
Dropping frame 1403636979.8016665
Dropping frame 1403636979.9016666
Dropping frame 1403636980.3016665
Dropping frame 1403636980.4016666
Dropping frame 1403636980.6516664
Dropping frame 1403636980.7516665
Dropping frame 1403636981.0016665
Dropping frame 1403636981.2016666
Dropping frame 1403636981.4516664
Dropping frame 1403636981.7016666
Dropping frame 1403636982.0016665
Dropping frame 1403636982.2016666
Dropping frame 1403636982.3016665
Dropping frame 1403636982.5516665
Dropping frame 1403636982.7016666
Dropping frame 1403636983.0016665
Dropping frame 1403636983.1516664
Dropping frame 1403636983.3516665
Dropping frame 1403636983.5516665
Dropping frame 1403636983.7516665
Dropping frame 1403636984.1516664
Dropping frame 1403636984.4516664
Dropping frame 1403636984.6016665
Dropping frame 1403636984.8016665
Dropping frame 1403636985.1016665
Dropping frame 1403636985.3516665
Dropping frame 1403636985.5516665
Dropping frame 1403636985.6516664
Dropping frame 1403636985.9016666
Dropping frame 1403636986.0016665
Dropping frame 1403636986.2016666
Dropping frame 1403636986.3016665
Dropping frame 1403636986.5516665
Dropping frame 1403636986.6516664
Dropping frame 1403636986.9016666
Dropping frame 1403636987.3016665
Dropping frame 1403636987.5516665
Dropping frame 1403636987.7516665
Dropping frame 1403636987.9516664
Dropping frame 1403636988.1516664
Dropping frame 1403636988.3516665
Dropping frame 1403636988.4516664
Dropping frame 1403636988.5516665
Dropping frame 1403636988.7516665
Dropping frame 1403636988.9516664
Dropping frame 1403636989.1516664
Dropping frame 1403636989.2516665
Dropping frame 1403636989.4516664
Dropping frame 1403636989.5516665
Dropping frame 1403636989.6516664
Dropping frame 1403636990.1516664
Dropping frame 1403636990.3516665
Dropping frame 1403636990.5516665
Dropping frame 1403636990.8516665
Dropping frame 1403636990.9516664
Dropping frame 1403636991.0516665
Dropping frame 1403636991.2516665
Dropping frame 1403636991.3516665
Dropping frame 1403636991.6016665
Dropping frame 1403636991.8016665
Dropping frame 1403636992.0016665
Dropping frame 1403636992.2016666
Dropping frame 1403636992.3016665
Dropping frame 1403636992.4016666
Dropping frame 1403636992.7016666
Dropping frame 1403636992.8016665
Dropping frame 1403636992.9016666
Dropping frame 1403636993.1016665
Dropping frame 1403636993.3016665
Dropping frame 1403636993.5016665
Dropping frame 1403636993.6016665
Dropping frame 1403636993.8016665
Dropping frame 1403636994.0016665
Dropping frame 1403636994.1016665
Dropping frame 1403636994.2016666
Dropping frame 1403636994.4016666
Dropping frame 1403636994.6016665
Dropping frame 1403636994.8016665
Dropping frame 1403636994.9016666
Dropping frame 1403636995.0016665
Dropping frame 1403636995.2016666
Dropping frame 1403636995.4016666
Dropping frame 1403636995.6016665
Dropping frame 1403636995.7016666
Dropping frame 1403636995.9516664
Dropping frame 1403636996.1516664
Dropping frame 1403636996.3516665
Dropping frame 1403636996.6016665
Dropping frame 1403636996.8016665
Dropping frame 1403636997.1016665
Dropping frame 1403636997.3016665
Dropping frame 1403636997.5016665
Dropping frame 1403636997.7016666
Dropping frame 1403636997.9016666
Dropping frame 1403636998.0016665
Dropping frame 1403636998.4016666
Dropping frame 1403636998.5016665
Dropping frame 1403636998.9516664
Dropping frame 1403636999.1516664
Dropping frame 1403636999.3016665
Dropping frame 1403636999.5016665
Dropping frame 1403636999.9516664
Dropping frame 1403637000.4016666
Dropping frame 1403637001.0016665
Dropping frame 1403637001.4516664
Dropping frame 1403637001.6016665
Dropping frame 1403637001.8016665
Dropping frame 1403637002.0016665
Dropping frame 1403637002.2016666
Dropping frame 1403637002.3016665
Dropping frame 1403637002.5516665
Dropping frame 1403637002.7016666
Dropping frame 1403637002.9016666
Dropping frame 1403637003.1016665
Dropping frame 1403637003.3016665
Dropping frame 1403637003.5016665
Dropping frame 1403637003.6016665
Dropping frame 1403637003.7016666
Dropping frame 1403637003.9016666
Dropping frame 1403637004.2516665
Dropping frame 1403637004.5516665
Dropping frame 1403637004.8516665
Dropping frame 1403637005.0516665
Dropping frame 1403637005.2516665
Dropping frame 1403637005.4516664
Dropping frame 1403637005.6016665
Dropping frame 1403637005.9016666
Dropping frame 1403637006.1016665
Dropping frame 1403637006.3016665
Dropping frame 1403637006.4016666
Dropping frame 1403637006.6516664
Dropping frame 1403637006.8516665
Dropping frame 1403637007.0016665
Dropping frame 1403637007.4016666
Dropping frame 1403637007.7516665
Dropping frame 1403637009.3516665
Dropping frame 1403637009.7516665
Dropping frame 1403637010.2016666
Dropping frame 1403637010.3016665
Dropping frame 1403637010.5516665
Shutdown
SLAM Finished at System Time: 1742977181.16616

 TIME STATS in ms (mean$\pm$std)
OpenCV version: 4.8.1
---------------------------
Tracking

ORB Extraction: 18.47$\pm$1.7225
Stereo Matching: 7.3008$\pm$1.9881
IMU Preintegration: 0.25227$\pm$0.09634
Pose Prediction: 0.21758$\pm$0.61539
LM Track: 19.334$\pm$5.0898
New KF decision: 1.2912$\pm$2.4223
Total Tracking: 33.894$\pm$25.358



Local Mapping

KF Insertion: 16.257$\pm$5.5826
MP Culling: 0.54507$\pm$0.21222
MP Creation: 48.351$\pm$16.182
LBA: 152.03$\pm$52.869
KF Culling: 15.4$\pm$10.09
Total Local Mapping: 232.37$\pm$76.34
---------------------------

LBA complexity (mean$\pm$std)
LBA Edges: 1688.1$\pm$563.06
LBA KF optimized: 6.5$\pm$2.2913
LBA KF fixed: 1$\pm$0
LBA MP: nan$\pm$nan

LBA executions: 479
LBA aborts: 0
---------------------------

Map complexity
KFs in map: 138
MPs in map: 10760
---------------------------

Place Recognition (mean$\pm$std)
Database Query: 1.4544$\pm$0.79036
SE3 estimation: 11.231$\pm$14.155
Total Place Recognition: 11.196$\pm$14.265


Loop Closing (mean$\pm$std)
Loop Fusion: nan$\pm$nan
Essential Graph: nan$\pm$nan
Total Loop Closing: nan$\pm$nan

Num exec: 0
Number of KFs: nan$\pm$nan

Map Merging (mean$\pm$std)
Merge Maps: nan$\pm$nan
Welding BA: nan$\pm$nan
Optimization Ess.: nan$\pm$nan
Total Map Merging: nan$\pm$nan

Num exec: 0
Number of KFs: nan$\pm$nan
Number of MPs: nan$\pm$nan

Full GBA (mean$\pm$std)
GBA: nan$\pm$nan
Map Update: nan$\pm$nan
Total Full GBA: nan$\pm$nan

Num exec: 0
Num abort: 0
Number of KFs: nan$\pm$nan
Number of MPs: nan$\pm$nan

Saving trajectory to f_dataset-MH02_stereo_imu.txt ...
There are 1 maps in the atlas
  Map 0 has 138 KFs

End of saving trajectory to f_dataset-MH02_stereo_imu.txt ...

Saving keyframe trajectory to kf_dataset-MH02_stereo_imu.txt ...
