num_seq = 1
file name: dataset-MH02_stereo_imu
Loading images for sequence 0...LOADED!
Loading IMU for sequence 0...LOADED!

-------

ORB-SLAM3 Copyright (C) 2017-2020 Carlos Campos, Richard Elvira, Juan J. Gómez, José M.M. Montiel and Juan D. Tardós, University of Zaragoza.
ORB-SLAM2 Copyright (C) 2014-2016 Raúl Mur-Artal, José M.M. Montiel and Juan D. Tardós, University of Zaragoza.
This program comes with ABSOLUTELY NO WARRANTY;
This is free software, and you are welcome to redistribute it
under certain conditions. See LICENSE.txt.

Built with REGISTER_TIMES
Git Commit Hash: 2d47524

Build Type: Release

Compiled with C++ version: 201703

Input sensor was set to: Stereo-Inertial
Loading settings from EuRoC_fov_deadlines_mask_6x6.yaml
	-Loaded camera 1
	-Loaded camera 2
	-Loaded image info
	-Loaded IMU calibration
	-Loaded ORB settings
	-Loaded viewer settings
	-Loaded Atlas settings
Deadlines enabled, will skip frames!
FOV enabled
Static mask size: 6x6
Dumping map points enabled
	-Loaded misc parameters
	-Computed rectification maps
----------------------------------
SLAM settings: 
	-Camera 1 parameters (Pinhole): [ 458.65399169921875 457.29598999023438 367.21499633789062 248.375 ]
	-Camera 1 distortion parameters: [  -0.28340810537338257 0.073959067463874817 0.00019359000725671649 1.7618711353861727e-05 ]
	-Camera 2 parameters (Pinhole: [ 457.58700561523438 456.13400268554688 379.99899291992188 255.23800659179688 ]
	-Camera 1 distortion parameters: [  -0.2836836576461792 0.074512839317321777 -0.00010473000293131918 -3.555907096597366e-05 ]
	-Original image size: [ 752 , 480 ]
	-Current image size: [ 752 , 480 ]
	-Camera 1 parameters after rectification: [  456.71499633789062 456.71499633789062 364.52615356445312 257.268798828125 ]
	-Sequence FPS: 20
	-Stereo baseline: 0.11007784307003021
	-Stereo depth threshold : 60
	-Gyro noise: 0.00016999999934341758
	-Accelerometer noise: 0.0020000000949949026
	-Gyro walk: 1.9392999092815444e-05
	-Accelerometer walk: 0.0030000000260770321
	-IMU frequency: 200
	-Features per image: 1200
	-ORB scale factor: 1.2000000476837158
	-ORB number of scales: 8
	-Initial FAST threshold: 20
	-Min FAST threshold: 7


Loading ORB Vocabulary. This could take a while...
Vocabulary loaded!

Initialization of Atlas from scratch 
Creation of new map with id: 0
Creation of new map with last KF id: 0
Seq. Name: 
There are 1 cameras in the atlas
Camera 0 is pinhole
SLAM Started at System Time: 1740930804.68035
not IMU meas
not IMU meas
not enough acceleration
not enough acceleration
not enough acceleration
not enough acceleration
not enough acceleration
not enough acceleration
First KF:0; Map init KF:0
New Map created with 175 points
Active map: 0
Dropping frame 1403636859.6016665
Dropping frame 1403636859.9516664
Dropping frame 1403636860.3016665
Dropping frame 1403636860.7016666
Dropping frame 1403636860.8016665
Dropping frame 1403636861.4016666
Dropping frame 1403636861.9516664
Dropping frame 1403636862.1516664
Dropping frame 1403636862.3016665
Dropping frame 1403636863.7516665
Dropping frame 1403636863.9516664
Dropping frame 1403636864.2516665
Dropping frame 1403636864.4016666
start VIBA 1
end VIBA 1
Dropping frame 1403636864.6016665
Dropping frame 1403636864.8516665
Dropping frame 1403636865.4516664
Dropping frame 1403636865.7516665
Dropping frame 1403636866.2516665
Dropping frame 1403636866.6016665
Dropping frame 1403636866.9016666
Dropping frame 1403636867.3516665
Dropping frame 1403636867.8016665
Dropping frame 1403636868.0016665
Dropping frame 1403636868.6516664
Dropping frame 1403636868.8516665
Dropping frame 1403636869.0016665
Dropping frame 1403636869.3016665
Dropping frame 1403636869.4516664
Dropping frame 1403636869.6016665
Dropping frame 1403636870.4516664
Dropping frame 1403636871.9016666
Dropping frame 1403636872.5016665
Dropping frame 1403636872.8016665
Dropping frame 1403636873.3016665
Dropping frame 1403636873.7516665
Dropping frame 1403636874.0016665
Dropping frame 1403636874.9016666
Dropping frame 1403636876.4516664
start VIBA 2
end VIBA 2
Dropping frame 1403636877.5016665
Dropping frame 1403636878.1016665
Dropping frame 1403636880.7016666
Dropping frame 1403636883.7516665
Dropping frame 1403636884.6516664
Dropping frame 1403636885.0016665
Dropping frame 1403636886.3516665
Dropping frame 1403636886.8016665
Dropping frame 1403636897.9016666
Dropping frame 1403636898.1016665
Dropping frame 1403636904.0016665
Dropping frame 1403636904.5516665
Dropping frame 1403636904.7016666
Dropping frame 1403636904.9516664
Dropping frame 1403636905.1016665
Dropping frame 1403636905.2516665
Dropping frame 1403636905.6516664
Dropping frame 1403636906.1516664
Dropping frame 1403636906.6016665
Dropping frame 1403636906.9016666
Dropping frame 1403636907.3016665
Dropping frame 1403636907.7016666
Dropping frame 1403636907.9016666
Dropping frame 1403636908.4516664
Dropping frame 1403636908.5516665
Dropping frame 1403636908.8016665
Dropping frame 1403636909.1016665
Dropping frame 1403636909.4016666
Dropping frame 1403636909.7016666
Dropping frame 1403636909.9016666
Dropping frame 1403636910.1016665
Dropping frame 1403636910.4016666
Dropping frame 1403636910.6516664
Dropping frame 1403636910.7516665
Dropping frame 1403636910.9516664
Dropping frame 1403636911.0516665
Dropping frame 1403636911.3516665
Dropping frame 1403636911.4516664
Dropping frame 1403636911.6516664
Dropping frame 1403636911.7516665
Dropping frame 1403636911.9516664
Dropping frame 1403636912.1016665
Dropping frame 1403636912.3516665
Dropping frame 1403636912.5516665
Dropping frame 1403636912.6516664
Dropping frame 1403636912.7516665
Dropping frame 1403636912.9016666
Dropping frame 1403636913.0516665
Dropping frame 1403636913.3516665
Dropping frame 1403636913.4516664
Dropping frame 1403636913.5516665
Dropping frame 1403636913.7016666
Dropping frame 1403636914.0516665
Dropping frame 1403636914.1516664
Dropping frame 1403636914.2516665
Dropping frame 1403636914.3516665
Dropping frame 1403636914.6016665
Dropping frame 1403636914.7016666
Dropping frame 1403636915.1516664
Dropping frame 1403636915.2516665
Dropping frame 1403636915.3516665
Dropping frame 1403636915.5516665
Dropping frame 1403636915.6516664
Dropping frame 1403636915.9516664
Dropping frame 1403636916.1516664
Dropping frame 1403636916.3516665
Dropping frame 1403636916.6016665
Dropping frame 1403636916.7016666
Dropping frame 1403636916.9516664
Dropping frame 1403636917.1516664
Dropping frame 1403636917.5016665
Dropping frame 1403636917.6016665
Dropping frame 1403636917.9516664
Dropping frame 1403636918.0516665
Dropping frame 1403636918.4016666
Dropping frame 1403636918.5016665
Dropping frame 1403636918.6016665
Dropping frame 1403636918.9016666
Dropping frame 1403636919.0016665
Dropping frame 1403636919.3016665
Dropping frame 1403636919.5516665
Dropping frame 1403636919.9516664
Dropping frame 1403636920.3016665
Dropping frame 1403636920.7516665
Dropping frame 1403636921.1516664
Dropping frame 1403636921.5016665
Dropping frame 1403636921.8016665
Dropping frame 1403636922.1016665
Dropping frame 1403636922.3016665
Dropping frame 1403636922.4016666
Dropping frame 1403636922.6016665
Dropping frame 1403636922.7016666
Dropping frame 1403636923.0016665
Dropping frame 1403636923.1516664
Dropping frame 1403636923.3516665
Dropping frame 1403636923.5516665
Dropping frame 1403636923.7516665
Dropping frame 1403636924.0016665
Dropping frame 1403636924.1016665
Dropping frame 1403636924.3016665
Dropping frame 1403636924.7016666
Dropping frame 1403636924.9016666
Dropping frame 1403636925.1016665
Dropping frame 1403636925.3516665
Dropping frame 1403636925.4516664
Dropping frame 1403636925.8516665
Dropping frame 1403636926.0516665
Dropping frame 1403636926.2516665
Dropping frame 1403636926.4516664
Dropping frame 1403636926.5516665
Dropping frame 1403636926.7016666
Dropping frame 1403636926.9016666
Dropping frame 1403636927.1016665
Dropping frame 1403636927.2016666
Dropping frame 1403636927.4016666
Dropping frame 1403636927.5516665
Dropping frame 1403636927.8016665
Dropping frame 1403636928.0016665
Dropping frame 1403636928.2016666
Dropping frame 1403636928.5016665
Dropping frame 1403636928.7016666
Dropping frame 1403636928.8016665
Dropping frame 1403636929.1516664
Dropping frame 1403636929.5016665
Dropping frame 1403636929.7516665
Dropping frame 1403636929.9516664
Dropping frame 1403636930.3016665
Dropping frame 1403636930.4516664
Dropping frame 1403636930.5516665
Dropping frame 1403636930.7516665
Dropping frame 1403636930.8516665
Dropping frame 1403636930.9516664
Dropping frame 1403636931.1516664
Dropping frame 1403636931.2516665
Dropping frame 1403636931.3516665
Dropping frame 1403636931.5516665
Dropping frame 1403636931.9016666
Dropping frame 1403636932.0016665
Dropping frame 1403636932.4016666
Dropping frame 1403636932.6016665
Dropping frame 1403636932.7016666
Dropping frame 1403636932.8016665
Dropping frame 1403636933.1516664
Dropping frame 1403636933.3516665
Dropping frame 1403636933.5516665
Dropping frame 1403636933.6516664
Dropping frame 1403636933.7516665
Dropping frame 1403636933.8516665
Dropping frame 1403636934.1016665
Dropping frame 1403636934.3016665
Dropping frame 1403636934.4016666
Dropping frame 1403636934.5516665
Dropping frame 1403636934.8016665
Dropping frame 1403636935.0016665
Dropping frame 1403636935.2016666
Dropping frame 1403636935.3016665
Dropping frame 1403636935.7516665
Dropping frame 1403636935.8516665
Dropping frame 1403636935.9516664
Dropping frame 1403636936.1516664
Dropping frame 1403636936.3516665
Dropping frame 1403636936.4516664
Dropping frame 1403636936.6016665
Dropping frame 1403636936.7516665
Dropping frame 1403636936.9016666
Dropping frame 1403636937.1016665
Dropping frame 1403636937.2016666
Dropping frame 1403636937.3516665
Dropping frame 1403636937.7016666
Dropping frame 1403636937.8016665
Dropping frame 1403636937.9016666
Dropping frame 1403636938.0016665
Dropping frame 1403636938.1016665
Dropping frame 1403636938.2016666
Dropping frame 1403636938.4016666
Dropping frame 1403636938.5016665
Dropping frame 1403636938.6016665
Dropping frame 1403636938.7016666
Dropping frame 1403636938.8016665
Dropping frame 1403636939.0016665
Dropping frame 1403636939.1516664
Dropping frame 1403636939.4516664
Dropping frame 1403636939.7516665
Dropping frame 1403636939.9516664
Dropping frame 1403636940.0516665
Dropping frame 1403636940.1516664
Dropping frame 1403636940.3516665
Dropping frame 1403636940.5516665
Dropping frame 1403636940.6516664
Dropping frame 1403636940.7516665
Dropping frame 1403636940.8516665
Dropping frame 1403636941.1016665
Dropping frame 1403636941.3516665
Dropping frame 1403636941.4516664
Dropping frame 1403636941.5516665
Dropping frame 1403636941.7516665
Dropping frame 1403636941.8516665
Dropping frame 1403636941.9516664
Dropping frame 1403636942.1516664
Dropping frame 1403636942.2516665
Dropping frame 1403636942.3516665
Dropping frame 1403636942.5516665
Dropping frame 1403636942.7016666
Dropping frame 1403636942.8016665
Dropping frame 1403636943.0016665
Dropping frame 1403636943.2016666
Dropping frame 1403636943.3016665
Dropping frame 1403636943.4016666
Dropping frame 1403636943.6016665
Dropping frame 1403636943.7016666
Dropping frame 1403636943.8516665
Dropping frame 1403636944.0016665
Dropping frame 1403636944.1016665
Dropping frame 1403636944.3016665
Dropping frame 1403636944.4016666
Dropping frame 1403636944.6516664
Dropping frame 1403636944.7516665
Dropping frame 1403636944.8516665
Dropping frame 1403636945.0516665
Dropping frame 1403636945.1516664
Dropping frame 1403636945.2516665
Dropping frame 1403636945.6516664
Dropping frame 1403636945.7516665
Dropping frame 1403636945.9516664
Dropping frame 1403636946.2516665
Dropping frame 1403636946.3516665
Dropping frame 1403636946.6016665
Dropping frame 1403636946.7516665
Dropping frame 1403636946.9516664
Dropping frame 1403636947.0516665
Dropping frame 1403636947.3016665
Dropping frame 1403636947.5016665
Dropping frame 1403636947.6016665
Dropping frame 1403636947.8016665
Dropping frame 1403636947.9016666
Dropping frame 1403636948.1516664
Dropping frame 1403636948.2516665
Dropping frame 1403636948.5016665
Dropping frame 1403636948.7016666
Dropping frame 1403636948.8016665
Dropping frame 1403636949.0516665
Dropping frame 1403636949.1516664
Dropping frame 1403636949.3516665
Dropping frame 1403636949.7016666
Dropping frame 1403636949.8016665
Dropping frame 1403636949.9016666
Dropping frame 1403636950.1016665
Dropping frame 1403636950.4016666
Dropping frame 1403636950.5016665
Dropping frame 1403636950.6016665
Dropping frame 1403636950.9016666
Dropping frame 1403636951.0516665
Dropping frame 1403636951.2516665
Dropping frame 1403636951.6516664
Dropping frame 1403636952.6016665
Dropping frame 1403636952.7016666
Dropping frame 1403636952.9516664
Dropping frame 1403636953.1016665
Dropping frame 1403636953.2516665
Dropping frame 1403636953.3516665
Dropping frame 1403636953.5516665
Dropping frame 1403636953.9516664
Dropping frame 1403636954.0516665
Dropping frame 1403636954.3016665
Dropping frame 1403636954.5016665
Dropping frame 1403636954.7016666
Dropping frame 1403636954.8516665
Dropping frame 1403636955.0516665
Dropping frame 1403636955.2516665
Dropping frame 1403636955.4516664
Dropping frame 1403636955.5516665
Dropping frame 1403636955.9016666
Dropping frame 1403636956.2516665
Dropping frame 1403636956.4516664
Dropping frame 1403636956.5516665
Dropping frame 1403636957.0016665
Dropping frame 1403636957.1016665
Dropping frame 1403636957.2016666
Dropping frame 1403636957.4016666
Dropping frame 1403636957.6016665
Dropping frame 1403636957.8016665
Dropping frame 1403636957.9016666
Dropping frame 1403636958.3016665
Dropping frame 1403636958.4516664
Dropping frame 1403636958.6516664
Dropping frame 1403636958.7516665
Dropping frame 1403636959.0016665
Dropping frame 1403636959.2016666
Dropping frame 1403636959.4016666
Dropping frame 1403636959.6016665
Dropping frame 1403636959.7016666
Dropping frame 1403636960.0016665
Dropping frame 1403636960.1016665
Dropping frame 1403636960.3516665
Dropping frame 1403636960.5516665
Dropping frame 1403636960.6516664
Dropping frame 1403636960.8516665
Dropping frame 1403636961.0516665
Dropping frame 1403636961.2516665
Dropping frame 1403636961.3516665
Dropping frame 1403636961.6016665
Dropping frame 1403636961.9016666
Dropping frame 1403636962.6016665
Dropping frame 1403636962.8016665
Dropping frame 1403636963.0016665
Dropping frame 1403636963.1016665
Dropping frame 1403636963.3516665
Dropping frame 1403636963.6516664
Dropping frame 1403636963.8516665
Dropping frame 1403636964.1016665
Dropping frame 1403636964.2016666
Dropping frame 1403636964.4016666
Dropping frame 1403636964.6516664
Dropping frame 1403636964.7516665
Dropping frame 1403636965.0016665
Dropping frame 1403636965.2016666
Dropping frame 1403636965.3016665
Dropping frame 1403636965.5016665
Dropping frame 1403636965.6016665
Dropping frame 1403636966.0016665
Dropping frame 1403636966.2016666
Dropping frame 1403636966.5516665
Dropping frame 1403636966.7516665
Dropping frame 1403636966.9516664
Dropping frame 1403636967.1016665
Dropping frame 1403636967.3016665
Dropping frame 1403636967.5016665
Dropping frame 1403636968.0016665
Dropping frame 1403636968.1016665
Dropping frame 1403636968.3516665
Dropping frame 1403636968.4516664
Dropping frame 1403636968.6516664
Dropping frame 1403636968.8516665
Dropping frame 1403636969.1016665
Dropping frame 1403636969.2016666
Dropping frame 1403636969.3016665
Dropping frame 1403636969.4016666
Dropping frame 1403636969.6516664
Dropping frame 1403636969.7516665
Dropping frame 1403636970.0016665
Dropping frame 1403636970.2016666
Dropping frame 1403636970.4016666
Dropping frame 1403636970.7016666
Dropping frame 1403636971.1516664
Dropping frame 1403636971.5016665
Dropping frame 1403636971.7016666
Dropping frame 1403636971.9016666
Dropping frame 1403636972.2516665
Dropping frame 1403636972.6016665
Dropping frame 1403636972.7016666
Dropping frame 1403636973.1016665
Dropping frame 1403636973.9516664
Dropping frame 1403636974.3516665
Dropping frame 1403636974.8016665
Dropping frame 1403636975.1016665
Dropping frame 1403636975.3016665
Dropping frame 1403636975.5016665
Dropping frame 1403636975.8016665
Dropping frame 1403636976.2016666
Dropping frame 1403636976.6016665
Dropping frame 1403636976.7016666
Dropping frame 1403636976.8016665
Dropping frame 1403636977.0016665
Dropping frame 1403636977.2016666
Dropping frame 1403636977.3016665
Dropping frame 1403636977.4516664
Dropping frame 1403636977.6516664
Dropping frame 1403636977.8516665
Dropping frame 1403636978.0516665
Dropping frame 1403636978.2016666
Dropping frame 1403636978.4016666
Dropping frame 1403636978.6016665
Dropping frame 1403636979.2516665
Dropping frame 1403636979.4516664
Dropping frame 1403636979.6016665
Dropping frame 1403636979.8016665
Dropping frame 1403636979.9016666
Dropping frame 1403636980.0016665
Dropping frame 1403636980.1516664
Dropping frame 1403636980.3516665
Dropping frame 1403636980.5516665
Dropping frame 1403636980.6516664
Dropping frame 1403636980.7516665
Dropping frame 1403636980.8516665
Dropping frame 1403636981.0516665
Dropping frame 1403636981.1516664
Dropping frame 1403636981.3516665
Dropping frame 1403636981.4516664
Dropping frame 1403636981.8516665
Dropping frame 1403636981.9516664
Dropping frame 1403636982.0516665
Dropping frame 1403636982.3016665
Dropping frame 1403636982.4016666
Dropping frame 1403636982.5016665
Dropping frame 1403636982.7016666
Dropping frame 1403636982.9016666
Dropping frame 1403636983.0016665
Dropping frame 1403636983.1016665
Dropping frame 1403636983.3016665
Dropping frame 1403636983.5016665
Dropping frame 1403636983.6016665
Dropping frame 1403636983.7016666
Dropping frame 1403636983.8016665
Dropping frame 1403636984.0016665
Dropping frame 1403636984.2016666
Dropping frame 1403636984.3516665
Dropping frame 1403636984.4516664
Dropping frame 1403636984.6516664
Dropping frame 1403636984.7516665
Dropping frame 1403636984.8516665
Dropping frame 1403636985.0516665
Dropping frame 1403636985.2516665
Dropping frame 1403636985.3516665
Dropping frame 1403636985.4516664
Dropping frame 1403636985.7016666
Dropping frame 1403636985.9016666
Dropping frame 1403636986.0016665
Dropping frame 1403636986.2516665
Dropping frame 1403636986.3516665
Dropping frame 1403636986.7516665
Dropping frame 1403636987.3516665
Dropping frame 1403636987.7516665
Dropping frame 1403636987.9516664
Dropping frame 1403636988.1516664
Dropping frame 1403636988.2516665
Dropping frame 1403636988.6016665
Dropping frame 1403636988.9516664
Dropping frame 1403636989.6516664
Dropping frame 1403636991.5016665
Dropping frame 1403636991.9516664
Dropping frame 1403636992.6016665
Dropping frame 1403636992.9516664
Dropping frame 1403636993.2516665
Dropping frame 1403636993.3516665
Dropping frame 1403636994.0516665
Dropping frame 1403636994.1516664
Dropping frame 1403636994.4016666
Dropping frame 1403636994.7016666
Dropping frame 1403636994.9016666
Dropping frame 1403636995.0016665
Dropping frame 1403636995.2516665
Dropping frame 1403636995.4516664
Dropping frame 1403636995.5516665
Dropping frame 1403636995.6516664
Dropping frame 1403636995.7516665
Dropping frame 1403636996.0516665
Dropping frame 1403636996.1516664
Dropping frame 1403636996.4016666
Dropping frame 1403636996.6016665
Dropping frame 1403636996.7016666
Dropping frame 1403636996.9516664
Dropping frame 1403636997.2516665
Dropping frame 1403636997.4516664
Dropping frame 1403636997.6516664
Dropping frame 1403636997.7516665
Dropping frame 1403636998.0016665
Dropping frame 1403636998.1516664
Dropping frame 1403636998.3516665
Dropping frame 1403636998.6516664
Dropping frame 1403636998.8516665
Dropping frame 1403636999.0016665
Dropping frame 1403636999.1016665
Dropping frame 1403636999.9016666
Dropping frame 1403637000.1016665
Dropping frame 1403637000.2016666
Dropping frame 1403637000.3016665
Dropping frame 1403637000.5516665
Dropping frame 1403637000.6516664
Dropping frame 1403637000.7516665
Dropping frame 1403637000.9516664
Dropping frame 1403637001.0516665
Dropping frame 1403637001.1516664
Dropping frame 1403637001.3516665
Dropping frame 1403637001.4516664
Dropping frame 1403637001.5516665
Dropping frame 1403637001.7516665
Dropping frame 1403637001.9516664
Dropping frame 1403637002.0516665
Dropping frame 1403637002.1516664
Dropping frame 1403637002.2516665
Dropping frame 1403637002.5016665
Dropping frame 1403637002.7016666
Dropping frame 1403637002.8016665
Dropping frame 1403637002.9016666
Dropping frame 1403637003.1516664
Dropping frame 1403637003.2516665
Dropping frame 1403637003.5016665
Dropping frame 1403637003.7016666
Dropping frame 1403637003.8016665
Dropping frame 1403637003.9016666
Dropping frame 1403637004.1016665
Dropping frame 1403637004.2016666
Dropping frame 1403637004.3016665
Dropping frame 1403637004.5016665
Dropping frame 1403637004.6016665
Dropping frame 1403637004.7016666
Dropping frame 1403637004.9016666
Dropping frame 1403637005.1016665
Dropping frame 1403637005.2016666
Dropping frame 1403637005.3016665
Dropping frame 1403637005.5516665
Dropping frame 1403637005.6516664
Dropping frame 1403637005.8016665
Dropping frame 1403637006.0516665
Dropping frame 1403637006.1516664
Dropping frame 1403637006.2516665
Dropping frame 1403637006.4016666
Dropping frame 1403637006.5016665
Dropping frame 1403637006.9016666
Dropping frame 1403637007.1016665
Dropping frame 1403637007.4016666
Dropping frame 1403637007.5016665
Dropping frame 1403637007.6016665
Dropping frame 1403637007.8016665
Dropping frame 1403637008.0016665
Dropping frame 1403637008.1016665
Dropping frame 1403637008.2516665
Dropping frame 1403637008.4516664
Dropping frame 1403637008.6016665
Dropping frame 1403637008.7016666
Dropping frame 1403637008.8016665
Dropping frame 1403637009.0016665
Dropping frame 1403637009.1016665
Dropping frame 1403637009.3516665
Dropping frame 1403637009.4516664
Dropping frame 1403637009.7516665
Dropping frame 1403637009.9516664
Dropping frame 1403637010.0516665
Dropping frame 1403637010.3016665
Dropping frame 1403637010.4516664
Dropping frame 1403637010.5516665
Shutdown
SLAM Finished at System Time: 1740930985.81775

 TIME STATS in ms (mean$\pm$std)
OpenCV version: 4.8.1
---------------------------
Tracking

ORB Extraction: 16.739$\pm$1.6802
Stereo Matching: 7.1633$\pm$2.0349
IMU Preintegration: 0.2577$\pm$0.10662
Pose Prediction: 0.21483$\pm$0.62907
LM Track: 19.205$\pm$5.1872
New KF decision: 1.2115$\pm$2.2944
Total Tracking: 34.131$\pm$24.004



Local Mapping

KF Insertion: 15.774$\pm$5.3584
MP Culling: 0.54282$\pm$0.21378
MP Creation: 47.652$\pm$15.546
LBA: 154.25$\pm$55.662
KF Culling: 15.482$\pm$10.128
Total Local Mapping: 233.6$\pm$77.276
---------------------------

LBA complexity (mean$\pm$std)
LBA Edges: 1685.2$\pm$547.21
LBA KF optimized: 6.5$\pm$2.2913
LBA KF fixed: 1$\pm$0
LBA MP: nan$\pm$nan

LBA executions: 484
LBA aborts: 0
---------------------------

Map complexity
KFs in map: 145
MPs in map: 12081
---------------------------

Place Recognition (mean$\pm$std)
Database Query: 1.5243$\pm$0.87525
SE3 estimation: 13.061$\pm$15.161
Total Place Recognition: 12.505$\pm$15.356


Loop Closing (mean$\pm$std)
Loop Fusion: nan$\pm$nan
Essential Graph: nan$\pm$nan
Total Loop Closing: nan$\pm$nan

Num exec: 0
Number of KFs: nan$\pm$nan

Map Merging (mean$\pm$std)
Merge Maps: nan$\pm$nan
Welding BA: nan$\pm$nan
Optimization Ess.: nan$\pm$nan
Total Map Merging: nan$\pm$nan

Num exec: 0
Number of KFs: nan$\pm$nan
Number of MPs: nan$\pm$nan

Full GBA (mean$\pm$std)
GBA: nan$\pm$nan
Map Update: nan$\pm$nan
Total Full GBA: nan$\pm$nan

Num exec: 0
Num abort: 0
Number of KFs: nan$\pm$nan
Number of MPs: nan$\pm$nan

Saving trajectory to f_dataset-MH02_stereo_imu.txt ...
There are 1 maps in the atlas
  Map 0 has 145 KFs

End of saving trajectory to f_dataset-MH02_stereo_imu.txt ...

Saving keyframe trajectory to kf_dataset-MH02_stereo_imu.txt ...
