num_seq = 1
file name: dataset-MH04_stereo_imu
Loading images for sequence 0...LOADED!
Loading IMU for sequence 0...LOADED!

-------

ORB-SLAM3 Copyright (C) 2017-2020 Carlos Campos, Richard Elvira, Juan J. Gómez, José M.M. Montiel and Juan D. Tardós, University of Zaragoza.
ORB-SLAM2 Copyright (C) 2014-2016 Raúl Mur-Artal, José M.M. Montiel and Juan D. Tardós, University of Zaragoza.
This program comes with ABSOLUTELY NO WARRANTY;
This is free software, and you are welcome to redistribute it
under certain conditions. See LICENSE.txt.

Built with REGISTER_TIMES
Git Commit Hash: 2d47524

Build Type: Release

Compiled with C++ version: 201703

Input sensor was set to: Stereo-Inertial
Loading settings from EuRoC_fov_deadlines_mask_18x18.yaml
	-Loaded camera 1
	-Loaded camera 2
	-Loaded image info
	-Loaded IMU calibration
	-Loaded ORB settings
	-Loaded viewer settings
	-Loaded Atlas settings
Deadlines enabled, will skip frames!
FOV enabled
Static mask size: 18x18
Dumping map points enabled
	-Loaded misc parameters
	-Computed rectification maps
----------------------------------
SLAM settings: 
	-Camera 1 parameters (Pinhole): [ 458.65399169921875 457.29598999023438 367.21499633789062 248.375 ]
	-Camera 1 distortion parameters: [  -0.28340810537338257 0.073959067463874817 0.00019359000725671649 1.7618711353861727e-05 ]
	-Camera 2 parameters (Pinhole: [ 457.58700561523438 456.13400268554688 379.99899291992188 255.23800659179688 ]
	-Camera 1 distortion parameters: [  -0.2836836576461792 0.074512839317321777 -0.00010473000293131918 -3.555907096597366e-05 ]
	-Original image size: [ 752 , 480 ]
	-Current image size: [ 752 , 480 ]
	-Camera 1 parameters after rectification: [  456.71499633789062 456.71499633789062 364.52615356445312 257.268798828125 ]
	-Sequence FPS: 20
	-Stereo baseline: 0.11007784307003021
	-Stereo depth threshold : 60
	-Gyro noise: 0.00016999999934341758
	-Accelerometer noise: 0.0020000000949949026
	-Gyro walk: 1.9392999092815444e-05
	-Accelerometer walk: 0.0030000000260770321
	-IMU frequency: 200
	-Features per image: 1200
	-ORB scale factor: 1.2000000476837158
	-ORB number of scales: 8
	-Initial FAST threshold: 20
	-Min FAST threshold: 7


Loading ORB Vocabulary. This could take a while...
Vocabulary loaded!

Initialization of Atlas from scratch 
Creation of new map with id: 0
Creation of new map with last KF id: 0
Seq. Name: 
There are 1 cameras in the atlas
Camera 0 is pinhole
SLAM Started at System Time: 1742852537.05386
not IMU meas
not IMU meas
not enough acceleration
not enough acceleration
not enough acceleration
not enough acceleration
not enough acceleration
not enough acceleration
not enough acceleration
not enough acceleration
not enough acceleration
not enough acceleration
not enough acceleration
not enough acceleration
not enough acceleration
not enough acceleration
not enough acceleration
not enough acceleration
not enough acceleration
not enough acceleration
not enough acceleration
not enough acceleration
not enough acceleration
not enough acceleration
not enough acceleration
not enough acceleration
not enough acceleration
not enough acceleration
not enough acceleration
not enough acceleration
not enough acceleration
not enough acceleration
First KF:0; Map init KF:0
New Map created with 149 points
Active map: 0
Dropping frame 1403638130.195097
Dropping frame 1403638130.4950972
Dropping frame 1403638130.7950971
Dropping frame 1403638130.895097
Dropping frame 1403638131.0450969
Dropping frame 1403638131.2950971
Dropping frame 1403638131.4950972
Dropping frame 1403638131.5950971
Dropping frame 1403638131.7950971
Dropping frame 1403638131.895097
Dropping frame 1403638131.9950972
Dropping frame 1403638132.2950971
Dropping frame 1403638132.5450969
Dropping frame 1403638132.7450969
Dropping frame 1403638132.895097
Dropping frame 1403638133.2450969
Dropping frame 1403638133.445097
Dropping frame 1403638133.5450969
Dropping frame 1403638133.7450969
Dropping frame 1403638133.9950972
Dropping frame 1403638134.0950971
start VIBA 1
Dropping frame 1403638134.3450971
end VIBA 1
Dropping frame 1403638134.445097
Dropping frame 1403638134.5450969
Dropping frame 1403638134.7450969
Dropping frame 1403638134.8450971
Dropping frame 1403638135.0950971
Dropping frame 1403638135.195097
Dropping frame 1403638135.2950971
Dropping frame 1403638135.395097
Dropping frame 1403638135.645097
Dropping frame 1403638135.7450969
Dropping frame 1403638135.9950972
Dropping frame 1403638136.195097
Dropping frame 1403638136.2950971
Dropping frame 1403638136.5450969
Dropping frame 1403638136.645097
Dropping frame 1403638136.7450969
Dropping frame 1403638136.9950972
Dropping frame 1403638137.195097
Dropping frame 1403638137.2950971
Dropping frame 1403638137.445097
Dropping frame 1403638137.645097
Dropping frame 1403638137.8450971
Dropping frame 1403638138.0450969
Dropping frame 1403638138.145097
Dropping frame 1403638138.2450969
Dropping frame 1403638138.445097
Not enough motion for initializing. Reseting...
TRACK: Reset map because local mapper set the bad imu flag 
LM: Active map reset recieved
LM: Active map reset, waiting...
LM: Reseting current map in Local Mapping...
LM: End reseting Local Mapping...
LM: Reset free the mutex
LM: Active map reset, Done!!!
mnFirstFrameId = 32
mnInitialFrameId = 0
144 Frames set to lost
not IMU meas
not enough acceleration
not enough acceleration
First KF:40; Map init KF:0
New Map created with 170 points
Active map: 0
Dropping frame 1403638138.7450969
Dropping frame 1403638138.8450971
Dropping frame 1403638139.0450969
Dropping frame 1403638139.2450969
Dropping frame 1403638139.445097
Dropping frame 1403638139.645097
Dropping frame 1403638139.7450969
Dropping frame 1403638139.8450971
Dropping frame 1403638139.945097
Dropping frame 1403638140.145097
Dropping frame 1403638140.3450971
Dropping frame 1403638140.445097
Dropping frame 1403638140.5450969
Dropping frame 1403638140.645097
Dropping frame 1403638140.8450971
Dropping frame 1403638141.145097
Dropping frame 1403638141.3450971
Dropping frame 1403638141.445097
Dropping frame 1403638141.5450969
Not enough motion for initializing. Reseting...
TRACK: Reset map because local mapper set the bad imu flag 
LM: Reseting current map in Local Mapping...
LM: End reseting Local Mapping...
LM: Reset free the mutex
LM: Active map reset recieved
LM: Active map reset, waiting...
LM: Reseting current map in Local Mapping...
LM: End reseting Local Mapping...
LM: Reset free the mutex
LM: Active map reset, Done!!!
mnFirstFrameId = 180
mnInitialFrameId = 176
186 Frames set to lost
not IMU meas
not enough acceleration
not enough acceleration
Dropping frame 1403638141.945097
not enough acceleration
not enough acceleration
not enough acceleration
Dropping frame 1403638142.145097
not enough acceleration
Dropping frame 1403638142.2450969
First KF:51; Map init KF:40
New Map created with 168 points
Active map: 0
Dropping frame 1403638142.3450971
Dropping frame 1403638142.5950971
Dropping frame 1403638142.695097
Dropping frame 1403638142.7950971
Dropping frame 1403638142.9950972
Dropping frame 1403638143.195097
Dropping frame 1403638143.2950971
Dropping frame 1403638144.5950971
Dropping frame 1403638144.895097
Not enough motion for initializing. Reseting...
LM: Reseting current map in Local Mapping...
LM: End reseting Local Mapping...
LM: Reset free the mutex
Dropping frame 1403638145.2450969
Not enough motion for initializing. Reseting...
TRACK: Reset map because local mapper set the bad imu flag 
LM: Reseting current map in Local Mapping...
LM: End reseting Local Mapping...
LM: Reset free the mutex
LM: Active map reset recieved
LM: Active map reset, waiting...
LM: Reseting current map in Local Mapping...
LM: End reseting Local Mapping...
LM: Reset free the mutex
LM: Active map reset, Done!!!
mnFirstFrameId = 230
mnInitialFrameId = 222
244 Frames set to lost
not IMU meas
not enough acceleration
not enough acceleration
not enough acceleration
not enough acceleration
not enough acceleration
not enough acceleration
not enough acceleration
not enough acceleration
not enough acceleration
not enough acceleration
not enough acceleration
not enough acceleration
not enough acceleration
not enough acceleration
not enough acceleration
not enough acceleration
not enough acceleration
not enough acceleration
not enough acceleration
not enough acceleration
not enough acceleration
not enough acceleration
not enough acceleration
not enough acceleration
not enough acceleration
not enough acceleration
not enough acceleration
not enough acceleration
not enough acceleration
not enough acceleration
not enough acceleration
not enough acceleration
not enough acceleration
not enough acceleration
not enough acceleration
not enough acceleration
not enough acceleration
not enough acceleration
not enough acceleration
not enough acceleration
First KF:63; Map init KF:51
New Map created with 184 points
Active map: 0
start VIBA 1
end VIBA 1
Dropping frame 1403638156.5450969
Dropping frame 1403638156.695097
Dropping frame 1403638156.9950972
Dropping frame 1403638157.145097
Dropping frame 1403638157.3450971
Dropping frame 1403638157.5450969
Dropping frame 1403638157.695097
Dropping frame 1403638157.7950971
Dropping frame 1403638157.945097
Dropping frame 1403638158.0450969
Dropping frame 1403638158.145097
Dropping frame 1403638158.2450969
Dropping frame 1403638158.3450971
Dropping frame 1403638158.445097
Dropping frame 1403638158.5950971
Dropping frame 1403638158.695097
Dropping frame 1403638158.7950971
Dropping frame 1403638158.895097
Dropping frame 1403638158.9950972
Dropping frame 1403638159.0950971
Dropping frame 1403638159.195097
Dropping frame 1403638159.2950971
Dropping frame 1403638159.445097
Dropping frame 1403638159.5450969
Dropping frame 1403638159.645097
Dropping frame 1403638159.7450969
Dropping frame 1403638159.945097
Dropping frame 1403638160.0450969
Dropping frame 1403638160.145097
Dropping frame 1403638160.2950971
Dropping frame 1403638160.395097
Dropping frame 1403638160.4950972
Dropping frame 1403638160.5950971
Dropping frame 1403638160.7450969
Dropping frame 1403638160.895097
Dropping frame 1403638160.9950972
Dropping frame 1403638161.2950971
Dropping frame 1403638161.5450969
Dropping frame 1403638161.645097
Dropping frame 1403638161.8450971
Dropping frame 1403638161.9950972
Dropping frame 1403638162.0950971
Dropping frame 1403638162.2950971
Dropping frame 1403638162.395097
Dropping frame 1403638162.5450969
Dropping frame 1403638162.695097
Dropping frame 1403638162.7950971
Dropping frame 1403638162.895097
Dropping frame 1403638163.0950971
start VIBA 2
Dropping frame 1403638163.195097
Dropping frame 1403638163.445097
end VIBA 2
Dropping frame 1403638163.5950971
Dropping frame 1403638164.2950971
Dropping frame 1403638165.145097
Dropping frame 1403638165.2450969
Dropping frame 1403638165.445097
Dropping frame 1403638165.5950971
Dropping frame 1403638165.695097
Dropping frame 1403638165.7950971
Dropping frame 1403638165.895097
Dropping frame 1403638165.9950972
Dropping frame 1403638166.145097
Dropping frame 1403638166.2450969
Dropping frame 1403638166.395097
Dropping frame 1403638166.4950972
Dropping frame 1403638166.5950971
Dropping frame 1403638166.695097
Dropping frame 1403638166.7950971
Dropping frame 1403638166.895097
Dropping frame 1403638166.9950972
Dropping frame 1403638167.3450971
Dropping frame 1403638168.2450969
Dropping frame 1403638168.4950972
Dropping frame 1403638168.5950971
Dropping frame 1403638168.695097
Dropping frame 1403638168.7950971
Dropping frame 1403638168.895097
Dropping frame 1403638169.0950971
Dropping frame 1403638169.195097
Dropping frame 1403638169.395097
Dropping frame 1403638169.4950972
Dropping frame 1403638169.5950971
Dropping frame 1403638169.7950971
Dropping frame 1403638169.895097
Dropping frame 1403638169.9950972
Dropping frame 1403638170.195097
Dropping frame 1403638170.2950971
Dropping frame 1403638170.4950972
Dropping frame 1403638170.695097
Dropping frame 1403638170.7950971
Dropping frame 1403638170.9950972
Dropping frame 1403638171.195097
Dropping frame 1403638171.395097
Dropping frame 1403638171.5950971
Dropping frame 1403638171.7950971
Dropping frame 1403638171.9950972
Dropping frame 1403638172.0950971
Dropping frame 1403638172.2950971
Dropping frame 1403638172.4950972
Dropping frame 1403638172.695097
Dropping frame 1403638172.895097
Dropping frame 1403638173.0950971
Dropping frame 1403638173.2950971
Dropping frame 1403638173.4950972
Dropping frame 1403638173.695097
Dropping frame 1403638173.7950971
Dropping frame 1403638173.9950972
Dropping frame 1403638174.195097
Dropping frame 1403638174.395097
Dropping frame 1403638174.5950971
Dropping frame 1403638174.695097
Dropping frame 1403638174.7950971
Dropping frame 1403638174.9950972
Dropping frame 1403638175.195097
Dropping frame 1403638175.395097
Dropping frame 1403638175.4950972
Dropping frame 1403638175.695097
Dropping frame 1403638175.895097
Dropping frame 1403638176.0950971
Dropping frame 1403638176.2950971
Dropping frame 1403638176.395097
Dropping frame 1403638176.5950971
Dropping frame 1403638176.695097
Dropping frame 1403638176.895097
Dropping frame 1403638177.0950971
Dropping frame 1403638177.195097
Dropping frame 1403638177.2950971
Dropping frame 1403638177.395097
Dropping frame 1403638177.4950972
Dropping frame 1403638177.695097
Dropping frame 1403638177.7950971
Dropping frame 1403638177.945097
Dropping frame 1403638178.145097
Dropping frame 1403638178.3450971
Dropping frame 1403638178.445097
Dropping frame 1403638178.5450969
Dropping frame 1403638178.7450969
Dropping frame 1403638178.8450971
Dropping frame 1403638179.0450969
Dropping frame 1403638179.2450969
Dropping frame 1403638179.3450971
Dropping frame 1403638179.445097
Dropping frame 1403638179.645097
Dropping frame 1403638179.8450971
Dropping frame 1403638179.945097
Dropping frame 1403638180.145097
Dropping frame 1403638180.2450969
Dropping frame 1403638180.445097
Dropping frame 1403638180.645097
Dropping frame 1403638180.8450971
Dropping frame 1403638180.945097
Dropping frame 1403638181.0450969
Dropping frame 1403638181.2450969
Dropping frame 1403638181.445097
Dropping frame 1403638181.5950971
Dropping frame 1403638181.8450971
Dropping frame 1403638181.945097
Dropping frame 1403638182.2450969
Dropping frame 1403638182.3450971
Dropping frame 1403638182.445097
Dropping frame 1403638182.5450969
Dropping frame 1403638182.645097
Dropping frame 1403638182.8450971
Dropping frame 1403638183.0450969
Dropping frame 1403638183.2450969
Dropping frame 1403638183.3450971
Dropping frame 1403638183.5950971
Dropping frame 1403638183.8450971
Dropping frame 1403638183.945097
Dropping frame 1403638184.0450969
Dropping frame 1403638184.195097
Dropping frame 1403638184.2950971
Dropping frame 1403638184.5450969
Dropping frame 1403638184.7450969
Dropping frame 1403638184.8450971
Dropping frame 1403638184.945097
Dropping frame 1403638185.145097
Dropping frame 1403638185.2450969
Dropping frame 1403638185.445097
Dropping frame 1403638185.645097
Dropping frame 1403638185.8450971
Dropping frame 1403638186.0450969
Dropping frame 1403638186.2450969
Dropping frame 1403638186.3450971
Dropping frame 1403638186.5450969
Dropping frame 1403638186.7450969
Dropping frame 1403638186.8450971
Dropping frame 1403638187.0450969
Dropping frame 1403638187.2450969
Dropping frame 1403638187.445097
Dropping frame 1403638187.645097
Dropping frame 1403638187.8450971
Dropping frame 1403638188.0450969
Dropping frame 1403638188.2450969
Dropping frame 1403638188.3450971
Dropping frame 1403638188.445097
Dropping frame 1403638188.5950971
Dropping frame 1403638188.695097
Dropping frame 1403638188.945097
Dropping frame 1403638189.0450969
Dropping frame 1403638189.145097
Dropping frame 1403638189.2950971
Dropping frame 1403638189.395097
Dropping frame 1403638189.4950972
Dropping frame 1403638189.645097
Dropping frame 1403638189.7450969
Dropping frame 1403638189.945097
Dropping frame 1403638190.0450969
Dropping frame 1403638190.145097
Dropping frame 1403638190.395097
Dropping frame 1403638190.4950972
Dropping frame 1403638190.5950971
Dropping frame 1403638190.8450971
Dropping frame 1403638191.0450969
Dropping frame 1403638191.2450969
Dropping frame 1403638191.445097
Dropping frame 1403638191.645097
Dropping frame 1403638191.7950971
Dropping frame 1403638191.9950972
Dropping frame 1403638192.195097
Dropping frame 1403638192.3450971
Dropping frame 1403638192.5450969
Dropping frame 1403638192.7450969
Dropping frame 1403638193.0450969
Dropping frame 1403638193.395097
Dropping frame 1403638193.5950971
Dropping frame 1403638193.895097
Dropping frame 1403638194.0950971
Dropping frame 1403638194.195097
Dropping frame 1403638194.445097
Dropping frame 1403638194.5450969
Dropping frame 1403638194.645097
Dropping frame 1403638194.8450971
Dropping frame 1403638195.0450969
Dropping frame 1403638195.145097
Dropping frame 1403638195.2450969
Dropping frame 1403638195.445097
Dropping frame 1403638195.5450969
Dropping frame 1403638195.645097
Dropping frame 1403638195.8450971
Dropping frame 1403638195.945097
Dropping frame 1403638196.0450969
Dropping frame 1403638196.2450969
Dropping frame 1403638196.3450971
Dropping frame 1403638196.445097
Dropping frame 1403638196.645097
Dropping frame 1403638196.7450969
Dropping frame 1403638196.8450971
Dropping frame 1403638197.0450969
Dropping frame 1403638197.145097
Dropping frame 1403638197.2450969
Dropping frame 1403638197.445097
Dropping frame 1403638197.645097
Dropping frame 1403638197.7450969
Dropping frame 1403638197.8450971
Dropping frame 1403638198.0450969
Dropping frame 1403638198.145097
Dropping frame 1403638198.395097
Dropping frame 1403638198.4950972
Dropping frame 1403638198.7450969
Dropping frame 1403638198.8450971
Dropping frame 1403638198.945097
Dropping frame 1403638199.145097
Dropping frame 1403638199.2450969
Dropping frame 1403638199.4950972
Dropping frame 1403638199.5950971
Dropping frame 1403638199.8450971
Dropping frame 1403638199.945097
Dropping frame 1403638200.195097
Dropping frame 1403638200.645097
Dropping frame 1403638200.7450969
Dropping frame 1403638201.0450969
Dropping frame 1403638201.2950971
Dropping frame 1403638201.5950971
Dropping frame 1403638201.7450969
Dropping frame 1403638201.945097
Dropping frame 1403638202.2950971
Dropping frame 1403638202.645097
Dropping frame 1403638202.945097
Dropping frame 1403638203.195097
Dropping frame 1403638203.395097
Dropping frame 1403638203.4950972
Dropping frame 1403638203.7450969
Dropping frame 1403638203.8450971
Dropping frame 1403638203.945097
Dropping frame 1403638204.145097
Dropping frame 1403638204.2450969
Dropping frame 1403638204.4950972
Dropping frame 1403638204.5950971
Dropping frame 1403638204.695097
Dropping frame 1403638204.895097
Dropping frame 1403638205.0950971
Dropping frame 1403638205.195097
Dropping frame 1403638205.2950971
Dropping frame 1403638205.4950972
Dropping frame 1403638205.695097
Dropping frame 1403638205.7950971
Dropping frame 1403638205.895097
Dropping frame 1403638206.0950971
Dropping frame 1403638206.195097
Dropping frame 1403638206.2950971
Dropping frame 1403638206.4950972
Dropping frame 1403638206.695097
Dropping frame 1403638206.895097
Dropping frame 1403638207.0950971
Dropping frame 1403638207.2950971
Dropping frame 1403638207.395097
Dropping frame 1403638207.4950972
Dropping frame 1403638207.695097
Dropping frame 1403638207.895097
Dropping frame 1403638207.9950972
Dropping frame 1403638208.195097
Dropping frame 1403638208.2950971
Dropping frame 1403638208.395097
Dropping frame 1403638208.645097
Dropping frame 1403638208.7450969
Dropping frame 1403638208.945097
Dropping frame 1403638209.145097
Dropping frame 1403638209.3450971
Dropping frame 1403638209.4950972
Dropping frame 1403638209.695097
Dropping frame 1403638209.895097
Dropping frame 1403638209.9950972
Dropping frame 1403638210.2450969
Dropping frame 1403638210.3450971
Dropping frame 1403638210.5950971
Dropping frame 1403638210.7950971
Dropping frame 1403638210.9950972
Dropping frame 1403638211.0950971
Dropping frame 1403638211.3450971
Dropping frame 1403638211.645097
Dropping frame 1403638211.8450971
Dropping frame 1403638211.9950972
Dropping frame 1403638212.195097
Dropping frame 1403638212.395097
Dropping frame 1403638212.4950972
Dropping frame 1403638212.5950971
Dropping frame 1403638212.7950971
Dropping frame 1403638213.0950971
Dropping frame 1403638213.195097
Dropping frame 1403638213.2950971
Dropping frame 1403638213.4950972
Dropping frame 1403638213.695097
Dropping frame 1403638213.895097
Dropping frame 1403638213.9950972
Dropping frame 1403638214.2450969
Dropping frame 1403638214.3450971
Dropping frame 1403638214.5950971
Dropping frame 1403638214.695097
Dropping frame 1403638214.895097
Dropping frame 1403638215.0950971
Dropping frame 1403638215.2950971
Dropping frame 1403638215.5450969
Dropping frame 1403638215.645097
Dropping frame 1403638215.7450969
Dropping frame 1403638215.9950972
Dropping frame 1403638216.4950972
Dropping frame 1403638216.695097
Dropping frame 1403638216.9950972
Dropping frame 1403638217.0950971
Dropping frame 1403638217.445097
Dropping frame 1403638217.7950971
Dropping frame 1403638218.145097
Dropping frame 1403638218.2450969
Dropping frame 1403638218.5450969
Dropping frame 1403638218.7450969
Dropping frame 1403638219.145097
Dropping frame 1403638219.3450971
Dropping frame 1403638219.4950972
Dropping frame 1403638219.5950971
Dropping frame 1403638219.7950971
Dropping frame 1403638219.895097
Dropping frame 1403638220.145097
Dropping frame 1403638220.3450971
Dropping frame 1403638220.5450969
Dropping frame 1403638220.695097
Dropping frame 1403638220.895097
Dropping frame 1403638221.0950971
Dropping frame 1403638221.395097
Dropping frame 1403638221.695097
Dropping frame 1403638221.9950972
Dropping frame 1403638222.2950971
Dropping frame 1403638222.7450969
Dropping frame 1403638222.8450971
Dropping frame 1403638223.195097
Dropping frame 1403638223.395097
Dropping frame 1403638223.645097
Dropping frame 1403638223.895097
Dropping frame 1403638224.2450969
Dropping frame 1403638224.8450971
Dropping frame 1403638225.0450969
Dropping frame 1403638225.3450971
Dropping frame 1403638225.445097
Dropping frame 1403638225.695097
Dropping frame 1403638225.895097
Dropping frame 1403638226.0950971
Fail to track local map!
Fail to track local map!
Fail to track local map!
Fail to track local map!
Dropping frame 1403638226.3450971
Fail to track local map!
Fail to track local map!
Fail to track local map!
Dropping frame 1403638226.5450969
Fail to track local map!
Fail to track local map!
Dropping frame 1403638226.695097
Fail to track local map!
Fail to track local map!
Dropping frame 1403638226.945097
Dropping frame 1403638227.145097
Dropping frame 1403638227.3450971
Dropping frame 1403638227.5950971
Shutdown
SLAM Finished at System Time: 1742852661.42185

 TIME STATS in ms (mean$\pm$std)
OpenCV version: 4.8.1
---------------------------
Tracking

ORB Extraction: 19.883$\pm$2.4334
Stereo Matching: 8.3483$\pm$2.0584
IMU Preintegration: 0.20397$\pm$0.086938
Pose Prediction: 0.60561$\pm$1.4562
LM Track: 17.474$\pm$6.7479
New KF decision: 1.1645$\pm$1.9721
Total Tracking: 31.69$\pm$26.116



Local Mapping

KF Insertion: 14.183$\pm$5.3456
MP Culling: 0.46362$\pm$0.21904
MP Creation: 42.432$\pm$17.085
LBA: 139.68$\pm$50.359
KF Culling: 10.531$\pm$8.1574
Total Local Mapping: 206.4$\pm$75.963
---------------------------

LBA complexity (mean$\pm$std)
LBA Edges: 1452.1$\pm$1019
LBA KF optimized: 6.5$\pm$2.2913
LBA KF fixed: 1$\pm$0
LBA MP: nan$\pm$nan

LBA executions: 385
LBA aborts: 0
---------------------------

Map complexity
KFs in map: 171
MPs in map: 13127
---------------------------

Place Recognition (mean$\pm$std)
Database Query: 2.2629$\pm$1.0832
SE3 estimation: 30.441$\pm$16.736
Total Place Recognition: 22.224$\pm$20.921


Loop Closing (mean$\pm$std)
Loop Fusion: nan$\pm$nan
Essential Graph: nan$\pm$nan
Total Loop Closing: nan$\pm$nan

Num exec: 0
Number of KFs: nan$\pm$nan

Map Merging (mean$\pm$std)
Merge Maps: nan$\pm$nan
Welding BA: nan$\pm$nan
Optimization Ess.: nan$\pm$nan
Total Map Merging: nan$\pm$nan

Num exec: 0
Number of KFs: nan$\pm$nan
Number of MPs: nan$\pm$nan

Full GBA (mean$\pm$std)
GBA: nan$\pm$nan
Map Update: nan$\pm$nan
Total Full GBA: nan$\pm$nan

Num exec: 0
Num abort: 0
Number of KFs: nan$\pm$nan
Number of MPs: nan$\pm$nan

Saving trajectory to f_dataset-MH04_stereo_imu.txt ...
There are 1 maps in the atlas
  Map 0 has 171 KFs

End of saving trajectory to f_dataset-MH04_stereo_imu.txt ...

Saving keyframe trajectory to kf_dataset-MH04_stereo_imu.txt ...
