num_seq = 1
file name: dataset-V103_stereo_imu
Loading images for sequence 0...LOADED!
Loading IMU for sequence 0...LOADED!

-------

ORB-SLAM3 Copyright (C) 2017-2020 Carlos Campos, Richard Elvira, Juan J. Gómez, José M.M. Montiel and Juan D. Tardós, University of Zaragoza.
ORB-SLAM2 Copyright (C) 2014-2016 Raúl Mur-Artal, José M.M. Montiel and Juan D. Tardós, University of Zaragoza.
This program comes with ABSOLUTELY NO WARRANTY;
This is free software, and you are welcome to redistribute it
under certain conditions. See LICENSE.txt.

Built with REGISTER_TIMES
Git Commit Hash: 33f00b6

Build Type: Release

Compiled with C++ version: 201703

Input sensor was set to: Stereo-Inertial
Loading settings from EuRoC_fov_deadlines_mask_8x8.yaml
	-Loaded camera 1
	-Loaded camera 2
	-Loaded image info
	-Loaded IMU calibration
	-Loaded ORB settings
	-Loaded viewer settings
	-Loaded Atlas settings
Deadlines enabled, will skip frames!
FOV enabled
Static mask size: 8x8
Dumping map points enabled
	-Loaded misc parameters
	-Computed rectification maps
----------------------------------
SLAM settings: 
	-Camera 1 parameters (Pinhole): [ 458.65399169921875 457.29598999023438 367.21499633789062 248.375 ]
	-Camera 1 distortion parameters: [  -0.28340810537338257 0.073959067463874817 0.00019359000725671649 1.7618711353861727e-05 ]
	-Camera 2 parameters (Pinhole: [ 457.58700561523438 456.13400268554688 379.99899291992188 255.23800659179688 ]
	-Camera 1 distortion parameters: [  -0.2836836576461792 0.074512839317321777 -0.00010473000293131918 -3.555907096597366e-05 ]
	-Original image size: [ 752 , 480 ]
	-Current image size: [ 752 , 480 ]
	-Camera 1 parameters after rectification: [  456.71499633789062 456.71499633789062 364.52615356445312 257.268798828125 ]
	-Sequence FPS: 20
	-Stereo baseline: 0.11007784307003021
	-Stereo depth threshold : 60
	-Gyro noise: 0.00016999999934341758
	-Accelerometer noise: 0.0020000000949949026
	-Gyro walk: 1.9392999092815444e-05
	-Accelerometer walk: 0.0030000000260770321
	-IMU frequency: 200
	-Features per image: 1200
	-ORB scale factor: 1.2000000476837158
	-ORB number of scales: 8
	-Initial FAST threshold: 20
	-Min FAST threshold: 7


Loading ORB Vocabulary. This could take a while...
Vocabulary loaded!

Initialization of Atlas from scratch 
Creation of new map with id: 0
Creation of new map with last KF id: 0
Seq. Name: 
There are 1 cameras in the atlas
Camera 0 is pinhole
SLAM Started at System Time: 1747045967.94129
not IMU meas
not IMU meas
not enough acceleration
not enough acceleration
not enough acceleration
not enough acceleration
not enough acceleration
not enough acceleration
not enough acceleration
not enough acceleration
not enough acceleration
not enough acceleration
not enough acceleration
not enough acceleration
not enough acceleration
not enough acceleration
not enough acceleration
not enough acceleration
not enough acceleration
not enough acceleration
not enough acceleration
not enough acceleration
not enough acceleration
not enough acceleration
not enough acceleration
not enough acceleration
not enough acceleration
not enough acceleration
not enough acceleration
not enough acceleration
not enough acceleration
not enough acceleration
not enough acceleration
not enough acceleration
not enough acceleration
not enough acceleration
not enough acceleration
not enough acceleration
not enough acceleration
not enough acceleration
not enough acceleration
not enough acceleration
not enough acceleration
not enough acceleration
not enough acceleration
not enough acceleration
not enough acceleration
not enough acceleration
not enough acceleration
not enough acceleration
not enough acceleration
not enough acceleration
not enough acceleration
not enough acceleration
not enough acceleration
not enough acceleration
not enough acceleration
not enough acceleration
not enough acceleration
not enough acceleration
not enough acceleration
not enough acceleration
not enough acceleration
not enough acceleration
not enough acceleration
not enough acceleration
not enough acceleration
not enough acceleration
not enough acceleration
not enough acceleration
not enough acceleration
not enough acceleration
not enough acceleration
not enough acceleration
not enough acceleration
not enough acceleration
not enough acceleration
not enough acceleration
not enough acceleration
not enough acceleration
not enough acceleration
not enough acceleration
not enough acceleration
not enough acceleration
not enough acceleration
not enough acceleration
not enough acceleration
not enough acceleration
not enough acceleration
not enough acceleration
not enough acceleration
not enough acceleration
not enough acceleration
not enough acceleration
not enough acceleration
not enough acceleration
not enough acceleration
not enough acceleration
not enough acceleration
not enough acceleration
not enough acceleration
not enough acceleration
not enough acceleration
not enough acceleration
not enough acceleration
not enough acceleration
not enough acceleration
not enough acceleration
not enough acceleration
not enough acceleration
not enough acceleration
not enough acceleration
not enough acceleration
not enough acceleration
not enough acceleration
not enough acceleration
not enough acceleration
not enough acceleration
not enough acceleration
not enough acceleration
not enough acceleration
not enough acceleration
not enough acceleration
not enough acceleration
not enough acceleration
not enough acceleration
not enough acceleration
not enough acceleration
not enough acceleration
not enough acceleration
not enough acceleration
not enough acceleration
not enough acceleration
not enough acceleration
not enough acceleration
not enough acceleration
First KF:0; Map init KF:0
New Map created with 235 points
Active map: 0
Dropping frame 1403715893.6840582
Dropping frame 1403715893.884058
Dropping frame 1403715894.1840582
Dropping frame 1403715894.584058
Dropping frame 1403715894.6840582
Dropping frame 1403715894.884058
Dropping frame 1403715895.1840582
Dropping frame 1403715895.384058
Dropping frame 1403715895.4840581
Dropping frame 1403715895.584058
Dropping frame 1403715895.7840581
Dropping frame 1403715895.884058
Dropping frame 1403715895.9840581
Dropping frame 1403715896.084058
Dropping frame 1403715896.334058
Dropping frame 1403715896.434058
Dropping frame 1403715896.5340581
Dropping frame 1403715896.7340579
Dropping frame 1403715896.934058
Dropping frame 1403715897.134058
Dropping frame 1403715897.434058
start VIBA 1
end VIBA 1
Dropping frame 1403715899.134058
Dropping frame 1403715899.6840582
Dropping frame 1403715899.7840581
Dropping frame 1403715899.884058
Dropping frame 1403715900.084058
Dropping frame 1403715901.134058
Dropping frame 1403715901.6840582
Dropping frame 1403715901.7840581
Dropping frame 1403715901.884058
Dropping frame 1403715902.434058
Dropping frame 1403715902.7840581
Dropping frame 1403715903.084058
Dropping frame 1403715905.134058
Dropping frame 1403715906.5340581
Dropping frame 1403715906.7340579
Dropping frame 1403715907.384058
Dropping frame 1403715907.6840582
start VIBA 2
Dropping frame 1403715908.834058
end VIBA 2
Dropping frame 1403715909.1840582
PR: Loop detected with Reffine Sim3
Dropping frame 1403715910.2340579
Dropping frame 1403715910.434058
Dropping frame 1403715910.7340579
Dropping frame 1403715911.1840582
Dropping frame 1403715911.634058
Dropping frame 1403715912.084058
Dropping frame 1403715912.434058
Dropping frame 1403715912.7840581
Dropping frame 1403715913.334058
Dropping frame 1403715913.934058
Dropping frame 1403715914.384058
Dropping frame 1403715914.9840581
Dropping frame 1403715915.584058
Dropping frame 1403715915.6840582
Dropping frame 1403715919.2340579
Dropping frame 1403715919.4840581
Dropping frame 1403715921.2840581
Dropping frame 1403715921.384058
Dropping frame 1403715924.584058
Dropping frame 1403715925.0340581
Dropping frame 1403715925.384058
Dropping frame 1403715925.6840582
Dropping frame 1403715931.2340579
Dropping frame 1403715931.6840582
Dropping frame 1403715932.9840581
Dropping frame 1403715933.084058
Dropping frame 1403715933.434058
Dropping frame 1403715933.5340581
Dropping frame 1403715933.7840581
Dropping frame 1403715934.384058
Dropping frame 1403715934.884058
Dropping frame 1403715935.334058
Dropping frame 1403715935.584058
Dropping frame 1403715936.2340579
Dropping frame 1403715936.7840581
Dropping frame 1403715936.884058
Dropping frame 1403715937.1840582
Dropping frame 1403715937.334058
Dropping frame 1403715937.7840581
Dropping frame 1403715938.434058
Dropping frame 1403715938.5340581
Dropping frame 1403715938.7840581
Dropping frame 1403715940.9840581
Dropping frame 1403715941.1840582
Dropping frame 1403715941.334058
Dropping frame 1403715941.6840582
Dropping frame 1403715941.7840581
Dropping frame 1403715943.384058
Dropping frame 1403715943.4840581
Dropping frame 1403715943.584058
Dropping frame 1403715943.6840582
Dropping frame 1403715943.884058
Dropping frame 1403715943.9840581
Dropping frame 1403715944.1840582
Dropping frame 1403715944.4840581
Dropping frame 1403715944.7840581
Dropping frame 1403715944.884058
Dropping frame 1403715945.4840581
Dropping frame 1403715946.084058
Dropping frame 1403715946.2840581
Dropping frame 1403715946.384058
Dropping frame 1403715946.4840581
Dropping frame 1403715946.6840582
Dropping frame 1403715946.9840581
Dropping frame 1403715947.084058
Dropping frame 1403715947.1840582
Dropping frame 1403715947.334058
Dropping frame 1403715947.6840582
Dropping frame 1403715947.7840581
Dropping frame 1403715947.9840581
Dropping frame 1403715948.1840582
Dropping frame 1403715948.2840581
Dropping frame 1403715948.384058
Dropping frame 1403715948.634058
Dropping frame 1403715948.7340579
Dropping frame 1403715949.0340581
Dropping frame 1403715950.134058
Dropping frame 1403715950.2340579
Dropping frame 1403715950.5340581
Dropping frame 1403715950.7840581
Dropping frame 1403715950.884058
Dropping frame 1403715951.0340581
Dropping frame 1403715951.1840582
Dropping frame 1403715951.634058
Dropping frame 1403715952.834058
Dropping frame 1403715953.084058
Dropping frame 1403715953.384058
Dropping frame 1403715953.6840582
Dropping frame 1403715953.7840581
Dropping frame 1403715954.084058
Dropping frame 1403715954.384058
Dropping frame 1403715954.584058
Dropping frame 1403715954.7840581
Dropping frame 1403715954.9840581
Dropping frame 1403715955.084058
Dropping frame 1403715955.1840582
Dropping frame 1403715955.384058
Dropping frame 1403715955.584058
Dropping frame 1403715955.7340579
Dropping frame 1403715955.9840581
Dropping frame 1403715956.084058
Dropping frame 1403715956.1840582
Dropping frame 1403715956.2840581
Dropping frame 1403715956.4840581
Dropping frame 1403715956.584058
Dropping frame 1403715956.6840582
Dropping frame 1403715956.834058
Dropping frame 1403715957.0340581
Dropping frame 1403715957.2340579
Dropping frame 1403715957.334058
Dropping frame 1403715957.4840581
Dropping frame 1403715958.384058
Dropping frame 1403715958.5340581
Dropping frame 1403715958.7840581
Dropping frame 1403715958.884058
Dropping frame 1403715958.9840581
Dropping frame 1403715959.1840582
Dropping frame 1403715959.384058
Dropping frame 1403715959.584058
Dropping frame 1403715959.884058
Dropping frame 1403715960.2840581
Dropping frame 1403715961.384058
Dropping frame 1403715961.7340579
Dropping frame 1403715961.834058
Dropping frame 1403715962.0340581
Dropping frame 1403715962.2340579
Dropping frame 1403715962.434058
Dropping frame 1403715962.5340581
Dropping frame 1403715962.634058
Dropping frame 1403715962.884058
Dropping frame 1403715963.084058
Dropping frame 1403715963.2840581
Dropping frame 1403715963.934058
Dropping frame 1403715964.1840582
Dropping frame 1403715964.434058
Dropping frame 1403715964.6840582
Dropping frame 1403715964.884058
Dropping frame 1403715965.084058
Dropping frame 1403715965.934058
Dropping frame 1403715966.634058
Dropping frame 1403715966.7340579
Dropping frame 1403715966.9840581
Dropping frame 1403715967.084058
Dropping frame 1403715967.1840582
Dropping frame 1403715969.6840582
Dropping frame 1403715970.0340581
Dropping frame 1403715970.634058
Dropping frame 1403715971.134058
Dropping frame 1403715971.4840581
Dropping frame 1403715971.7840581
Dropping frame 1403715972.084058
Dropping frame 1403715972.334058
Dropping frame 1403715972.434058
Dropping frame 1403715972.7340579
Dropping frame 1403715972.934058
Dropping frame 1403715973.134058
Dropping frame 1403715973.7340579
Dropping frame 1403715974.134058
Dropping frame 1403715974.434058
Dropping frame 1403715974.5340581
Dropping frame 1403715974.7840581
Dropping frame 1403715975.1840582
Dropping frame 1403715975.6840582
Dropping frame 1403715976.2840581
Dropping frame 1403715976.4840581
Dropping frame 1403715976.584058
Dropping frame 1403715976.884058
Dropping frame 1403715977.2840581
Dropping frame 1403715977.834058
Dropping frame 1403715978.134058
Dropping frame 1403715978.4840581
Dropping frame 1403715978.584058
Dropping frame 1403715978.884058
Dropping frame 1403715979.1840582
Dropping frame 1403715980.2840581
Dropping frame 1403715980.384058
Dropping frame 1403715980.4840581
Dropping frame 1403715980.834058
Dropping frame 1403715982.084058
Dropping frame 1403715982.2340579
Dropping frame 1403715982.4840581
Dropping frame 1403715982.584058
Dropping frame 1403715982.834058
Dropping frame 1403715983.134058
Dropping frame 1403715983.334058
Dropping frame 1403715983.584058
Dropping frame 1403715983.9840581
Dropping frame 1403715984.084058
Dropping frame 1403715984.1840582
Dropping frame 1403715984.2840581
Dropping frame 1403715984.4840581
Dropping frame 1403715984.584058
Dropping frame 1403715984.6840582
Dropping frame 1403715984.934058
Dropping frame 1403715985.0340581
Dropping frame 1403715985.134058
Dropping frame 1403715985.384058
Dropping frame 1403715985.4840581
Dropping frame 1403715985.584058
Dropping frame 1403715985.834058
Dropping frame 1403715986.084058
Dropping frame 1403715986.1840582
Dropping frame 1403715986.434058
Dropping frame 1403715986.6840582
Dropping frame 1403715986.7840581
Dropping frame 1403715986.9840581
Dropping frame 1403715987.2840581
Dropping frame 1403715987.384058
Dropping frame 1403715987.584058
Dropping frame 1403715987.6840582
Dropping frame 1403715987.884058
Dropping frame 1403715988.2840581
Dropping frame 1403715988.4840581
Dropping frame 1403715988.584058
Dropping frame 1403715988.6840582
Dropping frame 1403715988.7840581
Dropping frame 1403715988.9840581
Dropping frame 1403715989.1840582
Dropping frame 1403715989.384058
Dropping frame 1403715989.4840581
Dropping frame 1403715989.6840582
Dropping frame 1403715990.6840582
Dropping frame 1403715990.884058
Dropping frame 1403715991.6840582
Dropping frame 1403715991.9840581
Dropping frame 1403715992.4840581
Dropping frame 1403715992.584058
Dropping frame 1403715992.884058
Dropping frame 1403715993.134058
Dropping frame 1403715993.834058
Shutdown
SLAM Finished at System Time: 1747046092.79917

 TIME STATS in ms (mean$\pm$std)
OpenCV version: 4.8.1
---------------------------
Tracking

ORB Extraction: 15$\pm$2.1505
Stereo Matching: 6.8323$\pm$2.2678
IMU Preintegration: 0.19521$\pm$0.065853
Pose Prediction: 0.27538$\pm$1.1343
LM Track: 15.412$\pm$3.9524
New KF decision: 2.0431$\pm$3.5315
Total Tracking: 33.496$\pm$19.559



Local Mapping

KF Insertion: 9.9854$\pm$4.1581
MP Culling: 0.6319$\pm$0.28517
MP Creation: 35.724$\pm$14.924
LBA: 111.5$\pm$37.73
KF Culling: 10.527$\pm$6.9442
Total Local Mapping: 168.86$\pm$56.076
---------------------------

LBA complexity (mean$\pm$std)
LBA Edges: 3526.8$\pm$1064.4
LBA KF optimized: 6.5$\pm$2.2913
LBA KF fixed: 1$\pm$0
LBA MP: nan$\pm$nan

LBA executions: 452
LBA aborts: 0
---------------------------

Map complexity
KFs in map: 142
MPs in map: 9136
---------------------------

Place Recognition (mean$\pm$std)
Database Query: 1.2092$\pm$0.73385
SE3 estimation: 12.083$\pm$10.579
Total Place Recognition: 11.499$\pm$11.286


Loop Closing (mean$\pm$std)
Loop Fusion: nan$\pm$nan
Essential Graph: nan$\pm$nan
Total Loop Closing: nan$\pm$nan

Num exec: 0
Number of KFs: nan$\pm$nan

Map Merging (mean$\pm$std)
Merge Maps: nan$\pm$nan
Welding BA: nan$\pm$nan
Optimization Ess.: nan$\pm$nan
Total Map Merging: nan$\pm$nan

Num exec: 0
Number of KFs: nan$\pm$nan
Number of MPs: nan$\pm$nan

Full GBA (mean$\pm$std)
GBA: nan$\pm$nan
Map Update: nan$\pm$nan
Total Full GBA: nan$\pm$nan

Num exec: 0
Num abort: 0
Number of KFs: nan$\pm$nan
Number of MPs: nan$\pm$nan

Saving trajectory to f_dataset-V103_stereo_imu.txt ...
There are 1 maps in the atlas
  Map 0 has 142 KFs

End of saving trajectory to f_dataset-V103_stereo_imu.txt ...

Saving keyframe trajectory to kf_dataset-V103_stereo_imu.txt ...
