num_seq = 1
file name: dataset-MH02_stereo_imu
Loading images for sequence 0...LOADED!
Loading IMU for sequence 0...LOADED!

-------

ORB-SLAM3 Copyright (C) 2017-2020 Carlos Campos, Richard Elvira, Juan J. Gómez, José M.M. Montiel and Juan D. Tardós, University of Zaragoza.
ORB-SLAM2 Copyright (C) 2014-2016 Raúl Mur-Artal, José M.M. Montiel and Juan D. Tardós, University of Zaragoza.
This program comes with ABSOLUTELY NO WARRANTY;
This is free software, and you are welcome to redistribute it
under certain conditions. See LICENSE.txt.

Built with REGISTER_TIMES
Git Commit Hash: 2d47524

Build Type: Release

Compiled with C++ version: 201703

Input sensor was set to: Stereo-Inertial
Loading settings from EuRoC_fov_deadlines_mask_21x21.yaml
	-Loaded camera 1
	-Loaded camera 2
	-Loaded image info
	-Loaded IMU calibration
	-Loaded ORB settings
	-Loaded viewer settings
	-Loaded Atlas settings
Deadlines enabled, will skip frames!
FOV enabled
Static mask size: 21x21
Dumping map points enabled
	-Loaded misc parameters
	-Computed rectification maps
----------------------------------
SLAM settings: 
	-Camera 1 parameters (Pinhole): [ 458.65399169921875 457.29598999023438 367.21499633789062 248.375 ]
	-Camera 1 distortion parameters: [  -0.28340810537338257 0.073959067463874817 0.00019359000725671649 1.7618711353861727e-05 ]
	-Camera 2 parameters (Pinhole: [ 457.58700561523438 456.13400268554688 379.99899291992188 255.23800659179688 ]
	-Camera 1 distortion parameters: [  -0.2836836576461792 0.074512839317321777 -0.00010473000293131918 -3.555907096597366e-05 ]
	-Original image size: [ 752 , 480 ]
	-Current image size: [ 752 , 480 ]
	-Camera 1 parameters after rectification: [  456.71499633789062 456.71499633789062 364.52615356445312 257.268798828125 ]
	-Sequence FPS: 20
	-Stereo baseline: 0.11007784307003021
	-Stereo depth threshold : 60
	-Gyro noise: 0.00016999999934341758
	-Accelerometer noise: 0.0020000000949949026
	-Gyro walk: 1.9392999092815444e-05
	-Accelerometer walk: 0.0030000000260770321
	-IMU frequency: 200
	-Features per image: 1200
	-ORB scale factor: 1.2000000476837158
	-ORB number of scales: 8
	-Initial FAST threshold: 20
	-Min FAST threshold: 7


Loading ORB Vocabulary. This could take a while...
Vocabulary loaded!

Initialization of Atlas from scratch 
Creation of new map with id: 0
Creation of new map with last KF id: 0
Seq. Name: 
There are 1 cameras in the atlas
Camera 0 is pinhole
SLAM Started at System Time: 1742840775.27829
not IMU meas
not IMU meas
not enough acceleration
not enough acceleration
not enough acceleration
not enough acceleration
not enough acceleration
not enough acceleration
First KF:0; Map init KF:0
New Map created with 191 points
Active map: 0
Dropping frame 1403636859.1516664
Dropping frame 1403636859.5016665
Dropping frame 1403636859.8016665
Dropping frame 1403636859.9016666
Dropping frame 1403636860.2516665
Dropping frame 1403636860.4516664
Dropping frame 1403636860.6016665
Dropping frame 1403636860.8016665
Dropping frame 1403636861.0516665
Dropping frame 1403636861.5016665
Dropping frame 1403636861.8016665
Dropping frame 1403636861.9016666
Dropping frame 1403636862.0516665
Dropping frame 1403636862.3516665
Dropping frame 1403636862.4516664
Dropping frame 1403636862.8516665
Dropping frame 1403636862.9516664
Dropping frame 1403636863.1516664
Dropping frame 1403636863.3516665
Dropping frame 1403636863.5516665
Dropping frame 1403636863.6516664
Dropping frame 1403636863.8516665
Dropping frame 1403636864.0016665
Dropping frame 1403636864.4516664
start VIBA 1
Dropping frame 1403636864.5516665
end VIBA 1
Dropping frame 1403636864.8516665
Dropping frame 1403636865.0516665
Dropping frame 1403636865.2516665
Dropping frame 1403636865.4016666
Dropping frame 1403636865.6016665
Dropping frame 1403636865.7016666
Dropping frame 1403636865.9516664
Dropping frame 1403636866.1016665
Dropping frame 1403636866.3016665
Dropping frame 1403636866.5016665
Dropping frame 1403636866.8016665
Dropping frame 1403636866.9016666
Dropping frame 1403636867.1516664
Dropping frame 1403636867.3016665
Dropping frame 1403636867.4016666
Dropping frame 1403636867.5516665
Dropping frame 1403636867.6516664
Dropping frame 1403636868.0016665
Dropping frame 1403636868.1016665
Dropping frame 1403636868.2016666
Dropping frame 1403636868.3016665
Dropping frame 1403636868.4016666
Dropping frame 1403636868.6016665
Dropping frame 1403636868.7016666
Dropping frame 1403636868.9516664
Dropping frame 1403636869.2516665
Dropping frame 1403636869.3516665
Dropping frame 1403636869.6016665
Dropping frame 1403636869.8516665
Dropping frame 1403636870.0516665
Dropping frame 1403636870.1516664
Dropping frame 1403636870.2516665
Dropping frame 1403636870.5016665
Dropping frame 1403636870.6016665
Dropping frame 1403636870.8016665
Dropping frame 1403636870.9016666
Dropping frame 1403636871.1516664
Dropping frame 1403636871.2516665
Dropping frame 1403636871.3516665
Dropping frame 1403636871.5516665
Dropping frame 1403636871.7016666
Dropping frame 1403636872.0016665
Dropping frame 1403636872.2016666
Dropping frame 1403636872.3016665
Dropping frame 1403636872.4016666
Dropping frame 1403636872.5016665
Dropping frame 1403636872.7516665
Dropping frame 1403636872.9516664
Dropping frame 1403636873.1516664
Dropping frame 1403636873.2516665
Dropping frame 1403636873.4516664
Dropping frame 1403636873.6516664
Dropping frame 1403636873.8516665
Dropping frame 1403636874.1516664
Dropping frame 1403636874.3516665
Dropping frame 1403636874.5516665
Dropping frame 1403636874.7516665
Dropping frame 1403636874.9516664
start VIBA 2
Dropping frame 1403636875.1016665
end VIBA 2
Dropping frame 1403636875.3016665
Dropping frame 1403636875.5016665
Dropping frame 1403636875.6016665
Dropping frame 1403636875.7016666
Dropping frame 1403636875.8016665
Dropping frame 1403636876.0516665
Dropping frame 1403636876.1516664
Dropping frame 1403636876.3016665
Dropping frame 1403636876.5016665
Dropping frame 1403636876.7016666
Dropping frame 1403636876.8016665
Dropping frame 1403636876.9516664
Dropping frame 1403636877.1516664
Dropping frame 1403636877.2516665
Dropping frame 1403636877.3516665
Dropping frame 1403636877.4516664
Dropping frame 1403636877.6516664
Dropping frame 1403636877.7516665
Dropping frame 1403636878.0016665
Dropping frame 1403636878.3516665
Dropping frame 1403636878.4516664
Dropping frame 1403636878.7516665
Dropping frame 1403636878.9516664
Dropping frame 1403636879.2516665
Dropping frame 1403636879.4516664
Dropping frame 1403636879.6016665
Dropping frame 1403636879.8516665
Dropping frame 1403636880.2016666
Dropping frame 1403636880.3016665
Dropping frame 1403636880.5516665
Dropping frame 1403636880.6516664
Dropping frame 1403636880.8516665
Dropping frame 1403636881.0016665
Dropping frame 1403636881.1016665
Dropping frame 1403636881.3516665
Dropping frame 1403636881.6516664
Dropping frame 1403636882.0016665
Dropping frame 1403636882.3016665
Dropping frame 1403636882.4016666
Dropping frame 1403636882.6516664
Dropping frame 1403636882.7516665
Dropping frame 1403636882.9516664
Dropping frame 1403636883.0516665
Dropping frame 1403636883.3016665
Dropping frame 1403636883.5016665
Dropping frame 1403636883.6016665
Dropping frame 1403636883.8516665
Dropping frame 1403636883.9516664
Dropping frame 1403636884.2016666
Dropping frame 1403636884.3016665
Dropping frame 1403636884.5516665
Dropping frame 1403636884.6516664
Dropping frame 1403636884.8516665
Dropping frame 1403636885.1016665
Dropping frame 1403636885.2016666
Dropping frame 1403636885.4016666
Dropping frame 1403636885.5016665
Dropping frame 1403636885.6016665
Dropping frame 1403636885.8016665
Dropping frame 1403636885.9016666
Dropping frame 1403636886.0016665
Dropping frame 1403636886.9016666
Dropping frame 1403636887.2016666
Dropping frame 1403636887.5516665
Dropping frame 1403636887.8516665
Dropping frame 1403636888.1016665
Dropping frame 1403636888.3016665
Dropping frame 1403636888.4016666
Dropping frame 1403636888.7016666
Dropping frame 1403636889.0016665
Dropping frame 1403636889.2016666
Dropping frame 1403636889.4016666
Dropping frame 1403636889.7016666
Dropping frame 1403636889.9516664
Dropping frame 1403636890.3016665
Dropping frame 1403636890.9016666
Dropping frame 1403636891.0016665
Dropping frame 1403636891.3516665
Dropping frame 1403636891.5516665
Dropping frame 1403636891.8016665
Dropping frame 1403636892.0516665
Dropping frame 1403636892.2516665
Dropping frame 1403636892.5016665
Dropping frame 1403636892.7516665
Dropping frame 1403636892.8516665
Dropping frame 1403636893.2016666
Dropping frame 1403636893.5016665
Dropping frame 1403636893.7516665
Dropping frame 1403636894.3016665
Dropping frame 1403636894.7016666
Dropping frame 1403636894.8516665
Dropping frame 1403636894.9516664
Dropping frame 1403636895.1516664
Dropping frame 1403636895.3516665
Dropping frame 1403636895.4516664
Dropping frame 1403636895.5516665
Dropping frame 1403636895.7516665
Dropping frame 1403636895.8516665
Dropping frame 1403636896.0516665
Dropping frame 1403636896.2516665
Dropping frame 1403636896.3516665
Dropping frame 1403636896.6516664
Dropping frame 1403636896.7516665
Dropping frame 1403636896.9516664
Dropping frame 1403636897.1516664
Dropping frame 1403636897.2516665
Dropping frame 1403636897.3516665
Dropping frame 1403636897.7516665
Dropping frame 1403636897.8516665
Dropping frame 1403636897.9516664
Dropping frame 1403636898.0516665
Dropping frame 1403636898.2516665
Dropping frame 1403636898.4516664
Dropping frame 1403636898.5516665
Dropping frame 1403636898.6516664
Dropping frame 1403636898.9016666
Dropping frame 1403636899.1016665
Dropping frame 1403636899.4016666
Dropping frame 1403636899.6016665
Dropping frame 1403636899.7016666
Dropping frame 1403636899.8516665
Dropping frame 1403636900.0516665
Dropping frame 1403636900.3516665
Dropping frame 1403636900.8516665
Dropping frame 1403636901.0516665
Dropping frame 1403636901.4016666
Dropping frame 1403636901.6016665
Dropping frame 1403636901.7516665
Dropping frame 1403636902.0016665
Dropping frame 1403636902.2016666
Dropping frame 1403636902.8016665
Dropping frame 1403636903.0016665
Dropping frame 1403636903.4516664
Dropping frame 1403636903.6516664
Dropping frame 1403636903.7516665
Dropping frame 1403636903.8516665
Dropping frame 1403636904.0516665
Dropping frame 1403636904.4016666
Dropping frame 1403636904.6016665
Dropping frame 1403636904.8016665
Dropping frame 1403636905.1516664
Dropping frame 1403636905.3016665
Dropping frame 1403636905.6516664
Dropping frame 1403636905.8516665
Dropping frame 1403636906.0516665
Dropping frame 1403636906.3016665
Dropping frame 1403636906.5516665
Dropping frame 1403636906.7516665
Dropping frame 1403636907.0516665
Dropping frame 1403636907.3516665
Dropping frame 1403636907.5016665
Dropping frame 1403636907.8516665
Dropping frame 1403636908.0016665
Dropping frame 1403636908.1516664
Dropping frame 1403636908.3516665
Dropping frame 1403636908.4516664
Dropping frame 1403636908.8016665
Dropping frame 1403636908.9516664
Dropping frame 1403636909.1516664
Dropping frame 1403636909.5016665
Dropping frame 1403636909.8516665
Dropping frame 1403636910.3516665
Dropping frame 1403636910.6516664
Dropping frame 1403636911.0016665
Dropping frame 1403636911.5516665
Dropping frame 1403636911.8516665
Dropping frame 1403636912.3016665
Dropping frame 1403636912.6516664
Dropping frame 1403636913.0516665
Dropping frame 1403636913.3016665
Dropping frame 1403636913.4016666
Dropping frame 1403636913.7516665
Dropping frame 1403636914.2016666
Dropping frame 1403636914.7016666
Dropping frame 1403636915.1016665
Dropping frame 1403636915.4516664
Dropping frame 1403636916.0516665
Dropping frame 1403636916.2016666
Dropping frame 1403636916.6016665
Dropping frame 1403636916.8516665
Dropping frame 1403636917.0516665
Dropping frame 1403636917.3516665
Dropping frame 1403636917.6516664
Dropping frame 1403636918.0516665
Dropping frame 1403636918.3016665
Dropping frame 1403636919.0016665
Dropping frame 1403636919.3016665
Dropping frame 1403636919.6016665
Dropping frame 1403636919.8016665
Dropping frame 1403636920.1516664
Dropping frame 1403636920.5516665
Dropping frame 1403636920.7516665
Dropping frame 1403636921.2516665
Dropping frame 1403636921.6016665
Dropping frame 1403636921.8016665
Dropping frame 1403636922.1016665
Dropping frame 1403636922.2016666
Dropping frame 1403636922.6016665
Dropping frame 1403636922.8016665
Dropping frame 1403636922.9516664
Dropping frame 1403636923.2516665
Dropping frame 1403636923.5016665
Dropping frame 1403636923.6016665
Dropping frame 1403636923.7516665
Dropping frame 1403636924.0016665
Dropping frame 1403636924.1016665
Dropping frame 1403636924.2016666
Dropping frame 1403636924.4016666
Dropping frame 1403636924.6016665
Dropping frame 1403636924.7016666
Dropping frame 1403636924.9016666
Dropping frame 1403636925.0016665
Dropping frame 1403636925.2516665
Dropping frame 1403636925.3516665
Dropping frame 1403636925.4516664
Dropping frame 1403636925.5516665
Dropping frame 1403636925.6516664
Dropping frame 1403636925.8516665
Dropping frame 1403636925.9516664
Dropping frame 1403636926.0516665
Dropping frame 1403636926.1516664
Dropping frame 1403636926.2516665
Dropping frame 1403636926.3516665
Dropping frame 1403636926.5016665
Dropping frame 1403636926.6016665
Dropping frame 1403636926.8016665
Dropping frame 1403636926.9016666
Dropping frame 1403636927.1516664
Dropping frame 1403636927.2516665
Dropping frame 1403636927.3516665
Dropping frame 1403636927.4516664
Dropping frame 1403636927.5516665
Dropping frame 1403636927.6516664
Dropping frame 1403636927.8516665
Dropping frame 1403636927.9516664
Dropping frame 1403636928.0516665
Dropping frame 1403636928.2516665
Dropping frame 1403636928.3516665
Dropping frame 1403636928.5516665
Dropping frame 1403636928.6516664
Dropping frame 1403636928.7516665
Dropping frame 1403636928.8516665
Dropping frame 1403636929.0516665
Dropping frame 1403636929.1516664
Dropping frame 1403636929.2516665
Dropping frame 1403636929.4516664
Dropping frame 1403636929.5516665
Dropping frame 1403636929.6516664
Dropping frame 1403636929.7516665
Dropping frame 1403636929.8516665
Dropping frame 1403636929.9516664
Dropping frame 1403636930.0516665
Dropping frame 1403636930.1516664
Dropping frame 1403636930.3016665
Dropping frame 1403636930.5516665
Dropping frame 1403636930.6516664
Dropping frame 1403636930.7516665
Dropping frame 1403636930.9516664
Dropping frame 1403636931.0516665
Dropping frame 1403636931.1516664
Dropping frame 1403636931.2516665
Dropping frame 1403636931.4016666
Dropping frame 1403636931.5016665
Dropping frame 1403636931.6016665
Dropping frame 1403636931.8016665
Dropping frame 1403636931.9016666
Dropping frame 1403636932.0016665
Dropping frame 1403636932.2016666
Dropping frame 1403636932.4016666
Dropping frame 1403636932.6016665
Dropping frame 1403636932.7016666
Dropping frame 1403636932.8016665
Dropping frame 1403636933.0016665
Dropping frame 1403636933.1016665
Dropping frame 1403636933.2016666
Dropping frame 1403636933.3516665
Dropping frame 1403636933.4516664
Dropping frame 1403636933.6516664
Dropping frame 1403636933.7516665
Dropping frame 1403636933.8516665
Dropping frame 1403636934.0516665
Dropping frame 1403636934.1516664
Dropping frame 1403636934.2516665
Dropping frame 1403636934.4516664
Dropping frame 1403636934.5516665
Dropping frame 1403636934.6516664
Dropping frame 1403636934.7516665
Dropping frame 1403636934.9016666
Dropping frame 1403636935.1016665
Dropping frame 1403636935.2016666
Dropping frame 1403636935.4016666
Dropping frame 1403636935.5016665
Dropping frame 1403636935.6016665
Dropping frame 1403636935.7016666
Dropping frame 1403636935.8516665
Dropping frame 1403636936.0516665
Dropping frame 1403636936.1516664
Dropping frame 1403636936.2516665
Dropping frame 1403636936.4516664
Dropping frame 1403636936.5516665
Dropping frame 1403636936.6516664
Dropping frame 1403636936.8516665
Dropping frame 1403636936.9516664
Dropping frame 1403636937.0516665
Dropping frame 1403636937.1516664
Dropping frame 1403636937.3516665
Dropping frame 1403636937.4516664
Dropping frame 1403636937.5516665
Dropping frame 1403636937.6516664
Dropping frame 1403636937.8516665
Dropping frame 1403636937.9516664
Dropping frame 1403636938.0516665
Dropping frame 1403636938.2516665
Dropping frame 1403636938.3516665
Dropping frame 1403636938.4516664
Dropping frame 1403636938.5516665
Dropping frame 1403636938.8016665
Dropping frame 1403636938.9016666
Dropping frame 1403636939.0016665
Dropping frame 1403636939.1016665
Dropping frame 1403636939.2016666
Dropping frame 1403636939.4016666
Dropping frame 1403636939.5016665
Dropping frame 1403636939.7016666
Dropping frame 1403636939.8016665
Dropping frame 1403636939.9016666
Dropping frame 1403636940.0516665
Dropping frame 1403636940.3016665
Dropping frame 1403636940.4016666
Dropping frame 1403636940.6016665
Dropping frame 1403636940.7016666
Dropping frame 1403636940.9016666
Dropping frame 1403636941.0016665
Dropping frame 1403636941.1016665
Dropping frame 1403636942.0516665
Dropping frame 1403636942.1516664
Dropping frame 1403636942.4016666
Dropping frame 1403636942.5016665
Dropping frame 1403636942.6016665
Dropping frame 1403636942.7516665
Dropping frame 1403636943.0016665
Dropping frame 1403636943.1016665
Dropping frame 1403636943.2016666
Dropping frame 1403636943.4016666
Dropping frame 1403636943.6016665
Dropping frame 1403636943.7516665
Dropping frame 1403636943.8516665
Dropping frame 1403636943.9516664
Dropping frame 1403636944.3516665
Dropping frame 1403636944.4516664
Dropping frame 1403636944.8016665
Dropping frame 1403636944.9016666
Dropping frame 1403636945.1516664
Dropping frame 1403636945.3516665
Dropping frame 1403636945.5516665
Dropping frame 1403636945.7016666
Dropping frame 1403636946.1016665
Dropping frame 1403636946.2016666
Dropping frame 1403636946.5516665
Dropping frame 1403636946.6516664
Dropping frame 1403636946.9516664
Dropping frame 1403636947.2016666
Dropping frame 1403636947.3016665
Dropping frame 1403636947.5516665
Dropping frame 1403636947.7516665
Dropping frame 1403636947.9016666
Dropping frame 1403636948.0516665
Dropping frame 1403636948.1516664
Dropping frame 1403636948.2516665
Dropping frame 1403636948.4516664
Dropping frame 1403636948.5516665
Dropping frame 1403636948.6516664
Dropping frame 1403636948.9016666
Dropping frame 1403636949.1016665
Dropping frame 1403636949.2016666
Dropping frame 1403636949.3016665
Dropping frame 1403636949.4016666
Dropping frame 1403636949.5016665
Dropping frame 1403636949.6016665
Dropping frame 1403636949.8016665
Dropping frame 1403636949.9016666
Dropping frame 1403636950.0016665
Dropping frame 1403636950.1016665
Dropping frame 1403636950.2016666
Dropping frame 1403636950.3016665
Dropping frame 1403636950.4016666
Dropping frame 1403636950.6516664
Dropping frame 1403636950.7516665
Dropping frame 1403636950.8516665
Dropping frame 1403636950.9516664
Dropping frame 1403636951.0516665
Dropping frame 1403636951.2016666
Dropping frame 1403636951.3016665
Dropping frame 1403636951.4016666
Dropping frame 1403636951.7016666
Dropping frame 1403636951.8516665
Dropping frame 1403636952.0016665
Dropping frame 1403636952.2016666
Dropping frame 1403636952.3016665
Dropping frame 1403636952.4016666
Dropping frame 1403636952.5016665
Dropping frame 1403636952.6016665
Dropping frame 1403636952.7016666
Dropping frame 1403636952.9016666
Dropping frame 1403636953.0016665
Dropping frame 1403636953.1016665
Dropping frame 1403636953.2016666
Dropping frame 1403636953.3516665
Dropping frame 1403636953.5016665
Dropping frame 1403636953.6016665
Dropping frame 1403636953.7016666
Dropping frame 1403636953.8016665
Dropping frame 1403636954.0016665
Dropping frame 1403636954.1016665
Dropping frame 1403636954.3016665
Dropping frame 1403636954.4016666
Dropping frame 1403636954.5016665
Dropping frame 1403636954.6016665
Dropping frame 1403636954.7516665
Dropping frame 1403636954.8516665
Dropping frame 1403636955.0516665
Dropping frame 1403636955.1516664
Dropping frame 1403636955.2516665
Dropping frame 1403636955.3516665
Dropping frame 1403636955.5516665
Dropping frame 1403636955.6516664
Dropping frame 1403636955.7516665
Dropping frame 1403636955.9516664
Dropping frame 1403636956.0516665
Dropping frame 1403636956.1516664
Dropping frame 1403636956.3016665
Dropping frame 1403636956.5016665
Dropping frame 1403636956.6016665
Dropping frame 1403636956.7016666
Dropping frame 1403636957.0016665
Dropping frame 1403636957.1016665
Dropping frame 1403636957.2016666
Dropping frame 1403636957.3016665
Dropping frame 1403636957.4016666
Dropping frame 1403636957.5516665
Dropping frame 1403636957.7516665
Dropping frame 1403636957.8516665
Dropping frame 1403636957.9516664
Dropping frame 1403636958.0516665
Dropping frame 1403636958.2516665
Dropping frame 1403636958.3516665
Dropping frame 1403636958.4516664
Dropping frame 1403636958.5516665
Dropping frame 1403636958.6516664
Dropping frame 1403636958.7516665
Dropping frame 1403636958.8516665
Dropping frame 1403636958.9516664
Dropping frame 1403636959.0516665
Dropping frame 1403636959.1516664
Dropping frame 1403636959.2516665
Dropping frame 1403636959.4016666
Dropping frame 1403636959.6016665
Dropping frame 1403636959.7016666
Dropping frame 1403636959.8016665
Dropping frame 1403636959.9016666
Dropping frame 1403636960.0016665
Dropping frame 1403636960.2016666
Dropping frame 1403636960.3016665
Dropping frame 1403636960.4016666
Dropping frame 1403636960.5016665
Dropping frame 1403636960.6016665
Dropping frame 1403636960.8016665
Dropping frame 1403636960.9016666
Dropping frame 1403636961.0016665
Dropping frame 1403636961.2016666
Dropping frame 1403636961.3016665
Dropping frame 1403636961.4016666
Dropping frame 1403636961.5016665
Dropping frame 1403636961.6016665
Dropping frame 1403636961.7016666
Dropping frame 1403636961.9016666
Dropping frame 1403636962.0016665
Dropping frame 1403636962.1016665
Dropping frame 1403636962.2016666
Dropping frame 1403636962.3016665
Dropping frame 1403636962.4016666
Dropping frame 1403636962.5016665
Dropping frame 1403636962.7016666
Dropping frame 1403636962.8016665
Dropping frame 1403636962.9016666
Dropping frame 1403636963.1016665
Dropping frame 1403636963.2016666
Dropping frame 1403636963.3016665
Dropping frame 1403636963.4016666
Dropping frame 1403636963.5016665
Dropping frame 1403636963.6016665
Dropping frame 1403636963.7516665
Dropping frame 1403636963.8516665
Dropping frame 1403636964.0516665
Dropping frame 1403636964.1516664
Dropping frame 1403636964.2516665
Dropping frame 1403636964.3516665
Dropping frame 1403636964.4516664
Dropping frame 1403636964.5516665
Dropping frame 1403636964.7516665
Dropping frame 1403636964.8516665
Dropping frame 1403636964.9516664
Dropping frame 1403636965.1516664
Dropping frame 1403636965.2516665
Dropping frame 1403636965.3516665
Dropping frame 1403636965.4516664
Dropping frame 1403636965.5516665
Dropping frame 1403636965.7516665
Dropping frame 1403636965.9516664
Dropping frame 1403636966.0516665
Dropping frame 1403636966.1516664
Dropping frame 1403636966.2516665
Dropping frame 1403636966.4016666
Dropping frame 1403636966.5016665
Dropping frame 1403636966.7016666
Dropping frame 1403636966.8016665
Dropping frame 1403636967.0516665
Dropping frame 1403636967.1516664
Dropping frame 1403636967.3516665
Dropping frame 1403636967.4516664
Dropping frame 1403636967.5516665
Dropping frame 1403636967.6516664
Dropping frame 1403636967.7516665
Dropping frame 1403636967.9516664
Dropping frame 1403636968.0516665
Dropping frame 1403636968.1516664
Dropping frame 1403636968.2516665
Dropping frame 1403636968.4516664
Dropping frame 1403636968.6516664
Dropping frame 1403636968.7516665
Dropping frame 1403636968.9516664
Dropping frame 1403636969.0516665
Dropping frame 1403636969.1516664
Dropping frame 1403636969.2516665
Dropping frame 1403636969.4516664
Dropping frame 1403636969.6516664
Dropping frame 1403636969.8516665
Dropping frame 1403636969.9516664
Dropping frame 1403636970.0516665
Dropping frame 1403636970.2516665
Dropping frame 1403636970.3516665
Dropping frame 1403636970.4516664
Dropping frame 1403636970.6516664
Dropping frame 1403636970.8516665
Dropping frame 1403636970.9516664
Dropping frame 1403636971.0516665
Dropping frame 1403636971.2516665
Dropping frame 1403636971.4516664
Dropping frame 1403636971.5516665
Dropping frame 1403636971.6516664
Dropping frame 1403636971.7516665
Dropping frame 1403636971.9516664
Dropping frame 1403636972.1516664
Dropping frame 1403636972.3516665
Dropping frame 1403636972.5516665
Dropping frame 1403636972.7516665
Dropping frame 1403636972.8516665
Dropping frame 1403636972.9516664
Dropping frame 1403636973.1516664
Dropping frame 1403636973.3516665
Dropping frame 1403636973.5516665
Dropping frame 1403636973.7516665
Dropping frame 1403636973.9516664
Dropping frame 1403636974.1516664
Dropping frame 1403636974.2516665
Dropping frame 1403636974.4516664
Dropping frame 1403636974.6516664
Dropping frame 1403636974.7516665
Dropping frame 1403636974.8516665
Dropping frame 1403636975.0516665
Dropping frame 1403636975.2516665
Dropping frame 1403636975.3516665
Dropping frame 1403636975.4516664
Dropping frame 1403636975.5516665
Dropping frame 1403636975.7516665
Dropping frame 1403636975.9516664
Dropping frame 1403636976.1516664
Dropping frame 1403636976.3516665
Dropping frame 1403636976.5516665
Dropping frame 1403636976.7516665
Dropping frame 1403636976.8516665
Dropping frame 1403636976.9516664
Dropping frame 1403636977.1516664
Dropping frame 1403636977.3516665
Dropping frame 1403636977.5516665
Dropping frame 1403636977.6516664
Dropping frame 1403636977.7516665
Dropping frame 1403636977.9516664
Dropping frame 1403636978.1516664
Dropping frame 1403636978.2516665
Dropping frame 1403636978.3516665
Dropping frame 1403636978.5516665
Dropping frame 1403636978.7516665
Dropping frame 1403636978.9516664
Dropping frame 1403636979.1516664
Dropping frame 1403636979.2516665
Dropping frame 1403636979.6516664
Dropping frame 1403636980.1016665
Dropping frame 1403636980.3016665
Dropping frame 1403636980.5016665
Dropping frame 1403636980.7016666
Dropping frame 1403636980.9016666
Dropping frame 1403636981.1016665
Dropping frame 1403636981.3016665
Dropping frame 1403636981.5016665
Dropping frame 1403636981.6016665
Dropping frame 1403636981.8016665
Dropping frame 1403636981.9016666
Dropping frame 1403636982.0016665
Dropping frame 1403636982.1016665
Dropping frame 1403636982.3016665
Dropping frame 1403636982.5016665
Dropping frame 1403636982.7016666
Dropping frame 1403636982.8016665
Dropping frame 1403636982.9016666
Dropping frame 1403636983.1016665
Dropping frame 1403636983.3016665
Dropping frame 1403636983.5016665
Dropping frame 1403636983.7016666
Dropping frame 1403636983.8016665
Dropping frame 1403636984.0016665
Dropping frame 1403636984.2016666
Dropping frame 1403636984.4016666
Dropping frame 1403636984.5016665
Dropping frame 1403636984.6016665
Dropping frame 1403636984.8016665
Dropping frame 1403636985.0016665
Dropping frame 1403636985.2016666
Dropping frame 1403636985.3016665
Dropping frame 1403636985.4016666
Dropping frame 1403636985.6016665
Dropping frame 1403636985.7016666
Dropping frame 1403636985.9516664
Dropping frame 1403636986.0516665
Dropping frame 1403636986.1516664
Dropping frame 1403636986.6516664
Dropping frame 1403636986.8016665
Dropping frame 1403636987.0016665
Dropping frame 1403636987.2016666
Dropping frame 1403636987.4016666
Dropping frame 1403636987.5016665
Dropping frame 1403636987.7016666
Dropping frame 1403636987.9016666
Dropping frame 1403636988.0016665
Dropping frame 1403636988.1016665
Dropping frame 1403636988.3016665
Dropping frame 1403636988.5016665
Dropping frame 1403636988.7016666
Dropping frame 1403636988.8016665
Dropping frame 1403636989.0516665
Dropping frame 1403636989.2516665
Dropping frame 1403636989.4516664
Dropping frame 1403636989.5516665
Dropping frame 1403636989.6516664
Dropping frame 1403636989.8516665
Dropping frame 1403636990.0516665
Dropping frame 1403636990.2516665
Dropping frame 1403636990.4516664
Dropping frame 1403636990.5516665
Dropping frame 1403636990.7516665
Dropping frame 1403636990.9016666
Dropping frame 1403636991.1016665
Dropping frame 1403636991.3016665
Dropping frame 1403636991.4016666
Dropping frame 1403636991.5016665
Dropping frame 1403636991.7016666
Dropping frame 1403636991.9016666
Dropping frame 1403636992.1016665
Dropping frame 1403636992.3016665
Dropping frame 1403636992.4016666
Dropping frame 1403636992.6016665
Dropping frame 1403636992.7516665
Dropping frame 1403636992.9516664
Dropping frame 1403636993.1516664
Dropping frame 1403636993.3516665
Dropping frame 1403636993.4516664
Dropping frame 1403636993.5516665
Dropping frame 1403636993.7516665
Dropping frame 1403636993.9516664
Dropping frame 1403636994.1516664
Dropping frame 1403636994.2516665
Dropping frame 1403636994.5016665
Dropping frame 1403636994.7016666
Dropping frame 1403636994.9016666
Dropping frame 1403636995.1016665
Dropping frame 1403636995.2016666
Dropping frame 1403636995.3016665
Dropping frame 1403636995.5016665
Dropping frame 1403636995.7016666
Dropping frame 1403636995.9016666
Dropping frame 1403636996.1016665
Dropping frame 1403636996.2016666
Dropping frame 1403636996.3016665
Dropping frame 1403636996.5016665
Dropping frame 1403636996.7016666
Dropping frame 1403636996.9516664
Dropping frame 1403636997.0516665
Dropping frame 1403636997.4016666
Dropping frame 1403636997.6016665
Dropping frame 1403636998.1016665
Dropping frame 1403636998.6016665
Dropping frame 1403636999.0516665
Dropping frame 1403636999.2516665
Dropping frame 1403636999.3516665
Dropping frame 1403636999.6016665
Dropping frame 1403636999.8016665
Dropping frame 1403637000.0016665
Dropping frame 1403637000.2516665
Dropping frame 1403637000.4516664
Dropping frame 1403637000.8516665
Dropping frame 1403637000.9516664
Dropping frame 1403637001.1516664
Dropping frame 1403637001.3516665
Dropping frame 1403637001.4516664
Dropping frame 1403637001.5516665
Dropping frame 1403637001.7516665
Dropping frame 1403637001.9516664
Dropping frame 1403637002.1516664
Dropping frame 1403637002.2516665
Dropping frame 1403637002.3516665
Dropping frame 1403637002.5516665
Dropping frame 1403637002.6516664
Dropping frame 1403637002.7516665
Dropping frame 1403637002.8516665
Dropping frame 1403637003.1516664
Dropping frame 1403637003.2516665
Dropping frame 1403637003.6016665
Dropping frame 1403637003.8016665
Dropping frame 1403637003.9016666
Dropping frame 1403637004.0016665
Dropping frame 1403637004.2516665
Dropping frame 1403637004.4516664
Dropping frame 1403637004.6516664
Dropping frame 1403637004.7516665
Dropping frame 1403637004.9516664
Dropping frame 1403637005.0516665
Dropping frame 1403637005.2016666
Dropping frame 1403637005.4016666
Dropping frame 1403637005.6016665
Dropping frame 1403637005.8016665
Dropping frame 1403637005.9016666
Dropping frame 1403637006.0016665
Dropping frame 1403637006.2016666
Dropping frame 1403637006.5016665
Dropping frame 1403637007.0516665
Dropping frame 1403637007.1516664
Dropping frame 1403637007.2516665
Dropping frame 1403637007.5016665
Dropping frame 1403637007.7016666
Dropping frame 1403637007.9016666
Dropping frame 1403637008.0016665
Dropping frame 1403637008.1516664
Dropping frame 1403637008.3016665
Dropping frame 1403637008.5016665
Dropping frame 1403637008.8516665
Dropping frame 1403637009.0516665
Dropping frame 1403637009.1516664
Dropping frame 1403637009.4016666
Dropping frame 1403637009.5016665
Dropping frame 1403637009.6016665
Dropping frame 1403637009.8016665
Dropping frame 1403637009.9016666
Dropping frame 1403637010.1016665
Dropping frame 1403637010.2016666
Dropping frame 1403637010.3016665
Dropping frame 1403637010.4016666
Dropping frame 1403637010.5016665
Dropping frame 1403637010.6016665
Shutdown
SLAM Finished at System Time: 1742840965.80479

 TIME STATS in ms (mean$\pm$std)
OpenCV version: 4.8.1
---------------------------
Tracking

ORB Extraction: 22.61$\pm$2.178
Stereo Matching: 7.2822$\pm$2.0378
IMU Preintegration: 0.24349$\pm$0.096621
Pose Prediction: 0.22613$\pm$0.64235
LM Track: 19.461$\pm$5.556
New KF decision: 1.3576$\pm$2.4836
Total Tracking: 31.573$\pm$28.428



Local Mapping

KF Insertion: 17.49$\pm$5.4391
MP Culling: 0.56136$\pm$0.2241
MP Creation: 49.985$\pm$15.711
LBA: 150.87$\pm$56.652
KF Culling: 15.2$\pm$9.9553
Total Local Mapping: 233.98$\pm$79.719
---------------------------

LBA complexity (mean$\pm$std)
LBA Edges: 1654.4$\pm$583.96
LBA KF optimized: 6.5$\pm$2.2913
LBA KF fixed: 1$\pm$0
LBA MP: nan$\pm$nan

LBA executions: 457
LBA aborts: 0
---------------------------

Map complexity
KFs in map: 122
MPs in map: 8856
---------------------------

Place Recognition (mean$\pm$std)
Database Query: 1.4396$\pm$0.77147
SE3 estimation: 8.3726$\pm$13.208
Total Place Recognition: 8.8896$\pm$13.245


Loop Closing (mean$\pm$std)
Loop Fusion: nan$\pm$nan
Essential Graph: nan$\pm$nan
Total Loop Closing: nan$\pm$nan

Num exec: 0
Number of KFs: nan$\pm$nan

Map Merging (mean$\pm$std)
Merge Maps: nan$\pm$nan
Welding BA: nan$\pm$nan
Optimization Ess.: nan$\pm$nan
Total Map Merging: nan$\pm$nan

Num exec: 0
Number of KFs: nan$\pm$nan
Number of MPs: nan$\pm$nan

Full GBA (mean$\pm$std)
GBA: nan$\pm$nan
Map Update: nan$\pm$nan
Total Full GBA: nan$\pm$nan

Num exec: 0
Num abort: 0
Number of KFs: nan$\pm$nan
Number of MPs: nan$\pm$nan

Saving trajectory to f_dataset-MH02_stereo_imu.txt ...
There are 1 maps in the atlas
  Map 0 has 122 KFs

End of saving trajectory to f_dataset-MH02_stereo_imu.txt ...

Saving keyframe trajectory to kf_dataset-MH02_stereo_imu.txt ...
