num_seq = 1
file name: dataset-MH05_stereo_imu
Loading images for sequence 0...LOADED!
Loading IMU for sequence 0...LOADED!

-------

ORB-SLAM3 Copyright (C) 2017-2020 Carlos Campos, Richard Elvira, Juan J. Gómez, José M.M. Montiel and Juan D. Tardós, University of Zaragoza.
ORB-SLAM2 Copyright (C) 2014-2016 Raúl Mur-Artal, José M.M. Montiel and Juan D. Tardós, University of Zaragoza.
This program comes with ABSOLUTELY NO WARRANTY;
This is free software, and you are welcome to redistribute it
under certain conditions. See LICENSE.txt.

Built with REGISTER_TIMES
Git Commit Hash: 2d47524

Build Type: Release

Compiled with C++ version: 201703

Input sensor was set to: Stereo-Inertial
Loading settings from EuRoC_fov_deadlines_mask_23x23.yaml
	-Loaded camera 1
	-Loaded camera 2
	-Loaded image info
	-Loaded IMU calibration
	-Loaded ORB settings
	-Loaded viewer settings
	-Loaded Atlas settings
Deadlines enabled, will skip frames!
FOV enabled
Static mask size: 23x23
Dumping map points enabled
	-Loaded misc parameters
	-Computed rectification maps
----------------------------------
SLAM settings: 
	-Camera 1 parameters (Pinhole): [ 458.65399169921875 457.29598999023438 367.21499633789062 248.375 ]
	-Camera 1 distortion parameters: [  -0.28340810537338257 0.073959067463874817 0.00019359000725671649 1.7618711353861727e-05 ]
	-Camera 2 parameters (Pinhole: [ 457.58700561523438 456.13400268554688 379.99899291992188 255.23800659179688 ]
	-Camera 1 distortion parameters: [  -0.2836836576461792 0.074512839317321777 -0.00010473000293131918 -3.555907096597366e-05 ]
	-Original image size: [ 752 , 480 ]
	-Current image size: [ 752 , 480 ]
	-Camera 1 parameters after rectification: [  456.71499633789062 456.71499633789062 364.52615356445312 257.268798828125 ]
	-Sequence FPS: 20
	-Stereo baseline: 0.11007784307003021
	-Stereo depth threshold : 60
	-Gyro noise: 0.00016999999934341758
	-Accelerometer noise: 0.0020000000949949026
	-Gyro walk: 1.9392999092815444e-05
	-Accelerometer walk: 0.0030000000260770321
	-IMU frequency: 200
	-Features per image: 1200
	-ORB scale factor: 1.2000000476837158
	-ORB number of scales: 8
	-Initial FAST threshold: 20
	-Min FAST threshold: 7


Loading ORB Vocabulary. This could take a while...
Vocabulary loaded!

Initialization of Atlas from scratch 
Creation of new map with id: 0
Creation of new map with last KF id: 0
Seq. Name: 
There are 1 cameras in the atlas
Camera 0 is pinhole
SLAM Started at System Time: 1742828405.47402
not IMU meas
not IMU meas
not enough acceleration
not enough acceleration
not enough acceleration
not enough acceleration
not enough acceleration
not enough acceleration
not enough acceleration
not enough acceleration
not enough acceleration
not enough acceleration
not enough acceleration
not enough acceleration
not enough acceleration
not enough acceleration
not enough acceleration
not enough acceleration
not enough acceleration
not enough acceleration
not enough acceleration
not enough acceleration
not enough acceleration
not enough acceleration
not enough acceleration
not enough acceleration
not enough acceleration
not enough acceleration
not enough acceleration
not enough acceleration
not enough acceleration
not enough acceleration
not enough acceleration
not enough acceleration
not enough acceleration
not enough acceleration
not enough acceleration
not enough acceleration
not enough acceleration
not enough acceleration
not enough acceleration
not enough acceleration
not enough acceleration
not enough acceleration
not enough acceleration
not enough acceleration
not enough acceleration
not enough acceleration
not enough acceleration
not enough acceleration
not enough acceleration
not enough acceleration
not enough acceleration
not enough acceleration
not enough acceleration
not enough acceleration
not enough acceleration
not enough acceleration
not enough acceleration
not enough acceleration
not enough acceleration
not enough acceleration
not enough acceleration
not enough acceleration
not enough acceleration
not enough acceleration
not enough acceleration
not enough acceleration
not enough acceleration
not enough acceleration
not enough acceleration
not enough acceleration
not enough acceleration
not enough acceleration
not enough acceleration
not enough acceleration
not enough acceleration
not enough acceleration
not enough acceleration
not enough acceleration
First KF:0; Map init KF:0
New Map created with 119 points
Active map: 0
Dropping frame 1403638522.9278295
Dropping frame 1403638523.1278296
Dropping frame 1403638523.4278295
Dropping frame 1403638523.5778294
Dropping frame 1403638523.6778293
Dropping frame 1403638523.9278295
Dropping frame 1403638524.1778293
Dropping frame 1403638524.3778293
Dropping frame 1403638524.4778295
Dropping frame 1403638524.7778294
Dropping frame 1403638525.1278296
Dropping frame 1403638525.4278295
Dropping frame 1403638525.6278296
Dropping frame 1403638525.7278295
Dropping frame 1403638526.0778294
Dropping frame 1403638526.1778293
Dropping frame 1403638526.2778294
Dropping frame 1403638526.3778293
Dropping frame 1403638526.4778295
Dropping frame 1403638526.5778294
Dropping frame 1403638526.7778294
Dropping frame 1403638526.8778293
Dropping frame 1403638526.9778295
start VIBA 1
Dropping frame 1403638527.5278294
end VIBA 1
Dropping frame 1403638527.7278295
Dropping frame 1403638528.1778293
Dropping frame 1403638528.3778293
Dropping frame 1403638528.5778294
Dropping frame 1403638528.7778294
Dropping frame 1403638528.9778295
Dropping frame 1403638529.1778293
Dropping frame 1403638529.2778294
Dropping frame 1403638529.5278294
Dropping frame 1403638529.7278295
Dropping frame 1403638529.9278295
Dropping frame 1403638530.0278294
Dropping frame 1403638530.6778293
Dropping frame 1403638530.7778294
Dropping frame 1403638530.9778295
Dropping frame 1403638531.2778294
Not enough motion for initializing. Reseting...
TRACK: Reset map because local mapper set the bad imu flag 
LM: Active map reset recieved
LM: Active map reset, waiting...
LM: Reseting current map in Local Mapping...
LM: End reseting Local Mapping...
LM: Reset free the mutex
LM: Active map reset, Done!!!
mnFirstFrameId = 80
mnInitialFrameId = 0
148 Frames set to lost
not IMU meas
Dropping frame 1403638531.5778294
not enough acceleration
Dropping frame 1403638531.6778293
not enough acceleration
not enough acceleration
not enough acceleration
not enough acceleration
Dropping frame 1403638531.9278295
not enough acceleration
Dropping frame 1403638532.0278294
not enough acceleration
not enough acceleration
not enough acceleration
not enough acceleration
Dropping frame 1403638532.2778294
not enough acceleration
Dropping frame 1403638532.3778293
not enough acceleration
Dropping frame 1403638532.4778295
not enough acceleration
not enough acceleration
not enough acceleration
Dropping frame 1403638532.6778293
not enough acceleration
Dropping frame 1403638532.7778294
not enough acceleration
Dropping frame 1403638532.8778293
not enough acceleration
not enough acceleration
not enough acceleration
Dropping frame 1403638533.0778294
not enough acceleration
Dropping frame 1403638533.1778293
not enough acceleration
Dropping frame 1403638533.2778294
not enough acceleration
not enough acceleration
not enough acceleration
Dropping frame 1403638533.4778295
not enough acceleration
not enough acceleration
not enough acceleration
Dropping frame 1403638533.6778293
not enough acceleration
Dropping frame 1403638533.7778294
not enough acceleration
Dropping frame 1403638533.8778293
not enough acceleration
Dropping frame 1403638533.9778295
not enough acceleration
not enough acceleration
not enough acceleration
Dropping frame 1403638534.1778293
not enough acceleration
First KF:43; Map init KF:0
New Map created with 152 points
Active map: 0
Dropping frame 1403638534.8778293
Dropping frame 1403638535.1778293
Dropping frame 1403638535.6778293
Dropping frame 1403638536.4778295
Dropping frame 1403638536.7278295
Not enough motion for initializing. Reseting...
TRACK: Reset map because local mapper set the bad imu flag 
LM: Reseting current map in Local Mapping...
LM: End reseting Local Mapping...
LM: Reset free the mutex
LM: Active map reset recieved
LM: Active map reset, waiting...
LM: Reseting current map in Local Mapping...
LM: End reseting Local Mapping...
LM: Reset free the mutex
LM: Active map reset, Done!!!
mnFirstFrameId = 265
mnInitialFrameId = 228
199 Frames set to lost
not IMU meas
not enough acceleration
not enough acceleration
not enough acceleration
not enough acceleration
not enough acceleration
not enough acceleration
not enough acceleration
not enough acceleration
not enough acceleration
not enough acceleration
not enough acceleration
not enough acceleration
not enough acceleration
not enough acceleration
not enough acceleration
not enough acceleration
not enough acceleration
not enough acceleration
not enough acceleration
not enough acceleration
not enough acceleration
not enough acceleration
not enough acceleration
not enough acceleration
not enough acceleration
not enough acceleration
not enough acceleration
not enough acceleration
not enough acceleration
not enough acceleration
not enough acceleration
not enough acceleration
First KF:54; Map init KF:43
New Map created with 162 points
Active map: 0
Dropping frame 1403638540.5278294
start VIBA 1
end VIBA 1
Dropping frame 1403638546.2778294
Dropping frame 1403638546.5778294
Dropping frame 1403638546.8778293
Dropping frame 1403638547.0778294
Dropping frame 1403638547.1778293
Dropping frame 1403638547.3778293
Dropping frame 1403638547.4778295
Dropping frame 1403638547.6278296
Dropping frame 1403638547.7778294
Dropping frame 1403638548.0278294
Dropping frame 1403638548.1778293
Dropping frame 1403638548.2778294
Dropping frame 1403638548.5278294
Dropping frame 1403638548.6278296
Dropping frame 1403638548.7278295
Dropping frame 1403638548.8778293
Dropping frame 1403638548.9778295
Dropping frame 1403638549.0778294
Dropping frame 1403638549.1778293
Dropping frame 1403638549.3278296
Dropping frame 1403638549.4278295
Dropping frame 1403638549.5778294
Dropping frame 1403638549.6778293
Dropping frame 1403638549.7778294
Dropping frame 1403638550.0778294
Dropping frame 1403638550.1778293
Dropping frame 1403638550.7778294
Dropping frame 1403638550.8778293
Dropping frame 1403638551.0778294
Dropping frame 1403638551.1778293
Dropping frame 1403638551.3278296
Dropping frame 1403638551.4278295
Dropping frame 1403638551.5278294
Dropping frame 1403638551.6278296
Dropping frame 1403638551.7778294
Dropping frame 1403638551.8778293
Dropping frame 1403638552.0778294
Dropping frame 1403638552.9778295
Dropping frame 1403638553.0778294
Dropping frame 1403638553.1778293
Dropping frame 1403638553.2778294
Dropping frame 1403638553.3778293
Dropping frame 1403638553.5278294
Dropping frame 1403638553.6278296
Dropping frame 1403638553.7278295
Dropping frame 1403638553.8278296
Dropping frame 1403638553.9278295
Dropping frame 1403638554.0278294
start VIBA 2
Dropping frame 1403638554.1278296
Dropping frame 1403638554.2778294
Dropping frame 1403638554.3778293
end VIBA 2
Dropping frame 1403638554.4778295
Dropping frame 1403638554.5778294
Dropping frame 1403638554.6778293
Dropping frame 1403638554.7778294
Dropping frame 1403638554.9278295
Dropping frame 1403638555.0278294
Dropping frame 1403638555.1278296
Dropping frame 1403638555.2278295
Dropping frame 1403638555.3278296
Dropping frame 1403638555.4278295
Dropping frame 1403638555.5278294
Dropping frame 1403638555.6278296
Dropping frame 1403638555.7278295
Dropping frame 1403638555.8278296
Dropping frame 1403638555.9778295
Dropping frame 1403638556.2278295
Dropping frame 1403638556.3278296
Dropping frame 1403638556.4278295
Dropping frame 1403638556.5278294
Dropping frame 1403638556.6278296
Dropping frame 1403638556.8278296
Dropping frame 1403638556.9278295
Dropping frame 1403638557.0278294
Dropping frame 1403638557.1278296
Dropping frame 1403638557.2278295
Dropping frame 1403638557.4278295
Dropping frame 1403638557.5278294
Dropping frame 1403638557.6278296
Dropping frame 1403638557.8278296
Dropping frame 1403638558.0278294
Dropping frame 1403638558.1278296
Dropping frame 1403638558.2278295
Dropping frame 1403638558.4278295
Dropping frame 1403638558.6278296
Dropping frame 1403638558.7278295
Dropping frame 1403638558.9278295
Dropping frame 1403638559.0278294
Dropping frame 1403638559.2278295
Dropping frame 1403638559.3278296
Dropping frame 1403638559.4278295
Dropping frame 1403638559.5278294
Dropping frame 1403638559.7278295
Dropping frame 1403638559.8278296
Dropping frame 1403638560.1778293
Dropping frame 1403638560.2778294
Dropping frame 1403638560.3778293
Dropping frame 1403638560.4778295
Dropping frame 1403638560.6778293
Dropping frame 1403638560.8778293
Dropping frame 1403638561.0778294
Dropping frame 1403638561.1778293
Dropping frame 1403638561.3778293
Dropping frame 1403638561.5778294
Dropping frame 1403638561.7778294
Dropping frame 1403638561.9778295
Dropping frame 1403638562.0778294
Dropping frame 1403638562.2778294
Dropping frame 1403638562.4778295
Dropping frame 1403638562.5778294
Dropping frame 1403638562.7778294
Dropping frame 1403638562.9778295
Dropping frame 1403638563.1778293
Dropping frame 1403638563.2778294
Dropping frame 1403638563.4278295
Dropping frame 1403638563.5278294
Dropping frame 1403638563.7278295
Dropping frame 1403638563.9278295
Dropping frame 1403638564.0278294
Dropping frame 1403638564.1278296
Dropping frame 1403638564.2278295
Dropping frame 1403638564.3778293
Dropping frame 1403638564.4778295
Dropping frame 1403638564.5778294
Dropping frame 1403638564.7278295
Dropping frame 1403638564.9778295
Dropping frame 1403638565.1778293
Dropping frame 1403638565.2778294
Dropping frame 1403638565.3778293
Dropping frame 1403638565.5778294
Dropping frame 1403638565.7778294
Dropping frame 1403638565.8778293
Dropping frame 1403638566.0778294
Dropping frame 1403638566.2778294
Dropping frame 1403638566.4778295
Dropping frame 1403638566.6778293
Dropping frame 1403638566.7778294
Dropping frame 1403638566.9778295
Dropping frame 1403638567.1778293
Dropping frame 1403638567.2778294
Dropping frame 1403638567.3778293
Dropping frame 1403638567.5778294
Dropping frame 1403638567.6778293
Dropping frame 1403638567.7778294
Dropping frame 1403638567.8778293
Dropping frame 1403638567.9778295
Dropping frame 1403638568.0778294
Dropping frame 1403638568.2278295
Dropping frame 1403638568.3278296
Dropping frame 1403638568.4278295
Dropping frame 1403638568.5278294
Dropping frame 1403638568.7278295
Dropping frame 1403638568.8278296
Dropping frame 1403638568.9278295
Dropping frame 1403638569.1778293
Dropping frame 1403638569.3778293
Dropping frame 1403638569.5778294
Dropping frame 1403638569.7778294
Dropping frame 1403638569.9778295
Dropping frame 1403638570.0778294
Dropping frame 1403638570.2778294
Dropping frame 1403638570.4778295
Dropping frame 1403638570.6778293
Dropping frame 1403638570.8778293
Dropping frame 1403638571.0778294
Dropping frame 1403638571.2778294
Dropping frame 1403638571.4778295
Dropping frame 1403638571.5778294
Dropping frame 1403638571.7778294
Dropping frame 1403638571.9778295
Dropping frame 1403638572.1778293
Dropping frame 1403638572.3778293
Dropping frame 1403638572.5778294
Dropping frame 1403638572.7778294
Dropping frame 1403638572.8778293
Dropping frame 1403638573.0778294
Dropping frame 1403638573.2778294
Dropping frame 1403638573.4778295
Dropping frame 1403638573.6778293
Dropping frame 1403638573.8778293
Dropping frame 1403638574.0778294
Dropping frame 1403638574.5778294
Dropping frame 1403638574.7778294
Dropping frame 1403638574.8778293
Dropping frame 1403638575.0778294
Dropping frame 1403638575.1778293
Dropping frame 1403638575.2778294
Dropping frame 1403638575.3778293
Dropping frame 1403638575.5778294
Dropping frame 1403638575.7778294
Dropping frame 1403638575.9778295
Dropping frame 1403638576.1778293
Dropping frame 1403638576.3778293
Dropping frame 1403638576.4778295
Dropping frame 1403638576.5778294
Dropping frame 1403638576.7778294
Dropping frame 1403638576.9778295
Dropping frame 1403638577.1778293
Dropping frame 1403638577.3778293
Dropping frame 1403638577.5778294
Dropping frame 1403638577.6778293
Dropping frame 1403638577.7778294
Dropping frame 1403638577.9778295
Dropping frame 1403638578.1778293
Dropping frame 1403638578.3778293
Dropping frame 1403638578.4778295
Dropping frame 1403638578.5778294
Dropping frame 1403638578.7778294
Dropping frame 1403638578.8778293
Dropping frame 1403638578.9778295
Dropping frame 1403638579.1778293
Dropping frame 1403638579.3778293
Dropping frame 1403638579.5778294
Dropping frame 1403638579.6778293
Dropping frame 1403638579.7778294
Dropping frame 1403638579.9778295
Dropping frame 1403638580.0778294
Dropping frame 1403638580.1778293
Dropping frame 1403638580.3778293
Dropping frame 1403638580.5778294
Dropping frame 1403638580.6778293
Dropping frame 1403638580.7778294
Dropping frame 1403638580.9778295
Dropping frame 1403638581.1778293
Dropping frame 1403638581.2778294
Dropping frame 1403638581.3778293
Dropping frame 1403638581.5778294
Dropping frame 1403638581.7778294
Dropping frame 1403638581.9778295
Dropping frame 1403638582.1778293
Dropping frame 1403638582.2778294
Dropping frame 1403638582.3778293
Dropping frame 1403638582.5778294
Dropping frame 1403638582.7778294
Dropping frame 1403638582.8778293
Dropping frame 1403638583.0778294
Dropping frame 1403638583.3278296
Dropping frame 1403638583.5278294
Dropping frame 1403638583.7278295
Dropping frame 1403638584.2778294
Dropping frame 1403638584.5278294
Dropping frame 1403638584.7778294
Dropping frame 1403638584.9778295
Dropping frame 1403638585.0778294
Dropping frame 1403638585.3278296
Dropping frame 1403638585.4778295
Dropping frame 1403638585.6778293
Dropping frame 1403638585.7778294
Dropping frame 1403638586.0278294
Dropping frame 1403638586.1278296
Dropping frame 1403638586.2278295
Dropping frame 1403638586.4278295
Dropping frame 1403638586.6278296
Dropping frame 1403638586.7278295
Dropping frame 1403638586.8278296
Dropping frame 1403638587.0278294
Dropping frame 1403638587.1278296
Dropping frame 1403638587.2278295
Dropping frame 1403638587.4278295
Dropping frame 1403638587.6278296
Dropping frame 1403638587.7778294
Dropping frame 1403638587.9778295
Dropping frame 1403638588.2778294
Dropping frame 1403638588.3778293
Dropping frame 1403638588.6278296
Dropping frame 1403638588.8278296
Dropping frame 1403638588.9278295
Dropping frame 1403638589.1278296
Dropping frame 1403638589.3278296
Dropping frame 1403638589.4278295
Dropping frame 1403638589.7278295
Dropping frame 1403638589.9778295
Dropping frame 1403638590.1778293
Dropping frame 1403638590.3778293
Dropping frame 1403638590.5778294
Dropping frame 1403638590.6778293
Dropping frame 1403638590.8778293
Dropping frame 1403638591.0778294
Dropping frame 1403638591.2778294
Dropping frame 1403638591.5278294
Dropping frame 1403638591.6278296
Dropping frame 1403638591.7778294
Dropping frame 1403638591.9778295
Dropping frame 1403638592.0778294
Dropping frame 1403638592.1778293
Dropping frame 1403638592.5278294
Dropping frame 1403638592.9778295
Dropping frame 1403638593.4278295
Dropping frame 1403638593.7778294
Dropping frame 1403638594.5278294
Dropping frame 1403638594.7778294
Dropping frame 1403638594.8778293
Dropping frame 1403638595.0778294
Dropping frame 1403638595.3778293
Dropping frame 1403638595.5778294
Dropping frame 1403638595.7778294
Dropping frame 1403638595.8778293
Dropping frame 1403638596.1278296
Dropping frame 1403638596.3278296
Dropping frame 1403638596.5278294
Dropping frame 1403638596.7278295
Dropping frame 1403638596.9278295
Dropping frame 1403638597.1278296
Dropping frame 1403638597.2278295
Dropping frame 1403638597.4278295
Dropping frame 1403638597.6278296
Dropping frame 1403638597.8278296
Dropping frame 1403638598.0278294
Dropping frame 1403638598.1278296
Dropping frame 1403638598.3778293
Dropping frame 1403638598.5778294
Dropping frame 1403638598.7778294
Dropping frame 1403638598.8778293
Dropping frame 1403638598.9778295
Dropping frame 1403638599.0778294
Dropping frame 1403638599.2778294
Dropping frame 1403638599.3778293
Dropping frame 1403638599.4778295
Dropping frame 1403638599.6778293
Dropping frame 1403638599.7778294
Dropping frame 1403638599.8778293
Dropping frame 1403638600.0778294
Dropping frame 1403638600.1778293
Dropping frame 1403638600.2778294
Dropping frame 1403638600.4778295
Dropping frame 1403638600.5778294
Dropping frame 1403638600.6778293
Dropping frame 1403638600.8778293
Dropping frame 1403638601.0778294
Dropping frame 1403638601.1778293
Dropping frame 1403638601.2778294
Dropping frame 1403638601.4778295
Dropping frame 1403638601.5778294
Dropping frame 1403638601.6778293
Dropping frame 1403638601.8778293
Dropping frame 1403638601.9778295
Dropping frame 1403638602.0778294
Dropping frame 1403638602.2778294
Dropping frame 1403638602.3778293
Dropping frame 1403638602.4778295
Dropping frame 1403638602.6778293
Dropping frame 1403638602.7778294
Dropping frame 1403638603.0278294
Dropping frame 1403638603.1278296
Dropping frame 1403638603.2278295
Dropping frame 1403638603.4278295
Dropping frame 1403638603.5278294
Dropping frame 1403638603.6278296
Dropping frame 1403638603.8278296
Dropping frame 1403638604.0278294
Dropping frame 1403638604.1278296
Dropping frame 1403638604.2278295
Dropping frame 1403638604.4278295
Dropping frame 1403638604.5278294
Dropping frame 1403638604.6278296
Dropping frame 1403638604.8278296
Dropping frame 1403638605.1278296
Dropping frame 1403638605.2278295
Dropping frame 1403638605.3278296
Dropping frame 1403638605.5278294
Dropping frame 1403638605.6278296
Dropping frame 1403638605.8778293
Dropping frame 1403638605.9778295
Dropping frame 1403638606.0778294
Dropping frame 1403638606.2778294
Dropping frame 1403638606.4778295
Dropping frame 1403638606.5778294
Dropping frame 1403638606.6778293
Dropping frame 1403638606.9278295
Dropping frame 1403638607.0278294
Dropping frame 1403638607.2778294
Dropping frame 1403638607.3778293
Dropping frame 1403638607.5778294
Dropping frame 1403638607.6778293
Dropping frame 1403638607.9778295
Dropping frame 1403638608.2278295
Dropping frame 1403638608.3278296
Dropping frame 1403638608.4278295
Dropping frame 1403638608.6278296
Dropping frame 1403638609.2278295
Dropping frame 1403638609.3278296
Dropping frame 1403638609.5778294
Dropping frame 1403638609.7778294
Dropping frame 1403638609.8778293
Dropping frame 1403638610.1278296
Dropping frame 1403638610.3278296
Dropping frame 1403638610.5278294
Dropping frame 1403638610.7278295
Dropping frame 1403638610.8278296
Dropping frame 1403638611.0778294
Dropping frame 1403638611.2278295
Dropping frame 1403638611.4278295
Dropping frame 1403638611.5278294
Dropping frame 1403638611.8278296
Dropping frame 1403638612.0778294
Dropping frame 1403638612.1778293
Dropping frame 1403638612.4278295
Dropping frame 1403638612.6278296
Dropping frame 1403638612.8278296
Dropping frame 1403638613.1278296
Dropping frame 1403638613.2278295
Dropping frame 1403638613.7278295
Dropping frame 1403638613.8278296
Dropping frame 1403638613.9278295
Dropping frame 1403638614.1778293
Dropping frame 1403638614.5778294
Dropping frame 1403638614.7778294
Dropping frame 1403638615.0778294
Dropping frame 1403638615.1778293
Dropping frame 1403638615.6778293
Dropping frame 1403638615.8778293
Dropping frame 1403638616.0778294
Dropping frame 1403638616.3778293
Dropping frame 1403638616.7278295
Dropping frame 1403638616.8778293
Dropping frame 1403638617.0778294
Dropping frame 1403638617.3778293
Dropping frame 1403638617.4778295
Dropping frame 1403638617.7278295
Dropping frame 1403638617.9278295
Dropping frame 1403638618.5278294
Dropping frame 1403638618.7778294
Dropping frame 1403638619.2778294
Dropping frame 1403638620.1278296
Dropping frame 1403638620.3278296
Dropping frame 1403638620.5278294
Dropping frame 1403638621.3278296
Dropping frame 1403638621.4278295
Dropping frame 1403638622.2778294
Dropping frame 1403638622.6778293
Dropping frame 1403638622.7778294
Dropping frame 1403638623.1278296
Dropping frame 1403638624.4778295
Dropping frame 1403638624.8278296
Dropping frame 1403638625.2278295
Dropping frame 1403638625.6278296
Dropping frame 1403638625.9778295
Dropping frame 1403638626.6278296
Dropping frame 1403638627.1278296
Dropping frame 1403638627.3278296
Dropping frame 1403638627.6278296
Dropping frame 1403638627.7278295
Dropping frame 1403638627.9778295
Dropping frame 1403638628.3278296
Dropping frame 1403638628.6278296
Dropping frame 1403638628.8278296
Dropping frame 1403638629.0278294
Dropping frame 1403638629.1278296
Dropping frame 1403638629.3778293
Dropping frame 1403638629.4778295
Dropping frame 1403638629.9778295
Dropping frame 1403638630.0778294
Dropping frame 1403638630.3278296
Dropping frame 1403638630.4278295
Dropping frame 1403638630.7278295
Dropping frame 1403638631.2278295
Dropping frame 1403638631.5278294
Shutdown
SLAM Finished at System Time: 1742828544.16186

 TIME STATS in ms (mean$\pm$std)
OpenCV version: 4.8.1
---------------------------
Tracking

ORB Extraction: 20.001$\pm$2.3643
Stereo Matching: 8.3489$\pm$1.8967
IMU Preintegration: 0.2144$\pm$0.091861
Pose Prediction: 0.48652$\pm$1.2728
LM Track: 17.99$\pm$5.653
New KF decision: 1.1789$\pm$1.9708
Total Tracking: 32.161$\pm$25.89



Local Mapping

KF Insertion: 14.346$\pm$4.6677
MP Culling: 0.48125$\pm$0.19898
MP Creation: 43.234$\pm$15.165
LBA: 147.56$\pm$45.531
KF Culling: 11.473$\pm$9.5847
Total Local Mapping: 216.56$\pm$69.07
---------------------------

LBA complexity (mean$\pm$std)
LBA Edges: 1625.3$\pm$1009.8
LBA KF optimized: 6.5$\pm$2.2913
LBA KF fixed: 1$\pm$0
LBA MP: nan$\pm$nan

LBA executions: 410
LBA aborts: 0
---------------------------

Map complexity
KFs in map: 165
MPs in map: 13110
---------------------------

Place Recognition (mean$\pm$std)
Database Query: 2.2904$\pm$1.2187
SE3 estimation: 30.313$\pm$17.221
Total Place Recognition: 23.486$\pm$21.222


Loop Closing (mean$\pm$std)
Loop Fusion: nan$\pm$nan
Essential Graph: nan$\pm$nan
Total Loop Closing: nan$\pm$nan

Num exec: 0
Number of KFs: nan$\pm$nan

Map Merging (mean$\pm$std)
Merge Maps: nan$\pm$nan
Welding BA: nan$\pm$nan
Optimization Ess.: nan$\pm$nan
Total Map Merging: nan$\pm$nan

Num exec: 0
Number of KFs: nan$\pm$nan
Number of MPs: nan$\pm$nan

Full GBA (mean$\pm$std)
GBA: nan$\pm$nan
Map Update: nan$\pm$nan
Total Full GBA: nan$\pm$nan

Num exec: 0
Num abort: 0
Number of KFs: nan$\pm$nan
Number of MPs: nan$\pm$nan

Saving trajectory to f_dataset-MH05_stereo_imu.txt ...
There are 1 maps in the atlas
  Map 0 has 165 KFs

End of saving trajectory to f_dataset-MH05_stereo_imu.txt ...

Saving keyframe trajectory to kf_dataset-MH05_stereo_imu.txt ...
