num_seq = 1
file name: dataset-MH03_stereo_imu
Loading images for sequence 0...LOADED!
Loading IMU for sequence 0...LOADED!

-------

ORB-SLAM3 Copyright (C) 2017-2020 Carlos Campos, Richard Elvira, Juan J. Gómez, José M.M. Montiel and Juan D. Tardós, University of Zaragoza.
ORB-SLAM2 Copyright (C) 2014-2016 Raúl Mur-Artal, José M.M. Montiel and Juan D. Tardós, University of Zaragoza.
This program comes with ABSOLUTELY NO WARRANTY;
This is free software, and you are welcome to redistribute it
under certain conditions. See LICENSE.txt.

Built with REGISTER_TIMES
Git Commit Hash: 2d47524

Build Type: Release

Compiled with C++ version: 201703

Input sensor was set to: Stereo-Inertial
Loading settings from EuRoC_fov_deadlines_mask_5x5.yaml
	-Loaded camera 1
	-Loaded camera 2
	-Loaded image info
	-Loaded IMU calibration
	-Loaded ORB settings
	-Loaded viewer settings
	-Loaded Atlas settings
Deadlines enabled, will skip frames!
FOV enabled
Static mask size: 5x5
Dumping map points enabled
	-Loaded misc parameters
	-Computed rectification maps
----------------------------------
SLAM settings: 
	-Camera 1 parameters (Pinhole): [ 458.65399169921875 457.29598999023438 367.21499633789062 248.375 ]
	-Camera 1 distortion parameters: [  -0.28340810537338257 0.073959067463874817 0.00019359000725671649 1.7618711353861727e-05 ]
	-Camera 2 parameters (Pinhole: [ 457.58700561523438 456.13400268554688 379.99899291992188 255.23800659179688 ]
	-Camera 1 distortion parameters: [  -0.2836836576461792 0.074512839317321777 -0.00010473000293131918 -3.555907096597366e-05 ]
	-Original image size: [ 752 , 480 ]
	-Current image size: [ 752 , 480 ]
	-Camera 1 parameters after rectification: [  456.71499633789062 456.71499633789062 364.52615356445312 257.268798828125 ]
	-Sequence FPS: 20
	-Stereo baseline: 0.11007784307003021
	-Stereo depth threshold : 60
	-Gyro noise: 0.00016999999934341758
	-Accelerometer noise: 0.0020000000949949026
	-Gyro walk: 1.9392999092815444e-05
	-Accelerometer walk: 0.0030000000260770321
	-IMU frequency: 200
	-Features per image: 1200
	-ORB scale factor: 1.2000000476837158
	-ORB number of scales: 8
	-Initial FAST threshold: 20
	-Min FAST threshold: 7


Loading ORB Vocabulary. This could take a while...
Vocabulary loaded!

Initialization of Atlas from scratch 
Creation of new map with id: 0
Creation of new map with last KF id: 0
Seq. Name: 
There are 1 cameras in the atlas
Camera 0 is pinhole
SLAM Started at System Time: 1740784331.68019
not IMU meas
not IMU meas
not enough acceleration
not enough acceleration
First KF:0; Map init KF:0
New Map created with 157 points
Active map: 0
Not enough motion for initializing. Reseting...
TRACK: Reset map because local mapper set the bad imu flag 
LM: Reseting current map in Local Mapping...
LM: End reseting Local Mapping...
LM: Reset free the mutex
LM: Active map reset recieved
LM: Active map reset, waiting...
LM: Reseting current map in Local Mapping...
LM: End reseting Local Mapping...
LM: Reset free the mutex
LM: Active map reset, Done!!!
mnFirstFrameId = 4
mnInitialFrameId = 0
53 Frames set to lost
not IMU meas
First KF:11; Map init KF:0
New Map created with 199 points
Active map: 0
Dropping frame 1403637134.388319
Dropping frame 1403637134.5883191
Dropping frame 1403637134.688319
Dropping frame 1403637134.9383192
Dropping frame 1403637135.138319
Dropping frame 1403637136.5883191
Dropping frame 1403637136.688319
start VIBA 1
end VIBA 1
Dropping frame 1403637139.3383191
Dropping frame 1403637139.7383192
Not enough motion for initializing. Reseting...
TRACK: Reset map because local mapper set the bad imu flag 
LM: Reseting current map in Local Mapping...
LM: End reseting Local Mapping...
LM: Reset free the mutex
LM: Active map reset recieved
LM: Active map reset, waiting...
LM: Reseting current map in Local Mapping...
LM: End reseting Local Mapping...
LM: Reset free the mutex
LM: Active map reset, Done!!!
mnFirstFrameId = 59
mnInitialFrameId = 57
181 Frames set to lost
not IMU meas
First KF:46; Map init KF:11
New Map created with 162 points
Active map: 0
Not enough motion for initializing. Reseting...
TRACK: Reset map because local mapper set the bad imu flag 
LM: Reseting current map in Local Mapping...
LM: End reseting Local Mapping...
LM: Reset free the mutex
LM: Active map reset recieved
LM: Active map reset, waiting...
LM: Reseting current map in Local Mapping...
LM: End reseting Local Mapping...
LM: Reset free the mutex
LM: Active map reset, Done!!!
mnFirstFrameId = 189
mnInitialFrameId = 187
240 Frames set to lost
not IMU meas
not enough acceleration
not enough acceleration
not enough acceleration
not enough acceleration
not enough acceleration
not enough acceleration
not enough acceleration
not enough acceleration
not enough acceleration
not enough acceleration
not enough acceleration
not enough acceleration
not enough acceleration
not enough acceleration
not enough acceleration
not enough acceleration
not enough acceleration
not enough acceleration
not enough acceleration
not enough acceleration
not enough acceleration
not enough acceleration
not enough acceleration
First KF:57; Map init KF:46
New Map created with 160 points
Active map: 0
Not enough motion for initializing. Reseting...
TRACK: Reset map because local mapper set the bad imu flag 
LM: Reseting current map in Local Mapping...
LM: End reseting Local Mapping...
LM: Reset free the mutex
LM: Active map reset recieved
LM: Active map reset, waiting...
LM: Reseting current map in Local Mapping...
LM: End reseting Local Mapping...
LM: Reset free the mutex
LM: Active map reset, Done!!!
mnFirstFrameId = 273
mnInitialFrameId = 248
296 Frames set to lost
not IMU meas
not enough acceleration
not enough acceleration
not enough acceleration
not enough acceleration
not enough acceleration
not enough acceleration
not enough acceleration
not enough acceleration
not enough acceleration
not enough acceleration
not enough acceleration
not enough acceleration
not enough acceleration
not enough acceleration
not enough acceleration
not enough acceleration
not enough acceleration
not enough acceleration
not enough acceleration
not enough acceleration
not enough acceleration
not enough acceleration
not enough acceleration
not enough acceleration
not enough acceleration
not enough acceleration
not enough acceleration
not enough acceleration
not enough acceleration
not enough acceleration
not enough acceleration
not enough acceleration
not enough acceleration
not enough acceleration
not enough acceleration
not enough acceleration
not enough acceleration
not enough acceleration
not enough acceleration
not enough acceleration
not enough acceleration
not enough acceleration
not enough acceleration
not enough acceleration
First KF:68; Map init KF:57
New Map created with 133 points
Active map: 0
Dropping frame 1403637152.0383191
Dropping frame 1403637152.3383191
Dropping frame 1403637152.638319
Dropping frame 1403637153.2383192
Dropping frame 1403637153.3383191
Dropping frame 1403637153.688319
Dropping frame 1403637154.0883191
Dropping frame 1403637154.3383191
start VIBA 1
Dropping frame 1403637154.9883189
end VIBA 1
Dropping frame 1403637155.4383192
Dropping frame 1403637155.5883191
Dropping frame 1403637155.688319
Dropping frame 1403637156.0383191
Dropping frame 1403637156.138319
Dropping frame 1403637156.4383192
Dropping frame 1403637156.5383191
Dropping frame 1403637156.9383192
Dropping frame 1403637157.0383191
Dropping frame 1403637157.3383191
Dropping frame 1403637157.4383192
Dropping frame 1403637157.5883191
Dropping frame 1403637157.688319
Dropping frame 1403637157.7883189
Dropping frame 1403637158.138319
Dropping frame 1403637158.3383191
Dropping frame 1403637158.5383191
Dropping frame 1403637158.688319
Dropping frame 1403637158.7883189
Dropping frame 1403637158.888319
Dropping frame 1403637159.138319
Dropping frame 1403637159.3383191
Dropping frame 1403637159.888319
Dropping frame 1403637160.388319
Dropping frame 1403637160.5883191
Dropping frame 1403637160.688319
Dropping frame 1403637160.7883189
Dropping frame 1403637160.888319
Dropping frame 1403637161.138319
Dropping frame 1403637161.3383191
Dropping frame 1403637161.4383192
Dropping frame 1403637161.638319
Dropping frame 1403637161.8383191
Dropping frame 1403637162.0383191
Dropping frame 1403637162.188319
Dropping frame 1403637162.5383191
Dropping frame 1403637163.4383192
Dropping frame 1403637164.188319
start VIBA 2
end VIBA 2
Dropping frame 1403637165.7883189
Dropping frame 1403637165.9883189
Dropping frame 1403637166.188319
Dropping frame 1403637166.388319
Dropping frame 1403637166.5883191
Dropping frame 1403637166.688319
Dropping frame 1403637166.9383192
Dropping frame 1403637167.138319
Dropping frame 1403637167.2883189
Dropping frame 1403637167.4883189
Dropping frame 1403637167.5883191
Dropping frame 1403637167.8383191
Dropping frame 1403637167.9383192
Dropping frame 1403637168.188319
Dropping frame 1403637168.2883189
Dropping frame 1403637168.5883191
Dropping frame 1403637168.688319
Dropping frame 1403637168.9883189
Dropping frame 1403637169.0883191
Dropping frame 1403637169.7883189
Dropping frame 1403637170.5383191
Dropping frame 1403637175.3383191
Dropping frame 1403637175.688319
Dropping frame 1403637176.2383192
Dropping frame 1403637176.7883189
Dropping frame 1403637177.0883191
Dropping frame 1403637177.7883189
Dropping frame 1403637177.9883189
Dropping frame 1403637178.2383192
Dropping frame 1403637178.4883189
Dropping frame 1403637178.7883189
Dropping frame 1403637178.888319
Dropping frame 1403637182.388319
Dropping frame 1403637184.188319
Dropping frame 1403637184.2883189
Dropping frame 1403637184.388319
Dropping frame 1403637184.5883191
Dropping frame 1403637184.7383192
Dropping frame 1403637185.0883191
Dropping frame 1403637185.188319
Dropping frame 1403637185.4383192
Dropping frame 1403637185.5383191
Dropping frame 1403637185.688319
Dropping frame 1403637185.888319
Dropping frame 1403637185.9883189
Dropping frame 1403637186.3383191
Dropping frame 1403637186.4383192
Dropping frame 1403637186.688319
Dropping frame 1403637186.7883189
Dropping frame 1403637187.0383191
Dropping frame 1403637187.3383191
Dropping frame 1403637187.4383192
Dropping frame 1403637187.688319
Dropping frame 1403637188.0383191
Dropping frame 1403637188.138319
Dropping frame 1403637188.4883189
Dropping frame 1403637188.8383191
Dropping frame 1403637189.0383191
Dropping frame 1403637189.138319
Dropping frame 1403637189.2883189
Dropping frame 1403637190.5883191
Dropping frame 1403637190.9383192
Dropping frame 1403637191.2883189
Dropping frame 1403637191.388319
Dropping frame 1403637191.638319
Dropping frame 1403637191.9383192
Dropping frame 1403637192.2383192
Dropping frame 1403637192.4883189
Dropping frame 1403637192.638319
Dropping frame 1403637192.9883189
Dropping frame 1403637193.2383192
Dropping frame 1403637193.388319
Dropping frame 1403637193.688319
Dropping frame 1403637193.888319
Dropping frame 1403637194.0383191
Dropping frame 1403637194.3383191
Dropping frame 1403637194.638319
Dropping frame 1403637194.9383192
Dropping frame 1403637195.2883189
Dropping frame 1403637195.5383191
Dropping frame 1403637195.7383192
Dropping frame 1403637195.9383192
Dropping frame 1403637196.0383191
Dropping frame 1403637196.138319
Dropping frame 1403637196.3383191
Dropping frame 1403637196.4383192
Dropping frame 1403637196.638319
Dropping frame 1403637196.7383192
Dropping frame 1403637196.8383191
Dropping frame 1403637196.9383192
Dropping frame 1403637197.2383192
Dropping frame 1403637197.4383192
Dropping frame 1403637197.5383191
Dropping frame 1403637197.638319
Dropping frame 1403637197.7383192
Dropping frame 1403637197.9383192
Dropping frame 1403637198.138319
Dropping frame 1403637198.2383192
Dropping frame 1403637198.4383192
Dropping frame 1403637198.5383191
Dropping frame 1403637198.638319
Dropping frame 1403637198.8383191
Dropping frame 1403637199.0383191
Dropping frame 1403637199.138319
Dropping frame 1403637199.2383192
Dropping frame 1403637199.3383191
Dropping frame 1403637199.4883189
Dropping frame 1403637199.688319
Dropping frame 1403637199.888319
Dropping frame 1403637199.9883189
Dropping frame 1403637200.0883191
Dropping frame 1403637200.188319
Dropping frame 1403637200.388319
Dropping frame 1403637200.5883191
Dropping frame 1403637200.688319
Dropping frame 1403637200.7883189
Dropping frame 1403637200.888319
Dropping frame 1403637201.0883191
Dropping frame 1403637201.188319
Dropping frame 1403637201.2883189
Dropping frame 1403637201.388319
Dropping frame 1403637201.4883189
Dropping frame 1403637201.688319
Dropping frame 1403637201.888319
Dropping frame 1403637201.9883189
Dropping frame 1403637202.138319
Dropping frame 1403637202.4383192
Dropping frame 1403637202.7883189
Dropping frame 1403637203.188319
Dropping frame 1403637203.4383192
Dropping frame 1403637203.688319
Dropping frame 1403637203.9383192
Dropping frame 1403637204.0883191
Dropping frame 1403637204.638319
Dropping frame 1403637204.7383192
Dropping frame 1403637204.8383191
Dropping frame 1403637205.0383191
Dropping frame 1403637205.188319
Dropping frame 1403637205.4383192
Dropping frame 1403637206.2883189
Dropping frame 1403637206.388319
Dropping frame 1403637206.7883189
Dropping frame 1403637206.888319
Dropping frame 1403637207.2883189
Dropping frame 1403637207.4883189
Dropping frame 1403637207.8383191
Dropping frame 1403637207.9383192
Dropping frame 1403637208.9883189
Dropping frame 1403637209.188319
Dropping frame 1403637209.638319
Dropping frame 1403637210.0383191
Dropping frame 1403637210.2383192
Dropping frame 1403637210.638319
Dropping frame 1403637211.138319
Dropping frame 1403637211.5383191
Dropping frame 1403637211.9383192
Dropping frame 1403637212.3383191
Dropping frame 1403637212.7883189
Dropping frame 1403637213.638319
Dropping frame 1403637214.638319
Dropping frame 1403637214.9883189
Dropping frame 1403637215.5883191
Dropping frame 1403637215.9883189
Dropping frame 1403637216.188319
Dropping frame 1403637216.688319
Dropping frame 1403637216.7883189
Dropping frame 1403637216.9883189
Dropping frame 1403637217.188319
Dropping frame 1403637217.2883189
Dropping frame 1403637217.388319
Dropping frame 1403637217.5883191
Dropping frame 1403637217.7883189
Dropping frame 1403637217.9883189
Dropping frame 1403637218.0883191
Dropping frame 1403637218.888319
Dropping frame 1403637219.2883189
Dropping frame 1403637219.388319
Dropping frame 1403637219.688319
Dropping frame 1403637220.0883191
Dropping frame 1403637220.4383192
Dropping frame 1403637220.7883189
Dropping frame 1403637221.188319
Dropping frame 1403637221.5383191
Dropping frame 1403637221.8383191
Dropping frame 1403637222.0383191
Dropping frame 1403637222.2383192
Dropping frame 1403637222.4383192
Dropping frame 1403637222.638319
Dropping frame 1403637222.7383192
Dropping frame 1403637223.0383191
Dropping frame 1403637223.138319
Dropping frame 1403637223.3383191
Dropping frame 1403637223.5383191
Dropping frame 1403637223.638319
Dropping frame 1403637223.8383191
Dropping frame 1403637223.9383192
Dropping frame 1403637224.0383191
Dropping frame 1403637224.5383191
Dropping frame 1403637224.7883189
Dropping frame 1403637224.9383192
Dropping frame 1403637225.0383191
Dropping frame 1403637225.388319
Dropping frame 1403637225.4883189
Dropping frame 1403637225.5883191
Dropping frame 1403637225.8383191
Dropping frame 1403637225.9383192
Dropping frame 1403637226.0383191
Dropping frame 1403637226.2883189
Dropping frame 1403637226.4383192
Dropping frame 1403637226.5383191
Dropping frame 1403637226.9383192
Dropping frame 1403637227.0383191
Dropping frame 1403637227.2383192
Dropping frame 1403637227.688319
Dropping frame 1403637227.888319
Dropping frame 1403637228.0883191
Dropping frame 1403637228.888319
Dropping frame 1403637228.9883189
Dropping frame 1403637229.888319
Dropping frame 1403637230.0883191
Dropping frame 1403637230.188319
Dropping frame 1403637230.2883189
Dropping frame 1403637230.4383192
Dropping frame 1403637230.7383192
Dropping frame 1403637230.9383192
Dropping frame 1403637231.0383191
Dropping frame 1403637231.138319
Dropping frame 1403637231.5383191
Dropping frame 1403637231.638319
Dropping frame 1403637231.888319
Dropping frame 1403637232.3383191
Dropping frame 1403637232.5383191
Dropping frame 1403637232.688319
Dropping frame 1403637233.7383192
Dropping frame 1403637233.8383191
Dropping frame 1403637234.0883191
Dropping frame 1403637234.188319
Dropping frame 1403637234.688319
Dropping frame 1403637234.8383191
Dropping frame 1403637235.0883191
Dropping frame 1403637235.2883189
Dropping frame 1403637235.5883191
Dropping frame 1403637235.688319
Dropping frame 1403637235.7883189
Dropping frame 1403637236.188319
Dropping frame 1403637236.2883189
Dropping frame 1403637236.388319
Dropping frame 1403637236.888319
Dropping frame 1403637236.9883189
Dropping frame 1403637237.0883191
Dropping frame 1403637237.9383192
Dropping frame 1403637239.9383192
Dropping frame 1403637240.9883189
Dropping frame 1403637241.388319
Dropping frame 1403637242.7883189
Dropping frame 1403637243.5383191
Dropping frame 1403637243.638319
Dropping frame 1403637243.888319
Dropping frame 1403637243.9883189
Dropping frame 1403637244.0883191
Dropping frame 1403637244.2883189
Dropping frame 1403637244.4883189
Dropping frame 1403637244.688319
Dropping frame 1403637244.9883189
Dropping frame 1403637245.0883191
Dropping frame 1403637245.188319
Dropping frame 1403637245.388319
Dropping frame 1403637245.688319
Dropping frame 1403637246.0883191
Dropping frame 1403637246.7883189
Dropping frame 1403637247.0383191
Dropping frame 1403637247.138319
Dropping frame 1403637247.388319
Dropping frame 1403637247.5883191
Dropping frame 1403637247.9883189
Dropping frame 1403637248.2883189
Dropping frame 1403637248.5383191
Dropping frame 1403637248.688319
Dropping frame 1403637248.7883189
Dropping frame 1403637249.0883191
Dropping frame 1403637249.188319
Dropping frame 1403637249.2883189
Dropping frame 1403637249.388319
Dropping frame 1403637249.4883189
Dropping frame 1403637249.5883191
Dropping frame 1403637249.7883189
Dropping frame 1403637249.9883189
Dropping frame 1403637250.3383191
Dropping frame 1403637250.4383192
Dropping frame 1403637250.638319
Dropping frame 1403637250.7383192
Dropping frame 1403637250.9383192
Dropping frame 1403637251.0383191
Dropping frame 1403637251.138319
Dropping frame 1403637251.2883189
Dropping frame 1403637251.5883191
Dropping frame 1403637251.7883189
Dropping frame 1403637251.888319
Dropping frame 1403637251.9883189
Dropping frame 1403637252.188319
Dropping frame 1403637252.2883189
Dropping frame 1403637252.388319
Dropping frame 1403637252.5883191
Dropping frame 1403637252.688319
Dropping frame 1403637252.7883189
Dropping frame 1403637252.9883189
Dropping frame 1403637253.188319
Dropping frame 1403637253.2883189
Dropping frame 1403637253.388319
Dropping frame 1403637253.5383191
Dropping frame 1403637253.7383192
Dropping frame 1403637253.9383192
Dropping frame 1403637254.0383191
Dropping frame 1403637254.138319
Dropping frame 1403637254.3383191
Dropping frame 1403637254.4383192
Dropping frame 1403637254.5383191
Dropping frame 1403637254.7383192
Dropping frame 1403637254.9383192
Dropping frame 1403637255.0383191
Dropping frame 1403637255.138319
Dropping frame 1403637255.3383191
Dropping frame 1403637255.5383191
Dropping frame 1403637255.7383192
Dropping frame 1403637255.8383191
Dropping frame 1403637255.9383192
Dropping frame 1403637256.0383191
Dropping frame 1403637256.138319
Dropping frame 1403637256.2383192
Dropping frame 1403637256.3383191
Dropping frame 1403637256.4383192
Dropping frame 1403637256.5383191
Dropping frame 1403637256.7383192
Dropping frame 1403637256.8383191
Dropping frame 1403637256.9383192
Dropping frame 1403637257.0383191
Dropping frame 1403637257.2383192
Dropping frame 1403637257.3383191
Dropping frame 1403637257.5383191
Dropping frame 1403637257.7383192
Dropping frame 1403637257.8383191
Dropping frame 1403637257.9383192
Dropping frame 1403637258.0383191
Dropping frame 1403637258.138319
Dropping frame 1403637258.2383192
Dropping frame 1403637258.7383192
Dropping frame 1403637258.8383191
Dropping frame 1403637259.2883189
Dropping frame 1403637259.4883189
Dropping frame 1403637259.5883191
Dropping frame 1403637259.688319
Dropping frame 1403637259.7883189
Dropping frame 1403637259.9883189
Dropping frame 1403637260.0883191
Dropping frame 1403637260.2883189
Dropping frame 1403637260.4883189
Dropping frame 1403637260.5883191
Dropping frame 1403637260.688319
Dropping frame 1403637260.7883189
Dropping frame 1403637260.9383192
Dropping frame 1403637261.188319
Dropping frame 1403637261.388319
Dropping frame 1403637261.4883189
Dropping frame 1403637261.5883191
Dropping frame 1403637261.7883189
Dropping frame 1403637261.888319
Dropping frame 1403637261.9883189
Dropping frame 1403637262.0883191
Dropping frame 1403637262.188319
Dropping frame 1403637262.5383191
Dropping frame 1403637262.638319
Dropping frame 1403637262.7383192
Dropping frame 1403637262.9383192
Dropping frame 1403637263.2383192
Dropping frame 1403637263.3383191
Dropping frame 1403637263.7883189
Dropping frame 1403637263.9383192
Dropping frame 1403637264.0883191
Dropping frame 1403637264.3383191
Dropping frame 1403637264.5383191
Dropping frame 1403637264.638319
Dropping frame 1403637264.7383192
Dropping frame 1403637264.8383191
Dropping frame 1403637264.9383192
Dropping frame 1403637265.0883191
Dropping frame 1403637265.188319
Shutdown
SLAM Finished at System Time: 1740784490.88444

 TIME STATS in ms (mean$\pm$std)
OpenCV version: 4.8.1
---------------------------
Tracking

ORB Extraction: 15.039$\pm$2.0462
Stereo Matching: 7.2597$\pm$1.8756
IMU Preintegration: 0.2619$\pm$0.11751
Pose Prediction: 0.5842$\pm$1.4193
LM Track: 17.788$\pm$6.0516
New KF decision: 1.2581$\pm$2.4208
Total Tracking: 33.484$\pm$22.154



Local Mapping

KF Insertion: 12.986$\pm$5.1281
MP Culling: 0.53525$\pm$0.28817
MP Creation: 42.082$\pm$18.861
LBA: 146.28$\pm$66.458
KF Culling: 14.691$\pm$11.218
Total Local Mapping: 214.73$\pm$93.855
---------------------------

LBA complexity (mean$\pm$std)
LBA Edges: 1218.7$\pm$550.12
LBA KF optimized: 6.5$\pm$2.2913
LBA KF fixed: 1$\pm$0
LBA MP: nan$\pm$nan

LBA executions: 479
LBA aborts: 0
---------------------------

Map complexity
KFs in map: 180
MPs in map: 14290
---------------------------

Place Recognition (mean$\pm$std)
Database Query: 1.8621$\pm$0.99123
SE3 estimation: 24.715$\pm$15.335
Total Place Recognition: 19.967$\pm$18.043


Loop Closing (mean$\pm$std)
Loop Fusion: nan$\pm$nan
Essential Graph: nan$\pm$nan
Total Loop Closing: nan$\pm$nan

Num exec: 0
Number of KFs: nan$\pm$nan

Map Merging (mean$\pm$std)
Merge Maps: nan$\pm$nan
Welding BA: nan$\pm$nan
Optimization Ess.: nan$\pm$nan
Total Map Merging: nan$\pm$nan

Num exec: 0
Number of KFs: nan$\pm$nan
Number of MPs: nan$\pm$nan

Full GBA (mean$\pm$std)
GBA: nan$\pm$nan
Map Update: nan$\pm$nan
Total Full GBA: nan$\pm$nan

Num exec: 0
Num abort: 0
Number of KFs: nan$\pm$nan
Number of MPs: nan$\pm$nan

Saving trajectory to f_dataset-MH03_stereo_imu.txt ...
There are 1 maps in the atlas
  Map 0 has 180 KFs

End of saving trajectory to f_dataset-MH03_stereo_imu.txt ...

Saving keyframe trajectory to kf_dataset-MH03_stereo_imu.txt ...
