num_seq = 1
file name: dataset-MH05_stereo_imu
Loading images for sequence 0...LOADED!
Loading IMU for sequence 0...LOADED!

-------

ORB-SLAM3 Copyright (C) 2017-2020 Carlos Campos, Richard Elvira, Juan J. Gómez, José M.M. Montiel and Juan D. Tardós, University of Zaragoza.
ORB-SLAM2 Copyright (C) 2014-2016 Raúl Mur-Artal, José M.M. Montiel and Juan D. Tardós, University of Zaragoza.
This program comes with ABSOLUTELY NO WARRANTY;
This is free software, and you are welcome to redistribute it
under certain conditions. See LICENSE.txt.

Built with REGISTER_TIMES
Git Commit Hash: 2d47524

Build Type: Release

Compiled with C++ version: 201703

Input sensor was set to: Stereo-Inertial
Loading settings from EuRoC_fov_deadlines_mask_15x15.yaml
	-Loaded camera 1
	-Loaded camera 2
	-Loaded image info
	-Loaded IMU calibration
	-Loaded ORB settings
	-Loaded viewer settings
	-Loaded Atlas settings
Deadlines enabled, will skip frames!
FOV enabled
Static mask size: 15x15
Dumping map points enabled
	-Loaded misc parameters
	-Computed rectification maps
----------------------------------
SLAM settings: 
	-Camera 1 parameters (Pinhole): [ 458.65399169921875 457.29598999023438 367.21499633789062 248.375 ]
	-Camera 1 distortion parameters: [  -0.28340810537338257 0.073959067463874817 0.00019359000725671649 1.7618711353861727e-05 ]
	-Camera 2 parameters (Pinhole: [ 457.58700561523438 456.13400268554688 379.99899291992188 255.23800659179688 ]
	-Camera 1 distortion parameters: [  -0.2836836576461792 0.074512839317321777 -0.00010473000293131918 -3.555907096597366e-05 ]
	-Original image size: [ 752 , 480 ]
	-Current image size: [ 752 , 480 ]
	-Camera 1 parameters after rectification: [  456.71499633789062 456.71499633789062 364.52615356445312 257.268798828125 ]
	-Sequence FPS: 20
	-Stereo baseline: 0.11007784307003021
	-Stereo depth threshold : 60
	-Gyro noise: 0.00016999999934341758
	-Accelerometer noise: 0.0020000000949949026
	-Gyro walk: 1.9392999092815444e-05
	-Accelerometer walk: 0.0030000000260770321
	-IMU frequency: 200
	-Features per image: 1200
	-ORB scale factor: 1.2000000476837158
	-ORB number of scales: 8
	-Initial FAST threshold: 20
	-Min FAST threshold: 7


Loading ORB Vocabulary. This could take a while...
Vocabulary loaded!

Initialization of Atlas from scratch 
Creation of new map with id: 0
Creation of new map with last KF id: 0
Seq. Name: 
There are 1 cameras in the atlas
Camera 0 is pinhole
SLAM Started at System Time: 1742784439.41594
not IMU meas
not IMU meas
not enough acceleration
not enough acceleration
not enough acceleration
not enough acceleration
not enough acceleration
not enough acceleration
not enough acceleration
not enough acceleration
not enough acceleration
not enough acceleration
not enough acceleration
not enough acceleration
not enough acceleration
not enough acceleration
not enough acceleration
not enough acceleration
not enough acceleration
not enough acceleration
not enough acceleration
not enough acceleration
not enough acceleration
not enough acceleration
not enough acceleration
not enough acceleration
not enough acceleration
not enough acceleration
not enough acceleration
not enough acceleration
not enough acceleration
not enough acceleration
not enough acceleration
not enough acceleration
not enough acceleration
not enough acceleration
not enough acceleration
not enough acceleration
not enough acceleration
not enough acceleration
not enough acceleration
not enough acceleration
not enough acceleration
not enough acceleration
not enough acceleration
not enough acceleration
not enough acceleration
not enough acceleration
not enough acceleration
not enough acceleration
not enough acceleration
not enough acceleration
not enough acceleration
not enough acceleration
not enough acceleration
not enough acceleration
not enough acceleration
not enough acceleration
not enough acceleration
not enough acceleration
not enough acceleration
not enough acceleration
not enough acceleration
not enough acceleration
not enough acceleration
not enough acceleration
not enough acceleration
not enough acceleration
not enough acceleration
not enough acceleration
not enough acceleration
not enough acceleration
not enough acceleration
not enough acceleration
not enough acceleration
not enough acceleration
not enough acceleration
not enough acceleration
not enough acceleration
not enough acceleration
First KF:0; Map init KF:0
New Map created with 118 points
Active map: 0
Dropping frame 1403638522.9778295
Dropping frame 1403638523.2278295
Dropping frame 1403638523.5278294
Dropping frame 1403638523.6778293
Dropping frame 1403638523.9778295
Dropping frame 1403638524.2278295
Dropping frame 1403638524.9278295
Dropping frame 1403638525.1278296
Dropping frame 1403638525.3778293
Dropping frame 1403638525.5278294
Dropping frame 1403638525.6278296
Dropping frame 1403638525.9278295
Dropping frame 1403638526.0278294
Dropping frame 1403638526.1278296
Dropping frame 1403638526.3278296
Dropping frame 1403638526.4278295
Dropping frame 1403638526.5278294
Dropping frame 1403638526.6278296
Dropping frame 1403638526.8278296
Dropping frame 1403638527.0778294
Dropping frame 1403638527.2778294
start VIBA 1
Dropping frame 1403638527.3778293
end VIBA 1
Dropping frame 1403638527.5278294
Dropping frame 1403638527.6278296
Dropping frame 1403638527.8278296
Dropping frame 1403638528.1778293
Dropping frame 1403638528.3278296
Dropping frame 1403638528.6778293
Dropping frame 1403638528.8778293
Dropping frame 1403638529.0778294
Dropping frame 1403638529.1778293
Dropping frame 1403638529.4278295
Dropping frame 1403638529.5278294
Dropping frame 1403638529.8278296
Dropping frame 1403638529.9278295
Dropping frame 1403638530.0278294
Dropping frame 1403638530.3778293
Dropping frame 1403638530.4778295
Dropping frame 1403638530.6778293
Dropping frame 1403638530.8778293
Dropping frame 1403638531.1778293
Not enough motion for initializing. Reseting...
Dropping frame 1403638531.3778293
LM: Reseting current map in Local Mapping...
LM: End reseting Local Mapping...
LM: Reset free the mutex
Dropping frame 1403638531.5278294
Dropping frame 1403638531.7278295
Dropping frame 1403638531.8278296
Not enough motion for initializing. Reseting...
TRACK: Reset map because local mapper set the bad imu flag 
LM: Active map reset recieved
LM: Active map reset, waiting...
LM: Reseting current map in Local Mapping...
LM: End reseting Local Mapping...
LM: Reset free the mutex
LM: Active map reset, Done!!!
mnFirstFrameId = 80
mnInitialFrameId = 0
151 Frames set to lost
not IMU meas
not enough acceleration
not enough acceleration
not enough acceleration
not enough acceleration
not enough acceleration
not enough acceleration
not enough acceleration
not enough acceleration
not enough acceleration
Dropping frame 1403638532.4278295
not enough acceleration
Dropping frame 1403638532.5278294
not enough acceleration
not enough acceleration
not enough acceleration
not enough acceleration
Dropping frame 1403638532.7778294
not enough acceleration
Dropping frame 1403638532.8778293
not enough acceleration
Dropping frame 1403638532.9778295
not enough acceleration
not enough acceleration
not enough acceleration
Dropping frame 1403638533.1778293
not enough acceleration
not enough acceleration
not enough acceleration
Dropping frame 1403638533.3778293
not enough acceleration
Dropping frame 1403638533.4778295
not enough acceleration
not enough acceleration
not enough acceleration
not enough acceleration
not enough acceleration
Dropping frame 1403638533.7778294
not enough acceleration
not enough acceleration
not enough acceleration
Dropping frame 1403638533.9778295
not enough acceleration
Dropping frame 1403638534.0778294
not enough acceleration
not enough acceleration
Dropping frame 1403638534.2278295
not enough acceleration
not enough acceleration
not enough acceleration
not enough acceleration
not enough acceleration
not enough acceleration
not enough acceleration
not enough acceleration
not enough acceleration
not enough acceleration
Dropping frame 1403638534.7778294
not enough acceleration
not enough acceleration
not enough acceleration
not enough acceleration
not enough acceleration
not enough acceleration
not enough acceleration
not enough acceleration
not enough acceleration
not enough acceleration
not enough acceleration
Dropping frame 1403638535.3778293
not enough acceleration
not enough acceleration
not enough acceleration
not enough acceleration
not enough acceleration
not enough acceleration
not enough acceleration
not enough acceleration
not enough acceleration
not enough acceleration
not enough acceleration
not enough acceleration
not enough acceleration
not enough acceleration
not enough acceleration
not enough acceleration
not enough acceleration
not enough acceleration
Dropping frame 1403638536.3278296
not enough acceleration
not enough acceleration
not enough acceleration
not enough acceleration
not enough acceleration
Dropping frame 1403638536.6278296
not enough acceleration
not enough acceleration
not enough acceleration
Dropping frame 1403638536.8278296
not enough acceleration
not enough acceleration
not enough acceleration
not enough acceleration
not enough acceleration
not enough acceleration
not enough acceleration
not enough acceleration
not enough acceleration
Dropping frame 1403638537.3278296
not enough acceleration
not enough acceleration
not enough acceleration
not enough acceleration
not enough acceleration
not enough acceleration
not enough acceleration
not enough acceleration
not enough acceleration
not enough acceleration
not enough acceleration
not enough acceleration
not enough acceleration
not enough acceleration
not enough acceleration
not enough acceleration
not enough acceleration
not enough acceleration
not enough acceleration
not enough acceleration
not enough acceleration
not enough acceleration
not enough acceleration
not enough acceleration
not enough acceleration
not enough acceleration
not enough acceleration
not enough acceleration
First KF:40; Map init KF:0
New Map created with 175 points
Active map: 0
start VIBA 1
end VIBA 1
Dropping frame 1403638546.3778293
Dropping frame 1403638546.6778293
Dropping frame 1403638546.8278296
Dropping frame 1403638546.9278295
Dropping frame 1403638547.0778294
Dropping frame 1403638547.1778293
Dropping frame 1403638547.3778293
Dropping frame 1403638547.5278294
Dropping frame 1403638547.6278296
Dropping frame 1403638547.7278295
Dropping frame 1403638547.8778293
Dropping frame 1403638547.9778295
Dropping frame 1403638548.1778293
Dropping frame 1403638548.3278296
Dropping frame 1403638548.4778295
Dropping frame 1403638548.5778294
Dropping frame 1403638548.6778293
Dropping frame 1403638548.7778294
Dropping frame 1403638548.8778293
Dropping frame 1403638549.0278294
Dropping frame 1403638549.5278294
Dropping frame 1403638549.7278295
Dropping frame 1403638549.9778295
Dropping frame 1403638550.1778293
Dropping frame 1403638550.2778294
Dropping frame 1403638550.3778293
Dropping frame 1403638550.7778294
Dropping frame 1403638550.8778293
Dropping frame 1403638550.9778295
Dropping frame 1403638551.1778293
Dropping frame 1403638551.3778293
Dropping frame 1403638551.4778295
Dropping frame 1403638551.6278296
Dropping frame 1403638552.3778293
Dropping frame 1403638552.7778294
Dropping frame 1403638552.8778293
Dropping frame 1403638552.9778295
Dropping frame 1403638553.1278296
Dropping frame 1403638553.2278295
Dropping frame 1403638553.3278296
Dropping frame 1403638553.4278295
Dropping frame 1403638553.5778294
Dropping frame 1403638553.6778293
Dropping frame 1403638553.8278296
Dropping frame 1403638553.9278295
Dropping frame 1403638554.0278294
start VIBA 2
Dropping frame 1403638554.1278296
Dropping frame 1403638554.2278295
Dropping frame 1403638554.3278296
end VIBA 2
Dropping frame 1403638554.4278295
Dropping frame 1403638554.5278294
Dropping frame 1403638554.6278296
Dropping frame 1403638554.7278295
Dropping frame 1403638554.8278296
Dropping frame 1403638554.9278295
Dropping frame 1403638555.0778294
Dropping frame 1403638555.1778293
Dropping frame 1403638555.3278296
Dropping frame 1403638555.4778295
Dropping frame 1403638555.5778294
Dropping frame 1403638555.6778293
Dropping frame 1403638555.8778293
Dropping frame 1403638555.9778295
Dropping frame 1403638556.0778294
Dropping frame 1403638556.1778293
Dropping frame 1403638556.2778294
Dropping frame 1403638556.4778295
Dropping frame 1403638556.5778294
Dropping frame 1403638556.7778294
Dropping frame 1403638556.9778295
Dropping frame 1403638557.0778294
Dropping frame 1403638557.2778294
Dropping frame 1403638557.4778295
Dropping frame 1403638557.5778294
Dropping frame 1403638557.6778293
Dropping frame 1403638557.8778293
Dropping frame 1403638557.9778295
Dropping frame 1403638558.1778293
Dropping frame 1403638558.3778293
Dropping frame 1403638558.5778294
Dropping frame 1403638558.6778293
Dropping frame 1403638558.8778293
Dropping frame 1403638559.0778294
Dropping frame 1403638559.1778293
Dropping frame 1403638559.2778294
Dropping frame 1403638559.4778295
Dropping frame 1403638559.5778294
Dropping frame 1403638559.7778294
Dropping frame 1403638559.8778293
Dropping frame 1403638560.0778294
Dropping frame 1403638560.2778294
Dropping frame 1403638560.4778295
Dropping frame 1403638560.6778293
Dropping frame 1403638560.8778293
Dropping frame 1403638560.9778295
Dropping frame 1403638561.1778293
Dropping frame 1403638561.2778294
Dropping frame 1403638561.3778293
Dropping frame 1403638561.4778295
Dropping frame 1403638561.5778294
Dropping frame 1403638561.6778293
Dropping frame 1403638561.7778294
Dropping frame 1403638561.8778293
Dropping frame 1403638562.1278296
Dropping frame 1403638562.2278295
Dropping frame 1403638562.3278296
Dropping frame 1403638562.5278294
Dropping frame 1403638562.6278296
Dropping frame 1403638562.7278295
Dropping frame 1403638562.8278296
Dropping frame 1403638563.0278294
Dropping frame 1403638563.1278296
Dropping frame 1403638563.5278294
Dropping frame 1403638563.7278295
Dropping frame 1403638563.8278296
Dropping frame 1403638563.9278295
Dropping frame 1403638564.0278294
Dropping frame 1403638564.1278296
Dropping frame 1403638564.2278295
Dropping frame 1403638564.3278296
Dropping frame 1403638564.5278294
Dropping frame 1403638564.7278295
Dropping frame 1403638564.9278295
Dropping frame 1403638565.0278294
Dropping frame 1403638565.1278296
Dropping frame 1403638565.3278296
Dropping frame 1403638565.4278295
Dropping frame 1403638565.5278294
Dropping frame 1403638565.7278295
Dropping frame 1403638566.9278295
Dropping frame 1403638567.0278294
Dropping frame 1403638567.1778293
Dropping frame 1403638567.2778294
Dropping frame 1403638567.3778293
Dropping frame 1403638567.4778295
Dropping frame 1403638567.6778293
Dropping frame 1403638567.8778293
Dropping frame 1403638568.0778294
Dropping frame 1403638568.1778293
Dropping frame 1403638568.3778293
Dropping frame 1403638568.5778294
Dropping frame 1403638568.7778294
Dropping frame 1403638568.9778295
Dropping frame 1403638569.0778294
Dropping frame 1403638569.2778294
Dropping frame 1403638569.4778295
Dropping frame 1403638569.5778294
Dropping frame 1403638569.7778294
Dropping frame 1403638569.9778295
Dropping frame 1403638570.1778293
Dropping frame 1403638570.3778293
Dropping frame 1403638570.5778294
Dropping frame 1403638570.7778294
Dropping frame 1403638570.9778295
Dropping frame 1403638571.1778293
Dropping frame 1403638571.3778293
Dropping frame 1403638571.5778294
Dropping frame 1403638571.7778294
Dropping frame 1403638571.9778295
Dropping frame 1403638572.0778294
Dropping frame 1403638572.2778294
Dropping frame 1403638572.4778295
Dropping frame 1403638572.7278295
Dropping frame 1403638572.8278296
Dropping frame 1403638573.0278294
Dropping frame 1403638573.2278295
Dropping frame 1403638573.6778293
Dropping frame 1403638573.8778293
Dropping frame 1403638574.0778294
Dropping frame 1403638574.2778294
Dropping frame 1403638574.4778295
Dropping frame 1403638574.5778294
Dropping frame 1403638574.6778293
Dropping frame 1403638574.8778293
Dropping frame 1403638575.0778294
Dropping frame 1403638575.1778293
Dropping frame 1403638575.2778294
Dropping frame 1403638575.4778295
Dropping frame 1403638575.5778294
Dropping frame 1403638575.6778293
Dropping frame 1403638575.8778293
Dropping frame 1403638576.0778294
Dropping frame 1403638576.1778293
Dropping frame 1403638576.2778294
Dropping frame 1403638576.4778295
Dropping frame 1403638576.5778294
Dropping frame 1403638576.6778293
Dropping frame 1403638576.8778293
Dropping frame 1403638577.0778294
Dropping frame 1403638577.2778294
Dropping frame 1403638577.3778293
Dropping frame 1403638577.4778295
Dropping frame 1403638577.6778293
Dropping frame 1403638577.8778293
Dropping frame 1403638577.9778295
Dropping frame 1403638578.0778294
Dropping frame 1403638578.2778294
Dropping frame 1403638578.3778293
Dropping frame 1403638578.4778295
Dropping frame 1403638578.6778293
Dropping frame 1403638578.7778294
Dropping frame 1403638578.8778293
Dropping frame 1403638579.0778294
Dropping frame 1403638579.2778294
Dropping frame 1403638579.3778293
Dropping frame 1403638579.4778295
Dropping frame 1403638579.6778293
Dropping frame 1403638579.7778294
Dropping frame 1403638579.8778293
Dropping frame 1403638580.0778294
Dropping frame 1403638580.2778294
Dropping frame 1403638580.4778295
Dropping frame 1403638580.5778294
Dropping frame 1403638580.6778293
Dropping frame 1403638580.8778293
Dropping frame 1403638581.0778294
Dropping frame 1403638581.1778293
Dropping frame 1403638581.4278295
Dropping frame 1403638581.6278296
Dropping frame 1403638581.7278295
Dropping frame 1403638581.8278296
Dropping frame 1403638582.1278296
Dropping frame 1403638582.3278296
Dropping frame 1403638582.4778295
Dropping frame 1403638582.6778293
Dropping frame 1403638582.9778295
Dropping frame 1403638583.1278296
Dropping frame 1403638583.3278296
Dropping frame 1403638583.5278294
Dropping frame 1403638583.6278296
Dropping frame 1403638583.8778293
Dropping frame 1403638584.0778294
Dropping frame 1403638584.2778294
Dropping frame 1403638584.4778295
Dropping frame 1403638584.6778293
Dropping frame 1403638584.8778293
Dropping frame 1403638585.0778294
Dropping frame 1403638585.2778294
Dropping frame 1403638585.3778293
Dropping frame 1403638585.5278294
Dropping frame 1403638585.7278295
Dropping frame 1403638585.9278295
Dropping frame 1403638586.1278296
Dropping frame 1403638586.2778294
Dropping frame 1403638586.4778295
Dropping frame 1403638586.6778293
Dropping frame 1403638586.8778293
Dropping frame 1403638587.0778294
Dropping frame 1403638587.1778293
Dropping frame 1403638587.2778294
Dropping frame 1403638587.4778295
Dropping frame 1403638587.6778293
Dropping frame 1403638587.8278296
Dropping frame 1403638587.9778295
Dropping frame 1403638588.0778294
Dropping frame 1403638588.1778293
Dropping frame 1403638588.3778293
Dropping frame 1403638588.4778295
Dropping frame 1403638588.5778294
Dropping frame 1403638588.7778294
Dropping frame 1403638588.9778295
Dropping frame 1403638589.1778293
Dropping frame 1403638589.3778293
Dropping frame 1403638589.5778294
Dropping frame 1403638589.7778294
Dropping frame 1403638589.9778295
Dropping frame 1403638590.0778294
Dropping frame 1403638590.1778293
Dropping frame 1403638590.3778293
Dropping frame 1403638590.6778293
Dropping frame 1403638590.8278296
Dropping frame 1403638591.0278294
Dropping frame 1403638591.2278295
Dropping frame 1403638591.4278295
Dropping frame 1403638591.7278295
Dropping frame 1403638591.9278295
Dropping frame 1403638592.1278296
Dropping frame 1403638592.2278295
Dropping frame 1403638592.4778295
Dropping frame 1403638592.5778294
Dropping frame 1403638593.9778295
Dropping frame 1403638594.2278295
Dropping frame 1403638594.4278295
Dropping frame 1403638594.8278296
Dropping frame 1403638595.1778293
Dropping frame 1403638595.4778295
Dropping frame 1403638595.6778293
Dropping frame 1403638595.8778293
Dropping frame 1403638595.9778295
Dropping frame 1403638596.0778294
Dropping frame 1403638596.2778294
Dropping frame 1403638596.3778293
Dropping frame 1403638596.4778295
Dropping frame 1403638596.6778293
Dropping frame 1403638596.7778294
Dropping frame 1403638596.8778293
Dropping frame 1403638597.0778294
Dropping frame 1403638597.1778293
Dropping frame 1403638597.4278295
Dropping frame 1403638597.6278296
Dropping frame 1403638597.7278295
Dropping frame 1403638597.8278296
Dropping frame 1403638598.0278294
Dropping frame 1403638598.1278296
Dropping frame 1403638598.2278295
Dropping frame 1403638598.4278295
Dropping frame 1403638598.6278296
Dropping frame 1403638598.7278295
Dropping frame 1403638598.8278296
Dropping frame 1403638599.0278294
Dropping frame 1403638599.1278296
Dropping frame 1403638599.2278295
Dropping frame 1403638599.4278295
Dropping frame 1403638599.5278294
Dropping frame 1403638599.6278296
Dropping frame 1403638599.8278296
Dropping frame 1403638599.9278295
Dropping frame 1403638600.0278294
Dropping frame 1403638600.2278295
Dropping frame 1403638600.3278296
Dropping frame 1403638600.4278295
Dropping frame 1403638600.6278296
Dropping frame 1403638600.7278295
Dropping frame 1403638600.8278296
Dropping frame 1403638601.0278294
Dropping frame 1403638601.1278296
Dropping frame 1403638601.2278295
Dropping frame 1403638601.4278295
Dropping frame 1403638601.5278294
Dropping frame 1403638601.6278296
Dropping frame 1403638601.8278296
Dropping frame 1403638601.9278295
Dropping frame 1403638602.0278294
Dropping frame 1403638602.2278295
Dropping frame 1403638602.3278296
Dropping frame 1403638602.4278295
Dropping frame 1403638602.6278296
Dropping frame 1403638602.7278295
Dropping frame 1403638602.8278296
Dropping frame 1403638603.0278294
Dropping frame 1403638603.3278296
Dropping frame 1403638603.5278294
Dropping frame 1403638603.6778293
Dropping frame 1403638603.8778293
Dropping frame 1403638603.9778295
Dropping frame 1403638604.0778294
Dropping frame 1403638604.2778294
Dropping frame 1403638604.3778293
Dropping frame 1403638604.4778295
Dropping frame 1403638604.5778294
Dropping frame 1403638604.7778294
Dropping frame 1403638604.9778295
Dropping frame 1403638605.0778294
Dropping frame 1403638605.1778293
Dropping frame 1403638605.3778293
Dropping frame 1403638605.4778295
Dropping frame 1403638605.5778294
Dropping frame 1403638605.7778294
Dropping frame 1403638605.9278295
Dropping frame 1403638606.0278294
Dropping frame 1403638606.1778293
Dropping frame 1403638606.3278296
Dropping frame 1403638606.5778294
Dropping frame 1403638606.8278296
Dropping frame 1403638607.1778293
Dropping frame 1403638607.4278295
Dropping frame 1403638607.5278294
Dropping frame 1403638607.7778294
Dropping frame 1403638607.9778295
Dropping frame 1403638608.4278295
Dropping frame 1403638608.5278294
Dropping frame 1403638608.7778294
Dropping frame 1403638608.9778295
Dropping frame 1403638609.1778293
Dropping frame 1403638609.2778294
Dropping frame 1403638609.5278294
Dropping frame 1403638609.7278295
Dropping frame 1403638609.9278295
Dropping frame 1403638610.0278294
Dropping frame 1403638610.1278296
Dropping frame 1403638610.3278296
Dropping frame 1403638610.4778295
Dropping frame 1403638610.6778293
Dropping frame 1403638610.8778293
Dropping frame 1403638611.0778294
Dropping frame 1403638611.1778293
Dropping frame 1403638611.4278295
Dropping frame 1403638611.6278296
Dropping frame 1403638611.8778293
Dropping frame 1403638612.1278296
Dropping frame 1403638612.2778294
Dropping frame 1403638612.5278294
Dropping frame 1403638612.6278296
Dropping frame 1403638612.8278296
Dropping frame 1403638613.0278294
Dropping frame 1403638613.2278295
Dropping frame 1403638613.3278296
Dropping frame 1403638613.5778294
Dropping frame 1403638613.6778293
Dropping frame 1403638613.9278295
Dropping frame 1403638614.1278296
Dropping frame 1403638614.3278296
Dropping frame 1403638614.6278296
Dropping frame 1403638614.8278296
Dropping frame 1403638615.0278294
Dropping frame 1403638615.4778295
Dropping frame 1403638615.6778293
Dropping frame 1403638615.9778295
Dropping frame 1403638616.2778294
Dropping frame 1403638617.0278294
Dropping frame 1403638618.9278295
Dropping frame 1403638619.0278294
Dropping frame 1403638619.8778293
Dropping frame 1403638620.0278294
Dropping frame 1403638620.4278295
Dropping frame 1403638621.0778294
Dropping frame 1403638623.3778293
Dropping frame 1403638624.5778294
Dropping frame 1403638625.5778294
Dropping frame 1403638625.9278295
Dropping frame 1403638626.3778293
Dropping frame 1403638626.6778293
Dropping frame 1403638626.9778295
Dropping frame 1403638627.1778293
Dropping frame 1403638627.4278295
Dropping frame 1403638628.3278296
Dropping frame 1403638628.5278294
Dropping frame 1403638629.1278296
Dropping frame 1403638629.3278296
Dropping frame 1403638629.8778293
Dropping frame 1403638630.9278295
Dropping frame 1403638631.2278295
Dropping frame 1403638631.4278295
Dropping frame 1403638631.6278296
Shutdown
SLAM Finished at System Time: 1742784576.99475

 TIME STATS in ms (mean$\pm$std)
OpenCV version: 4.8.1
---------------------------
Tracking

ORB Extraction: 19.334$\pm$2.3879
Stereo Matching: 8.1971$\pm$1.8505
IMU Preintegration: 0.21597$\pm$0.086689
Pose Prediction: 0.4233$\pm$1.2074
LM Track: 18.451$\pm$4.8112
New KF decision: 1.1536$\pm$1.9135
Total Tracking: 32.275$\pm$25.265



Local Mapping

KF Insertion: 14.189$\pm$4.8623
MP Culling: 0.47784$\pm$0.17892
MP Creation: 44.736$\pm$14.235
LBA: 150.7$\pm$41.457
KF Culling: 11.737$\pm$8.2416
Total Local Mapping: 221.98$\pm$62.059
---------------------------

LBA complexity (mean$\pm$std)
LBA Edges: 1909.6$\pm$1020.8
LBA KF optimized: 6.5$\pm$2.2913
LBA KF fixed: 1$\pm$0
LBA MP: nan$\pm$nan

LBA executions: 395
LBA aborts: 0
---------------------------

Map complexity
KFs in map: 159
MPs in map: 12823
---------------------------

Place Recognition (mean$\pm$std)
Database Query: 2.0245$\pm$0.92536
SE3 estimation: 26.138$\pm$17.78
Total Place Recognition: 20.804$\pm$20.128


Loop Closing (mean$\pm$std)
Loop Fusion: nan$\pm$nan
Essential Graph: nan$\pm$nan
Total Loop Closing: nan$\pm$nan

Num exec: 0
Number of KFs: nan$\pm$nan

Map Merging (mean$\pm$std)
Merge Maps: nan$\pm$nan
Welding BA: nan$\pm$nan
Optimization Ess.: nan$\pm$nan
Total Map Merging: nan$\pm$nan

Num exec: 0
Number of KFs: nan$\pm$nan
Number of MPs: nan$\pm$nan

Full GBA (mean$\pm$std)
GBA: nan$\pm$nan
Map Update: nan$\pm$nan
Total Full GBA: nan$\pm$nan

Num exec: 0
Num abort: 0
Number of KFs: nan$\pm$nan
Number of MPs: nan$\pm$nan

Saving trajectory to f_dataset-MH05_stereo_imu.txt ...
There are 1 maps in the atlas
  Map 0 has 159 KFs

End of saving trajectory to f_dataset-MH05_stereo_imu.txt ...

Saving keyframe trajectory to kf_dataset-MH05_stereo_imu.txt ...
