num_seq = 1
file name: dataset-MH04_stereo_imu
Loading images for sequence 0...LOADED!
Loading IMU for sequence 0...LOADED!

-------

ORB-SLAM3 Copyright (C) 2017-2020 Carlos Campos, Richard Elvira, Juan J. Gómez, José M.M. Montiel and Juan D. Tardós, University of Zaragoza.
ORB-SLAM2 Copyright (C) 2014-2016 Raúl Mur-Artal, José M.M. Montiel and Juan D. Tardós, University of Zaragoza.
This program comes with ABSOLUTELY NO WARRANTY;
This is free software, and you are welcome to redistribute it
under certain conditions. See LICENSE.txt.

Built with REGISTER_TIMES
Git Commit Hash: 2d47524

Build Type: Release

Compiled with C++ version: 201703

Input sensor was set to: Stereo-Inertial
Loading settings from EuRoC_fov_deadlines_mask_10x10.yaml
	-Loaded camera 1
	-Loaded camera 2
	-Loaded image info
	-Loaded IMU calibration
	-Loaded ORB settings
	-Loaded viewer settings
	-Loaded Atlas settings
Deadlines enabled, will skip frames!
FOV enabled
Static mask size: 10x10
Dumping map points enabled
	-Loaded misc parameters
	-Computed rectification maps
----------------------------------
SLAM settings: 
	-Camera 1 parameters (Pinhole): [ 458.65399169921875 457.29598999023438 367.21499633789062 248.375 ]
	-Camera 1 distortion parameters: [  -0.28340810537338257 0.073959067463874817 0.00019359000725671649 1.7618711353861727e-05 ]
	-Camera 2 parameters (Pinhole: [ 457.58700561523438 456.13400268554688 379.99899291992188 255.23800659179688 ]
	-Camera 1 distortion parameters: [  -0.2836836576461792 0.074512839317321777 -0.00010473000293131918 -3.555907096597366e-05 ]
	-Original image size: [ 752 , 480 ]
	-Current image size: [ 752 , 480 ]
	-Camera 1 parameters after rectification: [  456.71499633789062 456.71499633789062 364.52615356445312 257.268798828125 ]
	-Sequence FPS: 20
	-Stereo baseline: 0.11007784307003021
	-Stereo depth threshold : 60
	-Gyro noise: 0.00016999999934341758
	-Accelerometer noise: 0.0020000000949949026
	-Gyro walk: 1.9392999092815444e-05
	-Accelerometer walk: 0.0030000000260770321
	-IMU frequency: 200
	-Features per image: 1200
	-ORB scale factor: 1.2000000476837158
	-ORB number of scales: 8
	-Initial FAST threshold: 20
	-Min FAST threshold: 7


Loading ORB Vocabulary. This could take a while...
Vocabulary loaded!

Initialization of Atlas from scratch 
Creation of new map with id: 0
Creation of new map with last KF id: 0
Seq. Name: 
There are 1 cameras in the atlas
Camera 0 is pinhole
SLAM Started at System Time: 1742925435.0268
not IMU meas
not IMU meas
not enough acceleration
not enough acceleration
not enough acceleration
not enough acceleration
not enough acceleration
not enough acceleration
not enough acceleration
not enough acceleration
not enough acceleration
not enough acceleration
not enough acceleration
not enough acceleration
not enough acceleration
not enough acceleration
not enough acceleration
not enough acceleration
not enough acceleration
not enough acceleration
not enough acceleration
not enough acceleration
not enough acceleration
not enough acceleration
not enough acceleration
not enough acceleration
not enough acceleration
not enough acceleration
not enough acceleration
not enough acceleration
not enough acceleration
not enough acceleration
First KF:0; Map init KF:0
New Map created with 146 points
Active map: 0
Dropping frame 1403638130.895097
Dropping frame 1403638131.0950971
Dropping frame 1403638131.195097
Dropping frame 1403638131.445097
Dropping frame 1403638131.645097
Dropping frame 1403638131.7450969
Dropping frame 1403638131.8450971
Dropping frame 1403638132.0950971
Dropping frame 1403638132.195097
Dropping frame 1403638132.445097
Dropping frame 1403638132.7950971
Dropping frame 1403638133.2950971
Dropping frame 1403638133.395097
Dropping frame 1403638133.695097
Dropping frame 1403638133.7950971
Dropping frame 1403638133.895097
Dropping frame 1403638133.9950972
start VIBA 1
end VIBA 1
Dropping frame 1403638134.695097
Dropping frame 1403638134.895097
Dropping frame 1403638135.0950971
Dropping frame 1403638135.2450969
Dropping frame 1403638135.395097
Dropping frame 1403638135.5950971
Dropping frame 1403638135.7950971
Dropping frame 1403638135.9950972
Dropping frame 1403638136.195097
Dropping frame 1403638136.2950971
Dropping frame 1403638136.395097
Dropping frame 1403638136.945097
Dropping frame 1403638137.145097
Dropping frame 1403638137.2450969
Dropping frame 1403638137.3450971
Dropping frame 1403638137.5450969
Dropping frame 1403638137.695097
Dropping frame 1403638137.895097
Dropping frame 1403638137.9950972
Dropping frame 1403638138.195097
Dropping frame 1403638138.2950971
Dropping frame 1403638138.4950972
Not enough motion for initializing. Reseting...
TRACK: Reset map because local mapper set the bad imu flag 
LM: Reseting current map in Local Mapping...
LM: End reseting Local Mapping...
LM: Reset free the mutex
LM: Active map reset recieved
LM: Active map reset, waiting...
LM: Reseting current map in Local Mapping...
LM: End reseting Local Mapping...
LM: Reset free the mutex
LM: Active map reset, Done!!!
mnFirstFrameId = 32
mnInitialFrameId = 0
154 Frames set to lost
not IMU meas
Dropping frame 1403638138.645097
not enough acceleration
not enough acceleration
not enough acceleration
Dropping frame 1403638138.8450971
not enough acceleration
Dropping frame 1403638138.945097
not enough acceleration
Dropping frame 1403638139.0450969
not enough acceleration
not enough acceleration
First KF:38; Map init KF:0
New Map created with 169 points
Active map: 0
Dropping frame 1403638139.2450969
Dropping frame 1403638139.3450971
Dropping frame 1403638139.5950971
Dropping frame 1403638139.7450969
Dropping frame 1403638140.0950971
Dropping frame 1403638140.895097
Dropping frame 1403638140.9950972
Dropping frame 1403638141.0950971
Dropping frame 1403638141.445097
Not enough motion for initializing. Reseting...
LM: Reseting current map in Local Mapping...
LM: End reseting Local Mapping...
LM: Reset free the mutex
Dropping frame 1403638142.0950971
Not enough motion for initializing. Reseting...
TRACK: Reset map because local mapper set the bad imu flag 
LM: Reseting current map in Local Mapping...
LM: End reseting Local Mapping...
LM: Reset free the mutex
LM: Active map reset recieved
LM: Active map reset, waiting...
LM: Reseting current map in Local Mapping...
LM: End reseting Local Mapping...
LM: Reset free the mutex
LM: Active map reset, Done!!!
mnFirstFrameId = 195
mnInitialFrameId = 186
211 Frames set to lost
not IMU meas
not enough acceleration
not enough acceleration
not enough acceleration
not enough acceleration
not enough acceleration
not enough acceleration
not enough acceleration
not enough acceleration
not enough acceleration
not enough acceleration
not enough acceleration
not enough acceleration
not enough acceleration
not enough acceleration
not enough acceleration
not enough acceleration
not enough acceleration
not enough acceleration
not enough acceleration
not enough acceleration
not enough acceleration
not enough acceleration
not enough acceleration
not enough acceleration
not enough acceleration
not enough acceleration
not enough acceleration
not enough acceleration
not enough acceleration
not enough acceleration
not enough acceleration
not enough acceleration
not enough acceleration
not enough acceleration
not enough acceleration
not enough acceleration
not enough acceleration
not enough acceleration
not enough acceleration
not enough acceleration
not enough acceleration
not enough acceleration
not enough acceleration
not enough acceleration
not enough acceleration
not enough acceleration
not enough acceleration
not enough acceleration
not enough acceleration
not enough acceleration
not enough acceleration
not enough acceleration
not enough acceleration
not enough acceleration
not enough acceleration
not enough acceleration
not enough acceleration
not enough acceleration
not enough acceleration
not enough acceleration
not enough acceleration
not enough acceleration
not enough acceleration
not enough acceleration
not enough acceleration
not enough acceleration
not enough acceleration
not enough acceleration
not enough acceleration
not enough acceleration
not enough acceleration
not enough acceleration
not enough acceleration
not enough acceleration
not enough acceleration
not enough acceleration
not enough acceleration
not enough acceleration
not enough acceleration
not enough acceleration
not enough acceleration
not enough acceleration
not enough acceleration
not enough acceleration
not enough acceleration
not enough acceleration
not enough acceleration
not enough acceleration
not enough acceleration
not enough acceleration
not enough acceleration
not enough acceleration
not enough acceleration
not enough acceleration
not enough acceleration
not enough acceleration
not enough acceleration
not enough acceleration
not enough acceleration
not enough acceleration
not enough acceleration
not enough acceleration
not enough acceleration
First KF:50; Map init KF:38
New Map created with 174 points
Active map: 0
start VIBA 1
end VIBA 1
Dropping frame 1403638154.195097
Dropping frame 1403638154.5450969
Dropping frame 1403638154.695097
Dropping frame 1403638154.895097
Dropping frame 1403638155.145097
Dropping frame 1403638155.395097
Dropping frame 1403638155.4950972
Dropping frame 1403638155.5950971
Dropping frame 1403638155.7450969
Dropping frame 1403638155.895097
Dropping frame 1403638155.9950972
Dropping frame 1403638156.2450969
Dropping frame 1403638156.395097
Dropping frame 1403638156.5450969
Dropping frame 1403638156.645097
Dropping frame 1403638156.8450971
Dropping frame 1403638156.9950972
Dropping frame 1403638157.0950971
Dropping frame 1403638157.2450969
Dropping frame 1403638157.3450971
Dropping frame 1403638158.195097
Dropping frame 1403638158.895097
Dropping frame 1403638159.145097
Dropping frame 1403638159.2450969
Dropping frame 1403638159.445097
Dropping frame 1403638159.5950971
Dropping frame 1403638159.7950971
Dropping frame 1403638160.395097
Dropping frame 1403638160.695097
Dropping frame 1403638161.195097
Dropping frame 1403638161.5450969
Dropping frame 1403638161.645097
Dropping frame 1403638161.8450971
Dropping frame 1403638161.945097
Dropping frame 1403638162.0450969
Dropping frame 1403638162.2450969
Dropping frame 1403638162.3450971
Dropping frame 1403638162.645097
Dropping frame 1403638162.7450969
Dropping frame 1403638163.0450969
start VIBA 2
Dropping frame 1403638163.2450969
Dropping frame 1403638163.445097
end VIBA 2
Dropping frame 1403638163.5450969
Dropping frame 1403638163.7450969
Dropping frame 1403638163.8450971
Dropping frame 1403638164.0450969
Dropping frame 1403638164.2450969
Dropping frame 1403638164.3450971
Dropping frame 1403638164.645097
Dropping frame 1403638164.7450969
Dropping frame 1403638164.945097
Dropping frame 1403638165.0450969
Dropping frame 1403638165.2450969
Dropping frame 1403638165.445097
Dropping frame 1403638165.5450969
Dropping frame 1403638165.645097
Dropping frame 1403638165.8450971
Dropping frame 1403638165.945097
Dropping frame 1403638166.145097
Dropping frame 1403638166.3450971
Dropping frame 1403638166.445097
Dropping frame 1403638166.645097
Dropping frame 1403638166.8450971
Dropping frame 1403638166.945097
Dropping frame 1403638167.0450969
Dropping frame 1403638167.195097
Dropping frame 1403638167.2950971
Dropping frame 1403638167.445097
Dropping frame 1403638167.645097
Dropping frame 1403638167.7450969
Dropping frame 1403638167.895097
Dropping frame 1403638168.195097
Dropping frame 1403638168.2950971
Dropping frame 1403638168.395097
Dropping frame 1403638168.4950972
Dropping frame 1403638168.5950971
Dropping frame 1403638168.695097
Dropping frame 1403638168.8450971
Dropping frame 1403638168.945097
Dropping frame 1403638169.0450969
Dropping frame 1403638169.145097
Dropping frame 1403638169.2950971
Dropping frame 1403638169.4950972
Dropping frame 1403638169.5950971
Dropping frame 1403638169.695097
Dropping frame 1403638169.7950971
Dropping frame 1403638169.9950972
Dropping frame 1403638170.195097
Dropping frame 1403638170.2950971
Dropping frame 1403638170.395097
Dropping frame 1403638170.5950971
Dropping frame 1403638170.695097
Dropping frame 1403638170.945097
Dropping frame 1403638171.195097
Dropping frame 1403638171.2950971
Dropping frame 1403638171.395097
Dropping frame 1403638171.5450969
Dropping frame 1403638171.645097
Dropping frame 1403638171.7450969
Dropping frame 1403638171.8450971
Dropping frame 1403638171.9950972
Dropping frame 1403638172.0950971
Dropping frame 1403638172.2950971
Dropping frame 1403638172.395097
Dropping frame 1403638172.4950972
Dropping frame 1403638172.5950971
Dropping frame 1403638172.695097
Dropping frame 1403638172.895097
Dropping frame 1403638172.9950972
Dropping frame 1403638173.195097
Dropping frame 1403638173.5950971
Dropping frame 1403638173.695097
Dropping frame 1403638173.945097
Dropping frame 1403638174.145097
Dropping frame 1403638174.3450971
Dropping frame 1403638174.445097
Dropping frame 1403638174.695097
Dropping frame 1403638174.895097
Dropping frame 1403638175.0950971
Dropping frame 1403638175.195097
Dropping frame 1403638175.2950971
Dropping frame 1403638175.4950972
Dropping frame 1403638175.695097
Dropping frame 1403638175.7950971
Dropping frame 1403638175.895097
Dropping frame 1403638175.9950972
Dropping frame 1403638176.0950971
Dropping frame 1403638176.445097
Dropping frame 1403638176.5450969
Dropping frame 1403638176.645097
Dropping frame 1403638176.7950971
Dropping frame 1403638176.9950972
Dropping frame 1403638177.0950971
Dropping frame 1403638177.395097
Dropping frame 1403638177.645097
Dropping frame 1403638177.8450971
Dropping frame 1403638177.9950972
Dropping frame 1403638178.195097
Dropping frame 1403638178.395097
Dropping frame 1403638178.4950972
Dropping frame 1403638178.7950971
Dropping frame 1403638178.895097
Dropping frame 1403638179.0950971
Dropping frame 1403638179.2950971
Dropping frame 1403638179.395097
Dropping frame 1403638179.5450969
Dropping frame 1403638179.7950971
Dropping frame 1403638179.9950972
Dropping frame 1403638180.145097
Dropping frame 1403638180.3450971
Dropping frame 1403638180.5450969
Dropping frame 1403638180.645097
Dropping frame 1403638180.895097
Dropping frame 1403638180.9950972
Dropping frame 1403638181.2450969
Dropping frame 1403638181.445097
Dropping frame 1403638181.645097
Dropping frame 1403638181.7450969
Dropping frame 1403638181.9950972
Dropping frame 1403638182.195097
Dropping frame 1403638182.3450971
Dropping frame 1403638182.5450969
Dropping frame 1403638182.645097
Dropping frame 1403638182.7450969
Dropping frame 1403638182.945097
Dropping frame 1403638183.145097
Dropping frame 1403638183.2450969
Dropping frame 1403638183.3450971
Dropping frame 1403638183.5450969
Dropping frame 1403638183.645097
Dropping frame 1403638183.7450969
Dropping frame 1403638183.945097
Dropping frame 1403638184.145097
Dropping frame 1403638184.3450971
Dropping frame 1403638184.445097
Dropping frame 1403638184.645097
Dropping frame 1403638184.8450971
Dropping frame 1403638184.945097
Dropping frame 1403638185.145097
Dropping frame 1403638185.2950971
Dropping frame 1403638185.4950972
Dropping frame 1403638185.695097
Dropping frame 1403638185.7950971
Dropping frame 1403638185.9950972
Dropping frame 1403638186.0950971
Dropping frame 1403638186.2950971
Dropping frame 1403638186.4950972
Dropping frame 1403638186.695097
Dropping frame 1403638186.895097
Dropping frame 1403638187.0950971
Dropping frame 1403638187.2950971
Dropping frame 1403638187.4950972
Dropping frame 1403638187.5950971
Dropping frame 1403638187.7950971
Dropping frame 1403638187.9950972
Dropping frame 1403638188.195097
Dropping frame 1403638188.395097
Dropping frame 1403638188.645097
Dropping frame 1403638188.7450969
Dropping frame 1403638188.8450971
Dropping frame 1403638189.195097
Dropping frame 1403638189.395097
Dropping frame 1403638189.5950971
Dropping frame 1403638189.895097
Dropping frame 1403638190.3450971
Dropping frame 1403638190.5450969
Dropping frame 1403638190.645097
Dropping frame 1403638190.895097
Dropping frame 1403638191.0950971
Dropping frame 1403638191.445097
Dropping frame 1403638191.5450969
Dropping frame 1403638191.8450971
Dropping frame 1403638192.0450969
Dropping frame 1403638192.2450969
Dropping frame 1403638192.3450971
Dropping frame 1403638192.5450969
Dropping frame 1403638192.7450969
Dropping frame 1403638192.945097
Dropping frame 1403638193.4950972
Dropping frame 1403638193.945097
Dropping frame 1403638194.445097
Dropping frame 1403638194.7450969
Dropping frame 1403638194.945097
Dropping frame 1403638195.8450971
Dropping frame 1403638196.695097
Dropping frame 1403638196.945097
Dropping frame 1403638197.0450969
Dropping frame 1403638197.5450969
Dropping frame 1403638197.645097
Dropping frame 1403638197.895097
Dropping frame 1403638198.0950971
Dropping frame 1403638198.2950971
Dropping frame 1403638198.445097
Dropping frame 1403638198.645097
Dropping frame 1403638198.7450969
Dropping frame 1403638198.9950972
Dropping frame 1403638199.195097
Dropping frame 1403638199.395097
Dropping frame 1403638199.5950971
Dropping frame 1403638199.7950971
Dropping frame 1403638199.895097
Dropping frame 1403638200.0950971
Dropping frame 1403638200.195097
Dropping frame 1403638200.5450969
Dropping frame 1403638200.7450969
Dropping frame 1403638200.8450971
Dropping frame 1403638201.0450969
Dropping frame 1403638201.145097
Dropping frame 1403638201.2450969
Dropping frame 1403638201.445097
Dropping frame 1403638201.645097
Dropping frame 1403638201.7450969
Dropping frame 1403638201.8450971
Dropping frame 1403638202.145097
Dropping frame 1403638202.2450969
Dropping frame 1403638202.5450969
Dropping frame 1403638202.645097
Dropping frame 1403638202.895097
Dropping frame 1403638203.4950972
Dropping frame 1403638204.195097
Dropping frame 1403638204.645097
Dropping frame 1403638204.945097
Dropping frame 1403638205.145097
Dropping frame 1403638205.395097
Dropping frame 1403638205.4950972
Dropping frame 1403638205.7950971
Dropping frame 1403638205.895097
Dropping frame 1403638206.145097
Dropping frame 1403638206.2450969
Dropping frame 1403638206.445097
Dropping frame 1403638206.5950971
Dropping frame 1403638206.7950971
Dropping frame 1403638207.0950971
Dropping frame 1403638207.2950971
Dropping frame 1403638207.645097
Dropping frame 1403638207.8450971
Dropping frame 1403638207.945097
Dropping frame 1403638208.2450969
Dropping frame 1403638208.3450971
Dropping frame 1403638208.445097
Dropping frame 1403638208.695097
Dropping frame 1403638208.945097
Dropping frame 1403638209.145097
Dropping frame 1403638209.2450969
Dropping frame 1403638209.5450969
Dropping frame 1403638209.895097
Dropping frame 1403638210.0950971
Dropping frame 1403638210.395097
Dropping frame 1403638210.7450969
Dropping frame 1403638210.8450971
Dropping frame 1403638210.945097
Dropping frame 1403638211.195097
Dropping frame 1403638211.445097
Dropping frame 1403638211.645097
Dropping frame 1403638211.8450971
Dropping frame 1403638212.145097
Dropping frame 1403638212.4950972
Dropping frame 1403638212.5950971
Dropping frame 1403638212.8450971
Dropping frame 1403638212.9950972
Dropping frame 1403638213.445097
Dropping frame 1403638213.895097
Dropping frame 1403638213.9950972
Dropping frame 1403638214.395097
Dropping frame 1403638215.945097
Dropping frame 1403638216.0450969
Dropping frame 1403638216.7950971
Dropping frame 1403638218.4950972
Dropping frame 1403638218.5950971
Dropping frame 1403638219.395097
Dropping frame 1403638219.5950971
Dropping frame 1403638219.7950971
Dropping frame 1403638226.4950972
Dropping frame 1403638226.5950971
Dropping frame 1403638226.945097
Dropping frame 1403638227.2450969
Dropping frame 1403638228.2450969
Dropping frame 1403638228.395097
Dropping frame 1403638228.5950971
Shutdown
SLAM Finished at System Time: 1742925555.90361

 TIME STATS in ms (mean$\pm$std)
OpenCV version: 4.8.1
---------------------------
Tracking

ORB Extraction: 17.634$\pm$2.1788
Stereo Matching: 8.0409$\pm$2.0047
IMU Preintegration: 0.20384$\pm$0.084119
Pose Prediction: 0.53084$\pm$1.4069
LM Track: 17.069$\pm$5.1662
New KF decision: 1.0798$\pm$1.9394
Total Tracking: 32.919$\pm$23.198



Local Mapping

KF Insertion: 13.126$\pm$4.5524
MP Culling: 0.46839$\pm$0.22915
MP Creation: 41.998$\pm$15.717
LBA: 141.88$\pm$45.332
KF Culling: 10.354$\pm$9.0374
Total Local Mapping: 207.8$\pm$69.071
---------------------------

LBA complexity (mean$\pm$std)
LBA Edges: 1651.4$\pm$1115.9
LBA KF optimized: 6.5$\pm$2.2913
LBA KF fixed: 1$\pm$0
LBA MP: nan$\pm$nan

LBA executions: 372
LBA aborts: 0
---------------------------

Map complexity
KFs in map: 164
MPs in map: 13163
---------------------------

Place Recognition (mean$\pm$std)
Database Query: 1.9994$\pm$1.0334
SE3 estimation: 25.927$\pm$15.914
Total Place Recognition: 19.754$\pm$18.875


Loop Closing (mean$\pm$std)
Loop Fusion: nan$\pm$nan
Essential Graph: nan$\pm$nan
Total Loop Closing: nan$\pm$nan

Num exec: 0
Number of KFs: nan$\pm$nan

Map Merging (mean$\pm$std)
Merge Maps: nan$\pm$nan
Welding BA: nan$\pm$nan
Optimization Ess.: nan$\pm$nan
Total Map Merging: nan$\pm$nan

Num exec: 0
Number of KFs: nan$\pm$nan
Number of MPs: nan$\pm$nan

Full GBA (mean$\pm$std)
GBA: nan$\pm$nan
Map Update: nan$\pm$nan
Total Full GBA: nan$\pm$nan

Num exec: 0
Num abort: 0
Number of KFs: nan$\pm$nan
Number of MPs: nan$\pm$nan

Saving trajectory to f_dataset-MH04_stereo_imu.txt ...
There are 1 maps in the atlas
  Map 0 has 164 KFs

End of saving trajectory to f_dataset-MH04_stereo_imu.txt ...

Saving keyframe trajectory to kf_dataset-MH04_stereo_imu.txt ...
