num_seq = 1
file name: dataset-V202_stereo_imu
Loading images for sequence 0...LOADED!
Loading IMU for sequence 0...LOADED!

-------

ORB-SLAM3 Copyright (C) 2017-2020 Carlos Campos, Richard Elvira, Juan J. Gómez, José M.M. Montiel and Juan D. Tardós, University of Zaragoza.
ORB-SLAM2 Copyright (C) 2014-2016 Raúl Mur-Artal, José M.M. Montiel and Juan D. Tardós, University of Zaragoza.
This program comes with ABSOLUTELY NO WARRANTY;
This is free software, and you are welcome to redistribute it
under certain conditions. See LICENSE.txt.

Built with REGISTER_TIMES
Git Commit Hash: 33f00b6

Build Type: Release

Compiled with C++ version: 201703

Input sensor was set to: Stereo-Inertial
Loading settings from EuRoC_fov_deadlines_mask_10x10.yaml
	-Loaded camera 1
	-Loaded camera 2
	-Loaded image info
	-Loaded IMU calibration
	-Loaded ORB settings
	-Loaded viewer settings
	-Loaded Atlas settings
Deadlines enabled, will skip frames!
FOV enabled
Static mask size: 10x10
Dumping map points enabled
	-Loaded misc parameters
	-Computed rectification maps
----------------------------------
SLAM settings: 
	-Camera 1 parameters (Pinhole): [ 458.65399169921875 457.29598999023438 367.21499633789062 248.375 ]
	-Camera 1 distortion parameters: [  -0.28340810537338257 0.073959067463874817 0.00019359000725671649 1.7618711353861727e-05 ]
	-Camera 2 parameters (Pinhole: [ 457.58700561523438 456.13400268554688 379.99899291992188 255.23800659179688 ]
	-Camera 1 distortion parameters: [  -0.2836836576461792 0.074512839317321777 -0.00010473000293131918 -3.555907096597366e-05 ]
	-Original image size: [ 752 , 480 ]
	-Current image size: [ 752 , 480 ]
	-Camera 1 parameters after rectification: [  456.71499633789062 456.71499633789062 364.52615356445312 257.268798828125 ]
	-Sequence FPS: 20
	-Stereo baseline: 0.11007784307003021
	-Stereo depth threshold : 60
	-Gyro noise: 0.00016999999934341758
	-Accelerometer noise: 0.0020000000949949026
	-Gyro walk: 1.9392999092815444e-05
	-Accelerometer walk: 0.0030000000260770321
	-IMU frequency: 200
	-Features per image: 1200
	-ORB scale factor: 1.2000000476837158
	-ORB number of scales: 8
	-Initial FAST threshold: 20
	-Min FAST threshold: 7


Loading ORB Vocabulary. This could take a while...
Vocabulary loaded!

Initialization of Atlas from scratch 
Creation of new map with id: 0
Creation of new map with last KF id: 0
Seq. Name: 
There are 1 cameras in the atlas
Camera 0 is pinhole
SLAM Started at System Time: 1746983353.9535
not IMU meas
not IMU meas
not enough acceleration
not enough acceleration
not enough acceleration
not enough acceleration
not enough acceleration
not enough acceleration
not enough acceleration
not enough acceleration
not enough acceleration
not enough acceleration
not enough acceleration
not enough acceleration
not enough acceleration
not enough acceleration
not enough acceleration
not enough acceleration
not enough acceleration
not enough acceleration
not enough acceleration
not enough acceleration
not enough acceleration
not enough acceleration
not enough acceleration
not enough acceleration
not enough acceleration
not enough acceleration
not enough acceleration
not enough acceleration
not enough acceleration
not enough acceleration
not enough acceleration
not enough acceleration
not enough acceleration
not enough acceleration
not enough acceleration
not enough acceleration
not enough acceleration
not enough acceleration
not enough acceleration
not enough acceleration
not enough acceleration
not enough acceleration
not enough acceleration
not enough acceleration
not enough acceleration
not enough acceleration
not enough acceleration
not enough acceleration
not enough acceleration
not enough acceleration
not enough acceleration
not enough acceleration
not enough acceleration
not enough acceleration
not enough acceleration
not enough acceleration
not enough acceleration
not enough acceleration
not enough acceleration
not enough acceleration
not enough acceleration
not enough acceleration
not enough acceleration
not enough acceleration
not enough acceleration
not enough acceleration
not enough acceleration
not enough acceleration
not enough acceleration
not enough acceleration
First KF:0; Map init KF:0
New Map created with 444 points
Active map: 0
Dropping frame 1413393889.7057605
Dropping frame 1413393890.0557604
Dropping frame 1413393890.1557603
Dropping frame 1413393890.4057605
Dropping frame 1413393890.6057606
Dropping frame 1413393890.7057605
Dropping frame 1413393890.8057606
Dropping frame 1413393890.9057605
Dropping frame 1413393891.1057606
Dropping frame 1413393891.2057605
Dropping frame 1413393891.3057606
Dropping frame 1413393891.5057604
Dropping frame 1413393891.7057605
Dropping frame 1413393891.9057605
Dropping frame 1413393892.1057606
Dropping frame 1413393892.2057605
Dropping frame 1413393892.3057606
Dropping frame 1413393892.5057604
Dropping frame 1413393892.7057605
Dropping frame 1413393892.9057605
Dropping frame 1413393893.0057604
Dropping frame 1413393893.2557604
Dropping frame 1413393893.3557603
Dropping frame 1413393893.6057606
Dropping frame 1413393893.7057605
Dropping frame 1413393893.8057606
Dropping frame 1413393894.0057604
Dropping frame 1413393894.3057606
Dropping frame 1413393894.5057604
Dropping frame 1413393894.7057605
Dropping frame 1413393894.8057606
Dropping frame 1413393894.9057605
start VIBA 1
end VIBA 1
Dropping frame 1413393895.1057606
Dropping frame 1413393895.2057605
Dropping frame 1413393895.4557605
Dropping frame 1413393895.5557604
Dropping frame 1413393895.8057606
Dropping frame 1413393896.0057604
Dropping frame 1413393896.1057606
Dropping frame 1413393896.2057605
Dropping frame 1413393896.4557605
Dropping frame 1413393896.6557603
Dropping frame 1413393896.7557604
Dropping frame 1413393896.8557603
Dropping frame 1413393896.9557605
Dropping frame 1413393897.1557603
Dropping frame 1413393897.3557603
Dropping frame 1413393897.5557604
Dropping frame 1413393897.6557603
Dropping frame 1413393897.9057605
Dropping frame 1413393898.0057604
Dropping frame 1413393898.1557603
Dropping frame 1413393898.2557604
Dropping frame 1413393898.4557605
Dropping frame 1413393898.5557604
Dropping frame 1413393898.6557603
Dropping frame 1413393898.8557603
Dropping frame 1413393898.9557605
Dropping frame 1413393899.0557604
Dropping frame 1413393899.2557604
Dropping frame 1413393899.4557605
Dropping frame 1413393899.6557603
Dropping frame 1413393899.7557604
Dropping frame 1413393899.8557603
Dropping frame 1413393900.0557604
Dropping frame 1413393900.2557604
Dropping frame 1413393900.3557603
Dropping frame 1413393900.6557603
Dropping frame 1413393900.8557603
Dropping frame 1413393901.2057605
Dropping frame 1413393901.6557603
Dropping frame 1413393902.1557603
Dropping frame 1413393902.2557604
Dropping frame 1413393902.5057604
Dropping frame 1413393902.7057605
Dropping frame 1413393902.9057605
Dropping frame 1413393903.1057606
Dropping frame 1413393903.2057605
Dropping frame 1413393903.4557605
Dropping frame 1413393903.5557604
Dropping frame 1413393903.8057606
Dropping frame 1413393903.9057605
Dropping frame 1413393904.3057606
Dropping frame 1413393904.4057605
Dropping frame 1413393904.5057604
Dropping frame 1413393904.7557604
start VIBA 2
end VIBA 2
Dropping frame 1413393905.1557603
Dropping frame 1413393905.3557603
Dropping frame 1413393905.5057604
Dropping frame 1413393905.8557603
Dropping frame 1413393906.1557603
Dropping frame 1413393906.5057604
Dropping frame 1413393906.9557605
Dropping frame 1413393907.0557604
Dropping frame 1413393907.7057605
Dropping frame 1413393907.9057605
Dropping frame 1413393908.0557604
Dropping frame 1413393908.2557604
Dropping frame 1413393908.4057605
Dropping frame 1413393908.7557604
Dropping frame 1413393908.8557603
Dropping frame 1413393909.3057606
Dropping frame 1413393909.9057605
Dropping frame 1413393910.0057604
Dropping frame 1413393910.5057604
Dropping frame 1413393910.7557604
Dropping frame 1413393910.8557603
Dropping frame 1413393911.0057604
Dropping frame 1413393911.1057606
Dropping frame 1413393911.3057606
Dropping frame 1413393911.5057604
Dropping frame 1413393911.6057606
Dropping frame 1413393911.7057605
Dropping frame 1413393911.8057606
Dropping frame 1413393912.0057604
Dropping frame 1413393912.1057606
Dropping frame 1413393912.3557603
Dropping frame 1413393912.4557605
Dropping frame 1413393912.5557604
Dropping frame 1413393912.7557604
Dropping frame 1413393912.8557603
Dropping frame 1413393912.9557605
Dropping frame 1413393913.1557603
Dropping frame 1413393913.3557603
Dropping frame 1413393913.4557605
Dropping frame 1413393913.5557604
Dropping frame 1413393913.8057606
Dropping frame 1413393914.0057604
Dropping frame 1413393914.1057606
Dropping frame 1413393914.2057605
Dropping frame 1413393914.3057606
Dropping frame 1413393914.5057604
Dropping frame 1413393914.7057605
Dropping frame 1413393914.8057606
Dropping frame 1413393914.9057605
Dropping frame 1413393915.0557604
Dropping frame 1413393915.3557603
Dropping frame 1413393915.5557604
Dropping frame 1413393915.7557604
Dropping frame 1413393915.8557603
Dropping frame 1413393915.9557605
Dropping frame 1413393916.0557604
Dropping frame 1413393916.2557604
Dropping frame 1413393916.7557604
Dropping frame 1413393916.8557603
Dropping frame 1413393916.9557605
Dropping frame 1413393917.2057605
Dropping frame 1413393917.5557604
Dropping frame 1413393917.6557603
Dropping frame 1413393917.9057605
Dropping frame 1413393918.3057606
Dropping frame 1413393918.4057605
*Loop detected
phi = -0.0049330686985359787   -0.01457088865613952  -0.013739790988009785
BAD LOOP!!!
Dropping frame 1413393918.8057606
Dropping frame 1413393919.0057604
Dropping frame 1413393919.4057605
Dropping frame 1413393919.6057606
Dropping frame 1413393919.7057605
Dropping frame 1413393919.8057606
Dropping frame 1413393920.0057604
Dropping frame 1413393920.3057606
Dropping frame 1413393920.4057605
Dropping frame 1413393920.6057606
Dropping frame 1413393920.7057605
Dropping frame 1413393920.9557605
Dropping frame 1413393921.0557604
Dropping frame 1413393921.2557604
Dropping frame 1413393921.3557603
Dropping frame 1413393921.4557605
Dropping frame 1413393921.6557603
Dropping frame 1413393921.9057605
Dropping frame 1413393922.0557604
Dropping frame 1413393922.1557603
Dropping frame 1413393922.2557604
Dropping frame 1413393922.5057604
Dropping frame 1413393922.7057605
Dropping frame 1413393922.8557603
Dropping frame 1413393922.9557605
Dropping frame 1413393923.0557604
Dropping frame 1413393923.1557603
Dropping frame 1413393923.4557605
Dropping frame 1413393923.5557604
Dropping frame 1413393923.6557603
Dropping frame 1413393923.8557603
Dropping frame 1413393924.1057606
Dropping frame 1413393924.3557603
Dropping frame 1413393924.5557604
Dropping frame 1413393924.6557603
Dropping frame 1413393924.9557605
Dropping frame 1413393925.2557604
Dropping frame 1413393925.3557603
Dropping frame 1413393925.6557603
Dropping frame 1413393925.8557603
Dropping frame 1413393926.1057606
Dropping frame 1413393926.3057606
Dropping frame 1413393926.4057605
Dropping frame 1413393926.6557603
Dropping frame 1413393926.7557604
Dropping frame 1413393926.8557603
Dropping frame 1413393927.2057605
Dropping frame 1413393927.6057606
Dropping frame 1413393928.6057606
Dropping frame 1413393929.0557604
Dropping frame 1413393929.7557604
Dropping frame 1413393929.9557605
Dropping frame 1413393930.1557603
Dropping frame 1413393930.2557604
Dropping frame 1413393930.6057606
Dropping frame 1413393931.0057604
Dropping frame 1413393931.4057605
Dropping frame 1413393931.6557603
Dropping frame 1413393931.8057606
Dropping frame 1413393932.0057604
Dropping frame 1413393932.4057605
Dropping frame 1413393932.6057606
Dropping frame 1413393933.0057604
Dropping frame 1413393933.1057606
Dropping frame 1413393934.4557605
Dropping frame 1413393935.0557604
Dropping frame 1413393935.3557603
Dropping frame 1413393935.6057606
Dropping frame 1413393935.7057605
Dropping frame 1413393936.1057606
Dropping frame 1413393936.3057606
Dropping frame 1413393936.5057604
Dropping frame 1413393936.7057605
Dropping frame 1413393936.9557605
Dropping frame 1413393937.4057605
Dropping frame 1413393937.5057604
Dropping frame 1413393937.7557604
Dropping frame 1413393938.2557604
Dropping frame 1413393939.1557603
Dropping frame 1413393939.4557605
Dropping frame 1413393939.7557604
Dropping frame 1413393940.0557604
Dropping frame 1413393940.2557604
Dropping frame 1413393940.4057605
Dropping frame 1413393940.7557604
Dropping frame 1413393940.8557603
Dropping frame 1413393941.1557603
Dropping frame 1413393941.4057605
Dropping frame 1413393941.6557603
Dropping frame 1413393941.8557603
Dropping frame 1413393942.0557604
Dropping frame 1413393942.1557603
Dropping frame 1413393942.2557604
Dropping frame 1413393942.4557605
Dropping frame 1413393942.5557604
Dropping frame 1413393942.6557603
Dropping frame 1413393942.7557604
Dropping frame 1413393942.9557605
Dropping frame 1413393943.2057605
Dropping frame 1413393943.4057605
Dropping frame 1413393943.6057606
Dropping frame 1413393943.8057606
Dropping frame 1413393944.0057604
Dropping frame 1413393944.3057606
Dropping frame 1413393944.4057605
Dropping frame 1413393944.6057606
Dropping frame 1413393944.8057606
Dropping frame 1413393945.0057604
Dropping frame 1413393945.2057605
Dropping frame 1413393945.3057606
Dropping frame 1413393945.5057604
Dropping frame 1413393945.7057605
Dropping frame 1413393945.9057605
Dropping frame 1413393946.2057605
*Loop detected
phi = -0.011647014893794275  0.003668333204105438 -0.015618666329549011
BAD LOOP!!!
Dropping frame 1413393946.4057605
Dropping frame 1413393946.5057604
Dropping frame 1413393946.6057606
*Loop detected
phi =  0.0036285602356855729  0.0070288275292537273 -0.0026332620776031942
Local Mapping STOP
Dropping frame 1413393946.9057605
Local Mapping RELEASE
Dropping frame 1413393947.2057605
Dropping frame 1413393947.5057604
Dropping frame 1413393947.7057605
Dropping frame 1413393947.8057606
Local Mapping STOP
Local Mapping RELEASE
Dropping frame 1413393947.9057605
Dropping frame 1413393948.2057605
Dropping frame 1413393948.7557604
Dropping frame 1413393948.8557603
Dropping frame 1413393949.3057606
Dropping frame 1413393950.2057605
Dropping frame 1413393950.3057606
Dropping frame 1413393950.6057606
Dropping frame 1413393951.0057604
Dropping frame 1413393951.1057606
Dropping frame 1413393951.2057605
Dropping frame 1413393951.5057604
Dropping frame 1413393951.6057606
Dropping frame 1413393951.8057606
Dropping frame 1413393951.9557605
Dropping frame 1413393952.5557604
Dropping frame 1413393954.6057606
Dropping frame 1413393955.0557604
Dropping frame 1413393955.2557604
Dropping frame 1413393955.3557603
Dropping frame 1413393955.4557605
Dropping frame 1413393955.6557603
Dropping frame 1413393955.8557603
Dropping frame 1413393955.9557605
Dropping frame 1413393956.0557604
Dropping frame 1413393956.4557605
Dropping frame 1413393956.5557604
Dropping frame 1413393956.6557603
Dropping frame 1413393956.8057606
Dropping frame 1413393957.1057606
Dropping frame 1413393957.2057605
Dropping frame 1413393957.3057606
Dropping frame 1413393957.5557604
Dropping frame 1413393957.6557603
Dropping frame 1413393957.8557603
Dropping frame 1413393957.9557605
Dropping frame 1413393958.2057605
Dropping frame 1413393958.3057606
Dropping frame 1413393958.4057605
Dropping frame 1413393958.5557604
Dropping frame 1413393958.6557603
Dropping frame 1413393958.9057605
Dropping frame 1413393959.0057604
Dropping frame 1413393959.2557604
Dropping frame 1413393959.3557603
Dropping frame 1413393959.8057606
Dropping frame 1413393960.0057604
Dropping frame 1413393960.1057606
Dropping frame 1413393960.2057605
Dropping frame 1413393960.3057606
Dropping frame 1413393960.5057604
Dropping frame 1413393960.8057606
Dropping frame 1413393960.9057605
Dropping frame 1413393961.1057606
Dropping frame 1413393961.2057605
Dropping frame 1413393961.4557605
Dropping frame 1413393961.5557604
Dropping frame 1413393961.8057606
Dropping frame 1413393962.0057604
Dropping frame 1413393962.2057605
Dropping frame 1413393962.3057606
Dropping frame 1413393962.5057604
Dropping frame 1413393962.6057606
Dropping frame 1413393962.9057605
Dropping frame 1413393963.0057604
Dropping frame 1413393963.1557603
Dropping frame 1413393963.2557604
Dropping frame 1413393963.4557605
Dropping frame 1413393963.6557603
Dropping frame 1413393963.8557603
Dropping frame 1413393964.0557604
Dropping frame 1413393964.1557603
Dropping frame 1413393964.2557604
Dropping frame 1413393964.3557603
Dropping frame 1413393964.5557604
Dropping frame 1413393964.8057606
Dropping frame 1413393964.9057605
Dropping frame 1413393966.0057604
Dropping frame 1413393966.9057605
Dropping frame 1413393967.0557604
Dropping frame 1413393967.1557603
Dropping frame 1413393967.6057606
Dropping frame 1413393967.7057605
Dropping frame 1413393967.8057606
Dropping frame 1413393968.0557604
Dropping frame 1413393968.3057606
Dropping frame 1413393968.6557603
Dropping frame 1413393968.8557603
Dropping frame 1413393969.0557604
Dropping frame 1413393969.3557603
Dropping frame 1413393969.4557605
Dropping frame 1413393969.7557604
Dropping frame 1413393970.0057604
Dropping frame 1413393970.2057605
Dropping frame 1413393970.3057606
Dropping frame 1413393970.4057605
Dropping frame 1413393970.6057606
Dropping frame 1413393970.7057605
Dropping frame 1413393971.3057606
Dropping frame 1413393971.5057604
Dropping frame 1413393971.6557603
Dropping frame 1413393971.9557605
Dropping frame 1413393972.0557604
Dropping frame 1413393972.3557603
Dropping frame 1413393972.4557605
Dropping frame 1413393972.7557604
Dropping frame 1413393972.8557603
Dropping frame 1413393973.1057606
Dropping frame 1413393973.2057605
Dropping frame 1413393973.4557605
Dropping frame 1413393973.6557603
Dropping frame 1413393973.8557603
Dropping frame 1413393973.9557605
Dropping frame 1413393974.0557604
Dropping frame 1413393974.2557604
Dropping frame 1413393974.4557605
Dropping frame 1413393974.6557603
Dropping frame 1413393974.8557603
Dropping frame 1413393974.9557605
Dropping frame 1413393975.2057605
Dropping frame 1413393975.3057606
Dropping frame 1413393975.4057605
Dropping frame 1413393975.6557603
Dropping frame 1413393975.7557604
Dropping frame 1413393976.0057604
Dropping frame 1413393976.3057606
Dropping frame 1413393976.4057605
Dropping frame 1413393976.5057604
Dropping frame 1413393976.7057605
Dropping frame 1413393976.8057606
Dropping frame 1413393976.9057605
Dropping frame 1413393977.1057606
Dropping frame 1413393977.2057605
Dropping frame 1413393977.3557603
Dropping frame 1413393979.4057605
Dropping frame 1413393979.5057604
Dropping frame 1413393979.8057606
Dropping frame 1413393980.1557603
Dropping frame 1413393980.2557604
Dropping frame 1413393980.3557603
Dropping frame 1413393980.5557604
Dropping frame 1413393980.7557604
Dropping frame 1413393981.1057606
Dropping frame 1413393981.3557603
Dropping frame 1413393981.4557605
Dropping frame 1413393981.8057606
Dropping frame 1413393982.2057605
Dropping frame 1413393982.6557603
Dropping frame 1413393982.8557603
Dropping frame 1413393982.9557605
Dropping frame 1413393983.0557604
Dropping frame 1413393983.1557603
Dropping frame 1413393983.2557604
Dropping frame 1413393983.4557605
Dropping frame 1413393983.5557604
Dropping frame 1413393983.6557603
Dropping frame 1413393983.7557604
Dropping frame 1413393983.9057605
Dropping frame 1413393984.0557604
Dropping frame 1413393984.3557603
Dropping frame 1413393984.5557604
Dropping frame 1413393984.6557603
Dropping frame 1413393984.7557604
Dropping frame 1413393985.2057605
Dropping frame 1413393985.3057606
Dropping frame 1413393985.4057605
Dropping frame 1413393985.5057604
Dropping frame 1413393985.6057606
Dropping frame 1413393985.7057605
Dropping frame 1413393985.8057606
Dropping frame 1413393985.9057605
Dropping frame 1413393986.0557604
Dropping frame 1413393986.1557603
Dropping frame 1413393986.2557604
Dropping frame 1413393986.3557603
Dropping frame 1413393986.4557605
Dropping frame 1413393986.6057606
Dropping frame 1413393986.7057605
Dropping frame 1413393986.9057605
Dropping frame 1413393987.1057606
Dropping frame 1413393987.2057605
Dropping frame 1413393987.3057606
Dropping frame 1413393987.4057605
Dropping frame 1413393987.5057604
Dropping frame 1413393987.7057605
Dropping frame 1413393987.8057606
Dropping frame 1413393987.9057605
Dropping frame 1413393988.0057604
Dropping frame 1413393988.1057606
Dropping frame 1413393988.2557604
Dropping frame 1413393988.4557605
Dropping frame 1413393988.6557603
Dropping frame 1413393988.8557603
Dropping frame 1413393988.9557605
Dropping frame 1413393989.0557604
Dropping frame 1413393989.1557603
Dropping frame 1413393989.2557604
Dropping frame 1413393989.4557605
Dropping frame 1413393989.6557603
Dropping frame 1413393989.7557604
Dropping frame 1413393989.8557603
Dropping frame 1413393990.0557604
Dropping frame 1413393990.1557603
Dropping frame 1413393990.3557603
Dropping frame 1413393990.4557605
Dropping frame 1413393990.5557604
Dropping frame 1413393990.7057605
Dropping frame 1413393990.8057606
Dropping frame 1413393990.9057605
Dropping frame 1413393991.0057604
Dropping frame 1413393991.4557605
Dropping frame 1413393991.5557604
Dropping frame 1413393991.7557604
Dropping frame 1413393991.9057605
Dropping frame 1413393992.0057604
Dropping frame 1413393992.3557603
Dropping frame 1413393992.5057604
Dropping frame 1413393992.6557603
Dropping frame 1413393992.8057606
Dropping frame 1413393993.1057606
Dropping frame 1413393993.4057605
Dropping frame 1413393993.5057604
Dropping frame 1413393993.6057606
Dropping frame 1413393993.8057606
Dropping frame 1413393993.9057605
Dropping frame 1413393994.2057605
Dropping frame 1413393994.3057606
Dropping frame 1413393994.5557604
Dropping frame 1413393994.6557603
Dropping frame 1413393994.9057605
Dropping frame 1413393995.0057604
Dropping frame 1413393995.1057606
Dropping frame 1413393995.3057606
Dropping frame 1413393995.5057604
Dropping frame 1413393995.7057605
Dropping frame 1413393995.8057606
Dropping frame 1413393995.9057605
Dropping frame 1413393996.1057606
Dropping frame 1413393996.2057605
Dropping frame 1413393996.3057606
Dropping frame 1413393996.5057604
Dropping frame 1413393996.7057605
Dropping frame 1413393996.9057605
Dropping frame 1413393997.0057604
Dropping frame 1413393997.1057606
Dropping frame 1413393997.2057605
Dropping frame 1413393997.3057606
Dropping frame 1413393997.4057605
Dropping frame 1413393997.6557603
Dropping frame 1413393997.8557603
Dropping frame 1413393998.0557604
Dropping frame 1413393998.1557603
Dropping frame 1413393998.3557603
Dropping frame 1413393998.4557605
Dropping frame 1413393998.5557604
Dropping frame 1413393998.6557603
Dropping frame 1413393998.7557604
Dropping frame 1413393998.9557605
Dropping frame 1413393999.1557603
Dropping frame 1413393999.3557603
Dropping frame 1413393999.4557605
Dropping frame 1413393999.5557604
Dropping frame 1413393999.9557605
Dropping frame 1413394000.0557604
Dropping frame 1413394000.4557605
Dropping frame 1413394000.5557604
Dropping frame 1413394000.8557603
Dropping frame 1413394001.0557604
Dropping frame 1413394001.2557604
Dropping frame 1413394001.3557603
Dropping frame 1413394001.5557604
Dropping frame 1413394001.7557604
Dropping frame 1413394001.8557603
Dropping frame 1413394001.9557605
Dropping frame 1413394002.0557604
Dropping frame 1413394002.2557604
Dropping frame 1413394002.4557605
Dropping frame 1413394002.5557604
Dropping frame 1413394003.0057604
Dropping frame 1413394003.1057606
Shutdown
SLAM Finished at System Time: 1746983493.3738

 TIME STATS in ms (mean$\pm$std)
OpenCV version: 4.8.1
---------------------------
Tracking

ORB Extraction: 17.108$\pm$1.9959
Stereo Matching: 8.0769$\pm$2.332
IMU Preintegration: 0.2407$\pm$0.1061
Pose Prediction: 0.3304$\pm$1.4258
LM Track: 19.203$\pm$5.0606
New KF decision: 2.0325$\pm$3.4708
Total Tracking: 31.706$\pm$25.83



Local Mapping

KF Insertion: 13.425$\pm$4.3527
MP Culling: 0.77019$\pm$0.28235
MP Creation: 45.491$\pm$15.969
LBA: 146.21$\pm$43.764
KF Culling: 17.944$\pm$12.493
Total Local Mapping: 224.19$\pm$65.233
---------------------------

LBA complexity (mean$\pm$std)
LBA Edges: 3767.6$\pm$1102.2
LBA KF optimized: 6.5$\pm$2.2913
LBA KF fixed: 1$\pm$0
LBA MP: nan$\pm$nan

LBA executions: 423
LBA aborts: 0
---------------------------

Map complexity
KFs in map: 143
MPs in map: 10774
---------------------------

Place Recognition (mean$\pm$std)
Database Query: 1.7325$\pm$0.86277
SE3 estimation: 19.883$\pm$15.258
Total Place Recognition: 18.807$\pm$16.376


Loop Closing (mean$\pm$std)
Loop Fusion: 81.97$\pm$0
Essential Graph: 111.9$\pm$0
Total Loop Closing: 197.88$\pm$0

Num exec: 1
Number of KFs: nan$\pm$nan

Map Merging (mean$\pm$std)
Merge Maps: nan$\pm$nan
Welding BA: nan$\pm$nan
Optimization Ess.: nan$\pm$nan
Total Map Merging: nan$\pm$nan

Num exec: 0
Number of KFs: nan$\pm$nan
Number of MPs: nan$\pm$nan

Full GBA (mean$\pm$std)
GBA: 935.04$\pm$0
Map Update: 10.408$\pm$0
Total Full GBA: 945.45$\pm$0

Num exec: 1
Num abort: 0
Number of KFs: 133$\pm$0
Number of MPs: 11450$\pm$0

Saving trajectory to f_dataset-V202_stereo_imu.txt ...
There are 1 maps in the atlas
  Map 0 has 143 KFs

End of saving trajectory to f_dataset-V202_stereo_imu.txt ...

Saving keyframe trajectory to kf_dataset-V202_stereo_imu.txt ...
