num_seq = 1
file name: dataset-V203_stereo_imu
Loading images for sequence 0...LOADED!
Loading IMU for sequence 0...LOADED!

-------

ORB-SLAM3 Copyright (C) 2017-2020 Carlos Campos, Richard Elvira, Juan J. Gómez, José M.M. Montiel and Juan D. Tardós, University of Zaragoza.
ORB-SLAM2 Copyright (C) 2014-2016 Raúl Mur-Artal, José M.M. Montiel and Juan D. Tardós, University of Zaragoza.
This program comes with ABSOLUTELY NO WARRANTY;
This is free software, and you are welcome to redistribute it
under certain conditions. See LICENSE.txt.

Built with REGISTER_TIMES
Git Commit Hash: 33f00b6

Build Type: Release

Compiled with C++ version: 201703

Input sensor was set to: Stereo-Inertial
Loading settings from EuRoC_fov_deadlines_mask_6x6.yaml
	-Loaded camera 1
	-Loaded camera 2
	-Loaded image info
	-Loaded IMU calibration
	-Loaded ORB settings
	-Loaded viewer settings
	-Loaded Atlas settings
Deadlines enabled, will skip frames!
FOV enabled
Static mask size: 6x6
Dumping map points enabled
	-Loaded misc parameters
	-Computed rectification maps
----------------------------------
SLAM settings: 
	-Camera 1 parameters (Pinhole): [ 458.65399169921875 457.29598999023438 367.21499633789062 248.375 ]
	-Camera 1 distortion parameters: [  -0.28340810537338257 0.073959067463874817 0.00019359000725671649 1.7618711353861727e-05 ]
	-Camera 2 parameters (Pinhole: [ 457.58700561523438 456.13400268554688 379.99899291992188 255.23800659179688 ]
	-Camera 1 distortion parameters: [  -0.2836836576461792 0.074512839317321777 -0.00010473000293131918 -3.555907096597366e-05 ]
	-Original image size: [ 752 , 480 ]
	-Current image size: [ 752 , 480 ]
	-Camera 1 parameters after rectification: [  456.71499633789062 456.71499633789062 364.52615356445312 257.268798828125 ]
	-Sequence FPS: 20
	-Stereo baseline: 0.11007784307003021
	-Stereo depth threshold : 60
	-Gyro noise: 0.00016999999934341758
	-Accelerometer noise: 0.0020000000949949026
	-Gyro walk: 1.9392999092815444e-05
	-Accelerometer walk: 0.0030000000260770321
	-IMU frequency: 200
	-Features per image: 1200
	-ORB scale factor: 1.2000000476837158
	-ORB number of scales: 8
	-Initial FAST threshold: 20
	-Min FAST threshold: 7


Loading ORB Vocabulary. This could take a while...
Vocabulary loaded!

Initialization of Atlas from scratch 
Creation of new map with id: 0
Creation of new map with last KF id: 0
Seq. Name: 
There are 1 cameras in the atlas
Camera 0 is pinhole
SLAM Started at System Time: 1746987041.91688
not IMU meas
not IMU meas
not enough acceleration
not enough acceleration
not enough acceleration
not enough acceleration
not enough acceleration
not enough acceleration
not enough acceleration
not enough acceleration
not enough acceleration
not enough acceleration
not enough acceleration
not enough acceleration
not enough acceleration
not enough acceleration
not enough acceleration
not enough acceleration
not enough acceleration
not enough acceleration
not enough acceleration
not enough acceleration
not enough acceleration
not enough acceleration
not enough acceleration
not enough acceleration
not enough acceleration
not enough acceleration
not enough acceleration
not enough acceleration
not enough acceleration
not enough acceleration
not enough acceleration
not enough acceleration
not enough acceleration
not enough acceleration
not enough acceleration
not enough acceleration
not enough acceleration
not enough acceleration
not enough acceleration
not enough acceleration
not enough acceleration
not enough acceleration
not enough acceleration
not enough acceleration
not enough acceleration
not enough acceleration
not enough acceleration
not enough acceleration
not enough acceleration
not enough acceleration
not enough acceleration
not enough acceleration
not enough acceleration
not enough acceleration
not enough acceleration
not enough acceleration
not enough acceleration
not enough acceleration
not enough acceleration
not enough acceleration
not enough acceleration
not enough acceleration
not enough acceleration
not enough acceleration
not enough acceleration
not enough acceleration
not enough acceleration
not enough acceleration
not enough acceleration
not enough acceleration
not enough acceleration
not enough acceleration
not enough acceleration
not enough acceleration
not enough acceleration
not enough acceleration
not enough acceleration
not enough acceleration
not enough acceleration
not enough acceleration
not enough acceleration
not enough acceleration
not enough acceleration
not enough acceleration
not enough acceleration
not enough acceleration
not enough acceleration
not enough acceleration
not enough acceleration
not enough acceleration
not enough acceleration
not enough acceleration
not enough acceleration
not enough acceleration
not enough acceleration
not enough acceleration
not enough acceleration
not enough acceleration
not enough acceleration
not enough acceleration
not enough acceleration
not enough acceleration
not enough acceleration
not enough acceleration
not enough acceleration
not enough acceleration
not enough acceleration
First KF:0; Map init KF:0
New Map created with 412 points
Active map: 0
Dropping frame 1413394890.0557604
Dropping frame 1413394890.3057606
start VIBA 1
end VIBA 1
Dropping frame 1413394893.2557604
Dropping frame 1413394893.7057605
Dropping frame 1413394894.2057605
Dropping frame 1413394894.4557605
Dropping frame 1413394896.0057604
Dropping frame 1413394896.8057606
Dropping frame 1413394897.1057606
Dropping frame 1413394897.2557604
Dropping frame 1413394897.4557605
Dropping frame 1413394897.8557603
Dropping frame 1413394898.0057604
Dropping frame 1413394898.3057606
Dropping frame 1413394898.4057605
Dropping frame 1413394898.6557603
Dropping frame 1413394901.3057606
Dropping frame 1413394901.9557605
Dropping frame 1413394902.0557604
start VIBA 2
Dropping frame 1413394902.5557604
end VIBA 2
Dropping frame 1413394904.4557605
Dropping frame 1413394905.4557605
Dropping frame 1413394905.7057605
Dropping frame 1413394906.8057606
Dropping frame 1413394907.9057605
Dropping frame 1413394908.2057605
Dropping frame 1413394910.5557604
Dropping frame 1413394911.0557604
Dropping frame 1413394911.8057606
Dropping frame 1413394912.2057605
Dropping frame 1413394913.2557604
Dropping frame 1413394930.7557604
*Loop detected
phi = -0.046476397451742008  0.012298015742062048  0.074431362807223553
BAD LOOP!!!
Dropping frame 1413394936.0057604
Fail to track local map!
Fail to track local map!
Fail to track local map!
Fail to track local map!
Fail to track local map!
Dropping frame 1413394941.0057604
Dropping frame 1413394941.9057605
Dropping frame 1413394942.2057605
Dropping frame 1413394943.2057605
*Loop detected
phi =    0.0255759089040427 -0.014803422004607733  -0.15226551016335271
BAD LOOP!!!
Dropping frame 1413394943.4057605
*Loop detected
phi =  0.0071312816176463843 -0.0027550896749308535 -0.0079427373592619605
Local Mapping STOP
Local Mapping RELEASE
Local Mapping STOP
Local Mapping RELEASE
Dropping frame 1413394944.7557604
Dropping frame 1413394944.9057605
Dropping frame 1413394945.1057606
Dropping frame 1413394945.2057605
Dropping frame 1413394945.3557603
Dropping frame 1413394945.4557605
Dropping frame 1413394945.5557604
Dropping frame 1413394945.6557603
Dropping frame 1413394945.7557604
*Loop detected
phi =   -0.027440861675301284    0.012647072793008307 -0.00032878077335359338
BAD LOOP!!!
Fail to track local map!
Fail to track local map!
Fail to track local map!
Fail to track local map!
Fail to track local map!
Dropping frame 1413394956.9057605
Dropping frame 1413394957.7557604
Dropping frame 1413394957.9057605
Dropping frame 1413394958.4057605
Dropping frame 1413394963.9557605
Dropping frame 1413394964.9557605
Dropping frame 1413394965.7557604
Dropping frame 1413394968.9057605
Dropping frame 1413394973.0057604
Dropping frame 1413394973.4557605
Dropping frame 1413394974.2557604
Dropping frame 1413394974.5557604
Dropping frame 1413394975.5557604
Dropping frame 1413394978.1557603
Dropping frame 1413394978.3557603
Dropping frame 1413394978.6057606
Dropping frame 1413394978.7557604
Dropping frame 1413394978.9557605
Dropping frame 1413394979.0557604
Dropping frame 1413394979.1557603
Dropping frame 1413394979.2557604
Dropping frame 1413394979.3557603
Dropping frame 1413394980.1557603
Dropping frame 1413394980.4557605
Dropping frame 1413394980.9057605
Dropping frame 1413394981.3557603
Dropping frame 1413394981.4557605
Dropping frame 1413394982.2557604
Dropping frame 1413394982.5557604
Fail to track local map!
Fail to track local map!
Fail to track local map!
Fail to track local map!
Fail to track local map!
Fail to track local map!
Fail to track local map!
Fail to track local map!
Fail to track local map!
Dropping frame 1413394991.8557603
Dropping frame 1413394992.2057605
Dropping frame 1413394992.6557603
Dropping frame 1413394992.9057605
Dropping frame 1413394993.0057604
Fail to track local map!
Fail to track local map!
Fail to track local map!
Fail to track local map!
Fail to track local map!
Fail to track local map!
Fail to track local map!
Fail to track local map!
Fail to track local map!
Fail to track local map!
Fail to track local map!
Fail to track local map!
Fail to track local map!
Fail to track local map!
Fail to track local map!
Fail to track local map!
Fail to track local map!
Fail to track local map!
Fail to track local map!
Fail to track local map!
Fail to track local map!
Fail to track local map!
Fail to track local map!
Fail to track local map!
Shutdown
SLAM Finished at System Time: 1746987175.33383

 TIME STATS in ms (mean$\pm$std)
OpenCV version: 4.8.1
---------------------------
Tracking

ORB Extraction: 13.214$\pm$2.0044
Stereo Matching: 6.6527$\pm$2.6838
IMU Preintegration: 0.18397$\pm$0.065549
Pose Prediction: 0.27205$\pm$1.0691
LM Track: 13.292$\pm$4.3852
New KF decision: 1.8551$\pm$2.7268
Total Tracking: 35.855$\pm$13.203



Local Mapping

KF Insertion: 8.5055$\pm$3.4629
MP Culling: 0.44472$\pm$0.23597
MP Creation: 32.265$\pm$14.386
LBA: 79.12$\pm$33.787
KF Culling: 6.2258$\pm$5.6073
Total Local Mapping: 127.05$\pm$49.479
---------------------------

LBA complexity (mean$\pm$std)
LBA Edges: 2785.8$\pm$799.72
LBA KF optimized: 6.5$\pm$2.2913
LBA KF fixed: 1$\pm$0
LBA MP: nan$\pm$nan

LBA executions: 628
LBA aborts: 1
---------------------------

Map complexity
KFs in map: 246
MPs in map: 10984
---------------------------

Place Recognition (mean$\pm$std)
Database Query: 1.1606$\pm$0.78119
SE3 estimation: 10.55$\pm$9.4089
Total Place Recognition: 10.355$\pm$9.9719


Loop Closing (mean$\pm$std)
Loop Fusion: 93.803$\pm$0
Essential Graph: 111.56$\pm$0
Total Loop Closing: 209.95$\pm$0

Num exec: 1
Number of KFs: nan$\pm$nan

Map Merging (mean$\pm$std)
Merge Maps: nan$\pm$nan
Welding BA: nan$\pm$nan
Optimization Ess.: nan$\pm$nan
Total Map Merging: nan$\pm$nan

Num exec: 0
Number of KFs: nan$\pm$nan
Number of MPs: nan$\pm$nan

Full GBA (mean$\pm$std)
GBA: 830.88$\pm$0
Map Update: 132.19$\pm$0
Total Full GBA: 963.07$\pm$0

Num exec: 1
Num abort: 0
Number of KFs: 157$\pm$0
Number of MPs: 9239$\pm$0

Saving trajectory to f_dataset-V203_stereo_imu.txt ...
There are 1 maps in the atlas
  Map 0 has 246 KFs

End of saving trajectory to f_dataset-V203_stereo_imu.txt ...

Saving keyframe trajectory to kf_dataset-V203_stereo_imu.txt ...
