num_seq = 1
file name: dataset-V203_stereo_imu
Loading images for sequence 0...LOADED!
Loading IMU for sequence 0...LOADED!

-------

ORB-SLAM3 Copyright (C) 2017-2020 Carlos Campos, Richard Elvira, Juan J. Gómez, José M.M. Montiel and Juan D. Tardós, University of Zaragoza.
ORB-SLAM2 Copyright (C) 2014-2016 Raúl Mur-Artal, José M.M. Montiel and Juan D. Tardós, University of Zaragoza.
This program comes with ABSOLUTELY NO WARRANTY;
This is free software, and you are welcome to redistribute it
under certain conditions. See LICENSE.txt.

Built with REGISTER_TIMES
Git Commit Hash: 33f00b6

Build Type: Release

Compiled with C++ version: 201703

Input sensor was set to: Stereo-Inertial
Loading settings from EuRoC_fov_deadlines_mask_12x12.yaml
	-Loaded camera 1
	-Loaded camera 2
	-Loaded image info
	-Loaded IMU calibration
	-Loaded ORB settings
	-Loaded viewer settings
	-Loaded Atlas settings
Deadlines enabled, will skip frames!
FOV enabled
Static mask size: 12x12
Dumping map points enabled
	-Loaded misc parameters
	-Computed rectification maps
----------------------------------
SLAM settings: 
	-Camera 1 parameters (Pinhole): [ 458.65399169921875 457.29598999023438 367.21499633789062 248.375 ]
	-Camera 1 distortion parameters: [  -0.28340810537338257 0.073959067463874817 0.00019359000725671649 1.7618711353861727e-05 ]
	-Camera 2 parameters (Pinhole: [ 457.58700561523438 456.13400268554688 379.99899291992188 255.23800659179688 ]
	-Camera 1 distortion parameters: [  -0.2836836576461792 0.074512839317321777 -0.00010473000293131918 -3.555907096597366e-05 ]
	-Original image size: [ 752 , 480 ]
	-Current image size: [ 752 , 480 ]
	-Camera 1 parameters after rectification: [  456.71499633789062 456.71499633789062 364.52615356445312 257.268798828125 ]
	-Sequence FPS: 20
	-Stereo baseline: 0.11007784307003021
	-Stereo depth threshold : 60
	-Gyro noise: 0.00016999999934341758
	-Accelerometer noise: 0.0020000000949949026
	-Gyro walk: 1.9392999092815444e-05
	-Accelerometer walk: 0.0030000000260770321
	-IMU frequency: 200
	-Features per image: 1200
	-ORB scale factor: 1.2000000476837158
	-ORB number of scales: 8
	-Initial FAST threshold: 20
	-Min FAST threshold: 7


Loading ORB Vocabulary. This could take a while...
Vocabulary loaded!

Initialization of Atlas from scratch 
Creation of new map with id: 0
Creation of new map with last KF id: 0
Seq. Name: 
There are 1 cameras in the atlas
Camera 0 is pinhole
SLAM Started at System Time: 1746978287.52242
not IMU meas
not IMU meas
not enough acceleration
not enough acceleration
not enough acceleration
not enough acceleration
not enough acceleration
not enough acceleration
not enough acceleration
not enough acceleration
not enough acceleration
not enough acceleration
not enough acceleration
not enough acceleration
not enough acceleration
not enough acceleration
not enough acceleration
not enough acceleration
not enough acceleration
not enough acceleration
not enough acceleration
not enough acceleration
not enough acceleration
not enough acceleration
not enough acceleration
not enough acceleration
not enough acceleration
not enough acceleration
not enough acceleration
not enough acceleration
not enough acceleration
not enough acceleration
not enough acceleration
not enough acceleration
not enough acceleration
not enough acceleration
not enough acceleration
not enough acceleration
not enough acceleration
not enough acceleration
not enough acceleration
not enough acceleration
not enough acceleration
not enough acceleration
not enough acceleration
not enough acceleration
not enough acceleration
not enough acceleration
not enough acceleration
not enough acceleration
not enough acceleration
not enough acceleration
not enough acceleration
not enough acceleration
not enough acceleration
not enough acceleration
not enough acceleration
not enough acceleration
not enough acceleration
not enough acceleration
not enough acceleration
not enough acceleration
not enough acceleration
not enough acceleration
not enough acceleration
not enough acceleration
not enough acceleration
not enough acceleration
not enough acceleration
not enough acceleration
not enough acceleration
not enough acceleration
not enough acceleration
not enough acceleration
not enough acceleration
not enough acceleration
not enough acceleration
not enough acceleration
not enough acceleration
not enough acceleration
not enough acceleration
not enough acceleration
not enough acceleration
not enough acceleration
not enough acceleration
not enough acceleration
not enough acceleration
not enough acceleration
not enough acceleration
not enough acceleration
not enough acceleration
not enough acceleration
not enough acceleration
not enough acceleration
not enough acceleration
not enough acceleration
not enough acceleration
not enough acceleration
not enough acceleration
not enough acceleration
not enough acceleration
not enough acceleration
not enough acceleration
not enough acceleration
not enough acceleration
not enough acceleration
not enough acceleration
not enough acceleration
not enough acceleration
First KF:0; Map init KF:0
New Map created with 443 points
Active map: 0
Dropping frame 1413394887.1057606
Dropping frame 1413394887.3057606
Dropping frame 1413394887.6057606
Dropping frame 1413394887.8557603
Dropping frame 1413394888.0557604
Dropping frame 1413394888.4057605
Dropping frame 1413394888.7057605
Dropping frame 1413394888.8557603
Dropping frame 1413394889.0057604
Dropping frame 1413394889.2557604
Dropping frame 1413394889.3557603
Dropping frame 1413394889.7057605
Dropping frame 1413394889.9557605
Dropping frame 1413394890.2057605
Dropping frame 1413394890.5557604
Dropping frame 1413394891.0057604
Dropping frame 1413394891.5057604
Dropping frame 1413394891.9057605
start VIBA 1
end VIBA 1
Dropping frame 1413394892.8557603
Dropping frame 1413394893.0557604
Dropping frame 1413394894.6057606
Dropping frame 1413394894.8057606
Dropping frame 1413394895.1057606
Dropping frame 1413394895.3057606
Dropping frame 1413394895.4557605
Dropping frame 1413394895.8057606
Dropping frame 1413394897.4557605
Dropping frame 1413394897.7557604
Dropping frame 1413394898.0057604
Dropping frame 1413394898.6557603
Dropping frame 1413394898.7557604
Dropping frame 1413394898.9057605
Dropping frame 1413394899.1557603
Dropping frame 1413394899.2557604
Dropping frame 1413394899.5557604
Dropping frame 1413394899.6557603
Dropping frame 1413394899.9057605
Dropping frame 1413394900.0057604
Dropping frame 1413394900.2057605
Dropping frame 1413394900.3057606
Dropping frame 1413394900.5057604
Dropping frame 1413394900.6057606
Dropping frame 1413394901.0057604
Dropping frame 1413394901.1057606
Dropping frame 1413394901.5557604
Dropping frame 1413394901.8557603
start VIBA 2
Dropping frame 1413394902.7057605
end VIBA 2
Dropping frame 1413394904.0557604
Dropping frame 1413394904.2557604
Dropping frame 1413394904.3557603
Dropping frame 1413394904.4557605
Dropping frame 1413394904.7057605
Dropping frame 1413394904.9057605
Dropping frame 1413394905.0057604
Dropping frame 1413394905.2557604
Dropping frame 1413394905.4557605
Dropping frame 1413394905.7557604
Dropping frame 1413394905.9557605
Dropping frame 1413394906.0557604
Dropping frame 1413394906.1557603
Dropping frame 1413394906.2557604
Dropping frame 1413394906.4557605
Dropping frame 1413394906.8057606
Dropping frame 1413394907.0557604
Dropping frame 1413394907.4057605
Dropping frame 1413394907.6557603
Dropping frame 1413394907.9057605
Dropping frame 1413394908.0057604
Dropping frame 1413394908.1057606
Dropping frame 1413394909.2057605
Dropping frame 1413394909.4557605
Dropping frame 1413394910.1057606
Dropping frame 1413394910.4057605
Dropping frame 1413394910.7557604
Dropping frame 1413394911.1057606
Dropping frame 1413394911.2057605
Dropping frame 1413394911.4557605
Dropping frame 1413394911.6557603
Dropping frame 1413394911.8057606
Dropping frame 1413394912.1057606
Dropping frame 1413394912.2057605
Dropping frame 1413394912.4557605
Dropping frame 1413394912.6557603
Dropping frame 1413394912.8557603
Dropping frame 1413394912.9557605
Dropping frame 1413394913.2057605
Dropping frame 1413394913.5557604
Dropping frame 1413394914.0057604
Dropping frame 1413394914.1557603
Dropping frame 1413394914.5057604
Dropping frame 1413394914.6057606
Dropping frame 1413394914.9057605
Dropping frame 1413394915.0057604
Dropping frame 1413394915.4057605
Dropping frame 1413394915.5057604
Dropping frame 1413394915.8057606
Dropping frame 1413394915.9057605
Dropping frame 1413394916.2057605
Dropping frame 1413394916.4057605
Dropping frame 1413394916.6057606
Dropping frame 1413394916.7057605
Dropping frame 1413394925.3057606
Dropping frame 1413394925.6057606
Dropping frame 1413394925.8557603
Dropping frame 1413394925.9557605
Dropping frame 1413394926.2057605
Dropping frame 1413394926.3057606
Dropping frame 1413394926.4057605
Dropping frame 1413394926.6057606
Dropping frame 1413394926.8057606
Dropping frame 1413394927.1557603
Dropping frame 1413394927.9557605
Dropping frame 1413394928.1557603
Dropping frame 1413394928.4557605
Dropping frame 1413394928.6557603
Dropping frame 1413394928.7557604
Dropping frame 1413394929.6057606
Dropping frame 1413394929.8057606
Dropping frame 1413394929.9057605
Dropping frame 1413394930.2057605
Dropping frame 1413394930.4057605
Dropping frame 1413394930.5057604
Dropping frame 1413394930.8557603
Dropping frame 1413394931.0557604
Dropping frame 1413394931.2057605
Dropping frame 1413394931.5057604
Dropping frame 1413394932.3557603
Dropping frame 1413394932.5057604
Dropping frame 1413394932.6557603
Dropping frame 1413394932.8057606
*Loop detected
phi = -0.023199752850222577 -0.068439321464055389  0.058853008276312214
BAD LOOP!!!
Dropping frame 1413394933.0057604
Dropping frame 1413394933.3057606
*Loop detected
phi = -0.0043455709687646336   0.047385123302738683   0.043016930014614478
BAD LOOP!!!
Dropping frame 1413394933.4557605
Dropping frame 1413394933.6057606
Dropping frame 1413394933.7557604
Dropping frame 1413394933.9057605
Dropping frame 1413394934.6557603
Dropping frame 1413394935.8057606
Dropping frame 1413394935.9057605
Dropping frame 1413394936.0057604
Dropping frame 1413394941.7557604
Dropping frame 1413394942.0557604
Dropping frame 1413394942.3057606
Dropping frame 1413394942.5557604
Dropping frame 1413394942.8057606
Dropping frame 1413394943.0557604
*Loop detected
phi = -0.0004704540033724084 0.00085961534999105067  -0.076240295739213954
Local Mapping STOP
Local Mapping RELEASE
Dropping frame 1413394944.1557603
Local Mapping STOP
Local Mapping RELEASE
Dropping frame 1413394956.7557604
Dropping frame 1413394957.3557603
Dropping frame 1413394957.6057606
Dropping frame 1413394957.8557603
Dropping frame 1413394958.1057606
Dropping frame 1413394958.3057606
Dropping frame 1413394958.6057606
Dropping frame 1413394959.6057606
Dropping frame 1413394959.9557605
Dropping frame 1413394960.1057606
Dropping frame 1413394960.2557604
Dropping frame 1413394960.4057605
Dropping frame 1413394960.7557604
Dropping frame 1413394960.9057605
Dropping frame 1413394961.2557604
Dropping frame 1413394961.4057605
Dropping frame 1413394961.5557604
Dropping frame 1413394961.7057605
Dropping frame 1413394961.8057606
Dropping frame 1413394961.9557605
Dropping frame 1413394962.0557604
Dropping frame 1413394962.1557603
Dropping frame 1413394962.3057606
Dropping frame 1413394962.4057605
Dropping frame 1413394962.6057606
Dropping frame 1413394962.8557603
Dropping frame 1413394963.0557604
Dropping frame 1413394963.1557603
Dropping frame 1413394963.4557605
Dropping frame 1413394963.8057606
Dropping frame 1413394964.1557603
Dropping frame 1413394964.3557603
Dropping frame 1413394964.5557604
Dropping frame 1413394964.6557603
Dropping frame 1413394964.9057605
Dropping frame 1413394965.0557604
Dropping frame 1413394965.1557603
Dropping frame 1413394965.2557604
Dropping frame 1413394965.6057606
Dropping frame 1413394966.1057606
Dropping frame 1413394967.0057604
Dropping frame 1413394967.2557604
Dropping frame 1413394967.5057604
Dropping frame 1413394968.1557603
Dropping frame 1413394968.4057605
Dropping frame 1413394968.9057605
Dropping frame 1413394969.0557604
Dropping frame 1413394973.1057606
Dropping frame 1413394973.2057605
Dropping frame 1413394974.3557603
Dropping frame 1413394974.5057604
Dropping frame 1413394975.3557603
Dropping frame 1413394975.8057606
Dropping frame 1413394978.4057605
Dropping frame 1413394979.3557603
Dropping frame 1413394979.4557605
Dropping frame 1413394979.6057606
Dropping frame 1413394979.8557603
Dropping frame 1413394980.1057606
Dropping frame 1413394980.3557603
Dropping frame 1413394980.7057605
Dropping frame 1413394980.8057606
Dropping frame 1413394981.0057604
Dropping frame 1413394981.3057606
Dropping frame 1413394981.7057605
Dropping frame 1413394981.9557605
Dropping frame 1413394982.1057606
Dropping frame 1413394982.2057605
Dropping frame 1413394982.5057604
Dropping frame 1413394982.6057606
Dropping frame 1413394982.8557603
Dropping frame 1413394990.1557603
Dropping frame 1413394990.4557605
Dropping frame 1413394990.5557604
Dropping frame 1413394990.7557604
Dropping frame 1413394990.9057605
Dropping frame 1413394991.1057606
Dropping frame 1413394991.2057605
Dropping frame 1413394991.3057606
Dropping frame 1413394991.5057604
Dropping frame 1413394991.7057605
Dropping frame 1413394991.8057606
Dropping frame 1413394991.9057605
Dropping frame 1413394992.0057604
Dropping frame 1413394992.2057605
Dropping frame 1413394992.3057606
Dropping frame 1413394992.5057604
Dropping frame 1413394992.7057605
Dropping frame 1413394992.9057605
Dropping frame 1413394993.0057604
Dropping frame 1413394993.1057606
Dropping frame 1413394993.2057605
Dropping frame 1413394993.3057606
Dropping frame 1413394993.5557604
Dropping frame 1413394993.6557603
Dropping frame 1413394993.9057605
Fail to track local map!
Fail to track local map!
Fail to track local map!
Fail to track local map!
Fail to track local map!
Fail to track local map!
Fail to track local map!
Fail to track local map!
Fail to track local map!
Fail to track local map!
Fail to track local map!
Fail to track local map!
Fail to track local map!
Fail to track local map!
Fail to track local map!
Fail to track local map!
Fail to track local map!
Fail to track local map!
Fail to track local map!
Fail to track local map!
Fail to track local map!
Fail to track local map!
Fail to track local map!
Fail to track local map!
Shutdown
SLAM Finished at System Time: 1746978421.1702

 TIME STATS in ms (mean$\pm$std)
OpenCV version: 4.8.1
---------------------------
Tracking

ORB Extraction: 16.649$\pm$2.1156
Stereo Matching: 7.9355$\pm$2.7184
IMU Preintegration: 0.1952$\pm$0.068364
Pose Prediction: 0.26879$\pm$1.0258
LM Track: 15.126$\pm$4.523
New KF decision: 2.1278$\pm$3.1494
Total Tracking: 35.558$\pm$20.42



Local Mapping

KF Insertion: 11.6$\pm$3.8058
MP Culling: 0.62031$\pm$0.24357
MP Creation: 43.575$\pm$15.519
LBA: 94.012$\pm$38.133
KF Culling: 7.634$\pm$5.4547
Total Local Mapping: 158.08$\pm$52.39
---------------------------

LBA complexity (mean$\pm$std)
LBA Edges: 2847.1$\pm$715.13
LBA KF optimized: 6.5$\pm$2.2913
LBA KF fixed: 1$\pm$0
LBA MP: nan$\pm$nan

LBA executions: 522
LBA aborts: 1
---------------------------

Map complexity
KFs in map: 212
MPs in map: 9528
---------------------------

Place Recognition (mean$\pm$std)
Database Query: 1.7901$\pm$1.0122
SE3 estimation: 14.689$\pm$10.506
Total Place Recognition: 14.332$\pm$11.732


Loop Closing (mean$\pm$std)
Loop Fusion: 75.718$\pm$0
Essential Graph: 73.571$\pm$0
Total Loop Closing: 151.82$\pm$0

Num exec: 1
Number of KFs: nan$\pm$nan

Map Merging (mean$\pm$std)
Merge Maps: nan$\pm$nan
Welding BA: nan$\pm$nan
Optimization Ess.: nan$\pm$nan
Total Map Merging: nan$\pm$nan

Num exec: 0
Number of KFs: nan$\pm$nan
Number of MPs: nan$\pm$nan

Full GBA (mean$\pm$std)
GBA: 859.23$\pm$0
Map Update: 28.238$\pm$0
Total Full GBA: 887.47$\pm$0

Num exec: 1
Num abort: 0
Number of KFs: 145$\pm$0
Number of MPs: 9590$\pm$0

Saving trajectory to f_dataset-V203_stereo_imu.txt ...
There are 1 maps in the atlas
  Map 0 has 212 KFs

End of saving trajectory to f_dataset-V203_stereo_imu.txt ...

Saving keyframe trajectory to kf_dataset-V203_stereo_imu.txt ...
