num_seq = 1
file name: dataset-MH03_stereo_imu
Loading images for sequence 0...LOADED!
Loading IMU for sequence 0...LOADED!

-------

ORB-SLAM3 Copyright (C) 2017-2020 Carlos Campos, Richard Elvira, Juan J. Gómez, José M.M. Montiel and Juan D. Tardós, University of Zaragoza.
ORB-SLAM2 Copyright (C) 2014-2016 Raúl Mur-Artal, José M.M. Montiel and Juan D. Tardós, University of Zaragoza.
This program comes with ABSOLUTELY NO WARRANTY;
This is free software, and you are welcome to redistribute it
under certain conditions. See LICENSE.txt.

Built with REGISTER_TIMES
Git Commit Hash: 2d47524

Build Type: Release

Compiled with C++ version: 201703

Input sensor was set to: Stereo-Inertial
Loading settings from EuRoC_fov_deadlines_mask_5x5.yaml
	-Loaded camera 1
	-Loaded camera 2
	-Loaded image info
	-Loaded IMU calibration
	-Loaded ORB settings
	-Loaded viewer settings
	-Loaded Atlas settings
Deadlines enabled, will skip frames!
FOV enabled
Static mask size: 5x5
Dumping map points enabled
	-Loaded misc parameters
	-Computed rectification maps
----------------------------------
SLAM settings: 
	-Camera 1 parameters (Pinhole): [ 458.65399169921875 457.29598999023438 367.21499633789062 248.375 ]
	-Camera 1 distortion parameters: [  -0.28340810537338257 0.073959067463874817 0.00019359000725671649 1.7618711353861727e-05 ]
	-Camera 2 parameters (Pinhole: [ 457.58700561523438 456.13400268554688 379.99899291992188 255.23800659179688 ]
	-Camera 1 distortion parameters: [  -0.2836836576461792 0.074512839317321777 -0.00010473000293131918 -3.555907096597366e-05 ]
	-Original image size: [ 752 , 480 ]
	-Current image size: [ 752 , 480 ]
	-Camera 1 parameters after rectification: [  456.71499633789062 456.71499633789062 364.52615356445312 257.268798828125 ]
	-Sequence FPS: 20
	-Stereo baseline: 0.11007784307003021
	-Stereo depth threshold : 60
	-Gyro noise: 0.00016999999934341758
	-Accelerometer noise: 0.0020000000949949026
	-Gyro walk: 1.9392999092815444e-05
	-Accelerometer walk: 0.0030000000260770321
	-IMU frequency: 200
	-Features per image: 1200
	-ORB scale factor: 1.2000000476837158
	-ORB number of scales: 8
	-Initial FAST threshold: 20
	-Min FAST threshold: 7


Loading ORB Vocabulary. This could take a while...
Vocabulary loaded!

Initialization of Atlas from scratch 
Creation of new map with id: 0
Creation of new map with last KF id: 0
Seq. Name: 
There are 1 cameras in the atlas
Camera 0 is pinhole
SLAM Started at System Time: 1740934135.34949
not IMU meas
not IMU meas
not enough acceleration
not enough acceleration
First KF:0; Map init KF:0
New Map created with 157 points
Active map: 0
Not enough motion for initializing. Reseting...
TRACK: Reset map because local mapper set the bad imu flag 
LM: Reseting current map in Local Mapping...
LM: End reseting Local Mapping...
LM: Reset free the mutex
LM: Active map reset recieved
LM: Active map reset, waiting...
LM: Reseting current map in Local Mapping...
LM: End reseting Local Mapping...
LM: Reset free the mutex
LM: Active map reset, Done!!!
mnFirstFrameId = 4
mnInitialFrameId = 0
51 Frames set to lost
not IMU meas
not enough acceleration
First KF:11; Map init KF:0
New Map created with 208 points
Active map: 0
Dropping frame 1403637135.638319
Dropping frame 1403637135.9883189
Dropping frame 1403637136.3383191
Dropping frame 1403637137.4883189
Dropping frame 1403637137.688319
Dropping frame 1403637138.0383191
Dropping frame 1403637138.188319
start VIBA 1
end VIBA 1
Dropping frame 1403637138.9883189
Dropping frame 1403637139.388319
Not enough motion for initializing. Reseting...
TRACK: Reset map because local mapper set the bad imu flag 
LM: Reseting current map in Local Mapping...
LM: End reseting Local Mapping...
LM: Reset free the mutex
LM: Active map reset recieved
LM: Active map reset, waiting...
LM: Reseting current map in Local Mapping...
LM: End reseting Local Mapping...
LM: Reset free the mutex
LM: Active map reset, Done!!!
mnFirstFrameId = 58
mnInitialFrameId = 55
174 Frames set to lost
not IMU meas
not enough acceleration
First KF:45; Map init KF:11
New Map created with 157 points
Active map: 0
Not enough motion for initializing. Reseting...
TRACK: Reset map because local mapper set the bad imu flag 
LM: Reseting current map in Local Mapping...
LM: End reseting Local Mapping...
LM: Reset free the mutex
LM: Active map reset recieved
LM: Active map reset, waiting...
LM: Reseting current map in Local Mapping...
LM: End reseting Local Mapping...
LM: Reset free the mutex
LM: Active map reset, Done!!!
mnFirstFrameId = 184
mnInitialFrameId = 181
233 Frames set to lost
not IMU meas
not enough acceleration
not enough acceleration
not enough acceleration
not enough acceleration
not enough acceleration
not enough acceleration
not enough acceleration
not enough acceleration
not enough acceleration
not enough acceleration
not enough acceleration
not enough acceleration
not enough acceleration
not enough acceleration
not enough acceleration
not enough acceleration
not enough acceleration
not enough acceleration
not enough acceleration
not enough acceleration
not enough acceleration
not enough acceleration
not enough acceleration
not enough acceleration
not enough acceleration
not enough acceleration
not enough acceleration
not enough acceleration
First KF:56; Map init KF:45
New Map created with 160 points
Active map: 0
Not enough motion for initializing. Reseting...
TRACK: Reset map because local mapper set the bad imu flag 
LM: Reseting current map in Local Mapping...
LM: End reseting Local Mapping...
LM: Reset free the mutex
LM: Active map reset recieved
LM: Active map reset, waiting...
LM: Reseting current map in Local Mapping...
LM: End reseting Local Mapping...
LM: Reset free the mutex
LM: Active map reset, Done!!!
mnFirstFrameId = 273
mnInitialFrameId = 243
289 Frames set to lost
not IMU meas
not enough acceleration
not enough acceleration
not enough acceleration
not enough acceleration
not enough acceleration
not enough acceleration
not enough acceleration
not enough acceleration
not enough acceleration
not enough acceleration
not enough acceleration
not enough acceleration
not enough acceleration
not enough acceleration
not enough acceleration
not enough acceleration
not enough acceleration
not enough acceleration
not enough acceleration
not enough acceleration
not enough acceleration
not enough acceleration
not enough acceleration
not enough acceleration
not enough acceleration
not enough acceleration
not enough acceleration
not enough acceleration
not enough acceleration
not enough acceleration
not enough acceleration
not enough acceleration
not enough acceleration
not enough acceleration
not enough acceleration
not enough acceleration
not enough acceleration
not enough acceleration
not enough acceleration
not enough acceleration
not enough acceleration
not enough acceleration
not enough acceleration
not enough acceleration
First KF:67; Map init KF:56
New Map created with 133 points
Active map: 0
Dropping frame 1403637152.0383191
Dropping frame 1403637153.138319
Dropping frame 1403637153.4383192
Dropping frame 1403637153.8383191
Dropping frame 1403637154.0383191
Dropping frame 1403637154.138319
Dropping frame 1403637154.2883189
Dropping frame 1403637154.5883191
Dropping frame 1403637154.688319
Dropping frame 1403637155.0383191
Dropping frame 1403637155.188319
start VIBA 1
end VIBA 1
Dropping frame 1403637155.3383191
Dropping frame 1403637155.688319
Dropping frame 1403637155.9383192
Dropping frame 1403637156.138319
Dropping frame 1403637156.2383192
Dropping frame 1403637156.5883191
Dropping frame 1403637156.8383191
Dropping frame 1403637157.0383191
Dropping frame 1403637157.138319
Dropping frame 1403637157.5383191
Dropping frame 1403637157.638319
Dropping frame 1403637157.888319
Dropping frame 1403637158.0883191
Dropping frame 1403637158.188319
Dropping frame 1403637158.5883191
Dropping frame 1403637158.688319
Dropping frame 1403637158.9883189
Dropping frame 1403637159.0883191
Dropping frame 1403637159.3383191
Dropping frame 1403637159.5383191
Dropping frame 1403637160.2883189
Dropping frame 1403637160.5883191
Dropping frame 1403637160.7883189
Dropping frame 1403637160.888319
Dropping frame 1403637161.3383191
Dropping frame 1403637161.5383191
Dropping frame 1403637161.638319
Dropping frame 1403637161.9383192
Dropping frame 1403637162.0383191
Dropping frame 1403637162.2883189
Dropping frame 1403637162.4883189
Dropping frame 1403637163.138319
Dropping frame 1403637163.5383191
Dropping frame 1403637164.0383191
start VIBA 2
end VIBA 2
Dropping frame 1403637165.5883191
Dropping frame 1403637165.9883189
Dropping frame 1403637166.0883191
Dropping frame 1403637166.188319
Dropping frame 1403637166.388319
Dropping frame 1403637166.638319
Dropping frame 1403637166.7383192
Dropping frame 1403637166.9883189
Dropping frame 1403637167.188319
Dropping frame 1403637167.2883189
Dropping frame 1403637167.388319
Dropping frame 1403637167.688319
Dropping frame 1403637167.888319
Dropping frame 1403637168.0383191
Dropping frame 1403637168.2883189
Dropping frame 1403637168.4383192
Dropping frame 1403637168.638319
Dropping frame 1403637168.7383192
Dropping frame 1403637168.8383191
Dropping frame 1403637169.2883189
Dropping frame 1403637169.5383191
Dropping frame 1403637169.688319
Dropping frame 1403637169.7883189
Dropping frame 1403637175.188319
Dropping frame 1403637175.7383192
Dropping frame 1403637176.0383191
Dropping frame 1403637176.4383192
Dropping frame 1403637176.638319
Dropping frame 1403637176.7883189
Dropping frame 1403637177.0383191
Dropping frame 1403637177.3383191
Dropping frame 1403637177.638319
Dropping frame 1403637177.888319
Dropping frame 1403637178.138319
Dropping frame 1403637178.2383192
Dropping frame 1403637178.3383191
Dropping frame 1403637178.4383192
Dropping frame 1403637178.688319
Dropping frame 1403637178.9383192
Dropping frame 1403637182.688319
Dropping frame 1403637183.188319
Dropping frame 1403637183.7883189
Dropping frame 1403637183.9883189
Dropping frame 1403637184.188319
Dropping frame 1403637184.2883189
Dropping frame 1403637184.388319
Dropping frame 1403637184.7883189
Dropping frame 1403637184.888319
Dropping frame 1403637184.9883189
Dropping frame 1403637185.0883191
Dropping frame 1403637185.3383191
Dropping frame 1403637185.4383192
Dropping frame 1403637185.5383191
Dropping frame 1403637185.688319
Dropping frame 1403637185.9883189
Dropping frame 1403637186.0883191
Dropping frame 1403637186.188319
Dropping frame 1403637186.388319
Dropping frame 1403637186.4883189
Dropping frame 1403637186.688319
Dropping frame 1403637186.7883189
Dropping frame 1403637186.888319
Dropping frame 1403637186.9883189
Dropping frame 1403637187.188319
Dropping frame 1403637187.2883189
Dropping frame 1403637187.4383192
Dropping frame 1403637187.5383191
Dropping frame 1403637187.7383192
Dropping frame 1403637188.2383192
Dropping frame 1403637188.4883189
Dropping frame 1403637188.5883191
Dropping frame 1403637188.888319
Dropping frame 1403637189.0883191
Dropping frame 1403637189.2883189
Dropping frame 1403637189.4883189
Dropping frame 1403637189.5883191
Dropping frame 1403637189.888319
Dropping frame 1403637189.9883189
Dropping frame 1403637190.2883189
Dropping frame 1403637190.4383192
Dropping frame 1403637190.7383192
Dropping frame 1403637190.8383191
Dropping frame 1403637191.388319
Dropping frame 1403637191.888319
Dropping frame 1403637192.188319
Dropping frame 1403637192.4883189
Dropping frame 1403637192.7883189
Dropping frame 1403637193.0883191
Dropping frame 1403637193.388319
Dropping frame 1403637193.9383192
Dropping frame 1403637194.2383192
Dropping frame 1403637194.5383191
Dropping frame 1403637194.638319
Dropping frame 1403637194.8383191
Dropping frame 1403637194.9383192
Dropping frame 1403637195.0383191
Dropping frame 1403637195.138319
Dropping frame 1403637195.3383191
Dropping frame 1403637195.4383192
Dropping frame 1403637195.688319
Dropping frame 1403637195.7883189
Dropping frame 1403637195.888319
Dropping frame 1403637195.9883189
Dropping frame 1403637196.0883191
Dropping frame 1403637196.3383191
Dropping frame 1403637196.638319
Dropping frame 1403637196.7383192
Dropping frame 1403637196.8383191
Dropping frame 1403637197.0383191
Dropping frame 1403637197.138319
Dropping frame 1403637197.2383192
Dropping frame 1403637197.4383192
Dropping frame 1403637197.638319
Dropping frame 1403637197.8383191
Dropping frame 1403637197.9383192
Dropping frame 1403637198.0383191
Dropping frame 1403637198.138319
Dropping frame 1403637198.2383192
Dropping frame 1403637198.3383191
Dropping frame 1403637198.5883191
Dropping frame 1403637198.7883189
Dropping frame 1403637198.9883189
Dropping frame 1403637199.188319
Dropping frame 1403637199.2883189
Dropping frame 1403637199.388319
Dropping frame 1403637199.4883189
Dropping frame 1403637199.688319
Dropping frame 1403637199.888319
Dropping frame 1403637200.0883191
Dropping frame 1403637200.188319
Dropping frame 1403637200.388319
Dropping frame 1403637200.4883189
Dropping frame 1403637200.5883191
Dropping frame 1403637200.688319
Dropping frame 1403637200.9383192
Dropping frame 1403637201.138319
Dropping frame 1403637201.3383191
Dropping frame 1403637201.4383192
Dropping frame 1403637201.5383191
Dropping frame 1403637201.7383192
Dropping frame 1403637201.9383192
Dropping frame 1403637202.0383191
Dropping frame 1403637202.138319
Dropping frame 1403637202.3383191
Dropping frame 1403637202.5383191
Dropping frame 1403637202.7383192
Dropping frame 1403637202.9383192
Dropping frame 1403637203.0383191
Dropping frame 1403637203.138319
Dropping frame 1403637203.3383191
Dropping frame 1403637203.5383191
Dropping frame 1403637203.638319
Dropping frame 1403637203.8383191
Dropping frame 1403637204.0383191
Dropping frame 1403637204.138319
Dropping frame 1403637204.2383192
Dropping frame 1403637204.4383192
Dropping frame 1403637204.5383191
Dropping frame 1403637204.638319
Dropping frame 1403637204.7383192
Dropping frame 1403637204.8383191
Dropping frame 1403637205.0883191
Dropping frame 1403637205.2883189
Dropping frame 1403637205.388319
Dropping frame 1403637205.5383191
Dropping frame 1403637205.7383192
Dropping frame 1403637205.9383192
Dropping frame 1403637206.0383191
Dropping frame 1403637206.138319
Dropping frame 1403637206.2383192
Dropping frame 1403637206.3383191
Dropping frame 1403637206.5383191
Dropping frame 1403637206.638319
Dropping frame 1403637206.7383192
Dropping frame 1403637206.9383192
Dropping frame 1403637207.0383191
Dropping frame 1403637207.138319
Dropping frame 1403637207.3383191
Dropping frame 1403637207.4383192
Dropping frame 1403637207.5383191
Dropping frame 1403637207.7383192
Dropping frame 1403637207.9383192
Dropping frame 1403637208.0383191
Dropping frame 1403637208.138319
Dropping frame 1403637208.2383192
Dropping frame 1403637208.4883189
Dropping frame 1403637208.688319
Dropping frame 1403637208.7883189
Dropping frame 1403637209.138319
Dropping frame 1403637209.2383192
Dropping frame 1403637209.4383192
Dropping frame 1403637209.5883191
Dropping frame 1403637209.688319
Dropping frame 1403637210.0883191
Dropping frame 1403637210.7383192
Dropping frame 1403637211.3383191
Dropping frame 1403637211.7883189
Dropping frame 1403637212.138319
Dropping frame 1403637212.638319
Dropping frame 1403637212.9383192
Dropping frame 1403637213.5883191
Dropping frame 1403637213.9883189
Dropping frame 1403637214.388319
Dropping frame 1403637214.7883189
Dropping frame 1403637215.2383192
Dropping frame 1403637215.4383192
Dropping frame 1403637215.7883189
Dropping frame 1403637216.2383192
Dropping frame 1403637216.7383192
Dropping frame 1403637217.2383192
Dropping frame 1403637218.2883189
Dropping frame 1403637218.5383191
Dropping frame 1403637219.188319
Dropping frame 1403637219.688319
Dropping frame 1403637219.888319
Dropping frame 1403637220.0883191
Dropping frame 1403637220.2883189
Dropping frame 1403637220.4883189
Dropping frame 1403637220.688319
Dropping frame 1403637220.7883189
Dropping frame 1403637220.9383192
Dropping frame 1403637221.138319
Dropping frame 1403637221.5383191
Dropping frame 1403637222.138319
Dropping frame 1403637222.4883189
Dropping frame 1403637222.7883189
Dropping frame 1403637223.0883191
Dropping frame 1403637223.5383191
Dropping frame 1403637223.9883189
Dropping frame 1403637224.3383191
Dropping frame 1403637224.688319
Dropping frame 1403637224.9883189
Dropping frame 1403637225.0883191
Dropping frame 1403637225.188319
Dropping frame 1403637225.388319
Dropping frame 1403637225.5883191
Dropping frame 1403637225.7883189
Dropping frame 1403637225.888319
Dropping frame 1403637225.9883189
Dropping frame 1403637226.188319
Dropping frame 1403637226.4883189
Dropping frame 1403637226.688319
Dropping frame 1403637226.888319
Dropping frame 1403637226.9883189
Dropping frame 1403637227.0883191
Dropping frame 1403637227.2883189
Dropping frame 1403637227.5883191
Dropping frame 1403637227.7383192
Dropping frame 1403637227.9383192
Dropping frame 1403637228.0883191
Dropping frame 1403637228.2883189
Dropping frame 1403637228.4883189
Dropping frame 1403637228.688319
Dropping frame 1403637228.7883189
Dropping frame 1403637228.888319
Dropping frame 1403637229.0883191
Dropping frame 1403637229.188319
Dropping frame 1403637229.2883189
Dropping frame 1403637229.4883189
Dropping frame 1403637229.688319
Dropping frame 1403637229.7883189
Dropping frame 1403637229.888319
Dropping frame 1403637230.0883191
Dropping frame 1403637230.188319
Dropping frame 1403637230.4383192
Dropping frame 1403637230.638319
Dropping frame 1403637230.8383191
Dropping frame 1403637230.9383192
Dropping frame 1403637231.188319
Dropping frame 1403637231.388319
Dropping frame 1403637231.5883191
Dropping frame 1403637231.7883189
Dropping frame 1403637231.9883189
Dropping frame 1403637232.7883189
Dropping frame 1403637232.9883189
Dropping frame 1403637233.0883191
Dropping frame 1403637233.188319
Dropping frame 1403637233.388319
Dropping frame 1403637233.688319
Dropping frame 1403637233.888319
Dropping frame 1403637234.0883191
Dropping frame 1403637234.688319
Dropping frame 1403637234.888319
Dropping frame 1403637235.0883191
Dropping frame 1403637235.188319
Dropping frame 1403637235.2883189
Dropping frame 1403637235.4883189
Dropping frame 1403637235.688319
Dropping frame 1403637235.888319
Dropping frame 1403637235.9883189
Dropping frame 1403637236.0883191
Dropping frame 1403637236.2883189
Dropping frame 1403637236.4883189
Dropping frame 1403637236.688319
Dropping frame 1403637236.7883189
Dropping frame 1403637237.0383191
Dropping frame 1403637237.3383191
Dropping frame 1403637237.5383191
Dropping frame 1403637237.7383192
Dropping frame 1403637237.9383192
Dropping frame 1403637238.0883191
Dropping frame 1403637238.3383191
Dropping frame 1403637238.4383192
Dropping frame 1403637238.5383191
Dropping frame 1403637238.7383192
Dropping frame 1403637238.9383192
Dropping frame 1403637239.0383191
Dropping frame 1403637239.138319
Dropping frame 1403637239.4883189
Dropping frame 1403637239.688319
Dropping frame 1403637240.188319
Dropping frame 1403637240.388319
Dropping frame 1403637240.4883189
Dropping frame 1403637240.9383192
Dropping frame 1403637241.0383191
Dropping frame 1403637241.4383192
Dropping frame 1403637241.5883191
Dropping frame 1403637241.8383191
Dropping frame 1403637241.9383192
Dropping frame 1403637242.0883191
Dropping frame 1403637242.638319
Dropping frame 1403637242.7383192
Dropping frame 1403637243.3383191
Dropping frame 1403637243.7383192
Dropping frame 1403637245.7883189
Dropping frame 1403637246.7383192
Dropping frame 1403637246.9883189
Dropping frame 1403637247.3383191
Dropping frame 1403637247.688319
Dropping frame 1403637248.0883191
Dropping frame 1403637248.188319
Dropping frame 1403637249.2383192
Dropping frame 1403637249.4383192
Dropping frame 1403637249.5383191
Dropping frame 1403637249.9383192
Dropping frame 1403637250.0383191
Dropping frame 1403637250.188319
Dropping frame 1403637250.7383192
Dropping frame 1403637251.2883189
Dropping frame 1403637251.5883191
Dropping frame 1403637251.688319
Dropping frame 1403637252.388319
Dropping frame 1403637252.4883189
Dropping frame 1403637252.5883191
Dropping frame 1403637252.7383192
Dropping frame 1403637253.138319
Dropping frame 1403637253.2883189
Dropping frame 1403637253.4883189
Dropping frame 1403637253.5883191
Dropping frame 1403637253.8383191
Dropping frame 1403637253.9383192
Dropping frame 1403637254.0383191
Dropping frame 1403637254.2383192
Dropping frame 1403637254.3383191
Dropping frame 1403637254.4383192
Dropping frame 1403637254.638319
Dropping frame 1403637254.7383192
Dropping frame 1403637254.8383191
Dropping frame 1403637255.0383191
Dropping frame 1403637255.2383192
Dropping frame 1403637255.3383191
Dropping frame 1403637255.5383191
Dropping frame 1403637255.638319
Dropping frame 1403637255.7383192
Dropping frame 1403637255.9383192
Dropping frame 1403637256.0383191
Dropping frame 1403637256.138319
Dropping frame 1403637256.3383191
Dropping frame 1403637256.4383192
Dropping frame 1403637256.638319
Dropping frame 1403637256.7383192
Dropping frame 1403637256.8383191
Dropping frame 1403637257.188319
Dropping frame 1403637257.4883189
Dropping frame 1403637257.5883191
Dropping frame 1403637257.688319
Dropping frame 1403637257.8383191
Dropping frame 1403637257.9383192
Dropping frame 1403637258.138319
Dropping frame 1403637258.2383192
Dropping frame 1403637258.3383191
Dropping frame 1403637258.4383192
Dropping frame 1403637258.5383191
Dropping frame 1403637258.7383192
Dropping frame 1403637258.9883189
Dropping frame 1403637259.388319
Dropping frame 1403637259.4883189
Dropping frame 1403637259.7883189
Dropping frame 1403637259.888319
Dropping frame 1403637259.9883189
Dropping frame 1403637260.0883191
Dropping frame 1403637260.188319
Dropping frame 1403637260.2883189
Dropping frame 1403637260.4383192
Dropping frame 1403637260.638319
Dropping frame 1403637260.7383192
Dropping frame 1403637260.8383191
Dropping frame 1403637260.9383192
Dropping frame 1403637261.0383191
Dropping frame 1403637261.138319
Dropping frame 1403637261.3383191
Dropping frame 1403637261.4383192
Dropping frame 1403637261.5883191
Dropping frame 1403637261.688319
Dropping frame 1403637261.7883189
Dropping frame 1403637261.9883189
Dropping frame 1403637262.0883191
Dropping frame 1403637262.188319
Dropping frame 1403637262.2883189
Dropping frame 1403637262.388319
Dropping frame 1403637262.5883191
Dropping frame 1403637262.7883189
Dropping frame 1403637262.9883189
Dropping frame 1403637263.2883189
Dropping frame 1403637263.388319
Dropping frame 1403637263.4883189
Dropping frame 1403637263.688319
Dropping frame 1403637263.7883189
Dropping frame 1403637263.888319
Dropping frame 1403637264.0883191
Dropping frame 1403637264.2883189
Dropping frame 1403637264.4883189
Dropping frame 1403637264.5883191
Dropping frame 1403637264.688319
Dropping frame 1403637264.888319
Dropping frame 1403637264.9883189
Dropping frame 1403637265.0883191
Dropping frame 1403637265.188319
Dropping frame 1403637265.2883189
Dropping frame 1403637265.4883189
Shutdown
SLAM Finished at System Time: 1740934295.33661

 TIME STATS in ms (mean$\pm$std)
OpenCV version: 4.8.1
---------------------------
Tracking

ORB Extraction: 15.021$\pm$2.1225
Stereo Matching: 7.3356$\pm$1.9014
IMU Preintegration: 0.27226$\pm$0.12967
Pose Prediction: 0.59378$\pm$1.4207
LM Track: 17.992$\pm$6.3525
New KF decision: 1.3448$\pm$2.5063
Total Tracking: 32.651$\pm$22.867



Local Mapping

KF Insertion: 12.736$\pm$5.2011
MP Culling: 0.53534$\pm$0.27309
MP Creation: 42.639$\pm$19.036
LBA: 144.09$\pm$67.997
KF Culling: 14.223$\pm$10.568
Total Local Mapping: 212.42$\pm$93.502
---------------------------

LBA complexity (mean$\pm$std)
LBA Edges: 1203.6$\pm$542.32
LBA KF optimized: 6.475$\pm$2.2582
LBA KF fixed: 1.025$\pm$0.15612
LBA MP: nan$\pm$nan

LBA executions: 487
LBA aborts: 0
---------------------------

Map complexity
KFs in map: 174
MPs in map: 14218
---------------------------

Place Recognition (mean$\pm$std)
Database Query: 1.8736$\pm$0.90563
SE3 estimation: 24.484$\pm$15.053
Total Place Recognition: 19.972$\pm$17.73


Loop Closing (mean$\pm$std)
Loop Fusion: nan$\pm$nan
Essential Graph: nan$\pm$nan
Total Loop Closing: nan$\pm$nan

Num exec: 0
Number of KFs: nan$\pm$nan

Map Merging (mean$\pm$std)
Merge Maps: nan$\pm$nan
Welding BA: nan$\pm$nan
Optimization Ess.: nan$\pm$nan
Total Map Merging: nan$\pm$nan

Num exec: 0
Number of KFs: nan$\pm$nan
Number of MPs: nan$\pm$nan

Full GBA (mean$\pm$std)
GBA: nan$\pm$nan
Map Update: nan$\pm$nan
Total Full GBA: nan$\pm$nan

Num exec: 0
Num abort: 0
Number of KFs: nan$\pm$nan
Number of MPs: nan$\pm$nan

Saving trajectory to f_dataset-MH03_stereo_imu.txt ...
There are 1 maps in the atlas
  Map 0 has 174 KFs

End of saving trajectory to f_dataset-MH03_stereo_imu.txt ...

Saving keyframe trajectory to kf_dataset-MH03_stereo_imu.txt ...
