num_seq = 1
file name: dataset-MH02_stereo_imu
Loading images for sequence 0...LOADED!
Loading IMU for sequence 0...LOADED!

-------

ORB-SLAM3 Copyright (C) 2017-2020 Carlos Campos, Richard Elvira, Juan J. Gómez, José M.M. Montiel and Juan D. Tardós, University of Zaragoza.
ORB-SLAM2 Copyright (C) 2014-2016 Raúl Mur-Artal, José M.M. Montiel and Juan D. Tardós, University of Zaragoza.
This program comes with ABSOLUTELY NO WARRANTY;
This is free software, and you are welcome to redistribute it
under certain conditions. See LICENSE.txt.

Built with REGISTER_TIMES
Git Commit Hash: 2d47524

Build Type: Release

Compiled with C++ version: 201703

Input sensor was set to: Stereo-Inertial
Loading settings from EuRoC_fov_deadlines_mask_11x11.yaml
	-Loaded camera 1
	-Loaded camera 2
	-Loaded image info
	-Loaded IMU calibration
	-Loaded ORB settings
	-Loaded viewer settings
	-Loaded Atlas settings
Deadlines enabled, will skip frames!
FOV enabled
Static mask size: 11x11
Dumping map points enabled
	-Loaded misc parameters
	-Computed rectification maps
----------------------------------
SLAM settings: 
	-Camera 1 parameters (Pinhole): [ 458.65399169921875 457.29598999023438 367.21499633789062 248.375 ]
	-Camera 1 distortion parameters: [  -0.28340810537338257 0.073959067463874817 0.00019359000725671649 1.7618711353861727e-05 ]
	-Camera 2 parameters (Pinhole: [ 457.58700561523438 456.13400268554688 379.99899291992188 255.23800659179688 ]
	-Camera 1 distortion parameters: [  -0.2836836576461792 0.074512839317321777 -0.00010473000293131918 -3.555907096597366e-05 ]
	-Original image size: [ 752 , 480 ]
	-Current image size: [ 752 , 480 ]
	-Camera 1 parameters after rectification: [  456.71499633789062 456.71499633789062 364.52615356445312 257.268798828125 ]
	-Sequence FPS: 20
	-Stereo baseline: 0.11007784307003021
	-Stereo depth threshold : 60
	-Gyro noise: 0.00016999999934341758
	-Accelerometer noise: 0.0020000000949949026
	-Gyro walk: 1.9392999092815444e-05
	-Accelerometer walk: 0.0030000000260770321
	-IMU frequency: 200
	-Features per image: 1200
	-ORB scale factor: 1.2000000476837158
	-ORB number of scales: 8
	-Initial FAST threshold: 20
	-Min FAST threshold: 7


Loading ORB Vocabulary. This could take a while...
Vocabulary loaded!

Initialization of Atlas from scratch 
Creation of new map with id: 0
Creation of new map with last KF id: 0
Seq. Name: 
There are 1 cameras in the atlas
Camera 0 is pinhole
SLAM Started at System Time: 1740941478.47555
not IMU meas
not IMU meas
not enough acceleration
not enough acceleration
not enough acceleration
not enough acceleration
not enough acceleration
not enough acceleration
First KF:0; Map init KF:0
New Map created with 196 points
Active map: 0
Dropping frame 1403636859.6016665
Dropping frame 1403636859.9516664
Dropping frame 1403636860.2516665
Dropping frame 1403636860.3516665
Dropping frame 1403636860.7016666
Dropping frame 1403636861.0516665
Dropping frame 1403636861.4016666
Dropping frame 1403636861.8016665
Dropping frame 1403636862.0016665
Dropping frame 1403636862.1516664
Dropping frame 1403636862.4016666
Dropping frame 1403636862.5016665
Dropping frame 1403636862.6516664
Dropping frame 1403636862.8016665
Dropping frame 1403636863.0016665
Dropping frame 1403636863.1016665
Dropping frame 1403636863.2016666
Dropping frame 1403636863.4016666
Dropping frame 1403636864.1016665
Dropping frame 1403636864.3516665
start VIBA 1
end VIBA 1
Dropping frame 1403636864.6016665
Dropping frame 1403636864.7016666
Dropping frame 1403636864.9516664
Dropping frame 1403636865.1516664
Dropping frame 1403636865.3516665
Dropping frame 1403636865.4516664
Dropping frame 1403636865.5516665
Dropping frame 1403636865.7516665
Dropping frame 1403636866.1016665
Dropping frame 1403636866.3516665
Dropping frame 1403636866.6516664
Dropping frame 1403636866.8016665
Dropping frame 1403636866.9016666
Dropping frame 1403636867.5516665
Dropping frame 1403636867.6516664
Dropping frame 1403636867.7516665
Dropping frame 1403636868.0016665
Dropping frame 1403636868.1016665
Dropping frame 1403636868.2016666
Dropping frame 1403636868.4516664
Dropping frame 1403636868.7016666
Dropping frame 1403636869.0516665
Dropping frame 1403636869.1516664
Dropping frame 1403636869.4016666
Dropping frame 1403636869.5516665
Dropping frame 1403636869.7016666
Dropping frame 1403636869.9516664
Dropping frame 1403636870.0516665
Dropping frame 1403636870.1516664
Dropping frame 1403636870.4016666
Dropping frame 1403636870.5016665
Dropping frame 1403636870.6016665
Dropping frame 1403636870.9016666
Dropping frame 1403636871.1516664
Dropping frame 1403636871.3516665
Dropping frame 1403636871.4516664
Dropping frame 1403636871.7016666
Dropping frame 1403636872.0016665
Dropping frame 1403636872.2516665
Dropping frame 1403636872.6016665
Dropping frame 1403636872.7016666
Dropping frame 1403636873.0016665
Dropping frame 1403636873.3516665
Dropping frame 1403636873.4516664
Dropping frame 1403636873.7516665
Dropping frame 1403636874.1016665
Dropping frame 1403636874.2016666
Dropping frame 1403636874.4516664
Dropping frame 1403636874.8016665
Dropping frame 1403636874.9016666
Dropping frame 1403636875.0016665
Dropping frame 1403636875.3016665
Dropping frame 1403636875.5016665
start VIBA 2
Dropping frame 1403636875.6016665
end VIBA 2
Dropping frame 1403636875.8016665
Dropping frame 1403636875.9016666
Dropping frame 1403636876.0516665
Dropping frame 1403636876.2516665
Dropping frame 1403636876.4516664
Dropping frame 1403636876.6516664
Dropping frame 1403636876.7516665
Dropping frame 1403636877.0516665
Dropping frame 1403636877.2516665
Dropping frame 1403636877.4516664
Dropping frame 1403636877.5516665
Dropping frame 1403636877.9516664
Dropping frame 1403636878.2516665
Dropping frame 1403636878.7016666
Dropping frame 1403636878.8016665
Dropping frame 1403636879.1016665
Dropping frame 1403636879.2016666
Dropping frame 1403636879.4016666
Dropping frame 1403636879.6016665
Dropping frame 1403636879.7016666
Dropping frame 1403636880.0016665
Dropping frame 1403636880.4516664
Dropping frame 1403636880.7516665
Dropping frame 1403636880.9016666
Dropping frame 1403636881.1516664
Dropping frame 1403636881.5516665
Dropping frame 1403636881.7516665
Dropping frame 1403636881.8516665
Dropping frame 1403636882.2516665
Dropping frame 1403636882.6516664
Dropping frame 1403636882.8516665
Dropping frame 1403636882.9516664
Dropping frame 1403636883.0516665
Dropping frame 1403636883.3016665
Dropping frame 1403636883.5016665
Dropping frame 1403636883.8016665
Dropping frame 1403636884.1516664
Dropping frame 1403636884.3016665
Dropping frame 1403636884.6016665
Dropping frame 1403636885.0516665
Dropping frame 1403636885.2016666
Dropping frame 1403636885.4016666
Dropping frame 1403636885.8016665
Dropping frame 1403636886.1016665
Dropping frame 1403636886.4016666
Dropping frame 1403636886.5016665
Dropping frame 1403636886.9016666
Dropping frame 1403636887.5516665
Dropping frame 1403636887.8516665
Dropping frame 1403636888.3516665
Dropping frame 1403636888.9516664
Dropping frame 1403636889.1516664
Dropping frame 1403636889.3516665
Dropping frame 1403636889.7016666
Dropping frame 1403636889.9016666
Dropping frame 1403636890.5516665
Dropping frame 1403636890.8516665
Dropping frame 1403636891.4516664
Dropping frame 1403636891.7016666
Dropping frame 1403636891.8516665
Dropping frame 1403636892.1516664
Dropping frame 1403636892.4516664
Dropping frame 1403636892.5516665
Dropping frame 1403636892.7516665
Dropping frame 1403636892.9016666
Dropping frame 1403636893.2016666
Dropping frame 1403636893.4516664
Dropping frame 1403636893.7516665
Dropping frame 1403636894.0016665
Dropping frame 1403636894.2516665
Dropping frame 1403636894.7016666
Dropping frame 1403636894.8516665
Dropping frame 1403636895.2516665
Dropping frame 1403636895.5516665
Dropping frame 1403636895.9016666
Dropping frame 1403636896.2516665
Dropping frame 1403636896.5516665
Dropping frame 1403636897.0016665
Dropping frame 1403636897.4016666
Dropping frame 1403636898.0516665
Dropping frame 1403636898.5516665
Dropping frame 1403636898.8016665
Dropping frame 1403636899.7516665
Dropping frame 1403636900.0516665
Dropping frame 1403636900.5016665
Dropping frame 1403636901.7016666
Dropping frame 1403636902.1516664
Dropping frame 1403636903.0516665
Dropping frame 1403636903.7016666
Dropping frame 1403636904.3516665
Dropping frame 1403636904.7016666
Dropping frame 1403636906.1016665
Dropping frame 1403636906.5016665
Dropping frame 1403636907.0016665
Dropping frame 1403636907.2516665
Dropping frame 1403636907.4516664
Dropping frame 1403636908.0016665
Dropping frame 1403636908.5016665
Dropping frame 1403636908.6516664
Dropping frame 1403636908.9516664
Dropping frame 1403636909.3016665
Dropping frame 1403636909.7016666
Dropping frame 1403636910.3516665
Dropping frame 1403636910.9516664
Dropping frame 1403636911.6016665
Dropping frame 1403636912.8016665
Dropping frame 1403636912.9016666
Dropping frame 1403636913.2516665
Dropping frame 1403636913.5016665
Dropping frame 1403636913.8516665
Dropping frame 1403636914.3516665
Dropping frame 1403636915.8016665
Dropping frame 1403636916.1016665
Dropping frame 1403636916.4516664
Dropping frame 1403636916.8016665
Dropping frame 1403636917.1516664
Dropping frame 1403636917.2516665
Dropping frame 1403636917.6016665
Dropping frame 1403636917.7016666
Dropping frame 1403636917.8516665
Dropping frame 1403636917.9516664
Dropping frame 1403636918.0516665
Dropping frame 1403636918.3516665
Dropping frame 1403636918.4516664
Dropping frame 1403636918.6516664
Dropping frame 1403636918.8516665
Dropping frame 1403636919.0016665
Dropping frame 1403636919.1016665
Dropping frame 1403636919.2016666
Dropping frame 1403636919.3016665
Dropping frame 1403636919.4016666
Dropping frame 1403636919.5016665
Dropping frame 1403636919.6016665
Dropping frame 1403636919.7516665
Dropping frame 1403636919.9016666
Dropping frame 1403636920.0016665
Dropping frame 1403636920.3016665
Dropping frame 1403636920.4016666
Dropping frame 1403636920.5016665
Dropping frame 1403636920.6516664
Dropping frame 1403636920.7516665
Dropping frame 1403636920.8516665
Dropping frame 1403636920.9516664
Dropping frame 1403636921.1516664
Dropping frame 1403636921.2516665
Dropping frame 1403636921.4016666
Dropping frame 1403636921.5016665
Dropping frame 1403636921.6516664
Dropping frame 1403636921.7516665
Dropping frame 1403636922.0516665
Dropping frame 1403636922.1516664
Dropping frame 1403636922.3516665
Dropping frame 1403636922.5516665
Dropping frame 1403636922.6516664
Dropping frame 1403636922.7516665
Dropping frame 1403636922.9016666
Dropping frame 1403636923.0516665
Dropping frame 1403636923.1516664
Dropping frame 1403636923.2516665
Dropping frame 1403636923.3516665
Dropping frame 1403636923.4516664
Dropping frame 1403636923.7016666
Dropping frame 1403636923.8016665
Dropping frame 1403636923.9016666
Dropping frame 1403636924.0016665
Dropping frame 1403636924.1016665
Dropping frame 1403636924.2016666
Dropping frame 1403636924.3016665
Dropping frame 1403636924.4516664
Dropping frame 1403636924.6016665
Dropping frame 1403636924.7016666
Dropping frame 1403636924.9016666
Dropping frame 1403636925.0016665
Dropping frame 1403636925.1016665
Dropping frame 1403636925.2016666
Dropping frame 1403636925.3016665
Dropping frame 1403636925.4016666
Dropping frame 1403636925.6016665
Dropping frame 1403636925.7016666
Dropping frame 1403636925.8516665
Dropping frame 1403636925.9516664
Dropping frame 1403636926.0516665
Dropping frame 1403636926.1516664
Dropping frame 1403636926.4016666
Dropping frame 1403636926.5016665
Dropping frame 1403636926.6016665
Dropping frame 1403636926.7016666
Dropping frame 1403636926.8016665
Dropping frame 1403636926.9016666
Dropping frame 1403636927.0516665
Dropping frame 1403636927.1516664
Dropping frame 1403636927.3516665
Dropping frame 1403636927.4516664
Dropping frame 1403636927.8516665
Dropping frame 1403636927.9516664
Dropping frame 1403636928.0516665
Dropping frame 1403636928.1516664
Dropping frame 1403636928.2516665
Dropping frame 1403636928.3516665
Dropping frame 1403636928.6016665
Dropping frame 1403636928.7016666
Dropping frame 1403636928.8016665
Dropping frame 1403636929.0016665
Dropping frame 1403636929.1516664
Dropping frame 1403636929.2516665
Dropping frame 1403636929.4516664
Dropping frame 1403636929.6016665
Dropping frame 1403636929.7016666
Dropping frame 1403636929.9016666
Dropping frame 1403636930.0016665
Dropping frame 1403636930.2516665
Dropping frame 1403636930.3516665
Dropping frame 1403636930.5516665
Dropping frame 1403636930.8516665
Dropping frame 1403636931.2516665
Dropping frame 1403636931.6516664
Dropping frame 1403636931.7516665
Dropping frame 1403636932.0516665
Dropping frame 1403636932.4016666
Dropping frame 1403636932.8016665
Dropping frame 1403636932.9016666
Dropping frame 1403636933.5016665
Dropping frame 1403636933.6016665
Dropping frame 1403636934.6516664
Dropping frame 1403636934.9516664
Dropping frame 1403636935.0516665
Dropping frame 1403636935.1516664
Dropping frame 1403636935.2516665
Dropping frame 1403636935.7516665
Dropping frame 1403636935.8516665
Dropping frame 1403636935.9516664
Dropping frame 1403636936.2516665
Dropping frame 1403636936.5016665
Dropping frame 1403636936.7516665
Dropping frame 1403636937.0016665
Dropping frame 1403636937.1016665
Dropping frame 1403636937.2516665
Dropping frame 1403636937.4516664
Dropping frame 1403636937.6516664
Dropping frame 1403636937.7516665
Dropping frame 1403636938.0016665
Dropping frame 1403636938.2016666
Dropping frame 1403636938.3516665
Dropping frame 1403636938.4516664
Dropping frame 1403636938.6516664
Dropping frame 1403636938.7516665
Dropping frame 1403636938.8516665
Dropping frame 1403636938.9516664
Dropping frame 1403636939.0516665
Dropping frame 1403636939.4016666
Dropping frame 1403636939.5516665
Dropping frame 1403636939.6516664
Dropping frame 1403636939.7516665
Dropping frame 1403636939.8516665
Dropping frame 1403636939.9516664
Dropping frame 1403636940.1516664
Dropping frame 1403636940.3016665
Dropping frame 1403636940.4016666
Dropping frame 1403636940.5016665
Dropping frame 1403636940.6516664
Dropping frame 1403636940.8516665
Dropping frame 1403636940.9516664
Dropping frame 1403636941.2016666
Dropping frame 1403636941.3016665
Dropping frame 1403636941.4516664
Dropping frame 1403636941.5516665
Dropping frame 1403636941.6516664
Dropping frame 1403636941.7516665
Dropping frame 1403636941.9016666
Dropping frame 1403636942.0516665
Dropping frame 1403636942.2016666
Dropping frame 1403636942.3016665
Dropping frame 1403636942.5016665
Dropping frame 1403636942.6516664
Dropping frame 1403636942.7516665
Dropping frame 1403636942.8516665
Dropping frame 1403636943.0516665
Dropping frame 1403636943.2016666
Dropping frame 1403636943.3016665
Dropping frame 1403636943.4016666
Dropping frame 1403636943.6516664
Dropping frame 1403636943.7516665
Dropping frame 1403636943.8516665
Dropping frame 1403636943.9516664
Dropping frame 1403636944.0516665
Dropping frame 1403636944.1516664
Dropping frame 1403636944.3516665
Dropping frame 1403636944.4516664
Dropping frame 1403636944.5516665
Dropping frame 1403636944.9016666
Dropping frame 1403636945.1016665
Dropping frame 1403636945.2016666
Dropping frame 1403636945.3016665
Dropping frame 1403636945.6516664
Dropping frame 1403636946.0516665
Dropping frame 1403636946.2516665
Dropping frame 1403636946.4516664
Dropping frame 1403636946.5516665
Dropping frame 1403636946.6516664
Dropping frame 1403636946.9516664
Dropping frame 1403636947.1516664
Dropping frame 1403636947.2516665
Dropping frame 1403636947.3516665
Dropping frame 1403636947.5516665
Dropping frame 1403636947.6516664
Dropping frame 1403636947.7516665
Dropping frame 1403636947.9516664
Dropping frame 1403636948.0516665
Dropping frame 1403636948.2516665
Dropping frame 1403636948.4516664
Dropping frame 1403636948.6516664
Dropping frame 1403636948.8516665
Dropping frame 1403636949.0516665
Dropping frame 1403636949.2516665
Dropping frame 1403636949.4516664
Dropping frame 1403636949.7016666
Dropping frame 1403636949.8016665
Dropping frame 1403636950.0016665
Dropping frame 1403636950.2016666
Dropping frame 1403636950.3016665
Dropping frame 1403636950.4016666
Dropping frame 1403636950.5016665
Dropping frame 1403636950.6016665
Dropping frame 1403636950.8016665
Dropping frame 1403636951.0016665
Dropping frame 1403636951.2016666
Dropping frame 1403636951.3016665
Dropping frame 1403636951.5016665
Dropping frame 1403636951.7016666
Dropping frame 1403636951.9016666
Dropping frame 1403636952.1016665
Dropping frame 1403636952.2016666
Dropping frame 1403636952.3016665
Dropping frame 1403636952.5016665
Dropping frame 1403636952.7016666
Dropping frame 1403636952.8016665
Dropping frame 1403636953.0016665
Dropping frame 1403636953.2016666
Dropping frame 1403636953.3016665
Dropping frame 1403636953.5016665
Dropping frame 1403636953.7016666
Dropping frame 1403636953.8016665
Dropping frame 1403636953.9016666
Dropping frame 1403636954.0016665
Dropping frame 1403636954.1016665
Dropping frame 1403636954.3016665
Dropping frame 1403636954.5016665
Dropping frame 1403636954.6016665
Dropping frame 1403636954.7016666
Dropping frame 1403636954.9016666
Dropping frame 1403636955.0016665
Dropping frame 1403636955.1016665
Dropping frame 1403636955.3016665
Dropping frame 1403636955.5016665
Dropping frame 1403636955.7016666
Dropping frame 1403636955.8016665
Dropping frame 1403636956.0016665
Dropping frame 1403636956.1016665
Dropping frame 1403636956.3016665
Dropping frame 1403636956.5016665
Dropping frame 1403636956.7016666
Dropping frame 1403636956.9016666
Dropping frame 1403636957.1016665
Dropping frame 1403636957.2016666
Dropping frame 1403636957.3016665
Dropping frame 1403636957.4016666
Dropping frame 1403636957.7516665
Dropping frame 1403636957.9516664
Dropping frame 1403636958.1516664
Dropping frame 1403636958.3516665
Dropping frame 1403636958.5516665
Dropping frame 1403636958.7516665
Dropping frame 1403636958.8516665
Dropping frame 1403636959.0516665
Dropping frame 1403636959.1516664
Dropping frame 1403636959.3516665
Dropping frame 1403636959.6516664
Dropping frame 1403636959.8516665
Dropping frame 1403636960.0516665
Dropping frame 1403636960.2516665
Dropping frame 1403636960.4516664
Dropping frame 1403636960.6516664
Dropping frame 1403636960.8516665
Dropping frame 1403636960.9516664
Dropping frame 1403636961.2016666
Dropping frame 1403636961.4016666
Dropping frame 1403636961.5016665
Dropping frame 1403636961.7016666
Dropping frame 1403636961.9016666
Dropping frame 1403636962.1016665
Dropping frame 1403636962.3016665
Dropping frame 1403636962.4016666
Dropping frame 1403636962.5016665
Dropping frame 1403636962.6016665
Dropping frame 1403636962.8016665
Dropping frame 1403636963.0016665
Dropping frame 1403636963.2016666
Dropping frame 1403636963.4016666
Dropping frame 1403636963.6016665
Dropping frame 1403636963.8016665
Dropping frame 1403636963.9016666
Dropping frame 1403636964.1016665
Dropping frame 1403636964.3016665
Dropping frame 1403636964.4516664
Dropping frame 1403636964.6516664
Dropping frame 1403636964.8516665
Dropping frame 1403636964.9516664
Dropping frame 1403636965.1016665
Dropping frame 1403636965.3016665
Dropping frame 1403636965.5016665
Dropping frame 1403636965.7016666
Dropping frame 1403636965.9016666
Dropping frame 1403636966.1016665
Dropping frame 1403636966.3016665
Dropping frame 1403636966.5016665
Dropping frame 1403636966.6016665
Dropping frame 1403636966.7516665
Dropping frame 1403636966.9516664
Dropping frame 1403636967.1516664
Dropping frame 1403636967.3516665
Dropping frame 1403636967.4516664
Dropping frame 1403636967.5516665
Dropping frame 1403636967.7516665
Dropping frame 1403636968.0016665
Dropping frame 1403636968.2016666
Dropping frame 1403636968.5016665
Dropping frame 1403636968.6016665
Dropping frame 1403636968.8016665
Dropping frame 1403636969.0016665
Dropping frame 1403636969.1016665
Dropping frame 1403636969.3516665
Dropping frame 1403636969.5516665
Dropping frame 1403636969.6516664
Dropping frame 1403636969.8016665
Dropping frame 1403636970.0016665
Dropping frame 1403636970.2016666
Dropping frame 1403636970.3516665
Dropping frame 1403636970.5516665
Dropping frame 1403636970.6516664
Dropping frame 1403636970.7516665
Dropping frame 1403636970.9016666
Dropping frame 1403636971.1016665
Dropping frame 1403636971.3016665
Dropping frame 1403636971.4016666
Dropping frame 1403636971.5016665
Dropping frame 1403636971.7516665
Dropping frame 1403636971.8516665
Dropping frame 1403636971.9516664
Dropping frame 1403636972.1016665
Dropping frame 1403636972.2516665
Dropping frame 1403636972.4516664
Dropping frame 1403636972.6516664
Dropping frame 1403636972.8016665
Dropping frame 1403636972.9016666
Dropping frame 1403636973.1516664
Dropping frame 1403636973.2516665
Dropping frame 1403636973.6516664
Dropping frame 1403636973.8016665
Dropping frame 1403636973.9016666
Dropping frame 1403636974.0016665
Dropping frame 1403636974.3016665
Dropping frame 1403636974.5516665
Dropping frame 1403636974.7016666
Dropping frame 1403636974.8516665
Dropping frame 1403636974.9516664
Dropping frame 1403636975.0516665
Dropping frame 1403636975.2516665
Dropping frame 1403636975.6016665
Dropping frame 1403636975.7016666
Dropping frame 1403636975.8016665
Dropping frame 1403636975.9016666
Dropping frame 1403636976.0016665
Dropping frame 1403636976.1016665
Dropping frame 1403636976.3016665
Dropping frame 1403636976.4016666
Dropping frame 1403636976.5516665
Dropping frame 1403636976.9516664
Dropping frame 1403636977.0516665
Dropping frame 1403636977.3516665
Dropping frame 1403636977.6516664
Dropping frame 1403636977.8516665
Dropping frame 1403636978.0516665
Dropping frame 1403636978.2516665
Dropping frame 1403636978.4016666
Dropping frame 1403636978.5016665
Dropping frame 1403636978.6016665
Dropping frame 1403636979.0016665
Dropping frame 1403636979.2016666
Dropping frame 1403636979.6016665
Dropping frame 1403636979.8016665
Dropping frame 1403636979.9016666
Dropping frame 1403636980.2016666
Dropping frame 1403636980.3016665
Dropping frame 1403636980.4016666
Dropping frame 1403636980.5016665
Dropping frame 1403636981.0016665
Dropping frame 1403636981.2016666
Dropping frame 1403636981.3016665
Dropping frame 1403636981.5516665
Dropping frame 1403636981.8016665
Dropping frame 1403636981.9016666
Dropping frame 1403636982.1516664
Dropping frame 1403636982.3516665
Dropping frame 1403636982.5016665
Dropping frame 1403636982.6016665
Dropping frame 1403636982.8016665
Dropping frame 1403636982.9016666
Dropping frame 1403636983.1516664
Dropping frame 1403636983.2516665
Dropping frame 1403636983.4516664
Dropping frame 1403636983.6516664
Dropping frame 1403636983.7516665
Dropping frame 1403636983.8516665
Dropping frame 1403636984.0516665
Dropping frame 1403636984.2516665
Dropping frame 1403636984.4516664
Dropping frame 1403636984.6516664
Dropping frame 1403636984.8516665
Dropping frame 1403636984.9516664
Dropping frame 1403636985.0516665
Dropping frame 1403636985.1516664
Dropping frame 1403636985.3016665
Dropping frame 1403636985.5016665
Dropping frame 1403636985.6016665
Dropping frame 1403636985.8016665
Dropping frame 1403636986.0016665
Dropping frame 1403636986.2016666
Dropping frame 1403636986.4016666
Dropping frame 1403636986.6016665
Dropping frame 1403636986.7016666
Dropping frame 1403636986.8016665
Dropping frame 1403636987.0016665
Dropping frame 1403636987.4016666
Dropping frame 1403636987.6016665
Dropping frame 1403636987.8516665
Dropping frame 1403636987.9516664
Dropping frame 1403636988.3516665
Dropping frame 1403636988.7016666
Dropping frame 1403636988.9016666
Dropping frame 1403636989.1516664
Dropping frame 1403636989.3516665
Dropping frame 1403636989.5516665
Dropping frame 1403636989.7516665
Dropping frame 1403636990.2016666
Dropping frame 1403636990.4516664
Dropping frame 1403636990.6516664
Dropping frame 1403636990.9516664
Dropping frame 1403636991.2016666
Dropping frame 1403636991.5516665
Dropping frame 1403636991.6516664
Dropping frame 1403636991.9016666
Dropping frame 1403636992.0016665
Dropping frame 1403636992.3516665
Dropping frame 1403636992.5516665
Dropping frame 1403636992.7516665
Dropping frame 1403636992.9516664
Dropping frame 1403636993.3016665
Dropping frame 1403636993.5016665
Dropping frame 1403636993.8516665
Dropping frame 1403636993.9516664
Dropping frame 1403636994.0516665
Dropping frame 1403636994.2516665
Dropping frame 1403636994.4516664
Dropping frame 1403636994.6516664
Dropping frame 1403636994.7516665
Dropping frame 1403636994.9016666
Dropping frame 1403636995.0016665
Dropping frame 1403636995.2516665
Dropping frame 1403636995.3516665
Dropping frame 1403636995.4516664
Dropping frame 1403636995.6516664
Dropping frame 1403636995.8516665
Dropping frame 1403636996.0516665
Dropping frame 1403636996.1516664
Dropping frame 1403636996.3016665
Dropping frame 1403636996.4016666
Dropping frame 1403636996.6516664
Dropping frame 1403636996.7516665
Dropping frame 1403636996.8516665
Dropping frame 1403636997.2516665
Dropping frame 1403636997.3516665
Dropping frame 1403636997.6016665
Dropping frame 1403636997.7016666
Dropping frame 1403636997.8016665
Dropping frame 1403636998.0016665
Dropping frame 1403636998.2016666
Dropping frame 1403636998.4016666
Dropping frame 1403636998.5016665
Dropping frame 1403636998.6016665
Dropping frame 1403636998.7016666
Dropping frame 1403636998.8016665
Dropping frame 1403636999.0016665
Dropping frame 1403636999.1016665
Dropping frame 1403636999.2016666
Dropping frame 1403636999.4016666
Dropping frame 1403636999.6016665
Dropping frame 1403636999.8016665
Dropping frame 1403636999.9016666
Dropping frame 1403637000.0016665
Dropping frame 1403637000.2016666
Dropping frame 1403637000.4016666
Dropping frame 1403637000.6016665
Dropping frame 1403637000.7016666
Dropping frame 1403637000.8016665
Dropping frame 1403637001.0016665
Dropping frame 1403637001.2016666
Dropping frame 1403637001.3016665
Dropping frame 1403637001.5516665
Dropping frame 1403637001.6516664
Dropping frame 1403637001.7516665
Dropping frame 1403637001.9516664
Dropping frame 1403637002.0516665
Dropping frame 1403637002.1516664
Dropping frame 1403637002.3516665
Dropping frame 1403637002.4516664
Dropping frame 1403637002.5516665
Dropping frame 1403637002.7516665
Dropping frame 1403637002.8516665
Dropping frame 1403637002.9516664
Dropping frame 1403637003.1516664
Dropping frame 1403637003.2516665
Dropping frame 1403637003.3516665
Dropping frame 1403637003.5516665
Dropping frame 1403637003.6516664
Dropping frame 1403637003.7516665
Dropping frame 1403637003.9516664
Dropping frame 1403637004.0516665
Dropping frame 1403637004.1516664
Dropping frame 1403637004.4016666
Dropping frame 1403637004.8516665
Dropping frame 1403637004.9516664
Dropping frame 1403637005.0516665
Dropping frame 1403637005.2516665
Dropping frame 1403637005.4516664
Dropping frame 1403637005.6516664
Dropping frame 1403637005.8516665
Dropping frame 1403637006.0516665
Dropping frame 1403637006.1516664
Dropping frame 1403637006.2516665
Dropping frame 1403637006.4516664
Dropping frame 1403637006.5516665
Dropping frame 1403637006.6516664
Dropping frame 1403637006.8516665
Dropping frame 1403637007.0016665
Dropping frame 1403637007.2016666
Dropping frame 1403637007.4016666
Dropping frame 1403637007.5016665
Dropping frame 1403637007.6016665
Dropping frame 1403637007.8016665
Dropping frame 1403637008.1016665
Dropping frame 1403637008.2016666
Dropping frame 1403637008.4516664
Dropping frame 1403637008.5516665
Dropping frame 1403637008.8016665
Dropping frame 1403637009.0016665
Dropping frame 1403637009.2016666
Dropping frame 1403637009.3516665
Dropping frame 1403637009.5516665
Dropping frame 1403637009.6516664
Dropping frame 1403637010.0516665
Dropping frame 1403637010.1516664
Dropping frame 1403637010.4016666
Dropping frame 1403637010.5016665
Dropping frame 1403637010.6016665
Shutdown
SLAM Finished at System Time: 1740941664.72777

 TIME STATS in ms (mean$\pm$std)
OpenCV version: 4.8.1
---------------------------
Tracking

ORB Extraction: 20.291$\pm$1.9026
Stereo Matching: 7.2467$\pm$1.8885
IMU Preintegration: 0.24814$\pm$0.096656
Pose Prediction: 0.22086$\pm$0.62489
LM Track: 19.426$\pm$5.6213
New KF decision: 1.2825$\pm$2.3858
Total Tracking: 32.711$\pm$26.87



Local Mapping

KF Insertion: 17.111$\pm$5.9414
MP Culling: 0.56256$\pm$0.21178
MP Creation: 49.99$\pm$15.678
LBA: 153.06$\pm$54.064
KF Culling: 15.954$\pm$10.591
Total Local Mapping: 236.58$\pm$77.09
---------------------------

LBA complexity (mean$\pm$std)
LBA Edges: 1714.1$\pm$555.22
LBA KF optimized: 6.5$\pm$2.2913
LBA KF fixed: 1$\pm$0
LBA MP: nan$\pm$nan

LBA executions: 462
LBA aborts: 0
---------------------------

Map complexity
KFs in map: 128
MPs in map: 10034
---------------------------

Place Recognition (mean$\pm$std)
Database Query: 1.4898$\pm$0.78249
SE3 estimation: 10.622$\pm$14.945
Total Place Recognition: 10.761$\pm$14.986


Loop Closing (mean$\pm$std)
Loop Fusion: nan$\pm$nan
Essential Graph: nan$\pm$nan
Total Loop Closing: nan$\pm$nan

Num exec: 0
Number of KFs: nan$\pm$nan

Map Merging (mean$\pm$std)
Merge Maps: nan$\pm$nan
Welding BA: nan$\pm$nan
Optimization Ess.: nan$\pm$nan
Total Map Merging: nan$\pm$nan

Num exec: 0
Number of KFs: nan$\pm$nan
Number of MPs: nan$\pm$nan

Full GBA (mean$\pm$std)
GBA: nan$\pm$nan
Map Update: nan$\pm$nan
Total Full GBA: nan$\pm$nan

Num exec: 0
Num abort: 0
Number of KFs: nan$\pm$nan
Number of MPs: nan$\pm$nan

Saving trajectory to f_dataset-MH02_stereo_imu.txt ...
There are 1 maps in the atlas
  Map 0 has 128 KFs

End of saving trajectory to f_dataset-MH02_stereo_imu.txt ...

Saving keyframe trajectory to kf_dataset-MH02_stereo_imu.txt ...
