num_seq = 1
file name: dataset-MH05_stereo_imu
Loading images for sequence 0...LOADED!
Loading IMU for sequence 0...LOADED!

-------

ORB-SLAM3 Copyright (C) 2017-2020 Carlos Campos, Richard Elvira, Juan J. Gómez, José M.M. Montiel and Juan D. Tardós, University of Zaragoza.
ORB-SLAM2 Copyright (C) 2014-2016 Raúl Mur-Artal, José M.M. Montiel and Juan D. Tardós, University of Zaragoza.
This program comes with ABSOLUTELY NO WARRANTY;
This is free software, and you are welcome to redistribute it
under certain conditions. See LICENSE.txt.

Built with REGISTER_TIMES
Git Commit Hash: 2d47524

Build Type: Release

Compiled with C++ version: 201703

Input sensor was set to: Stereo-Inertial
Loading settings from EuRoC_fov_deadlines_mask_5x5.yaml
	-Loaded camera 1
	-Loaded camera 2
	-Loaded image info
	-Loaded IMU calibration
	-Loaded ORB settings
	-Loaded viewer settings
	-Loaded Atlas settings
Deadlines enabled, will skip frames!
FOV enabled
Static mask size: 5x5
Dumping map points enabled
	-Loaded misc parameters
	-Computed rectification maps
----------------------------------
SLAM settings: 
	-Camera 1 parameters (Pinhole): [ 458.65399169921875 457.29598999023438 367.21499633789062 248.375 ]
	-Camera 1 distortion parameters: [  -0.28340810537338257 0.073959067463874817 0.00019359000725671649 1.7618711353861727e-05 ]
	-Camera 2 parameters (Pinhole: [ 457.58700561523438 456.13400268554688 379.99899291992188 255.23800659179688 ]
	-Camera 1 distortion parameters: [  -0.2836836576461792 0.074512839317321777 -0.00010473000293131918 -3.555907096597366e-05 ]
	-Original image size: [ 752 , 480 ]
	-Current image size: [ 752 , 480 ]
	-Camera 1 parameters after rectification: [  456.71499633789062 456.71499633789062 364.52615356445312 257.268798828125 ]
	-Sequence FPS: 20
	-Stereo baseline: 0.11007784307003021
	-Stereo depth threshold : 60
	-Gyro noise: 0.00016999999934341758
	-Accelerometer noise: 0.0020000000949949026
	-Gyro walk: 1.9392999092815444e-05
	-Accelerometer walk: 0.0030000000260770321
	-IMU frequency: 200
	-Features per image: 1200
	-ORB scale factor: 1.2000000476837158
	-ORB number of scales: 8
	-Initial FAST threshold: 20
	-Min FAST threshold: 7


Loading ORB Vocabulary. This could take a while...
Vocabulary loaded!

Initialization of Atlas from scratch 
Creation of new map with id: 0
Creation of new map with last KF id: 0
Seq. Name: 
There are 1 cameras in the atlas
Camera 0 is pinhole
SLAM Started at System Time: 1740918635.06276
not IMU meas
not IMU meas
not enough acceleration
not enough acceleration
not enough acceleration
not enough acceleration
not enough acceleration
not enough acceleration
not enough acceleration
not enough acceleration
not enough acceleration
not enough acceleration
not enough acceleration
not enough acceleration
not enough acceleration
not enough acceleration
not enough acceleration
not enough acceleration
not enough acceleration
not enough acceleration
not enough acceleration
not enough acceleration
not enough acceleration
not enough acceleration
not enough acceleration
not enough acceleration
not enough acceleration
not enough acceleration
not enough acceleration
not enough acceleration
not enough acceleration
not enough acceleration
not enough acceleration
not enough acceleration
not enough acceleration
not enough acceleration
not enough acceleration
not enough acceleration
not enough acceleration
not enough acceleration
not enough acceleration
not enough acceleration
not enough acceleration
not enough acceleration
not enough acceleration
not enough acceleration
not enough acceleration
not enough acceleration
not enough acceleration
not enough acceleration
not enough acceleration
not enough acceleration
not enough acceleration
not enough acceleration
not enough acceleration
not enough acceleration
not enough acceleration
not enough acceleration
not enough acceleration
not enough acceleration
not enough acceleration
not enough acceleration
not enough acceleration
not enough acceleration
not enough acceleration
not enough acceleration
not enough acceleration
not enough acceleration
not enough acceleration
not enough acceleration
not enough acceleration
not enough acceleration
not enough acceleration
not enough acceleration
not enough acceleration
not enough acceleration
not enough acceleration
not enough acceleration
not enough acceleration
not enough acceleration
First KF:0; Map init KF:0
New Map created with 83 points
Active map: 0
Dropping frame 1403638523.0278294
Dropping frame 1403638523.2278295
Dropping frame 1403638523.5278294
Dropping frame 1403638523.9278295
Dropping frame 1403638525.8778293
start VIBA 1
end VIBA 1
Dropping frame 1403638529.7278295
Dropping frame 1403638530.4278295
Not enough motion for initializing. Reseting...
TRACK: Reset map because local mapper set the bad imu flag 
LM: Active map reset recieved
LM: Active map reset, waiting...
LM: Reseting current map in Local Mapping...
LM: End reseting Local Mapping...
LM: Reset free the mutex
LM: Active map reset, Done!!!
mnFirstFrameId = 80
mnInitialFrameId = 0
175 Frames set to lost
not IMU meas
First KF:41; Map init KF:0
New Map created with 100 points
Active map: 0
Dropping frame 1403638531.9778295
Not enough motion for initializing. Reseting...
TRACK: Reset map because local mapper set the bad imu flag 
LM: Reseting current map in Local Mapping...
LM: End reseting Local Mapping...
LM: Reset free the mutex
LM: Active map reset recieved
LM: Active map reset, waiting...
LM: Reseting current map in Local Mapping...
LM: End reseting Local Mapping...
LM: Reset free the mutex
LM: Active map reset, Done!!!
mnFirstFrameId = 257
mnInitialFrameId = 255
227 Frames set to lost
not IMU meas
not enough acceleration
not enough acceleration
not enough acceleration
not enough acceleration
not enough acceleration
not enough acceleration
not enough acceleration
not enough acceleration
not enough acceleration
not enough acceleration
not enough acceleration
not enough acceleration
not enough acceleration
not enough acceleration
not enough acceleration
not enough acceleration
not enough acceleration
not enough acceleration
not enough acceleration
not enough acceleration
not enough acceleration
not enough acceleration
not enough acceleration
not enough acceleration
not enough acceleration
not enough acceleration
not enough acceleration
not enough acceleration
not enough acceleration
not enough acceleration
not enough acceleration
not enough acceleration
not enough acceleration
not enough acceleration
not enough acceleration
not enough acceleration
not enough acceleration
not enough acceleration
not enough acceleration
not enough acceleration
not enough acceleration
not enough acceleration
not enough acceleration
not enough acceleration
not enough acceleration
not enough acceleration
not enough acceleration
not enough acceleration
not enough acceleration
not enough acceleration
not enough acceleration
not enough acceleration
not enough acceleration
not enough acceleration
not enough acceleration
not enough acceleration
not enough acceleration
not enough acceleration
not enough acceleration
not enough acceleration
not enough acceleration
not enough acceleration
not enough acceleration
not enough acceleration
not enough acceleration
not enough acceleration
not enough acceleration
not enough acceleration
not enough acceleration
not enough acceleration
not enough acceleration
not enough acceleration
not enough acceleration
not enough acceleration
not enough acceleration
not enough acceleration
not enough acceleration
not enough acceleration
not enough acceleration
not enough acceleration
not enough acceleration
not enough acceleration
not enough acceleration
not enough acceleration
not enough acceleration
not enough acceleration
not enough acceleration
not enough acceleration
not enough acceleration
not enough acceleration
not enough acceleration
not enough acceleration
not enough acceleration
not enough acceleration
not enough acceleration
First KF:52; Map init KF:41
New Map created with 116 points
Active map: 0
Dropping frame 1403638542.4278295
Dropping frame 1403638542.6278296
Dropping frame 1403638543.1278296
Dropping frame 1403638543.5278294
Dropping frame 1403638543.8278296
start VIBA 1
end VIBA 1
Dropping frame 1403638546.0278294
Dropping frame 1403638546.4278295
Dropping frame 1403638546.7778294
Dropping frame 1403638547.0278294
Dropping frame 1403638547.7278295
Dropping frame 1403638548.1778293
Dropping frame 1403638548.2778294
Dropping frame 1403638548.6778293
Dropping frame 1403638548.7778294
Dropping frame 1403638549.1278296
Dropping frame 1403638549.2778294
Dropping frame 1403638549.9278295
Dropping frame 1403638550.6278296
Dropping frame 1403638550.7278295
Dropping frame 1403638550.9278295
Dropping frame 1403638551.2278295
Dropping frame 1403638551.4278295
Dropping frame 1403638552.0778294
Dropping frame 1403638552.4278295
Dropping frame 1403638552.5278294
Dropping frame 1403638552.9278295
Dropping frame 1403638553.0278294
Dropping frame 1403638553.7778294
Dropping frame 1403638553.9778295
Dropping frame 1403638554.0778294
start VIBA 2
Dropping frame 1403638554.1778293
Dropping frame 1403638554.3778293
Dropping frame 1403638554.5278294
end VIBA 2
Dropping frame 1403638554.6278296
Dropping frame 1403638554.8778293
Dropping frame 1403638555.1778293
Dropping frame 1403638555.2778294
Dropping frame 1403638555.3778293
Dropping frame 1403638555.4778295
Dropping frame 1403638556.0778294
Dropping frame 1403638556.1778293
Dropping frame 1403638556.5778294
Dropping frame 1403638556.7778294
Dropping frame 1403638556.8778293
Dropping frame 1403638556.9778295
Dropping frame 1403638557.1278296
Dropping frame 1403638557.4278295
Dropping frame 1403638557.6278296
Dropping frame 1403638557.7278295
Dropping frame 1403638557.8278296
Dropping frame 1403638558.0778294
Dropping frame 1403638558.2778294
Dropping frame 1403638558.4778295
Dropping frame 1403638558.7278295
Dropping frame 1403638558.8278296
Dropping frame 1403638558.9278295
Dropping frame 1403638559.1278296
Dropping frame 1403638559.3278296
Dropping frame 1403638559.5278294
Dropping frame 1403638559.6278296
Dropping frame 1403638559.7278295
Dropping frame 1403638559.9278295
Dropping frame 1403638560.1778293
Dropping frame 1403638560.3778293
Dropping frame 1403638560.5278294
Dropping frame 1403638560.6278296
Dropping frame 1403638560.8278296
Dropping frame 1403638560.9278295
Dropping frame 1403638561.0278294
Dropping frame 1403638561.3278296
Dropping frame 1403638561.5278294
Dropping frame 1403638561.7278295
Dropping frame 1403638561.9278295
Dropping frame 1403638562.0278294
Dropping frame 1403638562.1778293
Dropping frame 1403638562.5778294
Dropping frame 1403638562.7778294
Dropping frame 1403638563.1778293
Dropping frame 1403638563.4778295
Dropping frame 1403638563.5778294
Dropping frame 1403638563.8278296
Dropping frame 1403638564.0278294
Dropping frame 1403638564.2278295
Dropping frame 1403638564.3278296
Dropping frame 1403638564.5278294
Dropping frame 1403638564.9278295
Dropping frame 1403638565.0278294
Dropping frame 1403638565.1278296
Dropping frame 1403638565.3278296
Dropping frame 1403638565.5278294
Dropping frame 1403638565.7278295
Dropping frame 1403638565.8278296
Dropping frame 1403638565.9778295
Dropping frame 1403638566.1778293
Dropping frame 1403638566.4778295
Dropping frame 1403638566.5778294
Dropping frame 1403638566.8278296
Dropping frame 1403638566.9278295
Dropping frame 1403638567.0278294
Dropping frame 1403638567.2778294
Dropping frame 1403638567.4778295
Dropping frame 1403638567.6778293
Dropping frame 1403638567.9778295
Dropping frame 1403638568.0778294
Dropping frame 1403638568.3278296
Dropping frame 1403638568.4278295
Dropping frame 1403638568.5278294
Dropping frame 1403638568.7278295
Dropping frame 1403638568.9278295
Dropping frame 1403638569.1278296
Dropping frame 1403638569.2278295
Dropping frame 1403638569.3278296
Dropping frame 1403638569.5278294
Dropping frame 1403638570.5278294
Dropping frame 1403638570.7778294
Dropping frame 1403638570.9778295
Dropping frame 1403638571.1778293
Dropping frame 1403638571.5778294
Dropping frame 1403638571.8778293
Dropping frame 1403638571.9778295
Dropping frame 1403638572.2278295
Dropping frame 1403638572.5278294
Dropping frame 1403638572.7278295
Dropping frame 1403638572.9778295
Dropping frame 1403638573.0778294
Dropping frame 1403638573.5278294
Dropping frame 1403638573.6278296
Dropping frame 1403638574.6778293
Dropping frame 1403638574.9278295
Dropping frame 1403638575.0278294
Dropping frame 1403638575.5278294
Dropping frame 1403638575.6278296
Dropping frame 1403638576.0278294
Dropping frame 1403638576.1278296
Dropping frame 1403638576.3778293
Dropping frame 1403638576.4778295
Dropping frame 1403638578.5778294
Dropping frame 1403638579.4278295
Dropping frame 1403638579.7778294
Dropping frame 1403638580.1278296
Dropping frame 1403638580.2278295
Dropping frame 1403638580.5278294
Dropping frame 1403638580.8778293
Dropping frame 1403638581.3278296
Dropping frame 1403638581.4278295
Dropping frame 1403638581.7278295
Dropping frame 1403638581.9278295
Dropping frame 1403638582.1278296
Dropping frame 1403638582.4278295
Dropping frame 1403638582.5278294
Dropping frame 1403638582.6278296
Dropping frame 1403638582.8278296
Dropping frame 1403638582.9278295
Dropping frame 1403638583.1778293
Dropping frame 1403638583.3778293
Dropping frame 1403638583.5778294
Dropping frame 1403638583.6778293
Dropping frame 1403638583.9278295
Dropping frame 1403638584.0278294
Dropping frame 1403638584.2778294
Dropping frame 1403638584.3778293
Dropping frame 1403638584.5778294
Dropping frame 1403638584.7278295
Dropping frame 1403638584.9278295
Dropping frame 1403638585.0778294
Dropping frame 1403638585.3778293
Dropping frame 1403638585.4778295
Dropping frame 1403638585.7778294
Dropping frame 1403638585.8778293
Dropping frame 1403638586.1278296
Dropping frame 1403638586.2278295
Dropping frame 1403638586.4778295
Dropping frame 1403638586.8278296
Dropping frame 1403638587.1278296
Dropping frame 1403638587.4278295
Dropping frame 1403638587.6278296
Dropping frame 1403638587.7778294
Dropping frame 1403638588.0778294
Dropping frame 1403638588.4278295
Dropping frame 1403638588.7778294
Dropping frame 1403638588.8778293
Dropping frame 1403638589.2778294
*Loop detected
phi =  0.023450713706847155 -0.028200480893813818 -0.023581604862049989
BAD LOOP!!!
*Loop detected
phi =  0.018407048628416699  -0.01677439129012669 -0.016985013175420279
BAD LOOP!!!
Dropping frame 1403638620.6778293
*Loop detected
phi =   0.011811322306199554 -0.0046069078045483476 -0.0059970870408777837
BAD LOOP!!!
*Loop detected
phi =  0.014661153398340886 -0.012153775422738627  -0.03751129140052583
BAD LOOP!!!
Dropping frame 1403638621.1278296
Dropping frame 1403638621.3778293
*Loop detected
phi =  0.018597431833829503 -0.012972114048488434 -0.016984701563126835
BAD LOOP!!!
*Loop detected
phi =  0.0087232494207173418 -0.0044914400819321271 -0.0048216228084947636
BAD LOOP!!!
*Loop detected
phi =   0.012697586293810756 -0.0032910329364042234  -0.002972435493298042
BAD LOOP!!!
*Loop detected
phi =  0.0094936086999672358 -0.0033785489583591051  -0.001349794773383298
BAD LOOP!!!
*Loop detected
phi =    0.015016772981526016 -0.00075657780314990382   0.0047723274638660426
BAD LOOP!!!
*Loop detected
phi =     0.01292657369570507 -0.00084909985924586345   0.0006969783549462034
BAD LOOP!!!
Dropping frame 1403638622.7778294
*Loop detected
phi =  0.010261007703349189 0.0065858780595141279  0.010648752078380558
BAD LOOP!!!
*Loop detected
phi =    0.012580410385956508 -0.00011084613411819165  -0.0025305393999447475
BAD LOOP!!!
Dropping frame 1403638623.2278295
Dropping frame 1403638623.5778294
*Loop detected
phi =   0.013687328406387618  -0.006457423670711615 -0.0076624506979102698
BAD LOOP!!!
*Loop detected
phi =   0.019441234687475575 -0.0027944603264842215 -0.0062951977854246201
BAD LOOP!!!
Dropping frame 1403638623.9778295
Dropping frame 1403638624.2278295
*Loop detected
phi =  0.0081300022876095741  0.0090130197799313475 -0.0057688657285050945
BAD LOOP!!!
Dropping frame 1403638624.7278295
*Loop detected
phi =   0.021279482509933317 -0.0092532415902758687 -0.0066836330101128051
BAD LOOP!!!
Dropping frame 1403638624.9778295
*Loop detected
phi =   0.017294480211989153 -0.0036767286146225557 -0.0036291152877735242
BAD LOOP!!!
Dropping frame 1403638625.1278296
*Loop detected
phi = -0.0033006483805379469  0.0036283379710072019  0.0016894089170620161
Local Mapping STOP
Dropping frame 1403638625.4278295
Local Mapping RELEASE
Dropping frame 1403638625.7278295
Dropping frame 1403638625.8278296
Dropping frame 1403638626.0778294
Dropping frame 1403638626.3778293
Dropping frame 1403638626.6778293
Dropping frame 1403638626.9278295
Dropping frame 1403638627.0278294
Dropping frame 1403638627.3278296
Dropping frame 1403638627.5778294
Dropping frame 1403638627.6778293
Dropping frame 1403638627.9778295
Dropping frame 1403638628.0778294
Dropping frame 1403638628.3278296
Dropping frame 1403638628.8278296
Dropping frame 1403638628.9278295
Dropping frame 1403638629.2278295
Dropping frame 1403638629.4778295
Dropping frame 1403638629.5778294
Dropping frame 1403638629.6778293
Dropping frame 1403638629.9278295
Dropping frame 1403638630.1778293
Dropping frame 1403638630.2778294
Dropping frame 1403638630.8278296
Dropping frame 1403638631.2278295
Dropping frame 1403638631.3278296
Dropping frame 1403638631.5778294
Dropping frame 1403638631.6778293
Shutdown
SLAM Finished at System Time: 1740918768.56267

 TIME STATS in ms (mean$\pm$std)
OpenCV version: 4.8.1
---------------------------
Tracking

ORB Extraction: 14.189$\pm$2.1159
Stereo Matching: 7.4274$\pm$2.1568
IMU Preintegration: 0.20446$\pm$0.09745
Pose Prediction: 0.47964$\pm$1.3684
LM Track: 15.851$\pm$4.8604
New KF decision: 1.0432$\pm$1.8639
Total Tracking: 34.613$\pm$18.428



Local Mapping

KF Insertion: 11.023$\pm$4.3685
MP Culling: 0.40764$\pm$0.23244
MP Creation: 34.647$\pm$13.837
LBA: 127.17$\pm$51.228
KF Culling: 9.2963$\pm$7.5903
Total Local Mapping: 182.54$\pm$75.202
---------------------------

LBA complexity (mean$\pm$std)
LBA Edges: 1637$\pm$1089.3
LBA KF optimized: 6.5$\pm$2.2913
LBA KF fixed: 1$\pm$0
LBA MP: nan$\pm$nan

LBA executions: 460
LBA aborts: 0
---------------------------

Map complexity
KFs in map: 205
MPs in map: 17002
---------------------------

Place Recognition (mean$\pm$std)
Database Query: 1.5611$\pm$0.88491
SE3 estimation: 24.357$\pm$17.911
Total Place Recognition: 19.693$\pm$19.545


Loop Closing (mean$\pm$std)
Loop Fusion: 253.05$\pm$0
Essential Graph: 145.43$\pm$0
Total Loop Closing: 436.01$\pm$0

Num exec: 1
Number of KFs: nan$\pm$nan

Map Merging (mean$\pm$std)
Merge Maps: nan$\pm$nan
Welding BA: nan$\pm$nan
Optimization Ess.: nan$\pm$nan
Total Map Merging: nan$\pm$nan

Num exec: 0
Number of KFs: nan$\pm$nan
Number of MPs: nan$\pm$nan

Full GBA (mean$\pm$std)
GBA: nan$\pm$nan
Map Update: nan$\pm$nan
Total Full GBA: nan$\pm$nan

Num exec: 0
Num abort: 0
Number of KFs: nan$\pm$nan
Number of MPs: nan$\pm$nan

Saving trajectory to f_dataset-MH05_stereo_imu.txt ...
There are 1 maps in the atlas
  Map 0 has 205 KFs

End of saving trajectory to f_dataset-MH05_stereo_imu.txt ...

Saving keyframe trajectory to kf_dataset-MH05_stereo_imu.txt ...
