num_seq = 1
file name: dataset-MH02_stereo_imu
Loading images for sequence 0...LOADED!
Loading IMU for sequence 0...LOADED!

-------

ORB-SLAM3 Copyright (C) 2017-2020 Carlos Campos, Richard Elvira, Juan J. Gómez, José M.M. Montiel and Juan D. Tardós, University of Zaragoza.
ORB-SLAM2 Copyright (C) 2014-2016 Raúl Mur-Artal, José M.M. Montiel and Juan D. Tardós, University of Zaragoza.
This program comes with ABSOLUTELY NO WARRANTY;
This is free software, and you are welcome to redistribute it
under certain conditions. See LICENSE.txt.

Built with REGISTER_TIMES
Git Commit Hash: 4caa6cb

Build Type: Release

Compiled with C++ version: 201703

Input sensor was set to: Stereo-Inertial
Loading settings from ./Examples/Stereo-Inertial/EuRoC_deadlines.yaml
	-Loaded camera 1
	-Loaded camera 2
	-Loaded image info
	-Loaded IMU calibration
	-Loaded ORB settings
	-Loaded viewer settings
	-Loaded Atlas settings
Deadlines enabled, will skip frames!
	-Loaded misc parameters
	-Computed rectification maps
----------------------------------
SLAM settings: 
	-Camera 1 parameters (Pinhole): [ 458.65399169921875 457.29598999023438 367.21499633789062 248.375 ]
	-Camera 1 distortion parameters: [  -0.28340810537338257 0.073959067463874817 0.00019359000725671649 1.7618711353861727e-05 ]
	-Camera 2 parameters (Pinhole: [ 457.58700561523438 456.13400268554688 379.99899291992188 255.23800659179688 ]
	-Camera 1 distortion parameters: [  -0.2836836576461792 0.074512839317321777 -0.00010473000293131918 -3.555907096597366e-05 ]
	-Original image size: [ 752 , 480 ]
	-Current image size: [ 752 , 480 ]
	-Camera 1 parameters after rectification: [  456.71499633789062 456.71499633789062 364.52615356445312 257.268798828125 ]
	-Sequence FPS: 20
	-Stereo baseline: 0.11007784307003021
	-Stereo depth threshold : 60
	-Gyro noise: 0.00016999999934341758
	-Accelerometer noise: 0.0020000000949949026
	-Gyro walk: 1.9392999092815444e-05
	-Accelerometer walk: 0.0030000000260770321
	-IMU frequency: 200
	-Features per image: 1200
	-ORB scale factor: 1.2000000476837158
	-ORB number of scales: 8
	-Initial FAST threshold: 20
	-Min FAST threshold: 7


Loading ORB Vocabulary. This could take a while...
Vocabulary loaded!

Initialization of Atlas from scratch 
Creation of new map with id: 0
Creation of new map with last KF id: 0
Seq. Name: 
There are 1 cameras in the atlas
Camera 0 is pinhole
SLAM Started at System Time: 1740384139.5073
not IMU meas
not IMU meas
not enough acceleration
not enough acceleration
not enough acceleration
not enough acceleration
not enough acceleration
not enough acceleration
First KF:0; Map init KF:0
New Map created with 191 points
Active map: 0
Dropping frame 1403636859.1516664
Dropping frame 1403636859.5016665
Dropping frame 1403636859.8016665
Dropping frame 1403636859.9516664
Dropping frame 1403636860.2516665
Dropping frame 1403636860.3516665
Dropping frame 1403636860.5516665
Dropping frame 1403636860.6516664
Dropping frame 1403636860.8016665
Dropping frame 1403636860.9016666
Dropping frame 1403636861.1016665
Dropping frame 1403636861.3516665
Dropping frame 1403636861.7516665
Dropping frame 1403636862.0016665
Dropping frame 1403636862.2016666
Dropping frame 1403636862.3516665
Dropping frame 1403636862.5516665
Dropping frame 1403636862.7016666
Dropping frame 1403636862.8016665
Dropping frame 1403636863.0016665
Dropping frame 1403636863.1516664
Dropping frame 1403636863.2516665
Dropping frame 1403636863.4516664
Dropping frame 1403636863.6516664
Dropping frame 1403636863.7516665
Dropping frame 1403636863.8516665
start VIBA 1
Dropping frame 1403636864.3516665
end VIBA 1
Dropping frame 1403636864.6016665
Dropping frame 1403636864.7016666
Dropping frame 1403636864.9516664
Dropping frame 1403636865.0516665
Dropping frame 1403636865.2516665
Dropping frame 1403636865.4516664
Dropping frame 1403636865.5516665
Dropping frame 1403636865.6516664
Dropping frame 1403636865.8516665
Dropping frame 1403636865.9516664
Dropping frame 1403636866.1516664
Dropping frame 1403636866.3516665
Dropping frame 1403636866.4516664
Dropping frame 1403636866.5516665
Dropping frame 1403636866.7516665
Dropping frame 1403636866.8516665
Dropping frame 1403636867.1016665
Dropping frame 1403636867.4516664
Dropping frame 1403636867.5516665
Dropping frame 1403636867.7516665
Dropping frame 1403636867.8516665
Dropping frame 1403636868.2016666
Dropping frame 1403636868.3016665
Dropping frame 1403636868.4016666
Dropping frame 1403636868.5016665
Dropping frame 1403636868.7016666
Dropping frame 1403636868.9016666
Dropping frame 1403636869.0016665
Dropping frame 1403636869.1016665
Dropping frame 1403636869.2016666
Dropping frame 1403636869.4016666
Dropping frame 1403636869.6016665
Dropping frame 1403636869.7016666
Dropping frame 1403636869.8016665
Dropping frame 1403636870.0016665
Dropping frame 1403636870.1016665
Dropping frame 1403636870.2016666
Dropping frame 1403636870.4016666
Dropping frame 1403636870.6016665
Dropping frame 1403636870.8016665
Dropping frame 1403636870.9016666
Dropping frame 1403636871.0016665
Dropping frame 1403636871.2016666
Dropping frame 1403636871.4016666
Dropping frame 1403636871.5016665
Dropping frame 1403636871.6016665
Dropping frame 1403636871.8016665
Dropping frame 1403636871.9016666
Dropping frame 1403636872.0016665
Dropping frame 1403636872.2016666
Dropping frame 1403636872.4016666
Dropping frame 1403636872.6016665
Dropping frame 1403636872.7016666
Dropping frame 1403636872.8016665
Dropping frame 1403636873.1516664
Dropping frame 1403636873.2516665
Dropping frame 1403636873.3516665
Dropping frame 1403636873.6016665
Dropping frame 1403636873.7016666
Dropping frame 1403636873.8016665
Dropping frame 1403636873.9016666
Dropping frame 1403636874.0016665
Dropping frame 1403636874.2516665
Dropping frame 1403636874.4516664
Dropping frame 1403636874.6016665
Dropping frame 1403636874.9516664
start VIBA 2
end VIBA 2
Dropping frame 1403636875.1516664
Dropping frame 1403636875.4516664
Dropping frame 1403636875.6516664
Dropping frame 1403636875.8516665
Dropping frame 1403636876.0516665
Dropping frame 1403636876.2016666
Dropping frame 1403636876.4016666
Dropping frame 1403636876.5016665
Dropping frame 1403636876.7516665
Dropping frame 1403636876.9516664
Dropping frame 1403636877.1516664
Dropping frame 1403636877.3516665
Dropping frame 1403636877.4516664
Dropping frame 1403636877.5516665
Dropping frame 1403636877.7516665
Dropping frame 1403636877.9016666
Dropping frame 1403636878.1016665
Dropping frame 1403636878.3016665
Dropping frame 1403636878.5016665
Dropping frame 1403636878.6016665
Dropping frame 1403636879.1516664
Dropping frame 1403636879.2516665
Dropping frame 1403636879.5016665
Dropping frame 1403636879.6016665
Dropping frame 1403636879.8516665
Dropping frame 1403636879.9516664
Dropping frame 1403636880.2016666
Dropping frame 1403636880.4016666
Dropping frame 1403636880.6016665
Dropping frame 1403636880.7016666
Dropping frame 1403636880.8016665
Dropping frame 1403636881.0016665
Dropping frame 1403636881.1516664
Dropping frame 1403636881.3516665
Dropping frame 1403636881.5516665
Dropping frame 1403636881.7516665
Dropping frame 1403636881.9016666
Dropping frame 1403636882.2516665
Dropping frame 1403636882.4516664
Dropping frame 1403636882.5516665
Dropping frame 1403636882.8016665
Dropping frame 1403636882.9016666
Dropping frame 1403636883.1516664
Dropping frame 1403636883.2516665
Dropping frame 1403636883.3516665
Dropping frame 1403636883.7016666
Dropping frame 1403636883.9016666
Dropping frame 1403636884.0016665
Dropping frame 1403636884.1016665
Dropping frame 1403636884.3016665
Dropping frame 1403636884.6516664
Dropping frame 1403636884.8516665
Dropping frame 1403636884.9516664
Dropping frame 1403636885.0516665
Dropping frame 1403636885.4516664
Dropping frame 1403636885.6516664
Dropping frame 1403636885.8516665
Dropping frame 1403636886.0516665
Dropping frame 1403636886.1516664
Dropping frame 1403636886.3016665
Dropping frame 1403636886.5016665
Dropping frame 1403636886.6016665
Dropping frame 1403636886.8516665
Dropping frame 1403636886.9516664
Dropping frame 1403636887.6516664
Dropping frame 1403636887.9016666
Dropping frame 1403636888.0516665
Dropping frame 1403636888.3016665
Dropping frame 1403636888.4516664
Dropping frame 1403636888.9016666
Dropping frame 1403636889.4016666
Dropping frame 1403636889.7016666
Dropping frame 1403636889.9016666
Dropping frame 1403636890.0516665
Dropping frame 1403636890.3016665
Dropping frame 1403636890.6016665
Dropping frame 1403636890.7016666
Dropping frame 1403636890.9516664
Dropping frame 1403636891.2516665
Dropping frame 1403636891.9016666
Dropping frame 1403636892.3516665
Dropping frame 1403636892.6516664
Dropping frame 1403636892.7516665
Dropping frame 1403636893.0016665
Dropping frame 1403636893.2016666
Dropping frame 1403636893.3516665
Dropping frame 1403636893.5516665
Dropping frame 1403636893.7516665
Dropping frame 1403636894.0016665
Dropping frame 1403636894.5016665
Dropping frame 1403636895.0016665
Dropping frame 1403636895.2016666
Dropping frame 1403636895.5516665
Dropping frame 1403636895.6516664
Dropping frame 1403636895.7516665
Dropping frame 1403636895.9516664
Dropping frame 1403636896.0516665
Dropping frame 1403636896.1516664
Dropping frame 1403636896.3516665
Dropping frame 1403636896.5516665
Dropping frame 1403636896.7516665
Dropping frame 1403636896.8516665
Dropping frame 1403636896.9516664
Dropping frame 1403636897.1516664
Dropping frame 1403636897.2516665
Dropping frame 1403636897.5016665
Dropping frame 1403636897.6016665
Dropping frame 1403636897.8516665
Dropping frame 1403636897.9516664
Dropping frame 1403636898.4016666
Dropping frame 1403636898.5016665
Dropping frame 1403636898.7016666
Dropping frame 1403636898.8516665
Dropping frame 1403636899.0016665
Dropping frame 1403636899.3016665
Dropping frame 1403636899.7016666
Dropping frame 1403636899.8016665
Dropping frame 1403636899.9016666
Dropping frame 1403636900.3016665
Dropping frame 1403636900.4516664
Dropping frame 1403636900.7016666
Dropping frame 1403636900.9016666
Dropping frame 1403636901.1016665
Dropping frame 1403636901.5516665
Dropping frame 1403636901.6516664
Dropping frame 1403636901.9016666
Dropping frame 1403636902.1016665
Dropping frame 1403636902.5516665
Dropping frame 1403636902.6516664
Dropping frame 1403636902.8516665
Dropping frame 1403636903.1016665
Dropping frame 1403636903.4016666
Dropping frame 1403636903.6016665
Dropping frame 1403636903.8516665
Dropping frame 1403636904.0016665
Dropping frame 1403636904.1016665
Dropping frame 1403636904.4516664
Dropping frame 1403636904.7016666
Dropping frame 1403636904.8516665
Dropping frame 1403636905.0516665
Dropping frame 1403636905.3516665
Dropping frame 1403636905.5516665
Dropping frame 1403636905.8016665
Dropping frame 1403636905.9016666
Dropping frame 1403636906.3016665
Dropping frame 1403636906.4516664
Dropping frame 1403636907.0016665
Dropping frame 1403636907.3016665
Dropping frame 1403636907.7516665
Dropping frame 1403636908.0516665
Dropping frame 1403636908.1516664
Dropping frame 1403636908.4016666
Dropping frame 1403636908.5516665
Dropping frame 1403636908.7516665
Dropping frame 1403636909.0016665
Dropping frame 1403636909.5516665
Dropping frame 1403636909.6516664
Dropping frame 1403636909.9516664
Dropping frame 1403636910.2516665
Dropping frame 1403636910.6516664
Dropping frame 1403636910.8016665
Dropping frame 1403636911.0016665
Dropping frame 1403636911.3516665
Dropping frame 1403636911.6016665
Dropping frame 1403636911.8516665
Dropping frame 1403636912.0516665
Dropping frame 1403636912.3016665
Dropping frame 1403636912.6016665
Dropping frame 1403636912.7016666
Dropping frame 1403636912.8516665
Dropping frame 1403636913.1016665
Dropping frame 1403636913.4016666
Dropping frame 1403636913.7516665
Dropping frame 1403636914.1516664
Dropping frame 1403636914.3016665
Dropping frame 1403636915.1516664
Dropping frame 1403636915.4016666
Dropping frame 1403636915.5516665
Dropping frame 1403636915.7516665
Dropping frame 1403636916.0516665
Dropping frame 1403636916.3016665
Dropping frame 1403636916.6016665
Dropping frame 1403636916.9516664
Dropping frame 1403636917.2016666
Dropping frame 1403636917.6016665
Dropping frame 1403636917.7016666
Dropping frame 1403636917.8016665
Dropping frame 1403636918.0516665
Dropping frame 1403636918.3516665
Dropping frame 1403636918.4516664
Dropping frame 1403636918.7016666
Dropping frame 1403636918.8016665
Dropping frame 1403636919.2016666
Dropping frame 1403636919.4016666
Dropping frame 1403636919.6016665
Dropping frame 1403636919.7016666
Dropping frame 1403636919.9516664
Dropping frame 1403636920.1516664
Dropping frame 1403636920.3516665
Dropping frame 1403636920.4516664
Dropping frame 1403636920.7516665
Dropping frame 1403636921.0016665
Dropping frame 1403636921.1516664
Dropping frame 1403636921.5016665
Dropping frame 1403636921.9516664
Dropping frame 1403636922.2016666
Dropping frame 1403636923.2016666
Dropping frame 1403636923.3516665
Dropping frame 1403636923.5516665
Dropping frame 1403636923.9016666
Dropping frame 1403636924.2016666
Dropping frame 1403636924.3016665
Dropping frame 1403636924.5016665
Dropping frame 1403636924.8516665
Dropping frame 1403636925.0016665
Dropping frame 1403636925.2016666
Dropping frame 1403636925.3016665
Dropping frame 1403636925.4516664
Dropping frame 1403636925.8016665
Dropping frame 1403636926.0016665
Dropping frame 1403636926.2016666
Dropping frame 1403636926.3016665
Dropping frame 1403636926.4516664
Dropping frame 1403636926.6016665
Dropping frame 1403636926.7016666
Dropping frame 1403636926.9016666
Dropping frame 1403636927.0016665
Dropping frame 1403636927.2016666
Dropping frame 1403636927.3016665
Dropping frame 1403636927.4016666
Dropping frame 1403636927.5016665
Dropping frame 1403636927.7016666
Dropping frame 1403636927.8016665
Dropping frame 1403636927.9016666
Dropping frame 1403636928.1016665
Dropping frame 1403636928.2016666
Dropping frame 1403636928.3016665
Dropping frame 1403636928.5016665
Dropping frame 1403636928.6016665
Dropping frame 1403636928.7016666
Dropping frame 1403636928.8016665
Dropping frame 1403636928.9016666
Dropping frame 1403636929.0016665
Dropping frame 1403636929.1016665
Dropping frame 1403636929.2016666
Dropping frame 1403636929.4016666
Dropping frame 1403636929.6016665
Dropping frame 1403636929.7016666
Dropping frame 1403636929.8016665
Dropping frame 1403636929.9016666
Dropping frame 1403636930.1016665
Dropping frame 1403636930.2016666
Dropping frame 1403636930.3016665
Dropping frame 1403636930.5016665
Dropping frame 1403636930.6016665
Dropping frame 1403636930.7016666
Dropping frame 1403636930.8016665
Dropping frame 1403636930.9516664
Dropping frame 1403636931.0516665
Dropping frame 1403636931.1516664
Dropping frame 1403636931.3516665
Dropping frame 1403636931.5516665
Dropping frame 1403636931.6516664
Dropping frame 1403636931.7516665
Dropping frame 1403636931.9516664
Dropping frame 1403636932.0516665
Dropping frame 1403636932.1516664
Dropping frame 1403636932.2516665
Dropping frame 1403636932.4516664
Dropping frame 1403636932.5516665
Dropping frame 1403636932.6516664
Dropping frame 1403636932.7516665
Dropping frame 1403636932.8516665
Dropping frame 1403636933.0516665
Dropping frame 1403636933.1516664
Dropping frame 1403636933.2516665
Dropping frame 1403636933.4516664
Dropping frame 1403636933.5516665
Dropping frame 1403636933.6516664
Dropping frame 1403636933.7516665
Dropping frame 1403636933.9516664
Dropping frame 1403636934.0516665
Dropping frame 1403636934.2516665
Dropping frame 1403636934.4516664
Dropping frame 1403636934.5516665
Dropping frame 1403636934.6516664
Dropping frame 1403636934.7516665
Dropping frame 1403636934.8516665
Dropping frame 1403636934.9516664
Dropping frame 1403636935.1516664
Dropping frame 1403636935.2516665
Dropping frame 1403636935.3516665
Dropping frame 1403636935.4516664
Dropping frame 1403636935.6516664
Dropping frame 1403636935.7516665
Dropping frame 1403636935.9516664
Dropping frame 1403636936.0516665
Dropping frame 1403636936.1516664
Dropping frame 1403636936.3516665
Dropping frame 1403636936.4516664
Dropping frame 1403636936.5516665
Dropping frame 1403636936.6516664
Dropping frame 1403636936.7516665
Dropping frame 1403636936.9516664
Dropping frame 1403636937.0516665
Dropping frame 1403636937.1516664
Dropping frame 1403636937.3516665
Dropping frame 1403636937.4516664
Dropping frame 1403636937.5516665
Dropping frame 1403636937.6516664
Dropping frame 1403636937.8516665
Dropping frame 1403636938.2016666
Dropping frame 1403636938.3016665
Dropping frame 1403636938.4016666
Dropping frame 1403636938.6516664
Dropping frame 1403636938.7516665
Dropping frame 1403636938.9516664
Dropping frame 1403636939.1016665
Dropping frame 1403636939.2016666
Dropping frame 1403636939.3016665
Dropping frame 1403636939.4016666
Dropping frame 1403636939.5016665
Dropping frame 1403636939.6016665
Dropping frame 1403636939.7016666
Dropping frame 1403636939.9516664
Dropping frame 1403636940.0516665
Dropping frame 1403636940.1516664
Dropping frame 1403636940.2516665
Dropping frame 1403636940.3516665
Dropping frame 1403636940.5516665
Dropping frame 1403636940.6516664
Dropping frame 1403636940.7516665
Dropping frame 1403636940.9016666
Dropping frame 1403636941.0516665
Dropping frame 1403636941.1516664
Dropping frame 1403636941.3516665
Dropping frame 1403636941.4516664
Dropping frame 1403636941.5516665
Dropping frame 1403636941.6516664
Dropping frame 1403636941.7516665
Dropping frame 1403636941.9516664
Dropping frame 1403636942.1516664
Dropping frame 1403636942.2516665
Dropping frame 1403636942.3516665
Dropping frame 1403636942.6016665
Dropping frame 1403636942.7016666
Dropping frame 1403636942.9016666
Dropping frame 1403636943.0016665
Dropping frame 1403636943.3016665
Dropping frame 1403636943.4016666
Dropping frame 1403636943.6516664
Dropping frame 1403636943.7516665
Dropping frame 1403636943.8516665
Dropping frame 1403636944.0516665
Dropping frame 1403636944.1516664
Dropping frame 1403636944.3016665
Dropping frame 1403636944.5516665
Dropping frame 1403636944.7516665
Dropping frame 1403636944.9516664
Dropping frame 1403636945.0516665
Dropping frame 1403636945.2516665
Dropping frame 1403636945.3516665
Dropping frame 1403636945.4516664
Dropping frame 1403636945.6016665
Dropping frame 1403636945.8016665
Dropping frame 1403636945.9016666
Dropping frame 1403636946.1016665
Dropping frame 1403636946.2516665
Dropping frame 1403636946.4516664
Dropping frame 1403636946.5516665
Dropping frame 1403636946.7516665
Dropping frame 1403636946.8516665
Dropping frame 1403636947.1016665
Dropping frame 1403636947.2016666
Dropping frame 1403636947.6016665
Dropping frame 1403636947.8016665
Dropping frame 1403636948.0016665
Dropping frame 1403636948.1016665
Dropping frame 1403636948.2016666
Dropping frame 1403636948.4516664
Dropping frame 1403636948.5516665
Dropping frame 1403636948.6516664
Dropping frame 1403636948.8516665
Dropping frame 1403636948.9516664
Dropping frame 1403636949.0516665
Dropping frame 1403636949.1516664
Dropping frame 1403636949.3516665
Dropping frame 1403636949.5016665
Dropping frame 1403636949.6516664
Dropping frame 1403636949.8516665
Dropping frame 1403636950.0516665
Dropping frame 1403636950.1516664
Dropping frame 1403636950.4016666
Dropping frame 1403636950.5016665
Dropping frame 1403636950.8016665
Dropping frame 1403636950.9016666
Dropping frame 1403636951.0016665
Dropping frame 1403636951.2516665
Dropping frame 1403636951.3516665
Dropping frame 1403636951.4516664
Dropping frame 1403636951.6016665
Dropping frame 1403636951.8516665
Dropping frame 1403636951.9516664
Dropping frame 1403636952.0516665
Dropping frame 1403636952.1516664
Dropping frame 1403636952.2516665
Dropping frame 1403636952.3516665
Dropping frame 1403636952.4516664
Dropping frame 1403636952.6516664
Dropping frame 1403636952.9016666
Dropping frame 1403636953.0016665
Dropping frame 1403636953.1016665
Dropping frame 1403636953.2016666
Dropping frame 1403636953.3016665
Dropping frame 1403636953.4016666
Dropping frame 1403636953.5016665
Dropping frame 1403636953.8516665
Dropping frame 1403636954.2016666
Dropping frame 1403636954.3016665
Dropping frame 1403636954.4016666
Dropping frame 1403636954.5016665
Dropping frame 1403636954.7016666
Dropping frame 1403636954.8016665
Dropping frame 1403636955.0016665
Dropping frame 1403636955.1016665
Dropping frame 1403636955.2016666
Dropping frame 1403636955.4016666
Dropping frame 1403636955.5016665
Dropping frame 1403636955.6016665
Dropping frame 1403636955.7016666
Dropping frame 1403636955.9516664
Dropping frame 1403636956.0516665
Dropping frame 1403636956.1516664
Dropping frame 1403636956.2516665
Dropping frame 1403636956.4516664
Dropping frame 1403636956.5516665
Dropping frame 1403636956.6516664
Dropping frame 1403636956.7516665
Dropping frame 1403636956.8516665
Dropping frame 1403636957.0516665
Dropping frame 1403636957.1516664
Dropping frame 1403636957.2516665
Dropping frame 1403636957.3516665
Dropping frame 1403636957.4516664
Dropping frame 1403636957.5516665
Dropping frame 1403636957.7516665
Dropping frame 1403636957.8516665
Dropping frame 1403636957.9516664
Dropping frame 1403636958.0516665
Dropping frame 1403636958.2516665
Dropping frame 1403636958.3516665
Dropping frame 1403636958.4516664
Dropping frame 1403636958.5516665
Dropping frame 1403636958.6516664
Dropping frame 1403636958.8016665
Dropping frame 1403636959.0016665
Dropping frame 1403636959.2016666
Dropping frame 1403636959.4016666
Dropping frame 1403636959.5016665
Dropping frame 1403636959.6016665
Dropping frame 1403636959.7016666
Dropping frame 1403636959.9016666
Dropping frame 1403636960.0016665
Dropping frame 1403636960.1016665
Dropping frame 1403636960.2016666
Dropping frame 1403636960.3016665
Dropping frame 1403636960.5016665
Dropping frame 1403636960.7016666
Dropping frame 1403636960.8016665
Dropping frame 1403636960.9016666
Dropping frame 1403636961.0016665
Dropping frame 1403636961.2016666
Dropping frame 1403636961.4016666
Dropping frame 1403636961.5016665
Dropping frame 1403636961.6016665
Dropping frame 1403636961.7016666
Dropping frame 1403636961.8016665
Dropping frame 1403636961.9016666
Dropping frame 1403636962.0016665
Dropping frame 1403636962.2016666
Dropping frame 1403636962.3016665
Dropping frame 1403636962.4016666
Dropping frame 1403636962.6016665
Dropping frame 1403636962.7016666
Dropping frame 1403636962.8016665
Dropping frame 1403636963.0016665
Dropping frame 1403636963.2016666
Dropping frame 1403636963.3016665
Dropping frame 1403636963.4016666
Dropping frame 1403636963.6516664
Dropping frame 1403636963.7516665
Dropping frame 1403636963.8516665
Dropping frame 1403636964.0516665
Dropping frame 1403636964.1516664
Dropping frame 1403636964.2516665
Dropping frame 1403636964.4516664
Dropping frame 1403636964.6516664
Dropping frame 1403636964.7516665
Dropping frame 1403636964.8516665
Dropping frame 1403636964.9516664
Dropping frame 1403636965.0516665
Dropping frame 1403636965.2516665
Dropping frame 1403636965.3516665
Dropping frame 1403636965.7016666
Dropping frame 1403636965.9016666
Dropping frame 1403636966.0016665
Dropping frame 1403636966.1016665
Dropping frame 1403636966.2016666
Dropping frame 1403636966.3016665
Dropping frame 1403636966.4016666
Dropping frame 1403636966.6016665
Dropping frame 1403636966.7016666
Dropping frame 1403636966.8016665
Dropping frame 1403636966.9016666
Dropping frame 1403636967.0016665
Dropping frame 1403636967.1016665
Dropping frame 1403636967.2016666
Dropping frame 1403636967.3016665
Dropping frame 1403636967.5016665
Dropping frame 1403636967.6016665
Dropping frame 1403636967.7016666
Dropping frame 1403636967.8016665
Dropping frame 1403636968.0016665
Dropping frame 1403636968.1016665
Dropping frame 1403636968.2016666
Dropping frame 1403636968.3016665
Dropping frame 1403636968.4016666
Dropping frame 1403636968.5016665
Dropping frame 1403636968.6016665
Dropping frame 1403636968.7016666
Dropping frame 1403636968.8016665
Dropping frame 1403636968.9016666
Dropping frame 1403636969.0016665
Dropping frame 1403636969.1016665
Dropping frame 1403636969.2016666
Dropping frame 1403636969.3516665
Dropping frame 1403636969.4516664
Dropping frame 1403636969.5516665
Dropping frame 1403636969.6516664
Dropping frame 1403636969.7516665
Dropping frame 1403636969.9516664
Dropping frame 1403636970.0516665
Dropping frame 1403636970.2516665
Dropping frame 1403636970.3516665
Dropping frame 1403636970.4516664
Dropping frame 1403636970.6516664
Dropping frame 1403636970.7516665
Dropping frame 1403636970.8516665
Dropping frame 1403636970.9516664
Dropping frame 1403636971.0516665
Dropping frame 1403636971.1516664
Dropping frame 1403636971.3516665
Dropping frame 1403636971.4516664
Dropping frame 1403636971.5516665
Dropping frame 1403636971.6516664
Dropping frame 1403636971.7516665
Dropping frame 1403636971.9516664
Dropping frame 1403636972.1516664
Dropping frame 1403636972.2516665
Dropping frame 1403636972.3516665
Dropping frame 1403636972.5516665
Dropping frame 1403636972.6516664
Dropping frame 1403636972.7516665
Dropping frame 1403636972.8516665
Dropping frame 1403636972.9516664
Dropping frame 1403636973.0516665
Dropping frame 1403636973.2516665
Dropping frame 1403636973.3516665
Dropping frame 1403636973.5516665
Dropping frame 1403636973.6516664
Dropping frame 1403636973.7516665
Dropping frame 1403636973.9516664
Dropping frame 1403636974.1516664
Dropping frame 1403636974.2516665
Dropping frame 1403636974.4516664
Dropping frame 1403636974.5516665
Dropping frame 1403636975.2016666
Dropping frame 1403636975.3016665
Dropping frame 1403636975.4016666
Dropping frame 1403636975.9516664
Dropping frame 1403636976.0516665
Dropping frame 1403636976.5016665
Dropping frame 1403636976.7016666
Dropping frame 1403636976.9016666
Dropping frame 1403636977.0016665
Dropping frame 1403636977.1016665
Dropping frame 1403636977.3016665
Dropping frame 1403636977.5016665
Dropping frame 1403636977.7016666
Dropping frame 1403636977.9016666
Dropping frame 1403636978.0016665
Dropping frame 1403636978.1016665
Dropping frame 1403636978.3016665
Dropping frame 1403636978.5016665
Dropping frame 1403636978.7016666
Dropping frame 1403636978.8016665
Dropping frame 1403636978.9016666
Dropping frame 1403636979.1016665
Dropping frame 1403636979.3016665
Dropping frame 1403636979.5016665
Dropping frame 1403636979.6016665
Dropping frame 1403636979.7016666
Dropping frame 1403636979.9016666
Dropping frame 1403636980.1016665
Dropping frame 1403636980.3016665
Dropping frame 1403636980.5016665
Dropping frame 1403636980.7016666
Dropping frame 1403636980.9016666
Dropping frame 1403636981.1016665
Dropping frame 1403636981.3016665
Dropping frame 1403636981.4016666
Dropping frame 1403636981.5016665
Dropping frame 1403636981.7016666
Dropping frame 1403636981.8516665
Dropping frame 1403636982.0516665
Dropping frame 1403636982.2516665
Dropping frame 1403636982.4516664
Dropping frame 1403636982.6516664
Dropping frame 1403636982.7516665
Dropping frame 1403636982.8516665
Dropping frame 1403636983.0516665
Dropping frame 1403636983.2516665
Dropping frame 1403636983.4516664
Dropping frame 1403636983.5516665
Dropping frame 1403636983.6516664
Dropping frame 1403636983.8516665
Dropping frame 1403636984.0516665
Dropping frame 1403636984.2516665
Dropping frame 1403636984.4516664
Dropping frame 1403636984.5516665
Dropping frame 1403636984.7516665
Dropping frame 1403636984.9516664
Dropping frame 1403636985.1516664
Dropping frame 1403636985.2516665
Dropping frame 1403636985.3516665
Dropping frame 1403636985.5516665
Dropping frame 1403636985.6516664
Dropping frame 1403636985.7516665
Dropping frame 1403636985.9516664
Dropping frame 1403636986.1516664
Dropping frame 1403636986.3516665
Dropping frame 1403636986.4516664
Dropping frame 1403636986.5516665
Dropping frame 1403636986.7516665
Dropping frame 1403636986.9516664
Dropping frame 1403636987.1516664
Dropping frame 1403636987.3516665
Dropping frame 1403636987.4516664
Dropping frame 1403636987.5516665
Dropping frame 1403636987.7516665
Dropping frame 1403636987.9516664
Dropping frame 1403636988.1516664
Dropping frame 1403636988.3516665
Dropping frame 1403636988.5516665
Dropping frame 1403636988.6516664
Dropping frame 1403636988.7516665
Dropping frame 1403636988.9516664
Dropping frame 1403636989.1516664
Dropping frame 1403636989.3516665
Dropping frame 1403636989.4516664
Dropping frame 1403636989.5516665
Dropping frame 1403636989.7516665
Dropping frame 1403636989.9516664
Dropping frame 1403636990.1516664
Dropping frame 1403636990.3516665
Dropping frame 1403636990.4516664
Dropping frame 1403636990.5516665
Dropping frame 1403636990.7516665
Dropping frame 1403636990.9516664
Dropping frame 1403636991.0516665
Dropping frame 1403636991.1516664
Dropping frame 1403636991.3516665
Dropping frame 1403636991.4516664
Dropping frame 1403636991.5516665
Dropping frame 1403636991.7516665
Dropping frame 1403636991.9516664
Dropping frame 1403636992.1516664
Dropping frame 1403636992.3516665
Dropping frame 1403636992.5516665
Dropping frame 1403636992.7516665
Dropping frame 1403636992.8516665
Dropping frame 1403636992.9516664
Dropping frame 1403636993.1516664
Dropping frame 1403636993.3516665
Dropping frame 1403636993.5516665
Dropping frame 1403636993.7516665
Dropping frame 1403636993.8516665
Dropping frame 1403636994.1016665
Dropping frame 1403636994.3016665
Dropping frame 1403636994.4016666
Dropping frame 1403636994.5016665
Dropping frame 1403636994.7016666
Dropping frame 1403636994.9016666
Dropping frame 1403636995.1016665
Dropping frame 1403636995.2016666
Dropping frame 1403636995.3016665
Dropping frame 1403636995.5016665
Dropping frame 1403636995.7016666
Dropping frame 1403636995.9016666
Dropping frame 1403636996.1016665
Dropping frame 1403636996.3016665
Dropping frame 1403636996.4016666
Dropping frame 1403636996.5016665
Dropping frame 1403636996.7016666
Dropping frame 1403636996.9016666
Dropping frame 1403636997.1016665
Dropping frame 1403636997.2016666
Dropping frame 1403636997.3016665
Dropping frame 1403636997.5016665
Dropping frame 1403636997.7016666
Dropping frame 1403636998.1516664
Dropping frame 1403636998.3516665
Dropping frame 1403636998.4516664
Dropping frame 1403636999.1516664
Dropping frame 1403636999.3016665
Dropping frame 1403636999.4016666
Dropping frame 1403637000.0016665
Dropping frame 1403637000.1016665
Dropping frame 1403637000.3016665
Dropping frame 1403637000.5016665
Dropping frame 1403637000.7016666
Dropping frame 1403637000.9016666
Dropping frame 1403637001.1016665
Dropping frame 1403637001.3016665
Dropping frame 1403637001.8016665
Dropping frame 1403637002.0016665
Dropping frame 1403637002.2016666
Dropping frame 1403637002.4016666
Dropping frame 1403637002.6016665
Dropping frame 1403637002.9016666
Dropping frame 1403637003.1016665
Dropping frame 1403637003.3016665
Dropping frame 1403637003.4016666
Dropping frame 1403637003.6016665
Dropping frame 1403637003.7016666
Dropping frame 1403637003.9016666
Dropping frame 1403637004.1016665
Dropping frame 1403637004.2016666
Dropping frame 1403637004.3016665
Dropping frame 1403637004.5016665
Dropping frame 1403637004.7016666
Dropping frame 1403637004.9016666
Dropping frame 1403637005.1016665
Dropping frame 1403637005.3016665
Dropping frame 1403637005.4016666
Dropping frame 1403637005.5016665
Dropping frame 1403637005.7016666
Dropping frame 1403637005.8016665
Dropping frame 1403637005.9016666
Dropping frame 1403637006.1016665
Dropping frame 1403637006.3016665
Dropping frame 1403637006.5016665
Dropping frame 1403637006.6516664
Dropping frame 1403637006.9016666
Dropping frame 1403637007.1016665
Dropping frame 1403637007.2016666
Dropping frame 1403637008.4016666
Dropping frame 1403637008.8016665
Dropping frame 1403637008.9016666
Dropping frame 1403637009.2516665
Dropping frame 1403637009.3516665
Dropping frame 1403637009.5516665
Dropping frame 1403637009.6516664
Dropping frame 1403637009.7516665
Dropping frame 1403637009.8516665
Dropping frame 1403637010.0516665
Dropping frame 1403637010.1516664
Dropping frame 1403637010.2516665
Dropping frame 1403637010.4516664
Dropping frame 1403637010.5516665
Shutdown
SLAM Finished at System Time: 1740384329.59532

 TIME STATS in ms (mean$\pm$std)
OpenCV version: 4.8.1
---------------------------
Tracking

ORB Extraction: 22.783$\pm$2.1391
Stereo Matching: 7.4796$\pm$2.1194
IMU Preintegration: 0.2441$\pm$0.092142
Pose Prediction: 0.22446$\pm$0.63136
LM Track: 19.788$\pm$5.482
New KF decision: 0.34206$\pm$0.36005
Total Tracking: 31.156$\pm$28.229



Local Mapping

KF Insertion: 17.47$\pm$5.3601
MP Culling: 0.56504$\pm$0.22028
MP Creation: 48.224$\pm$15.101
LBA: 152.55$\pm$54.476
KF Culling: 15.34$\pm$10.068
Total Local Mapping: 234.14$\pm$76.728
---------------------------

LBA complexity (mean$\pm$std)
LBA Edges: 1689.6$\pm$600.68
LBA KF optimized: 6.5$\pm$2.2913
LBA KF fixed: 1$\pm$0
LBA MP: nan$\pm$nan

LBA executions: 452
LBA aborts: 0
---------------------------

Map complexity
KFs in map: 119
MPs in map: 8570
---------------------------

Place Recognition (mean$\pm$std)
Database Query: 1.4446$\pm$0.81838
SE3 estimation: 8.6602$\pm$13.861
Total Place Recognition: 9.1119$\pm$13.9


Loop Closing (mean$\pm$std)
Loop Fusion: nan$\pm$nan
Essential Graph: nan$\pm$nan
Total Loop Closing: nan$\pm$nan

Num exec: 0
Number of KFs: nan$\pm$nan

Map Merging (mean$\pm$std)
Merge Maps: nan$\pm$nan
Welding BA: nan$\pm$nan
Optimization Ess.: nan$\pm$nan
Total Map Merging: nan$\pm$nan

Num exec: 0
Number of KFs: nan$\pm$nan
Number of MPs: nan$\pm$nan

Full GBA (mean$\pm$std)
GBA: nan$\pm$nan
Map Update: nan$\pm$nan
Total Full GBA: nan$\pm$nan

Num exec: 0
Num abort: 0
Number of KFs: nan$\pm$nan
Number of MPs: nan$\pm$nan

Saving trajectory to f_dataset-MH02_stereo_imu.txt ...
There are 1 maps in the atlas
  Map 0 has 119 KFs

End of saving trajectory to f_dataset-MH02_stereo_imu.txt ...

Saving keyframe trajectory to kf_dataset-MH02_stereo_imu.txt ...
