num_seq = 1
file name: dataset-MH04_stereo_imu
Loading images for sequence 0...LOADED!
Loading IMU for sequence 0...LOADED!

-------

ORB-SLAM3 Copyright (C) 2017-2020 Carlos Campos, Richard Elvira, Juan J. Gómez, José M.M. Montiel and Juan D. Tardós, University of Zaragoza.
ORB-SLAM2 Copyright (C) 2014-2016 Raúl Mur-Artal, José M.M. Montiel and Juan D. Tardós, University of Zaragoza.
This program comes with ABSOLUTELY NO WARRANTY;
This is free software, and you are welcome to redistribute it
under certain conditions. See LICENSE.txt.

Built with REGISTER_TIMES
Git Commit Hash: 2d47524

Build Type: Release

Compiled with C++ version: 201703

Input sensor was set to: Stereo-Inertial
Loading settings from EuRoC_fov_deadlines_mask_6x6.yaml
	-Loaded camera 1
	-Loaded camera 2
	-Loaded image info
	-Loaded IMU calibration
	-Loaded ORB settings
	-Loaded viewer settings
	-Loaded Atlas settings
Deadlines enabled, will skip frames!
FOV enabled
Static mask size: 6x6
Dumping map points enabled
	-Loaded misc parameters
	-Computed rectification maps
----------------------------------
SLAM settings: 
	-Camera 1 parameters (Pinhole): [ 458.65399169921875 457.29598999023438 367.21499633789062 248.375 ]
	-Camera 1 distortion parameters: [  -0.28340810537338257 0.073959067463874817 0.00019359000725671649 1.7618711353861727e-05 ]
	-Camera 2 parameters (Pinhole: [ 457.58700561523438 456.13400268554688 379.99899291992188 255.23800659179688 ]
	-Camera 1 distortion parameters: [  -0.2836836576461792 0.074512839317321777 -0.00010473000293131918 -3.555907096597366e-05 ]
	-Original image size: [ 752 , 480 ]
	-Current image size: [ 752 , 480 ]
	-Camera 1 parameters after rectification: [  456.71499633789062 456.71499633789062 364.52615356445312 257.268798828125 ]
	-Sequence FPS: 20
	-Stereo baseline: 0.11007784307003021
	-Stereo depth threshold : 60
	-Gyro noise: 0.00016999999934341758
	-Accelerometer noise: 0.0020000000949949026
	-Gyro walk: 1.9392999092815444e-05
	-Accelerometer walk: 0.0030000000260770321
	-IMU frequency: 200
	-Features per image: 1200
	-ORB scale factor: 1.2000000476837158
	-ORB number of scales: 8
	-Initial FAST threshold: 20
	-Min FAST threshold: 7


Loading ORB Vocabulary. This could take a while...
Vocabulary loaded!

Initialization of Atlas from scratch 
Creation of new map with id: 0
Creation of new map with last KF id: 0
Seq. Name: 
There are 1 cameras in the atlas
Camera 0 is pinhole
SLAM Started at System Time: 1740787173.73475
not IMU meas
not IMU meas
not enough acceleration
not enough acceleration
not enough acceleration
not enough acceleration
not enough acceleration
not enough acceleration
not enough acceleration
not enough acceleration
not enough acceleration
not enough acceleration
not enough acceleration
not enough acceleration
not enough acceleration
not enough acceleration
not enough acceleration
not enough acceleration
not enough acceleration
not enough acceleration
not enough acceleration
not enough acceleration
not enough acceleration
not enough acceleration
not enough acceleration
not enough acceleration
not enough acceleration
not enough acceleration
not enough acceleration
not enough acceleration
not enough acceleration
not enough acceleration
First KF:0; Map init KF:0
New Map created with 109 points
Active map: 0
Dropping frame 1403638130.195097
Dropping frame 1403638130.7950971
Dropping frame 1403638131.0950971
Dropping frame 1403638131.2450969
Dropping frame 1403638131.5450969
Dropping frame 1403638131.7950971
Dropping frame 1403638131.945097
Dropping frame 1403638132.0950971
Dropping frame 1403638132.5950971
Dropping frame 1403638132.695097
Dropping frame 1403638132.895097
Dropping frame 1403638133.195097
Dropping frame 1403638133.7450969
Dropping frame 1403638134.2450969
start VIBA 1
Dropping frame 1403638134.5950971
end VIBA 1
Dropping frame 1403638134.895097
Dropping frame 1403638135.2950971
Dropping frame 1403638135.445097
Dropping frame 1403638135.695097
Dropping frame 1403638135.9950972
Dropping frame 1403638136.0950971
Dropping frame 1403638136.645097
Dropping frame 1403638136.7450969
Dropping frame 1403638136.945097
Dropping frame 1403638137.0950971
Dropping frame 1403638137.195097
Dropping frame 1403638137.2950971
Dropping frame 1403638137.5950971
Dropping frame 1403638137.695097
Dropping frame 1403638137.895097
Dropping frame 1403638138.2450969
Dropping frame 1403638138.3450971
Dropping frame 1403638138.445097
Dropping frame 1403638139.0450969
Not enough motion for initializing. Reseting...
TRACK: Reset map because local mapper set the bad imu flag 
LM: Active map reset recieved
LM: Active map reset, waiting...
LM: Reseting current map in Local Mapping...
LM: End reseting Local Mapping...
LM: Reset free the mutex
LM: Active map reset, Done!!!
mnFirstFrameId = 32
mnInitialFrameId = 0
170 Frames set to lost
not IMU meas
First KF:37; Map init KF:0
New Map created with 146 points
Active map: 0
Dropping frame 1403638139.5450969
Dropping frame 1403638139.7450969
Dropping frame 1403638139.8450971
Dropping frame 1403638139.945097
Dropping frame 1403638140.145097
Dropping frame 1403638140.2450969
Dropping frame 1403638140.445097
Dropping frame 1403638140.645097
Dropping frame 1403638140.8450971
Dropping frame 1403638140.945097
Dropping frame 1403638141.2950971
Not enough motion for initializing. Reseting...
TRACK: Reset map because local mapper set the bad imu flag 
LM: Reseting current map in Local Mapping...
LM: End reseting Local Mapping...
LM: Reset free the mutex
LM: Active map reset recieved
LM: Active map reset, waiting...
LM: Reseting current map in Local Mapping...
LM: End reseting Local Mapping...
LM: Reset free the mutex
LM: Active map reset, Done!!!
mnFirstFrameId = 204
mnInitialFrameId = 202
219 Frames set to lost
not IMU meas
not enough acceleration
not enough acceleration
not enough acceleration
First KF:48; Map init KF:37
New Map created with 140 points
Active map: 0
Dropping frame 1403638143.145097
Not enough motion for initializing. Reseting...
LM: Reseting current map in Local Mapping...
LM: End reseting Local Mapping...
LM: Reset free the mutex
Not enough motion for initializing. Reseting...
TRACK: Reset map because local mapper set the bad imu flag 
LM: Reseting current map in Local Mapping...
LM: End reseting Local Mapping...
LM: Reset free the mutex
LM: Active map reset recieved
LM: Active map reset, waiting...
LM: Reseting current map in Local Mapping...
LM: End reseting Local Mapping...
LM: Reset free the mutex
LM: Active map reset, Done!!!
mnFirstFrameId = 258
mnInitialFrameId = 253
284 Frames set to lost
not IMU meas
not enough acceleration
not enough acceleration
not enough acceleration
not enough acceleration
not enough acceleration
not enough acceleration
not enough acceleration
not enough acceleration
not enough acceleration
not enough acceleration
not enough acceleration
not enough acceleration
not enough acceleration
not enough acceleration
not enough acceleration
not enough acceleration
not enough acceleration
not enough acceleration
not enough acceleration
not enough acceleration
not enough acceleration
not enough acceleration
not enough acceleration
not enough acceleration
not enough acceleration
not enough acceleration
not enough acceleration
not enough acceleration
not enough acceleration
not enough acceleration
not enough acceleration
not enough acceleration
not enough acceleration
not enough acceleration
not enough acceleration
not enough acceleration
not enough acceleration
not enough acceleration
not enough acceleration
First KF:60; Map init KF:48
New Map created with 155 points
Active map: 0
start VIBA 1
end VIBA 1
Dropping frame 1403638153.9950972
Dropping frame 1403638154.145097
Dropping frame 1403638154.3450971
Dropping frame 1403638154.4950972
Dropping frame 1403638155.0450969
Dropping frame 1403638155.3450971
Dropping frame 1403638155.445097
Dropping frame 1403638155.5950971
Dropping frame 1403638155.7950971
Dropping frame 1403638155.945097
Dropping frame 1403638156.0450969
Dropping frame 1403638156.2450969
Dropping frame 1403638156.7950971
Dropping frame 1403638157.645097
Dropping frame 1403638157.7950971
Dropping frame 1403638159.5450969
Dropping frame 1403638159.7450969
Dropping frame 1403638160.0450969
Dropping frame 1403638160.145097
Dropping frame 1403638160.3450971
Dropping frame 1403638160.645097
Dropping frame 1403638160.8450971
Dropping frame 1403638161.0950971
Dropping frame 1403638161.4950972
Dropping frame 1403638161.695097
Dropping frame 1403638161.945097
Dropping frame 1403638162.2450969
Dropping frame 1403638162.645097
Dropping frame 1403638162.945097
start VIBA 2
Dropping frame 1403638163.445097
end VIBA 2
Dropping frame 1403638163.645097
Dropping frame 1403638163.7950971
Dropping frame 1403638163.945097
Dropping frame 1403638164.0950971
Dropping frame 1403638164.195097
Dropping frame 1403638164.4950972
Dropping frame 1403638164.8450971
Dropping frame 1403638164.945097
Dropping frame 1403638165.145097
Dropping frame 1403638165.2450969
Dropping frame 1403638165.945097
Dropping frame 1403638166.195097
Dropping frame 1403638167.145097
Dropping frame 1403638167.2950971
Dropping frame 1403638167.8450971
Dropping frame 1403638168.0450969
Dropping frame 1403638168.145097
Dropping frame 1403638168.2450969
Dropping frame 1403638168.445097
Dropping frame 1403638168.5450969
Dropping frame 1403638168.895097
Dropping frame 1403638168.9950972
Dropping frame 1403638169.2450969
Dropping frame 1403638169.3450971
Dropping frame 1403638169.4950972
Dropping frame 1403638169.695097
Dropping frame 1403638169.9950972
Dropping frame 1403638170.2450969
Dropping frame 1403638170.395097
Dropping frame 1403638170.5950971
Dropping frame 1403638170.7450969
Dropping frame 1403638170.9950972
Dropping frame 1403638171.0950971
Dropping frame 1403638171.195097
Dropping frame 1403638171.2950971
Dropping frame 1403638171.5450969
Dropping frame 1403638171.645097
Dropping frame 1403638171.7950971
Dropping frame 1403638172.145097
Dropping frame 1403638172.2450969
Dropping frame 1403638172.395097
Dropping frame 1403638172.645097
Dropping frame 1403638172.7450969
Dropping frame 1403638172.8450971
Dropping frame 1403638173.3450971
Dropping frame 1403638173.4950972
Dropping frame 1403638173.695097
Dropping frame 1403638173.7950971
Dropping frame 1403638173.9950972
Dropping frame 1403638174.2450969
Dropping frame 1403638174.3450971
Dropping frame 1403638174.5450969
Dropping frame 1403638174.7450969
Dropping frame 1403638174.8450971
Dropping frame 1403638175.195097
Dropping frame 1403638175.2950971
Dropping frame 1403638175.5450969
Dropping frame 1403638175.7450969
Dropping frame 1403638175.945097
Dropping frame 1403638176.0450969
Dropping frame 1403638176.2950971
Dropping frame 1403638176.5950971
Dropping frame 1403638176.8450971
Dropping frame 1403638177.0950971
Dropping frame 1403638177.395097
Dropping frame 1403638177.7450969
Dropping frame 1403638177.8450971
Dropping frame 1403638177.9950972
Dropping frame 1403638178.3450971
Dropping frame 1403638178.5950971
Dropping frame 1403638178.8450971
Dropping frame 1403638179.0450969
Dropping frame 1403638179.2950971
Dropping frame 1403638179.395097
Dropping frame 1403638179.645097
Dropping frame 1403638180.0450969
Dropping frame 1403638180.145097
Dropping frame 1403638180.395097
Dropping frame 1403638180.5950971
Dropping frame 1403638180.7950971
Dropping frame 1403638181.0950971
Dropping frame 1403638181.445097
Dropping frame 1403638181.895097
Dropping frame 1403638182.5950971
Dropping frame 1403638183.9950972
Dropping frame 1403638184.695097
Dropping frame 1403638184.895097
Dropping frame 1403638185.0950971
Dropping frame 1403638185.195097
Dropping frame 1403638185.4950972
Dropping frame 1403638185.895097
Dropping frame 1403638186.145097
Dropping frame 1403638186.5450969
Dropping frame 1403638187.0950971
Dropping frame 1403638187.445097
Dropping frame 1403638188.2450969
Dropping frame 1403638188.695097
Dropping frame 1403638189.445097
Dropping frame 1403638189.7450969
Dropping frame 1403638190.0450969
Dropping frame 1403638190.395097
Dropping frame 1403638190.8450971
Dropping frame 1403638190.945097
Dropping frame 1403638191.2450969
Dropping frame 1403638191.3450971
Dropping frame 1403638191.645097
Dropping frame 1403638191.895097
Dropping frame 1403638192.0950971
Dropping frame 1403638192.2950971
Dropping frame 1403638192.8450971
Dropping frame 1403638192.945097
Dropping frame 1403638193.2450969
Dropping frame 1403638193.395097
Dropping frame 1403638193.645097
Dropping frame 1403638193.7950971
Dropping frame 1403638194.0950971
Dropping frame 1403638194.195097
Dropping frame 1403638194.445097
Dropping frame 1403638194.645097
Dropping frame 1403638194.8450971
Dropping frame 1403638194.945097
Dropping frame 1403638195.145097
Dropping frame 1403638195.2450969
Dropping frame 1403638195.4950972
Dropping frame 1403638195.9950972
Dropping frame 1403638196.395097
Dropping frame 1403638197.0950971
Dropping frame 1403638198.0450969
Dropping frame 1403638198.645097
Dropping frame 1403638200.195097
Dropping frame 1403638200.9950972
Dropping frame 1403638220.945097
Dropping frame 1403638221.895097
Dropping frame 1403638221.9950972
Dropping frame 1403638222.195097
Dropping frame 1403638223.2950971
Dropping frame 1403638223.445097
Dropping frame 1403638225.2950971
Dropping frame 1403638225.395097
Dropping frame 1403638226.9950972
Dropping frame 1403638227.2450969
Dropping frame 1403638227.4950972
Dropping frame 1403638227.7950971
Dropping frame 1403638228.0450969
Dropping frame 1403638228.145097
Dropping frame 1403638228.445097
Dropping frame 1403638228.7450969
Shutdown
SLAM Finished at System Time: 1740787292.80109

 TIME STATS in ms (mean$\pm$std)
OpenCV version: 4.8.1
---------------------------
Tracking

ORB Extraction: 14.996$\pm$2.1842
Stereo Matching: 7.7403$\pm$2.0307
IMU Preintegration: 0.21052$\pm$0.095881
Pose Prediction: 0.54967$\pm$1.4135
LM Track: 15.786$\pm$5.113
New KF decision: 0.9981$\pm$1.8882
Total Tracking: 35.487$\pm$19.021



Local Mapping

KF Insertion: 11.649$\pm$4.583
MP Culling: 0.42288$\pm$0.2415
MP Creation: 36.489$\pm$15.084
LBA: 125.15$\pm$48.708
KF Culling: 8.8684$\pm$8.1914
Total Local Mapping: 182$\pm$70.919
---------------------------

LBA complexity (mean$\pm$std)
LBA Edges: 1456.1$\pm$1147
LBA KF optimized: 6.5$\pm$2.2913
LBA KF fixed: 1$\pm$0
LBA MP: nan$\pm$nan

LBA executions: 412
LBA aborts: 0
---------------------------

Map complexity
KFs in map: 182
MPs in map: 15258
---------------------------

Place Recognition (mean$\pm$std)
Database Query: 1.8266$\pm$1.0367
SE3 estimation: 25.401$\pm$14.426
Total Place Recognition: 19.336$\pm$17.738


Loop Closing (mean$\pm$std)
Loop Fusion: nan$\pm$nan
Essential Graph: nan$\pm$nan
Total Loop Closing: nan$\pm$nan

Num exec: 0
Number of KFs: nan$\pm$nan

Map Merging (mean$\pm$std)
Merge Maps: nan$\pm$nan
Welding BA: nan$\pm$nan
Optimization Ess.: nan$\pm$nan
Total Map Merging: nan$\pm$nan

Num exec: 0
Number of KFs: nan$\pm$nan
Number of MPs: nan$\pm$nan

Full GBA (mean$\pm$std)
GBA: nan$\pm$nan
Map Update: nan$\pm$nan
Total Full GBA: nan$\pm$nan

Num exec: 0
Num abort: 0
Number of KFs: nan$\pm$nan
Number of MPs: nan$\pm$nan

Saving trajectory to f_dataset-MH04_stereo_imu.txt ...
There are 1 maps in the atlas
  Map 0 has 182 KFs

End of saving trajectory to f_dataset-MH04_stereo_imu.txt ...

Saving keyframe trajectory to kf_dataset-MH04_stereo_imu.txt ...
