num_seq = 1
file name: dataset-MH01_stereo_imu
Loading images for sequence 0...LOADED!
Loading IMU for sequence 0...LOADED!

-------

ORB-SLAM3 Copyright (C) 2017-2020 Carlos Campos, Richard Elvira, Juan J. Gómez, José M.M. Montiel and Juan D. Tardós, University of Zaragoza.
ORB-SLAM2 Copyright (C) 2014-2016 Raúl Mur-Artal, José M.M. Montiel and Juan D. Tardós, University of Zaragoza.
This program comes with ABSOLUTELY NO WARRANTY;
This is free software, and you are welcome to redistribute it
under certain conditions. See LICENSE.txt.

Built with REGISTER_TIMES
Git Commit Hash: 2d47524

Build Type: Release

Compiled with C++ version: 201703

Input sensor was set to: Stereo-Inertial
Loading settings from EuRoC_fov_deadlines_mask_13x13.yaml
	-Loaded camera 1
	-Loaded camera 2
	-Loaded image info
	-Loaded IMU calibration
	-Loaded ORB settings
	-Loaded viewer settings
	-Loaded Atlas settings
Deadlines enabled, will skip frames!
FOV enabled
Static mask size: 13x13
Dumping map points enabled
	-Loaded misc parameters
	-Computed rectification maps
----------------------------------
SLAM settings: 
	-Camera 1 parameters (Pinhole): [ 458.65399169921875 457.29598999023438 367.21499633789062 248.375 ]
	-Camera 1 distortion parameters: [  -0.28340810537338257 0.073959067463874817 0.00019359000725671649 1.7618711353861727e-05 ]
	-Camera 2 parameters (Pinhole: [ 457.58700561523438 456.13400268554688 379.99899291992188 255.23800659179688 ]
	-Camera 1 distortion parameters: [  -0.2836836576461792 0.074512839317321777 -0.00010473000293131918 -3.555907096597366e-05 ]
	-Original image size: [ 752 , 480 ]
	-Current image size: [ 752 , 480 ]
	-Camera 1 parameters after rectification: [  456.71499633789062 456.71499633789062 364.52615356445312 257.268798828125 ]
	-Sequence FPS: 20
	-Stereo baseline: 0.11007784307003021
	-Stereo depth threshold : 60
	-Gyro noise: 0.00016999999934341758
	-Accelerometer noise: 0.0020000000949949026
	-Gyro walk: 1.9392999092815444e-05
	-Accelerometer walk: 0.0030000000260770321
	-IMU frequency: 200
	-Features per image: 1200
	-ORB scale factor: 1.2000000476837158
	-ORB number of scales: 8
	-Initial FAST threshold: 20
	-Min FAST threshold: 7


Loading ORB Vocabulary. This could take a while...
Vocabulary loaded!

Initialization of Atlas from scratch 
Creation of new map with id: 0
Creation of new map with last KF id: 0
Seq. Name: 
There are 1 cameras in the atlas
Camera 0 is pinhole
SLAM Started at System Time: 1742750740.38086
not IMU meas
not IMU meas
not enough acceleration
not enough acceleration
First KF:0; Map init KF:0
New Map created with 552 points
Active map: 0
Dropping frame 1403636580.0135555
Dropping frame 1403636580.2135556
Dropping frame 1403636580.5135555
Dropping frame 1403636581.1635556
Dropping frame 1403636581.4635556
Dropping frame 1403636581.7135556
Dropping frame 1403636581.8635557
Dropping frame 1403636582.1635556
Dropping frame 1403636582.2635555
Dropping frame 1403636582.3635557
Dropping frame 1403636582.6135554
Dropping frame 1403636582.7135556
Dropping frame 1403636582.9635556
Dropping frame 1403636583.1135554
Dropping frame 1403636583.5135555
Dropping frame 1403636583.8135555
Dropping frame 1403636584.0635555
Dropping frame 1403636584.3135555
Dropping frame 1403636584.4635556
Dropping frame 1403636584.6635556
Dropping frame 1403636584.7635555
Dropping frame 1403636584.9635556
Dropping frame 1403636585.0635555
Dropping frame 1403636585.1635556
start VIBA 1
Dropping frame 1403636585.2635555
end VIBA 1
Dropping frame 1403636585.3635557
Dropping frame 1403636585.4635556
Dropping frame 1403636585.5635555
Dropping frame 1403636585.7635555
Dropping frame 1403636585.8635557
Dropping frame 1403636586.0135555
Dropping frame 1403636586.1135554
Dropping frame 1403636586.3135555
Dropping frame 1403636586.7135556
Dropping frame 1403636587.0135555
Dropping frame 1403636587.1135554
Dropping frame 1403636587.3135555
Dropping frame 1403636587.4135554
Dropping frame 1403636587.5135555
Dropping frame 1403636587.7135556
Dropping frame 1403636587.9135554
Dropping frame 1403636588.0135555
Dropping frame 1403636588.1135554
Dropping frame 1403636588.3135555
Dropping frame 1403636588.5135555
Dropping frame 1403636588.7135556
Dropping frame 1403636588.9135554
Dropping frame 1403636589.1135554
Dropping frame 1403636589.3135555
Dropping frame 1403636589.5135555
Dropping frame 1403636589.6135554
Dropping frame 1403636589.8635557
Dropping frame 1403636590.1135554
Dropping frame 1403636590.4635556
Dropping frame 1403636590.5635555
Dropping frame 1403636590.8635557
Dropping frame 1403636591.1135554
Dropping frame 1403636591.4635556
Dropping frame 1403636591.5635555
Dropping frame 1403636591.8135555
Dropping frame 1403636592.0135555
Dropping frame 1403636592.1135554
Dropping frame 1403636592.3635557
Dropping frame 1403636592.5635555
Dropping frame 1403636592.7635555
Dropping frame 1403636592.9135554
Dropping frame 1403636593.1135554
Dropping frame 1403636593.2635555
Dropping frame 1403636593.4635556
Dropping frame 1403636593.6635556
Dropping frame 1403636593.8635557
Dropping frame 1403636594.1635556
Dropping frame 1403636594.3135555
Dropping frame 1403636594.5135555
Dropping frame 1403636594.6135554
Dropping frame 1403636594.7135556
Dropping frame 1403636594.9135554
Dropping frame 1403636595.0135555
Dropping frame 1403636595.1135554
Dropping frame 1403636595.3135555
Dropping frame 1403636595.4635556
Dropping frame 1403636595.6635556
start VIBA 2
Dropping frame 1403636595.7635555
Dropping frame 1403636595.8635557
end VIBA 2
Dropping frame 1403636596.0635555
Dropping frame 1403636596.2135556
Dropping frame 1403636596.4135554
Dropping frame 1403636596.6135554
Dropping frame 1403636596.7635555
Dropping frame 1403636597.0135555
Dropping frame 1403636597.1135554
Dropping frame 1403636597.4135554
Dropping frame 1403636597.5135555
Dropping frame 1403636597.7135556
Dropping frame 1403636597.9635556
Dropping frame 1403636598.1635556
Dropping frame 1403636598.2635555
Dropping frame 1403636598.4135554
Dropping frame 1403636598.6635556
Dropping frame 1403636598.7635555
Dropping frame 1403636598.8635557
Dropping frame 1403636598.9635556
Dropping frame 1403636599.1635556
Dropping frame 1403636599.2635555
Dropping frame 1403636599.5135555
Dropping frame 1403636599.7135556
Dropping frame 1403636599.9135554
Dropping frame 1403636600.0135555
Dropping frame 1403636600.3135555
Dropping frame 1403636600.4135554
Dropping frame 1403636600.5135555
Dropping frame 1403636600.7135556
Dropping frame 1403636600.9135554
Dropping frame 1403636601.2635555
Dropping frame 1403636601.4135554
Dropping frame 1403636601.6135554
Dropping frame 1403636601.9135554
Dropping frame 1403636602.1635556
Dropping frame 1403636602.4635556
Dropping frame 1403636602.5635555
Dropping frame 1403636602.8135555
Dropping frame 1403636603.0635555
Dropping frame 1403636603.3635557
Dropping frame 1403636603.6635556
Dropping frame 1403636603.9135554
Dropping frame 1403636604.1135554
Dropping frame 1403636604.3635557
Dropping frame 1403636604.4635556
Dropping frame 1403636604.8635557
Dropping frame 1403636605.0635555
Dropping frame 1403636605.1635556
Dropping frame 1403636605.4135554
Dropping frame 1403636605.6135554
Dropping frame 1403636605.8135555
Dropping frame 1403636606.1635556
Dropping frame 1403636606.3635557
Dropping frame 1403636606.4635556
Dropping frame 1403636606.5635555
Dropping frame 1403636607.0635555
Dropping frame 1403636607.3635557
Dropping frame 1403636607.6635556
Dropping frame 1403636607.9635556
Dropping frame 1403636608.2135556
Dropping frame 1403636608.4635556
Dropping frame 1403636608.5635555
Dropping frame 1403636608.7135556
Dropping frame 1403636608.9135554
Dropping frame 1403636609.1635556
Dropping frame 1403636609.3135555
Dropping frame 1403636609.7135556
Dropping frame 1403636609.8135555
Dropping frame 1403636610.0635555
Dropping frame 1403636610.4635556
Dropping frame 1403636610.5635555
Dropping frame 1403636610.9135554
Dropping frame 1403636611.2135556
Dropping frame 1403636611.5135555
Dropping frame 1403636611.8635557
Dropping frame 1403636612.4635556
Dropping frame 1403636613.9635556
Dropping frame 1403636614.1635556
Dropping frame 1403636614.3135555
Dropping frame 1403636614.9635556
Dropping frame 1403636615.2635555
Dropping frame 1403636615.4635556
Dropping frame 1403636615.6135554
Dropping frame 1403636616.2635555
Dropping frame 1403636616.6635556
Dropping frame 1403636617.0635555
Dropping frame 1403636617.4135554
Dropping frame 1403636617.5135555
Dropping frame 1403636617.8135555
Dropping frame 1403636617.9135554
Dropping frame 1403636618.3135555
Dropping frame 1403636618.4135554
Dropping frame 1403636618.7135556
Dropping frame 1403636619.0635555
Dropping frame 1403636619.3635557
Dropping frame 1403636619.4635556
Dropping frame 1403636619.7635555
Dropping frame 1403636619.9635556
Dropping frame 1403636620.1135554
Dropping frame 1403636620.2635555
Dropping frame 1403636620.6135554
Dropping frame 1403636620.8635557
Dropping frame 1403636621.0635555
Dropping frame 1403636621.4135554
Dropping frame 1403636621.7135556
Dropping frame 1403636622.0635555
Dropping frame 1403636622.4635556
Dropping frame 1403636622.7635555
Dropping frame 1403636622.9635556
Dropping frame 1403636623.1635556
Dropping frame 1403636623.5135555
Dropping frame 1403636623.6635556
Dropping frame 1403636623.9635556
Dropping frame 1403636624.4635556
Dropping frame 1403636624.6635556
Dropping frame 1403636624.8135555
Dropping frame 1403636625.1135554
Dropping frame 1403636625.3135555
Dropping frame 1403636625.5135555
Dropping frame 1403636625.6635556
Dropping frame 1403636625.9135554
Dropping frame 1403636626.1135554
Dropping frame 1403636626.3635557
Dropping frame 1403636626.7135556
Dropping frame 1403636626.8635557
Dropping frame 1403636627.1135554
Dropping frame 1403636627.5635555
Dropping frame 1403636627.8135555
Dropping frame 1403636628.0135555
Dropping frame 1403636628.2135556
Dropping frame 1403636628.4135554
Dropping frame 1403636628.5135555
Dropping frame 1403636628.6135554
Dropping frame 1403636629.1635556
Dropping frame 1403636629.3135555
Dropping frame 1403636629.7135556
Dropping frame 1403636630.0635555
Dropping frame 1403636630.4635556
Dropping frame 1403636630.5635555
Dropping frame 1403636630.7135556
Dropping frame 1403636631.0635555
Dropping frame 1403636631.1635556
Dropping frame 1403636631.6135554
Dropping frame 1403636632.1635556
Dropping frame 1403636632.6635556
Dropping frame 1403636633.0135555
Dropping frame 1403636633.2635555
Dropping frame 1403636633.6135554
Dropping frame 1403636633.7135556
Dropping frame 1403636633.9635556
Dropping frame 1403636634.1635556
Dropping frame 1403636634.6135554
Dropping frame 1403636634.7635555
Dropping frame 1403636635.3635557
Dropping frame 1403636635.4635556
Dropping frame 1403636635.9135554
Dropping frame 1403636636.1135554
Dropping frame 1403636636.7635555
Dropping frame 1403636637.2135556
Dropping frame 1403636637.3135555
Dropping frame 1403636637.4635556
Dropping frame 1403636637.8135555
Dropping frame 1403636637.9135554
Dropping frame 1403636638.1135554
Dropping frame 1403636638.5135555
Dropping frame 1403636638.9135554
Dropping frame 1403636639.5635555
Dropping frame 1403636640.1135554
Dropping frame 1403636640.2635555
Dropping frame 1403636640.6635556
Dropping frame 1403636641.0135555
Dropping frame 1403636641.2135556
Dropping frame 1403636641.7135556
Dropping frame 1403636642.1135554
Dropping frame 1403636642.4135554
Dropping frame 1403636642.8135555
Dropping frame 1403636643.1635556
Dropping frame 1403636643.5635555
Dropping frame 1403636643.9135554
Dropping frame 1403636644.0635555
Dropping frame 1403636644.3635557
Dropping frame 1403636644.9135554
Dropping frame 1403636645.0635555
Dropping frame 1403636645.7135556
Dropping frame 1403636646.0135555
Dropping frame 1403636646.3635557
Dropping frame 1403636646.7635555
Dropping frame 1403636647.0135555
Dropping frame 1403636647.1635556
Dropping frame 1403636647.4635556
Dropping frame 1403636647.8135555
Dropping frame 1403636648.5635555
Dropping frame 1403636649.2135556
Dropping frame 1403636649.5135555
Dropping frame 1403636649.7635555
Dropping frame 1403636649.9135554
Dropping frame 1403636650.1635556
Dropping frame 1403636650.3135555
Dropping frame 1403636650.8135555
Dropping frame 1403636650.9135554
Dropping frame 1403636651.0135555
Dropping frame 1403636651.1135554
Dropping frame 1403636651.2635555
Dropping frame 1403636651.5135555
Dropping frame 1403636651.7135556
Dropping frame 1403636651.8135555
Dropping frame 1403636651.9135554
Dropping frame 1403636652.0135555
Dropping frame 1403636652.2135556
Dropping frame 1403636652.3135555
Dropping frame 1403636652.4135554
Dropping frame 1403636652.5135555
Dropping frame 1403636652.6135554
Dropping frame 1403636652.7135556
Dropping frame 1403636653.0135555
Dropping frame 1403636653.1135554
Dropping frame 1403636653.2135556
Dropping frame 1403636653.3135555
Dropping frame 1403636653.5135555
Dropping frame 1403636653.6135554
Dropping frame 1403636653.7135556
Dropping frame 1403636653.9135554
Dropping frame 1403636654.2135556
Dropping frame 1403636654.3135555
Dropping frame 1403636654.4135554
Dropping frame 1403636654.6135554
Dropping frame 1403636654.8135555
Dropping frame 1403636655.0135555
Dropping frame 1403636655.1135554
Dropping frame 1403636655.2135556
Dropping frame 1403636655.3135555
Dropping frame 1403636655.4135554
Dropping frame 1403636655.5135555
Dropping frame 1403636655.6135554
Dropping frame 1403636655.7135556
Dropping frame 1403636655.8635557
Dropping frame 1403636656.0635555
Dropping frame 1403636656.1635556
Dropping frame 1403636656.3635557
Dropping frame 1403636656.4635556
Dropping frame 1403636656.5635555
Dropping frame 1403636656.6635556
Dropping frame 1403636656.8135555
Dropping frame 1403636656.9135554
Dropping frame 1403636657.1135554
Dropping frame 1403636657.2135556
Dropping frame 1403636657.3135555
Dropping frame 1403636657.4635556
Dropping frame 1403636657.5635555
Dropping frame 1403636658.0635555
Dropping frame 1403636658.2635555
Dropping frame 1403636658.4635556
Dropping frame 1403636658.5635555
Dropping frame 1403636658.7635555
Dropping frame 1403636658.9635556
Dropping frame 1403636659.0635555
Dropping frame 1403636659.1635556
Dropping frame 1403636659.3635557
Dropping frame 1403636659.5635555
Dropping frame 1403636659.6635556
Dropping frame 1403636659.7635555
Dropping frame 1403636659.8635557
Dropping frame 1403636659.9635556
Dropping frame 1403636660.0635555
Dropping frame 1403636660.1635556
Dropping frame 1403636660.2635555
Dropping frame 1403636660.4635556
Dropping frame 1403636660.5635555
Dropping frame 1403636660.6635556
Dropping frame 1403636660.7635555
Dropping frame 1403636660.8635557
Dropping frame 1403636660.9635556
Dropping frame 1403636661.0635555
Dropping frame 1403636661.1635556
Dropping frame 1403636661.2635555
Dropping frame 1403636661.3635557
Dropping frame 1403636661.5635555
Dropping frame 1403636661.6635556
Dropping frame 1403636661.7635555
Dropping frame 1403636661.8635557
Dropping frame 1403636661.9635556
Dropping frame 1403636662.0635555
Dropping frame 1403636662.1635556
Dropping frame 1403636662.2635555
Dropping frame 1403636662.3635557
Dropping frame 1403636662.5635555
Dropping frame 1403636662.6635556
Dropping frame 1403636662.7635555
Dropping frame 1403636662.8635557
Dropping frame 1403636662.9635556
Dropping frame 1403636663.0635555
Dropping frame 1403636663.2635555
Dropping frame 1403636663.3635557
Dropping frame 1403636663.4635556
Dropping frame 1403636663.5635555
Dropping frame 1403636663.7635555
Dropping frame 1403636663.8635557
Dropping frame 1403636663.9635556
Dropping frame 1403636664.0635555
Dropping frame 1403636664.1635556
Dropping frame 1403636664.4135554
Dropping frame 1403636664.6135554
Dropping frame 1403636664.7135556
Dropping frame 1403636664.8135555
Dropping frame 1403636664.9135554
Dropping frame 1403636665.1135554
Dropping frame 1403636665.2135556
Dropping frame 1403636665.3135555
Dropping frame 1403636665.5135555
Dropping frame 1403636665.6135554
Dropping frame 1403636665.7135556
Dropping frame 1403636665.8135555
Dropping frame 1403636665.9135554
Dropping frame 1403636666.0135555
Dropping frame 1403636666.1135554
Dropping frame 1403636666.2135556
Dropping frame 1403636666.4135554
Dropping frame 1403636666.5135555
Dropping frame 1403636666.7635555
Dropping frame 1403636666.8635557
Dropping frame 1403636666.9635556
Dropping frame 1403636667.1135554
Dropping frame 1403636667.2635555
Dropping frame 1403636667.3635557
Dropping frame 1403636667.6635556
Dropping frame 1403636667.8635557
Dropping frame 1403636668.0135555
Dropping frame 1403636668.1135554
Dropping frame 1403636668.2135556
Dropping frame 1403636668.3135555
Dropping frame 1403636668.6135554
Dropping frame 1403636668.7135556
Dropping frame 1403636668.8135555
Dropping frame 1403636669.0135555
Dropping frame 1403636669.3635557
Dropping frame 1403636669.6135554
Dropping frame 1403636669.7135556
Dropping frame 1403636669.9135554
Dropping frame 1403636670.1135554
Dropping frame 1403636670.2135556
Dropping frame 1403636670.3635557
Dropping frame 1403636670.6135554
Dropping frame 1403636670.8135555
Dropping frame 1403636670.9135554
Dropping frame 1403636671.1135554
Dropping frame 1403636671.2135556
Dropping frame 1403636671.3135555
Dropping frame 1403636671.4135554
Dropping frame 1403636671.7135556
Dropping frame 1403636671.9135554
Dropping frame 1403636672.0135555
Dropping frame 1403636672.1135554
Dropping frame 1403636672.3135555
Dropping frame 1403636672.4135554
Dropping frame 1403636672.6635556
Dropping frame 1403636672.9135554
Dropping frame 1403636673.0135555
Dropping frame 1403636673.1135554
Dropping frame 1403636673.2635555
Dropping frame 1403636673.3635557
Dropping frame 1403636673.6635556
Dropping frame 1403636673.8135555
Dropping frame 1403636673.9135554
Dropping frame 1403636674.1135554
Dropping frame 1403636674.3635557
Dropping frame 1403636674.5635555
Dropping frame 1403636674.6635556
Dropping frame 1403636674.8635557
Dropping frame 1403636675.0635555
Dropping frame 1403636675.5635555
Dropping frame 1403636675.6635556
Dropping frame 1403636675.7635555
Dropping frame 1403636676.1635556
Dropping frame 1403636676.2635555
Dropping frame 1403636676.3635557
Dropping frame 1403636676.4635556
Dropping frame 1403636676.5635555
Dropping frame 1403636676.6635556
Dropping frame 1403636676.8635557
Dropping frame 1403636676.9635556
Dropping frame 1403636677.0635555
Dropping frame 1403636677.2635555
Dropping frame 1403636677.3635557
Dropping frame 1403636677.4635556
Dropping frame 1403636677.5635555
Dropping frame 1403636677.7135556
Dropping frame 1403636677.8135555
Dropping frame 1403636677.9135554
Dropping frame 1403636678.0135555
Dropping frame 1403636678.2135556
Dropping frame 1403636678.3635557
Dropping frame 1403636678.4635556
Dropping frame 1403636678.5635555
Dropping frame 1403636678.6635556
Dropping frame 1403636678.7635555
Dropping frame 1403636679.5135555
Dropping frame 1403636679.6135554
Dropping frame 1403636679.8635557
Dropping frame 1403636679.9635556
Dropping frame 1403636680.3635557
Dropping frame 1403636680.4635556
Dropping frame 1403636680.5635555
Dropping frame 1403636680.6635556
Dropping frame 1403636680.7635555
Dropping frame 1403636680.8635557
Dropping frame 1403636680.9635556
Dropping frame 1403636681.1635556
Dropping frame 1403636681.2635555
Dropping frame 1403636681.3635557
Dropping frame 1403636681.4635556
Dropping frame 1403636681.5635555
Dropping frame 1403636681.6635556
Dropping frame 1403636681.8635557
Dropping frame 1403636681.9635556
Dropping frame 1403636682.1635556
Dropping frame 1403636682.2635555
Dropping frame 1403636682.3635557
Dropping frame 1403636682.4635556
Dropping frame 1403636682.5635555
Dropping frame 1403636682.7635555
Dropping frame 1403636682.8635557
Dropping frame 1403636682.9635556
Dropping frame 1403636683.0635555
Dropping frame 1403636683.1635556
Dropping frame 1403636683.3635557
Dropping frame 1403636683.4635556
Dropping frame 1403636683.7135556
Dropping frame 1403636683.8135555
Dropping frame 1403636684.0135555
Dropping frame 1403636684.1135554
Dropping frame 1403636684.2135556
Dropping frame 1403636684.4135554
Dropping frame 1403636684.5135555
Dropping frame 1403636684.6135554
Dropping frame 1403636684.7135556
Dropping frame 1403636684.8135555
Dropping frame 1403636684.9135554
Dropping frame 1403636685.1635556
Dropping frame 1403636685.2635555
Dropping frame 1403636685.4135554
Dropping frame 1403636685.5135555
Dropping frame 1403636685.7135556
Dropping frame 1403636685.8135555
Dropping frame 1403636685.9635556
Dropping frame 1403636686.0635555
Dropping frame 1403636686.3135555
Dropping frame 1403636686.4135554
Dropping frame 1403636686.5135555
Dropping frame 1403636686.6635556
Dropping frame 1403636686.8135555
Dropping frame 1403636687.0135555
Dropping frame 1403636687.3635557
Dropping frame 1403636687.4635556
Dropping frame 1403636687.6635556
Dropping frame 1403636687.7635555
Dropping frame 1403636687.8635557
Dropping frame 1403636688.0135555
Dropping frame 1403636688.2135556
Dropping frame 1403636688.3135555
Dropping frame 1403636688.4135554
Dropping frame 1403636688.7635555
Dropping frame 1403636688.8635557
Dropping frame 1403636689.1135554
Dropping frame 1403636689.2135556
Dropping frame 1403636689.4635556
Dropping frame 1403636689.8635557
Dropping frame 1403636689.9635556
Dropping frame 1403636690.0635555
Dropping frame 1403636690.2135556
Dropping frame 1403636690.3135555
Dropping frame 1403636690.4135554
Dropping frame 1403636690.5135555
Dropping frame 1403636690.6135554
Dropping frame 1403636690.7635555
Dropping frame 1403636690.9635556
Dropping frame 1403636691.0635555
Dropping frame 1403636691.1635556
Dropping frame 1403636691.2635555
Dropping frame 1403636691.3635557
Dropping frame 1403636691.5635555
Dropping frame 1403636691.6635556
Dropping frame 1403636691.7635555
Dropping frame 1403636692.0135555
Dropping frame 1403636692.1135554
Dropping frame 1403636692.3135555
Dropping frame 1403636692.5135555
Dropping frame 1403636692.7135556
Dropping frame 1403636692.8135555
Dropping frame 1403636693.0135555
Dropping frame 1403636693.1135554
Dropping frame 1403636693.2135556
Dropping frame 1403636693.3635557
Dropping frame 1403636693.4635556
Dropping frame 1403636693.5635555
Dropping frame 1403636693.6635556
Dropping frame 1403636693.7635555
Dropping frame 1403636693.9635556
Dropping frame 1403636694.1635556
Dropping frame 1403636694.3635557
Dropping frame 1403636694.5635555
Dropping frame 1403636694.6635556
Dropping frame 1403636694.8635557
Dropping frame 1403636694.9635556
Dropping frame 1403636695.1135554
Dropping frame 1403636695.3135555
Dropping frame 1403636695.4135554
Dropping frame 1403636695.5135555
Dropping frame 1403636696.0135555
Dropping frame 1403636696.4635556
Dropping frame 1403636696.9635556
Dropping frame 1403636697.1635556
Dropping frame 1403636697.3635557
Dropping frame 1403636697.4635556
Dropping frame 1403636697.5635555
Dropping frame 1403636698.0135555
Dropping frame 1403636698.6135554
Dropping frame 1403636698.8135555
Dropping frame 1403636699.0135555
Dropping frame 1403636699.1135554
Dropping frame 1403636699.2135556
Dropping frame 1403636699.4135554
Dropping frame 1403636699.5135555
Dropping frame 1403636699.6135554
Dropping frame 1403636699.7135556
Dropping frame 1403636699.8135555
Dropping frame 1403636700.0135555
Dropping frame 1403636700.2135556
Dropping frame 1403636700.4135554
Dropping frame 1403636700.5135555
Dropping frame 1403636700.6135554
Dropping frame 1403636700.8135555
Dropping frame 1403636700.9135554
Dropping frame 1403636701.0135555
Dropping frame 1403636701.2135556
Dropping frame 1403636701.3135555
Dropping frame 1403636701.4135554
Dropping frame 1403636701.6135554
Dropping frame 1403636701.8135555
Dropping frame 1403636702.0135555
Dropping frame 1403636702.2135556
Dropping frame 1403636702.4135554
Dropping frame 1403636702.6135554
Dropping frame 1403636702.8135555
Dropping frame 1403636703.0135555
Dropping frame 1403636703.2635555
Dropping frame 1403636703.5635555
Dropping frame 1403636703.7635555
Dropping frame 1403636703.9135554
Dropping frame 1403636704.1135554
Dropping frame 1403636704.4635556
Dropping frame 1403636704.6635556
Dropping frame 1403636704.7635555
Dropping frame 1403636705.1135554
Dropping frame 1403636705.2135556
Dropping frame 1403636705.3135555
Dropping frame 1403636705.6635556
Dropping frame 1403636705.8635557
Dropping frame 1403636705.9635556
Dropping frame 1403636706.1635556
Dropping frame 1403636706.3635557
Dropping frame 1403636706.5135555
Dropping frame 1403636706.6135554
Dropping frame 1403636707.0635555
Dropping frame 1403636707.2135556
Dropping frame 1403636707.5135555
Dropping frame 1403636707.7135556
Dropping frame 1403636707.9135554
Dropping frame 1403636708.2135556
Dropping frame 1403636708.3635557
Dropping frame 1403636708.5635555
Dropping frame 1403636708.7635555
Dropping frame 1403636708.9635556
Dropping frame 1403636709.0635555
Dropping frame 1403636709.5635555
Dropping frame 1403636709.9135554
Dropping frame 1403636710.1135554
Dropping frame 1403636710.3135555
Dropping frame 1403636710.5135555
Dropping frame 1403636710.7135556
Dropping frame 1403636710.9135554
Dropping frame 1403636711.6635556
Dropping frame 1403636711.8635557
Dropping frame 1403636712.0635555
Dropping frame 1403636712.2635555
Dropping frame 1403636712.4635556
Dropping frame 1403636712.6635556
Dropping frame 1403636712.9135554
Dropping frame 1403636713.3135555
Dropping frame 1403636713.5135555
Dropping frame 1403636713.7135556
Dropping frame 1403636713.9135554
Dropping frame 1403636714.1135554
Dropping frame 1403636714.3135555
Dropping frame 1403636714.5135555
Dropping frame 1403636714.7135556
Dropping frame 1403636714.8135555
Dropping frame 1403636715.0635555
Dropping frame 1403636715.2635555
Dropping frame 1403636715.4635556
Dropping frame 1403636715.6635556
Dropping frame 1403636715.8635557
Dropping frame 1403636716.0635555
Dropping frame 1403636716.8135555
Dropping frame 1403636718.0135555
Dropping frame 1403636718.1135554
Dropping frame 1403636718.5135555
Dropping frame 1403636718.9135554
Dropping frame 1403636719.1635556
Dropping frame 1403636719.3635557
Dropping frame 1403636719.5635555
Dropping frame 1403636719.8635557
Dropping frame 1403636720.0635555
Dropping frame 1403636720.2635555
Dropping frame 1403636720.7635555
Dropping frame 1403636720.9635556
Dropping frame 1403636721.1635556
Dropping frame 1403636721.2635555
Dropping frame 1403636721.5135555
Dropping frame 1403636722.0135555
Dropping frame 1403636722.2135556
Dropping frame 1403636722.4135554
Dropping frame 1403636722.5135555
Dropping frame 1403636722.7135556
Dropping frame 1403636722.9635556
Dropping frame 1403636723.1635556
Dropping frame 1403636723.2635555
Dropping frame 1403636723.4135554
Dropping frame 1403636723.6635556
Dropping frame 1403636723.7635555
Dropping frame 1403636724.0135555
Dropping frame 1403636724.1135554
Dropping frame 1403636724.3135555
Dropping frame 1403636724.5135555
Dropping frame 1403636724.7135556
Dropping frame 1403636724.9135554
Dropping frame 1403636725.0135555
Dropping frame 1403636725.1135554
Dropping frame 1403636725.2635555
Dropping frame 1403636725.4635556
Dropping frame 1403636725.6635556
Dropping frame 1403636725.8635557
Dropping frame 1403636725.9635556
Dropping frame 1403636726.0635555
Dropping frame 1403636726.2635555
Dropping frame 1403636726.4135554
Dropping frame 1403636726.5135555
Dropping frame 1403636726.6135554
Dropping frame 1403636726.8635557
Dropping frame 1403636726.9635556
Dropping frame 1403636727.2635555
Dropping frame 1403636727.4635556
Dropping frame 1403636727.5635555
Dropping frame 1403636727.6635556
Dropping frame 1403636727.8635557
Dropping frame 1403636727.9635556
Dropping frame 1403636728.0635555
Dropping frame 1403636728.2635555
Dropping frame 1403636728.4635556
Dropping frame 1403636728.5635555
Dropping frame 1403636728.7635555
Dropping frame 1403636728.8635557
Dropping frame 1403636728.9635556
Dropping frame 1403636729.0635555
Dropping frame 1403636729.2635555
Dropping frame 1403636729.3635557
Dropping frame 1403636729.4635556
Dropping frame 1403636729.6635556
Dropping frame 1403636729.8635557
Dropping frame 1403636729.9635556
Dropping frame 1403636730.0635555
Dropping frame 1403636730.2635555
Dropping frame 1403636730.4635556
Dropping frame 1403636730.6635556
Dropping frame 1403636730.8635557
Dropping frame 1403636730.9635556
Dropping frame 1403636731.0635555
Dropping frame 1403636731.2135556
Dropping frame 1403636731.4135554
Dropping frame 1403636731.5135555
Dropping frame 1403636731.6135554
Dropping frame 1403636731.8135555
Dropping frame 1403636732.0135555
Dropping frame 1403636732.2135556
Dropping frame 1403636732.3135555
Dropping frame 1403636732.4135554
Dropping frame 1403636732.6135554
Dropping frame 1403636732.8135555
Dropping frame 1403636732.9135554
Dropping frame 1403636733.0135555
Dropping frame 1403636733.1135554
Dropping frame 1403636733.3135555
Dropping frame 1403636733.4135554
Dropping frame 1403636733.5135555
Dropping frame 1403636733.6135554
Dropping frame 1403636733.8135555
Dropping frame 1403636734.0135555
Dropping frame 1403636734.2135556
Dropping frame 1403636734.3135555
Dropping frame 1403636734.5135555
Dropping frame 1403636734.7135556
Dropping frame 1403636734.8135555
Dropping frame 1403636734.9135554
Dropping frame 1403636735.0135555
Dropping frame 1403636735.1135554
Dropping frame 1403636735.3135555
Dropping frame 1403636735.4135554
Dropping frame 1403636735.6135554
Dropping frame 1403636735.8135555
Dropping frame 1403636735.9135554
Dropping frame 1403636736.0135555
Dropping frame 1403636736.2135556
Dropping frame 1403636736.3135555
Dropping frame 1403636736.4135554
Dropping frame 1403636736.5135555
Dropping frame 1403636736.7135556
Dropping frame 1403636736.8135555
Dropping frame 1403636736.9135554
Dropping frame 1403636737.1135554
Dropping frame 1403636737.3135555
Dropping frame 1403636737.4135554
Dropping frame 1403636737.5135555
Dropping frame 1403636737.7135556
Dropping frame 1403636737.8135555
Dropping frame 1403636737.9135554
Dropping frame 1403636738.1135554
Dropping frame 1403636738.2135556
Dropping frame 1403636738.3135555
Dropping frame 1403636738.4135554
Dropping frame 1403636738.5135555
Dropping frame 1403636738.6135554
Dropping frame 1403636738.7135556
Dropping frame 1403636738.8135555
Dropping frame 1403636738.9135554
Dropping frame 1403636739.1135554
Dropping frame 1403636739.3135555
Dropping frame 1403636739.5135555
Dropping frame 1403636739.6135554
Dropping frame 1403636739.7135556
Dropping frame 1403636739.8135555
Dropping frame 1403636739.9135554
Dropping frame 1403636740.0135555
Dropping frame 1403636740.1135554
Dropping frame 1403636740.3135555
Dropping frame 1403636740.5135555
Dropping frame 1403636740.7135556
Dropping frame 1403636740.9135554
Dropping frame 1403636741.1135554
Dropping frame 1403636741.3135555
Dropping frame 1403636741.4135554
Dropping frame 1403636741.5135555
Dropping frame 1403636741.7135556
Dropping frame 1403636741.9135554
Dropping frame 1403636742.1135554
Dropping frame 1403636742.2135556
Dropping frame 1403636742.3135555
Dropping frame 1403636742.5135555
Dropping frame 1403636742.7135556
Dropping frame 1403636742.9135554
Dropping frame 1403636743.1135554
Dropping frame 1403636743.2135556
Dropping frame 1403636743.4135554
Dropping frame 1403636743.6135554
Dropping frame 1403636743.8135555
Dropping frame 1403636744.0135555
Dropping frame 1403636744.1135554
Dropping frame 1403636744.2135556
Dropping frame 1403636744.4135554
Dropping frame 1403636744.5135555
Dropping frame 1403636744.7135556
Dropping frame 1403636744.9135554
Dropping frame 1403636745.1135554
Dropping frame 1403636745.3135555
Dropping frame 1403636745.5135555
Dropping frame 1403636745.6135554
Dropping frame 1403636745.7135556
Dropping frame 1403636745.8135555
Dropping frame 1403636745.9135554
Dropping frame 1403636746.0135555
Dropping frame 1403636746.1635556
Dropping frame 1403636746.2635555
Dropping frame 1403636746.4135554
Dropping frame 1403636746.6135554
Dropping frame 1403636746.8135555
Dropping frame 1403636747.0135555
Dropping frame 1403636747.1135554
Dropping frame 1403636747.2135556
Dropping frame 1403636747.3135555
Dropping frame 1403636747.5135555
Dropping frame 1403636747.7135556
Dropping frame 1403636747.8135555
Dropping frame 1403636747.9135554
Dropping frame 1403636748.0135555
Dropping frame 1403636748.1135554
Dropping frame 1403636748.5635555
Dropping frame 1403636748.7635555
Dropping frame 1403636748.9635556
Dropping frame 1403636749.1635556
Dropping frame 1403636749.3635557
Dropping frame 1403636749.5635555
Dropping frame 1403636749.6635556
Dropping frame 1403636749.7635555
Dropping frame 1403636749.9635556
Dropping frame 1403636750.1635556
Dropping frame 1403636750.3635557
Dropping frame 1403636750.5635555
Dropping frame 1403636750.7635555
Dropping frame 1403636750.9635556
Dropping frame 1403636751.0635555
Dropping frame 1403636751.1635556
Dropping frame 1403636751.3635557
Dropping frame 1403636751.5635555
Dropping frame 1403636751.6635556
Dropping frame 1403636751.7635555
Dropping frame 1403636751.9635556
Dropping frame 1403636752.1635556
Dropping frame 1403636752.3635557
Dropping frame 1403636752.5635555
Dropping frame 1403636752.7635555
Dropping frame 1403636752.8635557
Dropping frame 1403636753.1135554
Dropping frame 1403636753.3135555
Dropping frame 1403636753.5135555
Dropping frame 1403636754.4135554
Dropping frame 1403636754.6135554
Dropping frame 1403636754.8135555
Dropping frame 1403636754.9135554
Dropping frame 1403636755.0135555
Dropping frame 1403636755.2135556
Dropping frame 1403636755.4135554
Dropping frame 1403636755.6135554
Dropping frame 1403636755.7135556
Dropping frame 1403636755.8135555
Dropping frame 1403636756.0135555
Dropping frame 1403636756.2135556
Dropping frame 1403636756.4135554
Dropping frame 1403636756.6135554
Dropping frame 1403636756.8135555
Dropping frame 1403636757.0135555
Dropping frame 1403636757.3635557
Dropping frame 1403636757.6135554
Dropping frame 1403636757.8135555
Dropping frame 1403636758.0135555
Dropping frame 1403636758.1135554
Dropping frame 1403636758.2135556
Dropping frame 1403636758.4135554
Dropping frame 1403636758.6135554
Dropping frame 1403636758.7135556
Dropping frame 1403636758.9135554
Dropping frame 1403636759.1135554
Dropping frame 1403636759.2135556
Dropping frame 1403636759.3135555
Dropping frame 1403636759.4135554
Dropping frame 1403636759.6135554
Dropping frame 1403636759.8135555
Dropping frame 1403636760.0135555
Dropping frame 1403636760.1135554
Dropping frame 1403636760.3635557
Dropping frame 1403636760.5635555
Dropping frame 1403636760.6635556
Dropping frame 1403636760.7635555
Dropping frame 1403636760.9635556
Dropping frame 1403636761.0635555
Dropping frame 1403636761.1635556
Dropping frame 1403636761.2635555
Dropping frame 1403636761.3635557
Dropping frame 1403636761.4635556
Dropping frame 1403636761.6635556
Dropping frame 1403636761.8635557
Dropping frame 1403636761.9635556
Dropping frame 1403636762.0635555
Dropping frame 1403636762.2635555
Dropping frame 1403636762.4635556
Dropping frame 1403636762.6635556
Dropping frame 1403636762.7635555
Dropping frame 1403636763.5135555
Dropping frame 1403636763.6135554
Dropping frame 1403636763.8135555
Shutdown
SLAM Finished at System Time: 1742750970.65639

 TIME STATS in ms (mean$\pm$std)
OpenCV version: 4.8.1
---------------------------
Tracking

ORB Extraction: 21.38$\pm$1.9459
Stereo Matching: 7.3524$\pm$1.9251
IMU Preintegration: 0.26865$\pm$0.11528
Pose Prediction: 0.20541$\pm$0.57135
LM Track: 20.472$\pm$6.1589
New KF decision: 1.1483$\pm$2.1624
Total Tracking: 32.81$\pm$28.331



Local Mapping

KF Insertion: 19.112$\pm$7.8033
MP Culling: 0.53291$\pm$0.2256
MP Creation: 52.687$\pm$17.583
LBA: 163.61$\pm$59.189
KF Culling: 18.463$\pm$11.635
Total Local Mapping: 254.58$\pm$86.213
---------------------------

LBA complexity (mean$\pm$std)
LBA Edges: 1960.8$\pm$833.1
LBA KF optimized: 6.5$\pm$2.2913
LBA KF fixed: 1$\pm$0
LBA MP: nan$\pm$nan

LBA executions: 528
LBA aborts: 0
---------------------------

Map complexity
KFs in map: 126
MPs in map: 9104
---------------------------

Place Recognition (mean$\pm$std)
Database Query: 1.6317$\pm$0.98004
SE3 estimation: 14.166$\pm$19.491
Total Place Recognition: 14.358$\pm$19.693


Loop Closing (mean$\pm$std)
Loop Fusion: nan$\pm$nan
Essential Graph: nan$\pm$nan
Total Loop Closing: nan$\pm$nan

Num exec: 0
Number of KFs: nan$\pm$nan

Map Merging (mean$\pm$std)
Merge Maps: nan$\pm$nan
Welding BA: nan$\pm$nan
Optimization Ess.: nan$\pm$nan
Total Map Merging: nan$\pm$nan

Num exec: 0
Number of KFs: nan$\pm$nan
Number of MPs: nan$\pm$nan

Full GBA (mean$\pm$std)
GBA: nan$\pm$nan
Map Update: nan$\pm$nan
Total Full GBA: nan$\pm$nan

Num exec: 0
Num abort: 0
Number of KFs: nan$\pm$nan
Number of MPs: nan$\pm$nan

Saving trajectory to f_dataset-MH01_stereo_imu.txt ...
There are 1 maps in the atlas
  Map 0 has 126 KFs

End of saving trajectory to f_dataset-MH01_stereo_imu.txt ...

Saving keyframe trajectory to kf_dataset-MH01_stereo_imu.txt ...
