num_seq = 1
file name: dataset-V102_stereo_imu
Loading images for sequence 0...LOADED!
Loading IMU for sequence 0...LOADED!

-------

ORB-SLAM3 Copyright (C) 2017-2020 Carlos Campos, Richard Elvira, Juan J. Gómez, José M.M. Montiel and Juan D. Tardós, University of Zaragoza.
ORB-SLAM2 Copyright (C) 2014-2016 Raúl Mur-Artal, José M.M. Montiel and Juan D. Tardós, University of Zaragoza.
This program comes with ABSOLUTELY NO WARRANTY;
This is free software, and you are welcome to redistribute it
under certain conditions. See LICENSE.txt.

Built with REGISTER_TIMES
Git Commit Hash: 48ed9a3

Build Type: Release

Compiled with C++ version: 201703

Input sensor was set to: Stereo-Inertial
Loading settings from ./Examples/Stereo-Inertial/EuRoC_oasis.yaml
	-Loaded camera 1
	-Loaded camera 2
	-Loaded image info
	-Loaded IMU calibration
	-Loaded ORB settings
	-Loaded viewer settings
	-Loaded Atlas settings
OASIS enabled
	-Loaded misc parameters
	-Computed rectification maps
----------------------------------
SLAM settings: 
	-Camera 1 parameters (Pinhole): [ 458.65399169921875 457.29598999023438 367.21499633789062 248.375 ]
	-Camera 1 distortion parameters: [  -0.28340810537338257 0.073959067463874817 0.00019359000725671649 1.7618711353861727e-05 ]
	-Camera 2 parameters (Pinhole: [ 457.58700561523438 456.13400268554688 379.99899291992188 255.23800659179688 ]
	-Camera 1 distortion parameters: [  -0.2836836576461792 0.074512839317321777 -0.00010473000293131918 -3.555907096597366e-05 ]
	-Original image size: [ 752 , 480 ]
	-Current image size: [ 752 , 480 ]
	-Camera 1 parameters after rectification: [  456.71499633789062 456.71499633789062 364.52615356445312 257.268798828125 ]
	-Sequence FPS: 20
	-Stereo baseline: 0.11007784307003021
	-Stereo depth threshold : 60
	-Gyro noise: 0.00016999999934341758
	-Accelerometer noise: 0.0020000000949949026
	-Gyro walk: 1.9392999092815444e-05
	-Accelerometer walk: 0.0030000000260770321
	-IMU frequency: 200
	-Features per image: 1200
	-ORB scale factor: 1.2000000476837158
	-ORB number of scales: 8
	-Initial FAST threshold: 20
	-Min FAST threshold: 7


Loading ORB Vocabulary. This could take a while...
Vocabulary loaded!

Initialization of Atlas from scratch 
Creation of new map with id: 0
Creation of new map with last KF id: 0
Seq. Name: 
There are 1 cameras in the atlas
Camera 0 is pinhole
SLAM Started at System Time: 1749731891.11715
not IMU meas
not IMU meas
not enough acceleration
not enough acceleration
not enough acceleration
not enough acceleration
not enough acceleration
not enough acceleration
not enough acceleration
not enough acceleration
not enough acceleration
not enough acceleration
not enough acceleration
not enough acceleration
not enough acceleration
not enough acceleration
not enough acceleration
not enough acceleration
not enough acceleration
not enough acceleration
not enough acceleration
not enough acceleration
not enough acceleration
not enough acceleration
not enough acceleration
not enough acceleration
not enough acceleration
not enough acceleration
not enough acceleration
not enough acceleration
not enough acceleration
not enough acceleration
not enough acceleration
not enough acceleration
not enough acceleration
not enough acceleration
not enough acceleration
not enough acceleration
not enough acceleration
not enough acceleration
not enough acceleration
not enough acceleration
not enough acceleration
not enough acceleration
not enough acceleration
not enough acceleration
not enough acceleration
not enough acceleration
not enough acceleration
not enough acceleration
not enough acceleration
not enough acceleration
not enough acceleration
not enough acceleration
not enough acceleration
not enough acceleration
not enough acceleration
not enough acceleration
not enough acceleration
not enough acceleration
not enough acceleration
not enough acceleration
not enough acceleration
not enough acceleration
not enough acceleration
not enough acceleration
not enough acceleration
not enough acceleration
not enough acceleration
not enough acceleration
not enough acceleration
not enough acceleration
not enough acceleration
not enough acceleration
not enough acceleration
not enough acceleration
not enough acceleration
not enough acceleration
not enough acceleration
not enough acceleration
not enough acceleration
not enough acceleration
not enough acceleration
not enough acceleration
not enough acceleration
not enough acceleration
not enough acceleration
not enough acceleration
not enough acceleration
not enough acceleration
First KF:0; Map init KF:0
New Map created with 58 points
Active map: 0
Not enough motion for initializing. Reseting...
TRACK: Reset map because local mapper set the bad imu flag 
LM: Active map reset recieved
LM: Active map reset, waiting...
LM: Reseting current map in Local Mapping...
LM: End reseting Local Mapping...
LM: Reset free the mutex
LM: Active map reset, Done!!!
mnFirstFrameId = 90
mnInitialFrameId = 0
89 Frames set to lost
not IMU meas
not enough acceleration
not enough acceleration
not enough acceleration
not enough acceleration
First KF:28; Map init KF:0
New Map created with 657 points
Active map: 0
start VIBA 1
end VIBA 1
Fail to track local map!
IMU is not or recently initialized. Reseting active map...
Skipped/Dropped frame 1403715539.2621429
LM: Active map reset recieved
LM: Active map reset, waiting...
LM: Reseting current map in Local Mapping...
LM: End reseting Local Mapping...
LM: Reset free the mutex
LM: Active map reset, Done!!!
mnFirstFrameId = 185
mnInitialFrameId = 179
212 Frames set to lost
not IMU meas
Skipped/Dropped frame 1403715539.362143
Skipped/Dropped frame 1403715539.412143
Skipped/Dropped frame 1403715539.4621429
Skipped/Dropped frame 1403715539.5121431
not enough acceleration
not enough acceleration
First KF:66; Map init KF:28
New Map created with 806 points
Active map: 0
start VIBA 1
end VIBA 1
start VIBA 2
end VIBA 2
Fail to track local map!
Fail to track local map!
Skipped/Dropped frame 1403715558.7621429
PR: Loop detected with Reffine Sim3
*Loop detected
phi = -0.0027502773758701729  0.0020887144732440813  0.0028792128251009671
Local Mapping STOP
Local Mapping RELEASE
Fail to track local map!
Skipped/Dropped frame 1403715577.8121431
Fail to track local map!
Skipped/Dropped frame 1403715577.912143
Local Mapping STOP
Local Mapping RELEASE
Fail to track local map!
Skipped/Dropped frame 1403715587.5121431
Fail to track local map!
Skipped/Dropped frame 1403715587.912143
Fail to track local map!
Fail to track local map!
Skipped/Dropped frame 1403715597.2121432
Fail to track local map!
Skipped/Dropped frame 1403715597.3121431
Fail to track local map!
Skipped/Dropped frame 1403715597.412143
Fail to track local map!
Fail to track local map!
Skipped/Dropped frame 1403715597.7121432
Fail to track local map!
Skipped/Dropped frame 1403715606.8121431
Shutdown
SLAM Finished at System Time: 1749731989.99875

 TIME STATS in ms (mean$\pm$std)
OpenCV version: 4.6.0
---------------------------
Tracking

ORB Extraction: 14.64$\pm$4.1906
Stereo Matching: 6.6162$\pm$3.1283
IMU Preintegration: 0.13543$\pm$0.19305
Pose Prediction: 0.38272$\pm$1.3164
LM Track: 10.968$\pm$4.9195
New KF decision: 0.24007$\pm$0.46649
Total Tracking: 35.763$\pm$13.097



Local Mapping

KF Insertion: 8.1517$\pm$2.9476
MP Culling: 0.29929$\pm$0.14298
MP Creation: 22.399$\pm$12.485
LBA: 107.26$\pm$49.606
KF Culling: 8.0204$\pm$6.7381
Total Local Mapping: 146.07$\pm$68.506
---------------------------

LBA complexity (mean$\pm$std)
LBA Edges: 2849.6$\pm$1230.9
LBA KF optimized: 5.9167$\pm$2.2345
LBA KF fixed: 1.4167$\pm$0.99652
LBA MP: -nan$\pm$-nan

LBA executions: 364
LBA aborts: 1
---------------------------

Map complexity
KFs in map: 112
MPs in map: 10020
---------------------------

Place Recognition (mean$\pm$std)
Database Query: 1.1306$\pm$0.51448
SE3 estimation: 15.838$\pm$11.013
Total Place Recognition: 10.742$\pm$12.06


Loop Closing (mean$\pm$std)
Loop Fusion: 64.388$\pm$0
Essential Graph: 31.31$\pm$0
Total Loop Closing: 119.4$\pm$0

Num exec: 1
Number of KFs: -nan$\pm$-nan

Map Merging (mean$\pm$std)
Merge Maps: -nan$\pm$-nan
Welding BA: -nan$\pm$-nan
Optimization Ess.: -nan$\pm$-nan
Total Map Merging: -nan$\pm$-nan

Num exec: 0
Number of KFs: -nan$\pm$-nan
Number of MPs: -nan$\pm$-nan

Full GBA (mean$\pm$std)
GBA: 924.42$\pm$0
Map Update: 174.54$\pm$0
Total Full GBA: 1099$\pm$0

Num exec: 1
Num abort: 0
Number of KFs: 92$\pm$0
Number of MPs: 10229$\pm$0

Saving trajectory to f_dataset-V102_stereo_imu.txt ...
There are 1 maps in the atlas
  Map 0 has 112 KFs

End of saving trajectory to f_dataset-V102_stereo_imu.txt ...

Saving keyframe trajectory to kf_dataset-V102_stereo_imu.txt ...
