num_seq = 1
file name: dataset-V201_stereo_imu
Loading images for sequence 0...LOADED!
Loading IMU for sequence 0...LOADED!

-------

ORB-SLAM3 Copyright (C) 2017-2020 Carlos Campos, Richard Elvira, Juan J. Gómez, José M.M. Montiel and Juan D. Tardós, University of Zaragoza.
ORB-SLAM2 Copyright (C) 2014-2016 Raúl Mur-Artal, José M.M. Montiel and Juan D. Tardós, University of Zaragoza.
This program comes with ABSOLUTELY NO WARRANTY;
This is free software, and you are welcome to redistribute it
under certain conditions. See LICENSE.txt.

Built with REGISTER_TIMES
Git Commit Hash: 33f00b6

Build Type: Release

Compiled with C++ version: 201703

Input sensor was set to: Stereo-Inertial
Loading settings from EuRoC_fov_deadlines_mask_11x11.yaml
	-Loaded camera 1
	-Loaded camera 2
	-Loaded image info
	-Loaded IMU calibration
	-Loaded ORB settings
	-Loaded viewer settings
	-Loaded Atlas settings
Deadlines enabled, will skip frames!
FOV enabled
Static mask size: 11x11
Dumping map points enabled
	-Loaded misc parameters
	-Computed rectification maps
----------------------------------
SLAM settings: 
	-Camera 1 parameters (Pinhole): [ 458.65399169921875 457.29598999023438 367.21499633789062 248.375 ]
	-Camera 1 distortion parameters: [  -0.28340810537338257 0.073959067463874817 0.00019359000725671649 1.7618711353861727e-05 ]
	-Camera 2 parameters (Pinhole: [ 457.58700561523438 456.13400268554688 379.99899291992188 255.23800659179688 ]
	-Camera 1 distortion parameters: [  -0.2836836576461792 0.074512839317321777 -0.00010473000293131918 -3.555907096597366e-05 ]
	-Original image size: [ 752 , 480 ]
	-Current image size: [ 752 , 480 ]
	-Camera 1 parameters after rectification: [  456.71499633789062 456.71499633789062 364.52615356445312 257.268798828125 ]
	-Sequence FPS: 20
	-Stereo baseline: 0.11007784307003021
	-Stereo depth threshold : 60
	-Gyro noise: 0.00016999999934341758
	-Accelerometer noise: 0.0020000000949949026
	-Gyro walk: 1.9392999092815444e-05
	-Accelerometer walk: 0.0030000000260770321
	-IMU frequency: 200
	-Features per image: 1200
	-ORB scale factor: 1.2000000476837158
	-ORB number of scales: 8
	-Initial FAST threshold: 20
	-Min FAST threshold: 7


Loading ORB Vocabulary. This could take a while...
Vocabulary loaded!

Initialization of Atlas from scratch 
Creation of new map with id: 0
Creation of new map with last KF id: 0
Seq. Name: 
There are 1 cameras in the atlas
Camera 0 is pinhole
SLAM Started at System Time: 1746992257.75744
not IMU meas
not IMU meas
not enough acceleration
not enough acceleration
not enough acceleration
not enough acceleration
not enough acceleration
not enough acceleration
not enough acceleration
not enough acceleration
not enough acceleration
not enough acceleration
not enough acceleration
not enough acceleration
not enough acceleration
not enough acceleration
not enough acceleration
not enough acceleration
not enough acceleration
not enough acceleration
not enough acceleration
not enough acceleration
not enough acceleration
not enough acceleration
not enough acceleration
not enough acceleration
not enough acceleration
not enough acceleration
not enough acceleration
not enough acceleration
not enough acceleration
not enough acceleration
not enough acceleration
not enough acceleration
not enough acceleration
not enough acceleration
not enough acceleration
not enough acceleration
not enough acceleration
not enough acceleration
not enough acceleration
not enough acceleration
not enough acceleration
not enough acceleration
not enough acceleration
not enough acceleration
not enough acceleration
not enough acceleration
not enough acceleration
not enough acceleration
not enough acceleration
not enough acceleration
not enough acceleration
not enough acceleration
not enough acceleration
not enough acceleration
not enough acceleration
not enough acceleration
not enough acceleration
not enough acceleration
not enough acceleration
not enough acceleration
not enough acceleration
not enough acceleration
not enough acceleration
not enough acceleration
not enough acceleration
not enough acceleration
not enough acceleration
not enough acceleration
not enough acceleration
not enough acceleration
not enough acceleration
not enough acceleration
not enough acceleration
not enough acceleration
not enough acceleration
not enough acceleration
not enough acceleration
not enough acceleration
not enough acceleration
not enough acceleration
not enough acceleration
not enough acceleration
not enough acceleration
not enough acceleration
First KF:0; Map init KF:0
New Map created with 851 points
Active map: 0
Dropping frame 1413393216.6057606
Dropping frame 1413393216.8057606
Dropping frame 1413393216.9057605
Dropping frame 1413393217.0057604
Dropping frame 1413393217.2057605
Dropping frame 1413393217.4057605
Dropping frame 1413393217.6057606
Dropping frame 1413393217.7057605
Dropping frame 1413393217.8057606
Dropping frame 1413393218.0057604
Dropping frame 1413393218.1057606
Dropping frame 1413393218.2057605
Dropping frame 1413393218.4057605
Dropping frame 1413393218.5057604
Dropping frame 1413393218.7557604
Dropping frame 1413393218.9557605
Dropping frame 1413393219.1557603
Dropping frame 1413393219.2557604
Dropping frame 1413393219.3557603
Dropping frame 1413393219.5557604
Dropping frame 1413393219.7557604
Dropping frame 1413393219.9557605
Dropping frame 1413393220.0557604
Dropping frame 1413393220.1557603
Dropping frame 1413393220.3557603
Dropping frame 1413393220.5557604
Dropping frame 1413393220.6557603
Dropping frame 1413393220.7557604
Dropping frame 1413393220.8557603
Dropping frame 1413393221.0557604
Dropping frame 1413393221.2057605
Dropping frame 1413393221.4057605
Dropping frame 1413393221.5057604
Dropping frame 1413393221.6057606
Dropping frame 1413393221.8057606
start VIBA 1
Dropping frame 1413393222.0057604
end VIBA 1
Dropping frame 1413393222.2057605
Dropping frame 1413393222.3057606
Dropping frame 1413393222.4057605
Dropping frame 1413393222.8557603
Dropping frame 1413393222.9557605
Dropping frame 1413393223.0557604
Dropping frame 1413393223.2557604
Dropping frame 1413393223.4557605
Dropping frame 1413393223.6557603
Dropping frame 1413393223.7557604
Dropping frame 1413393223.8557603
Dropping frame 1413393224.0557604
Dropping frame 1413393224.1557603
Dropping frame 1413393224.4057605
Dropping frame 1413393224.6057606
Dropping frame 1413393224.8057606
Dropping frame 1413393225.0057604
Dropping frame 1413393225.1057606
Dropping frame 1413393225.3557603
Dropping frame 1413393225.4557605
Dropping frame 1413393225.6557603
Dropping frame 1413393225.7557604
Dropping frame 1413393225.8557603
Dropping frame 1413393226.2057605
Dropping frame 1413393226.4057605
Dropping frame 1413393226.5057604
Dropping frame 1413393226.6057606
Dropping frame 1413393226.8057606
Dropping frame 1413393226.9057605
Dropping frame 1413393227.1557603
Dropping frame 1413393227.2557604
Dropping frame 1413393227.3557603
Dropping frame 1413393227.5557604
Dropping frame 1413393227.7557604
Dropping frame 1413393227.9557605
Dropping frame 1413393228.0557604
Dropping frame 1413393228.1557603
Dropping frame 1413393228.2557604
Dropping frame 1413393228.3557603
Dropping frame 1413393228.4557605
Dropping frame 1413393228.5557604
Dropping frame 1413393228.8057606
Dropping frame 1413393229.0057604
Dropping frame 1413393230.5057604
Dropping frame 1413393230.7057605
Dropping frame 1413393230.8057606
Dropping frame 1413393230.9057605
Dropping frame 1413393231.1557603
Dropping frame 1413393231.2557604
Dropping frame 1413393231.3557603
Dropping frame 1413393231.5557604
Dropping frame 1413393231.6557603
Dropping frame 1413393231.9057605
start VIBA 2
Dropping frame 1413393232.0057604
Dropping frame 1413393232.1057606
end VIBA 2
Dropping frame 1413393232.3057606
Dropping frame 1413393232.5057604
Dropping frame 1413393232.6057606
Dropping frame 1413393232.9057605
Dropping frame 1413393233.1057606
Dropping frame 1413393233.2057605
Dropping frame 1413393233.3057606
Dropping frame 1413393233.5057604
Dropping frame 1413393233.7057605
Dropping frame 1413393233.9057605
Dropping frame 1413393234.1057606
Dropping frame 1413393234.2057605
Dropping frame 1413393234.4557605
Dropping frame 1413393234.5557604
Dropping frame 1413393234.6557603
Dropping frame 1413393235.0057604
Dropping frame 1413393235.2057605
Dropping frame 1413393235.3057606
Dropping frame 1413393235.4057605
Dropping frame 1413393235.6057606
Dropping frame 1413393235.8057606
Dropping frame 1413393235.9057605
Dropping frame 1413393236.0057604
Dropping frame 1413393236.1057606
Dropping frame 1413393236.3057606
Dropping frame 1413393236.5057604
Dropping frame 1413393236.7057605
Dropping frame 1413393236.8057606
Dropping frame 1413393237.0557604
Dropping frame 1413393237.1557603
Dropping frame 1413393237.2557604
Dropping frame 1413393237.4557605
Dropping frame 1413393237.5557604
Dropping frame 1413393237.6557603
Dropping frame 1413393237.8557603
Dropping frame 1413393238.0557604
Dropping frame 1413393238.2557604
Dropping frame 1413393238.4557605
Dropping frame 1413393238.6557603
Dropping frame 1413393238.8557603
Dropping frame 1413393239.0557604
Dropping frame 1413393239.1557603
Dropping frame 1413393239.2557604
Dropping frame 1413393239.3557603
Dropping frame 1413393239.5557604
Dropping frame 1413393239.6557603
Dropping frame 1413393239.7557604
Dropping frame 1413393240.0057604
Dropping frame 1413393240.1057606
Dropping frame 1413393240.3057606
Dropping frame 1413393240.9057605
Dropping frame 1413393241.0057604
Dropping frame 1413393241.2557604
Dropping frame 1413393241.5057604
Dropping frame 1413393241.6057606
Dropping frame 1413393241.9057605
Dropping frame 1413393242.0057604
Dropping frame 1413393242.1057606
Dropping frame 1413393242.3057606
Dropping frame 1413393242.5057604
Dropping frame 1413393242.7057605
Dropping frame 1413393242.8057606
Dropping frame 1413393242.9057605
Dropping frame 1413393243.1557603
Dropping frame 1413393243.3557603
Dropping frame 1413393243.5557604
Dropping frame 1413393243.6557603
Dropping frame 1413393243.7557604
Dropping frame 1413393243.9557605
Dropping frame 1413393244.1557603
Dropping frame 1413393244.2557604
Dropping frame 1413393244.7057605
Dropping frame 1413393244.9057605
Dropping frame 1413393245.2057605
Dropping frame 1413393245.3057606
Dropping frame 1413393245.5557604
Dropping frame 1413393245.7557604
Dropping frame 1413393245.8557603
Dropping frame 1413393245.9557605
Dropping frame 1413393246.2557604
Dropping frame 1413393246.3557603
Dropping frame 1413393246.6057606
Dropping frame 1413393246.8057606
Dropping frame 1413393247.0057604
Dropping frame 1413393247.1057606
Dropping frame 1413393247.3557603
Dropping frame 1413393247.4557605
Dropping frame 1413393247.7057605
Dropping frame 1413393247.8057606
Dropping frame 1413393248.0557604
Dropping frame 1413393248.1557603
Dropping frame 1413393248.4057605
Dropping frame 1413393249.4057605
Dropping frame 1413393249.7557604
Dropping frame 1413393250.1057606
Dropping frame 1413393250.3057606
Dropping frame 1413393250.4057605
Dropping frame 1413393250.6557603
Dropping frame 1413393250.7557604
Dropping frame 1413393251.0057604
Dropping frame 1413393251.2057605
Dropping frame 1413393251.4057605
Dropping frame 1413393251.6057606
Dropping frame 1413393251.7057605
Dropping frame 1413393251.9557605
Dropping frame 1413393252.2557604
Dropping frame 1413393252.3557603
Dropping frame 1413393252.4557605
Dropping frame 1413393252.8057606
Dropping frame 1413393252.9057605
Dropping frame 1413393253.0557604
Dropping frame 1413393253.2557604
Dropping frame 1413393253.4557605
Dropping frame 1413393253.6557603
Dropping frame 1413393253.7557604
Dropping frame 1413393253.8557603
Dropping frame 1413393254.0557604
Dropping frame 1413393254.2557604
Dropping frame 1413393254.4557605
Dropping frame 1413393254.7557604
Dropping frame 1413393254.8557603
Dropping frame 1413393255.1057606
Dropping frame 1413393255.2057605
Dropping frame 1413393255.3057606
Dropping frame 1413393255.5057604
Dropping frame 1413393255.6057606
Dropping frame 1413393255.7057605
Dropping frame 1413393255.9057605
Dropping frame 1413393256.0057604
Dropping frame 1413393256.1057606
Dropping frame 1413393256.3057606
Dropping frame 1413393256.4057605
Dropping frame 1413393256.5057604
Dropping frame 1413393256.7057605
Dropping frame 1413393256.8057606
Dropping frame 1413393256.9057605
Dropping frame 1413393257.1057606
Dropping frame 1413393257.3057606
Dropping frame 1413393257.5057604
Dropping frame 1413393257.9557605
Dropping frame 1413393258.4057605
Dropping frame 1413393258.5057604
Dropping frame 1413393258.9557605
Dropping frame 1413393259.1557603
Dropping frame 1413393259.3057606
Dropping frame 1413393259.4057605
Dropping frame 1413393259.6057606
Dropping frame 1413393259.7557604
Dropping frame 1413393260.0557604
Dropping frame 1413393260.2557604
Dropping frame 1413393260.6057606
Dropping frame 1413393260.7557604
Dropping frame 1413393260.8557603
Dropping frame 1413393261.5557604
Dropping frame 1413393261.9057605
Dropping frame 1413393262.0057604
Dropping frame 1413393262.2557604
Dropping frame 1413393262.3557603
Dropping frame 1413393262.6557603
Dropping frame 1413393262.9057605
Dropping frame 1413393263.1057606
Dropping frame 1413393263.3057606
Dropping frame 1413393263.4057605
Dropping frame 1413393263.7057605
Dropping frame 1413393263.8057606
Dropping frame 1413393264.0557604
Dropping frame 1413393264.2057605
Dropping frame 1413393264.4057605
Dropping frame 1413393264.7557604
Dropping frame 1413393264.8557603
Dropping frame 1413393265.1057606
Dropping frame 1413393265.2557604
Dropping frame 1413393265.4557605
Dropping frame 1413393265.6557603
Dropping frame 1413393265.7557604
Dropping frame 1413393265.8557603
Dropping frame 1413393265.9557605
Dropping frame 1413393266.1057606
Dropping frame 1413393266.4557605
Dropping frame 1413393266.7057605
Dropping frame 1413393266.9057605
Dropping frame 1413393267.1557603
Dropping frame 1413393267.3557603
Dropping frame 1413393267.4557605
Dropping frame 1413393267.7557604
Dropping frame 1413393267.9057605
Dropping frame 1413393268.1057606
Dropping frame 1413393268.3057606
Dropping frame 1413393268.5057604
Dropping frame 1413393268.6057606
Dropping frame 1413393268.7057605
Dropping frame 1413393268.8557603
Dropping frame 1413393269.0557604
Dropping frame 1413393269.2557604
Dropping frame 1413393269.3557603
Dropping frame 1413393269.6557603
Dropping frame 1413393269.8057606
Dropping frame 1413393270.0057604
Dropping frame 1413393270.1057606
Dropping frame 1413393270.2057605
Dropping frame 1413393270.4057605
Dropping frame 1413393270.6057606
Dropping frame 1413393270.7057605
Dropping frame 1413393270.8057606
Dropping frame 1413393271.0557604
Dropping frame 1413393271.2557604
Dropping frame 1413393271.3557603
Dropping frame 1413393271.4557605
Dropping frame 1413393271.7057605
Dropping frame 1413393271.9057605
Dropping frame 1413393272.0057604
Dropping frame 1413393272.1557603
Dropping frame 1413393272.3557603
Dropping frame 1413393272.8557603
Dropping frame 1413393272.9557605
Dropping frame 1413393273.2557604
Dropping frame 1413393273.5557604
Dropping frame 1413393273.7557604
Dropping frame 1413393274.0057604
Dropping frame 1413393274.3057606
Dropping frame 1413393274.6557603
Dropping frame 1413393274.7557604
Dropping frame 1413393275.0057604
Dropping frame 1413393275.2057605
Dropping frame 1413393275.3057606
Dropping frame 1413393275.5557604
Dropping frame 1413393275.7557604
Dropping frame 1413393275.8557603
Dropping frame 1413393275.9557605
Dropping frame 1413393276.0557604
Dropping frame 1413393276.2557604
Dropping frame 1413393276.4557605
Dropping frame 1413393276.5557604
Dropping frame 1413393276.6557603
Dropping frame 1413393276.7557604
Dropping frame 1413393276.9557605
Dropping frame 1413393277.0557604
Dropping frame 1413393277.1557603
Dropping frame 1413393277.3557603
Dropping frame 1413393277.4557605
Dropping frame 1413393277.5557604
Dropping frame 1413393277.7557604
Dropping frame 1413393277.8557603
Dropping frame 1413393277.9557605
Dropping frame 1413393278.1557603
Dropping frame 1413393278.3557603
Dropping frame 1413393278.4557605
Dropping frame 1413393278.7557604
Dropping frame 1413393278.8557603
Dropping frame 1413393278.9557605
Dropping frame 1413393279.0557604
Dropping frame 1413393279.1557603
Dropping frame 1413393279.3557603
Dropping frame 1413393279.5557604
Dropping frame 1413393279.7557604
Dropping frame 1413393279.8557603
Dropping frame 1413393279.9557605
Dropping frame 1413393280.0557604
Dropping frame 1413393280.1557603
Dropping frame 1413393280.4057605
Dropping frame 1413393280.6057606
Dropping frame 1413393280.7057605
Dropping frame 1413393280.9057605
Dropping frame 1413393281.0057604
Dropping frame 1413393281.1057606
Dropping frame 1413393281.5557604
Dropping frame 1413393281.6557603
Dropping frame 1413393281.7557604
Dropping frame 1413393281.9557605
Dropping frame 1413393282.1557603
Dropping frame 1413393282.3557603
Dropping frame 1413393282.4557605
Dropping frame 1413393282.7057605
Dropping frame 1413393282.8057606
Dropping frame 1413393283.0557604
Dropping frame 1413393283.1557603
Dropping frame 1413393283.4057605
Dropping frame 1413393283.5557604
Dropping frame 1413393283.6557603
Dropping frame 1413393283.9057605
Dropping frame 1413393284.1057606
Dropping frame 1413393284.2057605
Dropping frame 1413393284.3057606
Dropping frame 1413393284.4057605
Dropping frame 1413393284.6057606
Dropping frame 1413393284.9557605
Dropping frame 1413393285.0557604
Dropping frame 1413393285.1557603
Dropping frame 1413393285.3557603
Dropping frame 1413393285.5557604
Dropping frame 1413393285.7557604
Dropping frame 1413393285.8557603
Dropping frame 1413393285.9557605
Dropping frame 1413393286.1557603
Dropping frame 1413393286.3557603
Dropping frame 1413393286.5557604
Dropping frame 1413393286.6557603
Dropping frame 1413393286.7557604
Dropping frame 1413393286.9557605
Dropping frame 1413393287.1557603
Dropping frame 1413393287.6057606
Dropping frame 1413393287.8057606
Dropping frame 1413393288.0057604
Dropping frame 1413393288.1057606
Dropping frame 1413393288.2057605
Dropping frame 1413393288.4057605
Dropping frame 1413393288.5057604
Dropping frame 1413393288.6057606
Dropping frame 1413393288.8057606
Dropping frame 1413393289.1057606
Dropping frame 1413393289.2057605
Dropping frame 1413393289.3057606
Dropping frame 1413393289.6057606
Dropping frame 1413393289.8557603
Dropping frame 1413393289.9557605
Dropping frame 1413393290.1057606
Dropping frame 1413393290.2557604
Dropping frame 1413393291.2557604
Dropping frame 1413393291.4557605
Dropping frame 1413393291.5557604
Dropping frame 1413393291.7557604
Dropping frame 1413393291.9557605
Dropping frame 1413393292.1057606
Dropping frame 1413393292.3057606
Dropping frame 1413393292.5557604
Dropping frame 1413393292.9557605
Dropping frame 1413393293.4057605
Dropping frame 1413393293.9057605
Dropping frame 1413393294.1057606
Dropping frame 1413393294.2057605
Dropping frame 1413393294.7557604
Dropping frame 1413393295.1057606
Dropping frame 1413393295.4557605
Dropping frame 1413393295.9557605
Dropping frame 1413393296.1557603
Dropping frame 1413393296.2557604
Dropping frame 1413393296.9057605
Dropping frame 1413393297.0057604
Dropping frame 1413393297.3057606
Dropping frame 1413393297.7057605
Dropping frame 1413393298.1057606
Dropping frame 1413393298.6057606
Dropping frame 1413393298.8557603
Dropping frame 1413393299.2557604
Dropping frame 1413393299.6057606
Dropping frame 1413393299.8057606
Dropping frame 1413393300.3557603
Dropping frame 1413393301.0557604
Dropping frame 1413393301.4057605
Dropping frame 1413393301.5057604
Dropping frame 1413393301.7057605
Dropping frame 1413393301.8557603
Dropping frame 1413393302.2057605
Dropping frame 1413393302.5557604
Dropping frame 1413393302.6557603
Dropping frame 1413393302.7557604
Dropping frame 1413393302.9557605
Dropping frame 1413393303.0557604
Dropping frame 1413393303.1557603
Dropping frame 1413393303.4057605
Dropping frame 1413393303.5057604
Dropping frame 1413393303.6057606
Dropping frame 1413393303.8057606
Dropping frame 1413393304.0057604
Dropping frame 1413393304.1057606
Dropping frame 1413393304.2057605
Dropping frame 1413393304.3057606
Dropping frame 1413393304.4057605
Dropping frame 1413393304.6057606
Dropping frame 1413393304.7057605
Dropping frame 1413393304.9057605
Dropping frame 1413393305.0057604
Dropping frame 1413393305.1057606
Dropping frame 1413393305.3057606
Dropping frame 1413393305.4557605
Dropping frame 1413393305.6557603
Dropping frame 1413393305.8057606
Dropping frame 1413393306.0057604
Dropping frame 1413393306.2057605
Dropping frame 1413393306.4057605
Dropping frame 1413393306.5057604
Dropping frame 1413393306.7057605
Dropping frame 1413393306.8057606
Dropping frame 1413393306.9057605
Dropping frame 1413393307.1057606
Dropping frame 1413393307.2057605
Dropping frame 1413393307.3057606
Dropping frame 1413393307.5057604
Dropping frame 1413393307.7057605
Dropping frame 1413393307.8057606
Dropping frame 1413393307.9557605
Dropping frame 1413393308.0557604
Dropping frame 1413393308.3057606
Dropping frame 1413393308.5057604
Dropping frame 1413393308.6057606
Dropping frame 1413393308.7057605
Dropping frame 1413393308.9057605
Dropping frame 1413393309.1057606
Dropping frame 1413393309.3057606
Dropping frame 1413393309.4057605
Dropping frame 1413393309.5057604
Dropping frame 1413393309.7057605
Dropping frame 1413393309.8057606
Dropping frame 1413393310.0557604
Dropping frame 1413393310.2557604
Dropping frame 1413393310.4557605
Dropping frame 1413393310.5557604
Dropping frame 1413393310.6557603
Dropping frame 1413393310.7557604
Dropping frame 1413393311.0057604
Dropping frame 1413393311.1057606
Dropping frame 1413393311.3057606
Dropping frame 1413393311.5057604
Dropping frame 1413393311.7057605
Dropping frame 1413393311.8057606
Dropping frame 1413393311.9057605
Dropping frame 1413393312.0057604
Dropping frame 1413393312.2057605
Dropping frame 1413393312.3557603
Dropping frame 1413393312.5557604
Dropping frame 1413393312.7557604
Dropping frame 1413393312.8557603
Dropping frame 1413393313.0557604
Dropping frame 1413393313.2057605
Dropping frame 1413393313.4057605
Dropping frame 1413393313.5057604
Dropping frame 1413393313.7557604
Dropping frame 1413393313.9557605
Dropping frame 1413393314.1557603
Dropping frame 1413393314.3557603
Dropping frame 1413393314.4557605
Dropping frame 1413393314.5557604
Dropping frame 1413393314.6557603
Dropping frame 1413393314.9057605
Dropping frame 1413393315.0057604
Dropping frame 1413393315.1057606
Dropping frame 1413393315.2557604
Dropping frame 1413393315.4557605
Dropping frame 1413393315.5557604
Dropping frame 1413393315.6557603
Dropping frame 1413393315.8557603
Dropping frame 1413393315.9557605
Dropping frame 1413393316.0557604
Dropping frame 1413393316.3057606
Dropping frame 1413393316.4057605
Dropping frame 1413393316.5057604
Dropping frame 1413393316.8057606
Dropping frame 1413393316.9057605
Dropping frame 1413393317.0057604
Dropping frame 1413393317.1557603
Dropping frame 1413393317.4057605
Dropping frame 1413393317.6057606
Dropping frame 1413393317.7557604
Dropping frame 1413393318.0057604
Dropping frame 1413393318.3057606
Dropping frame 1413393318.5057604
Dropping frame 1413393318.6057606
Dropping frame 1413393318.9057605
Dropping frame 1413393319.0057604
Dropping frame 1413393319.2557604
Dropping frame 1413393319.4557605
Dropping frame 1413393319.6557603
Dropping frame 1413393319.8557603
Dropping frame 1413393320.0057604
Dropping frame 1413393320.2057605
Dropping frame 1413393320.3057606
Dropping frame 1413393320.4057605
Dropping frame 1413393320.6057606
Dropping frame 1413393320.8057606
Dropping frame 1413393321.0057604
Dropping frame 1413393321.2057605
Dropping frame 1413393321.3057606
Dropping frame 1413393321.4057605
Dropping frame 1413393321.6057606
Dropping frame 1413393321.8057606
Fail to track local map!
Fail to track local map!
Dropping frame 1413393322.0057604
Fail to track local map!
Dropping frame 1413393322.1057606
Fail to track local map!
Dropping frame 1413393322.2057605
Fail to track local map!
Fail to track local map!
Fail to track local map!
Dropping frame 1413393322.4057605
Fail to track local map!
Fail to track local map!
Fail to track local map!
Dropping frame 1413393322.6057606
Fail to track local map!
Fail to track local map!
Fail to track local map!
Dropping frame 1413393322.8057606
Fail to track local map!
Dropping frame 1413393322.9057605
Fail to track local map!
Dropping frame 1413393323.0057604
Fail to track local map!
Fail to track local map!
Fail to track local map!
Dropping frame 1413393323.2057605
Fail to track local map!
Fail to track local map!
Fail to track local map!
Dropping frame 1413393323.4057605
Fail to track local map!
Fail to track local map!
Fail to track local map!
Dropping frame 1413393323.6057606
Fail to track local map!
Dropping frame 1413393323.7057605
Fail to track local map!
Fail to track local map!
Fail to track local map!
Fail to track local map!
Dropping frame 1413393323.9557605
Fail to track local map!
Dropping frame 1413393324.0557604
Fail to track local map!
Fail to track local map!
Fail to track local map!
Fail to track local map!
Dropping frame 1413393324.3057606
Fail to track local map!
Fail to track local map!
Fail to track local map!
Dropping frame 1413393324.5057604
Fail to track local map!
Dropping frame 1413393324.6057606
Fail to track local map!
Dropping frame 1413393324.7057605
Fail to track local map!
Dropping frame 1413393324.8057606
Fail to track local map!
Fail to track local map!
Fail to track local map!
Fail to track local map!
Dropping frame 1413393325.0557604
Fail to track local map!
Fail to track local map!
Dropping frame 1413393325.2557604
Fail to track local map!
Fail to track local map!
Fail to track local map!
Dropping frame 1413393325.4557605
Fail to track local map!
Fail to track local map!
Fail to track local map!
Dropping frame 1413393325.6557603
Fail to track local map!
Fail to track local map!
Dropping frame 1413393325.8557603
Fail to track local map!
Dropping frame 1413393325.9557605
Fail to track local map!
Dropping frame 1413393326.0557604
Fail to track local map!
Fail to track local map!
Fail to track local map!
Shutdown
SLAM Finished at System Time: 1746992394.04939

 TIME STATS in ms (mean$\pm$std)
OpenCV version: 4.8.1
---------------------------
Tracking

ORB Extraction: 17.876$\pm$2.003
Stereo Matching: 9.1352$\pm$3.1762
IMU Preintegration: 0.20321$\pm$0.06195
Pose Prediction: 0.41498$\pm$1.7572
LM Track: 19.279$\pm$4.1707
New KF decision: 1.7376$\pm$3.2514
Total Tracking: 30.772$\pm$26.35



Local Mapping

KF Insertion: 15.695$\pm$4.3838
MP Culling: 0.72056$\pm$0.24199
MP Creation: 47.836$\pm$13.877
LBA: 154.64$\pm$36.095
KF Culling: 14.838$\pm$7.9781
Total Local Mapping: 234.12$\pm$50.385
---------------------------

LBA complexity (mean$\pm$std)
LBA Edges: 4429.9$\pm$1219.3
LBA KF optimized: 6.5$\pm$2.2913
LBA KF fixed: 1$\pm$0
LBA MP: nan$\pm$nan

LBA executions: 324
LBA aborts: 0
---------------------------

Map complexity
KFs in map: 99
MPs in map: 8354
---------------------------

Place Recognition (mean$\pm$std)
Database Query: 1.6965$\pm$0.80889
SE3 estimation: 22.747$\pm$16.839
Total Place Recognition: 20.782$\pm$18.3


Loop Closing (mean$\pm$std)
Loop Fusion: nan$\pm$nan
Essential Graph: nan$\pm$nan
Total Loop Closing: nan$\pm$nan

Num exec: 0
Number of KFs: nan$\pm$nan

Map Merging (mean$\pm$std)
Merge Maps: nan$\pm$nan
Welding BA: nan$\pm$nan
Optimization Ess.: nan$\pm$nan
Total Map Merging: nan$\pm$nan

Num exec: 0
Number of KFs: nan$\pm$nan
Number of MPs: nan$\pm$nan

Full GBA (mean$\pm$std)
GBA: nan$\pm$nan
Map Update: nan$\pm$nan
Total Full GBA: nan$\pm$nan

Num exec: 0
Num abort: 0
Number of KFs: nan$\pm$nan
Number of MPs: nan$\pm$nan

Saving trajectory to f_dataset-V201_stereo_imu.txt ...
There are 1 maps in the atlas
  Map 0 has 99 KFs

End of saving trajectory to f_dataset-V201_stereo_imu.txt ...

Saving keyframe trajectory to kf_dataset-V201_stereo_imu.txt ...
