num_seq = 1
file name: dataset-V103_stereo_imu
Loading images for sequence 0...LOADED!
Loading IMU for sequence 0...LOADED!

-------

ORB-SLAM3 Copyright (C) 2017-2020 Carlos Campos, Richard Elvira, Juan J. Gómez, José M.M. Montiel and Juan D. Tardós, University of Zaragoza.
ORB-SLAM2 Copyright (C) 2014-2016 Raúl Mur-Artal, José M.M. Montiel and Juan D. Tardós, University of Zaragoza.
This program comes with ABSOLUTELY NO WARRANTY;
This is free software, and you are welcome to redistribute it
under certain conditions. See LICENSE.txt.

Built with REGISTER_TIMES
Git Commit Hash: 33f00b6

Build Type: Release

Compiled with C++ version: 201703

Input sensor was set to: Stereo-Inertial
Loading settings from EuRoC_fov_deadlines_mask_5x5.yaml
	-Loaded camera 1
	-Loaded camera 2
	-Loaded image info
	-Loaded IMU calibration
	-Loaded ORB settings
	-Loaded viewer settings
	-Loaded Atlas settings
Deadlines enabled, will skip frames!
FOV enabled
Static mask size: 5x5
Dumping map points enabled
	-Loaded misc parameters
	-Computed rectification maps
----------------------------------
SLAM settings: 
	-Camera 1 parameters (Pinhole): [ 458.65399169921875 457.29598999023438 367.21499633789062 248.375 ]
	-Camera 1 distortion parameters: [  -0.28340810537338257 0.073959067463874817 0.00019359000725671649 1.7618711353861727e-05 ]
	-Camera 2 parameters (Pinhole: [ 457.58700561523438 456.13400268554688 379.99899291992188 255.23800659179688 ]
	-Camera 1 distortion parameters: [  -0.2836836576461792 0.074512839317321777 -0.00010473000293131918 -3.555907096597366e-05 ]
	-Original image size: [ 752 , 480 ]
	-Current image size: [ 752 , 480 ]
	-Camera 1 parameters after rectification: [  456.71499633789062 456.71499633789062 364.52615356445312 257.268798828125 ]
	-Sequence FPS: 20
	-Stereo baseline: 0.11007784307003021
	-Stereo depth threshold : 60
	-Gyro noise: 0.00016999999934341758
	-Accelerometer noise: 0.0020000000949949026
	-Gyro walk: 1.9392999092815444e-05
	-Accelerometer walk: 0.0030000000260770321
	-IMU frequency: 200
	-Features per image: 1200
	-ORB scale factor: 1.2000000476837158
	-ORB number of scales: 8
	-Initial FAST threshold: 20
	-Min FAST threshold: 7


Loading ORB Vocabulary. This could take a while...
Vocabulary loaded!

Initialization of Atlas from scratch 
Creation of new map with id: 0
Creation of new map with last KF id: 0
Seq. Name: 
There are 1 cameras in the atlas
Camera 0 is pinhole
SLAM Started at System Time: 1746869595.29156
not IMU meas
not IMU meas
not enough acceleration
not enough acceleration
not enough acceleration
not enough acceleration
not enough acceleration
not enough acceleration
not enough acceleration
not enough acceleration
not enough acceleration
not enough acceleration
not enough acceleration
not enough acceleration
not enough acceleration
not enough acceleration
not enough acceleration
not enough acceleration
not enough acceleration
not enough acceleration
not enough acceleration
not enough acceleration
not enough acceleration
not enough acceleration
not enough acceleration
not enough acceleration
not enough acceleration
not enough acceleration
not enough acceleration
not enough acceleration
not enough acceleration
not enough acceleration
not enough acceleration
not enough acceleration
not enough acceleration
not enough acceleration
not enough acceleration
not enough acceleration
not enough acceleration
not enough acceleration
not enough acceleration
not enough acceleration
not enough acceleration
not enough acceleration
not enough acceleration
not enough acceleration
not enough acceleration
not enough acceleration
not enough acceleration
not enough acceleration
not enough acceleration
not enough acceleration
not enough acceleration
not enough acceleration
not enough acceleration
not enough acceleration
not enough acceleration
not enough acceleration
not enough acceleration
not enough acceleration
not enough acceleration
not enough acceleration
not enough acceleration
not enough acceleration
not enough acceleration
not enough acceleration
not enough acceleration
not enough acceleration
not enough acceleration
not enough acceleration
not enough acceleration
not enough acceleration
not enough acceleration
not enough acceleration
not enough acceleration
not enough acceleration
not enough acceleration
not enough acceleration
not enough acceleration
not enough acceleration
not enough acceleration
not enough acceleration
not enough acceleration
not enough acceleration
not enough acceleration
not enough acceleration
not enough acceleration
not enough acceleration
not enough acceleration
not enough acceleration
not enough acceleration
not enough acceleration
not enough acceleration
not enough acceleration
not enough acceleration
not enough acceleration
not enough acceleration
not enough acceleration
not enough acceleration
not enough acceleration
not enough acceleration
not enough acceleration
not enough acceleration
not enough acceleration
not enough acceleration
not enough acceleration
not enough acceleration
not enough acceleration
not enough acceleration
not enough acceleration
not enough acceleration
not enough acceleration
not enough acceleration
not enough acceleration
not enough acceleration
not enough acceleration
not enough acceleration
not enough acceleration
not enough acceleration
not enough acceleration
not enough acceleration
not enough acceleration
not enough acceleration
not enough acceleration
not enough acceleration
not enough acceleration
not enough acceleration
not enough acceleration
not enough acceleration
not enough acceleration
not enough acceleration
not enough acceleration
not enough acceleration
not enough acceleration
not enough acceleration
not enough acceleration
First KF:0; Map init KF:0
New Map created with 318 points
Active map: 0
Dropping frame 1403715893.6840582
Dropping frame 1403715893.884058
Dropping frame 1403715894.1840582
Dropping frame 1403715894.584058
Dropping frame 1403715894.884058
Dropping frame 1403715895.134058
Dropping frame 1403715895.2840581
Dropping frame 1403715895.384058
Dropping frame 1403715895.4840581
Dropping frame 1403715895.6840582
Dropping frame 1403715895.7840581
Dropping frame 1403715895.884058
Dropping frame 1403715896.134058
Dropping frame 1403715896.384058
Dropping frame 1403715896.584058
Dropping frame 1403715896.834058
start VIBA 1
end VIBA 1
Dropping frame 1403715899.1840582
Dropping frame 1403715899.434058
Dropping frame 1403715901.084058
Dropping frame 1403715901.2340579
Dropping frame 1403715901.434058
Dropping frame 1403715901.7840581
start VIBA 2
end VIBA 2
Dropping frame 1403715910.7340579
Dropping frame 1403715911.1840582
Dropping frame 1403715911.634058
Dropping frame 1403715912.134058
Dropping frame 1403715912.934058
Dropping frame 1403715922.1840582
Dropping frame 1403715922.7340579
Dropping frame 1403715922.9840581
Dropping frame 1403715930.0340581
Dropping frame 1403715930.134058
Dropping frame 1403715930.5340581
Dropping frame 1403715930.7840581
Dropping frame 1403715930.9840581
Dropping frame 1403715932.934058
Dropping frame 1403715933.634058
Dropping frame 1403715935.1840582
Dropping frame 1403715935.4840581
Dropping frame 1403715937.5340581
Dropping frame 1403715939.334058
Dropping frame 1403715939.7340579
Dropping frame 1403715940.0340581
*Loop detected
phi = -0.0059326930856276536  0.0016248682579847096 -0.0051558631646062931
Local Mapping STOP
Local Mapping RELEASE
Local Mapping STOP
Local Mapping RELEASE
Dropping frame 1403715941.7840581
Dropping frame 1403715942.334058
Dropping frame 1403715942.834058
Dropping frame 1403715943.1840582
Dropping frame 1403715943.4840581
Dropping frame 1403715943.9840581
Dropping frame 1403715944.5340581
Dropping frame 1403715944.834058
Dropping frame 1403715945.134058
Dropping frame 1403715945.384058
Dropping frame 1403715945.634058
Dropping frame 1403715945.7340579
Dropping frame 1403715947.434058
Dropping frame 1403715947.5340581
Dropping frame 1403715947.7840581
Dropping frame 1403715948.134058
Dropping frame 1403715948.2340579
Dropping frame 1403715948.634058
Dropping frame 1403715948.7340579
Dropping frame 1403715949.084058
Dropping frame 1403715949.6840582
Dropping frame 1403715949.9840581
Dropping frame 1403715950.084058
Dropping frame 1403715950.434058
Dropping frame 1403715950.5340581
Dropping frame 1403715950.6840582
Dropping frame 1403715950.934058
Dropping frame 1403715951.0340581
Dropping frame 1403715952.4840581
Dropping frame 1403715952.834058
Dropping frame 1403715954.5340581
Dropping frame 1403715954.884058
Dropping frame 1403715955.084058
Dropping frame 1403715955.1840582
Dropping frame 1403715955.2840581
Dropping frame 1403715956.7340579
Dropping frame 1403715956.934058
Dropping frame 1403715957.084058
Dropping frame 1403715957.384058
Dropping frame 1403715957.584058
Dropping frame 1403715957.6840582
Dropping frame 1403715957.934058
Dropping frame 1403715959.2840581
Dropping frame 1403715959.5340581
Dropping frame 1403715959.834058
Dropping frame 1403715962.7340579
Dropping frame 1403715968.434058
Dropping frame 1403715968.834058
Dropping frame 1403715972.1840582
Dropping frame 1403715972.434058
Dropping frame 1403715972.884058
Dropping frame 1403715973.7840581
Dropping frame 1403715974.6840582
Dropping frame 1403715974.9840581
Dropping frame 1403715976.084058
Dropping frame 1403715976.384058
Dropping frame 1403715977.9840581
Dropping frame 1403715979.084058
Dropping frame 1403715979.584058
Dropping frame 1403715980.134058
Dropping frame 1403715980.834058
Dropping frame 1403715981.7340579
Dropping frame 1403715981.834058
Dropping frame 1403715982.4840581
Dropping frame 1403715982.634058
Dropping frame 1403715982.7840581
Dropping frame 1403715983.134058
Dropping frame 1403715983.2340579
Dropping frame 1403715983.7840581
Dropping frame 1403715984.384058
Dropping frame 1403715984.6840582
Dropping frame 1403715985.0340581
Fail to track local map!
Fail to track local map!
Fail to track local map!
Dropping frame 1403715985.334058
Fail to track local map!
Dropping frame 1403715985.434058
Fail to track local map!
Dropping frame 1403715985.7840581
Dropping frame 1403715985.884058
Dropping frame 1403715986.084058
Dropping frame 1403715986.1840582
Dropping frame 1403715986.884058
Dropping frame 1403715986.9840581
Dropping frame 1403715987.2340579
Dropping frame 1403715987.4840581
Dropping frame 1403715987.6840582
Dropping frame 1403715988.134058
Dropping frame 1403715988.434058
Dropping frame 1403715988.5340581
Dropping frame 1403715989.084058
Dropping frame 1403715989.384058
Dropping frame 1403715989.634058
Dropping frame 1403715990.1840582
Shutdown
SLAM Finished at System Time: 1746869720.65908

 TIME STATS in ms (mean$\pm$std)
OpenCV version: 4.8.1
---------------------------
Tracking

ORB Extraction: 12.671$\pm$2.4011
Stereo Matching: 5.8537$\pm$2.4968
IMU Preintegration: 0.18554$\pm$0.066045
Pose Prediction: 0.25148$\pm$1.1336
LM Track: 13.367$\pm$4.0057
New KF decision: 1.7718$\pm$3.0469
Total Tracking: 33.197$\pm$14.586



Local Mapping

KF Insertion: 7.4763$\pm$3.8575
MP Culling: 0.42245$\pm$0.27229
MP Creation: 26.948$\pm$14.598
LBA: 87.387$\pm$36.33
KF Culling: 7.7686$\pm$5.8713
Total Local Mapping: 130.08$\pm$55.903
---------------------------

LBA complexity (mean$\pm$std)
LBA Edges: 3453.4$\pm$841.13
LBA KF optimized: 6.5$\pm$2.2913
LBA KF fixed: 1$\pm$0
LBA MP: nan$\pm$nan

LBA executions: 544
LBA aborts: 0
---------------------------

Map complexity
KFs in map: 162
MPs in map: 8820
---------------------------

Place Recognition (mean$\pm$std)
Database Query: 0.76534$\pm$0.4845
SE3 estimation: 8.0003$\pm$6.9047
Total Place Recognition: 7.3866$\pm$7.3703


Loop Closing (mean$\pm$std)
Loop Fusion: 93.034$\pm$0
Essential Graph: 63.315$\pm$0
Total Loop Closing: 202.89$\pm$0

Num exec: 1
Number of KFs: nan$\pm$nan

Map Merging (mean$\pm$std)
Merge Maps: nan$\pm$nan
Welding BA: nan$\pm$nan
Optimization Ess.: nan$\pm$nan
Total Map Merging: nan$\pm$nan

Num exec: 0
Number of KFs: nan$\pm$nan
Number of MPs: nan$\pm$nan

Full GBA (mean$\pm$std)
GBA: 729.92$\pm$0
Map Update: 17.1$\pm$0
Total Full GBA: 747.02$\pm$0

Num exec: 1
Num abort: 0
Number of KFs: 136$\pm$0
Number of MPs: 7916$\pm$0

Saving trajectory to f_dataset-V103_stereo_imu.txt ...
There are 1 maps in the atlas
  Map 0 has 162 KFs

End of saving trajectory to f_dataset-V103_stereo_imu.txt ...

Saving keyframe trajectory to kf_dataset-V103_stereo_imu.txt ...
