num_seq = 1
file name: dataset-MH01_stereo_imu
Loading images for sequence 0...LOADED!
Loading IMU for sequence 0...LOADED!

-------

ORB-SLAM3 Copyright (C) 2017-2020 Carlos Campos, Richard Elvira, Juan J. Gómez, José M.M. Montiel and Juan D. Tardós, University of Zaragoza.
ORB-SLAM2 Copyright (C) 2014-2016 Raúl Mur-Artal, José M.M. Montiel and Juan D. Tardós, University of Zaragoza.
This program comes with ABSOLUTELY NO WARRANTY;
This is free software, and you are welcome to redistribute it
under certain conditions. See LICENSE.txt.

Built with REGISTER_TIMES
Git Commit Hash: 2d47524

Build Type: Release

Compiled with C++ version: 201703

Input sensor was set to: Stereo-Inertial
Loading settings from EuRoC_fov_deadlines_mask_12x12.yaml
	-Loaded camera 1
	-Loaded camera 2
	-Loaded image info
	-Loaded IMU calibration
	-Loaded ORB settings
	-Loaded viewer settings
	-Loaded Atlas settings
Deadlines enabled, will skip frames!
FOV enabled
Static mask size: 12x12
Dumping map points enabled
	-Loaded misc parameters
	-Computed rectification maps
----------------------------------
SLAM settings: 
	-Camera 1 parameters (Pinhole): [ 458.65399169921875 457.29598999023438 367.21499633789062 248.375 ]
	-Camera 1 distortion parameters: [  -0.28340810537338257 0.073959067463874817 0.00019359000725671649 1.7618711353861727e-05 ]
	-Camera 2 parameters (Pinhole: [ 457.58700561523438 456.13400268554688 379.99899291992188 255.23800659179688 ]
	-Camera 1 distortion parameters: [  -0.2836836576461792 0.074512839317321777 -0.00010473000293131918 -3.555907096597366e-05 ]
	-Original image size: [ 752 , 480 ]
	-Current image size: [ 752 , 480 ]
	-Camera 1 parameters after rectification: [  456.71499633789062 456.71499633789062 364.52615356445312 257.268798828125 ]
	-Sequence FPS: 20
	-Stereo baseline: 0.11007784307003021
	-Stereo depth threshold : 60
	-Gyro noise: 0.00016999999934341758
	-Accelerometer noise: 0.0020000000949949026
	-Gyro walk: 1.9392999092815444e-05
	-Accelerometer walk: 0.0030000000260770321
	-IMU frequency: 200
	-Features per image: 1200
	-ORB scale factor: 1.2000000476837158
	-ORB number of scales: 8
	-Initial FAST threshold: 20
	-Min FAST threshold: 7


Loading ORB Vocabulary. This could take a while...
Vocabulary loaded!

Initialization of Atlas from scratch 
Creation of new map with id: 0
Creation of new map with last KF id: 0
Seq. Name: 
There are 1 cameras in the atlas
Camera 0 is pinhole
SLAM Started at System Time: 1742941417.38155
not IMU meas
not IMU meas
not enough acceleration
not enough acceleration
First KF:0; Map init KF:0
New Map created with 553 points
Active map: 0
Dropping frame 1403636580.0135555
Dropping frame 1403636580.2135556
Dropping frame 1403636580.5135555
Dropping frame 1403636581.1635556
Dropping frame 1403636581.4635556
Dropping frame 1403636581.7135556
Dropping frame 1403636581.8135555
Dropping frame 1403636581.9135554
Dropping frame 1403636582.0135555
Dropping frame 1403636582.2635555
Dropping frame 1403636582.3635557
Dropping frame 1403636582.6635556
Dropping frame 1403636582.8635557
Dropping frame 1403636583.0635555
Dropping frame 1403636583.2635555
Dropping frame 1403636583.4135554
Dropping frame 1403636583.8135555
Dropping frame 1403636583.9135554
Dropping frame 1403636584.2635555
Dropping frame 1403636584.5635555
Dropping frame 1403636584.8635557
Dropping frame 1403636584.9635556
Dropping frame 1403636585.0635555
Dropping frame 1403636585.2635555
Dropping frame 1403636585.3635557
Dropping frame 1403636585.5635555
start VIBA 1
Dropping frame 1403636585.6635556
end VIBA 1
Dropping frame 1403636585.8135555
Dropping frame 1403636586.0135555
Dropping frame 1403636586.3635557
Dropping frame 1403636586.5635555
Dropping frame 1403636586.7135556
Dropping frame 1403636586.9135554
Dropping frame 1403636587.0635555
Dropping frame 1403636587.1635556
Dropping frame 1403636587.4135554
Dropping frame 1403636587.5135555
Dropping frame 1403636587.6635556
Dropping frame 1403636587.9135554
Dropping frame 1403636588.1135554
Dropping frame 1403636588.3135555
Dropping frame 1403636588.4135554
Dropping frame 1403636588.5135555
Dropping frame 1403636588.7135556
Dropping frame 1403636588.9135554
Dropping frame 1403636589.0135555
Dropping frame 1403636589.4135554
Dropping frame 1403636589.5135555
Dropping frame 1403636589.7135556
Dropping frame 1403636589.8135555
Dropping frame 1403636590.0635555
Dropping frame 1403636590.5135555
Dropping frame 1403636590.6135554
Dropping frame 1403636590.9135554
Dropping frame 1403636591.1135554
Dropping frame 1403636591.2135556
Dropping frame 1403636591.4635556
Dropping frame 1403636591.5635555
Dropping frame 1403636591.9135554
Dropping frame 1403636592.0135555
Dropping frame 1403636592.1135554
Dropping frame 1403636592.3635557
Dropping frame 1403636592.5635555
Dropping frame 1403636592.6635556
Dropping frame 1403636592.8635557
Dropping frame 1403636592.9635556
Dropping frame 1403636593.2635555
Dropping frame 1403636593.6135554
Dropping frame 1403636594.0135555
Dropping frame 1403636594.2135556
Dropping frame 1403636594.3135555
Dropping frame 1403636594.4135554
Dropping frame 1403636594.6135554
Dropping frame 1403636594.7135556
Dropping frame 1403636594.9635556
Dropping frame 1403636595.1635556
Dropping frame 1403636595.2635555
Dropping frame 1403636595.7135556
start VIBA 2
end VIBA 2
Dropping frame 1403636595.9635556
Dropping frame 1403636596.2135556
Dropping frame 1403636596.4135554
Dropping frame 1403636596.5135555
Dropping frame 1403636596.8135555
Dropping frame 1403636597.1135554
Dropping frame 1403636597.2135556
Dropping frame 1403636597.4635556
Dropping frame 1403636597.6635556
Dropping frame 1403636597.7635555
Dropping frame 1403636597.8635557
Dropping frame 1403636597.9635556
Dropping frame 1403636598.2135556
Dropping frame 1403636598.3135555
Dropping frame 1403636598.4135554
Dropping frame 1403636598.6135554
Dropping frame 1403636598.8135555
Dropping frame 1403636598.9635556
Dropping frame 1403636599.0635555
Dropping frame 1403636599.2635555
Dropping frame 1403636599.4635556
Dropping frame 1403636599.5635555
Dropping frame 1403636599.9635556
Dropping frame 1403636600.1635556
Dropping frame 1403636600.3635557
Dropping frame 1403636600.4635556
Dropping frame 1403636600.7635555
Dropping frame 1403636601.0635555
Dropping frame 1403636601.2635555
Dropping frame 1403636601.3635557
Dropping frame 1403636602.1635556
Dropping frame 1403636602.3635557
Dropping frame 1403636602.6135554
Dropping frame 1403636602.8135555
Dropping frame 1403636603.1635556
Dropping frame 1403636603.2635555
Dropping frame 1403636603.5135555
Dropping frame 1403636603.7135556
Dropping frame 1403636603.9135554
Dropping frame 1403636604.0135555
Dropping frame 1403636604.4135554
Dropping frame 1403636604.6135554
Dropping frame 1403636605.0635555
Dropping frame 1403636605.4135554
Dropping frame 1403636605.6135554
Dropping frame 1403636606.0135555
Dropping frame 1403636606.5135555
Dropping frame 1403636606.8135555
Dropping frame 1403636607.0135555
Dropping frame 1403636607.4135554
Dropping frame 1403636607.5635555
Dropping frame 1403636607.7135556
Dropping frame 1403636608.0635555
Dropping frame 1403636608.1635556
Dropping frame 1403636608.4635556
Dropping frame 1403636608.7635555
Dropping frame 1403636609.1135554
Dropping frame 1403636609.3135555
Dropping frame 1403636609.4635556
Dropping frame 1403636609.8635557
Dropping frame 1403636610.0635555
Dropping frame 1403636610.1635556
Dropping frame 1403636610.2635555
Dropping frame 1403636610.4635556
Dropping frame 1403636610.7635555
Dropping frame 1403636611.1635556
Dropping frame 1403636611.7135556
Dropping frame 1403636612.3635557
Dropping frame 1403636612.7135556
Dropping frame 1403636613.1135554
Dropping frame 1403636613.2135556
Dropping frame 1403636613.3135555
Dropping frame 1403636613.6135554
Dropping frame 1403636614.2635555
Dropping frame 1403636614.4635556
Dropping frame 1403636614.6135554
Dropping frame 1403636614.8635557
Dropping frame 1403636615.2135556
Dropping frame 1403636615.5635555
Dropping frame 1403636615.8135555
Dropping frame 1403636615.9635556
Dropping frame 1403636616.4635556
Dropping frame 1403636616.7635555
Dropping frame 1403636616.9635556
Dropping frame 1403636617.1635556
Dropping frame 1403636617.3635557
Dropping frame 1403636617.5635555
Dropping frame 1403636617.6635556
Dropping frame 1403636617.9635556
Dropping frame 1403636618.2135556
Dropping frame 1403636618.4135554
Dropping frame 1403636618.6635556
Dropping frame 1403636618.9635556
Dropping frame 1403636619.1135554
Dropping frame 1403636619.4135554
Dropping frame 1403636619.5635555
Dropping frame 1403636619.9135554
Dropping frame 1403636620.0635555
Dropping frame 1403636620.2635555
Dropping frame 1403636620.7135556
Dropping frame 1403636621.2135556
Dropping frame 1403636621.3635557
Dropping frame 1403636621.8635557
Dropping frame 1403636621.9635556
Dropping frame 1403636622.0635555
Dropping frame 1403636622.4135554
Dropping frame 1403636622.6635556
Dropping frame 1403636622.7635555
Dropping frame 1403636623.2635555
Dropping frame 1403636623.5135555
Dropping frame 1403636623.7135556
Dropping frame 1403636623.8635557
Dropping frame 1403636624.2135556
Dropping frame 1403636624.4135554
Dropping frame 1403636624.8135555
Dropping frame 1403636624.9135554
Dropping frame 1403636625.0635555
Dropping frame 1403636625.7135556
Dropping frame 1403636625.8135555
Dropping frame 1403636626.2635555
Dropping frame 1403636626.3635557
Dropping frame 1403636626.8135555
Dropping frame 1403636626.9635556
Dropping frame 1403636627.3135555
Dropping frame 1403636627.5135555
Dropping frame 1403636627.6635556
Dropping frame 1403636627.8635557
Dropping frame 1403636627.9635556
Dropping frame 1403636628.1635556
Dropping frame 1403636628.4635556
Dropping frame 1403636628.8635557
Dropping frame 1403636629.2135556
Dropping frame 1403636629.5635555
Dropping frame 1403636629.9135554
Dropping frame 1403636630.2135556
Dropping frame 1403636630.5135555
Dropping frame 1403636630.8635557
Dropping frame 1403636631.3635557
Dropping frame 1403636631.5635555
Dropping frame 1403636631.8135555
Dropping frame 1403636631.9635556
Dropping frame 1403636632.0635555
Dropping frame 1403636632.3135555
Dropping frame 1403636633.0135555
Dropping frame 1403636633.3135555
Dropping frame 1403636633.4135554
Dropping frame 1403636633.6135554
Dropping frame 1403636633.7135556
Dropping frame 1403636633.8135555
Dropping frame 1403636634.1135554
Dropping frame 1403636634.5135555
Dropping frame 1403636634.6135554
Dropping frame 1403636634.7635555
Dropping frame 1403636635.0635555
Dropping frame 1403636635.4135554
Dropping frame 1403636635.9135554
Dropping frame 1403636636.3635557
Dropping frame 1403636636.6635556
Dropping frame 1403636637.2135556
Dropping frame 1403636637.3135555
Dropping frame 1403636637.5635555
Dropping frame 1403636637.8635557
Dropping frame 1403636638.0635555
Dropping frame 1403636638.8135555
Dropping frame 1403636639.0635555
Dropping frame 1403636639.4135554
Dropping frame 1403636639.8135555
Dropping frame 1403636640.2635555
Dropping frame 1403636640.5135555
Dropping frame 1403636641.1635556
Dropping frame 1403636641.3635557
Dropping frame 1403636641.6635556
Dropping frame 1403636641.8635557
Dropping frame 1403636642.3135555
Dropping frame 1403636642.4135554
Dropping frame 1403636642.5635555
Dropping frame 1403636643.0135555
Dropping frame 1403636643.2135556
Dropping frame 1403636643.3635557
Dropping frame 1403636643.7135556
Dropping frame 1403636643.9135554
Dropping frame 1403636644.1135554
Dropping frame 1403636644.3135555
Dropping frame 1403636644.5135555
Dropping frame 1403636644.8135555
Dropping frame 1403636645.3135555
Dropping frame 1403636645.4635556
Dropping frame 1403636645.7135556
Dropping frame 1403636646.0135555
Dropping frame 1403636646.1635556
Dropping frame 1403636646.4135554
Dropping frame 1403636646.7135556
Dropping frame 1403636646.9635556
Dropping frame 1403636647.1635556
Dropping frame 1403636647.4635556
Dropping frame 1403636647.8135555
Dropping frame 1403636648.4135554
Dropping frame 1403636648.9135554
Dropping frame 1403636649.4135554
Dropping frame 1403636649.7135556
Dropping frame 1403636649.9635556
Dropping frame 1403636650.3635557
Dropping frame 1403636650.4635556
Dropping frame 1403636650.6135554
Dropping frame 1403636650.7635555
Dropping frame 1403636650.9135554
Dropping frame 1403636651.3135555
Dropping frame 1403636651.4135554
Dropping frame 1403636651.6135554
Dropping frame 1403636651.8635557
Dropping frame 1403636651.9635556
Dropping frame 1403636652.2135556
Dropping frame 1403636652.3135555
Dropping frame 1403636652.5135555
Dropping frame 1403636652.6135554
Dropping frame 1403636652.8635557
Dropping frame 1403636653.0635555
Dropping frame 1403636653.1635556
Dropping frame 1403636653.4135554
Dropping frame 1403636653.5135555
Dropping frame 1403636653.6135554
Dropping frame 1403636653.7135556
Dropping frame 1403636653.8135555
Dropping frame 1403636654.0135555
Dropping frame 1403636654.1635556
Dropping frame 1403636654.3135555
Dropping frame 1403636654.4135554
Dropping frame 1403636654.6635556
Dropping frame 1403636654.7635555
Dropping frame 1403636654.8635557
Dropping frame 1403636655.6135554
Dropping frame 1403636655.7135556
Dropping frame 1403636656.1635556
Dropping frame 1403636656.5135555
Dropping frame 1403636656.6135554
Dropping frame 1403636656.8135555
Dropping frame 1403636657.0635555
Dropping frame 1403636657.1635556
Dropping frame 1403636657.2635555
Dropping frame 1403636657.3635557
Dropping frame 1403636657.6135554
Dropping frame 1403636657.7635555
Dropping frame 1403636657.8635557
Dropping frame 1403636658.0635555
Dropping frame 1403636658.1635556
Dropping frame 1403636658.2635555
Dropping frame 1403636658.4635556
Dropping frame 1403636658.5635555
Dropping frame 1403636658.6635556
Dropping frame 1403636658.8635557
Dropping frame 1403636658.9635556
Dropping frame 1403636659.0635555
Dropping frame 1403636659.1635556
Dropping frame 1403636659.3635557
Dropping frame 1403636659.4635556
Dropping frame 1403636659.6635556
Dropping frame 1403636659.8635557
Dropping frame 1403636659.9635556
Dropping frame 1403636660.0635555
Dropping frame 1403636660.1635556
Dropping frame 1403636660.3635557
Dropping frame 1403636660.4635556
Dropping frame 1403636660.5635555
Dropping frame 1403636660.6635556
Dropping frame 1403636660.7635555
Dropping frame 1403636660.8635557
Dropping frame 1403636660.9635556
Dropping frame 1403636661.0635555
Dropping frame 1403636661.2635555
Dropping frame 1403636661.4135554
Dropping frame 1403636661.6135554
Dropping frame 1403636661.7135556
Dropping frame 1403636661.8135555
Dropping frame 1403636661.9135554
Dropping frame 1403636662.0135555
Dropping frame 1403636662.2135556
Dropping frame 1403636662.4135554
Dropping frame 1403636662.5135555
Dropping frame 1403636662.6135554
Dropping frame 1403636662.8135555
Dropping frame 1403636663.0135555
Dropping frame 1403636663.2135556
Dropping frame 1403636663.3135555
Dropping frame 1403636663.4135554
Dropping frame 1403636663.5135555
Dropping frame 1403636663.6135554
Dropping frame 1403636663.8135555
Dropping frame 1403636663.9135554
Dropping frame 1403636664.0135555
Dropping frame 1403636664.1135554
Dropping frame 1403636664.2635555
Dropping frame 1403636664.3635557
Dropping frame 1403636664.5635555
Dropping frame 1403636664.7635555
Dropping frame 1403636664.8635557
Dropping frame 1403636665.0635555
Dropping frame 1403636665.1635556
Dropping frame 1403636665.2635555
Dropping frame 1403636665.3635557
Dropping frame 1403636665.4635556
Dropping frame 1403636665.6635556
Dropping frame 1403636665.7635555
Dropping frame 1403636665.9135554
Dropping frame 1403636666.0135555
Dropping frame 1403636666.2635555
Dropping frame 1403636666.4135554
Dropping frame 1403636666.5135555
Dropping frame 1403636666.6635556
Dropping frame 1403636666.8135555
Dropping frame 1403636667.0635555
Dropping frame 1403636667.1635556
Dropping frame 1403636667.2635555
Dropping frame 1403636667.5635555
Dropping frame 1403636667.7635555
Dropping frame 1403636667.8635557
Dropping frame 1403636667.9635556
Dropping frame 1403636668.0635555
Dropping frame 1403636668.3135555
Dropping frame 1403636668.5135555
Dropping frame 1403636668.6635556
Dropping frame 1403636668.8135555
Dropping frame 1403636668.9135554
Dropping frame 1403636669.1635556
Dropping frame 1403636669.3635557
Dropping frame 1403636669.4635556
Dropping frame 1403636669.5635555
Dropping frame 1403636669.6635556
Dropping frame 1403636669.8635557
Dropping frame 1403636669.9635556
Dropping frame 1403636670.0635555
Dropping frame 1403636670.3635557
Dropping frame 1403636670.4635556
Dropping frame 1403636670.7135556
Dropping frame 1403636670.8135555
Dropping frame 1403636670.9135554
Dropping frame 1403636671.0635555
Dropping frame 1403636671.2135556
Dropping frame 1403636671.5635555
Dropping frame 1403636671.6635556
Dropping frame 1403636671.8635557
Dropping frame 1403636671.9635556
Dropping frame 1403636672.1135554
Dropping frame 1403636672.3135555
Dropping frame 1403636672.4135554
Dropping frame 1403636672.6635556
Dropping frame 1403636672.8635557
Dropping frame 1403636672.9635556
Dropping frame 1403636673.1135554
Dropping frame 1403636673.4635556
Dropping frame 1403636673.5635555
Dropping frame 1403636673.6635556
Dropping frame 1403636673.7635555
Dropping frame 1403636673.8635557
Dropping frame 1403636674.0135555
Dropping frame 1403636674.1135554
Dropping frame 1403636674.3135555
Dropping frame 1403636674.4135554
Dropping frame 1403636674.5135555
Dropping frame 1403636674.6135554
Dropping frame 1403636674.8135555
Dropping frame 1403636674.9135554
Dropping frame 1403636675.0135555
Dropping frame 1403636675.1635556
Dropping frame 1403636675.3635557
Dropping frame 1403636675.5135555
Dropping frame 1403636675.6135554
Dropping frame 1403636675.7135556
Dropping frame 1403636676.1635556
Dropping frame 1403636676.2635555
Dropping frame 1403636676.4135554
Dropping frame 1403636676.5135555
Dropping frame 1403636676.7135556
Dropping frame 1403636676.8135555
Dropping frame 1403636677.0635555
Dropping frame 1403636677.1635556
Dropping frame 1403636677.2635555
Dropping frame 1403636677.3635557
Dropping frame 1403636677.4635556
Dropping frame 1403636677.5635555
Dropping frame 1403636677.8635557
Dropping frame 1403636678.0635555
Dropping frame 1403636678.1635556
Dropping frame 1403636678.3635557
Dropping frame 1403636678.4635556
Dropping frame 1403636678.5635555
Dropping frame 1403636678.6635556
Dropping frame 1403636678.7635555
Dropping frame 1403636678.8635557
Dropping frame 1403636679.1635556
Dropping frame 1403636679.2635555
Dropping frame 1403636679.5135555
Dropping frame 1403636679.6135554
Dropping frame 1403636679.8135555
Dropping frame 1403636679.9135554
Dropping frame 1403636680.0135555
Dropping frame 1403636680.1135554
Dropping frame 1403636680.2135556
Dropping frame 1403636680.4635556
Dropping frame 1403636680.5635555
Dropping frame 1403636680.6635556
Dropping frame 1403636680.8635557
Dropping frame 1403636680.9635556
Dropping frame 1403636681.0635555
Dropping frame 1403636681.2635555
Dropping frame 1403636681.3635557
Dropping frame 1403636681.4635556
Dropping frame 1403636681.6635556
Dropping frame 1403636681.7635555
Dropping frame 1403636681.8635557
Dropping frame 1403636682.0635555
Dropping frame 1403636682.1635556
Dropping frame 1403636682.2635555
Dropping frame 1403636682.3635557
Dropping frame 1403636682.4635556
Dropping frame 1403636682.6635556
Dropping frame 1403636682.7635555
Dropping frame 1403636682.8635557
Dropping frame 1403636683.0635555
Dropping frame 1403636683.4135554
Dropping frame 1403636683.5135555
Dropping frame 1403636683.7135556
Dropping frame 1403636683.8135555
Dropping frame 1403636683.9635556
Dropping frame 1403636684.1635556
Dropping frame 1403636684.2635555
Dropping frame 1403636684.3635557
Dropping frame 1403636684.4635556
Dropping frame 1403636684.7135556
Dropping frame 1403636684.8135555
Dropping frame 1403636685.0135555
Dropping frame 1403636685.1135554
Dropping frame 1403636685.2135556
Dropping frame 1403636685.4635556
Dropping frame 1403636685.5635555
Dropping frame 1403636685.6635556
Dropping frame 1403636685.7635555
Dropping frame 1403636685.8635557
Dropping frame 1403636686.0635555
Dropping frame 1403636686.1635556
Dropping frame 1403636686.3135555
Dropping frame 1403636686.5135555
Dropping frame 1403636686.6135554
Dropping frame 1403636686.8635557
Dropping frame 1403636686.9635556
Dropping frame 1403636687.0635555
Dropping frame 1403636687.1635556
Dropping frame 1403636687.2635555
Dropping frame 1403636687.4635556
Dropping frame 1403636687.5635555
Dropping frame 1403636687.8135555
Dropping frame 1403636688.0635555
Dropping frame 1403636688.2135556
Dropping frame 1403636688.5135555
Dropping frame 1403636688.8135555
Dropping frame 1403636688.9135554
Dropping frame 1403636689.0135555
Dropping frame 1403636689.1135554
Dropping frame 1403636689.2135556
Dropping frame 1403636689.3135555
Dropping frame 1403636689.4135554
Dropping frame 1403636689.7135556
Dropping frame 1403636689.8135555
Dropping frame 1403636689.9135554
Dropping frame 1403636690.0135555
Dropping frame 1403636690.1135554
Dropping frame 1403636690.2135556
Dropping frame 1403636690.3135555
Dropping frame 1403636690.4135554
Dropping frame 1403636690.5135555
Dropping frame 1403636690.7135556
Dropping frame 1403636690.8135555
Dropping frame 1403636690.9135554
Dropping frame 1403636691.0135555
Dropping frame 1403636691.6135554
Dropping frame 1403636691.7135556
Dropping frame 1403636691.8135555
Dropping frame 1403636692.0135555
Dropping frame 1403636692.2135556
Dropping frame 1403636692.4135554
Dropping frame 1403636692.5135555
Dropping frame 1403636692.7135556
Dropping frame 1403636692.8135555
Dropping frame 1403636693.0135555
Dropping frame 1403636693.1135554
Dropping frame 1403636693.3135555
Dropping frame 1403636693.4135554
Dropping frame 1403636693.5135555
Dropping frame 1403636693.6135554
Dropping frame 1403636693.7135556
Dropping frame 1403636694.0135555
Dropping frame 1403636694.2135556
Dropping frame 1403636694.3635557
Dropping frame 1403636694.5635555
Dropping frame 1403636694.6635556
Dropping frame 1403636694.7635555
Dropping frame 1403636695.0135555
Dropping frame 1403636695.2135556
Dropping frame 1403636695.3135555
Dropping frame 1403636695.4635556
Dropping frame 1403636695.6635556
Dropping frame 1403636695.8635557
Dropping frame 1403636695.9635556
Dropping frame 1403636696.2135556
Dropping frame 1403636696.4135554
Dropping frame 1403636696.5135555
Dropping frame 1403636696.6135554
Dropping frame 1403636696.8635557
Dropping frame 1403636696.9635556
Dropping frame 1403636697.2135556
Dropping frame 1403636697.4135554
Dropping frame 1403636697.5135555
Dropping frame 1403636697.6135554
Dropping frame 1403636697.8635557
Dropping frame 1403636698.0635555
Dropping frame 1403636698.2635555
Dropping frame 1403636698.4635556
Dropping frame 1403636698.6635556
Dropping frame 1403636698.7635555
Dropping frame 1403636698.8635557
Dropping frame 1403636699.0635555
Dropping frame 1403636699.1635556
Dropping frame 1403636699.3635557
Dropping frame 1403636699.6135554
Dropping frame 1403636699.8135555
Dropping frame 1403636699.9135554
Dropping frame 1403636700.0135555
Dropping frame 1403636700.1135554
Dropping frame 1403636700.3135555
Dropping frame 1403636700.5135555
Dropping frame 1403636700.7135556
Dropping frame 1403636700.8135555
Dropping frame 1403636701.0635555
Dropping frame 1403636701.1635556
Dropping frame 1403636701.4635556
Dropping frame 1403636701.5635555
Dropping frame 1403636701.8135555
Dropping frame 1403636702.0135555
Dropping frame 1403636702.3135555
Dropping frame 1403636702.6635556
Dropping frame 1403636703.0635555
Dropping frame 1403636703.2635555
Dropping frame 1403636703.3635557
Dropping frame 1403636703.6135554
Dropping frame 1403636703.7635555
Dropping frame 1403636704.1635556
Dropping frame 1403636704.3635557
Dropping frame 1403636704.5635555
Dropping frame 1403636704.7635555
Dropping frame 1403636704.9635556
Dropping frame 1403636705.3635557
Dropping frame 1403636705.8135555
Dropping frame 1403636706.0135555
Dropping frame 1403636706.3135555
Dropping frame 1403636706.5135555
Dropping frame 1403636706.8135555
Dropping frame 1403636707.1635556
Dropping frame 1403636707.3635557
Dropping frame 1403636707.5635555
Dropping frame 1403636707.6635556
Dropping frame 1403636707.9135554
Dropping frame 1403636708.1135554
Dropping frame 1403636708.2135556
Dropping frame 1403636708.4635556
Dropping frame 1403636708.6135554
Dropping frame 1403636708.9635556
Dropping frame 1403636709.1635556
Dropping frame 1403636709.3635557
Dropping frame 1403636709.6635556
Dropping frame 1403636710.0135555
Dropping frame 1403636710.2135556
Dropping frame 1403636710.4135554
Dropping frame 1403636710.6135554
Dropping frame 1403636710.8135555
Dropping frame 1403636711.0635555
Dropping frame 1403636711.1635556
Dropping frame 1403636711.3635557
Dropping frame 1403636711.6135554
Dropping frame 1403636711.7135556
Dropping frame 1403636711.8135555
Dropping frame 1403636712.1635556
Dropping frame 1403636712.3635557
Dropping frame 1403636712.7635555
Dropping frame 1403636713.0135555
Dropping frame 1403636713.1135554
Dropping frame 1403636713.3635557
Dropping frame 1403636713.5635555
Dropping frame 1403636713.7635555
Dropping frame 1403636713.8635557
Dropping frame 1403636713.9635556
Dropping frame 1403636714.1635556
Dropping frame 1403636714.4635556
Dropping frame 1403636714.5635555
Dropping frame 1403636714.6635556
Dropping frame 1403636714.8635557
Dropping frame 1403636715.5635555
Dropping frame 1403636715.8135555
Dropping frame 1403636716.0135555
Dropping frame 1403636716.7135556
Dropping frame 1403636716.8135555
Dropping frame 1403636716.9135554
Dropping frame 1403636717.1135554
Dropping frame 1403636717.2135556
Dropping frame 1403636717.6135554
Dropping frame 1403636717.7135556
Dropping frame 1403636717.9635556
Dropping frame 1403636718.1635556
Dropping frame 1403636718.3635557
Dropping frame 1403636718.5635555
Dropping frame 1403636718.7635555
Dropping frame 1403636718.8635557
Dropping frame 1403636719.1135554
Dropping frame 1403636719.3135555
Dropping frame 1403636719.7135556
Dropping frame 1403636719.8135555
Dropping frame 1403636720.1135554
Dropping frame 1403636720.2135556
Dropping frame 1403636720.4135554
Dropping frame 1403636720.6135554
Dropping frame 1403636720.7135556
Dropping frame 1403636720.9135554
Dropping frame 1403636721.0135555
Dropping frame 1403636721.2135556
Dropping frame 1403636721.3135555
Dropping frame 1403636721.4135554
Dropping frame 1403636721.6635556
Dropping frame 1403636721.8635557
Dropping frame 1403636722.0635555
Dropping frame 1403636722.2635555
Dropping frame 1403636722.5135555
Dropping frame 1403636722.6135554
Dropping frame 1403636722.8635557
Dropping frame 1403636723.0635555
Dropping frame 1403636723.2635555
Dropping frame 1403636723.4635556
Dropping frame 1403636723.5635555
Dropping frame 1403636723.8635557
Dropping frame 1403636723.9635556
Dropping frame 1403636724.2135556
Dropping frame 1403636724.3135555
Dropping frame 1403636724.5135555
Dropping frame 1403636724.7635555
Dropping frame 1403636724.9635556
Dropping frame 1403636725.0635555
Dropping frame 1403636725.2135556
Dropping frame 1403636725.4135554
Dropping frame 1403636725.5135555
Dropping frame 1403636725.7635555
Dropping frame 1403636725.9635556
Dropping frame 1403636726.1635556
Dropping frame 1403636726.3635557
Dropping frame 1403636726.4635556
Dropping frame 1403636726.5635555
Dropping frame 1403636726.7635555
Dropping frame 1403636726.9635556
Dropping frame 1403636727.1635556
Dropping frame 1403636727.2635555
Dropping frame 1403636727.4135554
Dropping frame 1403636727.5135555
Dropping frame 1403636727.7135556
Dropping frame 1403636727.9135554
Dropping frame 1403636728.0135555
Dropping frame 1403636728.1135554
Dropping frame 1403636728.2135556
Dropping frame 1403636728.4135554
Dropping frame 1403636728.6135554
Dropping frame 1403636728.8135555
Dropping frame 1403636728.9135554
Dropping frame 1403636729.1135554
Dropping frame 1403636729.2135556
Dropping frame 1403636729.4135554
Dropping frame 1403636729.5135555
Dropping frame 1403636729.6135554
Dropping frame 1403636729.7135556
Dropping frame 1403636729.8635557
Dropping frame 1403636730.0635555
Dropping frame 1403636730.2635555
Dropping frame 1403636730.3635557
Dropping frame 1403636730.4635556
Dropping frame 1403636730.6635556
Dropping frame 1403636730.8635557
Dropping frame 1403636730.9635556
Dropping frame 1403636731.1635556
Dropping frame 1403636731.2635555
Dropping frame 1403636731.3635557
Dropping frame 1403636731.5635555
Dropping frame 1403636731.7635555
Dropping frame 1403636731.8635557
Dropping frame 1403636731.9635556
Dropping frame 1403636732.0635555
Dropping frame 1403636732.2635555
Dropping frame 1403636732.3635557
Dropping frame 1403636732.4635556
Dropping frame 1403636732.6635556
Dropping frame 1403636732.8635557
Dropping frame 1403636732.9635556
Dropping frame 1403636733.1635556
Dropping frame 1403636733.2635555
Dropping frame 1403636733.3635557
Dropping frame 1403636733.4635556
Dropping frame 1403636733.5635555
Dropping frame 1403636733.6635556
Dropping frame 1403636733.8635557
Dropping frame 1403636734.0635555
Dropping frame 1403636734.2635555
Dropping frame 1403636734.4635556
Dropping frame 1403636734.6635556
Dropping frame 1403636734.7635555
Dropping frame 1403636734.9635556
Dropping frame 1403636735.1635556
Dropping frame 1403636735.2635555
Dropping frame 1403636735.3635557
Dropping frame 1403636735.5635555
Dropping frame 1403636735.7635555
Dropping frame 1403636735.9635556
Dropping frame 1403636736.1635556
Dropping frame 1403636736.2635555
Dropping frame 1403636736.3635557
Dropping frame 1403636736.5635555
Dropping frame 1403636736.7635555
Dropping frame 1403636736.9635556
Dropping frame 1403636737.0635555
Dropping frame 1403636737.2635555
Dropping frame 1403636737.3635557
Dropping frame 1403636737.4635556
Dropping frame 1403636737.6635556
Dropping frame 1403636737.7635555
Dropping frame 1403636737.9635556
Dropping frame 1403636738.1635556
Dropping frame 1403636738.3635557
Dropping frame 1403636738.4635556
Dropping frame 1403636738.5635555
Dropping frame 1403636738.6635556
Dropping frame 1403636738.7635555
Dropping frame 1403636738.8635557
Dropping frame 1403636738.9635556
Dropping frame 1403636739.0635555
Dropping frame 1403636739.2635555
Dropping frame 1403636739.4635556
Dropping frame 1403636739.5635555
Dropping frame 1403636739.7635555
Dropping frame 1403636739.9635556
Dropping frame 1403636740.0635555
Dropping frame 1403636740.1635556
Dropping frame 1403636740.3635557
Dropping frame 1403636740.5635555
Dropping frame 1403636740.6635556
Dropping frame 1403636740.7635555
Dropping frame 1403636740.8635557
Dropping frame 1403636741.0635555
Dropping frame 1403636741.2635555
Dropping frame 1403636741.4635556
Dropping frame 1403636741.6635556
Dropping frame 1403636741.8635557
Dropping frame 1403636742.0635555
Dropping frame 1403636742.1635556
Dropping frame 1403636742.3135555
Dropping frame 1403636742.4135554
Dropping frame 1403636742.6135554
Dropping frame 1403636742.7135556
Dropping frame 1403636742.8135555
Dropping frame 1403636743.0135555
Dropping frame 1403636743.2135556
Dropping frame 1403636743.3135555
Dropping frame 1403636743.4135554
Dropping frame 1403636743.6135554
Dropping frame 1403636743.8135555
Dropping frame 1403636744.0135555
Dropping frame 1403636744.2135556
Dropping frame 1403636744.4135554
Dropping frame 1403636744.6135554
Dropping frame 1403636744.7135556
Dropping frame 1403636744.8135555
Dropping frame 1403636744.9135554
Dropping frame 1403636745.0135555
Dropping frame 1403636745.2135556
Dropping frame 1403636745.4135554
Dropping frame 1403636745.5135555
Dropping frame 1403636745.6135554
Dropping frame 1403636745.7135556
Dropping frame 1403636745.9135554
Dropping frame 1403636746.5135555
Dropping frame 1403636746.7135556
Dropping frame 1403636746.9135554
Dropping frame 1403636747.1135554
Dropping frame 1403636747.2135556
Dropping frame 1403636747.3135555
Dropping frame 1403636747.5635555
Dropping frame 1403636747.7635555
Dropping frame 1403636747.9635556
Dropping frame 1403636748.0635555
Dropping frame 1403636748.1635556
Dropping frame 1403636748.3635557
Dropping frame 1403636748.5635555
Dropping frame 1403636748.7635555
Dropping frame 1403636748.8635557
Dropping frame 1403636749.1135554
Dropping frame 1403636749.3135555
Dropping frame 1403636749.5135555
Dropping frame 1403636749.6135554
Dropping frame 1403636749.7135556
Dropping frame 1403636749.9135554
Dropping frame 1403636750.5135555
Dropping frame 1403636751.0135555
Dropping frame 1403636751.2135556
Dropping frame 1403636751.3135555
Dropping frame 1403636751.4135554
Dropping frame 1403636751.6135554
Dropping frame 1403636751.8135555
Dropping frame 1403636752.0135555
Dropping frame 1403636752.1135554
Dropping frame 1403636752.2135556
Dropping frame 1403636752.4135554
Dropping frame 1403636752.5135555
Dropping frame 1403636752.6135554
Dropping frame 1403636752.7135556
Dropping frame 1403636752.8135555
Dropping frame 1403636753.0635555
Dropping frame 1403636753.2635555
Dropping frame 1403636753.3635557
Dropping frame 1403636753.4635556
Dropping frame 1403636753.6635556
Dropping frame 1403636753.8635557
Dropping frame 1403636753.9635556
Dropping frame 1403636754.1635556
Dropping frame 1403636754.2635555
Dropping frame 1403636754.5135555
Dropping frame 1403636754.7135556
Dropping frame 1403636754.9135554
Dropping frame 1403636755.1135554
Dropping frame 1403636755.2135556
Dropping frame 1403636755.3135555
Dropping frame 1403636755.4135554
Dropping frame 1403636755.6135554
Dropping frame 1403636755.8135555
Dropping frame 1403636755.9135554
Dropping frame 1403636756.0135555
Dropping frame 1403636756.2135556
Dropping frame 1403636756.4135554
Dropping frame 1403636756.6135554
Dropping frame 1403636756.7135556
Dropping frame 1403636756.8135555
Dropping frame 1403636756.9135554
Dropping frame 1403636757.1135554
Dropping frame 1403636757.3135555
Dropping frame 1403636757.5135555
Dropping frame 1403636757.7135556
Dropping frame 1403636758.5635555
Dropping frame 1403636758.6635556
Dropping frame 1403636758.8635557
Dropping frame 1403636759.0635555
Dropping frame 1403636759.1635556
Dropping frame 1403636759.2635555
Dropping frame 1403636759.3635557
Dropping frame 1403636759.8635557
Dropping frame 1403636761.2135556
Dropping frame 1403636761.3135555
Dropping frame 1403636761.5135555
Dropping frame 1403636761.7135556
Dropping frame 1403636762.4635556
Dropping frame 1403636762.6635556
Dropping frame 1403636762.8635557
Dropping frame 1403636763.0635555
Dropping frame 1403636763.2635555
Dropping frame 1403636763.4635556
Dropping frame 1403636763.5635555
Dropping frame 1403636763.6635556
Dropping frame 1403636763.7635555
Shutdown
SLAM Finished at System Time: 1742941646.50014

 TIME STATS in ms (mean$\pm$std)
OpenCV version: 4.8.1
---------------------------
Tracking

ORB Extraction: 21.046$\pm$1.9097
Stereo Matching: 7.2747$\pm$1.9725
IMU Preintegration: 0.26643$\pm$0.10935
Pose Prediction: 0.21715$\pm$0.59886
LM Track: 20.593$\pm$5.9936
New KF decision: 1.1233$\pm$2.1239
Total Tracking: 32.922$\pm$28.104



Local Mapping

KF Insertion: 19.121$\pm$7.909
MP Culling: 0.53027$\pm$0.21471
MP Creation: 51.916$\pm$16.777
LBA: 167.43$\pm$56.391
KF Culling: 18.61$\pm$11.823
Total Local Mapping: 257.46$\pm$82.085
---------------------------

LBA complexity (mean$\pm$std)
LBA Edges: 1902.2$\pm$762.48
LBA KF optimized: 6.5$\pm$2.2913
LBA KF fixed: 1$\pm$0
LBA MP: nan$\pm$nan

LBA executions: 520
LBA aborts: 0
---------------------------

Map complexity
KFs in map: 129
MPs in map: 9540
---------------------------

Place Recognition (mean$\pm$std)
Database Query: 1.5966$\pm$0.96508
SE3 estimation: 12.941$\pm$17.128
Total Place Recognition: 13.173$\pm$17.439


Loop Closing (mean$\pm$std)
Loop Fusion: nan$\pm$nan
Essential Graph: nan$\pm$nan
Total Loop Closing: nan$\pm$nan

Num exec: 0
Number of KFs: nan$\pm$nan

Map Merging (mean$\pm$std)
Merge Maps: nan$\pm$nan
Welding BA: nan$\pm$nan
Optimization Ess.: nan$\pm$nan
Total Map Merging: nan$\pm$nan

Num exec: 0
Number of KFs: nan$\pm$nan
Number of MPs: nan$\pm$nan

Full GBA (mean$\pm$std)
GBA: nan$\pm$nan
Map Update: nan$\pm$nan
Total Full GBA: nan$\pm$nan

Num exec: 0
Num abort: 0
Number of KFs: nan$\pm$nan
Number of MPs: nan$\pm$nan

Saving trajectory to f_dataset-MH01_stereo_imu.txt ...
There are 1 maps in the atlas
  Map 0 has 129 KFs

End of saving trajectory to f_dataset-MH01_stereo_imu.txt ...

Saving keyframe trajectory to kf_dataset-MH01_stereo_imu.txt ...
