num_seq = 1
file name: dataset-V201_stereo_imu
Loading images for sequence 0...LOADED!
Loading IMU for sequence 0...LOADED!

-------

ORB-SLAM3 Copyright (C) 2017-2020 Carlos Campos, Richard Elvira, Juan J. Gómez, José M.M. Montiel and Juan D. Tardós, University of Zaragoza.
ORB-SLAM2 Copyright (C) 2014-2016 Raúl Mur-Artal, José M.M. Montiel and Juan D. Tardós, University of Zaragoza.
This program comes with ABSOLUTELY NO WARRANTY;
This is free software, and you are welcome to redistribute it
under certain conditions. See LICENSE.txt.

Built with REGISTER_TIMES
Git Commit Hash: 33f00b6

Build Type: Release

Compiled with C++ version: 201703

Input sensor was set to: Stereo-Inertial
Loading settings from EuRoC_fov_deadlines_mask_9x9.yaml
	-Loaded camera 1
	-Loaded camera 2
	-Loaded image info
	-Loaded IMU calibration
	-Loaded ORB settings
	-Loaded viewer settings
	-Loaded Atlas settings
Deadlines enabled, will skip frames!
FOV enabled
Static mask size: 9x9
Dumping map points enabled
	-Loaded misc parameters
	-Computed rectification maps
----------------------------------
SLAM settings: 
	-Camera 1 parameters (Pinhole): [ 458.65399169921875 457.29598999023438 367.21499633789062 248.375 ]
	-Camera 1 distortion parameters: [  -0.28340810537338257 0.073959067463874817 0.00019359000725671649 1.7618711353861727e-05 ]
	-Camera 2 parameters (Pinhole: [ 457.58700561523438 456.13400268554688 379.99899291992188 255.23800659179688 ]
	-Camera 1 distortion parameters: [  -0.2836836576461792 0.074512839317321777 -0.00010473000293131918 -3.555907096597366e-05 ]
	-Original image size: [ 752 , 480 ]
	-Current image size: [ 752 , 480 ]
	-Camera 1 parameters after rectification: [  456.71499633789062 456.71499633789062 364.52615356445312 257.268798828125 ]
	-Sequence FPS: 20
	-Stereo baseline: 0.11007784307003021
	-Stereo depth threshold : 60
	-Gyro noise: 0.00016999999934341758
	-Accelerometer noise: 0.0020000000949949026
	-Gyro walk: 1.9392999092815444e-05
	-Accelerometer walk: 0.0030000000260770321
	-IMU frequency: 200
	-Features per image: 1200
	-ORB scale factor: 1.2000000476837158
	-ORB number of scales: 8
	-Initial FAST threshold: 20
	-Min FAST threshold: 7


Loading ORB Vocabulary. This could take a while...
Vocabulary loaded!

Initialization of Atlas from scratch 
Creation of new map with id: 0
Creation of new map with last KF id: 0
Seq. Name: 
There are 1 cameras in the atlas
Camera 0 is pinhole
SLAM Started at System Time: 1747060880.69007
not IMU meas
not IMU meas
not enough acceleration
not enough acceleration
not enough acceleration
not enough acceleration
not enough acceleration
not enough acceleration
not enough acceleration
not enough acceleration
not enough acceleration
not enough acceleration
not enough acceleration
not enough acceleration
not enough acceleration
not enough acceleration
not enough acceleration
not enough acceleration
not enough acceleration
not enough acceleration
not enough acceleration
not enough acceleration
not enough acceleration
not enough acceleration
not enough acceleration
not enough acceleration
not enough acceleration
not enough acceleration
not enough acceleration
not enough acceleration
not enough acceleration
not enough acceleration
not enough acceleration
not enough acceleration
not enough acceleration
not enough acceleration
not enough acceleration
not enough acceleration
not enough acceleration
not enough acceleration
not enough acceleration
not enough acceleration
not enough acceleration
not enough acceleration
not enough acceleration
not enough acceleration
not enough acceleration
not enough acceleration
not enough acceleration
not enough acceleration
not enough acceleration
not enough acceleration
not enough acceleration
not enough acceleration
not enough acceleration
not enough acceleration
not enough acceleration
not enough acceleration
not enough acceleration
not enough acceleration
not enough acceleration
not enough acceleration
not enough acceleration
not enough acceleration
not enough acceleration
not enough acceleration
not enough acceleration
not enough acceleration
not enough acceleration
not enough acceleration
not enough acceleration
not enough acceleration
not enough acceleration
not enough acceleration
not enough acceleration
not enough acceleration
not enough acceleration
not enough acceleration
not enough acceleration
not enough acceleration
not enough acceleration
not enough acceleration
not enough acceleration
not enough acceleration
not enough acceleration
not enough acceleration
First KF:0; Map init KF:0
New Map created with 797 points
Active map: 0
Dropping frame 1413393216.6057606
Dropping frame 1413393216.8057606
Dropping frame 1413393217.1057606
Dropping frame 1413393217.2057605
Dropping frame 1413393217.5557604
Dropping frame 1413393217.7557604
Dropping frame 1413393217.9557605
Dropping frame 1413393218.2557604
Dropping frame 1413393218.3557603
Dropping frame 1413393218.4557605
Dropping frame 1413393218.6557603
Dropping frame 1413393218.7557604
Dropping frame 1413393219.0057604
Dropping frame 1413393219.1057606
Dropping frame 1413393219.4557605
Dropping frame 1413393219.6557603
Dropping frame 1413393219.8557603
Dropping frame 1413393219.9557605
Dropping frame 1413393220.0557604
Dropping frame 1413393220.2557604
Dropping frame 1413393220.4557605
Dropping frame 1413393220.5557604
Dropping frame 1413393220.6557603
Dropping frame 1413393220.9057605
Dropping frame 1413393221.1057606
Dropping frame 1413393221.2057605
Dropping frame 1413393221.3057606
Dropping frame 1413393221.6557603
Dropping frame 1413393221.7557604
Dropping frame 1413393221.8557603
start VIBA 1
Dropping frame 1413393222.0557604
Dropping frame 1413393222.1557603
end VIBA 1
Dropping frame 1413393222.4057605
Dropping frame 1413393222.7557604
Dropping frame 1413393222.8557603
Dropping frame 1413393222.9557605
Dropping frame 1413393223.1557603
Dropping frame 1413393223.2557604
Dropping frame 1413393223.3557603
Dropping frame 1413393223.5557604
Dropping frame 1413393223.7557604
Dropping frame 1413393223.9557605
Dropping frame 1413393224.3057606
Dropping frame 1413393224.4057605
Dropping frame 1413393224.5057604
Dropping frame 1413393224.8557603
Dropping frame 1413393225.0557604
Dropping frame 1413393225.1557603
Dropping frame 1413393225.3057606
Dropping frame 1413393225.4057605
Dropping frame 1413393225.5057604
Dropping frame 1413393225.7057605
Dropping frame 1413393225.9057605
Dropping frame 1413393226.1057606
Dropping frame 1413393226.2557604
Dropping frame 1413393226.4557605
Dropping frame 1413393226.6557603
Dropping frame 1413393226.7557604
Dropping frame 1413393226.8557603
Dropping frame 1413393227.1057606
Dropping frame 1413393227.2057605
Dropping frame 1413393227.3057606
Dropping frame 1413393227.4057605
Dropping frame 1413393227.5057604
Dropping frame 1413393227.6057606
Dropping frame 1413393227.8057606
Dropping frame 1413393228.0057604
Dropping frame 1413393228.2057605
Dropping frame 1413393228.3057606
Dropping frame 1413393228.4057605
Dropping frame 1413393228.6057606
Dropping frame 1413393228.8057606
Dropping frame 1413393229.0057604
Dropping frame 1413393229.1057606
Dropping frame 1413393229.2057605
Dropping frame 1413393229.4057605
Dropping frame 1413393229.5057604
Dropping frame 1413393229.7557604
Dropping frame 1413393229.8557603
Dropping frame 1413393229.9557605
Dropping frame 1413393230.1557603
Dropping frame 1413393230.2557604
Dropping frame 1413393230.3557603
Dropping frame 1413393230.5057604
Dropping frame 1413393230.7557604
Dropping frame 1413393230.9557605
Dropping frame 1413393231.1557603
Dropping frame 1413393231.2557604
Dropping frame 1413393231.6557603
Dropping frame 1413393231.7557604
start VIBA 2
end VIBA 2
Dropping frame 1413393232.0057604
Dropping frame 1413393232.2057605
Dropping frame 1413393232.3057606
Dropping frame 1413393232.6557603
Dropping frame 1413393233.1057606
Dropping frame 1413393233.2057605
Dropping frame 1413393233.5057604
Dropping frame 1413393233.6057606
Dropping frame 1413393233.8057606
Dropping frame 1413393234.0557604
Dropping frame 1413393234.2057605
Dropping frame 1413393234.4057605
Dropping frame 1413393234.5057604
Dropping frame 1413393234.6057606
Dropping frame 1413393234.8057606
Dropping frame 1413393235.0057604
Dropping frame 1413393235.2057605
Dropping frame 1413393235.3057606
Dropping frame 1413393235.4057605
Dropping frame 1413393235.5057604
Dropping frame 1413393235.7057605
Dropping frame 1413393235.9057605
Dropping frame 1413393236.1057606
Dropping frame 1413393236.3057606
Dropping frame 1413393236.5057604
Dropping frame 1413393236.9557605
Dropping frame 1413393237.0557604
Dropping frame 1413393237.1557603
Dropping frame 1413393237.3557603
Dropping frame 1413393237.5057604
Dropping frame 1413393237.7057605
Dropping frame 1413393237.9057605
Dropping frame 1413393238.1057606
Dropping frame 1413393238.2057605
Dropping frame 1413393238.3057606
Dropping frame 1413393238.5057604
Dropping frame 1413393238.6557603
Dropping frame 1413393238.8557603
Dropping frame 1413393238.9557605
Dropping frame 1413393239.0557604
Dropping frame 1413393239.5557604
Dropping frame 1413393240.0057604
Dropping frame 1413393240.1057606
Dropping frame 1413393240.2057605
Dropping frame 1413393240.4557605
Dropping frame 1413393240.6557603
Dropping frame 1413393240.8557603
Dropping frame 1413393240.9557605
Dropping frame 1413393241.0557604
Dropping frame 1413393241.2557604
Dropping frame 1413393241.4557605
Dropping frame 1413393241.6557603
Dropping frame 1413393242.3057606
Dropping frame 1413393242.5057604
Dropping frame 1413393242.6057606
Dropping frame 1413393242.8557603
Dropping frame 1413393243.0557604
Dropping frame 1413393243.1557603
Dropping frame 1413393243.2557604
Dropping frame 1413393244.1057606
Dropping frame 1413393244.2057605
Dropping frame 1413393244.4557605
Dropping frame 1413393244.6557603
Dropping frame 1413393244.8057606
Dropping frame 1413393244.9057605
Dropping frame 1413393245.2057605
Dropping frame 1413393245.5057604
Dropping frame 1413393245.8057606
Dropping frame 1413393246.0057604
Dropping frame 1413393246.1057606
Dropping frame 1413393246.4557605
Dropping frame 1413393246.6557603
Dropping frame 1413393246.7557604
Dropping frame 1413393247.0057604
Dropping frame 1413393247.1057606
Dropping frame 1413393247.4057605
Dropping frame 1413393247.5057604
Dropping frame 1413393247.7057605
Dropping frame 1413393248.6057606
Dropping frame 1413393248.8557603
Dropping frame 1413393249.1557603
Dropping frame 1413393249.3557603
Dropping frame 1413393249.5557604
Dropping frame 1413393249.7557604
Dropping frame 1413393249.9057605
Dropping frame 1413393250.1057606
Dropping frame 1413393250.2057605
Dropping frame 1413393250.5057604
Dropping frame 1413393250.7557604
Dropping frame 1413393250.8557603
Dropping frame 1413393250.9557605
Dropping frame 1413393251.1557603
Dropping frame 1413393251.4557605
Dropping frame 1413393251.6557603
Dropping frame 1413393251.7557604
Dropping frame 1413393252.1057606
Dropping frame 1413393252.3057606
Dropping frame 1413393252.5057604
Dropping frame 1413393252.6057606
Dropping frame 1413393252.8557603
Dropping frame 1413393252.9557605
Dropping frame 1413393253.1557603
Dropping frame 1413393253.3057606
Dropping frame 1413393253.5057604
Dropping frame 1413393253.6057606
Dropping frame 1413393253.9057605
Dropping frame 1413393254.1557603
Dropping frame 1413393254.3557603
Dropping frame 1413393254.5557604
Dropping frame 1413393254.7057605
Dropping frame 1413393254.9057605
Dropping frame 1413393255.1557603
Dropping frame 1413393255.2557604
Dropping frame 1413393255.5057604
Dropping frame 1413393255.7057605
Dropping frame 1413393255.9057605
Dropping frame 1413393256.0057604
Dropping frame 1413393256.2557604
Dropping frame 1413393256.4557605
Dropping frame 1413393256.9057605
Dropping frame 1413393257.0057604
Dropping frame 1413393257.1057606
Dropping frame 1413393257.3057606
Dropping frame 1413393257.5057604
Dropping frame 1413393257.7057605
Dropping frame 1413393257.8057606
Dropping frame 1413393257.9057605
Dropping frame 1413393258.4057605
Dropping frame 1413393258.5057604
Dropping frame 1413393258.7557604
Dropping frame 1413393258.9557605
Dropping frame 1413393259.1557603
Dropping frame 1413393259.4557605
Dropping frame 1413393259.5557604
Dropping frame 1413393259.6557603
Dropping frame 1413393259.8557603
Dropping frame 1413393260.1557603
Dropping frame 1413393260.3057606
Dropping frame 1413393260.4057605
Dropping frame 1413393260.6057606
Dropping frame 1413393260.8557603
Dropping frame 1413393261.1557603
Dropping frame 1413393261.2557604
Dropping frame 1413393261.4557605
Dropping frame 1413393261.6557603
Dropping frame 1413393261.7557604
Dropping frame 1413393262.0557604
Dropping frame 1413393262.1557603
Dropping frame 1413393262.4057605
Dropping frame 1413393262.6057606
Dropping frame 1413393263.1057606
Dropping frame 1413393263.7557604
Dropping frame 1413393263.9557605
Dropping frame 1413393264.3057606
Dropping frame 1413393264.4057605
Dropping frame 1413393264.6557603
Dropping frame 1413393264.7557604
Dropping frame 1413393265.1557603
Dropping frame 1413393265.5057604
Dropping frame 1413393265.6057606
Dropping frame 1413393265.9557605
Dropping frame 1413393266.0557604
Dropping frame 1413393266.4057605
Dropping frame 1413393266.5057604
Dropping frame 1413393266.7557604
Dropping frame 1413393266.9557605
Dropping frame 1413393267.0557604
Dropping frame 1413393267.2057605
Dropping frame 1413393267.5057604
Dropping frame 1413393267.6557603
Dropping frame 1413393267.8557603
Dropping frame 1413393268.0557604
Dropping frame 1413393268.2057605
Dropping frame 1413393268.4557605
Dropping frame 1413393268.6557603
Dropping frame 1413393268.7557604
Dropping frame 1413393269.1057606
Dropping frame 1413393269.3057606
Dropping frame 1413393269.4057605
Dropping frame 1413393269.6557603
Dropping frame 1413393269.7557604
Dropping frame 1413393270.1057606
Dropping frame 1413393270.3057606
Dropping frame 1413393270.8557603
Dropping frame 1413393272.0057604
Dropping frame 1413393272.1557603
Dropping frame 1413393272.3557603
Dropping frame 1413393272.4557605
Dropping frame 1413393272.6557603
Dropping frame 1413393272.7557604
Dropping frame 1413393273.0057604
Dropping frame 1413393273.2057605
Dropping frame 1413393273.3057606
Dropping frame 1413393273.6557603
Dropping frame 1413393273.7557604
Dropping frame 1413393274.0557604
Dropping frame 1413393274.2557604
Dropping frame 1413393274.4557605
Dropping frame 1413393274.5557604
Dropping frame 1413393274.6557603
Dropping frame 1413393275.4557605
Dropping frame 1413393275.6557603
Dropping frame 1413393276.1057606
Dropping frame 1413393276.2057605
Dropping frame 1413393276.3057606
Dropping frame 1413393276.5057604
Dropping frame 1413393276.8057606
Dropping frame 1413393277.0057604
Dropping frame 1413393277.1057606
Dropping frame 1413393277.2057605
Dropping frame 1413393277.3057606
Dropping frame 1413393277.5057604
Dropping frame 1413393277.7057605
Dropping frame 1413393277.8057606
Dropping frame 1413393278.0557604
Dropping frame 1413393278.3057606
Dropping frame 1413393278.4557605
Dropping frame 1413393278.6557603
Dropping frame 1413393278.8557603
Dropping frame 1413393278.9557605
Dropping frame 1413393279.0557604
Dropping frame 1413393279.3557603
Dropping frame 1413393279.4557605
Dropping frame 1413393279.7557604
Dropping frame 1413393279.8557603
Dropping frame 1413393280.1057606
Dropping frame 1413393280.2057605
Dropping frame 1413393280.4557605
Dropping frame 1413393280.5557604
Dropping frame 1413393280.7557604
Dropping frame 1413393281.0557604
Dropping frame 1413393281.1557603
Dropping frame 1413393281.2557604
Dropping frame 1413393281.5057604
Dropping frame 1413393281.7057605
Dropping frame 1413393282.0557604
Dropping frame 1413393282.1557603
Dropping frame 1413393282.2557604
Dropping frame 1413393282.4557605
Dropping frame 1413393282.6057606
Dropping frame 1413393282.8057606
Dropping frame 1413393283.0057604
Dropping frame 1413393283.1057606
Dropping frame 1413393283.4057605
Dropping frame 1413393283.5557604
Dropping frame 1413393283.7557604
Dropping frame 1413393283.8557603
Dropping frame 1413393284.3557603
Dropping frame 1413393284.5557604
Dropping frame 1413393284.8057606
Dropping frame 1413393285.0557604
Dropping frame 1413393285.3557603
Dropping frame 1413393285.4557605
Dropping frame 1413393285.7057605
Dropping frame 1413393285.9057605
Dropping frame 1413393286.1057606
Dropping frame 1413393286.2557604
Dropping frame 1413393286.6057606
Dropping frame 1413393286.9557605
Dropping frame 1413393287.0557604
Dropping frame 1413393287.3557603
Dropping frame 1413393287.6557603
Dropping frame 1413393287.7557604
Dropping frame 1413393287.8557603
Dropping frame 1413393288.4057605
Dropping frame 1413393288.6057606
Dropping frame 1413393288.8557603
Dropping frame 1413393289.1057606
Dropping frame 1413393289.7057605
Dropping frame 1413393289.9057605
Dropping frame 1413393290.2557604
Dropping frame 1413393290.5557604
Dropping frame 1413393290.6557603
Dropping frame 1413393291.1557603
Dropping frame 1413393291.3057606
Dropping frame 1413393291.7557604
Dropping frame 1413393292.5557604
Dropping frame 1413393293.0557604
Dropping frame 1413393293.6557603
Dropping frame 1413393294.6557603
Dropping frame 1413393295.3057606
Dropping frame 1413393295.6057606
Dropping frame 1413393296.6557603
Dropping frame 1413393297.0557604
Dropping frame 1413393297.3057606
Dropping frame 1413393297.5057604
Dropping frame 1413393297.8057606
Dropping frame 1413393298.0057604
Dropping frame 1413393298.2057605
Dropping frame 1413393298.3057606
Dropping frame 1413393298.4057605
Dropping frame 1413393298.6557603
Dropping frame 1413393298.7557604
Dropping frame 1413393299.0057604
Dropping frame 1413393299.2057605
Dropping frame 1413393299.3057606
Dropping frame 1413393299.5057604
Dropping frame 1413393299.6057606
Dropping frame 1413393299.7057605
Dropping frame 1413393299.8057606
Dropping frame 1413393300.0557604
Dropping frame 1413393300.1557603
Dropping frame 1413393300.3557603
Dropping frame 1413393300.4557605
Dropping frame 1413393300.5557604
Dropping frame 1413393300.7557604
Dropping frame 1413393300.8557603
Dropping frame 1413393300.9557605
Dropping frame 1413393301.1557603
Dropping frame 1413393301.2557604
Dropping frame 1413393301.7557604
Dropping frame 1413393301.8557603
Dropping frame 1413393301.9557605
Dropping frame 1413393302.1557603
Dropping frame 1413393302.3557603
Dropping frame 1413393302.4557605
Dropping frame 1413393302.6057606
Dropping frame 1413393302.9057605
Dropping frame 1413393303.0057604
Dropping frame 1413393303.1057606
Dropping frame 1413393303.3057606
Dropping frame 1413393303.5057604
Dropping frame 1413393303.6057606
Dropping frame 1413393303.7057605
Dropping frame 1413393303.9557605
Dropping frame 1413393304.1557603
Dropping frame 1413393304.3057606
Dropping frame 1413393304.4057605
Dropping frame 1413393304.7057605
Dropping frame 1413393304.8057606
Dropping frame 1413393305.0557604
Dropping frame 1413393305.1557603
Dropping frame 1413393305.2557604
Dropping frame 1413393305.3557603
Dropping frame 1413393305.5057604
Dropping frame 1413393305.6057606
Dropping frame 1413393305.7057605
Dropping frame 1413393306.0057604
Dropping frame 1413393306.1057606
Dropping frame 1413393306.2057605
Dropping frame 1413393306.3557603
Dropping frame 1413393306.4557605
Dropping frame 1413393306.7057605
Dropping frame 1413393306.9057605
Dropping frame 1413393307.0057604
Dropping frame 1413393307.2557604
Dropping frame 1413393307.5057604
Dropping frame 1413393307.7057605
Dropping frame 1413393307.8057606
Dropping frame 1413393308.0057604
Dropping frame 1413393308.1057606
Dropping frame 1413393308.2057605
Dropping frame 1413393308.4057605
Dropping frame 1413393308.6057606
Dropping frame 1413393308.7057605
Dropping frame 1413393308.8057606
Dropping frame 1413393309.0057604
Dropping frame 1413393309.2057605
Dropping frame 1413393309.3057606
Dropping frame 1413393309.4057605
Dropping frame 1413393309.6557603
Dropping frame 1413393309.7557604
Dropping frame 1413393310.0057604
Dropping frame 1413393310.2057605
Dropping frame 1413393310.3057606
Dropping frame 1413393310.4057605
Dropping frame 1413393310.6057606
Dropping frame 1413393310.8057606
Dropping frame 1413393311.0057604
Dropping frame 1413393311.1057606
Dropping frame 1413393311.2057605
Dropping frame 1413393311.5057604
Dropping frame 1413393311.6057606
Dropping frame 1413393311.8557603
Dropping frame 1413393312.1557603
Dropping frame 1413393312.3557603
Dropping frame 1413393312.5557604
Dropping frame 1413393312.6557603
Dropping frame 1413393312.7557604
Dropping frame 1413393312.9557605
Dropping frame 1413393313.2057605
Dropping frame 1413393313.4057605
Dropping frame 1413393313.5057604
Dropping frame 1413393314.0057604
Dropping frame 1413393314.1557603
Dropping frame 1413393314.2557604
Dropping frame 1413393314.6557603
Dropping frame 1413393314.8557603
Dropping frame 1413393315.0557604
Dropping frame 1413393315.1557603
Dropping frame 1413393315.2557604
Dropping frame 1413393315.4557605
Dropping frame 1413393315.5557604
Dropping frame 1413393315.7057605
Dropping frame 1413393315.8057606
Dropping frame 1413393316.0057604
Dropping frame 1413393316.1057606
Dropping frame 1413393316.3557603
Dropping frame 1413393316.5557604
Dropping frame 1413393316.7557604
Dropping frame 1413393316.9557605
Dropping frame 1413393317.0557604
Dropping frame 1413393317.1557603
Dropping frame 1413393317.3557603
Dropping frame 1413393317.5057604
Dropping frame 1413393317.7057605
Dropping frame 1413393317.9057605
Dropping frame 1413393318.0057604
Dropping frame 1413393318.3057606
Dropping frame 1413393318.4057605
Dropping frame 1413393318.5057604
Dropping frame 1413393318.6057606
Dropping frame 1413393318.8057606
Dropping frame 1413393318.9057605
Dropping frame 1413393319.1057606
Dropping frame 1413393319.2057605
Dropping frame 1413393319.4557605
Dropping frame 1413393319.5557604
Dropping frame 1413393319.6557603
Dropping frame 1413393319.8557603
Dropping frame 1413393320.0557604
Dropping frame 1413393320.2557604
Dropping frame 1413393320.3557603
Dropping frame 1413393320.5057604
Dropping frame 1413393320.7557604
Dropping frame 1413393320.9557605
Dropping frame 1413393321.0557604
Dropping frame 1413393321.1557603
Dropping frame 1413393321.2557604
Dropping frame 1413393321.5057604
Dropping frame 1413393321.7057605
Dropping frame 1413393321.9057605
Fail to track local map!
Fail to track local map!
Fail to track local map!
Dropping frame 1413393322.1057606
Fail to track local map!
Fail to track local map!
Fail to track local map!
Dropping frame 1413393322.3057606
Dropping frame 1413393322.4057605
Fail to track local map!
Dropping frame 1413393322.5057604
Fail to track local map!
Fail to track local map!
Fail to track local map!
Fail to track local map!
Dropping frame 1413393322.7557604
Fail to track local map!
Fail to track local map!
Dropping frame 1413393322.9557605
Fail to track local map!
Dropping frame 1413393323.0557604
Fail to track local map!
Fail to track local map!
Fail to track local map!
Fail to track local map!
Fail to track local map!
Dropping frame 1413393323.3557603
Dropping frame 1413393323.4557605
Fail to track local map!
Fail to track local map!
Fail to track local map!
Fail to track local map!
Fail to track local map!
Fail to track local map!
Fail to track local map!
Dropping frame 1413393323.9057605
Fail to track local map!
Dropping frame 1413393324.1057606
Fail to track local map!
Dropping frame 1413393324.2057605
Fail to track local map!
Dropping frame 1413393324.3057606
Fail to track local map!
Dropping frame 1413393324.5557604
Fail to track local map!
Fail to track local map!
Fail to track local map!
Fail to track local map!
Fail to track local map!
Dropping frame 1413393324.8557603
Fail to track local map!
Dropping frame 1413393325.3057606
Dropping frame 1413393325.5057604
Dropping frame 1413393325.7057605
Dropping frame 1413393325.8557603
Dropping frame 1413393326.1057606
Shutdown
SLAM Finished at System Time: 1747061015.85537

 TIME STATS in ms (mean$\pm$std)
OpenCV version: 4.8.1
---------------------------
Tracking

ORB Extraction: 17.03$\pm$1.9568
Stereo Matching: 8.8434$\pm$2.9125
IMU Preintegration: 0.20363$\pm$0.063621
Pose Prediction: 0.42026$\pm$1.7395
LM Track: 19.031$\pm$4.3161
New KF decision: 1.6592$\pm$3.1927
Total Tracking: 31.382$\pm$25.481



Local Mapping

KF Insertion: 15.609$\pm$4.6828
MP Culling: 0.70428$\pm$0.24033
MP Creation: 48.799$\pm$13.657
LBA: 152.58$\pm$37.455
KF Culling: 14.624$\pm$8.543
Total Local Mapping: 232.55$\pm$51.637
---------------------------

LBA complexity (mean$\pm$std)
LBA Edges: 4144.9$\pm$1193.1
LBA KF optimized: 6.5$\pm$2.2913
LBA KF fixed: 1$\pm$0
LBA MP: nan$\pm$nan

LBA executions: 321
LBA aborts: 0
---------------------------

Map complexity
KFs in map: 104
MPs in map: 8766
---------------------------

Place Recognition (mean$\pm$std)
Database Query: 1.7119$\pm$0.78085
SE3 estimation: 23.951$\pm$18.229
Total Place Recognition: 21.997$\pm$19.613


Loop Closing (mean$\pm$std)
Loop Fusion: nan$\pm$nan
Essential Graph: nan$\pm$nan
Total Loop Closing: nan$\pm$nan

Num exec: 0
Number of KFs: nan$\pm$nan

Map Merging (mean$\pm$std)
Merge Maps: nan$\pm$nan
Welding BA: nan$\pm$nan
Optimization Ess.: nan$\pm$nan
Total Map Merging: nan$\pm$nan

Num exec: 0
Number of KFs: nan$\pm$nan
Number of MPs: nan$\pm$nan

Full GBA (mean$\pm$std)
GBA: nan$\pm$nan
Map Update: nan$\pm$nan
Total Full GBA: nan$\pm$nan

Num exec: 0
Num abort: 0
Number of KFs: nan$\pm$nan
Number of MPs: nan$\pm$nan

Saving trajectory to f_dataset-V201_stereo_imu.txt ...
There are 1 maps in the atlas
  Map 0 has 104 KFs

End of saving trajectory to f_dataset-V201_stereo_imu.txt ...

Saving keyframe trajectory to kf_dataset-V201_stereo_imu.txt ...
