num_seq = 1
file name: dataset-MH01_stereo_imu
Loading images for sequence 0...LOADED!
Loading IMU for sequence 0...LOADED!

-------

ORB-SLAM3 Copyright (C) 2017-2020 Carlos Campos, Richard Elvira, Juan J. Gómez, José M.M. Montiel and Juan D. Tardós, University of Zaragoza.
ORB-SLAM2 Copyright (C) 2014-2016 Raúl Mur-Artal, José M.M. Montiel and Juan D. Tardós, University of Zaragoza.
This program comes with ABSOLUTELY NO WARRANTY;
This is free software, and you are welcome to redistribute it
under certain conditions. See LICENSE.txt.

Built with REGISTER_TIMES
Git Commit Hash: 48ed9a3

Build Type: Release

Compiled with C++ version: 201703

Input sensor was set to: Stereo-Inertial
Loading settings from ./Examples/Stereo-Inertial/EuRoC_oasis.yaml
	-Loaded camera 1
	-Loaded camera 2
	-Loaded image info
	-Loaded IMU calibration
	-Loaded ORB settings
	-Loaded viewer settings
	-Loaded Atlas settings
OASIS enabled
	-Loaded misc parameters
	-Computed rectification maps
----------------------------------
SLAM settings: 
	-Camera 1 parameters (Pinhole): [ 458.65399169921875 457.29598999023438 367.21499633789062 248.375 ]
	-Camera 1 distortion parameters: [  -0.28340810537338257 0.073959067463874817 0.00019359000725671649 1.7618711353861727e-05 ]
	-Camera 2 parameters (Pinhole: [ 457.58700561523438 456.13400268554688 379.99899291992188 255.23800659179688 ]
	-Camera 1 distortion parameters: [  -0.2836836576461792 0.074512839317321777 -0.00010473000293131918 -3.555907096597366e-05 ]
	-Original image size: [ 752 , 480 ]
	-Current image size: [ 752 , 480 ]
	-Camera 1 parameters after rectification: [  456.71499633789062 456.71499633789062 364.52615356445312 257.268798828125 ]
	-Sequence FPS: 20
	-Stereo baseline: 0.11007784307003021
	-Stereo depth threshold : 60
	-Gyro noise: 0.00016999999934341758
	-Accelerometer noise: 0.0020000000949949026
	-Gyro walk: 1.9392999092815444e-05
	-Accelerometer walk: 0.0030000000260770321
	-IMU frequency: 200
	-Features per image: 1200
	-ORB scale factor: 1.2000000476837158
	-ORB number of scales: 8
	-Initial FAST threshold: 20
	-Min FAST threshold: 7


Loading ORB Vocabulary. This could take a while...
Vocabulary loaded!

Initialization of Atlas from scratch 
Creation of new map with id: 0
Creation of new map with last KF id: 0
Seq. Name: 
There are 1 cameras in the atlas
Camera 0 is pinhole
SLAM Started at System Time: 1749732560.65696
not IMU meas
not IMU meas
not enough acceleration
not enough acceleration
First KF:0; Map init KF:0
New Map created with 536 points
Active map: 0
start VIBA 1
end VIBA 1
start VIBA 2
end VIBA 2
Fail to track local map!
Skipped/Dropped frame 1403636656.3135555
Fail to track local map!
Skipped/Dropped frame 1403636675.5135555
Fail to track local map!
Skipped/Dropped frame 1403636675.6135554
Fail to track local map!
Skipped/Dropped frame 1403636704.0635555
Fail to track local map!
Skipped/Dropped frame 1403636704.1635556
Fail to track local map!
Skipped/Dropped frame 1403636704.2635555
Fail to track local map!
Skipped/Dropped frame 1403636704.3635557
Fail to track local map!
Skipped/Dropped frame 1403636704.4635556
Fail to track local map!
Skipped/Dropped frame 1403636713.6635556
Fail to track local map!
Skipped/Dropped frame 1403636713.7635555
Fail to track local map!
Skipped/Dropped frame 1403636713.8635557
Fail to track local map!
Skipped/Dropped frame 1403636713.9635556
Fail to track local map!
Skipped/Dropped frame 1403636714.0635555
Fail to track local map!
Skipped/Dropped frame 1403636723.3135555
Fail to track local map!
Skipped/Dropped frame 1403636723.4135554
Fail to track local map!
Skipped/Dropped frame 1403636733.0135555
Fail to track local map!
Skipped/Dropped frame 1403636733.1135554
Fail to track local map!
Skipped/Dropped frame 1403636733.2135556
Fail to track local map!
Skipped/Dropped frame 1403636733.3135555
Fail to track local map!
Skipped/Dropped frame 1403636742.6635556
Fail to track local map!
Skipped/Dropped frame 1403636742.7635555
Fail to track local map!
Skipped/Dropped frame 1403636742.9635556
Fail to track local map!
Skipped/Dropped frame 1403636752.2635555
Fail to track local map!
Skipped/Dropped frame 1403636752.3635557
Fail to track local map!
Skipped/Dropped frame 1403636752.4635556
Fail to track local map!
Skipped/Dropped frame 1403636752.5635555
Fail to track local map!
Skipped/Dropped frame 1403636752.6635556
Shutdown
SLAM Finished at System Time: 1749732776.09114

 TIME STATS in ms (mean$\pm$std)
OpenCV version: 4.6.0
---------------------------
Tracking

ORB Extraction: 16.87$\pm$4.5404
Stereo Matching: 5.6707$\pm$2.4783
IMU Preintegration: 0.15284$\pm$0.1966
Pose Prediction: 0.088785$\pm$0.41191
LM Track: 11.395$\pm$5.8544
New KF decision: 0.13892$\pm$0.28652
Total Tracking: 37.847$\pm$11.682



Local Mapping

KF Insertion: 11.884$\pm$5.0109
MP Culling: 0.24929$\pm$0.33587
MP Creation: 28.774$\pm$13.496
LBA: 120.8$\pm$56.384
KF Culling: 10.893$\pm$7.7411
Total Local Mapping: 172.65$\pm$74.611
---------------------------

LBA complexity (mean$\pm$std)
LBA Edges: 1905.5$\pm$694.85
LBA KF optimized: 6.5$\pm$2.2913
LBA KF fixed: 1$\pm$0
LBA MP: -nan$\pm$-nan

LBA executions: 540
LBA aborts: 0
---------------------------

Map complexity
KFs in map: 131
MPs in map: 9470
---------------------------

Place Recognition (mean$\pm$std)
Database Query: 1.1258$\pm$0.69445
SE3 estimation: 10.258$\pm$13.019
Total Place Recognition: 10.11$\pm$13.102


Loop Closing (mean$\pm$std)
Loop Fusion: -nan$\pm$-nan
Essential Graph: -nan$\pm$-nan
Total Loop Closing: -nan$\pm$-nan

Num exec: 0
Number of KFs: -nan$\pm$-nan

Map Merging (mean$\pm$std)
Merge Maps: -nan$\pm$-nan
Welding BA: -nan$\pm$-nan
Optimization Ess.: -nan$\pm$-nan
Total Map Merging: -nan$\pm$-nan

Num exec: 0
Number of KFs: -nan$\pm$-nan
Number of MPs: -nan$\pm$-nan

Full GBA (mean$\pm$std)
GBA: -nan$\pm$-nan
Map Update: -nan$\pm$-nan
Total Full GBA: -nan$\pm$-nan

Num exec: 0
Num abort: 0
Number of KFs: -nan$\pm$-nan
Number of MPs: -nan$\pm$-nan

Saving trajectory to f_dataset-MH01_stereo_imu.txt ...
There are 1 maps in the atlas
  Map 0 has 131 KFs

End of saving trajectory to f_dataset-MH01_stereo_imu.txt ...

Saving keyframe trajectory to kf_dataset-MH01_stereo_imu.txt ...
