num_seq = 1
file name: dataset-MH04_stereo_imu
Loading images for sequence 0...LOADED!
Loading IMU for sequence 0...LOADED!

-------

ORB-SLAM3 Copyright (C) 2017-2020 Carlos Campos, Richard Elvira, Juan J. Gómez, José M.M. Montiel and Juan D. Tardós, University of Zaragoza.
ORB-SLAM2 Copyright (C) 2014-2016 Raúl Mur-Artal, José M.M. Montiel and Juan D. Tardós, University of Zaragoza.
This program comes with ABSOLUTELY NO WARRANTY;
This is free software, and you are welcome to redistribute it
under certain conditions. See LICENSE.txt.

Built with REGISTER_TIMES
Git Commit Hash: 2d47524

Build Type: Release

Compiled with C++ version: 201703

Input sensor was set to: Stereo-Inertial
Loading settings from EuRoC_fov_deadlines_mask_11x11.yaml
	-Loaded camera 1
	-Loaded camera 2
	-Loaded image info
	-Loaded IMU calibration
	-Loaded ORB settings
	-Loaded viewer settings
	-Loaded Atlas settings
Deadlines enabled, will skip frames!
FOV enabled
Static mask size: 11x11
Dumping map points enabled
	-Loaded misc parameters
	-Computed rectification maps
----------------------------------
SLAM settings: 
	-Camera 1 parameters (Pinhole): [ 458.65399169921875 457.29598999023438 367.21499633789062 248.375 ]
	-Camera 1 distortion parameters: [  -0.28340810537338257 0.073959067463874817 0.00019359000725671649 1.7618711353861727e-05 ]
	-Camera 2 parameters (Pinhole: [ 457.58700561523438 456.13400268554688 379.99899291992188 255.23800659179688 ]
	-Camera 1 distortion parameters: [  -0.2836836576461792 0.074512839317321777 -0.00010473000293131918 -3.555907096597366e-05 ]
	-Original image size: [ 752 , 480 ]
	-Current image size: [ 752 , 480 ]
	-Camera 1 parameters after rectification: [  456.71499633789062 456.71499633789062 364.52615356445312 257.268798828125 ]
	-Sequence FPS: 20
	-Stereo baseline: 0.11007784307003021
	-Stereo depth threshold : 60
	-Gyro noise: 0.00016999999934341758
	-Accelerometer noise: 0.0020000000949949026
	-Gyro walk: 1.9392999092815444e-05
	-Accelerometer walk: 0.0030000000260770321
	-IMU frequency: 200
	-Features per image: 1200
	-ORB scale factor: 1.2000000476837158
	-ORB number of scales: 8
	-Initial FAST threshold: 20
	-Min FAST threshold: 7


Loading ORB Vocabulary. This could take a while...
Vocabulary loaded!

Initialization of Atlas from scratch 
Creation of new map with id: 0
Creation of new map with last KF id: 0
Seq. Name: 
There are 1 cameras in the atlas
Camera 0 is pinhole
SLAM Started at System Time: 1740740529.39162
not IMU meas
not IMU meas
not enough acceleration
not enough acceleration
not enough acceleration
not enough acceleration
not enough acceleration
not enough acceleration
not enough acceleration
not enough acceleration
not enough acceleration
not enough acceleration
not enough acceleration
not enough acceleration
not enough acceleration
not enough acceleration
not enough acceleration
not enough acceleration
not enough acceleration
not enough acceleration
not enough acceleration
not enough acceleration
not enough acceleration
not enough acceleration
not enough acceleration
not enough acceleration
not enough acceleration
not enough acceleration
not enough acceleration
not enough acceleration
not enough acceleration
not enough acceleration
First KF:0; Map init KF:0
New Map created with 145 points
Active map: 0
Dropping frame 1403638130.645097
Dropping frame 1403638130.8450971
Dropping frame 1403638130.945097
Dropping frame 1403638131.195097
Dropping frame 1403638131.395097
Dropping frame 1403638131.4950972
Dropping frame 1403638131.645097
Dropping frame 1403638131.8450971
Dropping frame 1403638131.945097
Dropping frame 1403638132.0450969
Dropping frame 1403638132.395097
Dropping frame 1403638132.4950972
Dropping frame 1403638132.695097
Dropping frame 1403638132.7950971
Dropping frame 1403638133.0450969
Dropping frame 1403638133.2450969
Dropping frame 1403638133.445097
Dropping frame 1403638133.895097
Dropping frame 1403638134.0950971
Dropping frame 1403638134.2450969
Dropping frame 1403638134.5950971
start VIBA 1
Dropping frame 1403638134.945097
end VIBA 1
Dropping frame 1403638135.0450969
Dropping frame 1403638135.2950971
Dropping frame 1403638135.395097
Dropping frame 1403638135.895097
Dropping frame 1403638135.9950972
Dropping frame 1403638136.2450969
Dropping frame 1403638136.5450969
Dropping frame 1403638136.645097
Dropping frame 1403638136.8450971
Dropping frame 1403638136.945097
Dropping frame 1403638137.195097
Dropping frame 1403638137.395097
Dropping frame 1403638137.4950972
Dropping frame 1403638137.5950971
Dropping frame 1403638137.695097
Dropping frame 1403638137.7950971
Dropping frame 1403638137.895097
Dropping frame 1403638138.0950971
Dropping frame 1403638138.2950971
Dropping frame 1403638138.395097
Not enough motion for initializing. Reseting...
TRACK: Reset map because local mapper set the bad imu flag 
LM: Reseting current map in Local Mapping...
LM: End reseting Local Mapping...
LM: Reset free the mutex
LM: Active map reset recieved
LM: Active map reset, waiting...
LM: Reseting current map in Local Mapping...
LM: End reseting Local Mapping...
LM: Reset free the mutex
LM: Active map reset, Done!!!
mnFirstFrameId = 32
mnInitialFrameId = 0
149 Frames set to lost
not IMU meas
Dropping frame 1403638138.5450969
not enough acceleration
not enough acceleration
First KF:40; Map init KF:0
New Map created with 169 points
Active map: 0
Dropping frame 1403638138.7450969
Dropping frame 1403638138.945097
Dropping frame 1403638139.0450969
Dropping frame 1403638139.145097
Dropping frame 1403638139.2450969
Dropping frame 1403638139.445097
Dropping frame 1403638139.5450969
Dropping frame 1403638139.7950971
Dropping frame 1403638139.9950972
Dropping frame 1403638140.0950971
Dropping frame 1403638140.2450969
Dropping frame 1403638140.445097
Dropping frame 1403638140.5450969
Dropping frame 1403638140.695097
Dropping frame 1403638140.945097
Dropping frame 1403638141.145097
Dropping frame 1403638141.445097
Dropping frame 1403638141.645097
Not enough motion for initializing. Reseting...
Dropping frame 1403638141.7450969
LM: Reseting current map in Local Mapping...
LM: End reseting Local Mapping...
LM: Reset free the mutex
Dropping frame 1403638141.895097
Dropping frame 1403638142.0950971
Dropping frame 1403638142.195097
Not enough motion for initializing. Reseting...
TRACK: Reset map because local mapper set the bad imu flag 
LM: Reseting current map in Local Mapping...
LM: End reseting Local Mapping...
LM: Reset free the mutex
LM: Active map reset recieved
LM: Active map reset, waiting...
LM: Reseting current map in Local Mapping...
LM: End reseting Local Mapping...
LM: Reset free the mutex
LM: Active map reset, Done!!!
mnFirstFrameId = 185
mnInitialFrameId = 181
199 Frames set to lost
not IMU meas
not enough acceleration
Dropping frame 1403638142.445097
First KF:52; Map init KF:40
New Map created with 164 points
Active map: 0
Dropping frame 1403638142.645097
Dropping frame 1403638143.145097
Not enough motion for initializing. Reseting...
TRACK: Reset map because local mapper set the bad imu flag 
LM: Reseting current map in Local Mapping...
LM: End reseting Local Mapping...
LM: Reset free the mutex
LM: Active map reset recieved
LM: Active map reset, waiting...
LM: Reseting current map in Local Mapping...
LM: End reseting Local Mapping...
LM: Reset free the mutex
LM: Active map reset, Done!!!
mnFirstFrameId = 238
mnInitialFrameId = 235
255 Frames set to lost
not IMU meas
not enough acceleration
not enough acceleration
not enough acceleration
not enough acceleration
not enough acceleration
not enough acceleration
not enough acceleration
not enough acceleration
not enough acceleration
not enough acceleration
not enough acceleration
not enough acceleration
not enough acceleration
not enough acceleration
not enough acceleration
not enough acceleration
not enough acceleration
not enough acceleration
not enough acceleration
not enough acceleration
not enough acceleration
not enough acceleration
not enough acceleration
not enough acceleration
not enough acceleration
not enough acceleration
not enough acceleration
not enough acceleration
not enough acceleration
not enough acceleration
not enough acceleration
not enough acceleration
not enough acceleration
not enough acceleration
not enough acceleration
not enough acceleration
not enough acceleration
not enough acceleration
not enough acceleration
not enough acceleration
not enough acceleration
not enough acceleration
not enough acceleration
not enough acceleration
not enough acceleration
not enough acceleration
First KF:63; Map init KF:52
New Map created with 179 points
Active map: 0
start VIBA 1
end VIBA 1
Dropping frame 1403638155.445097
Dropping frame 1403638155.9950972
Dropping frame 1403638156.195097
Dropping frame 1403638156.3450971
Dropping frame 1403638156.645097
Dropping frame 1403638156.7450969
Dropping frame 1403638156.895097
Dropping frame 1403638157.0450969
Dropping frame 1403638157.145097
Dropping frame 1403638157.2450969
Dropping frame 1403638157.395097
Dropping frame 1403638157.4950972
Dropping frame 1403638157.5950971
Dropping frame 1403638157.8450971
Dropping frame 1403638157.945097
Dropping frame 1403638158.0450969
Dropping frame 1403638158.145097
Dropping frame 1403638158.2450969
Dropping frame 1403638158.4950972
Dropping frame 1403638158.5950971
Dropping frame 1403638158.7450969
Dropping frame 1403638158.8450971
Dropping frame 1403638158.9950972
Dropping frame 1403638159.395097
Dropping frame 1403638159.4950972
Dropping frame 1403638159.695097
Dropping frame 1403638159.7950971
Dropping frame 1403638159.945097
Dropping frame 1403638160.0450969
Dropping frame 1403638160.2450969
Dropping frame 1403638160.3450971
Dropping frame 1403638160.5950971
Dropping frame 1403638160.695097
Dropping frame 1403638160.895097
Dropping frame 1403638160.9950972
Dropping frame 1403638161.2950971
Dropping frame 1403638161.945097
Dropping frame 1403638162.0450969
Dropping frame 1403638162.2950971
Dropping frame 1403638162.5450969
start VIBA 2
Dropping frame 1403638163.2450969
Dropping frame 1403638163.395097
Dropping frame 1403638163.5450969
end VIBA 2
Dropping frame 1403638163.695097
Dropping frame 1403638163.7950971
Dropping frame 1403638163.945097
Dropping frame 1403638164.0450969
Dropping frame 1403638164.145097
Dropping frame 1403638164.395097
Dropping frame 1403638164.4950972
Dropping frame 1403638164.5950971
Dropping frame 1403638164.695097
Dropping frame 1403638164.8450971
Dropping frame 1403638165.0450969
Dropping frame 1403638165.195097
Dropping frame 1403638165.2950971
Dropping frame 1403638165.445097
Dropping frame 1403638165.8450971
Dropping frame 1403638166.145097
Dropping frame 1403638166.2450969
Dropping frame 1403638166.445097
Dropping frame 1403638166.5450969
Dropping frame 1403638166.645097
Dropping frame 1403638166.945097
Dropping frame 1403638167.145097
Dropping frame 1403638167.2450969
Dropping frame 1403638167.445097
Dropping frame 1403638167.5450969
Dropping frame 1403638167.7450969
Dropping frame 1403638167.945097
Dropping frame 1403638168.945097
Dropping frame 1403638169.145097
Dropping frame 1403638169.3450971
Dropping frame 1403638169.5450969
Dropping frame 1403638169.7450969
Dropping frame 1403638169.8450971
Dropping frame 1403638169.945097
Dropping frame 1403638170.0450969
Dropping frame 1403638170.2450969
Dropping frame 1403638170.445097
Dropping frame 1403638170.5450969
Dropping frame 1403638170.7450969
Dropping frame 1403638170.945097
Dropping frame 1403638171.0450969
Dropping frame 1403638171.2450969
Dropping frame 1403638171.3450971
Dropping frame 1403638171.445097
Dropping frame 1403638171.5450969
Dropping frame 1403638171.645097
Dropping frame 1403638171.7950971
Dropping frame 1403638172.195097
Dropping frame 1403638172.2950971
Dropping frame 1403638172.4950972
Dropping frame 1403638172.695097
Dropping frame 1403638172.7950971
Dropping frame 1403638172.9950972
Dropping frame 1403638173.195097
Dropping frame 1403638173.2950971
Dropping frame 1403638173.695097
Dropping frame 1403638173.7950971
Dropping frame 1403638173.895097
Dropping frame 1403638173.9950972
Dropping frame 1403638174.195097
Dropping frame 1403638174.395097
Dropping frame 1403638174.4950972
Dropping frame 1403638174.5950971
Dropping frame 1403638174.7950971
Dropping frame 1403638174.9950972
Dropping frame 1403638175.0950971
Dropping frame 1403638175.195097
Dropping frame 1403638175.3450971
Dropping frame 1403638175.5450969
Dropping frame 1403638175.645097
Dropping frame 1403638175.7450969
Dropping frame 1403638175.8450971
Dropping frame 1403638175.945097
Dropping frame 1403638176.0450969
Dropping frame 1403638176.145097
Dropping frame 1403638176.2950971
Dropping frame 1403638176.395097
Dropping frame 1403638176.695097
Dropping frame 1403638176.895097
Dropping frame 1403638176.9950972
Dropping frame 1403638177.0950971
Dropping frame 1403638177.195097
Dropping frame 1403638177.395097
Dropping frame 1403638177.4950972
Dropping frame 1403638177.5950971
Dropping frame 1403638177.695097
Dropping frame 1403638177.895097
Dropping frame 1403638177.9950972
Dropping frame 1403638178.0950971
Dropping frame 1403638178.195097
Dropping frame 1403638178.3450971
Dropping frame 1403638178.445097
Dropping frame 1403638178.5450969
Dropping frame 1403638178.645097
Dropping frame 1403638178.7950971
Dropping frame 1403638178.895097
Dropping frame 1403638179.3450971
Dropping frame 1403638179.445097
Dropping frame 1403638179.645097
Dropping frame 1403638179.7450969
Dropping frame 1403638179.945097
Dropping frame 1403638180.145097
Dropping frame 1403638180.395097
Dropping frame 1403638180.5950971
Dropping frame 1403638180.7950971
Dropping frame 1403638180.895097
Dropping frame 1403638180.9950972
Dropping frame 1403638181.2450969
Dropping frame 1403638181.445097
Dropping frame 1403638181.645097
Dropping frame 1403638181.895097
Dropping frame 1403638182.0950971
Dropping frame 1403638182.445097
Dropping frame 1403638182.645097
Dropping frame 1403638182.8450971
Dropping frame 1403638182.945097
Dropping frame 1403638183.145097
Dropping frame 1403638183.3450971
Dropping frame 1403638183.695097
Dropping frame 1403638184.0950971
Dropping frame 1403638184.2950971
Dropping frame 1403638184.395097
Dropping frame 1403638184.645097
Dropping frame 1403638184.8450971
Dropping frame 1403638185.0450969
Dropping frame 1403638185.145097
Dropping frame 1403638185.2450969
Dropping frame 1403638185.3450971
Dropping frame 1403638185.5950971
Dropping frame 1403638185.695097
Dropping frame 1403638185.945097
Dropping frame 1403638186.145097
Dropping frame 1403638186.2450969
Dropping frame 1403638186.4950972
Dropping frame 1403638186.695097
Dropping frame 1403638186.7950971
Dropping frame 1403638186.895097
Dropping frame 1403638187.0950971
Dropping frame 1403638187.195097
Dropping frame 1403638187.2950971
Dropping frame 1403638187.4950972
Dropping frame 1403638187.7950971
Dropping frame 1403638188.2950971
Dropping frame 1403638188.7450969
Dropping frame 1403638188.9950972
Dropping frame 1403638189.2950971
Dropping frame 1403638189.445097
Dropping frame 1403638189.695097
Dropping frame 1403638190.0950971
Dropping frame 1403638190.445097
Dropping frame 1403638190.7450969
Dropping frame 1403638191.0450969
Dropping frame 1403638191.2450969
Dropping frame 1403638191.395097
Dropping frame 1403638191.5950971
Dropping frame 1403638191.7450969
Dropping frame 1403638191.945097
Dropping frame 1403638192.145097
Dropping frame 1403638192.2950971
Dropping frame 1403638192.4950972
Dropping frame 1403638192.695097
Dropping frame 1403638192.895097
Dropping frame 1403638193.0950971
Dropping frame 1403638193.2950971
Dropping frame 1403638193.5450969
Dropping frame 1403638193.645097
Dropping frame 1403638193.7450969
Dropping frame 1403638193.945097
Dropping frame 1403638194.195097
Dropping frame 1403638194.395097
Dropping frame 1403638194.4950972
Dropping frame 1403638194.7950971
Dropping frame 1403638194.895097
Dropping frame 1403638195.0950971
Dropping frame 1403638195.2950971
Dropping frame 1403638195.395097
Dropping frame 1403638195.645097
Dropping frame 1403638195.7450969
Dropping frame 1403638195.9950972
Dropping frame 1403638196.7950971
Dropping frame 1403638197.145097
Dropping frame 1403638197.445097
Dropping frame 1403638197.895097
Dropping frame 1403638198.0950971
Dropping frame 1403638198.395097
Dropping frame 1403638198.4950972
Dropping frame 1403638198.5950971
Dropping frame 1403638198.7950971
Dropping frame 1403638198.9950972
Dropping frame 1403638199.195097
Dropping frame 1403638199.2950971
Dropping frame 1403638199.4950972
Dropping frame 1403638199.645097
Dropping frame 1403638199.8450971
Dropping frame 1403638200.0450969
Dropping frame 1403638200.2450969
Dropping frame 1403638200.445097
Dropping frame 1403638200.645097
Dropping frame 1403638200.8450971
Dropping frame 1403638201.2450969
Dropping frame 1403638201.8450971
Dropping frame 1403638201.945097
Dropping frame 1403638202.145097
Dropping frame 1403638202.3450971
Dropping frame 1403638202.5450969
Dropping frame 1403638202.7450969
Dropping frame 1403638202.8450971
Dropping frame 1403638203.0950971
Dropping frame 1403638203.2950971
Dropping frame 1403638203.4950972
Dropping frame 1403638203.695097
Dropping frame 1403638203.7950971
Dropping frame 1403638204.0450969
Dropping frame 1403638204.2450969
Dropping frame 1403638204.445097
Dropping frame 1403638204.645097
Dropping frame 1403638204.7450969
Dropping frame 1403638204.945097
Dropping frame 1403638205.145097
Dropping frame 1403638205.3450971
Dropping frame 1403638205.5450969
Dropping frame 1403638205.7950971
Dropping frame 1403638205.9950972
Dropping frame 1403638206.145097
Dropping frame 1403638206.3450971
Dropping frame 1403638206.645097
Dropping frame 1403638206.8450971
Dropping frame 1403638206.9950972
Dropping frame 1403638207.195097
Dropping frame 1403638207.395097
Dropping frame 1403638207.5450969
Dropping frame 1403638207.7450969
Dropping frame 1403638207.8450971
Dropping frame 1403638208.145097
Dropping frame 1403638208.2450969
Dropping frame 1403638208.4950972
Dropping frame 1403638208.5950971
Dropping frame 1403638208.8450971
Dropping frame 1403638208.9950972
Dropping frame 1403638209.3450971
Dropping frame 1403638209.5450969
Dropping frame 1403638209.645097
Dropping frame 1403638209.7450969
Dropping frame 1403638209.9950972
Dropping frame 1403638210.145097
Dropping frame 1403638210.5950971
Dropping frame 1403638210.695097
Dropping frame 1403638210.9950972
Dropping frame 1403638211.2950971
Dropping frame 1403638211.395097
Dropping frame 1403638211.4950972
Dropping frame 1403638211.8450971
Dropping frame 1403638212.145097
Dropping frame 1403638212.2450969
Dropping frame 1403638212.4950972
Dropping frame 1403638212.695097
Dropping frame 1403638212.9950972
Dropping frame 1403638213.2950971
Dropping frame 1403638213.7450969
Dropping frame 1403638214.2950971
Dropping frame 1403638216.395097
Dropping frame 1403638217.145097
Dropping frame 1403638217.5450969
Dropping frame 1403638217.645097
Dropping frame 1403638220.645097
Dropping frame 1403638226.5950971
Dropping frame 1403638227.395097
Dropping frame 1403638227.5950971
Dropping frame 1403638227.7450969
Dropping frame 1403638228.695097
Shutdown
SLAM Finished at System Time: 1740740650.58659

 TIME STATS in ms (mean$\pm$std)
OpenCV version: 4.8.1
---------------------------
Tracking

ORB Extraction: 17.998$\pm$2.2616
Stereo Matching: 8.0377$\pm$1.9475
IMU Preintegration: 0.20918$\pm$0.089553
Pose Prediction: 0.61641$\pm$1.4905
LM Track: 16.811$\pm$5.5618
New KF decision: 1.0637$\pm$1.8797
Total Tracking: 33.214$\pm$23.596



Local Mapping

KF Insertion: 13.447$\pm$4.8424
MP Culling: 0.44863$\pm$0.22825
MP Creation: 40.81$\pm$16.27
LBA: 136.35$\pm$48.37
KF Culling: 10.228$\pm$9.6811
Total Local Mapping: 200.42$\pm$72.406
---------------------------

LBA complexity (mean$\pm$std)
LBA Edges: 1486.8$\pm$1039.7
LBA KF optimized: 6.5$\pm$2.2913
LBA KF fixed: 1$\pm$0
LBA MP: nan$\pm$nan

LBA executions: 391
LBA aborts: 0
---------------------------

Map complexity
KFs in map: 168
MPs in map: 13311
---------------------------

Place Recognition (mean$\pm$std)
Database Query: 2.1102$\pm$1.0071
SE3 estimation: 26.838$\pm$15.558
Total Place Recognition: 19.874$\pm$19.008


Loop Closing (mean$\pm$std)
Loop Fusion: nan$\pm$nan
Essential Graph: nan$\pm$nan
Total Loop Closing: nan$\pm$nan

Num exec: 0
Number of KFs: nan$\pm$nan

Map Merging (mean$\pm$std)
Merge Maps: nan$\pm$nan
Welding BA: nan$\pm$nan
Optimization Ess.: nan$\pm$nan
Total Map Merging: nan$\pm$nan

Num exec: 0
Number of KFs: nan$\pm$nan
Number of MPs: nan$\pm$nan

Full GBA (mean$\pm$std)
GBA: nan$\pm$nan
Map Update: nan$\pm$nan
Total Full GBA: nan$\pm$nan

Num exec: 0
Num abort: 0
Number of KFs: nan$\pm$nan
Number of MPs: nan$\pm$nan

Saving trajectory to f_dataset-MH04_stereo_imu.txt ...
There are 1 maps in the atlas
  Map 0 has 168 KFs

End of saving trajectory to f_dataset-MH04_stereo_imu.txt ...

Saving keyframe trajectory to kf_dataset-MH04_stereo_imu.txt ...
