num_seq = 1
file name: dataset-MH05_stereo_imu
Loading images for sequence 0...LOADED!
Loading IMU for sequence 0...LOADED!

-------

ORB-SLAM3 Copyright (C) 2017-2020 Carlos Campos, Richard Elvira, Juan J. Gómez, José M.M. Montiel and Juan D. Tardós, University of Zaragoza.
ORB-SLAM2 Copyright (C) 2014-2016 Raúl Mur-Artal, José M.M. Montiel and Juan D. Tardós, University of Zaragoza.
This program comes with ABSOLUTELY NO WARRANTY;
This is free software, and you are welcome to redistribute it
under certain conditions. See LICENSE.txt.

Built with REGISTER_TIMES
Git Commit Hash: 2d47524

Build Type: Release

Compiled with C++ version: 201703

Input sensor was set to: Stereo-Inertial
Loading settings from EuRoC_fov_mask_2x2.yaml
	-Loaded camera 1
	-Loaded camera 2
	-Loaded image info
	-Loaded IMU calibration
	-Loaded ORB settings
	-Loaded viewer settings
	-Loaded Atlas settings
FOV enabled
Static mask size: 2x2
Dumping map points enabled
	-Loaded misc parameters
	-Computed rectification maps
----------------------------------
SLAM settings: 
	-Camera 1 parameters (Pinhole): [ 458.65399169921875 457.29598999023438 367.21499633789062 248.375 ]
	-Camera 1 distortion parameters: [  -0.28340810537338257 0.073959067463874817 0.00019359000725671649 1.7618711353861727e-05 ]
	-Camera 2 parameters (Pinhole: [ 457.58700561523438 456.13400268554688 379.99899291992188 255.23800659179688 ]
	-Camera 1 distortion parameters: [  -0.2836836576461792 0.074512839317321777 -0.00010473000293131918 -3.555907096597366e-05 ]
	-Original image size: [ 752 , 480 ]
	-Current image size: [ 752 , 480 ]
	-Camera 1 parameters after rectification: [  456.71499633789062 456.71499633789062 364.52615356445312 257.268798828125 ]
	-Sequence FPS: 20
	-Stereo baseline: 0.11007784307003021
	-Stereo depth threshold : 60
	-Gyro noise: 0.00016999999934341758
	-Accelerometer noise: 0.0020000000949949026
	-Gyro walk: 1.9392999092815444e-05
	-Accelerometer walk: 0.0030000000260770321
	-IMU frequency: 200
	-Features per image: 1200
	-ORB scale factor: 1.2000000476837158
	-ORB number of scales: 8
	-Initial FAST threshold: 20
	-Min FAST threshold: 7


Loading ORB Vocabulary. This could take a while...
Vocabulary loaded!

Initialization of Atlas from scratch 
Creation of new map with id: 0
Creation of new map with last KF id: 0
Seq. Name: 
There are 1 cameras in the atlas
Camera 0 is pinhole
SLAM Started at System Time: 1740796903.29996
not IMU meas
not IMU meas
not enough acceleration
not enough acceleration
not enough acceleration
not enough acceleration
not enough acceleration
not enough acceleration
not enough acceleration
not enough acceleration
not enough acceleration
not enough acceleration
not enough acceleration
not enough acceleration
not enough acceleration
not enough acceleration
not enough acceleration
not enough acceleration
not enough acceleration
not enough acceleration
not enough acceleration
not enough acceleration
not enough acceleration
not enough acceleration
not enough acceleration
not enough acceleration
not enough acceleration
not enough acceleration
not enough acceleration
not enough acceleration
not enough acceleration
not enough acceleration
not enough acceleration
not enough acceleration
not enough acceleration
not enough acceleration
not enough acceleration
not enough acceleration
not enough acceleration
not enough acceleration
not enough acceleration
not enough acceleration
not enough acceleration
not enough acceleration
not enough acceleration
not enough acceleration
not enough acceleration
not enough acceleration
not enough acceleration
not enough acceleration
not enough acceleration
not enough acceleration
not enough acceleration
not enough acceleration
not enough acceleration
not enough acceleration
not enough acceleration
not enough acceleration
not enough acceleration
not enough acceleration
not enough acceleration
not enough acceleration
not enough acceleration
not enough acceleration
not enough acceleration
not enough acceleration
not enough acceleration
not enough acceleration
not enough acceleration
not enough acceleration
not enough acceleration
not enough acceleration
not enough acceleration
not enough acceleration
not enough acceleration
not enough acceleration
not enough acceleration
not enough acceleration
not enough acceleration
not enough acceleration
First KF:0; Map init KF:0
New Map created with 17 points
Active map: 0
TRACK_REF_KF: Less than 15 matches!!
Fail to track local map!
LM: Active map reset recieved
LM: Active map reset, waiting...
LM: Reseting current map in Local Mapping...
LM: End reseting Local Mapping...
LM: Reset free the mutex
LM: Active map reset, Done!!!
mnFirstFrameId = 80
mnInitialFrameId = 0
1 Frames set to lost
not enough acceleration
not enough acceleration
not enough acceleration
not enough acceleration
not enough acceleration
First KF:1; Map init KF:0
New Map created with 436 points
Active map: 0
start VIBA 1
end VIBA 1
Not enough motion for initializing. Reseting...
TRACK: Reset map because local mapper set the bad imu flag 
LM: Reseting current map in Local Mapping...
LM: End reseting Local Mapping...
LM: Reset free the mutex
LM: Active map reset recieved
LM: Active map reset, waiting...
LM: Reseting current map in Local Mapping...
LM: End reseting Local Mapping...
LM: Reset free the mutex
LM: Active map reset, Done!!!
mnFirstFrameId = 92
mnInitialFrameId = 81
172 Frames set to lost
not enough acceleration
not enough acceleration
not enough acceleration
not enough acceleration
not enough acceleration
not enough acceleration
First KF:42; Map init KF:1
New Map created with 437 points
Active map: 0
Fail to track local map!
IMU is not or recently initialized. Reseting active map...
LM: Active map reset recieved
LM: Active map reset, waiting...
LM: Reseting current map in Local Mapping...
LM: End reseting Local Mapping...
LM: Reset free the mutex
LM: Active map reset, Done!!!
mnFirstFrameId = 431
mnInitialFrameId = 263
223 Frames set to lost
not IMU meas
not enough acceleration
not enough acceleration
not enough acceleration
First KF:52; Map init KF:42
New Map created with 438 points
Active map: 0
start VIBA 1
end VIBA 1
Fail to track local map!
IMU is not or recently initialized. Reseting active map...
LM: Active map reset recieved
LM: Active map reset, waiting...
LM: Reseting current map in Local Mapping...
LM: End reseting Local Mapping...
LM: Reset free the mutex
LM: Active map reset, Done!!!
mnFirstFrameId = 530
mnInitialFrameId = 481
416 Frames set to lost
not IMU meas
not enough acceleration
not enough acceleration
not enough acceleration
First KF:131; Map init KF:52
New Map created with 554 points
Active map: 0
start VIBA 1
end VIBA 1
start VIBA 2
end VIBA 2
Fail to track local map!
Fail to track local map!
Fail to track local map!
Fail to track local map!
Fail to track local map!
Fail to track local map!
*Loop detected
phi =  0.088667095626450587 -0.023725023180793385    0.7874113354675436
BAD LOOP!!!
*Loop detected
phi =  0.012351375118157605 0.0094385376205977697   0.88188218203268254
BAD LOOP!!!
*Loop detected
phi = -0.022999105569704466 -0.030105487156917271   0.84915097568127884
BAD LOOP!!!
*Loop detected
phi =    -0.0237855634379334 -0.0086570947921942049    0.96571331682879846
BAD LOOP!!!
*Loop detected
phi =  -0.023856581212724905 -0.0081732330230160181    0.96258542088780263
BAD LOOP!!!
*Loop detected
phi = -0.019276558931055229 -0.017675799681268766   0.96075867185534936
BAD LOOP!!!
*Loop detected
phi = -0.017986783094705642 -0.024895182023727071   0.94483876094159402
BAD LOOP!!!
*Loop detected
phi = -0.029999936534948059 -0.022925827568109729   0.96261124764285777
BAD LOOP!!!
*Loop detected
phi = -0.0084655820454768264   -0.01304466153078245    0.90567995653337041
BAD LOOP!!!
*Loop detected
phi = -0.0079998556795826924   0.004425552658749555    0.93171379871529802
BAD LOOP!!!
*Loop detected
phi = -0.0079106515553050896  6.444994247135421e-07    0.92070644620615893
BAD LOOP!!!
*Loop detected
phi = -0.021599188887042257 0.0078892239139544667    0.9325125405962541
BAD LOOP!!!
*Loop detected
phi = -0.034219589512954222   0.02159080593251592   0.94934891789569698
BAD LOOP!!!
*Loop detected
phi = -0.037738733362811458  0.013608259854841306   0.94824105830495031
BAD LOOP!!!
*Loop detected
phi = -0.021871759334393722  0.021643629615290424   0.96407660007587825
BAD LOOP!!!
*Loop detected
phi =  -0.015770641019575475 0.00026916462308029516    0.96265542245503488
BAD LOOP!!!
*Loop detected
phi = -0.014372216084305764  0.007078165950117476   0.97557604971169665
BAD LOOP!!!
*Loop detected
phi = -0.03369573123233198 0.033422771073387446   1.0098777718967609
BAD LOOP!!!
*Loop detected
phi = -0.041919951593144843 0.0025122605049206063   0.98914407447343244
BAD LOOP!!!
*Loop detected
phi = -0.079082959726950772  0.041628320448621657   0.95888622977546689
BAD LOOP!!!
Shutdown
SLAM Finished at System Time: 1740797040.63312

 TIME STATS in ms (mean$\pm$std)
OpenCV version: 4.8.1
---------------------------
Tracking

ORB Extraction: 10.371$\pm$1.5931
Stereo Matching: 4.6546$\pm$2.3148
IMU Preintegration: 0.15153$\pm$0.047636
Pose Prediction: 0.643$\pm$1.8203
LM Track: 11.09$\pm$4.1492
New KF decision: 0.88144$\pm$1.4953
Total Tracking: 30.187$\pm$8.9856



Local Mapping

KF Insertion: 6.4144$\pm$2.7759
MP Culling: 0.21626$\pm$0.11007
MP Creation: 19.5$\pm$9.6423
LBA: 68.251$\pm$27.033
KF Culling: 2.5474$\pm$4.2474
Total Local Mapping: 96.931$\pm$42.246
---------------------------

LBA complexity (mean$\pm$std)
LBA Edges: 2168.8$\pm$659.92
LBA KF optimized: 6.4688$\pm$2.2498
LBA KF fixed: 1$\pm$0
LBA MP: nan$\pm$nan

LBA executions: 581
LBA aborts: 0
---------------------------

Map complexity
KFs in map: 262
MPs in map: 11753
---------------------------

Place Recognition (mean$\pm$std)
Database Query: 0.52959$\pm$0.34109
SE3 estimation: 9.6062$\pm$10.05
Total Place Recognition: 6.0764$\pm$9.3197


Loop Closing (mean$\pm$std)
Loop Fusion: nan$\pm$nan
Essential Graph: nan$\pm$nan
Total Loop Closing: nan$\pm$nan

Num exec: 0
Number of KFs: nan$\pm$nan

Map Merging (mean$\pm$std)
Merge Maps: nan$\pm$nan
Welding BA: nan$\pm$nan
Optimization Ess.: nan$\pm$nan
Total Map Merging: nan$\pm$nan

Num exec: 0
Number of KFs: nan$\pm$nan
Number of MPs: nan$\pm$nan

Full GBA (mean$\pm$std)
GBA: nan$\pm$nan
Map Update: nan$\pm$nan
Total Full GBA: nan$\pm$nan

Num exec: 0
Num abort: 0
Number of KFs: nan$\pm$nan
Number of MPs: nan$\pm$nan

Saving trajectory to f_dataset-MH05_stereo_imu.txt ...
There are 1 maps in the atlas
  Map 0 has 262 KFs

End of saving trajectory to f_dataset-MH05_stereo_imu.txt ...

Saving keyframe trajectory to kf_dataset-MH05_stereo_imu.txt ...
