num_seq = 1
file name: dataset-V102_stereo_imu
Loading images for sequence 0...LOADED!
Loading IMU for sequence 0...LOADED!

-------

ORB-SLAM3 Copyright (C) 2017-2020 Carlos Campos, Richard Elvira, Juan J. Gómez, José M.M. Montiel and Juan D. Tardós, University of Zaragoza.
ORB-SLAM2 Copyright (C) 2014-2016 Raúl Mur-Artal, José M.M. Montiel and Juan D. Tardós, University of Zaragoza.
This program comes with ABSOLUTELY NO WARRANTY;
This is free software, and you are welcome to redistribute it
under certain conditions. See LICENSE.txt.

Built with REGISTER_TIMES
Git Commit Hash: 33f00b6

Build Type: Release

Compiled with C++ version: 201703

Input sensor was set to: Stereo-Inertial
Loading settings from EuRoC_fov_deadlines_mask_9x9.yaml
	-Loaded camera 1
	-Loaded camera 2
	-Loaded image info
	-Loaded IMU calibration
	-Loaded ORB settings
	-Loaded viewer settings
	-Loaded Atlas settings
Deadlines enabled, will skip frames!
FOV enabled
Static mask size: 9x9
Dumping map points enabled
	-Loaded misc parameters
	-Computed rectification maps
----------------------------------
SLAM settings: 
	-Camera 1 parameters (Pinhole): [ 458.65399169921875 457.29598999023438 367.21499633789062 248.375 ]
	-Camera 1 distortion parameters: [  -0.28340810537338257 0.073959067463874817 0.00019359000725671649 1.7618711353861727e-05 ]
	-Camera 2 parameters (Pinhole: [ 457.58700561523438 456.13400268554688 379.99899291992188 255.23800659179688 ]
	-Camera 1 distortion parameters: [  -0.2836836576461792 0.074512839317321777 -0.00010473000293131918 -3.555907096597366e-05 ]
	-Original image size: [ 752 , 480 ]
	-Current image size: [ 752 , 480 ]
	-Camera 1 parameters after rectification: [  456.71499633789062 456.71499633789062 364.52615356445312 257.268798828125 ]
	-Sequence FPS: 20
	-Stereo baseline: 0.11007784307003021
	-Stereo depth threshold : 60
	-Gyro noise: 0.00016999999934341758
	-Accelerometer noise: 0.0020000000949949026
	-Gyro walk: 1.9392999092815444e-05
	-Accelerometer walk: 0.0030000000260770321
	-IMU frequency: 200
	-Features per image: 1200
	-ORB scale factor: 1.2000000476837158
	-ORB number of scales: 8
	-Initial FAST threshold: 20
	-Min FAST threshold: 7


Loading ORB Vocabulary. This could take a while...
Vocabulary loaded!

Initialization of Atlas from scratch 
Creation of new map with id: 0
Creation of new map with last KF id: 0
Seq. Name: 
There are 1 cameras in the atlas
Camera 0 is pinhole
SLAM Started at System Time: 1746890470.09879
not IMU meas
not IMU meas
not enough acceleration
not enough acceleration
not enough acceleration
not enough acceleration
not enough acceleration
not enough acceleration
not enough acceleration
not enough acceleration
not enough acceleration
not enough acceleration
not enough acceleration
not enough acceleration
not enough acceleration
not enough acceleration
not enough acceleration
not enough acceleration
not enough acceleration
not enough acceleration
not enough acceleration
not enough acceleration
not enough acceleration
not enough acceleration
not enough acceleration
not enough acceleration
not enough acceleration
not enough acceleration
not enough acceleration
not enough acceleration
not enough acceleration
not enough acceleration
not enough acceleration
not enough acceleration
not enough acceleration
not enough acceleration
not enough acceleration
not enough acceleration
not enough acceleration
not enough acceleration
not enough acceleration
not enough acceleration
not enough acceleration
not enough acceleration
not enough acceleration
not enough acceleration
not enough acceleration
not enough acceleration
not enough acceleration
not enough acceleration
not enough acceleration
not enough acceleration
not enough acceleration
not enough acceleration
not enough acceleration
not enough acceleration
not enough acceleration
not enough acceleration
not enough acceleration
not enough acceleration
not enough acceleration
not enough acceleration
not enough acceleration
not enough acceleration
not enough acceleration
not enough acceleration
not enough acceleration
not enough acceleration
not enough acceleration
not enough acceleration
not enough acceleration
not enough acceleration
not enough acceleration
not enough acceleration
not enough acceleration
not enough acceleration
not enough acceleration
not enough acceleration
not enough acceleration
not enough acceleration
not enough acceleration
not enough acceleration
not enough acceleration
not enough acceleration
not enough acceleration
not enough acceleration
not enough acceleration
not enough acceleration
not enough acceleration
not enough acceleration
First KF:0; Map init KF:0
New Map created with 50 points
Active map: 0
Dropping frame 1403715529.4621429
Dropping frame 1403715529.8121431
Dropping frame 1403715530.112143
Dropping frame 1403715530.2121432
Dropping frame 1403715530.3121431
Dropping frame 1403715530.4621429
Dropping frame 1403715530.662143
Dropping frame 1403715530.862143
Dropping frame 1403715531.0621431
Dropping frame 1403715531.162143
Dropping frame 1403715531.362143
Dropping frame 1403715531.662143
Dropping frame 1403715531.7621429
Dropping frame 1403715532.0121431
Dropping frame 1403715532.112143
Dropping frame 1403715532.362143
Dropping frame 1403715532.5621431
Dropping frame 1403715532.662143
Dropping frame 1403715532.912143
Dropping frame 1403715533.0121431
Dropping frame 1403715533.2121432
Dropping frame 1403715533.412143
Dropping frame 1403715533.612143
start VIBA 1
Dropping frame 1403715534.112143
end VIBA 1
Dropping frame 1403715534.3121431
Dropping frame 1403715534.7621429
Dropping frame 1403715535.0121431
Dropping frame 1403715535.3121431
Dropping frame 1403715535.5121431
Dropping frame 1403715535.8121431
Dropping frame 1403715535.912143
Dropping frame 1403715536.0121431
Dropping frame 1403715536.2121432
Dropping frame 1403715536.3121431
Dropping frame 1403715536.412143
Dropping frame 1403715536.612143
Dropping frame 1403715536.7121432
Dropping frame 1403715536.8121431
Dropping frame 1403715536.912143
Dropping frame 1403715537.0121431
Dropping frame 1403715537.112143
Dropping frame 1403715537.4621429
Dropping frame 1403715537.5621431
Dropping frame 1403715537.8121431
Dropping frame 1403715537.912143
Dropping frame 1403715538.0121431
Dropping frame 1403715538.162143
Dropping frame 1403715538.5121431
Dropping frame 1403715538.612143
Dropping frame 1403715538.7121432
Dropping frame 1403715538.9621429
Dropping frame 1403715539.112143
Dropping frame 1403715539.2121432
Dropping frame 1403715539.4621429
Dropping frame 1403715539.5621431
Dropping frame 1403715539.662143
Dropping frame 1403715539.862143
Dropping frame 1403715540.0121431
Dropping frame 1403715540.3121431
Dropping frame 1403715540.5121431
Dropping frame 1403715540.7121432
Dropping frame 1403715540.8121431
Dropping frame 1403715541.0621431
Dropping frame 1403715541.2621429
Dropping frame 1403715541.4621429
Dropping frame 1403715541.5621431
Dropping frame 1403715541.8121431
Dropping frame 1403715542.0121431
Dropping frame 1403715542.362143
Dropping frame 1403715542.7121432
Dropping frame 1403715543.3121431
Dropping frame 1403715543.662143
Dropping frame 1403715543.862143
start VIBA 2
Dropping frame 1403715544.0621431
Dropping frame 1403715544.162143
Dropping frame 1403715544.362143
end VIBA 2
Dropping frame 1403715544.4621429
Dropping frame 1403715544.7121432
Dropping frame 1403715545.0621431
Dropping frame 1403715545.2621429
Dropping frame 1403715545.412143
Dropping frame 1403715545.662143
Dropping frame 1403715545.7621429
Dropping frame 1403715546.112143
Dropping frame 1403715546.2121432
Dropping frame 1403715546.3121431
Dropping frame 1403715546.5621431
Dropping frame 1403715546.7621429
Dropping frame 1403715546.9621429
Dropping frame 1403715547.0621431
Dropping frame 1403715547.162143
Dropping frame 1403715547.362143
Dropping frame 1403715547.4621429
Dropping frame 1403715547.662143
Dropping frame 1403715547.7621429
Dropping frame 1403715547.862143
Dropping frame 1403715548.0121431
Dropping frame 1403715548.2121432
Dropping frame 1403715548.3121431
Dropping frame 1403715548.5621431
Dropping frame 1403715548.662143
Dropping frame 1403715548.912143
Dropping frame 1403715549.112143
Dropping frame 1403715549.2621429
Dropping frame 1403715549.362143
Dropping frame 1403715549.5621431
Dropping frame 1403715549.662143
Dropping frame 1403715549.912143
Dropping frame 1403715550.0121431
Dropping frame 1403715550.2621429
Dropping frame 1403715550.4621429
Dropping frame 1403715550.5621431
Dropping frame 1403715550.662143
Dropping frame 1403715550.912143
Dropping frame 1403715551.2121432
Dropping frame 1403715551.3121431
Dropping frame 1403715551.5121431
Dropping frame 1403715551.8121431
Dropping frame 1403715552.2121432
Dropping frame 1403715552.3121431
Dropping frame 1403715552.5121431
Dropping frame 1403715552.612143
Dropping frame 1403715553.0621431
Dropping frame 1403715553.162143
Dropping frame 1403715553.2621429
Dropping frame 1403715553.362143
Dropping frame 1403715553.662143
Dropping frame 1403715553.7621429
Dropping frame 1403715553.862143
Dropping frame 1403715554.0621431
Dropping frame 1403715554.2121432
Dropping frame 1403715554.662143
Dropping frame 1403715554.862143
Dropping frame 1403715555.0621431
Dropping frame 1403715555.412143
Dropping frame 1403715555.862143
Dropping frame 1403715556.162143
Dropping frame 1403715556.2621429
Dropping frame 1403715556.5621431
Dropping frame 1403715556.8121431
Dropping frame 1403715557.0121431
Dropping frame 1403715557.4621429
Dropping frame 1403715557.662143
Dropping frame 1403715557.912143
Dropping frame 1403715558.0121431
Dropping frame 1403715558.2621429
Dropping frame 1403715558.362143
Dropping frame 1403715558.612143
Dropping frame 1403715558.7121432
Dropping frame 1403715558.8121431
Dropping frame 1403715559.0121431
Dropping frame 1403715559.2121432
Dropping frame 1403715559.412143
Dropping frame 1403715559.5121431
Dropping frame 1403715559.7621429
Dropping frame 1403715559.9621429
Dropping frame 1403715560.0621431
Dropping frame 1403715560.3121431
Dropping frame 1403715560.5121431
Dropping frame 1403715560.7121432
Dropping frame 1403715560.9621429
Dropping frame 1403715561.2621429
Dropping frame 1403715561.4621429
Dropping frame 1403715561.5621431
Dropping frame 1403715561.862143
Dropping frame 1403715562.0621431
Dropping frame 1403715562.162143
Dropping frame 1403715562.4621429
Dropping frame 1403715562.5621431
Dropping frame 1403715562.662143
Dropping frame 1403715562.862143
Dropping frame 1403715562.9621429
Dropping frame 1403715563.162143
Dropping frame 1403715563.362143
Dropping frame 1403715563.8121431
Dropping frame 1403715563.912143
Dropping frame 1403715564.2121432
Dropping frame 1403715564.5121431
Dropping frame 1403715564.612143
Dropping frame 1403715564.862143
Dropping frame 1403715565.112143
Dropping frame 1403715565.4621429
Dropping frame 1403715565.612143
Dropping frame 1403715565.7121432
Dropping frame 1403715565.912143
Dropping frame 1403715566.0121431
Dropping frame 1403715566.162143
Dropping frame 1403715566.412143
Dropping frame 1403715566.612143
Dropping frame 1403715566.7121432
Dropping frame 1403715566.9621429
Dropping frame 1403715567.0621431
Dropping frame 1403715567.162143
Dropping frame 1403715567.2621429
Dropping frame 1403715567.362143
Dropping frame 1403715567.5621431
Dropping frame 1403715567.662143
Dropping frame 1403715567.7621429
Dropping frame 1403715567.862143
Dropping frame 1403715568.2121432
Dropping frame 1403715568.412143
Dropping frame 1403715568.5121431
Dropping frame 1403715568.612143
Dropping frame 1403715568.8121431
Dropping frame 1403715569.0121431
Dropping frame 1403715569.112143
Dropping frame 1403715569.2121432
Dropping frame 1403715569.412143
Dropping frame 1403715569.5121431
Dropping frame 1403715569.612143
Dropping frame 1403715569.8121431
Dropping frame 1403715570.0121431
Dropping frame 1403715570.362143
Dropping frame 1403715570.4621429
Dropping frame 1403715570.8121431
Dropping frame 1403715571.0121431
Dropping frame 1403715571.2621429
Dropping frame 1403715571.362143
Dropping frame 1403715571.612143
Dropping frame 1403715572.8121431
Dropping frame 1403715572.912143
Dropping frame 1403715573.3121431
Dropping frame 1403715573.862143
Dropping frame 1403715574.112143
Dropping frame 1403715574.4621429
Dropping frame 1403715574.5621431
Dropping frame 1403715574.662143
Dropping frame 1403715574.9621429
Dropping frame 1403715575.0621431
Dropping frame 1403715575.362143
Dropping frame 1403715575.4621429
Dropping frame 1403715575.7121432
Dropping frame 1403715575.8121431
Dropping frame 1403715576.0621431
Dropping frame 1403715576.162143
Dropping frame 1403715576.4621429
Dropping frame 1403715576.7121432
Dropping frame 1403715576.8121431
Dropping frame 1403715577.2621429
Dropping frame 1403715577.362143
Dropping frame 1403715577.4621429
Dropping frame 1403715577.7121432
Dropping frame 1403715577.912143
Dropping frame 1403715578.2621429
Dropping frame 1403715578.4621429
Dropping frame 1403715578.662143
Dropping frame 1403715578.8121431
Dropping frame 1403715579.2621429
Dropping frame 1403715579.7121432
Dropping frame 1403715579.8121431
Dropping frame 1403715580.112143
Dropping frame 1403715580.2621429
Dropping frame 1403715580.4621429
Dropping frame 1403715580.662143
Dropping frame 1403715580.8121431
Dropping frame 1403715580.912143
Dropping frame 1403715581.112143
Dropping frame 1403715581.2121432
Dropping frame 1403715581.3121431
Dropping frame 1403715581.5121431
Dropping frame 1403715581.612143
Dropping frame 1403715581.7121432
Dropping frame 1403715581.912143
Dropping frame 1403715582.0121431
Dropping frame 1403715582.162143
Dropping frame 1403715582.362143
Dropping frame 1403715582.4621429
Dropping frame 1403715582.612143
Dropping frame 1403715582.7121432
Dropping frame 1403715582.912143
Dropping frame 1403715583.0121431
Dropping frame 1403715583.412143
Dropping frame 1403715583.5121431
Dropping frame 1403715583.862143
Dropping frame 1403715583.9621429
Dropping frame 1403715584.2121432
Dropping frame 1403715584.412143
Dropping frame 1403715584.5121431
Dropping frame 1403715584.862143
Dropping frame 1403715585.2121432
Dropping frame 1403715585.3121431
Dropping frame 1403715585.412143
Dropping frame 1403715585.612143
Dropping frame 1403715585.8121431
Dropping frame 1403715585.912143
Dropping frame 1403715586.162143
Dropping frame 1403715586.4621429
Dropping frame 1403715587.0121431
Dropping frame 1403715587.2121432
Dropping frame 1403715587.3121431
Dropping frame 1403715588.0121431
Dropping frame 1403715588.5121431
Dropping frame 1403715588.662143
Dropping frame 1403715588.7621429
Dropping frame 1403715588.9621429
Dropping frame 1403715589.0621431
Dropping frame 1403715589.3121431
Dropping frame 1403715589.862143
Dropping frame 1403715590.362143
Dropping frame 1403715590.5621431
Dropping frame 1403715590.662143
Dropping frame 1403715590.9621429
Dropping frame 1403715591.412143
Dropping frame 1403715591.5121431
Dropping frame 1403715592.112143
Dropping frame 1403715592.3121431
Dropping frame 1403715592.5121431
Dropping frame 1403715592.8121431
Dropping frame 1403715593.0121431
Dropping frame 1403715594.162143
Dropping frame 1403715594.612143
Dropping frame 1403715594.912143
Dropping frame 1403715595.112143
Dropping frame 1403715595.3121431
Dropping frame 1403715595.612143
Dropping frame 1403715595.8121431
Dropping frame 1403715596.0621431
Dropping frame 1403715596.5621431
Dropping frame 1403715596.7621429
Dropping frame 1403715597.612143
Dropping frame 1403715597.912143
Dropping frame 1403715598.0621431
Dropping frame 1403715598.3121431
Dropping frame 1403715598.5121431
Dropping frame 1403715598.662143
Dropping frame 1403715598.7621429
Dropping frame 1403715598.9621429
Dropping frame 1403715599.0621431
Dropping frame 1403715599.2121432
Dropping frame 1403715599.412143
Dropping frame 1403715599.912143
Dropping frame 1403715600.612143
Dropping frame 1403715600.7121432
Dropping frame 1403715601.362143
Dropping frame 1403715601.8121431
Dropping frame 1403715602.162143
Dropping frame 1403715602.2621429
Dropping frame 1403715602.9621429
Dropping frame 1403715603.162143
Dropping frame 1403715603.612143
Dropping frame 1403715604.112143
Dropping frame 1403715604.2121432
Dropping frame 1403715604.662143
Dropping frame 1403715604.862143
Dropping frame 1403715605.2121432
Dropping frame 1403715605.7121432
Dropping frame 1403715606.112143
Dropping frame 1403715606.412143
Dropping frame 1403715606.7121432
Dropping frame 1403715606.912143
Dropping frame 1403715607.112143
Dropping frame 1403715607.2121432
Dropping frame 1403715607.5121431
Dropping frame 1403715607.612143
Dropping frame 1403715607.912143
Dropping frame 1403715608.162143
Dropping frame 1403715608.362143
Dropping frame 1403715608.4621429
Dropping frame 1403715608.7121432
Dropping frame 1403715608.8121431
Dropping frame 1403715609.2621429
Shutdown
SLAM Finished at System Time: 1746890571.21927

 TIME STATS in ms (mean$\pm$std)
OpenCV version: 4.8.1
---------------------------
Tracking

ORB Extraction: 16.406$\pm$1.9407
Stereo Matching: 7.8003$\pm$2.548
IMU Preintegration: 0.21065$\pm$0.071248
Pose Prediction: 0.2923$\pm$1.0489
LM Track: 18.32$\pm$3.9574
New KF decision: 2.1591$\pm$4.0214
Total Tracking: 31.708$\pm$24.329



Local Mapping

KF Insertion: 12.716$\pm$3.1394
MP Culling: 0.85882$\pm$0.35545
MP Creation: 43.203$\pm$13.043
LBA: 151.22$\pm$53.624
KF Culling: 13.798$\pm$8.3208
Total Local Mapping: 222.76$\pm$71.396
---------------------------

LBA complexity (mean$\pm$std)
LBA Edges: 1778.6$\pm$1145.9
LBA KF optimized: 6.5$\pm$2.2913
LBA KF fixed: 1$\pm$0
LBA MP: nan$\pm$nan

LBA executions: 277
LBA aborts: 0
---------------------------

Map complexity
KFs in map: 126
MPs in map: 10868
---------------------------

Place Recognition (mean$\pm$std)
Database Query: 1.4306$\pm$0.74667
SE3 estimation: 17.8$\pm$15.56
Total Place Recognition: 15.238$\pm$16.24


Loop Closing (mean$\pm$std)
Loop Fusion: nan$\pm$nan
Essential Graph: nan$\pm$nan
Total Loop Closing: nan$\pm$nan

Num exec: 0
Number of KFs: nan$\pm$nan

Map Merging (mean$\pm$std)
Merge Maps: nan$\pm$nan
Welding BA: nan$\pm$nan
Optimization Ess.: nan$\pm$nan
Total Map Merging: nan$\pm$nan

Num exec: 0
Number of KFs: nan$\pm$nan
Number of MPs: nan$\pm$nan

Full GBA (mean$\pm$std)
GBA: nan$\pm$nan
Map Update: nan$\pm$nan
Total Full GBA: nan$\pm$nan

Num exec: 0
Num abort: 0
Number of KFs: nan$\pm$nan
Number of MPs: nan$\pm$nan

Saving trajectory to f_dataset-V102_stereo_imu.txt ...
There are 1 maps in the atlas
  Map 0 has 126 KFs

End of saving trajectory to f_dataset-V102_stereo_imu.txt ...

Saving keyframe trajectory to kf_dataset-V102_stereo_imu.txt ...
