num_seq = 1
file name: dataset-MH03_stereo_imu
Loading images for sequence 0...LOADED!
Loading IMU for sequence 0...LOADED!

-------

ORB-SLAM3 Copyright (C) 2017-2020 Carlos Campos, Richard Elvira, Juan J. Gómez, José M.M. Montiel and Juan D. Tardós, University of Zaragoza.
ORB-SLAM2 Copyright (C) 2014-2016 Raúl Mur-Artal, José M.M. Montiel and Juan D. Tardós, University of Zaragoza.
This program comes with ABSOLUTELY NO WARRANTY;
This is free software, and you are welcome to redistribute it
under certain conditions. See LICENSE.txt.

Built with REGISTER_TIMES
Git Commit Hash: 2d47524

Build Type: Release

Compiled with C++ version: 201703

Input sensor was set to: Stereo-Inertial
Loading settings from EuRoC_fov_deadlines_mask_16x16.yaml
	-Loaded camera 1
	-Loaded camera 2
	-Loaded image info
	-Loaded IMU calibration
	-Loaded ORB settings
	-Loaded viewer settings
	-Loaded Atlas settings
Deadlines enabled, will skip frames!
FOV enabled
Static mask size: 16x16
Dumping map points enabled
	-Loaded misc parameters
	-Computed rectification maps
----------------------------------
SLAM settings: 
	-Camera 1 parameters (Pinhole): [ 458.65399169921875 457.29598999023438 367.21499633789062 248.375 ]
	-Camera 1 distortion parameters: [  -0.28340810537338257 0.073959067463874817 0.00019359000725671649 1.7618711353861727e-05 ]
	-Camera 2 parameters (Pinhole: [ 457.58700561523438 456.13400268554688 379.99899291992188 255.23800659179688 ]
	-Camera 1 distortion parameters: [  -0.2836836576461792 0.074512839317321777 -0.00010473000293131918 -3.555907096597366e-05 ]
	-Original image size: [ 752 , 480 ]
	-Current image size: [ 752 , 480 ]
	-Camera 1 parameters after rectification: [  456.71499633789062 456.71499633789062 364.52615356445312 257.268798828125 ]
	-Sequence FPS: 20
	-Stereo baseline: 0.11007784307003021
	-Stereo depth threshold : 60
	-Gyro noise: 0.00016999999934341758
	-Accelerometer noise: 0.0020000000949949026
	-Gyro walk: 1.9392999092815444e-05
	-Accelerometer walk: 0.0030000000260770321
	-IMU frequency: 200
	-Features per image: 1200
	-ORB scale factor: 1.2000000476837158
	-ORB number of scales: 8
	-Initial FAST threshold: 20
	-Min FAST threshold: 7


Loading ORB Vocabulary. This could take a while...
Vocabulary loaded!

Initialization of Atlas from scratch 
Creation of new map with id: 0
Creation of new map with last KF id: 0
Seq. Name: 
There are 1 cameras in the atlas
Camera 0 is pinhole
SLAM Started at System Time: 1742988881.15356
not IMU meas
not IMU meas
not enough acceleration
not enough acceleration
First KF:0; Map init KF:0
New Map created with 244 points
Active map: 0
Dropping frame 1403637130.8383191
Dropping frame 1403637131.638319
Not enough motion for initializing. Reseting...
TRACK: Reset map because local mapper set the bad imu flag 
LM: Reseting current map in Local Mapping...
LM: End reseting Local Mapping...
LM: Reset free the mutex
LM: Active map reset recieved
LM: Active map reset, waiting...
LM: Reseting current map in Local Mapping...
LM: End reseting Local Mapping...
LM: Reset free the mutex
LM: Active map reset, Done!!!
mnFirstFrameId = 4
mnInitialFrameId = 0
51 Frames set to lost
not IMU meas
First KF:11; Map init KF:0
New Map created with 257 points
Active map: 0
Dropping frame 1403637133.5883191
Dropping frame 1403637133.8383191
Dropping frame 1403637134.138319
Dropping frame 1403637134.5383191
Dropping frame 1403637134.7883189
Dropping frame 1403637134.9883189
Dropping frame 1403637135.138319
Dropping frame 1403637135.2383192
Dropping frame 1403637135.4383192
Dropping frame 1403637135.5383191
Dropping frame 1403637135.688319
Dropping frame 1403637136.188319
Dropping frame 1403637136.5383191
Dropping frame 1403637136.9883189
Dropping frame 1403637137.2383192
Dropping frame 1403637137.3383191
Dropping frame 1403637137.4383192
Dropping frame 1403637137.5383191
Dropping frame 1403637137.7383192
Dropping frame 1403637138.0383191
Dropping frame 1403637138.188319
Dropping frame 1403637138.5383191
start VIBA 1
Dropping frame 1403637138.9383192
end VIBA 1
Dropping frame 1403637139.188319
Dropping frame 1403637139.3383191
Dropping frame 1403637139.5383191
Dropping frame 1403637139.7383192
Dropping frame 1403637139.9383192
Dropping frame 1403637140.138319
Dropping frame 1403637140.2383192
Not enough motion for initializing. Reseting...
TRACK: Reset map because local mapper set the bad imu flag 
LM: Active map reset recieved
LM: Active map reset, waiting...
LM: Reseting current map in Local Mapping...
LM: End reseting Local Mapping...
LM: Reset free the mutex
LM: Active map reset, Done!!!
mnFirstFrameId = 57
mnInitialFrameId = 55
157 Frames set to lost
not IMU meas
First KF:38; Map init KF:11
New Map created with 274 points
Active map: 0
Dropping frame 1403637140.888319
Dropping frame 1403637141.0883191
Dropping frame 1403637141.2383192
Dropping frame 1403637141.3383191
Dropping frame 1403637141.4383192
Dropping frame 1403637141.688319
Dropping frame 1403637141.7883189
Dropping frame 1403637141.888319
Dropping frame 1403637141.9883189
Dropping frame 1403637142.3383191
Dropping frame 1403637142.4383192
Dropping frame 1403637142.5883191
Dropping frame 1403637142.7883189
Dropping frame 1403637142.888319
Dropping frame 1403637143.138319
Dropping frame 1403637143.388319
Not enough motion for initializing. Reseting...
TRACK: Reset map because local mapper set the bad imu flag 
LM: Reseting current map in Local Mapping...
LM: End reseting Local Mapping...
LM: Reset free the mutex
LM: Active map reset recieved
LM: Active map reset, waiting...
LM: Reseting current map in Local Mapping...
LM: End reseting Local Mapping...
LM: Reset free the mutex
LM: Active map reset, Done!!!
mnFirstFrameId = 165
mnInitialFrameId = 163
203 Frames set to lost
not IMU meas
not enough acceleration
not enough acceleration
Dropping frame 1403637143.688319
not enough acceleration
Dropping frame 1403637143.7883189
not enough acceleration
not enough acceleration
not enough acceleration
not enough acceleration
Dropping frame 1403637144.0383191
not enough acceleration
not enough acceleration
not enough acceleration
not enough acceleration
not enough acceleration
Dropping frame 1403637144.3383191
not enough acceleration
First KF:49; Map init KF:38
New Map created with 274 points
Active map: 0
Dropping frame 1403637144.5883191
Dropping frame 1403637144.7383192
Dropping frame 1403637145.7883189
Dropping frame 1403637145.9883189
Dropping frame 1403637146.2883189
Dropping frame 1403637146.5383191
Dropping frame 1403637147.2383192
Not enough motion for initializing. Reseting...
TRACK: Reset map because local mapper set the bad imu flag 
LM: Active map reset recieved
LM: Active map reset, waiting...
LM: Reseting current map in Local Mapping...
LM: End reseting Local Mapping...
LM: Reset free the mutex
LM: Active map reset, Done!!!
mnFirstFrameId = 226
mnInitialFrameId = 211
255 Frames set to lost
not IMU meas
not enough acceleration
not enough acceleration
not enough acceleration
not enough acceleration
not enough acceleration
not enough acceleration
not enough acceleration
not enough acceleration
not enough acceleration
not enough acceleration
not enough acceleration
not enough acceleration
not enough acceleration
not enough acceleration
not enough acceleration
not enough acceleration
not enough acceleration
not enough acceleration
not enough acceleration
not enough acceleration
not enough acceleration
not enough acceleration
not enough acceleration
not enough acceleration
not enough acceleration
not enough acceleration
not enough acceleration
Dropping frame 1403637148.8383191
not enough acceleration
not enough acceleration
not enough acceleration
not enough acceleration
not enough acceleration
not enough acceleration
not enough acceleration
not enough acceleration
not enough acceleration
not enough acceleration
not enough acceleration
not enough acceleration
not enough acceleration
not enough acceleration
not enough acceleration
not enough acceleration
not enough acceleration
First KF:60; Map init KF:49
New Map created with 242 points
Active map: 0
Dropping frame 1403637150.138319
Dropping frame 1403637151.188319
Dropping frame 1403637151.7383192
Dropping frame 1403637152.0383191
Dropping frame 1403637152.7383192
Dropping frame 1403637152.9883189
Dropping frame 1403637153.2883189
Dropping frame 1403637153.638319
Dropping frame 1403637153.8383191
Dropping frame 1403637154.388319
start VIBA 1
end VIBA 1
Dropping frame 1403637156.3383191
Dropping frame 1403637156.9883189
Dropping frame 1403637157.138319
Dropping frame 1403637157.3383191
Dropping frame 1403637157.638319
Dropping frame 1403637157.9383192
Dropping frame 1403637158.188319
Dropping frame 1403637158.2883189
Dropping frame 1403637158.388319
Dropping frame 1403637158.5883191
Dropping frame 1403637158.688319
Dropping frame 1403637158.7883189
Dropping frame 1403637158.888319
Dropping frame 1403637158.9883189
Dropping frame 1403637159.188319
Dropping frame 1403637159.2883189
Dropping frame 1403637159.388319
Dropping frame 1403637159.4883189
Dropping frame 1403637159.5883191
Dropping frame 1403637159.7883189
Dropping frame 1403637159.888319
Dropping frame 1403637160.0883191
Dropping frame 1403637160.188319
Dropping frame 1403637160.2883189
Dropping frame 1403637160.388319
Dropping frame 1403637160.4883189
Dropping frame 1403637160.5883191
Dropping frame 1403637160.688319
Dropping frame 1403637160.7883189
Dropping frame 1403637160.888319
Dropping frame 1403637161.0883191
Dropping frame 1403637161.188319
Dropping frame 1403637161.2883189
Dropping frame 1403637161.388319
Dropping frame 1403637161.5883191
Dropping frame 1403637161.688319
Dropping frame 1403637161.7883189
Dropping frame 1403637161.888319
Dropping frame 1403637161.9883189
Dropping frame 1403637162.188319
Dropping frame 1403637162.2883189
Dropping frame 1403637162.388319
Dropping frame 1403637162.4883189
Dropping frame 1403637162.5883191
Dropping frame 1403637162.688319
Dropping frame 1403637162.888319
Dropping frame 1403637162.9883189
Dropping frame 1403637163.0883191
Dropping frame 1403637163.2883189
Dropping frame 1403637163.388319
Dropping frame 1403637163.4883189
Dropping frame 1403637163.5883191
Dropping frame 1403637163.688319
Dropping frame 1403637163.7883189
Dropping frame 1403637163.888319
Dropping frame 1403637163.9883189
Dropping frame 1403637164.0883191
Dropping frame 1403637164.188319
Dropping frame 1403637164.388319
Dropping frame 1403637164.4883189
Dropping frame 1403637164.5883191
Dropping frame 1403637164.688319
Dropping frame 1403637164.7883189
Dropping frame 1403637164.888319
Dropping frame 1403637164.9883189
start VIBA 2
Dropping frame 1403637165.0883191
Dropping frame 1403637165.188319
Dropping frame 1403637165.2883189
end VIBA 2
Dropping frame 1403637165.5883191
Dropping frame 1403637165.688319
Dropping frame 1403637165.7883189
Dropping frame 1403637165.888319
Dropping frame 1403637165.9883189
Dropping frame 1403637166.0883191
Dropping frame 1403637166.2383192
Dropping frame 1403637166.3383191
Dropping frame 1403637166.4383192
Dropping frame 1403637166.5383191
Dropping frame 1403637166.638319
Dropping frame 1403637166.7883189
Dropping frame 1403637166.888319
Dropping frame 1403637167.0883191
Dropping frame 1403637167.188319
Dropping frame 1403637167.2883189
Dropping frame 1403637167.388319
Dropping frame 1403637167.4883189
Dropping frame 1403637167.5883191
Dropping frame 1403637167.688319
Dropping frame 1403637167.888319
Dropping frame 1403637167.9883189
Dropping frame 1403637168.0883191
Dropping frame 1403637168.188319
Dropping frame 1403637168.2883189
Dropping frame 1403637168.4383192
Dropping frame 1403637168.5383191
Dropping frame 1403637168.638319
Dropping frame 1403637168.7883189
Dropping frame 1403637168.888319
Dropping frame 1403637169.0883191
Dropping frame 1403637169.188319
Dropping frame 1403637169.388319
Dropping frame 1403637169.4883189
Dropping frame 1403637169.7383192
Dropping frame 1403637169.8383191
Dropping frame 1403637169.9383192
Dropping frame 1403637170.0383191
Dropping frame 1403637170.138319
Dropping frame 1403637170.4883189
Dropping frame 1403637170.5883191
Dropping frame 1403637170.888319
Dropping frame 1403637171.2883189
Dropping frame 1403637171.4883189
Dropping frame 1403637171.638319
Dropping frame 1403637171.8383191
Dropping frame 1403637172.0383191
Dropping frame 1403637172.388319
Dropping frame 1403637172.5883191
Dropping frame 1403637172.7383192
Dropping frame 1403637172.9383192
Dropping frame 1403637173.138319
Dropping frame 1403637173.3383191
Dropping frame 1403637173.5383191
Dropping frame 1403637173.7383192
Dropping frame 1403637173.8383191
Dropping frame 1403637173.9383192
Dropping frame 1403637174.138319
Dropping frame 1403637174.3383191
Dropping frame 1403637174.4883189
Dropping frame 1403637174.688319
Dropping frame 1403637174.888319
Dropping frame 1403637175.0883191
Dropping frame 1403637175.2883189
Dropping frame 1403637175.4883189
Dropping frame 1403637175.688319
Dropping frame 1403637175.888319
Dropping frame 1403637176.0883191
Dropping frame 1403637176.2883189
Dropping frame 1403637176.4383192
Dropping frame 1403637176.638319
Dropping frame 1403637176.8383191
Dropping frame 1403637177.0383191
Dropping frame 1403637177.2383192
Dropping frame 1403637177.3383191
Dropping frame 1403637177.5883191
Dropping frame 1403637177.7883189
Dropping frame 1403637177.9883189
Dropping frame 1403637178.188319
Dropping frame 1403637178.388319
Dropping frame 1403637178.4883189
Dropping frame 1403637178.7383192
Dropping frame 1403637178.9383192
Dropping frame 1403637179.138319
Dropping frame 1403637179.3383191
Dropping frame 1403637179.5383191
Dropping frame 1403637179.7383192
Dropping frame 1403637179.8383191
Dropping frame 1403637180.0883191
Dropping frame 1403637180.2883189
Dropping frame 1403637180.4883189
Dropping frame 1403637180.638319
Dropping frame 1403637180.8383191
Dropping frame 1403637181.0383191
Dropping frame 1403637181.2383192
Dropping frame 1403637181.4383192
Dropping frame 1403637181.638319
Dropping frame 1403637181.8383191
Dropping frame 1403637182.0383191
Dropping frame 1403637182.2383192
Dropping frame 1403637182.4383192
Dropping frame 1403637182.638319
Dropping frame 1403637182.7383192
Dropping frame 1403637182.9883189
Dropping frame 1403637183.188319
Dropping frame 1403637183.388319
Dropping frame 1403637183.5883191
Dropping frame 1403637183.7883189
Dropping frame 1403637183.9883189
Dropping frame 1403637184.638319
Dropping frame 1403637184.7383192
Dropping frame 1403637184.888319
Dropping frame 1403637185.2883189
Dropping frame 1403637185.638319
Dropping frame 1403637185.8383191
Dropping frame 1403637186.0383191
Dropping frame 1403637186.138319
Dropping frame 1403637186.3383191
Dropping frame 1403637186.5383191
Dropping frame 1403637186.888319
Dropping frame 1403637187.0883191
Dropping frame 1403637187.3383191
Dropping frame 1403637187.5383191
Dropping frame 1403637187.638319
Dropping frame 1403637187.7383192
Dropping frame 1403637187.9383192
Dropping frame 1403637188.138319
Dropping frame 1403637188.3383191
Dropping frame 1403637188.5383191
Dropping frame 1403637188.7383192
Dropping frame 1403637188.9383192
Dropping frame 1403637189.138319
Dropping frame 1403637189.2383192
Dropping frame 1403637189.3383191
Dropping frame 1403637189.5383191
Dropping frame 1403637189.7383192
Dropping frame 1403637189.9383192
Dropping frame 1403637190.138319
Dropping frame 1403637190.3383191
Dropping frame 1403637190.5883191
Dropping frame 1403637190.7883189
Dropping frame 1403637190.9883189
Dropping frame 1403637191.0883191
Dropping frame 1403637191.2883189
Dropping frame 1403637191.4883189
Dropping frame 1403637191.5883191
Dropping frame 1403637191.688319
Dropping frame 1403637191.888319
Dropping frame 1403637192.0883191
Dropping frame 1403637192.188319
Dropping frame 1403637192.2883189
Dropping frame 1403637192.4883189
Dropping frame 1403637192.688319
Dropping frame 1403637192.7883189
Dropping frame 1403637192.888319
Dropping frame 1403637192.9883189
Dropping frame 1403637193.188319
Dropping frame 1403637193.388319
Dropping frame 1403637193.5883191
Dropping frame 1403637193.7883189
Dropping frame 1403637193.9883189
Dropping frame 1403637194.0883191
Dropping frame 1403637194.2883189
Dropping frame 1403637194.388319
Dropping frame 1403637194.7383192
Dropping frame 1403637194.8383191
Dropping frame 1403637195.188319
Dropping frame 1403637195.4883189
Dropping frame 1403637195.7383192
Dropping frame 1403637195.8383191
Dropping frame 1403637195.9383192
Dropping frame 1403637196.138319
Dropping frame 1403637196.388319
Dropping frame 1403637196.4883189
Dropping frame 1403637196.5883191
Dropping frame 1403637196.7883189
Dropping frame 1403637196.888319
Dropping frame 1403637196.9883189
Dropping frame 1403637197.188319
Dropping frame 1403637197.2883189
Dropping frame 1403637197.388319
Dropping frame 1403637197.4883189
Dropping frame 1403637197.638319
Dropping frame 1403637197.8383191
Dropping frame 1403637197.9883189
Dropping frame 1403637198.188319
Dropping frame 1403637198.4383192
Dropping frame 1403637198.5383191
Dropping frame 1403637198.638319
Dropping frame 1403637198.888319
Dropping frame 1403637199.138319
Dropping frame 1403637199.2383192
Dropping frame 1403637199.4883189
Dropping frame 1403637199.5883191
Dropping frame 1403637199.9383192
Dropping frame 1403637200.138319
Dropping frame 1403637200.3383191
Dropping frame 1403637200.5383191
Dropping frame 1403637200.638319
Dropping frame 1403637200.888319
Dropping frame 1403637201.388319
Dropping frame 1403637201.4883189
Dropping frame 1403637201.5883191
Dropping frame 1403637201.7883189
Dropping frame 1403637201.888319
Dropping frame 1403637201.9883189
Dropping frame 1403637202.4383192
Dropping frame 1403637202.5383191
Dropping frame 1403637202.638319
Dropping frame 1403637202.8383191
Dropping frame 1403637202.9383192
Dropping frame 1403637203.0383191
Dropping frame 1403637203.2383192
Dropping frame 1403637203.3383191
Dropping frame 1403637203.4383192
Dropping frame 1403637203.638319
Dropping frame 1403637203.7383192
Dropping frame 1403637203.8383191
Dropping frame 1403637204.0383191
Dropping frame 1403637204.138319
Dropping frame 1403637204.2383192
Dropping frame 1403637204.4383192
Dropping frame 1403637204.5383191
Dropping frame 1403637204.638319
Dropping frame 1403637204.8383191
Dropping frame 1403637204.9383192
Dropping frame 1403637205.138319
Dropping frame 1403637205.2383192
Dropping frame 1403637205.3383191
Dropping frame 1403637205.5383191
Dropping frame 1403637205.638319
Dropping frame 1403637205.7383192
Dropping frame 1403637205.9383192
Dropping frame 1403637206.0383191
Dropping frame 1403637206.138319
Dropping frame 1403637206.3383191
Dropping frame 1403637206.4383192
Dropping frame 1403637206.5383191
Dropping frame 1403637206.7383192
Dropping frame 1403637206.9383192
Dropping frame 1403637207.0383191
Dropping frame 1403637207.138319
Dropping frame 1403637207.2383192
Dropping frame 1403637207.4383192
Dropping frame 1403637207.5383191
Dropping frame 1403637207.638319
Dropping frame 1403637207.8383191
Dropping frame 1403637207.9383192
Dropping frame 1403637208.0383191
Dropping frame 1403637208.2383192
Dropping frame 1403637208.3383191
Dropping frame 1403637208.4383192
Dropping frame 1403637208.638319
Dropping frame 1403637208.7383192
Dropping frame 1403637208.8383191
Dropping frame 1403637209.0383191
Dropping frame 1403637209.2383192
Dropping frame 1403637209.3383191
Dropping frame 1403637209.4383192
Dropping frame 1403637209.5383191
Dropping frame 1403637209.7383192
Dropping frame 1403637209.8383191
Dropping frame 1403637209.9383192
Dropping frame 1403637210.138319
Dropping frame 1403637210.2383192
Dropping frame 1403637210.3383191
Dropping frame 1403637210.5383191
Dropping frame 1403637210.638319
Dropping frame 1403637210.7383192
Dropping frame 1403637210.9383192
Dropping frame 1403637211.0383191
Dropping frame 1403637211.138319
Dropping frame 1403637211.3383191
Dropping frame 1403637211.4383192
Dropping frame 1403637211.5383191
Dropping frame 1403637211.7383192
Dropping frame 1403637211.9383192
Dropping frame 1403637212.0383191
Dropping frame 1403637212.138319
Dropping frame 1403637212.2383192
Dropping frame 1403637212.4383192
Dropping frame 1403637212.5383191
Dropping frame 1403637212.638319
Dropping frame 1403637212.8383191
Dropping frame 1403637212.9883189
Dropping frame 1403637213.188319
Dropping frame 1403637213.4383192
Dropping frame 1403637213.5383191
Dropping frame 1403637213.638319
Dropping frame 1403637213.8383191
Dropping frame 1403637213.9383192
Dropping frame 1403637214.0383191
Dropping frame 1403637214.2383192
Dropping frame 1403637214.3383191
Dropping frame 1403637214.4383192
Dropping frame 1403637214.638319
Dropping frame 1403637214.7383192
Dropping frame 1403637214.8383191
Dropping frame 1403637215.0383191
Dropping frame 1403637215.138319
Dropping frame 1403637215.2383192
Dropping frame 1403637215.4383192
Dropping frame 1403637215.5383191
Dropping frame 1403637215.638319
Dropping frame 1403637215.8383191
Dropping frame 1403637215.9383192
Dropping frame 1403637216.0383191
Dropping frame 1403637216.2383192
Dropping frame 1403637216.3383191
Dropping frame 1403637216.4383192
Dropping frame 1403637216.638319
Dropping frame 1403637216.7383192
Dropping frame 1403637216.8383191
Dropping frame 1403637217.0383191
Dropping frame 1403637217.138319
Dropping frame 1403637217.2383192
Dropping frame 1403637217.4383192
Dropping frame 1403637217.638319
Dropping frame 1403637217.7383192
Dropping frame 1403637217.8383191
Dropping frame 1403637217.9383192
Dropping frame 1403637218.138319
Dropping frame 1403637218.2383192
Dropping frame 1403637218.4883189
Dropping frame 1403637218.5883191
Dropping frame 1403637218.688319
Dropping frame 1403637218.888319
Dropping frame 1403637218.9883189
Dropping frame 1403637219.0883191
Dropping frame 1403637219.2883189
Dropping frame 1403637219.388319
Dropping frame 1403637219.4883189
Dropping frame 1403637219.688319
Dropping frame 1403637219.7883189
Dropping frame 1403637219.888319
Dropping frame 1403637220.0883191
Dropping frame 1403637220.188319
Dropping frame 1403637220.2883189
Dropping frame 1403637220.388319
Dropping frame 1403637220.4883189
Dropping frame 1403637220.5883191
Dropping frame 1403637220.688319
Dropping frame 1403637220.7883189
Dropping frame 1403637220.888319
Dropping frame 1403637220.9883189
Dropping frame 1403637221.0883191
Dropping frame 1403637221.188319
Dropping frame 1403637221.388319
Dropping frame 1403637221.5883191
Dropping frame 1403637221.688319
Dropping frame 1403637221.888319
Dropping frame 1403637221.9883189
Dropping frame 1403637222.0883191
Dropping frame 1403637222.188319
Dropping frame 1403637222.2883189
Dropping frame 1403637222.388319
Dropping frame 1403637222.4883189
Dropping frame 1403637222.688319
Dropping frame 1403637222.7883189
Dropping frame 1403637222.888319
Dropping frame 1403637222.9883189
Dropping frame 1403637223.0883191
Dropping frame 1403637223.188319
Dropping frame 1403637223.388319
Dropping frame 1403637223.4883189
Dropping frame 1403637223.5883191
Dropping frame 1403637223.7883189
Dropping frame 1403637223.888319
Dropping frame 1403637223.9883189
Dropping frame 1403637224.188319
Dropping frame 1403637224.388319
Dropping frame 1403637224.4883189
Dropping frame 1403637224.5883191
Dropping frame 1403637224.7883189
Dropping frame 1403637224.888319
Dropping frame 1403637224.9883189
Dropping frame 1403637225.188319
Dropping frame 1403637225.2883189
Dropping frame 1403637225.4383192
Dropping frame 1403637225.5383191
Dropping frame 1403637225.638319
Dropping frame 1403637225.8383191
Dropping frame 1403637225.9383192
Dropping frame 1403637226.0383191
Dropping frame 1403637226.2383192
Dropping frame 1403637226.388319
Dropping frame 1403637226.4883189
Dropping frame 1403637226.688319
Dropping frame 1403637226.7883189
Dropping frame 1403637226.888319
Dropping frame 1403637227.0883191
Dropping frame 1403637227.2883189
Dropping frame 1403637227.4883189
Dropping frame 1403637227.5883191
Dropping frame 1403637227.688319
Dropping frame 1403637227.888319
Dropping frame 1403637227.9883189
Dropping frame 1403637228.0883191
Dropping frame 1403637228.2883189
Dropping frame 1403637228.388319
Dropping frame 1403637228.4883189
Dropping frame 1403637228.688319
Dropping frame 1403637228.7883189
Dropping frame 1403637229.0383191
Dropping frame 1403637229.188319
Dropping frame 1403637229.388319
Dropping frame 1403637229.4883189
Dropping frame 1403637229.5883191
Dropping frame 1403637229.7883189
Dropping frame 1403637229.888319
Dropping frame 1403637229.9883189
Dropping frame 1403637230.188319
Dropping frame 1403637230.388319
Dropping frame 1403637230.5883191
Dropping frame 1403637230.688319
Dropping frame 1403637230.7883189
Dropping frame 1403637230.9883189
Dropping frame 1403637231.0883191
Dropping frame 1403637231.188319
Dropping frame 1403637231.388319
Dropping frame 1403637231.4883189
Dropping frame 1403637231.5883191
Dropping frame 1403637231.7883189
Dropping frame 1403637231.888319
Dropping frame 1403637231.9883189
Dropping frame 1403637232.188319
Dropping frame 1403637232.2883189
Dropping frame 1403637232.688319
Dropping frame 1403637232.888319
Dropping frame 1403637233.0383191
Dropping frame 1403637233.4883189
Dropping frame 1403637233.688319
Dropping frame 1403637233.7883189
Dropping frame 1403637233.888319
Dropping frame 1403637234.0883191
Dropping frame 1403637234.188319
Dropping frame 1403637234.2883189
Dropping frame 1403637234.4883189
Dropping frame 1403637234.688319
Dropping frame 1403637234.888319
Dropping frame 1403637234.9883189
Dropping frame 1403637235.0883191
Dropping frame 1403637235.2883189
Dropping frame 1403637235.388319
Dropping frame 1403637235.4883189
Dropping frame 1403637235.688319
Dropping frame 1403637235.888319
Dropping frame 1403637236.0883191
Dropping frame 1403637236.188319
Dropping frame 1403637236.2883189
Dropping frame 1403637236.4883189
Dropping frame 1403637236.5883191
Dropping frame 1403637236.8383191
Dropping frame 1403637237.0383191
Dropping frame 1403637237.2383192
Dropping frame 1403637237.4383192
Dropping frame 1403637237.5383191
Dropping frame 1403637237.638319
Dropping frame 1403637237.8383191
Dropping frame 1403637237.9383192
Dropping frame 1403637238.0383191
Dropping frame 1403637238.2383192
Dropping frame 1403637238.3383191
Dropping frame 1403637238.4383192
Dropping frame 1403637238.638319
Dropping frame 1403637238.7383192
Dropping frame 1403637238.8383191
Dropping frame 1403637239.0383191
Dropping frame 1403637239.188319
Dropping frame 1403637239.388319
Dropping frame 1403637239.5883191
Dropping frame 1403637239.688319
Dropping frame 1403637239.9383192
Dropping frame 1403637240.138319
Dropping frame 1403637240.2383192
Dropping frame 1403637240.3383191
Dropping frame 1403637240.4383192
Dropping frame 1403637240.5383191
Dropping frame 1403637240.638319
Dropping frame 1403637240.9883189
Dropping frame 1403637241.0883191
Dropping frame 1403637241.2383192
Dropping frame 1403637241.388319
Dropping frame 1403637241.5883191
Dropping frame 1403637241.688319
Dropping frame 1403637241.888319
Dropping frame 1403637242.0883191
Dropping frame 1403637242.188319
Dropping frame 1403637242.4883189
Dropping frame 1403637242.688319
Dropping frame 1403637242.888319
Dropping frame 1403637242.9883189
Dropping frame 1403637243.0883191
Dropping frame 1403637243.2883189
Dropping frame 1403637243.4383192
Dropping frame 1403637243.688319
Dropping frame 1403637243.888319
Dropping frame 1403637244.0883191
Dropping frame 1403637244.2383192
Dropping frame 1403637244.4383192
Dropping frame 1403637244.638319
Dropping frame 1403637244.8383191
Dropping frame 1403637244.9383192
Dropping frame 1403637245.0383191
Dropping frame 1403637245.388319
Dropping frame 1403637245.5883191
Dropping frame 1403637245.7883189
Dropping frame 1403637245.888319
Dropping frame 1403637246.0883191
Dropping frame 1403637246.388319
Dropping frame 1403637246.4883189
Dropping frame 1403637246.7383192
Dropping frame 1403637246.8383191
Dropping frame 1403637247.0383191
Dropping frame 1403637247.138319
Dropping frame 1403637247.2383192
Dropping frame 1403637247.4883189
Dropping frame 1403637247.688319
Dropping frame 1403637247.888319
Dropping frame 1403637247.9883189
Dropping frame 1403637248.0883191
Dropping frame 1403637248.3383191
Dropping frame 1403637248.5383191
Dropping frame 1403637248.7383192
Dropping frame 1403637248.9383192
Dropping frame 1403637249.0883191
Dropping frame 1403637249.188319
Dropping frame 1403637249.388319
Dropping frame 1403637249.5883191
Dropping frame 1403637249.688319
Dropping frame 1403637249.9383192
Dropping frame 1403637250.138319
Dropping frame 1403637250.2383192
Dropping frame 1403637250.4883189
Dropping frame 1403637250.638319
Dropping frame 1403637250.8383191
Dropping frame 1403637250.9383192
Dropping frame 1403637251.0383191
Dropping frame 1403637251.388319
Dropping frame 1403637251.4883189
Dropping frame 1403637251.5883191
Dropping frame 1403637251.8383191
Dropping frame 1403637251.9383192
Dropping frame 1403637252.0383191
Dropping frame 1403637252.138319
Dropping frame 1403637252.2383192
Dropping frame 1403637252.3383191
Dropping frame 1403637252.4383192
Dropping frame 1403637252.5383191
Dropping frame 1403637252.638319
Dropping frame 1403637252.8383191
Dropping frame 1403637253.0383191
Dropping frame 1403637253.2383192
Dropping frame 1403637253.3383191
Dropping frame 1403637253.4383192
Dropping frame 1403637253.638319
Dropping frame 1403637253.8383191
Dropping frame 1403637254.0383191
Dropping frame 1403637254.138319
Dropping frame 1403637254.2383192
Dropping frame 1403637254.3383191
Dropping frame 1403637254.4883189
Dropping frame 1403637254.5883191
Dropping frame 1403637254.8383191
Dropping frame 1403637255.188319
Dropping frame 1403637255.2883189
Dropping frame 1403637255.388319
Dropping frame 1403637255.5883191
Dropping frame 1403637255.7883189
Dropping frame 1403637255.9883189
Dropping frame 1403637256.0883191
Dropping frame 1403637256.188319
Dropping frame 1403637256.388319
Dropping frame 1403637256.5883191
Dropping frame 1403637256.7883189
Dropping frame 1403637256.888319
Dropping frame 1403637256.9883189
Dropping frame 1403637257.188319
Dropping frame 1403637257.638319
Dropping frame 1403637257.8383191
Dropping frame 1403637258.0383191
Dropping frame 1403637258.3383191
Dropping frame 1403637258.5383191
Dropping frame 1403637258.7383192
Dropping frame 1403637258.9383192
Dropping frame 1403637259.0383191
Dropping frame 1403637259.138319
Dropping frame 1403637259.3383191
Dropping frame 1403637259.5383191
Dropping frame 1403637259.638319
Dropping frame 1403637259.7383192
Dropping frame 1403637259.9383192
Dropping frame 1403637260.138319
Dropping frame 1403637260.3383191
Dropping frame 1403637260.4383192
Dropping frame 1403637260.5383191
Dropping frame 1403637260.7383192
Dropping frame 1403637260.9383192
Dropping frame 1403637261.138319
Dropping frame 1403637261.2383192
Dropping frame 1403637261.3383191
Dropping frame 1403637261.5383191
Dropping frame 1403637261.7383192
Dropping frame 1403637261.9383192
Dropping frame 1403637262.0383191
Dropping frame 1403637262.138319
Dropping frame 1403637262.3383191
Dropping frame 1403637262.5383191
Dropping frame 1403637262.7383192
Dropping frame 1403637262.8383191
Dropping frame 1403637262.9383192
Dropping frame 1403637263.138319
Dropping frame 1403637263.2383192
Dropping frame 1403637263.3383191
Dropping frame 1403637263.5383191
Dropping frame 1403637263.7383192
Dropping frame 1403637263.9383192
Dropping frame 1403637264.188319
Dropping frame 1403637264.4383192
Dropping frame 1403637264.638319
Dropping frame 1403637264.8383191
Dropping frame 1403637264.9383192
Dropping frame 1403637265.0383191
Dropping frame 1403637265.2383192
Dropping frame 1403637265.4383192
Shutdown
SLAM Finished at System Time: 1742989050.13689

 TIME STATS in ms (mean$\pm$std)
OpenCV version: 4.8.1
---------------------------
Tracking

ORB Extraction: 21.729$\pm$3.0606
Stereo Matching: 7.8966$\pm$1.9718
IMU Preintegration: 0.24591$\pm$0.10014
Pose Prediction: 0.77581$\pm$1.8791
LM Track: 19.108$\pm$6.5032
New KF decision: 1.558$\pm$2.7064
Total Tracking: 31.149$\pm$28.379



Local Mapping

KF Insertion: 15.288$\pm$5.3292
MP Culling: 0.58547$\pm$0.25627
MP Creation: 46.605$\pm$18.875
LBA: 157.54$\pm$66.828
KF Culling: 15.037$\pm$10.612
Total Local Mapping: 232.94$\pm$94.391
---------------------------

LBA complexity (mean$\pm$std)
LBA Edges: 1687.7$\pm$622.89
LBA KF optimized: 6.5$\pm$2.2913
LBA KF fixed: 1$\pm$0
LBA MP: nan$\pm$nan

LBA executions: 445
LBA aborts: 0
---------------------------

Map complexity
KFs in map: 144
MPs in map: 10929
---------------------------

Place Recognition (mean$\pm$std)
Database Query: 2.291$\pm$1.18
SE3 estimation: 28.449$\pm$16.266
Total Place Recognition: 23.066$\pm$19.876


Loop Closing (mean$\pm$std)
Loop Fusion: nan$\pm$nan
Essential Graph: nan$\pm$nan
Total Loop Closing: nan$\pm$nan

Num exec: 0
Number of KFs: nan$\pm$nan

Map Merging (mean$\pm$std)
Merge Maps: nan$\pm$nan
Welding BA: nan$\pm$nan
Optimization Ess.: nan$\pm$nan
Total Map Merging: nan$\pm$nan

Num exec: 0
Number of KFs: nan$\pm$nan
Number of MPs: nan$\pm$nan

Full GBA (mean$\pm$std)
GBA: nan$\pm$nan
Map Update: nan$\pm$nan
Total Full GBA: nan$\pm$nan

Num exec: 0
Num abort: 0
Number of KFs: nan$\pm$nan
Number of MPs: nan$\pm$nan

Saving trajectory to f_dataset-MH03_stereo_imu.txt ...
There are 1 maps in the atlas
  Map 0 has 144 KFs

End of saving trajectory to f_dataset-MH03_stereo_imu.txt ...

Saving keyframe trajectory to kf_dataset-MH03_stereo_imu.txt ...
