num_seq = 1
file name: dataset-V101_stereo_imu
Loading images for sequence 0...LOADED!
Loading IMU for sequence 0...LOADED!

-------

ORB-SLAM3 Copyright (C) 2017-2020 Carlos Campos, Richard Elvira, Juan J. Gómez, José M.M. Montiel and Juan D. Tardós, University of Zaragoza.
ORB-SLAM2 Copyright (C) 2014-2016 Raúl Mur-Artal, José M.M. Montiel and Juan D. Tardós, University of Zaragoza.
This program comes with ABSOLUTELY NO WARRANTY;
This is free software, and you are welcome to redistribute it
under certain conditions. See LICENSE.txt.

Built with REGISTER_TIMES
Git Commit Hash: 33f00b6

Build Type: Release

Compiled with C++ version: 201703

Input sensor was set to: Stereo-Inertial
Loading settings from EuRoC_fov_deadlines_mask_11x11.yaml
	-Loaded camera 1
	-Loaded camera 2
	-Loaded image info
	-Loaded IMU calibration
	-Loaded ORB settings
	-Loaded viewer settings
	-Loaded Atlas settings
Deadlines enabled, will skip frames!
FOV enabled
Static mask size: 11x11
Dumping map points enabled
	-Loaded misc parameters
	-Computed rectification maps
----------------------------------
SLAM settings: 
	-Camera 1 parameters (Pinhole): [ 458.65399169921875 457.29598999023438 367.21499633789062 248.375 ]
	-Camera 1 distortion parameters: [  -0.28340810537338257 0.073959067463874817 0.00019359000725671649 1.7618711353861727e-05 ]
	-Camera 2 parameters (Pinhole: [ 457.58700561523438 456.13400268554688 379.99899291992188 255.23800659179688 ]
	-Camera 1 distortion parameters: [  -0.2836836576461792 0.074512839317321777 -0.00010473000293131918 -3.555907096597366e-05 ]
	-Original image size: [ 752 , 480 ]
	-Current image size: [ 752 , 480 ]
	-Camera 1 parameters after rectification: [  456.71499633789062 456.71499633789062 364.52615356445312 257.268798828125 ]
	-Sequence FPS: 20
	-Stereo baseline: 0.11007784307003021
	-Stereo depth threshold : 60
	-Gyro noise: 0.00016999999934341758
	-Accelerometer noise: 0.0020000000949949026
	-Gyro walk: 1.9392999092815444e-05
	-Accelerometer walk: 0.0030000000260770321
	-IMU frequency: 200
	-Features per image: 1200
	-ORB scale factor: 1.2000000476837158
	-ORB number of scales: 8
	-Initial FAST threshold: 20
	-Min FAST threshold: 7


Loading ORB Vocabulary. This could take a while...
Vocabulary loaded!

Initialization of Atlas from scratch 
Creation of new map with id: 0
Creation of new map with last KF id: 0
Seq. Name: 
There are 1 cameras in the atlas
Camera 0 is pinhole
SLAM Started at System Time: 1747066291.05777
not IMU meas
not IMU meas
not enough acceleration
not enough acceleration
not enough acceleration
not enough acceleration
not enough acceleration
not enough acceleration
not enough acceleration
not enough acceleration
not enough acceleration
not enough acceleration
not enough acceleration
not enough acceleration
not enough acceleration
not enough acceleration
not enough acceleration
not enough acceleration
not enough acceleration
not enough acceleration
not enough acceleration
not enough acceleration
not enough acceleration
not enough acceleration
not enough acceleration
not enough acceleration
not enough acceleration
not enough acceleration
not enough acceleration
not enough acceleration
not enough acceleration
not enough acceleration
not enough acceleration
not enough acceleration
not enough acceleration
not enough acceleration
not enough acceleration
not enough acceleration
not enough acceleration
not enough acceleration
not enough acceleration
not enough acceleration
not enough acceleration
not enough acceleration
not enough acceleration
not enough acceleration
not enough acceleration
not enough acceleration
not enough acceleration
not enough acceleration
not enough acceleration
not enough acceleration
not enough acceleration
not enough acceleration
not enough acceleration
not enough acceleration
not enough acceleration
not enough acceleration
not enough acceleration
not enough acceleration
not enough acceleration
not enough acceleration
not enough acceleration
not enough acceleration
not enough acceleration
not enough acceleration
not enough acceleration
not enough acceleration
not enough acceleration
not enough acceleration
not enough acceleration
not enough acceleration
not enough acceleration
not enough acceleration
not enough acceleration
not enough acceleration
not enough acceleration
not enough acceleration
not enough acceleration
not enough acceleration
not enough acceleration
not enough acceleration
not enough acceleration
not enough acceleration
not enough acceleration
not enough acceleration
not enough acceleration
not enough acceleration
not enough acceleration
not enough acceleration
not enough acceleration
not enough acceleration
not enough acceleration
not enough acceleration
not enough acceleration
not enough acceleration
not enough acceleration
not enough acceleration
not enough acceleration
not enough acceleration
not enough acceleration
not enough acceleration
not enough acceleration
First KF:0; Map init KF:0
New Map created with 544 points
Active map: 0
Dropping frame 1403715278.4621429
Dropping frame 1403715278.662143
Dropping frame 1403715278.8121431
Dropping frame 1403715279.0121431
Dropping frame 1403715279.112143
Dropping frame 1403715279.3121431
Dropping frame 1403715279.412143
Dropping frame 1403715279.662143
Dropping frame 1403715279.862143
Dropping frame 1403715280.0121431
Dropping frame 1403715280.2121432
Dropping frame 1403715280.412143
Dropping frame 1403715280.5121431
Dropping frame 1403715280.662143
Dropping frame 1403715280.862143
Dropping frame 1403715281.0121431
Dropping frame 1403715281.2121432
Dropping frame 1403715281.3121431
Dropping frame 1403715281.5121431
Dropping frame 1403715281.612143
Dropping frame 1403715281.7121432
Dropping frame 1403715281.912143
Dropping frame 1403715282.0121431
Dropping frame 1403715282.112143
Dropping frame 1403715282.3121431
Dropping frame 1403715282.5121431
Dropping frame 1403715282.7621429
Dropping frame 1403715282.862143
Dropping frame 1403715282.9621429
Dropping frame 1403715283.162143
Dropping frame 1403715283.2621429
Dropping frame 1403715283.4621429
Dropping frame 1403715283.5621431
Dropping frame 1403715283.662143
start VIBA 1
end VIBA 1
Dropping frame 1403715283.862143
Dropping frame 1403715284.0621431
Dropping frame 1403715284.162143
Dropping frame 1403715284.412143
Dropping frame 1403715284.612143
Dropping frame 1403715284.8121431
Dropping frame 1403715284.912143
Dropping frame 1403715285.0121431
Dropping frame 1403715285.2121432
Dropping frame 1403715285.412143
Dropping frame 1403715285.612143
Dropping frame 1403715285.7121432
Dropping frame 1403715285.9621429
Dropping frame 1403715286.0621431
Dropping frame 1403715286.162143
Dropping frame 1403715286.362143
Dropping frame 1403715286.4621429
Dropping frame 1403715286.5621431
Dropping frame 1403715286.8121431
Dropping frame 1403715287.0121431
Dropping frame 1403715287.2121432
Dropping frame 1403715287.3121431
Dropping frame 1403715287.412143
Dropping frame 1403715287.612143
Dropping frame 1403715287.912143
Dropping frame 1403715288.112143
Dropping frame 1403715288.3121431
Dropping frame 1403715288.5121431
Dropping frame 1403715288.612143
Dropping frame 1403715288.7121432
Dropping frame 1403715288.912143
Dropping frame 1403715289.0121431
Dropping frame 1403715289.112143
Dropping frame 1403715289.3121431
Dropping frame 1403715289.5121431
Dropping frame 1403715289.612143
Dropping frame 1403715289.7121432
Dropping frame 1403715289.8121431
Dropping frame 1403715290.0121431
Dropping frame 1403715290.112143
Dropping frame 1403715290.2121432
Dropping frame 1403715290.412143
Dropping frame 1403715290.5121431
Dropping frame 1403715290.612143
Dropping frame 1403715290.8121431
Dropping frame 1403715291.0121431
Dropping frame 1403715291.2121432
Dropping frame 1403715291.3121431
Dropping frame 1403715291.412143
Dropping frame 1403715291.612143
Dropping frame 1403715291.7121432
Dropping frame 1403715291.8121431
Dropping frame 1403715292.0121431
Dropping frame 1403715292.112143
Dropping frame 1403715292.362143
Dropping frame 1403715292.5621431
Dropping frame 1403715292.662143
Dropping frame 1403715292.7621429
Dropping frame 1403715292.862143
Dropping frame 1403715293.2121432
Dropping frame 1403715293.412143
Dropping frame 1403715293.5621431
start VIBA 2
Dropping frame 1403715293.7621429
Dropping frame 1403715293.9621429
end VIBA 2
Dropping frame 1403715294.162143
Dropping frame 1403715294.2621429
Dropping frame 1403715294.362143
Dropping frame 1403715294.612143
Dropping frame 1403715294.7121432
Dropping frame 1403715294.8121431
Dropping frame 1403715295.0121431
Dropping frame 1403715295.112143
Dropping frame 1403715295.2121432
Dropping frame 1403715295.412143
Dropping frame 1403715295.612143
Dropping frame 1403715295.8121431
Dropping frame 1403715295.912143
Dropping frame 1403715296.0121431
Dropping frame 1403715296.2121432
Dropping frame 1403715296.3121431
Dropping frame 1403715296.412143
Dropping frame 1403715296.5121431
Dropping frame 1403715296.612143
Dropping frame 1403715296.8121431
Dropping frame 1403715296.912143
Dropping frame 1403715297.162143
Dropping frame 1403715297.2621429
Dropping frame 1403715297.5121431
Dropping frame 1403715297.612143
Dropping frame 1403715297.7121432
Dropping frame 1403715297.912143
Dropping frame 1403715298.112143
Dropping frame 1403715298.3121431
Dropping frame 1403715298.412143
Dropping frame 1403715298.5121431
Dropping frame 1403715298.7121432
Dropping frame 1403715298.912143
Dropping frame 1403715299.112143
Dropping frame 1403715299.2121432
Dropping frame 1403715299.3121431
Dropping frame 1403715299.5121431
Dropping frame 1403715299.612143
Dropping frame 1403715299.7121432
Dropping frame 1403715299.912143
Dropping frame 1403715300.112143
Dropping frame 1403715300.3121431
Dropping frame 1403715300.5121431
Dropping frame 1403715300.612143
Dropping frame 1403715300.7121432
Dropping frame 1403715301.0621431
Dropping frame 1403715301.2621429
Dropping frame 1403715301.362143
Dropping frame 1403715301.4621429
Dropping frame 1403715301.662143
Dropping frame 1403715301.862143
Dropping frame 1403715302.0621431
Dropping frame 1403715302.162143
Dropping frame 1403715302.2621429
Dropping frame 1403715302.4621429
Dropping frame 1403715302.612143
Dropping frame 1403715302.8121431
Dropping frame 1403715302.912143
Dropping frame 1403715303.0121431
Dropping frame 1403715303.2121432
Dropping frame 1403715303.412143
Dropping frame 1403715303.612143
Dropping frame 1403715303.7121432
Dropping frame 1403715303.8121431
Dropping frame 1403715304.0121431
Dropping frame 1403715304.2121432
Dropping frame 1403715304.412143
Dropping frame 1403715304.5121431
Dropping frame 1403715304.612143
Dropping frame 1403715304.8121431
Dropping frame 1403715305.0121431
Dropping frame 1403715305.112143
Dropping frame 1403715305.2121432
Dropping frame 1403715305.3121431
Dropping frame 1403715305.5121431
Dropping frame 1403715305.612143
Dropping frame 1403715305.862143
Dropping frame 1403715306.0621431
Dropping frame 1403715306.2621429
Dropping frame 1403715306.4621429
Dropping frame 1403715306.5621431
Dropping frame 1403715306.662143
Dropping frame 1403715306.862143
Dropping frame 1403715307.0621431
Dropping frame 1403715307.162143
Dropping frame 1403715307.412143
Dropping frame 1403715307.5121431
Dropping frame 1403715307.7121432
Dropping frame 1403715307.8121431
Dropping frame 1403715308.112143
Dropping frame 1403715308.362143
Dropping frame 1403715308.4621429
Dropping frame 1403715308.5621431
Dropping frame 1403715308.7621429
Dropping frame 1403715308.9621429
Dropping frame 1403715309.162143
Dropping frame 1403715309.3121431
Dropping frame 1403715309.412143
Dropping frame 1403715309.612143
Dropping frame 1403715309.8121431
Dropping frame 1403715310.0121431
Dropping frame 1403715310.112143
Dropping frame 1403715310.2121432
Dropping frame 1403715310.412143
Dropping frame 1403715310.7621429
Dropping frame 1403715310.912143
Dropping frame 1403715311.112143
Dropping frame 1403715311.2121432
Dropping frame 1403715311.3121431
Dropping frame 1403715311.5121431
Dropping frame 1403715311.612143
Dropping frame 1403715311.862143
Dropping frame 1403715312.0621431
Dropping frame 1403715312.2621429
Dropping frame 1403715312.362143
Dropping frame 1403715312.612143
Dropping frame 1403715312.8121431
Dropping frame 1403715313.0121431
Dropping frame 1403715313.2121432
Dropping frame 1403715313.412143
Dropping frame 1403715313.5121431
Dropping frame 1403715313.612143
Dropping frame 1403715313.8121431
Dropping frame 1403715314.0121431
Dropping frame 1403715314.112143
Dropping frame 1403715314.2121432
Dropping frame 1403715314.3121431
Dropping frame 1403715314.5121431
Dropping frame 1403715315.0121431
Dropping frame 1403715315.4621429
Dropping frame 1403715315.662143
Dropping frame 1403715315.7621429
Dropping frame 1403715315.862143
Dropping frame 1403715316.0621431
Dropping frame 1403715316.162143
Dropping frame 1403715316.412143
Dropping frame 1403715316.612143
Dropping frame 1403715316.8121431
Dropping frame 1403715316.9621429
Dropping frame 1403715317.162143
Dropping frame 1403715317.2621429
Dropping frame 1403715317.362143
Dropping frame 1403715317.5621431
Dropping frame 1403715317.662143
Dropping frame 1403715317.912143
Dropping frame 1403715318.112143
Dropping frame 1403715318.3121431
Dropping frame 1403715318.412143
Dropping frame 1403715318.5121431
Dropping frame 1403715318.7121432
Dropping frame 1403715318.912143
Dropping frame 1403715319.112143
Dropping frame 1403715319.2621429
Dropping frame 1403715319.4621429
Dropping frame 1403715319.5621431
Dropping frame 1403715319.8121431
Dropping frame 1403715319.912143
Dropping frame 1403715320.0121431
Dropping frame 1403715320.2121432
Dropping frame 1403715320.362143
Dropping frame 1403715320.5621431
Dropping frame 1403715320.7621429
Dropping frame 1403715320.9621429
Dropping frame 1403715321.0621431
Dropping frame 1403715321.162143
Dropping frame 1403715321.3121431
Dropping frame 1403715321.5621431
Dropping frame 1403715321.662143
Dropping frame 1403715321.7621429
Dropping frame 1403715321.9621429
Dropping frame 1403715322.162143
Dropping frame 1403715322.362143
Dropping frame 1403715322.4621429
Dropping frame 1403715322.5621431
Dropping frame 1403715322.7621429
Dropping frame 1403715322.862143
Dropping frame 1403715322.9621429
Dropping frame 1403715323.162143
Dropping frame 1403715323.4621429
Dropping frame 1403715323.662143
Dropping frame 1403715323.862143
Dropping frame 1403715323.9621429
Dropping frame 1403715324.0621431
Dropping frame 1403715324.2621429
Dropping frame 1403715324.362143
Dropping frame 1403715324.5621431
Dropping frame 1403715324.662143
Dropping frame 1403715324.7621429
Dropping frame 1403715324.9621429
Dropping frame 1403715325.162143
Dropping frame 1403715325.362143
Dropping frame 1403715325.4621429
Dropping frame 1403715326.5121431
Dropping frame 1403715326.612143
Dropping frame 1403715326.7121432
Dropping frame 1403715326.9621429
Dropping frame 1403715327.0621431
Dropping frame 1403715327.2621429
Dropping frame 1403715327.362143
Dropping frame 1403715327.4621429
Dropping frame 1403715327.662143
Dropping frame 1403715327.862143
Dropping frame 1403715328.0621431
Dropping frame 1403715328.162143
Dropping frame 1403715328.2621429
Dropping frame 1403715328.4621429
Dropping frame 1403715328.5621431
Dropping frame 1403715328.8121431
Dropping frame 1403715329.0121431
Dropping frame 1403715329.2121432
Dropping frame 1403715329.412143
Dropping frame 1403715329.5121431
Dropping frame 1403715329.612143
Dropping frame 1403715329.8121431
Dropping frame 1403715330.0121431
Dropping frame 1403715330.112143
Dropping frame 1403715330.2121432
Dropping frame 1403715330.3121431
Dropping frame 1403715330.5121431
Dropping frame 1403715330.612143
Dropping frame 1403715330.7121432
Dropping frame 1403715331.162143
Dropping frame 1403715331.2621429
Dropping frame 1403715331.362143
Dropping frame 1403715331.5621431
Dropping frame 1403715331.7621429
Dropping frame 1403715331.9621429
Dropping frame 1403715332.0621431
Dropping frame 1403715332.3121431
Dropping frame 1403715332.4621429
Dropping frame 1403715332.662143
Dropping frame 1403715332.862143
Dropping frame 1403715332.9621429
Dropping frame 1403715333.0621431
Dropping frame 1403715333.162143
Dropping frame 1403715333.362143
Dropping frame 1403715333.5621431
Dropping frame 1403715333.662143
Dropping frame 1403715333.7621429
Dropping frame 1403715333.9621429
Dropping frame 1403715334.162143
Dropping frame 1403715334.2621429
Dropping frame 1403715334.362143
Dropping frame 1403715334.4621429
Dropping frame 1403715334.5621431
Dropping frame 1403715334.7621429
Dropping frame 1403715334.912143
Dropping frame 1403715335.0121431
Dropping frame 1403715335.2121432
Dropping frame 1403715335.412143
Dropping frame 1403715335.612143
Dropping frame 1403715335.7121432
Dropping frame 1403715335.8121431
Dropping frame 1403715336.0121431
Dropping frame 1403715336.112143
Dropping frame 1403715336.2121432
Dropping frame 1403715336.412143
Dropping frame 1403715336.5121431
Dropping frame 1403715336.612143
Dropping frame 1403715336.8121431
Dropping frame 1403715336.912143
Dropping frame 1403715337.112143
Dropping frame 1403715337.3121431
Dropping frame 1403715337.412143
Dropping frame 1403715337.5121431
Dropping frame 1403715337.7121432
Dropping frame 1403715337.8121431
Dropping frame 1403715337.912143
Dropping frame 1403715338.112143
Dropping frame 1403715338.2121432
Dropping frame 1403715338.612143
Dropping frame 1403715338.8121431
Dropping frame 1403715338.912143
Dropping frame 1403715339.0121431
Dropping frame 1403715339.2621429
Dropping frame 1403715339.362143
Dropping frame 1403715339.5121431
Dropping frame 1403715339.7621429
Dropping frame 1403715339.862143
Dropping frame 1403715340.0621431
Dropping frame 1403715340.162143
Dropping frame 1403715340.2621429
Dropping frame 1403715340.4621429
Dropping frame 1403715340.662143
Dropping frame 1403715340.862143
Dropping frame 1403715340.9621429
Dropping frame 1403715341.0621431
Dropping frame 1403715341.2621429
Dropping frame 1403715341.4621429
Dropping frame 1403715341.5621431
Dropping frame 1403715341.862143
Dropping frame 1403715341.9621429
Dropping frame 1403715342.0621431
Dropping frame 1403715342.2621429
Dropping frame 1403715342.362143
Dropping frame 1403715342.4621429
Dropping frame 1403715342.662143
Dropping frame 1403715342.862143
Dropping frame 1403715342.9621429
Dropping frame 1403715343.2621429
Dropping frame 1403715343.362143
Dropping frame 1403715343.662143
Dropping frame 1403715343.912143
Dropping frame 1403715344.0121431
Dropping frame 1403715344.112143
Dropping frame 1403715344.3121431
Dropping frame 1403715344.4621429
Dropping frame 1403715344.662143
Dropping frame 1403715344.862143
Dropping frame 1403715345.0621431
Dropping frame 1403715345.162143
Dropping frame 1403715345.412143
Dropping frame 1403715345.5121431
Dropping frame 1403715345.7621429
Dropping frame 1403715345.9621429
Dropping frame 1403715346.162143
Dropping frame 1403715346.362143
Dropping frame 1403715346.4621429
Dropping frame 1403715347.0621431
Dropping frame 1403715347.4621429
Dropping frame 1403715347.862143
Dropping frame 1403715347.9621429
Dropping frame 1403715348.2121432
Dropping frame 1403715348.412143
Dropping frame 1403715348.612143
Dropping frame 1403715348.7121432
Dropping frame 1403715348.9621429
Dropping frame 1403715349.162143
Dropping frame 1403715349.3121431
Dropping frame 1403715349.412143
Dropping frame 1403715349.612143
Dropping frame 1403715349.7621429
Dropping frame 1403715350.0121431
Dropping frame 1403715350.112143
Dropping frame 1403715350.3121431
Dropping frame 1403715350.412143
Dropping frame 1403715350.612143
Dropping frame 1403715350.7621429
Dropping frame 1403715351.112143
Dropping frame 1403715351.412143
Dropping frame 1403715351.612143
Dropping frame 1403715351.8121431
Dropping frame 1403715351.9621429
Dropping frame 1403715352.0621431
Dropping frame 1403715352.2621429
Dropping frame 1403715352.362143
Dropping frame 1403715352.612143
Dropping frame 1403715352.7121432
Dropping frame 1403715352.9621429
Dropping frame 1403715353.162143
Dropping frame 1403715353.362143
Dropping frame 1403715353.5121431
Dropping frame 1403715353.7121432
Dropping frame 1403715353.8121431
Dropping frame 1403715353.912143
Dropping frame 1403715354.112143
Dropping frame 1403715354.2121432
Dropping frame 1403715354.4621429
Dropping frame 1403715354.5621431
Dropping frame 1403715354.7621429
Dropping frame 1403715354.862143
Dropping frame 1403715354.9621429
Dropping frame 1403715355.162143
Dropping frame 1403715355.362143
Dropping frame 1403715355.4621429
Dropping frame 1403715355.5621431
Dropping frame 1403715355.8121431
Dropping frame 1403715356.0121431
Dropping frame 1403715356.2121432
Dropping frame 1403715356.3121431
Dropping frame 1403715356.5621431
Dropping frame 1403715356.662143
Dropping frame 1403715356.862143
Dropping frame 1403715356.9621429
Dropping frame 1403715357.2121432
Dropping frame 1403715357.3121431
Dropping frame 1403715357.5621431
Dropping frame 1403715357.662143
Dropping frame 1403715357.7621429
Dropping frame 1403715357.9621429
Dropping frame 1403715358.162143
Dropping frame 1403715358.362143
Dropping frame 1403715358.4621429
Dropping frame 1403715358.662143
Dropping frame 1403715358.7621429
Dropping frame 1403715358.862143
Dropping frame 1403715359.112143
Dropping frame 1403715359.3121431
Dropping frame 1403715359.5121431
Dropping frame 1403715359.662143
Dropping frame 1403715359.862143
Dropping frame 1403715359.9621429
Dropping frame 1403715360.2121432
Dropping frame 1403715360.3121431
Dropping frame 1403715360.412143
Dropping frame 1403715360.612143
Dropping frame 1403715360.8121431
Dropping frame 1403715361.0121431
Dropping frame 1403715361.112143
Dropping frame 1403715361.362143
Dropping frame 1403715361.5621431
Dropping frame 1403715361.7621429
Dropping frame 1403715361.862143
Dropping frame 1403715362.112143
Dropping frame 1403715362.2121432
Dropping frame 1403715362.5621431
Dropping frame 1403715362.912143
Dropping frame 1403715363.162143
Dropping frame 1403715363.362143
Dropping frame 1403715363.5621431
Dropping frame 1403715363.862143
Dropping frame 1403715364.0621431
Dropping frame 1403715364.2121432
Dropping frame 1403715364.412143
Dropping frame 1403715364.612143
Dropping frame 1403715364.8121431
Dropping frame 1403715364.912143
Dropping frame 1403715365.0121431
Dropping frame 1403715365.2121432
Dropping frame 1403715365.5121431
Dropping frame 1403715365.662143
Dropping frame 1403715366.2621429
Dropping frame 1403715366.362143
Dropping frame 1403715366.7621429
Dropping frame 1403715367.0621431
Dropping frame 1403715367.3121431
Dropping frame 1403715367.5121431
Dropping frame 1403715367.7121432
Dropping frame 1403715367.8121431
Dropping frame 1403715368.112143
Dropping frame 1403715368.3121431
Dropping frame 1403715368.412143
Dropping frame 1403715368.662143
Dropping frame 1403715368.862143
Dropping frame 1403715369.0621431
Dropping frame 1403715369.2121432
Dropping frame 1403715369.412143
Dropping frame 1403715369.5121431
Dropping frame 1403715369.612143
Dropping frame 1403715369.8121431
Dropping frame 1403715369.912143
Dropping frame 1403715370.0121431
Dropping frame 1403715370.2121432
Dropping frame 1403715370.412143
Dropping frame 1403715370.612143
Dropping frame 1403715370.7121432
Dropping frame 1403715370.8121431
Dropping frame 1403715371.0121431
Dropping frame 1403715371.2121432
Dropping frame 1403715371.3121431
Dropping frame 1403715371.412143
Dropping frame 1403715371.662143
Dropping frame 1403715371.7621429
Dropping frame 1403715371.862143
Dropping frame 1403715372.0621431
Dropping frame 1403715372.162143
Dropping frame 1403715372.2621429
Dropping frame 1403715372.4621429
Dropping frame 1403715372.5621431
Dropping frame 1403715372.662143
Dropping frame 1403715372.862143
Dropping frame 1403715373.0621431
Dropping frame 1403715373.2621429
Dropping frame 1403715373.362143
Dropping frame 1403715373.4621429
Dropping frame 1403715373.662143
Dropping frame 1403715373.7621429
Dropping frame 1403715373.862143
Dropping frame 1403715374.0621431
Dropping frame 1403715374.2621429
Dropping frame 1403715374.4621429
Dropping frame 1403715374.912143
Dropping frame 1403715375.112143
Dropping frame 1403715375.3121431
Dropping frame 1403715375.412143
Dropping frame 1403715375.5121431
Dropping frame 1403715375.662143
Dropping frame 1403715375.7621429
Dropping frame 1403715375.862143
Dropping frame 1403715376.112143
Dropping frame 1403715376.3121431
Dropping frame 1403715376.5121431
Dropping frame 1403715376.612143
Dropping frame 1403715376.7121432
Dropping frame 1403715376.912143
Dropping frame 1403715377.0121431
Dropping frame 1403715377.112143
Dropping frame 1403715377.7121432
Dropping frame 1403715377.8121431
Dropping frame 1403715377.912143
Dropping frame 1403715378.0121431
Dropping frame 1403715378.2121432
Dropping frame 1403715378.3121431
Dropping frame 1403715378.5121431
Dropping frame 1403715378.612143
Dropping frame 1403715378.7121432
Dropping frame 1403715378.912143
Dropping frame 1403715379.0121431
Dropping frame 1403715379.112143
Dropping frame 1403715379.3121431
Dropping frame 1403715379.5121431
Dropping frame 1403715379.7121432
Dropping frame 1403715379.912143
Dropping frame 1403715380.0121431
Dropping frame 1403715380.112143
Dropping frame 1403715380.3121431
Dropping frame 1403715380.412143
Dropping frame 1403715380.5121431
Dropping frame 1403715380.7121432
Dropping frame 1403715380.912143
Dropping frame 1403715381.112143
Dropping frame 1403715381.2121432
Dropping frame 1403715381.3121431
Dropping frame 1403715381.5121431
Dropping frame 1403715381.612143
Dropping frame 1403715381.7121432
Dropping frame 1403715381.912143
Dropping frame 1403715382.112143
Dropping frame 1403715382.3121431
Dropping frame 1403715382.5121431
Dropping frame 1403715382.7121432
Dropping frame 1403715382.8121431
Dropping frame 1403715382.912143
Dropping frame 1403715383.112143
Dropping frame 1403715383.2121432
Dropping frame 1403715383.412143
Dropping frame 1403715383.612143
Dropping frame 1403715383.7121432
Dropping frame 1403715383.8121431
Dropping frame 1403715384.0121431
Dropping frame 1403715384.3121431
Dropping frame 1403715384.4621429
Dropping frame 1403715384.662143
Dropping frame 1403715384.862143
Dropping frame 1403715385.0621431
Dropping frame 1403715385.162143
Dropping frame 1403715385.2621429
Dropping frame 1403715385.4621429
Dropping frame 1403715385.662143
Dropping frame 1403715385.862143
Dropping frame 1403715385.9621429
Dropping frame 1403715386.0621431
Dropping frame 1403715386.2621429
Dropping frame 1403715386.4621429
Dropping frame 1403715386.662143
Dropping frame 1403715386.9621429
Dropping frame 1403715387.162143
Dropping frame 1403715387.2621429
Dropping frame 1403715387.362143
Dropping frame 1403715387.5621431
Dropping frame 1403715387.862143
Dropping frame 1403715388.4621429
Dropping frame 1403715388.662143
Dropping frame 1403715388.862143
Dropping frame 1403715388.9621429
Dropping frame 1403715389.2121432
Dropping frame 1403715389.412143
Dropping frame 1403715389.5121431
Dropping frame 1403715389.612143
Dropping frame 1403715389.7121432
Dropping frame 1403715390.112143
Dropping frame 1403715390.2121432
Dropping frame 1403715390.412143
Dropping frame 1403715390.612143
Dropping frame 1403715390.8121431
Dropping frame 1403715390.912143
Dropping frame 1403715391.0121431
Dropping frame 1403715391.112143
Dropping frame 1403715391.3121431
Dropping frame 1403715391.5121431
Dropping frame 1403715391.612143
Dropping frame 1403715391.8121431
Dropping frame 1403715391.912143
Dropping frame 1403715392.0121431
Dropping frame 1403715392.2621429
Dropping frame 1403715392.4621429
Dropping frame 1403715392.5621431
Dropping frame 1403715392.8121431
Dropping frame 1403715393.0121431
Dropping frame 1403715393.2121432
Dropping frame 1403715393.3121431
Dropping frame 1403715393.412143
Dropping frame 1403715393.612143
Dropping frame 1403715393.7121432
Dropping frame 1403715393.8121431
Dropping frame 1403715394.0121431
Dropping frame 1403715394.112143
Dropping frame 1403715394.2121432
Dropping frame 1403715394.412143
Dropping frame 1403715394.612143
Dropping frame 1403715394.8121431
Dropping frame 1403715394.912143
Dropping frame 1403715395.0121431
Dropping frame 1403715395.2121432
Dropping frame 1403715395.3121431
Dropping frame 1403715395.412143
Dropping frame 1403715395.612143
Dropping frame 1403715395.8121431
Dropping frame 1403715395.912143
Dropping frame 1403715396.0121431
Dropping frame 1403715396.112143
Dropping frame 1403715396.2121432
Dropping frame 1403715396.412143
Dropping frame 1403715396.612143
Dropping frame 1403715396.8121431
Dropping frame 1403715396.912143
Dropping frame 1403715397.0121431
Dropping frame 1403715397.2121432
Dropping frame 1403715397.412143
Dropping frame 1403715397.612143
Dropping frame 1403715397.7121432
Dropping frame 1403715397.9621429
Dropping frame 1403715398.0621431
Dropping frame 1403715398.162143
Dropping frame 1403715398.362143
Dropping frame 1403715398.5621431
Dropping frame 1403715398.662143
Dropping frame 1403715398.7621429
Dropping frame 1403715398.862143
Dropping frame 1403715398.9621429
Dropping frame 1403715399.162143
Dropping frame 1403715399.362143
Dropping frame 1403715399.4621429
Dropping frame 1403715399.5621431
Dropping frame 1403715399.662143
Dropping frame 1403715399.7621429
Dropping frame 1403715399.9621429
Dropping frame 1403715400.112143
Dropping frame 1403715400.2121432
Dropping frame 1403715400.412143
Dropping frame 1403715400.7621429
Dropping frame 1403715400.862143
Dropping frame 1403715401.112143
Dropping frame 1403715401.2121432
Dropping frame 1403715401.412143
Dropping frame 1403715401.5621431
Dropping frame 1403715401.7621429
Dropping frame 1403715401.862143
Dropping frame 1403715401.9621429
Dropping frame 1403715402.162143
Dropping frame 1403715402.2621429
Dropping frame 1403715402.362143
Dropping frame 1403715402.5621431
Dropping frame 1403715402.7621429
Dropping frame 1403715402.862143
Dropping frame 1403715402.9621429
Dropping frame 1403715403.2121432
Dropping frame 1403715403.412143
Dropping frame 1403715403.5121431
Dropping frame 1403715403.612143
Dropping frame 1403715403.7121432
Dropping frame 1403715403.912143
Dropping frame 1403715404.0121431
Dropping frame 1403715404.112143
Dropping frame 1403715404.3121431
Dropping frame 1403715404.412143
Dropping frame 1403715404.5121431
Dropping frame 1403715404.7121432
Dropping frame 1403715404.8121431
Dropping frame 1403715404.912143
Dropping frame 1403715405.112143
Dropping frame 1403715405.3121431
Dropping frame 1403715405.412143
Dropping frame 1403715405.5121431
Dropping frame 1403715405.612143
Dropping frame 1403715405.7121432
Dropping frame 1403715405.8121431
Dropping frame 1403715406.112143
Dropping frame 1403715406.3121431
Dropping frame 1403715406.412143
Dropping frame 1403715406.5121431
Dropping frame 1403715406.612143
Dropping frame 1403715406.7121432
Dropping frame 1403715407.0121431
Dropping frame 1403715407.112143
Dropping frame 1403715407.412143
Dropping frame 1403715407.612143
Dropping frame 1403715407.8121431
Dropping frame 1403715407.9621429
Dropping frame 1403715408.0621431
Dropping frame 1403715408.2621429
Dropping frame 1403715408.5621431
Dropping frame 1403715408.662143
Dropping frame 1403715408.912143
Dropping frame 1403715409.112143
Dropping frame 1403715409.2121432
Dropping frame 1403715409.5121431
Dropping frame 1403715409.612143
Dropping frame 1403715409.7121432
Dropping frame 1403715409.912143
Dropping frame 1403715410.0121431
Dropping frame 1403715410.2121432
Dropping frame 1403715410.412143
Dropping frame 1403715410.5121431
Dropping frame 1403715410.612143
Dropping frame 1403715410.8121431
Dropping frame 1403715410.912143
Dropping frame 1403715411.112143
Dropping frame 1403715411.2121432
Dropping frame 1403715411.3121431
Dropping frame 1403715411.5621431
Dropping frame 1403715411.7621429
Dropping frame 1403715412.0621431
Dropping frame 1403715412.2621429
Dropping frame 1403715412.362143
Dropping frame 1403715412.4621429
Dropping frame 1403715412.662143
Dropping frame 1403715412.7621429
Dropping frame 1403715412.9621429
Dropping frame 1403715413.0621431
Dropping frame 1403715413.162143
Dropping frame 1403715413.2621429
Dropping frame 1403715413.362143
Dropping frame 1403715413.4621429
Dropping frame 1403715413.662143
Dropping frame 1403715413.7621429
Dropping frame 1403715413.862143
Dropping frame 1403715414.162143
Dropping frame 1403715414.2621429
Dropping frame 1403715414.362143
Dropping frame 1403715414.5621431
Dropping frame 1403715414.662143
Dropping frame 1403715414.7621429
Dropping frame 1403715414.9621429
Dropping frame 1403715415.0621431
Dropping frame 1403715415.2621429
Dropping frame 1403715415.4621429
Dropping frame 1403715415.5621431
Dropping frame 1403715415.662143
Dropping frame 1403715415.862143
Dropping frame 1403715416.0621431
Dropping frame 1403715416.162143
Dropping frame 1403715416.2621429
Dropping frame 1403715416.5121431
Dropping frame 1403715416.7121432
Dropping frame 1403715416.8121431
Dropping frame 1403715416.912143
Dropping frame 1403715417.0121431
Dropping frame 1403715417.2121432
Dropping frame 1403715417.3121431
Dropping frame 1403715417.412143
Dropping frame 1403715417.612143
Dropping frame 1403715417.7121432
Dropping frame 1403715417.8121431
Dropping frame 1403715418.0121431
Dropping frame 1403715418.112143
Dropping frame 1403715418.3121431
Shutdown
SLAM Finished at System Time: 1747066469.48972

 TIME STATS in ms (mean$\pm$std)
OpenCV version: 4.8.1
---------------------------
Tracking

ORB Extraction: 18.325$\pm$2.0029
Stereo Matching: 8.5293$\pm$2.276
IMU Preintegration: 0.23648$\pm$0.076756
Pose Prediction: 0.3308$\pm$1.2378
LM Track: 21.677$\pm$4.2932
New KF decision: 1.7081$\pm$3.232
Total Tracking: 30.095$\pm$27.904



Local Mapping

KF Insertion: 16.704$\pm$4.7492
MP Culling: 0.76004$\pm$0.22319
MP Creation: 53.189$\pm$15.381
LBA: 184.48$\pm$44.72
KF Culling: 22.554$\pm$11.176
Total Local Mapping: 277.95$\pm$62.873
---------------------------

LBA complexity (mean$\pm$std)
LBA Edges: 3754.8$\pm$1301.6
LBA KF optimized: 6.5$\pm$2.2913
LBA KF fixed: 1$\pm$0
LBA MP: nan$\pm$nan

LBA executions: 378
LBA aborts: 0
---------------------------

Map complexity
KFs in map: 110
MPs in map: 8674
---------------------------

Place Recognition (mean$\pm$std)
Database Query: 1.4247$\pm$0.6982
SE3 estimation: 12.624$\pm$14.277
Total Place Recognition: 12.849$\pm$14.536


Loop Closing (mean$\pm$std)
Loop Fusion: nan$\pm$nan
Essential Graph: nan$\pm$nan
Total Loop Closing: nan$\pm$nan

Num exec: 0
Number of KFs: nan$\pm$nan

Map Merging (mean$\pm$std)
Merge Maps: nan$\pm$nan
Welding BA: nan$\pm$nan
Optimization Ess.: nan$\pm$nan
Total Map Merging: nan$\pm$nan

Num exec: 0
Number of KFs: nan$\pm$nan
Number of MPs: nan$\pm$nan

Full GBA (mean$\pm$std)
GBA: nan$\pm$nan
Map Update: nan$\pm$nan
Total Full GBA: nan$\pm$nan

Num exec: 0
Num abort: 0
Number of KFs: nan$\pm$nan
Number of MPs: nan$\pm$nan

Saving trajectory to f_dataset-V101_stereo_imu.txt ...
There are 1 maps in the atlas
  Map 0 has 110 KFs

End of saving trajectory to f_dataset-V101_stereo_imu.txt ...

Saving keyframe trajectory to kf_dataset-V101_stereo_imu.txt ...
