num_seq = 1
file name: dataset-V103_stereo_imu
Loading images for sequence 0...LOADED!
Loading IMU for sequence 0...LOADED!

-------

ORB-SLAM3 Copyright (C) 2017-2020 Carlos Campos, Richard Elvira, Juan J. Gómez, José M.M. Montiel and Juan D. Tardós, University of Zaragoza.
ORB-SLAM2 Copyright (C) 2014-2016 Raúl Mur-Artal, José M.M. Montiel and Juan D. Tardós, University of Zaragoza.
This program comes with ABSOLUTELY NO WARRANTY;
This is free software, and you are welcome to redistribute it
under certain conditions. See LICENSE.txt.

Built with REGISTER_TIMES
Git Commit Hash: 33f00b6

Build Type: Release

Compiled with C++ version: 201703

Input sensor was set to: Stereo-Inertial
Loading settings from EuRoC_fov_deadlines_mask_8x8.yaml
	-Loaded camera 1
	-Loaded camera 2
	-Loaded image info
	-Loaded IMU calibration
	-Loaded ORB settings
	-Loaded viewer settings
	-Loaded Atlas settings
Deadlines enabled, will skip frames!
FOV enabled
Static mask size: 8x8
Dumping map points enabled
	-Loaded misc parameters
	-Computed rectification maps
----------------------------------
SLAM settings: 
	-Camera 1 parameters (Pinhole): [ 458.65399169921875 457.29598999023438 367.21499633789062 248.375 ]
	-Camera 1 distortion parameters: [  -0.28340810537338257 0.073959067463874817 0.00019359000725671649 1.7618711353861727e-05 ]
	-Camera 2 parameters (Pinhole: [ 457.58700561523438 456.13400268554688 379.99899291992188 255.23800659179688 ]
	-Camera 1 distortion parameters: [  -0.2836836576461792 0.074512839317321777 -0.00010473000293131918 -3.555907096597366e-05 ]
	-Original image size: [ 752 , 480 ]
	-Current image size: [ 752 , 480 ]
	-Camera 1 parameters after rectification: [  456.71499633789062 456.71499633789062 364.52615356445312 257.268798828125 ]
	-Sequence FPS: 20
	-Stereo baseline: 0.11007784307003021
	-Stereo depth threshold : 60
	-Gyro noise: 0.00016999999934341758
	-Accelerometer noise: 0.0020000000949949026
	-Gyro walk: 1.9392999092815444e-05
	-Accelerometer walk: 0.0030000000260770321
	-IMU frequency: 200
	-Features per image: 1200
	-ORB scale factor: 1.2000000476837158
	-ORB number of scales: 8
	-Initial FAST threshold: 20
	-Min FAST threshold: 7


Loading ORB Vocabulary. This could take a while...
Vocabulary loaded!

Initialization of Atlas from scratch 
Creation of new map with id: 0
Creation of new map with last KF id: 0
Seq. Name: 
There are 1 cameras in the atlas
Camera 0 is pinhole
SLAM Started at System Time: 1747051313.75775
not IMU meas
not IMU meas
not enough acceleration
not enough acceleration
not enough acceleration
not enough acceleration
not enough acceleration
not enough acceleration
not enough acceleration
not enough acceleration
not enough acceleration
not enough acceleration
not enough acceleration
not enough acceleration
not enough acceleration
not enough acceleration
not enough acceleration
not enough acceleration
not enough acceleration
not enough acceleration
not enough acceleration
not enough acceleration
not enough acceleration
not enough acceleration
not enough acceleration
not enough acceleration
not enough acceleration
not enough acceleration
not enough acceleration
not enough acceleration
not enough acceleration
not enough acceleration
not enough acceleration
not enough acceleration
not enough acceleration
not enough acceleration
not enough acceleration
not enough acceleration
not enough acceleration
not enough acceleration
not enough acceleration
not enough acceleration
not enough acceleration
not enough acceleration
not enough acceleration
not enough acceleration
not enough acceleration
not enough acceleration
not enough acceleration
not enough acceleration
not enough acceleration
not enough acceleration
not enough acceleration
not enough acceleration
not enough acceleration
not enough acceleration
not enough acceleration
not enough acceleration
not enough acceleration
not enough acceleration
not enough acceleration
not enough acceleration
not enough acceleration
not enough acceleration
not enough acceleration
not enough acceleration
not enough acceleration
not enough acceleration
not enough acceleration
not enough acceleration
not enough acceleration
not enough acceleration
not enough acceleration
not enough acceleration
not enough acceleration
not enough acceleration
not enough acceleration
not enough acceleration
not enough acceleration
not enough acceleration
not enough acceleration
not enough acceleration
not enough acceleration
not enough acceleration
not enough acceleration
not enough acceleration
not enough acceleration
not enough acceleration
not enough acceleration
not enough acceleration
not enough acceleration
not enough acceleration
not enough acceleration
not enough acceleration
not enough acceleration
not enough acceleration
not enough acceleration
not enough acceleration
not enough acceleration
not enough acceleration
not enough acceleration
not enough acceleration
not enough acceleration
not enough acceleration
not enough acceleration
not enough acceleration
not enough acceleration
not enough acceleration
not enough acceleration
not enough acceleration
not enough acceleration
not enough acceleration
not enough acceleration
not enough acceleration
not enough acceleration
not enough acceleration
not enough acceleration
not enough acceleration
not enough acceleration
not enough acceleration
not enough acceleration
not enough acceleration
not enough acceleration
not enough acceleration
not enough acceleration
not enough acceleration
not enough acceleration
not enough acceleration
not enough acceleration
not enough acceleration
not enough acceleration
not enough acceleration
not enough acceleration
not enough acceleration
not enough acceleration
not enough acceleration
First KF:0; Map init KF:0
New Map created with 235 points
Active map: 0
Dropping frame 1403715893.6840582
Dropping frame 1403715893.884058
Dropping frame 1403715894.1840582
Dropping frame 1403715894.584058
Dropping frame 1403715894.884058
Dropping frame 1403715895.134058
Dropping frame 1403715895.2340579
Dropping frame 1403715895.384058
Dropping frame 1403715895.4840581
Dropping frame 1403715895.6840582
Dropping frame 1403715895.7840581
Dropping frame 1403715895.884058
Dropping frame 1403715895.9840581
Dropping frame 1403715896.1840582
Dropping frame 1403715896.384058
Dropping frame 1403715896.4840581
Dropping frame 1403715896.6840582
Dropping frame 1403715896.884058
Dropping frame 1403715896.9840581
Dropping frame 1403715897.2340579
Dropping frame 1403715897.434058
Dropping frame 1403715897.7840581
start VIBA 1
end VIBA 1
Dropping frame 1403715899.1840582
Dropping frame 1403715899.4840581
Dropping frame 1403715899.7840581
Dropping frame 1403715899.884058
Dropping frame 1403715900.0340581
Dropping frame 1403715900.334058
Dropping frame 1403715901.2840581
Dropping frame 1403715901.7340579
Dropping frame 1403715901.934058
Dropping frame 1403715902.084058
Dropping frame 1403715902.434058
Dropping frame 1403715902.5340581
Dropping frame 1403715902.834058
Dropping frame 1403715903.0340581
Dropping frame 1403715903.134058
Dropping frame 1403715905.2840581
Dropping frame 1403715905.6840582
Dropping frame 1403715906.884058
Dropping frame 1403715907.2840581
Dropping frame 1403715907.634058
Dropping frame 1403715907.834058
Dropping frame 1403715908.134058
Dropping frame 1403715908.2340579
start VIBA 2
end VIBA 2
Dropping frame 1403715909.6840582
*Loop detected
phi =  -0.0093559924278006044 -0.00093789891800938189  -0.0066847476949394337
BAD LOOP!!!
*Loop detected
phi =  0.034769502836498635 -0.033117318301872596 -0.079963292050623913
BAD LOOP!!!
Dropping frame 1403715911.2840581
Dropping frame 1403715911.634058
Dropping frame 1403715912.084058
Dropping frame 1403715912.634058
Dropping frame 1403715913.134058
Dropping frame 1403715913.4840581
Dropping frame 1403715913.9840581
*Loop detected
phi = 0.0014169492050355762 -0.012800769946241304 -0.047962308653530898
BAD LOOP!!!
Dropping frame 1403715914.5340581
*Loop detected
phi =  0.0059812019990296188 2.4150784447854514e-05   -0.08500252732740865
Local Mapping STOP
Local Mapping RELEASE
Dropping frame 1403715914.884058
Local Mapping STOP
Local Mapping RELEASE
Dropping frame 1403715915.5340581
Dropping frame 1403715918.9840581
Dropping frame 1403715919.384058
Dropping frame 1403715919.7840581
Dropping frame 1403715920.934058
Dropping frame 1403715924.6840582
Dropping frame 1403715924.9840581
Dropping frame 1403715925.1840582
Dropping frame 1403715925.384058
Dropping frame 1403715925.584058
Dropping frame 1403715925.7840581
Dropping frame 1403715926.134058
Dropping frame 1403715926.584058
Dropping frame 1403715931.584058
Dropping frame 1403715931.884058
Dropping frame 1403715931.9840581
Dropping frame 1403715932.2340579
Dropping frame 1403715932.5340581
Dropping frame 1403715933.584058
Dropping frame 1403715933.7840581
Dropping frame 1403715933.884058
Dropping frame 1403715934.134058
Dropping frame 1403715934.334058
Dropping frame 1403715934.434058
Dropping frame 1403715934.6840582
Dropping frame 1403715934.7840581
Dropping frame 1403715934.9840581
Dropping frame 1403715935.434058
Dropping frame 1403715935.6840582
Dropping frame 1403715937.134058
Dropping frame 1403715937.6840582
Dropping frame 1403715938.084058
Dropping frame 1403715938.584058
Dropping frame 1403715938.6840582
Dropping frame 1403715939.1840582
Dropping frame 1403715939.2840581
Dropping frame 1403715939.384058
Dropping frame 1403715939.7340579
Dropping frame 1403715940.134058
Dropping frame 1403715940.334058
Dropping frame 1403715942.134058
Dropping frame 1403715942.2340579
Dropping frame 1403715942.4840581
Dropping frame 1403715942.6840582
Dropping frame 1403715946.434058
Dropping frame 1403715946.5340581
Dropping frame 1403715946.6840582
Dropping frame 1403715947.1840582
Dropping frame 1403715947.2840581
Dropping frame 1403715947.5340581
Dropping frame 1403715947.7840581
Dropping frame 1403715947.884058
Dropping frame 1403715948.084058
Dropping frame 1403715948.1840582
Dropping frame 1403715948.2840581
Dropping frame 1403715948.584058
Dropping frame 1403715948.7840581
Dropping frame 1403715948.934058
Dropping frame 1403715949.0340581
Dropping frame 1403715949.2840581
Dropping frame 1403715949.384058
Dropping frame 1403715949.584058
Dropping frame 1403715949.7840581
Dropping frame 1403715949.9840581
Dropping frame 1403715950.084058
Dropping frame 1403715950.334058
Dropping frame 1403715950.9840581
Dropping frame 1403715951.084058
Dropping frame 1403715951.384058
Dropping frame 1403715951.4840581
Dropping frame 1403715951.7340579
Dropping frame 1403715952.0340581
Dropping frame 1403715953.5340581
Dropping frame 1403715953.6840582
Dropping frame 1403715953.934058
Dropping frame 1403715954.0340581
Dropping frame 1403715954.2840581
Dropping frame 1403715954.384058
Dropping frame 1403715954.4840581
Dropping frame 1403715954.7340579
Dropping frame 1403715954.834058
Dropping frame 1403715955.0340581
Dropping frame 1403715955.334058
Dropping frame 1403715955.934058
Dropping frame 1403715956.2340579
Dropping frame 1403715956.334058
Dropping frame 1403715956.584058
Dropping frame 1403715956.884058
Dropping frame 1403715957.1840582
Dropping frame 1403715958.334058
Dropping frame 1403715958.434058
Dropping frame 1403715958.834058
Dropping frame 1403715959.2840581
Dropping frame 1403715960.2840581
Dropping frame 1403715960.634058
Dropping frame 1403715960.834058
Dropping frame 1403715961.134058
Dropping frame 1403715961.334058
Dropping frame 1403715961.5340581
Dropping frame 1403715961.634058
Dropping frame 1403715961.7340579
Dropping frame 1403715961.834058
Dropping frame 1403715961.934058
Dropping frame 1403715962.134058
Dropping frame 1403715962.2840581
Dropping frame 1403715962.4840581
Dropping frame 1403715962.7340579
Dropping frame 1403715962.934058
Dropping frame 1403715963.4840581
Dropping frame 1403715963.584058
Dropping frame 1403715963.834058
Dropping frame 1403715963.934058
Dropping frame 1403715964.134058
Dropping frame 1403715964.2340579
Dropping frame 1403715964.334058
Dropping frame 1403715964.5340581
Dropping frame 1403715964.7340579
Dropping frame 1403715965.084058
Dropping frame 1403715965.1840582
Dropping frame 1403715966.384058
Dropping frame 1403715966.584058
Dropping frame 1403715966.6840582
Dropping frame 1403715966.9840581
Dropping frame 1403715967.084058
Dropping frame 1403715967.434058
Dropping frame 1403715969.2840581
Dropping frame 1403715969.584058
Dropping frame 1403715970.2340579
Dropping frame 1403715970.884058
Dropping frame 1403715971.1840582
Dropping frame 1403715971.634058
Dropping frame 1403715972.634058
Dropping frame 1403715972.834058
Dropping frame 1403715973.2340579
Dropping frame 1403715973.334058
Dropping frame 1403715973.634058
Dropping frame 1403715973.7340579
Dropping frame 1403715974.084058
Dropping frame 1403715974.7840581
Dropping frame 1403715975.0340581
Dropping frame 1403715975.434058
Dropping frame 1403715975.634058
Dropping frame 1403715975.7340579
Dropping frame 1403715976.0340581
Dropping frame 1403715976.834058
Dropping frame 1403715977.084058
Dropping frame 1403715977.334058
Dropping frame 1403715977.6840582
Dropping frame 1403715977.9840581
Dropping frame 1403715978.4840581
Dropping frame 1403715979.084058
Dropping frame 1403715979.1840582
Dropping frame 1403715981.5340581
Dropping frame 1403715981.834058
Dropping frame 1403715982.2340579
Dropping frame 1403715982.434058
Dropping frame 1403715982.5340581
Dropping frame 1403715982.634058
Dropping frame 1403715982.7340579
Dropping frame 1403715982.934058
Dropping frame 1403715983.134058
Dropping frame 1403715983.2340579
Dropping frame 1403715983.334058
Dropping frame 1403715983.5340581
Dropping frame 1403715983.884058
Dropping frame 1403715983.9840581
Dropping frame 1403715984.2340579
Dropping frame 1403715985.084058
Dropping frame 1403715985.1840582
Dropping frame 1403715985.434058
Dropping frame 1403715985.6840582
Dropping frame 1403715986.134058
Dropping frame 1403715986.584058
Dropping frame 1403715986.6840582
Dropping frame 1403715987.084058
Dropping frame 1403715987.1840582
Dropping frame 1403715987.5340581
Dropping frame 1403715987.7340579
Dropping frame 1403715987.884058
Dropping frame 1403715987.9840581
Dropping frame 1403715988.084058
Dropping frame 1403715988.384058
Dropping frame 1403715989.0340581
Dropping frame 1403715989.584058
Dropping frame 1403715990.384058
Dropping frame 1403715990.4840581
Dropping frame 1403715990.6840582
Dropping frame 1403715990.884058
Dropping frame 1403715990.9840581
Dropping frame 1403715991.134058
Dropping frame 1403715991.2340579
Dropping frame 1403715991.334058
Dropping frame 1403715991.434058
Dropping frame 1403715991.884058
Dropping frame 1403715992.0340581
Dropping frame 1403715992.6840582
Dropping frame 1403715992.7840581
Dropping frame 1403715992.884058
Dropping frame 1403715993.1840582
Dropping frame 1403715993.2840581
Dropping frame 1403715993.384058
Dropping frame 1403715993.5340581
Dropping frame 1403715993.7340579
Dropping frame 1403715993.934058
Shutdown
SLAM Finished at System Time: 1747051438.30015

 TIME STATS in ms (mean$\pm$std)
OpenCV version: 4.8.1
---------------------------
Tracking

ORB Extraction: 15.039$\pm$2.2838
Stereo Matching: 6.8181$\pm$2.1988
IMU Preintegration: 0.1974$\pm$0.06881
Pose Prediction: 0.27758$\pm$1.164
LM Track: 15.452$\pm$3.9015
New KF decision: 1.9686$\pm$3.3305
Total Tracking: 33.87$\pm$19.298



Local Mapping

KF Insertion: 9.6889$\pm$4.1868
MP Culling: 0.59749$\pm$0.27877
MP Creation: 34.823$\pm$15.336
LBA: 113.56$\pm$39.037
KF Culling: 11.014$\pm$6.8585
Total Local Mapping: 169.84$\pm$58.528
---------------------------

LBA complexity (mean$\pm$std)
LBA Edges: 3585$\pm$1103.8
LBA KF optimized: 6.5$\pm$2.2913
LBA KF fixed: 1$\pm$0
LBA MP: nan$\pm$nan

LBA executions: 463
LBA aborts: 0
---------------------------

Map complexity
KFs in map: 153
MPs in map: 9227
---------------------------

Place Recognition (mean$\pm$std)
Database Query: 1.1746$\pm$0.66224
SE3 estimation: 12.381$\pm$10.619
Total Place Recognition: 11.722$\pm$11.252


Loop Closing (mean$\pm$std)
Loop Fusion: 21.786$\pm$0
Essential Graph: 32.603$\pm$0
Total Loop Closing: 68.231$\pm$0

Num exec: 1
Number of KFs: nan$\pm$nan

Map Merging (mean$\pm$std)
Merge Maps: nan$\pm$nan
Welding BA: nan$\pm$nan
Optimization Ess.: nan$\pm$nan
Total Map Merging: nan$\pm$nan

Num exec: 0
Number of KFs: nan$\pm$nan
Number of MPs: nan$\pm$nan

Full GBA (mean$\pm$std)
GBA: 383.31$\pm$0
Map Update: 5.9655$\pm$0
Total Full GBA: 389.27$\pm$0

Num exec: 1
Num abort: 0
Number of KFs: 70$\pm$0
Number of MPs: 5981$\pm$0

Saving trajectory to f_dataset-V103_stereo_imu.txt ...
There are 1 maps in the atlas
  Map 0 has 153 KFs

End of saving trajectory to f_dataset-V103_stereo_imu.txt ...

Saving keyframe trajectory to kf_dataset-V103_stereo_imu.txt ...
