num_seq = 1
file name: dataset-MH03_stereo_imu
Loading images for sequence 0...LOADED!
Loading IMU for sequence 0...LOADED!

-------

ORB-SLAM3 Copyright (C) 2017-2020 Carlos Campos, Richard Elvira, Juan J. Gómez, José M.M. Montiel and Juan D. Tardós, University of Zaragoza.
ORB-SLAM2 Copyright (C) 2014-2016 Raúl Mur-Artal, José M.M. Montiel and Juan D. Tardós, University of Zaragoza.
This program comes with ABSOLUTELY NO WARRANTY;
This is free software, and you are welcome to redistribute it
under certain conditions. See LICENSE.txt.

Built with REGISTER_TIMES
Git Commit Hash: 2d47524

Build Type: Release

Compiled with C++ version: 201703

Input sensor was set to: Stereo-Inertial
Loading settings from EuRoC_fov_deadlines_mask_5x5.yaml
	-Loaded camera 1
	-Loaded camera 2
	-Loaded image info
	-Loaded IMU calibration
	-Loaded ORB settings
	-Loaded viewer settings
	-Loaded Atlas settings
Deadlines enabled, will skip frames!
FOV enabled
Static mask size: 5x5
Dumping map points enabled
	-Loaded misc parameters
	-Computed rectification maps
----------------------------------
SLAM settings: 
	-Camera 1 parameters (Pinhole): [ 458.65399169921875 457.29598999023438 367.21499633789062 248.375 ]
	-Camera 1 distortion parameters: [  -0.28340810537338257 0.073959067463874817 0.00019359000725671649 1.7618711353861727e-05 ]
	-Camera 2 parameters (Pinhole: [ 457.58700561523438 456.13400268554688 379.99899291992188 255.23800659179688 ]
	-Camera 1 distortion parameters: [  -0.2836836576461792 0.074512839317321777 -0.00010473000293131918 -3.555907096597366e-05 ]
	-Original image size: [ 752 , 480 ]
	-Current image size: [ 752 , 480 ]
	-Camera 1 parameters after rectification: [  456.71499633789062 456.71499633789062 364.52615356445312 257.268798828125 ]
	-Sequence FPS: 20
	-Stereo baseline: 0.11007784307003021
	-Stereo depth threshold : 60
	-Gyro noise: 0.00016999999934341758
	-Accelerometer noise: 0.0020000000949949026
	-Gyro walk: 1.9392999092815444e-05
	-Accelerometer walk: 0.0030000000260770321
	-IMU frequency: 200
	-Features per image: 1200
	-ORB scale factor: 1.2000000476837158
	-ORB number of scales: 8
	-Initial FAST threshold: 20
	-Min FAST threshold: 7


Loading ORB Vocabulary. This could take a while...
Vocabulary loaded!

Initialization of Atlas from scratch 
Creation of new map with id: 0
Creation of new map with last KF id: 0
Seq. Name: 
There are 1 cameras in the atlas
Camera 0 is pinhole
SLAM Started at System Time: 1740762749.09718
not IMU meas
not IMU meas
not enough acceleration
not enough acceleration
First KF:0; Map init KF:0
New Map created with 157 points
Active map: 0
Not enough motion for initializing. Reseting...
TRACK: Reset map because local mapper set the bad imu flag 
LM: Reseting current map in Local Mapping...
LM: End reseting Local Mapping...
LM: Reset free the mutex
LM: Active map reset recieved
LM: Active map reset, waiting...
LM: Reseting current map in Local Mapping...
LM: End reseting Local Mapping...
LM: Reset free the mutex
LM: Active map reset, Done!!!
mnFirstFrameId = 4
mnInitialFrameId = 0
51 Frames set to lost
not IMU meas
not enough acceleration
First KF:11; Map init KF:0
New Map created with 208 points
Active map: 0
Dropping frame 1403637134.388319
Dropping frame 1403637134.5883191
Dropping frame 1403637134.888319
Dropping frame 1403637134.9883189
Dropping frame 1403637135.9883189
Dropping frame 1403637136.3383191
Dropping frame 1403637136.638319
Dropping frame 1403637136.7383192
Dropping frame 1403637137.7883189
start VIBA 1
end VIBA 1
Dropping frame 1403637139.3383191
Dropping frame 1403637139.4883189
Dropping frame 1403637139.638319
Not enough motion for initializing. Reseting...
TRACK: Reset map because local mapper set the bad imu flag 
LM: Active map reset recieved
LM: Active map reset, waiting...
LM: Reseting current map in Local Mapping...
LM: End reseting Local Mapping...
LM: Reset free the mutex
LM: Active map reset, Done!!!
mnFirstFrameId = 58
mnInitialFrameId = 55
174 Frames set to lost
not IMU meas
not enough acceleration
First KF:43; Map init KF:11
New Map created with 163 points
Active map: 0
Dropping frame 1403637141.4883189
Not enough motion for initializing. Reseting...
TRACK: Reset map because local mapper set the bad imu flag 
LM: Reseting current map in Local Mapping...
LM: End reseting Local Mapping...
LM: Reset free the mutex
LM: Active map reset recieved
LM: Active map reset, waiting...
LM: Reseting current map in Local Mapping...
LM: End reseting Local Mapping...
LM: Reset free the mutex
LM: Active map reset, Done!!!
mnFirstFrameId = 184
mnInitialFrameId = 181
229 Frames set to lost
not IMU meas
not enough acceleration
not enough acceleration
not enough acceleration
not enough acceleration
not enough acceleration
not enough acceleration
not enough acceleration
not enough acceleration
not enough acceleration
not enough acceleration
not enough acceleration
not enough acceleration
not enough acceleration
not enough acceleration
not enough acceleration
not enough acceleration
not enough acceleration
not enough acceleration
not enough acceleration
not enough acceleration
not enough acceleration
not enough acceleration
not enough acceleration
not enough acceleration
not enough acceleration
not enough acceleration
not enough acceleration
not enough acceleration
First KF:54; Map init KF:43
New Map created with 160 points
Active map: 0
Not enough motion for initializing. Reseting...
TRACK: Reset map because local mapper set the bad imu flag 
LM: Reseting current map in Local Mapping...
LM: End reseting Local Mapping...
LM: Reset free the mutex
LM: Active map reset recieved
LM: Active map reset, waiting...
LM: Reseting current map in Local Mapping...
LM: End reseting Local Mapping...
LM: Reset free the mutex
LM: Active map reset, Done!!!
mnFirstFrameId = 269
mnInitialFrameId = 239
285 Frames set to lost
not IMU meas
not enough acceleration
not enough acceleration
not enough acceleration
not enough acceleration
not enough acceleration
not enough acceleration
not enough acceleration
not enough acceleration
not enough acceleration
not enough acceleration
not enough acceleration
not enough acceleration
not enough acceleration
not enough acceleration
not enough acceleration
not enough acceleration
not enough acceleration
not enough acceleration
not enough acceleration
not enough acceleration
not enough acceleration
not enough acceleration
not enough acceleration
not enough acceleration
not enough acceleration
not enough acceleration
not enough acceleration
not enough acceleration
not enough acceleration
not enough acceleration
not enough acceleration
not enough acceleration
not enough acceleration
not enough acceleration
not enough acceleration
not enough acceleration
not enough acceleration
not enough acceleration
not enough acceleration
not enough acceleration
not enough acceleration
not enough acceleration
not enough acceleration
not enough acceleration
First KF:65; Map init KF:54
New Map created with 133 points
Active map: 0
Dropping frame 1403637152.4383192
Dropping frame 1403637152.7883189
Dropping frame 1403637153.0383191
Dropping frame 1403637153.5883191
Dropping frame 1403637153.888319
Dropping frame 1403637154.138319
Dropping frame 1403637154.2383192
Dropping frame 1403637154.638319
Dropping frame 1403637154.7883189
start VIBA 1
Dropping frame 1403637155.0383191
end VIBA 1
Dropping frame 1403637155.3383191
Dropping frame 1403637155.7383192
Dropping frame 1403637155.9883189
Dropping frame 1403637156.2883189
Dropping frame 1403637156.5383191
Dropping frame 1403637156.7383192
Dropping frame 1403637156.8383191
Dropping frame 1403637156.9383192
Dropping frame 1403637157.3383191
Dropping frame 1403637157.4383192
Dropping frame 1403637157.638319
Dropping frame 1403637157.9883189
Dropping frame 1403637158.0883191
Dropping frame 1403637158.188319
Dropping frame 1403637158.2883189
Dropping frame 1403637158.5383191
Dropping frame 1403637158.638319
Dropping frame 1403637158.7383192
Dropping frame 1403637159.188319
Dropping frame 1403637159.4883189
Dropping frame 1403637159.888319
Dropping frame 1403637159.9883189
Dropping frame 1403637160.688319
Dropping frame 1403637160.888319
Dropping frame 1403637161.138319
Dropping frame 1403637161.4383192
Dropping frame 1403637161.638319
Dropping frame 1403637161.7383192
Dropping frame 1403637161.9883189
Dropping frame 1403637162.0883191
Dropping frame 1403637162.2383192
Dropping frame 1403637162.3383191
Dropping frame 1403637162.5883191
Dropping frame 1403637162.9383192
Dropping frame 1403637163.4383192
Dropping frame 1403637163.7883189
Dropping frame 1403637164.3383191
Dropping frame 1403637164.7383192
start VIBA 2
end VIBA 2
Dropping frame 1403637165.388319
Dropping frame 1403637166.188319
Dropping frame 1403637166.5383191
Dropping frame 1403637166.8383191
Dropping frame 1403637166.9383192
Dropping frame 1403637167.2883189
Dropping frame 1403637167.4383192
Dropping frame 1403637167.638319
Dropping frame 1403637167.8383191
Dropping frame 1403637167.9383192
Dropping frame 1403637168.2383192
Dropping frame 1403637168.638319
Dropping frame 1403637168.8383191
Dropping frame 1403637169.0383191
Dropping frame 1403637169.2383192
Dropping frame 1403637169.3383191
Dropping frame 1403637169.4383192
Dropping frame 1403637169.7883189
Dropping frame 1403637169.888319
Dropping frame 1403637170.0883191
Dropping frame 1403637170.888319
Dropping frame 1403637171.3383191
Dropping frame 1403637172.0383191
Dropping frame 1403637172.138319
Dropping frame 1403637176.188319
Dropping frame 1403637176.688319
Dropping frame 1403637176.9883189
Dropping frame 1403637177.0883191
Dropping frame 1403637177.3383191
Dropping frame 1403637177.638319
Dropping frame 1403637177.9883189
Dropping frame 1403637180.9383192
Dropping frame 1403637184.2383192
Dropping frame 1403637184.5383191
Dropping frame 1403637184.638319
Dropping frame 1403637184.8383191
Dropping frame 1403637185.0883191
Dropping frame 1403637185.3383191
Dropping frame 1403637185.5383191
Dropping frame 1403637185.638319
Dropping frame 1403637185.7383192
Dropping frame 1403637185.9383192
Dropping frame 1403637186.0383191
Dropping frame 1403637186.138319
Dropping frame 1403637186.388319
Dropping frame 1403637186.4883189
Dropping frame 1403637186.5883191
Dropping frame 1403637186.688319
Dropping frame 1403637186.7883189
Dropping frame 1403637186.9883189
Dropping frame 1403637187.188319
Dropping frame 1403637187.2883189
Dropping frame 1403637187.388319
Dropping frame 1403637187.638319
Dropping frame 1403637187.7383192
Dropping frame 1403637187.8383191
Dropping frame 1403637187.9883189
Dropping frame 1403637188.188319
Dropping frame 1403637188.2883189
Dropping frame 1403637188.4883189
Dropping frame 1403637188.5883191
Dropping frame 1403637188.7883189
Dropping frame 1403637188.9383192
Dropping frame 1403637190.3383191
Dropping frame 1403637191.688319
Dropping frame 1403637191.7883189
Dropping frame 1403637192.0383191
Dropping frame 1403637192.138319
Dropping frame 1403637192.4383192
Dropping frame 1403637192.7383192
Dropping frame 1403637192.9883189
Dropping frame 1403637193.138319
Dropping frame 1403637193.4883189
Dropping frame 1403637193.638319
Dropping frame 1403637193.888319
Dropping frame 1403637194.2383192
Dropping frame 1403637194.5883191
Dropping frame 1403637194.688319
Dropping frame 1403637194.9883189
Dropping frame 1403637195.138319
Dropping frame 1403637195.388319
Dropping frame 1403637195.638319
Dropping frame 1403637195.8383191
Dropping frame 1403637196.0383191
Dropping frame 1403637196.2883189
Dropping frame 1403637196.388319
Dropping frame 1403637196.4883189
Dropping frame 1403637196.638319
Dropping frame 1403637196.8383191
Dropping frame 1403637197.0383191
Dropping frame 1403637197.138319
Dropping frame 1403637197.2383192
Dropping frame 1403637197.4383192
Dropping frame 1403637197.5383191
Dropping frame 1403637197.8383191
Dropping frame 1403637197.9383192
Dropping frame 1403637198.0383191
Dropping frame 1403637198.138319
Dropping frame 1403637198.3383191
Dropping frame 1403637198.4383192
Dropping frame 1403637198.688319
Dropping frame 1403637198.888319
Dropping frame 1403637199.0883191
Dropping frame 1403637199.188319
Dropping frame 1403637199.2883189
Dropping frame 1403637199.4883189
Dropping frame 1403637199.688319
Dropping frame 1403637199.888319
Dropping frame 1403637199.9883189
Dropping frame 1403637200.138319
Dropping frame 1403637200.3383191
Dropping frame 1403637200.5383191
Dropping frame 1403637200.7383192
Dropping frame 1403637200.9383192
Dropping frame 1403637201.138319
Dropping frame 1403637201.2383192
Dropping frame 1403637201.3383191
Dropping frame 1403637201.5383191
Dropping frame 1403637201.638319
Dropping frame 1403637201.888319
Dropping frame 1403637202.0883191
Dropping frame 1403637202.5883191
Dropping frame 1403637202.7883189
Dropping frame 1403637203.188319
Dropping frame 1403637203.2883189
Dropping frame 1403637203.688319
Dropping frame 1403637203.7883189
Dropping frame 1403637203.888319
Dropping frame 1403637204.0883191
Dropping frame 1403637204.2883189
Dropping frame 1403637204.388319
Dropping frame 1403637204.4883189
Dropping frame 1403637204.688319
Dropping frame 1403637204.7883189
Dropping frame 1403637204.9883189
Dropping frame 1403637205.0883191
Dropping frame 1403637205.188319
Dropping frame 1403637205.2883189
Dropping frame 1403637205.5383191
Dropping frame 1403637205.8383191
Dropping frame 1403637205.9383192
Dropping frame 1403637206.2383192
Dropping frame 1403637206.3383191
Dropping frame 1403637206.638319
Dropping frame 1403637206.9883189
Dropping frame 1403637208.5383191
Dropping frame 1403637208.888319
Dropping frame 1403637209.7883189
Dropping frame 1403637209.9383192
Dropping frame 1403637210.388319
Dropping frame 1403637210.8383191
Dropping frame 1403637211.0883191
Dropping frame 1403637211.188319
Dropping frame 1403637211.3383191
Dropping frame 1403637212.3383191
Dropping frame 1403637212.5383191
Dropping frame 1403637213.138319
Dropping frame 1403637215.9883189
Dropping frame 1403637216.4383192
Dropping frame 1403637216.888319
Dropping frame 1403637217.0883191
Dropping frame 1403637217.2883189
Dropping frame 1403637217.388319
Dropping frame 1403637217.4883189
Dropping frame 1403637217.688319
Dropping frame 1403637217.888319
Dropping frame 1403637217.9883189
Dropping frame 1403637218.0883191
Dropping frame 1403637218.388319
Dropping frame 1403637219.0383191
Dropping frame 1403637219.7383192
Dropping frame 1403637219.888319
Dropping frame 1403637220.2383192
Dropping frame 1403637220.4883189
Dropping frame 1403637220.7883189
Dropping frame 1403637221.0883191
Dropping frame 1403637221.4383192
Dropping frame 1403637221.7883189
Dropping frame 1403637221.9883189
Dropping frame 1403637222.3383191
Dropping frame 1403637222.4383192
Dropping frame 1403637222.688319
Dropping frame 1403637222.888319
Dropping frame 1403637223.2383192
Dropping frame 1403637223.3383191
Dropping frame 1403637223.4383192
Dropping frame 1403637223.638319
Dropping frame 1403637223.7383192
Dropping frame 1403637223.8383191
Dropping frame 1403637223.9883189
Dropping frame 1403637224.388319
Dropping frame 1403637224.4883189
Dropping frame 1403637224.5883191
Dropping frame 1403637224.7883189
Dropping frame 1403637224.888319
Dropping frame 1403637225.3383191
Dropping frame 1403637225.5383191
Dropping frame 1403637225.638319
Dropping frame 1403637225.7383192
Dropping frame 1403637225.8383191
Dropping frame 1403637225.9383192
Dropping frame 1403637226.0383191
Dropping frame 1403637226.4383192
Dropping frame 1403637226.888319
Dropping frame 1403637226.9883189
Dropping frame 1403637227.388319
Dropping frame 1403637227.5883191
Dropping frame 1403637227.7383192
Dropping frame 1403637227.9383192
Dropping frame 1403637228.188319
Dropping frame 1403637228.2883189
Dropping frame 1403637228.4883189
Dropping frame 1403637228.688319
Dropping frame 1403637228.888319
Dropping frame 1403637229.388319
Dropping frame 1403637229.4883189
Dropping frame 1403637229.9883189
Dropping frame 1403637230.388319
Dropping frame 1403637230.5883191
Dropping frame 1403637230.7383192
Dropping frame 1403637231.0383191
Dropping frame 1403637231.138319
Dropping frame 1403637231.2383192
Dropping frame 1403637231.3383191
Dropping frame 1403637231.638319
Dropping frame 1403637231.7383192
Dropping frame 1403637231.888319
Dropping frame 1403637232.688319
Dropping frame 1403637232.9383192
Dropping frame 1403637233.4883189
Dropping frame 1403637233.5883191
Dropping frame 1403637233.688319
Dropping frame 1403637234.0383191
Dropping frame 1403637234.138319
Dropping frame 1403637235.0883191
Dropping frame 1403637235.188319
Dropping frame 1403637235.688319
Dropping frame 1403637236.4383192
Dropping frame 1403637236.638319
Dropping frame 1403637236.8383191
Dropping frame 1403637237.0883191
Dropping frame 1403637237.2883189
Dropping frame 1403637238.188319
Dropping frame 1403637238.4383192
Dropping frame 1403637239.4383192
Dropping frame 1403637241.0383191
Dropping frame 1403637242.0883191
Dropping frame 1403637243.4383192
Dropping frame 1403637243.7883189
Dropping frame 1403637244.0383191
Dropping frame 1403637244.2383192
Dropping frame 1403637244.4383192
Dropping frame 1403637244.5383191
Dropping frame 1403637244.638319
Dropping frame 1403637244.8383191
Dropping frame 1403637245.2883189
Dropping frame 1403637245.4883189
Dropping frame 1403637246.5883191
Dropping frame 1403637247.138319
Dropping frame 1403637247.4383192
Dropping frame 1403637247.5383191
Dropping frame 1403637247.7383192
Dropping frame 1403637247.8383191
Dropping frame 1403637248.0383191
Dropping frame 1403637248.2883189
Dropping frame 1403637248.4383192
Dropping frame 1403637248.5383191
Dropping frame 1403637248.7383192
Dropping frame 1403637248.8383191
Dropping frame 1403637248.9883189
Dropping frame 1403637249.2383192
Dropping frame 1403637249.3383191
Dropping frame 1403637249.4383192
Dropping frame 1403637249.7383192
Dropping frame 1403637249.8383191
Dropping frame 1403637249.9383192
Dropping frame 1403637250.138319
Dropping frame 1403637250.3383191
Dropping frame 1403637250.4383192
Dropping frame 1403637250.5383191
Dropping frame 1403637250.888319
Dropping frame 1403637250.9883189
Dropping frame 1403637251.2383192
Dropping frame 1403637251.3383191
Dropping frame 1403637251.4883189
Dropping frame 1403637251.5883191
Dropping frame 1403637251.8383191
Dropping frame 1403637252.0383191
Dropping frame 1403637252.138319
Dropping frame 1403637252.2383192
Dropping frame 1403637252.3383191
Dropping frame 1403637252.5383191
Dropping frame 1403637252.638319
Dropping frame 1403637252.7383192
Dropping frame 1403637252.9383192
Dropping frame 1403637253.0383191
Dropping frame 1403637253.138319
Dropping frame 1403637253.2383192
Dropping frame 1403637253.3383191
Dropping frame 1403637253.5883191
Dropping frame 1403637253.7883189
Dropping frame 1403637253.9883189
Dropping frame 1403637254.0883191
Dropping frame 1403637254.188319
Dropping frame 1403637254.388319
Dropping frame 1403637254.5883191
Dropping frame 1403637254.7883189
Dropping frame 1403637254.888319
Dropping frame 1403637255.0883191
Dropping frame 1403637255.188319
Dropping frame 1403637255.2883189
Dropping frame 1403637255.388319
Dropping frame 1403637255.4883189
Dropping frame 1403637255.5883191
Dropping frame 1403637255.8383191
Dropping frame 1403637256.0383191
Dropping frame 1403637256.2383192
Dropping frame 1403637256.3383191
Dropping frame 1403637256.4383192
Dropping frame 1403637256.638319
Dropping frame 1403637256.8383191
Dropping frame 1403637256.9383192
Dropping frame 1403637257.0383191
Dropping frame 1403637257.138319
Dropping frame 1403637257.2383192
Dropping frame 1403637257.3383191
Dropping frame 1403637257.4883189
Dropping frame 1403637257.688319
Dropping frame 1403637257.7883189
Dropping frame 1403637257.888319
Dropping frame 1403637258.0883191
Dropping frame 1403637258.2883189
Dropping frame 1403637258.4883189
Dropping frame 1403637258.688319
Dropping frame 1403637258.888319
Dropping frame 1403637259.0883191
Dropping frame 1403637259.188319
Dropping frame 1403637259.2883189
Dropping frame 1403637259.388319
Dropping frame 1403637259.4883189
Dropping frame 1403637259.5883191
Dropping frame 1403637259.688319
Dropping frame 1403637259.888319
Dropping frame 1403637259.9883189
Dropping frame 1403637260.0883191
Dropping frame 1403637260.188319
Dropping frame 1403637260.2883189
Dropping frame 1403637260.388319
Dropping frame 1403637260.5383191
Dropping frame 1403637260.7383192
Dropping frame 1403637260.9383192
Dropping frame 1403637261.0383191
Dropping frame 1403637261.138319
Dropping frame 1403637261.2383192
Dropping frame 1403637261.3383191
Dropping frame 1403637261.4883189
Dropping frame 1403637261.688319
Dropping frame 1403637261.8383191
Dropping frame 1403637262.0383191
Dropping frame 1403637262.138319
Dropping frame 1403637262.3383191
Dropping frame 1403637262.4383192
Dropping frame 1403637262.5383191
Dropping frame 1403637262.7383192
Dropping frame 1403637262.8383191
Dropping frame 1403637262.9383192
Dropping frame 1403637263.0383191
Dropping frame 1403637263.2383192
Dropping frame 1403637263.4383192
Dropping frame 1403637263.5383191
Dropping frame 1403637263.638319
Dropping frame 1403637263.8383191
Dropping frame 1403637263.9383192
Dropping frame 1403637264.0383191
Dropping frame 1403637264.2383192
Dropping frame 1403637264.3383191
Dropping frame 1403637264.4383192
Dropping frame 1403637264.638319
Dropping frame 1403637264.7383192
Dropping frame 1403637264.8383191
Dropping frame 1403637264.9383192
Dropping frame 1403637265.0383191
Dropping frame 1403637265.138319
Dropping frame 1403637265.2383192
Dropping frame 1403637265.3383191
Dropping frame 1403637265.4383192
Shutdown
SLAM Finished at System Time: 1740762908.16866

 TIME STATS in ms (mean$\pm$std)
OpenCV version: 4.8.1
---------------------------
Tracking

ORB Extraction: 15.024$\pm$2.083
Stereo Matching: 7.3395$\pm$1.8364
IMU Preintegration: 0.28128$\pm$0.14559
Pose Prediction: 0.593$\pm$1.4531
LM Track: 17.508$\pm$6.1786
New KF decision: 1.2728$\pm$2.3825
Total Tracking: 33.182$\pm$22.182



Local Mapping

KF Insertion: 12.731$\pm$5.3765
MP Culling: 0.52994$\pm$0.27418
MP Creation: 42.08$\pm$18.932
LBA: 142.46$\pm$67.119
KF Culling: 14.498$\pm$10.682
Total Local Mapping: 210.39$\pm$93.064
---------------------------

LBA complexity (mean$\pm$std)
LBA Edges: 1229.2$\pm$565.47
LBA KF optimized: 6.5$\pm$2.2913
LBA KF fixed: 1$\pm$0
LBA MP: nan$\pm$nan

LBA executions: 491
LBA aborts: 0
---------------------------

Map complexity
KFs in map: 181
MPs in map: 14400
---------------------------

Place Recognition (mean$\pm$std)
Database Query: 1.8571$\pm$1.0148
SE3 estimation: 23.711$\pm$15.484
Total Place Recognition: 19.739$\pm$17.858


Loop Closing (mean$\pm$std)
Loop Fusion: nan$\pm$nan
Essential Graph: nan$\pm$nan
Total Loop Closing: nan$\pm$nan

Num exec: 0
Number of KFs: nan$\pm$nan

Map Merging (mean$\pm$std)
Merge Maps: nan$\pm$nan
Welding BA: nan$\pm$nan
Optimization Ess.: nan$\pm$nan
Total Map Merging: nan$\pm$nan

Num exec: 0
Number of KFs: nan$\pm$nan
Number of MPs: nan$\pm$nan

Full GBA (mean$\pm$std)
GBA: nan$\pm$nan
Map Update: nan$\pm$nan
Total Full GBA: nan$\pm$nan

Num exec: 0
Num abort: 0
Number of KFs: nan$\pm$nan
Number of MPs: nan$\pm$nan

Saving trajectory to f_dataset-MH03_stereo_imu.txt ...
There are 1 maps in the atlas
  Map 0 has 181 KFs

End of saving trajectory to f_dataset-MH03_stereo_imu.txt ...

Saving keyframe trajectory to kf_dataset-MH03_stereo_imu.txt ...
