num_seq = 1
file name: dataset-MH05_stereo_imu
Loading images for sequence 0...LOADED!
Loading IMU for sequence 0...LOADED!

-------

ORB-SLAM3 Copyright (C) 2017-2020 Carlos Campos, Richard Elvira, Juan J. Gómez, José M.M. Montiel and Juan D. Tardós, University of Zaragoza.
ORB-SLAM2 Copyright (C) 2014-2016 Raúl Mur-Artal, José M.M. Montiel and Juan D. Tardós, University of Zaragoza.
This program comes with ABSOLUTELY NO WARRANTY;
This is free software, and you are welcome to redistribute it
under certain conditions. See LICENSE.txt.

Built with REGISTER_TIMES
Git Commit Hash: 2d47524

Build Type: Release

Compiled with C++ version: 201703

Input sensor was set to: Stereo-Inertial
Loading settings from EuRoC_fov_mask_3x3.yaml
	-Loaded camera 1
	-Loaded camera 2
	-Loaded image info
	-Loaded IMU calibration
	-Loaded ORB settings
	-Loaded viewer settings
	-Loaded Atlas settings
FOV enabled
Static mask size: 3x3
Dumping map points enabled
	-Loaded misc parameters
	-Computed rectification maps
----------------------------------
SLAM settings: 
	-Camera 1 parameters (Pinhole): [ 458.65399169921875 457.29598999023438 367.21499633789062 248.375 ]
	-Camera 1 distortion parameters: [  -0.28340810537338257 0.073959067463874817 0.00019359000725671649 1.7618711353861727e-05 ]
	-Camera 2 parameters (Pinhole: [ 457.58700561523438 456.13400268554688 379.99899291992188 255.23800659179688 ]
	-Camera 1 distortion parameters: [  -0.2836836576461792 0.074512839317321777 -0.00010473000293131918 -3.555907096597366e-05 ]
	-Original image size: [ 752 , 480 ]
	-Current image size: [ 752 , 480 ]
	-Camera 1 parameters after rectification: [  456.71499633789062 456.71499633789062 364.52615356445312 257.268798828125 ]
	-Sequence FPS: 20
	-Stereo baseline: 0.11007784307003021
	-Stereo depth threshold : 60
	-Gyro noise: 0.00016999999934341758
	-Accelerometer noise: 0.0020000000949949026
	-Gyro walk: 1.9392999092815444e-05
	-Accelerometer walk: 0.0030000000260770321
	-IMU frequency: 200
	-Features per image: 1200
	-ORB scale factor: 1.2000000476837158
	-ORB number of scales: 8
	-Initial FAST threshold: 20
	-Min FAST threshold: 7


Loading ORB Vocabulary. This could take a while...
Vocabulary loaded!

Initialization of Atlas from scratch 
Creation of new map with id: 0
Creation of new map with last KF id: 0
Seq. Name: 
There are 1 cameras in the atlas
Camera 0 is pinhole
SLAM Started at System Time: 1743093029.97327
not IMU meas
not IMU meas
not enough acceleration
not enough acceleration
not enough acceleration
not enough acceleration
not enough acceleration
not enough acceleration
not enough acceleration
not enough acceleration
not enough acceleration
not enough acceleration
not enough acceleration
not enough acceleration
not enough acceleration
not enough acceleration
not enough acceleration
not enough acceleration
not enough acceleration
not enough acceleration
not enough acceleration
not enough acceleration
not enough acceleration
not enough acceleration
not enough acceleration
not enough acceleration
not enough acceleration
not enough acceleration
not enough acceleration
not enough acceleration
not enough acceleration
not enough acceleration
not enough acceleration
not enough acceleration
not enough acceleration
not enough acceleration
not enough acceleration
not enough acceleration
not enough acceleration
not enough acceleration
not enough acceleration
not enough acceleration
not enough acceleration
not enough acceleration
not enough acceleration
not enough acceleration
not enough acceleration
not enough acceleration
not enough acceleration
not enough acceleration
not enough acceleration
not enough acceleration
not enough acceleration
not enough acceleration
not enough acceleration
not enough acceleration
not enough acceleration
not enough acceleration
not enough acceleration
not enough acceleration
not enough acceleration
not enough acceleration
not enough acceleration
not enough acceleration
not enough acceleration
not enough acceleration
not enough acceleration
not enough acceleration
not enough acceleration
not enough acceleration
not enough acceleration
not enough acceleration
not enough acceleration
not enough acceleration
not enough acceleration
not enough acceleration
not enough acceleration
not enough acceleration
not enough acceleration
not enough acceleration
First KF:0; Map init KF:0
New Map created with 53 points
Active map: 0
start VIBA 1
end VIBA 1
Not enough motion for initializing. Reseting...
TRACK: Reset map because local mapper set the bad imu flag 
LM: Active map reset recieved
LM: Active map reset, waiting...
LM: Reseting current map in Local Mapping...
LM: End reseting Local Mapping...
LM: Reset free the mutex
LM: Active map reset, Done!!!
mnFirstFrameId = 80
mnInitialFrameId = 0
183 Frames set to lost
not IMU meas
First KF:50; Map init KF:0
New Map created with 81 points
Active map: 0
Not enough motion for initializing. Reseting...
LM: Reseting current map in Local Mapping...
LM: End reseting Local Mapping...
LM: Reset free the mutex
Not enough motion for initializing. Reseting...
LM: Reseting current map in Local Mapping...
LM: End reseting Local Mapping...
LM: Reset free the mutex
Not enough motion for initializing. Reseting...
LM: Reseting current map in Local Mapping...
LM: End reseting Local Mapping...
LM: Reset free the mutex
Not enough motion for initializing. Reseting...
LM: Reseting current map in Local Mapping...
LM: End reseting Local Mapping...
LM: Reset free the mutex
Not enough motion for initializing. Reseting...
LM: Reseting current map in Local Mapping...
LM: End reseting Local Mapping...
LM: Reset free the mutex
Not enough motion for initializing. Reseting...
TRACK: Reset map because local mapper set the bad imu flag 
LM: Reseting current map in Local Mapping...
LM: End reseting Local Mapping...
LM: Reset free the mutex
LM: Active map reset recieved
LM: Active map reset, waiting...
LM: Reseting current map in Local Mapping...
LM: End reseting Local Mapping...
LM: Reset free the mutex
LM: Active map reset, Done!!!
mnFirstFrameId = 265
mnInitialFrameId = 263
292 Frames set to lost
not IMU meas
not enough acceleration
not enough acceleration
not enough acceleration
not enough acceleration
not enough acceleration
not enough acceleration
not enough acceleration
not enough acceleration
not enough acceleration
not enough acceleration
not enough acceleration
not enough acceleration
not enough acceleration
not enough acceleration
not enough acceleration
not enough acceleration
not enough acceleration
not enough acceleration
not enough acceleration
not enough acceleration
not enough acceleration
not enough acceleration
not enough acceleration
not enough acceleration
not enough acceleration
not enough acceleration
not enough acceleration
not enough acceleration
not enough acceleration
not enough acceleration
not enough acceleration
not enough acceleration
not enough acceleration
not enough acceleration
not enough acceleration
not enough acceleration
not enough acceleration
not enough acceleration
First KF:66; Map init KF:50
New Map created with 87 points
Active map: 0
Fail to track local map!
IMU is not or recently initialized. Reseting active map...
LM: Active map reset recieved
LM: Active map reset, waiting...
LM: Reseting current map in Local Mapping...
LM: End reseting Local Mapping...
LM: Reset free the mutex
LM: Active map reset, Done!!!
mnFirstFrameId = 414
mnInitialFrameId = 374
341 Frames set to lost
not IMU meas
not enough acceleration
not enough acceleration
First KF:76; Map init KF:66
New Map created with 965 points
Active map: 0
Fail to track local map!
IMU is not or recently initialized. Reseting active map...
LM: Active map reset recieved
LM: Active map reset, waiting...
LM: Reseting current map in Local Mapping...
LM: End reseting Local Mapping...
LM: Reset free the mutex
LM: Active map reset, Done!!!
mnFirstFrameId = 466
mnInitialFrameId = 462
391 Frames set to lost
not IMU meas
not enough acceleration
First KF:86; Map init KF:76
New Map created with 397 points
Active map: 0
Fail to track local map!
IMU is not or recently initialized. Reseting active map...
LM: Active map reset recieved
LM: Active map reset, waiting...
LM: Reseting current map in Local Mapping...
LM: End reseting Local Mapping...
LM: Reset free the mutex
LM: Active map reset, Done!!!
mnFirstFrameId = 519
mnInitialFrameId = 515
439 Frames set to lost
not IMU meas
not enough acceleration
not enough acceleration
First KF:96; Map init KF:86
New Map created with 854 points
Active map: 0
Fail to track local map!
IMU is not or recently initialized. Reseting active map...
LM: Active map reset recieved
LM: Active map reset, waiting...
LM: Reseting current map in Local Mapping...
LM: End reseting Local Mapping...
LM: Reset free the mutex
LM: Active map reset, Done!!!
mnFirstFrameId = 570
mnInitialFrameId = 566
491 Frames set to lost
not IMU meas
First KF:106; Map init KF:96
New Map created with 924 points
Active map: 0
start VIBA 1
end VIBA 1
start VIBA 2
end VIBA 2
Fail to track local map!
Fail to track local map!
*Loop detected
phi = 0.0062105595122173641 0.0096412081991926121  -0.28087487546228534
BAD LOOP!!!
*Loop detected
phi = 0.0090176975724726299  0.017683510945723048   -0.2862960514844537
BAD LOOP!!!
*Loop detected
phi = 0.0034525162693443668  0.010390412684409199  -0.29236855986500959
BAD LOOP!!!
*Loop detected
phi = 0.00043354749367013114  0.0002138624070000709   -0.34692394106211427
Local Mapping STOP
Local Mapping RELEASE
Local Mapping STOP
Local Mapping RELEASE
*Loop detected
phi =  0.012368265815729602 -0.035612912677389037 -0.070111441973530295
BAD LOOP!!!
*Loop detected
phi =   0.010729893950856441 -0.0054014187648668164  -0.081548627934637907
BAD LOOP!!!
*Loop detected
phi =   -0.0145863597205974 -0.051585931624961702 -0.096286807031849858
BAD LOOP!!!
*Loop detected
phi = -0.0093049687772755671  -0.056379530609137411  -0.074449708917406848
BAD LOOP!!!
*Loop detected
phi =  0.026273057077574557   0.01513833682652032 -0.072416258780476472
BAD LOOP!!!
*Loop detected
phi = 0.0024037949075005607 0.0036866951938798504 -0.087710154976691518
Local Mapping STOP
Local Mapping RELEASE
Local Mapping STOP
Local Mapping RELEASE
*Loop detected
phi = -0.068090217972601452 -0.015750360029161758 -0.031180851202004745
BAD LOOP!!!
*Loop detected
phi = -0.062036157369703297 -0.018592476504298606 -0.030606065404272839
BAD LOOP!!!
*Loop detected
phi = -0.011857490299834333 -0.012149535419722819  0.005170601498261691
BAD LOOP!!!
*Loop detected
phi =  -0.01284876772719038 -0.001356248908541221 -0.015266704109101359
BAD LOOP!!!
*Loop detected
phi = -0.0098743304678125809 -0.0084712125931538512 -0.0004141741146253588
BAD LOOP!!!
*Loop detected
phi = -0.005954207668536768 -0.011024145649700222 0.0014691669464790829
BAD LOOP!!!
*Loop detected
phi = 0.00076371158514196161 -0.0096624074388935912   0.016163517009929934
BAD LOOP!!!
*Loop detected
phi = 0.00043126143381214046 -0.0077099025857055711   0.010696342306666176
Local Mapping STOP
Local Mapping RELEASE
Shutdown
SLAM Finished at System Time: 1743093163.8779

 TIME STATS in ms (mean$\pm$std)
OpenCV version: 4.8.1
---------------------------
Tracking

ORB Extraction: 12.017$\pm$1.9521
Stereo Matching: 6.2627$\pm$2.6798
IMU Preintegration: 0.17451$\pm$0.086221
Pose Prediction: 0.87532$\pm$2.0431
LM Track: 12.147$\pm$4.7178
New KF decision: 0.93997$\pm$1.7429
Total Tracking: 35.986$\pm$9.212



Local Mapping

KF Insertion: 8.1435$\pm$3.4917
MP Culling: 0.32602$\pm$0.21863
MP Creation: 24.151$\pm$12.517
LBA: 87.254$\pm$43.495
KF Culling: 5.0641$\pm$6.9514
Total Local Mapping: 124.63$\pm$70.983
---------------------------

LBA complexity (mean$\pm$std)
LBA Edges: 2359.7$\pm$1260.8
LBA KF optimized: 6.375$\pm$2.2879
LBA KF fixed: 1$\pm$0
LBA MP: nan$\pm$nan

LBA executions: 540
LBA aborts: 2
---------------------------

Map complexity
KFs in map: 239
MPs in map: 16005
---------------------------

Place Recognition (mean$\pm$std)
Database Query: 0.99437$\pm$0.70255
SE3 estimation: 14.621$\pm$12.184
Total Place Recognition: 10.317$\pm$12.592


Loop Closing (mean$\pm$std)
Loop Fusion: 77.322$\pm$30.317
Essential Graph: 106.51$\pm$14.242
Total Loop Closing: 231.16$\pm$77.688

Num exec: 3
Number of KFs: nan$\pm$nan

Map Merging (mean$\pm$std)
Merge Maps: nan$\pm$nan
Welding BA: nan$\pm$nan
Optimization Ess.: nan$\pm$nan
Total Map Merging: nan$\pm$nan

Num exec: 0
Number of KFs: nan$\pm$nan
Number of MPs: nan$\pm$nan

Full GBA (mean$\pm$std)
GBA: 1141.1$\pm$360.98
Map Update: 36.242$\pm$24.506
Total Full GBA: 1177.4$\pm$385.48

Num exec: 2
Num abort: 0
Number of KFs: 175$\pm$5
Number of MPs: 11483$\pm$430

Saving trajectory to f_dataset-MH05_stereo_imu.txt ...
There are 1 maps in the atlas
  Map 0 has 239 KFs

End of saving trajectory to f_dataset-MH05_stereo_imu.txt ...

Saving keyframe trajectory to kf_dataset-MH05_stereo_imu.txt ...
