num_seq = 1
file name: dataset-MH04_stereo_imu
Loading images for sequence 0...LOADED!
Loading IMU for sequence 0...LOADED!

-------

ORB-SLAM3 Copyright (C) 2017-2020 Carlos Campos, Richard Elvira, Juan J. Gómez, José M.M. Montiel and Juan D. Tardós, University of Zaragoza.
ORB-SLAM2 Copyright (C) 2014-2016 Raúl Mur-Artal, José M.M. Montiel and Juan D. Tardós, University of Zaragoza.
This program comes with ABSOLUTELY NO WARRANTY;
This is free software, and you are welcome to redistribute it
under certain conditions. See LICENSE.txt.

Built with REGISTER_TIMES
Git Commit Hash: 2d47524

Build Type: Release

Compiled with C++ version: 201703

Input sensor was set to: Stereo-Inertial
Loading settings from EuRoC_fov_deadlines_mask_22x22.yaml
	-Loaded camera 1
	-Loaded camera 2
	-Loaded image info
	-Loaded IMU calibration
	-Loaded ORB settings
	-Loaded viewer settings
	-Loaded Atlas settings
Deadlines enabled, will skip frames!
FOV enabled
Static mask size: 22x22
Dumping map points enabled
	-Loaded misc parameters
	-Computed rectification maps
----------------------------------
SLAM settings: 
	-Camera 1 parameters (Pinhole): [ 458.65399169921875 457.29598999023438 367.21499633789062 248.375 ]
	-Camera 1 distortion parameters: [  -0.28340810537338257 0.073959067463874817 0.00019359000725671649 1.7618711353861727e-05 ]
	-Camera 2 parameters (Pinhole: [ 457.58700561523438 456.13400268554688 379.99899291992188 255.23800659179688 ]
	-Camera 1 distortion parameters: [  -0.2836836576461792 0.074512839317321777 -0.00010473000293131918 -3.555907096597366e-05 ]
	-Original image size: [ 752 , 480 ]
	-Current image size: [ 752 , 480 ]
	-Camera 1 parameters after rectification: [  456.71499633789062 456.71499633789062 364.52615356445312 257.268798828125 ]
	-Sequence FPS: 20
	-Stereo baseline: 0.11007784307003021
	-Stereo depth threshold : 60
	-Gyro noise: 0.00016999999934341758
	-Accelerometer noise: 0.0020000000949949026
	-Gyro walk: 1.9392999092815444e-05
	-Accelerometer walk: 0.0030000000260770321
	-IMU frequency: 200
	-Features per image: 1200
	-ORB scale factor: 1.2000000476837158
	-ORB number of scales: 8
	-Initial FAST threshold: 20
	-Min FAST threshold: 7


Loading ORB Vocabulary. This could take a while...
Vocabulary loaded!

Initialization of Atlas from scratch 
Creation of new map with id: 0
Creation of new map with last KF id: 0
Seq. Name: 
There are 1 cameras in the atlas
Camera 0 is pinhole
SLAM Started at System Time: 1743013298.69967
not IMU meas
not IMU meas
not enough acceleration
not enough acceleration
not enough acceleration
not enough acceleration
not enough acceleration
not enough acceleration
not enough acceleration
not enough acceleration
not enough acceleration
not enough acceleration
not enough acceleration
not enough acceleration
not enough acceleration
not enough acceleration
not enough acceleration
not enough acceleration
not enough acceleration
not enough acceleration
not enough acceleration
not enough acceleration
not enough acceleration
not enough acceleration
not enough acceleration
not enough acceleration
not enough acceleration
not enough acceleration
not enough acceleration
not enough acceleration
not enough acceleration
not enough acceleration
First KF:0; Map init KF:0
New Map created with 149 points
Active map: 0
Dropping frame 1403638130.195097
Dropping frame 1403638130.395097
Dropping frame 1403638130.5450969
Dropping frame 1403638130.7450969
Dropping frame 1403638130.8450971
Dropping frame 1403638131.0450969
Dropping frame 1403638131.145097
Dropping frame 1403638131.395097
Dropping frame 1403638131.5950971
Dropping frame 1403638131.695097
Dropping frame 1403638131.7950971
Dropping frame 1403638131.9950972
Dropping frame 1403638132.195097
Dropping frame 1403638132.3450971
Dropping frame 1403638132.5950971
Dropping frame 1403638132.695097
Dropping frame 1403638132.7950971
Dropping frame 1403638133.145097
Dropping frame 1403638133.3450971
Dropping frame 1403638133.445097
Dropping frame 1403638133.7450969
Dropping frame 1403638133.9950972
Dropping frame 1403638134.2450969
start VIBA 1
Dropping frame 1403638134.3450971
end VIBA 1
Dropping frame 1403638134.645097
Dropping frame 1403638134.8450971
Dropping frame 1403638135.0450969
Dropping frame 1403638135.145097
Dropping frame 1403638135.2450969
Dropping frame 1403638135.3450971
Dropping frame 1403638135.4950972
Dropping frame 1403638135.695097
Dropping frame 1403638135.7950971
Dropping frame 1403638135.895097
Dropping frame 1403638136.0950971
Dropping frame 1403638136.2950971
Dropping frame 1403638136.395097
Dropping frame 1403638136.5450969
Dropping frame 1403638136.7950971
Dropping frame 1403638136.895097
Dropping frame 1403638136.9950972
Dropping frame 1403638137.2450969
Dropping frame 1403638137.3450971
Dropping frame 1403638137.7950971
Dropping frame 1403638137.895097
Dropping frame 1403638137.9950972
Dropping frame 1403638138.0950971
Dropping frame 1403638138.195097
Not enough motion for initializing. Reseting...
TRACK: Reset map because local mapper set the bad imu flag 
LM: Active map reset recieved
LM: Active map reset, waiting...
LM: Reseting current map in Local Mapping...
LM: End reseting Local Mapping...
LM: Reset free the mutex
LM: Active map reset, Done!!!
mnFirstFrameId = 32
mnInitialFrameId = 0
141 Frames set to lost
not IMU meas
Dropping frame 1403638138.445097
not enough acceleration
Dropping frame 1403638138.5450969
not enough acceleration
not enough acceleration
First KF:40; Map init KF:0
New Map created with 168 points
Active map: 0
Dropping frame 1403638138.7450969
Dropping frame 1403638138.8450971
Dropping frame 1403638138.945097
Dropping frame 1403638139.145097
Dropping frame 1403638139.3450971
Dropping frame 1403638139.5450969
Dropping frame 1403638139.7450969
Dropping frame 1403638139.8450971
Dropping frame 1403638140.0450969
Dropping frame 1403638140.145097
Dropping frame 1403638140.395097
Dropping frame 1403638140.5950971
Dropping frame 1403638140.7950971
Dropping frame 1403638140.895097
Dropping frame 1403638140.9950972
Dropping frame 1403638141.195097
Dropping frame 1403638141.2950971
Dropping frame 1403638141.395097
Dropping frame 1403638141.5950971
Not enough motion for initializing. Reseting...
Dropping frame 1403638141.7950971
LM: Reseting current map in Local Mapping...
LM: End reseting Local Mapping...
LM: Reset free the mutex
Dropping frame 1403638141.895097
Dropping frame 1403638142.0950971
Dropping frame 1403638142.195097
Not enough motion for initializing. Reseting...
TRACK: Reset map because local mapper set the bad imu flag 
LM: Reseting current map in Local Mapping...
LM: End reseting Local Mapping...
LM: Reset free the mutex
LM: Active map reset recieved
LM: Active map reset, waiting...
LM: Reseting current map in Local Mapping...
LM: End reseting Local Mapping...
LM: Reset free the mutex
LM: Active map reset, Done!!!
mnFirstFrameId = 178
mnInitialFrameId = 173
190 Frames set to lost
not IMU meas
not enough acceleration
First KF:52; Map init KF:40
New Map created with 186 points
Active map: 0
Dropping frame 1403638142.4950972
Dropping frame 1403638142.695097
Dropping frame 1403638142.895097
Dropping frame 1403638142.9950972
Dropping frame 1403638143.0950971
Dropping frame 1403638143.3450971
Dropping frame 1403638143.5450969
Dropping frame 1403638143.645097
Dropping frame 1403638144.895097
Dropping frame 1403638144.945097
Not enough motion for initializing. Reseting...
LM: Reseting current map in Local Mapping...
LM: End reseting Local Mapping...
LM: Reset free the mutex
Not enough motion for initializing. Reseting...
TRACK: Reset map because local mapper set the bad imu flag 
LM: Reseting current map in Local Mapping...
LM: End reseting Local Mapping...
LM: Reset free the mutex
LM: Active map reset recieved
LM: Active map reset, waiting...
LM: Reseting current map in Local Mapping...
LM: End reseting Local Mapping...
LM: Reset free the mutex
LM: Active map reset, Done!!!
mnFirstFrameId = 230
mnInitialFrameId = 227
249 Frames set to lost
not IMU meas
not enough acceleration
not enough acceleration
not enough acceleration
not enough acceleration
not enough acceleration
not enough acceleration
not enough acceleration
not enough acceleration
not enough acceleration
not enough acceleration
not enough acceleration
not enough acceleration
not enough acceleration
not enough acceleration
not enough acceleration
not enough acceleration
not enough acceleration
not enough acceleration
not enough acceleration
not enough acceleration
not enough acceleration
not enough acceleration
not enough acceleration
not enough acceleration
not enough acceleration
not enough acceleration
not enough acceleration
not enough acceleration
not enough acceleration
not enough acceleration
not enough acceleration
not enough acceleration
not enough acceleration
not enough acceleration
not enough acceleration
not enough acceleration
First KF:64; Map init KF:52
New Map created with 184 points
Active map: 0
start VIBA 1
end VIBA 1
Dropping frame 1403638156.695097
Dropping frame 1403638156.9950972
Dropping frame 1403638157.2950971
Dropping frame 1403638157.5950971
Dropping frame 1403638157.695097
Dropping frame 1403638157.7950971
Dropping frame 1403638157.895097
Dropping frame 1403638158.0450969
Dropping frame 1403638158.145097
Dropping frame 1403638158.2950971
Dropping frame 1403638158.395097
Dropping frame 1403638158.4950972
Dropping frame 1403638158.645097
Dropping frame 1403638158.7450969
Dropping frame 1403638158.8450971
Dropping frame 1403638158.945097
Dropping frame 1403638159.0450969
Dropping frame 1403638159.145097
Dropping frame 1403638159.2450969
Dropping frame 1403638159.3450971
Dropping frame 1403638159.445097
Dropping frame 1403638159.5950971
Dropping frame 1403638159.695097
Dropping frame 1403638159.8450971
Dropping frame 1403638159.945097
Dropping frame 1403638160.0450969
Dropping frame 1403638160.2450969
Dropping frame 1403638160.3450971
Dropping frame 1403638160.445097
Dropping frame 1403638160.5450969
Dropping frame 1403638160.645097
Dropping frame 1403638160.7450969
Dropping frame 1403638160.8450971
Dropping frame 1403638160.945097
Dropping frame 1403638161.0950971
Dropping frame 1403638161.2450969
Dropping frame 1403638161.3450971
Dropping frame 1403638161.445097
Dropping frame 1403638161.5950971
Dropping frame 1403638161.695097
Dropping frame 1403638161.7950971
Dropping frame 1403638161.895097
Dropping frame 1403638162.0950971
Dropping frame 1403638162.195097
Dropping frame 1403638162.2950971
Dropping frame 1403638162.395097
Dropping frame 1403638162.5450969
Dropping frame 1403638162.645097
Dropping frame 1403638162.7450969
Dropping frame 1403638162.895097
Dropping frame 1403638162.9950972
Dropping frame 1403638163.0950971
Dropping frame 1403638163.195097
start VIBA 2
Dropping frame 1403638163.3450971
Dropping frame 1403638163.445097
Dropping frame 1403638163.5450969
Dropping frame 1403638163.645097
end VIBA 2
Dropping frame 1403638163.7450969
Dropping frame 1403638163.895097
Dropping frame 1403638163.9950972
Dropping frame 1403638164.2950971
Dropping frame 1403638164.695097
Dropping frame 1403638164.9950972
Dropping frame 1403638165.0950971
Dropping frame 1403638165.7450969
Dropping frame 1403638165.895097
Dropping frame 1403638166.0450969
Dropping frame 1403638166.195097
Dropping frame 1403638166.2950971
Dropping frame 1403638166.395097
Dropping frame 1403638166.4950972
Dropping frame 1403638166.5950971
Dropping frame 1403638166.695097
Dropping frame 1403638166.7950971
Dropping frame 1403638166.895097
Dropping frame 1403638166.9950972
Dropping frame 1403638167.0950971
Dropping frame 1403638167.195097
Dropping frame 1403638167.2950971
Dropping frame 1403638167.395097
Dropping frame 1403638167.4950972
Dropping frame 1403638167.5950971
Dropping frame 1403638167.695097
Dropping frame 1403638167.7950971
Dropping frame 1403638167.895097
Dropping frame 1403638168.0450969
Dropping frame 1403638168.145097
Dropping frame 1403638168.3450971
Dropping frame 1403638168.4950972
Dropping frame 1403638168.645097
Dropping frame 1403638168.7450969
Dropping frame 1403638168.895097
Dropping frame 1403638168.9950972
Dropping frame 1403638169.145097
Dropping frame 1403638169.2450969
Dropping frame 1403638169.395097
Dropping frame 1403638169.5450969
Dropping frame 1403638169.645097
Dropping frame 1403638169.7450969
Dropping frame 1403638169.8450971
Dropping frame 1403638169.9950972
Dropping frame 1403638170.195097
Dropping frame 1403638170.2950971
Dropping frame 1403638170.395097
Dropping frame 1403638170.4950972
Dropping frame 1403638170.5950971
Dropping frame 1403638170.7950971
Dropping frame 1403638170.895097
Dropping frame 1403638170.9950972
Dropping frame 1403638171.145097
Dropping frame 1403638171.3450971
Dropping frame 1403638171.445097
Dropping frame 1403638171.5450969
Dropping frame 1403638171.645097
Dropping frame 1403638171.7450969
Dropping frame 1403638171.945097
Dropping frame 1403638172.145097
Dropping frame 1403638172.3450971
Dropping frame 1403638172.5450969
Dropping frame 1403638172.645097
Dropping frame 1403638172.8450971
Dropping frame 1403638173.0450969
Dropping frame 1403638173.145097
Dropping frame 1403638173.3450971
Dropping frame 1403638173.5450969
Dropping frame 1403638173.7450969
Dropping frame 1403638173.8450971
Dropping frame 1403638174.0450969
Dropping frame 1403638174.2450969
Dropping frame 1403638174.445097
Dropping frame 1403638174.645097
Dropping frame 1403638174.8450971
Dropping frame 1403638175.0450969
Dropping frame 1403638175.2450969
Dropping frame 1403638175.445097
Dropping frame 1403638175.645097
Dropping frame 1403638175.7450969
Dropping frame 1403638175.945097
Dropping frame 1403638176.145097
Dropping frame 1403638176.2450969
Dropping frame 1403638176.445097
Dropping frame 1403638176.645097
Dropping frame 1403638176.8450971
Dropping frame 1403638176.945097
Dropping frame 1403638177.0450969
Dropping frame 1403638177.2450969
Dropping frame 1403638177.445097
Dropping frame 1403638177.645097
Dropping frame 1403638177.8450971
Dropping frame 1403638178.0450969
Dropping frame 1403638178.2450969
Dropping frame 1403638178.445097
Dropping frame 1403638178.645097
Dropping frame 1403638178.7450969
Dropping frame 1403638178.945097
Dropping frame 1403638179.0450969
Dropping frame 1403638179.2450969
Dropping frame 1403638179.445097
Dropping frame 1403638179.645097
Dropping frame 1403638179.7450969
Dropping frame 1403638179.945097
Dropping frame 1403638180.145097
Dropping frame 1403638180.3450971
Dropping frame 1403638180.5450969
Dropping frame 1403638180.645097
Dropping frame 1403638180.7450969
Dropping frame 1403638180.945097
Dropping frame 1403638181.145097
Dropping frame 1403638181.3450971
Dropping frame 1403638181.5450969
Dropping frame 1403638181.645097
Dropping frame 1403638181.8450971
Dropping frame 1403638182.0450969
Dropping frame 1403638182.2450969
Dropping frame 1403638182.3450971
Dropping frame 1403638182.5450969
Dropping frame 1403638182.7450969
Dropping frame 1403638182.945097
Dropping frame 1403638183.145097
Dropping frame 1403638183.395097
Dropping frame 1403638183.5950971
Dropping frame 1403638183.7950971
Dropping frame 1403638183.9950972
Dropping frame 1403638184.195097
Dropping frame 1403638184.2950971
Dropping frame 1403638184.695097
Dropping frame 1403638184.7950971
Dropping frame 1403638185.0950971
Dropping frame 1403638185.195097
Dropping frame 1403638185.395097
Dropping frame 1403638185.4950972
Dropping frame 1403638185.7450969
Dropping frame 1403638185.8450971
Dropping frame 1403638186.0450969
Dropping frame 1403638186.2450969
Dropping frame 1403638186.445097
Dropping frame 1403638186.5450969
Dropping frame 1403638186.695097
Dropping frame 1403638186.9950972
Dropping frame 1403638187.0950971
Dropping frame 1403638187.395097
Dropping frame 1403638187.645097
Dropping frame 1403638187.895097
Dropping frame 1403638187.9950972
Dropping frame 1403638188.195097
Dropping frame 1403638188.395097
Dropping frame 1403638188.5950971
Dropping frame 1403638188.7950971
Dropping frame 1403638188.9950972
Dropping frame 1403638189.195097
Dropping frame 1403638189.395097
Dropping frame 1403638189.5950971
Dropping frame 1403638189.7950971
Dropping frame 1403638189.9950972
Dropping frame 1403638190.195097
Dropping frame 1403638190.395097
Dropping frame 1403638190.5950971
Dropping frame 1403638190.7950971
Dropping frame 1403638190.9950972
Dropping frame 1403638191.195097
Dropping frame 1403638191.395097
Dropping frame 1403638191.5950971
Dropping frame 1403638191.695097
Dropping frame 1403638191.895097
Dropping frame 1403638192.0950971
Dropping frame 1403638192.195097
Dropping frame 1403638192.2950971
Dropping frame 1403638192.4950972
Dropping frame 1403638192.7450969
Dropping frame 1403638192.8450971
Dropping frame 1403638193.0450969
Dropping frame 1403638193.2450969
Dropping frame 1403638193.3450971
Dropping frame 1403638193.695097
Dropping frame 1403638193.7950971
Dropping frame 1403638193.9950972
Dropping frame 1403638194.195097
Dropping frame 1403638194.2950971
Dropping frame 1403638194.4950972
Dropping frame 1403638194.7450969
Dropping frame 1403638194.945097
Dropping frame 1403638195.145097
Dropping frame 1403638195.3450971
Dropping frame 1403638195.445097
Dropping frame 1403638195.645097
Dropping frame 1403638196.0950971
Dropping frame 1403638196.2950971
Dropping frame 1403638196.4950972
Dropping frame 1403638196.695097
Dropping frame 1403638197.4950972
Dropping frame 1403638197.5950971
Dropping frame 1403638197.9950972
Dropping frame 1403638198.4950972
Dropping frame 1403638198.5950971
Dropping frame 1403638198.895097
Dropping frame 1403638199.145097
Dropping frame 1403638199.2450969
Dropping frame 1403638199.3450971
Dropping frame 1403638199.5450969
Dropping frame 1403638199.645097
Dropping frame 1403638199.7450969
Dropping frame 1403638199.945097
Dropping frame 1403638200.145097
Dropping frame 1403638200.2450969
Dropping frame 1403638200.4950972
Dropping frame 1403638200.5950971
Dropping frame 1403638200.695097
Dropping frame 1403638200.895097
Dropping frame 1403638201.0950971
Dropping frame 1403638201.2450969
Dropping frame 1403638201.695097
Dropping frame 1403638201.7950971
Dropping frame 1403638202.195097
Dropping frame 1403638202.2950971
Dropping frame 1403638202.5450969
Dropping frame 1403638202.645097
Dropping frame 1403638202.895097
Dropping frame 1403638202.9950972
Dropping frame 1403638203.2450969
Dropping frame 1403638203.5450969
Dropping frame 1403638203.8450971
Dropping frame 1403638203.945097
Dropping frame 1403638204.195097
Dropping frame 1403638204.3450971
Dropping frame 1403638204.5450969
Dropping frame 1403638204.645097
Dropping frame 1403638204.895097
Dropping frame 1403638204.9950972
Dropping frame 1403638205.0950971
Dropping frame 1403638205.2950971
Dropping frame 1403638205.4950972
Dropping frame 1403638205.5950971
Dropping frame 1403638205.695097
Dropping frame 1403638205.895097
Dropping frame 1403638205.9950972
Dropping frame 1403638206.0950971
Dropping frame 1403638206.2950971
Dropping frame 1403638206.4950972
Dropping frame 1403638206.5950971
Dropping frame 1403638206.695097
Dropping frame 1403638206.895097
Dropping frame 1403638206.9950972
Dropping frame 1403638207.0950971
Dropping frame 1403638207.2950971
Dropping frame 1403638207.395097
Dropping frame 1403638207.4950972
Dropping frame 1403638207.695097
Dropping frame 1403638207.895097
Dropping frame 1403638208.0950971
Dropping frame 1403638208.195097
Dropping frame 1403638208.2950971
Dropping frame 1403638208.4950972
Dropping frame 1403638208.645097
Dropping frame 1403638208.8450971
Dropping frame 1403638208.945097
Dropping frame 1403638209.0450969
Dropping frame 1403638209.2450969
Dropping frame 1403638209.3450971
Dropping frame 1403638209.445097
Dropping frame 1403638209.645097
Dropping frame 1403638209.7450969
Dropping frame 1403638209.8450971
Dropping frame 1403638210.0450969
Dropping frame 1403638210.145097
Dropping frame 1403638210.2450969
Dropping frame 1403638210.445097
Dropping frame 1403638210.5450969
Dropping frame 1403638210.645097
Dropping frame 1403638210.8450971
Dropping frame 1403638210.945097
Dropping frame 1403638211.3450971
Dropping frame 1403638211.445097
Dropping frame 1403638211.695097
Dropping frame 1403638211.895097
Dropping frame 1403638212.0450969
Dropping frame 1403638212.2450969
Dropping frame 1403638212.395097
Dropping frame 1403638212.5950971
Dropping frame 1403638212.7450969
Dropping frame 1403638212.945097
Dropping frame 1403638213.145097
Dropping frame 1403638213.445097
Dropping frame 1403638213.5450969
Dropping frame 1403638213.7950971
Dropping frame 1403638213.895097
Dropping frame 1403638214.195097
Dropping frame 1403638214.2950971
Dropping frame 1403638214.4950972
Dropping frame 1403638214.695097
Dropping frame 1403638214.895097
Dropping frame 1403638214.9950972
Dropping frame 1403638215.2450969
Dropping frame 1403638215.3450971
Dropping frame 1403638215.445097
Dropping frame 1403638215.645097
Dropping frame 1403638215.7450969
Dropping frame 1403638215.9950972
Dropping frame 1403638216.2950971
Dropping frame 1403638216.4950972
Dropping frame 1403638216.645097
Dropping frame 1403638216.8450971
Dropping frame 1403638217.2450969
Dropping frame 1403638217.445097
Dropping frame 1403638217.645097
Dropping frame 1403638217.7450969
Dropping frame 1403638217.9950972
Dropping frame 1403638218.0950971
Dropping frame 1403638218.195097
Dropping frame 1403638218.395097
Dropping frame 1403638218.695097
Dropping frame 1403638218.9950972
Dropping frame 1403638219.3450971
Dropping frame 1403638219.4950972
Dropping frame 1403638219.695097
Dropping frame 1403638219.7950971
Dropping frame 1403638220.0450969
Dropping frame 1403638220.195097
Dropping frame 1403638220.645097
Dropping frame 1403638220.8450971
Dropping frame 1403638221.3450971
Dropping frame 1403638222.0450969
Dropping frame 1403638222.145097
Dropping frame 1403638222.5450969
Dropping frame 1403638222.645097
Dropping frame 1403638222.945097
Dropping frame 1403638223.145097
Dropping frame 1403638223.445097
Dropping frame 1403638223.7450969
Dropping frame 1403638223.8450971
Dropping frame 1403638224.0950971
Dropping frame 1403638224.2950971
Dropping frame 1403638224.395097
Dropping frame 1403638224.5950971
Dropping frame 1403638225.145097
Dropping frame 1403638225.5450969
Dropping frame 1403638225.645097
Dropping frame 1403638225.9950972
Dropping frame 1403638226.445097
Dropping frame 1403638226.7450969
Dropping frame 1403638226.8450971
Dropping frame 1403638227.3450971
Dropping frame 1403638227.645097
Dropping frame 1403638227.7450969
Dropping frame 1403638228.2450969
Shutdown
SLAM Finished at System Time: 1743013423.40362

 TIME STATS in ms (mean$\pm$std)
OpenCV version: 4.8.1
---------------------------
Tracking

ORB Extraction: 19.891$\pm$2.4566
Stereo Matching: 8.3299$\pm$1.8866
IMU Preintegration: 0.22197$\pm$0.1046
Pose Prediction: 0.60976$\pm$1.4604
LM Track: 17.693$\pm$6.4835
New KF decision: 1.2151$\pm$2.0256
Total Tracking: 31.79$\pm$26.27



Local Mapping

KF Insertion: 14.211$\pm$5.2486
MP Culling: 0.46092$\pm$0.21628
MP Creation: 42.165$\pm$17.503
LBA: 140.2$\pm$50.697
KF Culling: 10.949$\pm$9.571
Total Local Mapping: 207.42$\pm$78.651
---------------------------

LBA complexity (mean$\pm$std)
LBA Edges: 1448.9$\pm$1040.5
LBA KF optimized: 6.5$\pm$2.2913
LBA KF fixed: 1$\pm$0
LBA MP: nan$\pm$nan

LBA executions: 392
LBA aborts: 0
---------------------------

Map complexity
KFs in map: 169
MPs in map: 13265
---------------------------

Place Recognition (mean$\pm$std)
Database Query: 2.2182$\pm$1.1141
SE3 estimation: 27.371$\pm$17.145
Total Place Recognition: 20.175$\pm$20.162


Loop Closing (mean$\pm$std)
Loop Fusion: nan$\pm$nan
Essential Graph: nan$\pm$nan
Total Loop Closing: nan$\pm$nan

Num exec: 0
Number of KFs: nan$\pm$nan

Map Merging (mean$\pm$std)
Merge Maps: nan$\pm$nan
Welding BA: nan$\pm$nan
Optimization Ess.: nan$\pm$nan
Total Map Merging: nan$\pm$nan

Num exec: 0
Number of KFs: nan$\pm$nan
Number of MPs: nan$\pm$nan

Full GBA (mean$\pm$std)
GBA: nan$\pm$nan
Map Update: nan$\pm$nan
Total Full GBA: nan$\pm$nan

Num exec: 0
Num abort: 0
Number of KFs: nan$\pm$nan
Number of MPs: nan$\pm$nan

Saving trajectory to f_dataset-MH04_stereo_imu.txt ...
There are 1 maps in the atlas
  Map 0 has 169 KFs

End of saving trajectory to f_dataset-MH04_stereo_imu.txt ...

Saving keyframe trajectory to kf_dataset-MH04_stereo_imu.txt ...
