num_seq = 1
file name: dataset-MH04_stereo_imu
Loading images for sequence 0...LOADED!
Loading IMU for sequence 0...LOADED!

-------

ORB-SLAM3 Copyright (C) 2017-2020 Carlos Campos, Richard Elvira, Juan J. Gómez, José M.M. Montiel and Juan D. Tardós, University of Zaragoza.
ORB-SLAM2 Copyright (C) 2014-2016 Raúl Mur-Artal, José M.M. Montiel and Juan D. Tardós, University of Zaragoza.
This program comes with ABSOLUTELY NO WARRANTY;
This is free software, and you are welcome to redistribute it
under certain conditions. See LICENSE.txt.

Built with REGISTER_TIMES
Git Commit Hash: 2d47524

Build Type: Release

Compiled with C++ version: 201703

Input sensor was set to: Stereo-Inertial
Loading settings from EuRoC_fov_deadlines_mask_9x9.yaml
	-Loaded camera 1
	-Loaded camera 2
	-Loaded image info
	-Loaded IMU calibration
	-Loaded ORB settings
	-Loaded viewer settings
	-Loaded Atlas settings
Deadlines enabled, will skip frames!
FOV enabled
Static mask size: 9x9
Dumping map points enabled
	-Loaded misc parameters
	-Computed rectification maps
----------------------------------
SLAM settings: 
	-Camera 1 parameters (Pinhole): [ 458.65399169921875 457.29598999023438 367.21499633789062 248.375 ]
	-Camera 1 distortion parameters: [  -0.28340810537338257 0.073959067463874817 0.00019359000725671649 1.7618711353861727e-05 ]
	-Camera 2 parameters (Pinhole: [ 457.58700561523438 456.13400268554688 379.99899291992188 255.23800659179688 ]
	-Camera 1 distortion parameters: [  -0.2836836576461792 0.074512839317321777 -0.00010473000293131918 -3.555907096597366e-05 ]
	-Original image size: [ 752 , 480 ]
	-Current image size: [ 752 , 480 ]
	-Camera 1 parameters after rectification: [  456.71499633789062 456.71499633789062 364.52615356445312 257.268798828125 ]
	-Sequence FPS: 20
	-Stereo baseline: 0.11007784307003021
	-Stereo depth threshold : 60
	-Gyro noise: 0.00016999999934341758
	-Accelerometer noise: 0.0020000000949949026
	-Gyro walk: 1.9392999092815444e-05
	-Accelerometer walk: 0.0030000000260770321
	-IMU frequency: 200
	-Features per image: 1200
	-ORB scale factor: 1.2000000476837158
	-ORB number of scales: 8
	-Initial FAST threshold: 20
	-Min FAST threshold: 7


Loading ORB Vocabulary. This could take a while...
Vocabulary loaded!

Initialization of Atlas from scratch 
Creation of new map with id: 0
Creation of new map with last KF id: 0
Seq. Name: 
There are 1 cameras in the atlas
Camera 0 is pinhole
SLAM Started at System Time: 1740863938.39576
not IMU meas
not IMU meas
not enough acceleration
not enough acceleration
not enough acceleration
not enough acceleration
not enough acceleration
not enough acceleration
not enough acceleration
not enough acceleration
not enough acceleration
not enough acceleration
not enough acceleration
not enough acceleration
not enough acceleration
not enough acceleration
not enough acceleration
not enough acceleration
not enough acceleration
not enough acceleration
not enough acceleration
not enough acceleration
not enough acceleration
not enough acceleration
not enough acceleration
not enough acceleration
not enough acceleration
not enough acceleration
not enough acceleration
not enough acceleration
not enough acceleration
not enough acceleration
First KF:0; Map init KF:0
New Map created with 134 points
Active map: 0
Dropping frame 1403638130.195097
Dropping frame 1403638130.5450969
Dropping frame 1403638130.8450971
Dropping frame 1403638130.945097
Dropping frame 1403638131.2950971
Dropping frame 1403638131.645097
Dropping frame 1403638131.7450969
Dropping frame 1403638131.9950972
Dropping frame 1403638132.445097
Dropping frame 1403638132.695097
Dropping frame 1403638133.195097
Dropping frame 1403638133.5450969
Dropping frame 1403638133.645097
Dropping frame 1403638133.945097
Dropping frame 1403638134.0450969
Dropping frame 1403638134.145097
Dropping frame 1403638134.2950971
start VIBA 1
Dropping frame 1403638134.4950972
end VIBA 1
Dropping frame 1403638134.7450969
Dropping frame 1403638134.8450971
Dropping frame 1403638135.0450969
Dropping frame 1403638135.445097
Dropping frame 1403638135.5450969
Dropping frame 1403638135.645097
Dropping frame 1403638135.945097
Dropping frame 1403638136.145097
Dropping frame 1403638136.3450971
Dropping frame 1403638136.445097
Dropping frame 1403638137.195097
Dropping frame 1403638137.645097
Dropping frame 1403638137.7450969
Dropping frame 1403638137.8450971
Dropping frame 1403638137.945097
Dropping frame 1403638138.0450969
Dropping frame 1403638138.145097
Dropping frame 1403638138.395097
Dropping frame 1403638138.5950971
Dropping frame 1403638138.7950971
Dropping frame 1403638138.895097
Dropping frame 1403638138.9950972
Dropping frame 1403638139.0950971
Dropping frame 1403638139.195097
Dropping frame 1403638139.395097
Dropping frame 1403638139.4950972
Dropping frame 1403638139.7450969
Dropping frame 1403638139.8450971
Dropping frame 1403638140.0950971
Dropping frame 1403638140.2950971
Dropping frame 1403638140.445097
Dropping frame 1403638140.895097
Dropping frame 1403638141.0450969
Dropping frame 1403638141.145097
start VIBA 2
end VIBA 2
Dropping frame 1403638153.2950971
Dropping frame 1403638153.645097
Dropping frame 1403638154.0450969
Dropping frame 1403638154.5450969
Dropping frame 1403638154.8450971
Dropping frame 1403638154.9950972
Dropping frame 1403638155.145097
Dropping frame 1403638155.2450969
Dropping frame 1403638155.695097
Dropping frame 1403638155.895097
Dropping frame 1403638156.0450969
Dropping frame 1403638156.395097
Dropping frame 1403638156.4950972
Dropping frame 1403638156.7450969
Dropping frame 1403638156.8450971
Dropping frame 1403638156.9950972
Dropping frame 1403638157.145097
Dropping frame 1403638157.2450969
Dropping frame 1403638158.195097
Dropping frame 1403638158.645097
Dropping frame 1403638158.7450969
Dropping frame 1403638158.9950972
Dropping frame 1403638159.2950971
Dropping frame 1403638159.5450969
Dropping frame 1403638160.7450969
Dropping frame 1403638161.2950971
Dropping frame 1403638161.5450969
Dropping frame 1403638161.7450969
Dropping frame 1403638161.8450971
Dropping frame 1403638162.0450969
Dropping frame 1403638162.2950971
Dropping frame 1403638162.4950972
Dropping frame 1403638163.0450969
Dropping frame 1403638163.695097
Dropping frame 1403638164.445097
Dropping frame 1403638164.695097
Dropping frame 1403638164.895097
Dropping frame 1403638164.9950972
Dropping frame 1403638165.195097
Dropping frame 1403638165.395097
Dropping frame 1403638165.4950972
Dropping frame 1403638165.5950971
Dropping frame 1403638165.7450969
Dropping frame 1403638166.3450971
Dropping frame 1403638166.645097
Dropping frame 1403638166.7450969
Dropping frame 1403638166.8450971
Dropping frame 1403638167.145097
Dropping frame 1403638167.3450971
Dropping frame 1403638167.5450969
Dropping frame 1403638167.695097
Dropping frame 1403638167.7950971
Dropping frame 1403638167.9950972
Dropping frame 1403638168.145097
Dropping frame 1403638168.2450969
Dropping frame 1403638168.4950972
Dropping frame 1403638168.5950971
Dropping frame 1403638168.695097
Dropping frame 1403638168.945097
Dropping frame 1403638169.0450969
Dropping frame 1403638170.945097
Dropping frame 1403638171.645097
Dropping frame 1403638171.7450969
Dropping frame 1403638171.9950972
Dropping frame 1403638172.0950971
Dropping frame 1403638172.195097
Dropping frame 1403638172.445097
Dropping frame 1403638172.5450969
Dropping frame 1403638172.645097
Dropping frame 1403638172.8450971
Dropping frame 1403638172.945097
Dropping frame 1403638173.0450969
Dropping frame 1403638173.5950971
Dropping frame 1403638173.695097
Dropping frame 1403638173.8450971
Dropping frame 1403638173.945097
Dropping frame 1403638174.0450969
Dropping frame 1403638174.645097
Dropping frame 1403638175.195097
Dropping frame 1403638175.445097
Dropping frame 1403638175.5450969
Dropping frame 1403638175.645097
Dropping frame 1403638175.7450969
Dropping frame 1403638175.945097
Dropping frame 1403638176.0450969
Dropping frame 1403638176.145097
Dropping frame 1403638176.3450971
Dropping frame 1403638176.5450969
Dropping frame 1403638176.645097
Dropping frame 1403638176.945097
Dropping frame 1403638177.0450969
Dropping frame 1403638177.2450969
Dropping frame 1403638177.445097
Dropping frame 1403638177.645097
Dropping frame 1403638177.895097
Dropping frame 1403638177.9950972
Dropping frame 1403638178.2450969
Dropping frame 1403638178.3450971
Dropping frame 1403638178.5950971
Dropping frame 1403638178.7950971
Dropping frame 1403638178.895097
Dropping frame 1403638179.0450969
Dropping frame 1403638179.145097
Dropping frame 1403638179.3450971
Dropping frame 1403638179.5450969
Dropping frame 1403638179.7450969
Dropping frame 1403638179.8450971
Dropping frame 1403638179.9950972
Dropping frame 1403638180.2450969
Dropping frame 1403638180.3450971
Dropping frame 1403638180.445097
Dropping frame 1403638180.645097
Dropping frame 1403638180.7450969
Dropping frame 1403638180.8450971
Dropping frame 1403638181.0450969
Dropping frame 1403638181.145097
Dropping frame 1403638181.3450971
Dropping frame 1403638181.5450969
Dropping frame 1403638181.895097
Dropping frame 1403638182.695097
Dropping frame 1403638183.3450971
Dropping frame 1403638183.645097
Dropping frame 1403638183.8450971
Dropping frame 1403638184.0950971
Dropping frame 1403638184.8450971
Dropping frame 1403638185.195097
Dropping frame 1403638185.695097
Dropping frame 1403638185.7950971
Dropping frame 1403638186.0450969
Dropping frame 1403638186.4950972
Dropping frame 1403638186.695097
Dropping frame 1403638186.7950971
Dropping frame 1403638187.0950971
Dropping frame 1403638187.2950971
Dropping frame 1403638187.4950972
Dropping frame 1403638187.695097
Dropping frame 1403638187.895097
Dropping frame 1403638188.0950971
Dropping frame 1403638188.2950971
Dropping frame 1403638188.395097
Dropping frame 1403638188.645097
Dropping frame 1403638188.8450971
Dropping frame 1403638190.5950971
Dropping frame 1403638191.0950971
Dropping frame 1403638191.395097
Dropping frame 1403638191.695097
Dropping frame 1403638191.7950971
Dropping frame 1403638191.895097
Dropping frame 1403638191.9950972
Dropping frame 1403638192.195097
Dropping frame 1403638192.395097
Dropping frame 1403638192.5950971
Dropping frame 1403638192.7950971
Dropping frame 1403638193.0950971
Dropping frame 1403638193.2950971
Dropping frame 1403638193.4950972
Dropping frame 1403638193.5950971
Dropping frame 1403638193.8450971
Dropping frame 1403638193.9950972
Dropping frame 1403638194.4950972
Dropping frame 1403638194.895097
Dropping frame 1403638194.9950972
Dropping frame 1403638195.2450969
Dropping frame 1403638195.3450971
Dropping frame 1403638195.445097
Dropping frame 1403638195.645097
Dropping frame 1403638195.7450969
Dropping frame 1403638195.8450971
Dropping frame 1403638196.0450969
Dropping frame 1403638196.145097
Dropping frame 1403638196.445097
Dropping frame 1403638196.645097
Dropping frame 1403638196.7450969
Dropping frame 1403638196.895097
Dropping frame 1403638197.0950971
Dropping frame 1403638197.2950971
Dropping frame 1403638197.645097
Dropping frame 1403638197.7450969
Dropping frame 1403638197.9950972
Dropping frame 1403638198.195097
Dropping frame 1403638198.2950971
Dropping frame 1403638198.4950972
Dropping frame 1403638198.695097
Dropping frame 1403638198.7950971
Dropping frame 1403638199.0950971
Dropping frame 1403638199.5950971
Dropping frame 1403638199.7950971
Dropping frame 1403638200.0950971
Dropping frame 1403638200.395097
Dropping frame 1403638200.5950971
Dropping frame 1403638200.7950971
Dropping frame 1403638200.895097
Dropping frame 1403638201.145097
Dropping frame 1403638201.3450971
Dropping frame 1403638201.5450969
Dropping frame 1403638201.645097
Dropping frame 1403638201.7450969
Dropping frame 1403638202.395097
Dropping frame 1403638202.695097
Dropping frame 1403638203.0950971
Dropping frame 1403638203.2950971
Dropping frame 1403638203.395097
Dropping frame 1403638203.4950972
Dropping frame 1403638204.145097
Dropping frame 1403638204.7450969
Dropping frame 1403638205.0950971
Dropping frame 1403638207.0950971
Dropping frame 1403638208.645097
Dropping frame 1403638211.0950971
Dropping frame 1403638211.695097
Dropping frame 1403638219.3450971
Dropping frame 1403638219.5950971
Dropping frame 1403638219.8450971
Dropping frame 1403638220.195097
Dropping frame 1403638220.4950972
Dropping frame 1403638220.695097
Dropping frame 1403638221.0950971
Dropping frame 1403638221.195097
Dropping frame 1403638221.445097
Dropping frame 1403638221.8450971
Dropping frame 1403638221.945097
Dropping frame 1403638222.195097
Dropping frame 1403638222.4950972
Dropping frame 1403638222.5950971
Dropping frame 1403638222.9950972
Dropping frame 1403638223.195097
Dropping frame 1403638223.2950971
Dropping frame 1403638223.5950971
Dropping frame 1403638224.2950971
Dropping frame 1403638224.395097
Dropping frame 1403638224.645097
Dropping frame 1403638224.8450971
Dropping frame 1403638225.0450969
Dropping frame 1403638225.2950971
Dropping frame 1403638225.5450969
Dropping frame 1403638225.945097
Dropping frame 1403638226.0450969
Dropping frame 1403638226.145097
Dropping frame 1403638226.3450971
Dropping frame 1403638226.4950972
Dropping frame 1403638226.5950971
Dropping frame 1403638226.8450971
Dropping frame 1403638226.945097
Dropping frame 1403638227.2950971
Dropping frame 1403638227.5950971
Dropping frame 1403638227.695097
Dropping frame 1403638227.7950971
Dropping frame 1403638228.145097
Dropping frame 1403638228.2450969
Dropping frame 1403638228.5450969
Dropping frame 1403638228.645097
Shutdown
SLAM Finished at System Time: 1740864057.99645

 TIME STATS in ms (mean$\pm$std)
OpenCV version: 4.8.1
---------------------------
Tracking

ORB Extraction: 16.932$\pm$2.3629
Stereo Matching: 7.6905$\pm$1.9113
IMU Preintegration: 0.22237$\pm$0.097543
Pose Prediction: 0.23512$\pm$0.75959
LM Track: 16.809$\pm$4.6397
New KF decision: 0.97205$\pm$1.7657
Total Tracking: 35.031$\pm$21.697



Local Mapping

KF Insertion: 14.135$\pm$5.9862
MP Culling: 0.45133$\pm$0.20636
MP Creation: 44.421$\pm$14.638
LBA: 147.13$\pm$47.081
KF Culling: 10.976$\pm$6.6354
Total Local Mapping: 217.04$\pm$60.295
---------------------------

LBA complexity (mean$\pm$std)
LBA Edges: 1527.8$\pm$919
LBA KF optimized: 6.5$\pm$2.2913
LBA KF fixed: 1$\pm$0
LBA MP: nan$\pm$nan

LBA executions: 383
LBA aborts: 0
---------------------------

Map complexity
KFs in map: 199
MPs in map: 14233
---------------------------

Place Recognition (mean$\pm$std)
Database Query: 1.9268$\pm$1.0627
SE3 estimation: 22.379$\pm$16.291
Total Place Recognition: 21.425$\pm$17.821


Loop Closing (mean$\pm$std)
Loop Fusion: nan$\pm$nan
Essential Graph: nan$\pm$nan
Total Loop Closing: nan$\pm$nan

Num exec: 0
Number of KFs: nan$\pm$nan

Map Merging (mean$\pm$std)
Merge Maps: nan$\pm$nan
Welding BA: nan$\pm$nan
Optimization Ess.: nan$\pm$nan
Total Map Merging: nan$\pm$nan

Num exec: 0
Number of KFs: nan$\pm$nan
Number of MPs: nan$\pm$nan

Full GBA (mean$\pm$std)
GBA: nan$\pm$nan
Map Update: nan$\pm$nan
Total Full GBA: nan$\pm$nan

Num exec: 0
Num abort: 0
Number of KFs: nan$\pm$nan
Number of MPs: nan$\pm$nan

Saving trajectory to f_dataset-MH04_stereo_imu.txt ...
There are 1 maps in the atlas
  Map 0 has 199 KFs

End of saving trajectory to f_dataset-MH04_stereo_imu.txt ...

Saving keyframe trajectory to kf_dataset-MH04_stereo_imu.txt ...
