num_seq = 1
file name: dataset-V203_stereo_imu
Loading images for sequence 0...LOADED!
Loading IMU for sequence 0...LOADED!

-------

ORB-SLAM3 Copyright (C) 2017-2020 Carlos Campos, Richard Elvira, Juan J. Gómez, José M.M. Montiel and Juan D. Tardós, University of Zaragoza.
ORB-SLAM2 Copyright (C) 2014-2016 Raúl Mur-Artal, José M.M. Montiel and Juan D. Tardós, University of Zaragoza.
This program comes with ABSOLUTELY NO WARRANTY;
This is free software, and you are welcome to redistribute it
under certain conditions. See LICENSE.txt.

Built with REGISTER_TIMES
Git Commit Hash: 33f00b6

Build Type: Release

Compiled with C++ version: 201703

Input sensor was set to: Stereo-Inertial
Loading settings from EuRoC_fov_mask_4x4.yaml
	-Loaded camera 1
	-Loaded camera 2
	-Loaded image info
	-Loaded IMU calibration
	-Loaded ORB settings
	-Loaded viewer settings
	-Loaded Atlas settings
FOV enabled
Static mask size: 4x4
Dumping map points enabled
	-Loaded misc parameters
	-Computed rectification maps
----------------------------------
SLAM settings: 
	-Camera 1 parameters (Pinhole): [ 458.65399169921875 457.29598999023438 367.21499633789062 248.375 ]
	-Camera 1 distortion parameters: [  -0.28340810537338257 0.073959067463874817 0.00019359000725671649 1.7618711353861727e-05 ]
	-Camera 2 parameters (Pinhole: [ 457.58700561523438 456.13400268554688 379.99899291992188 255.23800659179688 ]
	-Camera 1 distortion parameters: [  -0.2836836576461792 0.074512839317321777 -0.00010473000293131918 -3.555907096597366e-05 ]
	-Original image size: [ 752 , 480 ]
	-Current image size: [ 752 , 480 ]
	-Camera 1 parameters after rectification: [  456.71499633789062 456.71499633789062 364.52615356445312 257.268798828125 ]
	-Sequence FPS: 20
	-Stereo baseline: 0.11007784307003021
	-Stereo depth threshold : 60
	-Gyro noise: 0.00016999999934341758
	-Accelerometer noise: 0.0020000000949949026
	-Gyro walk: 1.9392999092815444e-05
	-Accelerometer walk: 0.0030000000260770321
	-IMU frequency: 200
	-Features per image: 1200
	-ORB scale factor: 1.2000000476837158
	-ORB number of scales: 8
	-Initial FAST threshold: 20
	-Min FAST threshold: 7


Loading ORB Vocabulary. This could take a while...
Vocabulary loaded!

Initialization of Atlas from scratch 
Creation of new map with id: 0
Creation of new map with last KF id: 0
Seq. Name: 
There are 1 cameras in the atlas
Camera 0 is pinhole
SLAM Started at System Time: 1747069351.45658
not IMU meas
not IMU meas
not enough acceleration
not enough acceleration
not enough acceleration
not enough acceleration
not enough acceleration
not enough acceleration
not enough acceleration
not enough acceleration
not enough acceleration
not enough acceleration
not enough acceleration
not enough acceleration
not enough acceleration
not enough acceleration
not enough acceleration
not enough acceleration
not enough acceleration
not enough acceleration
not enough acceleration
not enough acceleration
not enough acceleration
not enough acceleration
not enough acceleration
not enough acceleration
not enough acceleration
not enough acceleration
not enough acceleration
not enough acceleration
not enough acceleration
not enough acceleration
not enough acceleration
not enough acceleration
not enough acceleration
not enough acceleration
not enough acceleration
not enough acceleration
not enough acceleration
not enough acceleration
not enough acceleration
not enough acceleration
not enough acceleration
not enough acceleration
not enough acceleration
not enough acceleration
not enough acceleration
not enough acceleration
not enough acceleration
not enough acceleration
not enough acceleration
not enough acceleration
not enough acceleration
not enough acceleration
not enough acceleration
not enough acceleration
not enough acceleration
not enough acceleration
not enough acceleration
not enough acceleration
not enough acceleration
not enough acceleration
not enough acceleration
not enough acceleration
not enough acceleration
not enough acceleration
not enough acceleration
not enough acceleration
not enough acceleration
not enough acceleration
not enough acceleration
not enough acceleration
not enough acceleration
not enough acceleration
not enough acceleration
not enough acceleration
not enough acceleration
not enough acceleration
not enough acceleration
not enough acceleration
not enough acceleration
not enough acceleration
not enough acceleration
not enough acceleration
not enough acceleration
not enough acceleration
not enough acceleration
not enough acceleration
not enough acceleration
not enough acceleration
not enough acceleration
not enough acceleration
not enough acceleration
not enough acceleration
not enough acceleration
not enough acceleration
not enough acceleration
not enough acceleration
not enough acceleration
not enough acceleration
not enough acceleration
not enough acceleration
not enough acceleration
not enough acceleration
not enough acceleration
not enough acceleration
not enough acceleration
not enough acceleration
not enough acceleration
First KF:0; Map init KF:0
New Map created with 369 points
Active map: 0
Fail to track local map!
IMU is not or recently initialized. Reseting active map...
LM: Active map reset recieved
LM: Active map reset, waiting...
LM: Reseting current map in Local Mapping...
LM: End reseting Local Mapping...
LM: Reset free the mutex
LM: Active map reset, Done!!!
mnFirstFrameId = 109
mnInitialFrameId = 0
51 Frames set to lost
First KF:10; Map init KF:0
New Map created with 258 points
Active map: 0
Fail to track local map!
IMU is not or recently initialized. Reseting active map...
LM: Active map reset recieved
LM: Active map reset, waiting...
LM: Reseting current map in Local Mapping...
LM: End reseting Local Mapping...
LM: Reset free the mutex
LM: Active map reset, Done!!!
mnFirstFrameId = 165
mnInitialFrameId = 159
102 Frames set to lost
not enough acceleration
not enough acceleration
not enough acceleration
not enough acceleration
not enough acceleration
not enough acceleration
First KF:20; Map init KF:10
New Map created with 450 points
Active map: 0
Fail to track local map!
IMU is not or recently initialized. Reseting active map...
LM: Active map reset recieved
LM: Active map reset, waiting...
LM: Reseting current map in Local Mapping...
LM: End reseting Local Mapping...
LM: Reset free the mutex
LM: Active map reset, Done!!!
mnFirstFrameId = 233
mnInitialFrameId = 215
128 Frames set to lost
First KF:26; Map init KF:20
New Map created with 285 points
Active map: 0
Fail to track local map!
IMU is not or recently initialized. Reseting active map...
LM: Active map reset recieved
LM: Active map reset, waiting...
LM: Reseting current map in Local Mapping...
LM: End reseting Local Mapping...
LM: Reset free the mutex
LM: Active map reset, Done!!!
mnFirstFrameId = 269
mnInitialFrameId = 258
179 Frames set to lost
not IMU meas
not enough acceleration
not enough acceleration
First KF:36; Map init KF:26
New Map created with 260 points
Active map: 0
Fail to track local map!
IMU is not or recently initialized. Reseting active map...
LM: Active map reset recieved
LM: Active map reset, waiting...
LM: Reseting current map in Local Mapping...
LM: End reseting Local Mapping...
LM: Reset free the mutex
LM: Active map reset, Done!!!
mnFirstFrameId = 323
mnInitialFrameId = 319
270 Frames set to lost
not IMU meas
not enough acceleration
not enough acceleration
not enough acceleration
First KF:66; Map init KF:36
New Map created with 447 points
Active map: 0
Fail to track local map!
IMU is not or recently initialized. Reseting active map...
LM: Active map reset recieved
LM: Active map reset, waiting...
LM: Reseting current map in Local Mapping...
LM: End reseting Local Mapping...
LM: Reset free the mutex
LM: Active map reset, Done!!!
mnFirstFrameId = 418
mnInitialFrameId = 413
316 Frames set to lost
not IMU meas
not enough acceleration
First KF:76; Map init KF:66
New Map created with 659 points
Active map: 0
Fail to track local map!
IMU is not or recently initialized. Reseting active map...
LM: Active map reset recieved
LM: Active map reset, waiting...
LM: Reseting current map in Local Mapping...
LM: End reseting Local Mapping...
LM: Reset free the mutex
LM: Active map reset, Done!!!
mnFirstFrameId = 466
mnInitialFrameId = 463
364 Frames set to lost
not IMU meas
not enough acceleration
First KF:86; Map init KF:76
New Map created with 572 points
Active map: 0
Fail to track local map!
IMU is not or recently initialized. Reseting active map...
LM: Active map reset recieved
LM: Active map reset, waiting...
LM: Reseting current map in Local Mapping...
LM: End reseting Local Mapping...
LM: Reset free the mutex
LM: Active map reset, Done!!!
mnFirstFrameId = 516
mnInitialFrameId = 513
370 Frames set to lost
not IMU meas
not enough acceleration
not enough acceleration
First KF:88; Map init KF:86
New Map created with 562 points
Active map: 0
start VIBA 1
end VIBA 1
Fail to track local map!
IMU is not or recently initialized. Reseting active map...
LM: Active map reset recieved
LM: Active map reset, waiting...
LM: Reseting current map in Local Mapping...
LM: End reseting Local Mapping...
LM: Reset free the mutex
LM: Active map reset, Done!!!
mnFirstFrameId = 525
mnInitialFrameId = 521
573 Frames set to lost
not enough acceleration
First KF:179; Map init KF:88
New Map created with 80 points
Active map: 0
Fail to track local map!
IMU is not or recently initialized. Reseting active map...
LM: Active map reset recieved
LM: Active map reset, waiting...
LM: Reseting current map in Local Mapping...
LM: End reseting Local Mapping...
LM: Reset free the mutex
LM: Active map reset, Done!!!
mnFirstFrameId = 733
mnInitialFrameId = 727
575 Frames set to lost
not IMU meas
not enough acceleration
not enough acceleration
First KF:180; Map init KF:179
New Map created with 127 points
Active map: 0
Fail to track local map!
IMU is not or recently initialized. Reseting active map...
LM: Active map reset recieved
LM: Active map reset, waiting...
LM: Reseting current map in Local Mapping...
LM: End reseting Local Mapping...
LM: Reset free the mutex
LM: Active map reset, Done!!!
mnFirstFrameId = 738
mnInitialFrameId = 734
578 Frames set to lost
not IMU meas
First KF:181; Map init KF:180
New Map created with 107 points
Active map: 0
Fail to track local map!
IMU is not or recently initialized. Reseting active map...
LM: Active map reset recieved
LM: Active map reset, waiting...
LM: Reseting current map in Local Mapping...
LM: End reseting Local Mapping...
LM: Reset free the mutex
LM: Active map reset, Done!!!
mnFirstFrameId = 742
mnInitialFrameId = 740
581 Frames set to lost
not IMU meas
First KF:182; Map init KF:181
New Map created with 95 points
Active map: 0
Fail to track local map!
IMU is not or recently initialized. Reseting active map...
LM: Active map reset recieved
LM: Active map reset, waiting...
LM: Reseting current map in Local Mapping...
LM: End reseting Local Mapping...
LM: Reset free the mutex
LM: Active map reset, Done!!!
mnFirstFrameId = 746
mnInitialFrameId = 744
584 Frames set to lost
First KF:183; Map init KF:182
New Map created with 79 points
Active map: 0
Fail to track local map!
IMU is not or recently initialized. Reseting active map...
LM: Active map reset recieved
LM: Active map reset, waiting...
LM: Reseting current map in Local Mapping...
LM: End reseting Local Mapping...
LM: Reset free the mutex
LM: Active map reset, Done!!!
mnFirstFrameId = 753
mnInitialFrameId = 748
586 Frames set to lost
not IMU meas
not enough acceleration
not enough acceleration
not enough acceleration
First KF:184; Map init KF:183
New Map created with 99 points
Active map: 0
Fail to track local map!
IMU is not or recently initialized. Reseting active map...
LM: Active map reset recieved
LM: Active map reset, waiting...
LM: Reseting current map in Local Mapping...
LM: End reseting Local Mapping...
LM: Reset free the mutex
LM: Active map reset, Done!!!
mnFirstFrameId = 760
mnInitialFrameId = 754
588 Frames set to lost
not IMU meas
First KF:185; Map init KF:184
New Map created with 368 points
Active map: 0
Fail to track local map!
IMU is not or recently initialized. Reseting active map...
LM: Active map reset recieved
LM: Active map reset, waiting...
LM: Reseting current map in Local Mapping...
LM: End reseting Local Mapping...
LM: Reset free the mutex
LM: Active map reset, Done!!!
mnFirstFrameId = 828
mnInitialFrameId = 761
637 Frames set to lost
not enough acceleration
not enough acceleration
First KF:195; Map init KF:185
New Map created with 515 points
Active map: 0
Fail to track local map!
IMU is not or recently initialized. Reseting active map...
LM: Active map reset recieved
LM: Active map reset, waiting...
LM: Reseting current map in Local Mapping...
LM: End reseting Local Mapping...
LM: Reset free the mutex
LM: Active map reset, Done!!!
mnFirstFrameId = 935
mnInitialFrameId = 876
716 Frames set to lost
not enough acceleration
not enough acceleration
not enough acceleration
not enough acceleration
not enough acceleration
not enough acceleration
First KF:214; Map init KF:195
New Map created with 236 points
Active map: 0
Fail to track local map!
IMU is not or recently initialized. Reseting active map...
LM: Active map reset recieved
LM: Active map reset, waiting...
LM: Reseting current map in Local Mapping...
LM: End reseting Local Mapping...
LM: Reset free the mutex
LM: Active map reset, Done!!!
mnFirstFrameId = 1025
mnInitialFrameId = 1013
720 Frames set to lost
not IMU meas
First KF:216; Map init KF:214
New Map created with 86 points
Active map: 0
Fail to track local map!
IMU is not or recently initialized. Reseting active map...
LM: Active map reset recieved
LM: Active map reset, waiting...
LM: Reseting current map in Local Mapping...
LM: End reseting Local Mapping...
LM: Reset free the mutex
LM: Active map reset, Done!!!
mnFirstFrameId = 1030
mnInitialFrameId = 1028
722 Frames set to lost
not IMU meas
not enough acceleration
First KF:217; Map init KF:216
New Map created with 109 points
Active map: 0
Fail to track local map!
IMU is not or recently initialized. Reseting active map...
LM: Active map reset recieved
LM: Active map reset, waiting...
LM: Reseting current map in Local Mapping...
LM: End reseting Local Mapping...
LM: Reset free the mutex
LM: Active map reset, Done!!!
mnFirstFrameId = 1034
mnInitialFrameId = 1031
725 Frames set to lost
not IMU meas
not enough acceleration
First KF:218; Map init KF:217
New Map created with 152 points
Active map: 0
Fail to track local map!
IMU is not or recently initialized. Reseting active map...
LM: Active map reset recieved
LM: Active map reset, waiting...
LM: Reseting current map in Local Mapping...
LM: End reseting Local Mapping...
LM: Reset free the mutex
LM: Active map reset, Done!!!
mnFirstFrameId = 1039
mnInitialFrameId = 1036
740 Frames set to lost
not IMU meas
First KF:223; Map init KF:218
New Map created with 385 points
Active map: 0
Fail to track local map!
IMU is not or recently initialized. Reseting active map...
LM: Active map reset recieved
LM: Active map reset, waiting...
LM: Reseting current map in Local Mapping...
LM: End reseting Local Mapping...
LM: Reset free the mutex
LM: Active map reset, Done!!!
mnFirstFrameId = 1055
mnInitialFrameId = 1053
787 Frames set to lost
not IMU meas
First KF:233; Map init KF:223
New Map created with 749 points
Active map: 0
Fail to track local map!
IMU is not or recently initialized. Reseting active map...
LM: Active map reset recieved
LM: Active map reset, waiting...
LM: Reseting current map in Local Mapping...
LM: End reseting Local Mapping...
LM: Reset free the mutex
LM: Active map reset, Done!!!
mnFirstFrameId = 1103
mnInitialFrameId = 1101
862 Frames set to lost
First KF:264; Map init KF:233
New Map created with 168 points
Active map: 0
Fail to track local map!
IMU is not or recently initialized. Reseting active map...
LM: Active map reset recieved
LM: Active map reset, waiting...
LM: Reseting current map in Local Mapping...
LM: End reseting Local Mapping...
LM: Reset free the mutex
LM: Active map reset, Done!!!
mnFirstFrameId = 1181
mnInitialFrameId = 1177
864 Frames set to lost
not IMU meas
not enough acceleration
First KF:265; Map init KF:264
New Map created with 256 points
Active map: 0
TRACK_REF_KF: Less than 15 matches!!
Fail to track local map!
LM: Active map reset recieved
LM: Active map reset, waiting...
LM: Reseting current map in Local Mapping...
LM: End reseting Local Mapping...
LM: Reset free the mutex
LM: Active map reset, Done!!!
mnFirstFrameId = 1185
mnInitialFrameId = 1182
865 Frames set to lost
not IMU meas
First KF:266; Map init KF:265
New Map created with 113 points
Active map: 0
Fail to track local map!
IMU is not or recently initialized. Reseting active map...
LM: Active map reset recieved
LM: Active map reset, waiting...
LM: Reseting current map in Local Mapping...
LM: End reseting Local Mapping...
LM: Reset free the mutex
LM: Active map reset, Done!!!
mnFirstFrameId = 1194
mnInitialFrameId = 1186
867 Frames set to lost
not IMU meas
First KF:267; Map init KF:266
New Map created with 173 points
Active map: 0
Fail to track local map!
IMU is not or recently initialized. Reseting active map...
LM: Active map reset recieved
LM: Active map reset, waiting...
LM: Reseting current map in Local Mapping...
LM: End reseting Local Mapping...
LM: Reset free the mutex
LM: Active map reset, Done!!!
mnFirstFrameId = 1197
mnInitialFrameId = 1195
869 Frames set to lost
not enough acceleration
First KF:268; Map init KF:267
New Map created with 159 points
Active map: 0
TRACK_REF_KF: Less than 15 matches!!
Fail to track local map!
LM: Active map reset recieved
LM: Active map reset, waiting...
LM: Reseting current map in Local Mapping...
LM: End reseting Local Mapping...
LM: Reset free the mutex
LM: Active map reset, Done!!!
mnFirstFrameId = 1208
mnInitialFrameId = 1198
870 Frames set to lost
First KF:269; Map init KF:268
New Map created with 110 points
Active map: 0
Fail to track local map!
IMU is not or recently initialized. Reseting active map...
LM: Active map reset recieved
LM: Active map reset, waiting...
LM: Reseting current map in Local Mapping...
LM: End reseting Local Mapping...
LM: Reset free the mutex
LM: Active map reset, Done!!!
mnFirstFrameId = 1229
mnInitialFrameId = 1209
874 Frames set to lost
not enough acceleration
First KF:271; Map init KF:269
New Map created with 100 points
Active map: 0
TRACK_REF_KF: Less than 15 matches!!
Fail to track local map!
LM: Active map reset recieved
LM: Active map reset, waiting...
LM: Reseting current map in Local Mapping...
LM: End reseting Local Mapping...
LM: Reset free the mutex
LM: Active map reset, Done!!!
mnFirstFrameId = 1237
mnInitialFrameId = 1232
875 Frames set to lost
not IMU meas
First KF:272; Map init KF:271
New Map created with 115 points
Active map: 0
Fail to track local map!
IMU is not or recently initialized. Reseting active map...
LM: Active map reset recieved
LM: Active map reset, waiting...
LM: Reseting current map in Local Mapping...
LM: End reseting Local Mapping...
LM: Reset free the mutex
LM: Active map reset, Done!!!
mnFirstFrameId = 1240
mnInitialFrameId = 1238
877 Frames set to lost
not IMU meas
First KF:273; Map init KF:272
New Map created with 70 points
Active map: 0
TRACK_REF_KF: Less than 15 matches!!
Fail to track local map!
LM: Active map reset recieved
LM: Active map reset, waiting...
LM: Reseting current map in Local Mapping...
LM: End reseting Local Mapping...
LM: Reset free the mutex
LM: Active map reset, Done!!!
mnFirstFrameId = 1243
mnInitialFrameId = 1241
878 Frames set to lost
First KF:274; Map init KF:273
New Map created with 64 points
Active map: 0
TRACK_REF_KF: Less than 15 matches!!
Fail to track local map!
LM: Active map reset recieved
LM: Active map reset, waiting...
LM: Reseting current map in Local Mapping...
LM: End reseting Local Mapping...
LM: Reset free the mutex
LM: Active map reset, Done!!!
mnFirstFrameId = 1247
mnInitialFrameId = 1244
879 Frames set to lost
not IMU meas
not enough acceleration
not enough acceleration
First KF:275; Map init KF:274
New Map created with 314 points
Active map: 0
start VIBA 1
end VIBA 1
start VIBA 2
Fail to track local map!
end VIBA 2
Fail to track local map!
Fail to track local map!
Fail to track local map!
Fail to track local map!
Fail to track local map!
Fail to track local map!
Fail to track local map!
Fail to track local map!
Fail to track local map!
Fail to track local map!
Fail to track local map!
Fail to track local map!
Fail to track local map!
Fail to track local map!
Fail to track local map!
Fail to track local map!
Fail to track local map!
Fail to track local map!
Fail to track local map!
Fail to track local map!
Fail to track local map!
Fail to track local map!
Fail to track local map!
Fail to track local map!
Fail to track local map!
Fail to track local map!
Fail to track local map!
Fail to track local map!
Fail to track local map!
Fail to track local map!
Fail to track local map!
Fail to track local map!
Fail to track local map!
Fail to track local map!
Fail to track local map!
Fail to track local map!
Fail to track local map!
Fail to track local map!
Fail to track local map!
Shutdown
SLAM Finished at System Time: 1747069487.05207

 TIME STATS in ms (mean$\pm$std)
OpenCV version: 4.8.1
---------------------------
Tracking

ORB Extraction: 11.594$\pm$1.7956
Stereo Matching: 5.8906$\pm$2.7267
IMU Preintegration: 0.14761$\pm$0.047857
Pose Prediction: 2.0745$\pm$2.7671
LM Track: 9.514$\pm$4.6063
New KF decision: 1.6026$\pm$2.674
Total Tracking: 32.507$\pm$9.4526



Local Mapping

KF Insertion: 6.7606$\pm$2.6566
MP Culling: 0.35277$\pm$0.21727
MP Creation: 18.777$\pm$11.736
LBA: 52.837$\pm$20.132
KF Culling: 3.1974$\pm$7.2677
Total Local Mapping: 77.616$\pm$38.898
---------------------------

LBA complexity (mean$\pm$std)
LBA Edges: 1602.1$\pm$759.34
LBA KF optimized: 5.8641$\pm$2.0951
LBA KF fixed: 1.3398$\pm$1.1021
LBA MP: nan$\pm$nan

LBA executions: 481
LBA aborts: 0
---------------------------

Map complexity
KFs in map: 102
MPs in map: 4202
---------------------------

Place Recognition (mean$\pm$std)
Database Query: 0.73647$\pm$0.37786
SE3 estimation: 6.189$\pm$4.7995
Total Place Recognition: 2.0852$\pm$4.0228


Loop Closing (mean$\pm$std)
Loop Fusion: nan$\pm$nan
Essential Graph: nan$\pm$nan
Total Loop Closing: nan$\pm$nan

Num exec: 0
Number of KFs: nan$\pm$nan

Map Merging (mean$\pm$std)
Merge Maps: nan$\pm$nan
Welding BA: nan$\pm$nan
Optimization Ess.: nan$\pm$nan
Total Map Merging: nan$\pm$nan

Num exec: 0
Number of KFs: nan$\pm$nan
Number of MPs: nan$\pm$nan

Full GBA (mean$\pm$std)
GBA: nan$\pm$nan
Map Update: nan$\pm$nan
Total Full GBA: nan$\pm$nan

Num exec: 0
Num abort: 0
Number of KFs: nan$\pm$nan
Number of MPs: nan$\pm$nan

Saving trajectory to f_dataset-V203_stereo_imu.txt ...
There are 1 maps in the atlas
  Map 0 has 102 KFs

End of saving trajectory to f_dataset-V203_stereo_imu.txt ...

Saving keyframe trajectory to kf_dataset-V203_stereo_imu.txt ...
