num_seq = 1
file name: dataset-MH02_stereo_imu
Loading images for sequence 0...LOADED!
Loading IMU for sequence 0...LOADED!

-------

ORB-SLAM3 Copyright (C) 2017-2020 Carlos Campos, Richard Elvira, Juan J. Gómez, José M.M. Montiel and Juan D. Tardós, University of Zaragoza.
ORB-SLAM2 Copyright (C) 2014-2016 Raúl Mur-Artal, José M.M. Montiel and Juan D. Tardós, University of Zaragoza.
This program comes with ABSOLUTELY NO WARRANTY;
This is free software, and you are welcome to redistribute it
under certain conditions. See LICENSE.txt.

Built with REGISTER_TIMES
Git Commit Hash: 2d47524

Build Type: Release

Compiled with C++ version: 201703

Input sensor was set to: Stereo-Inertial
Loading settings from EuRoC_fov_deadlines_mask_18x18.yaml
	-Loaded camera 1
	-Loaded camera 2
	-Loaded image info
	-Loaded IMU calibration
	-Loaded ORB settings
	-Loaded viewer settings
	-Loaded Atlas settings
Deadlines enabled, will skip frames!
FOV enabled
Static mask size: 18x18
Dumping map points enabled
	-Loaded misc parameters
	-Computed rectification maps
----------------------------------
SLAM settings: 
	-Camera 1 parameters (Pinhole): [ 458.65399169921875 457.29598999023438 367.21499633789062 248.375 ]
	-Camera 1 distortion parameters: [  -0.28340810537338257 0.073959067463874817 0.00019359000725671649 1.7618711353861727e-05 ]
	-Camera 2 parameters (Pinhole: [ 457.58700561523438 456.13400268554688 379.99899291992188 255.23800659179688 ]
	-Camera 1 distortion parameters: [  -0.2836836576461792 0.074512839317321777 -0.00010473000293131918 -3.555907096597366e-05 ]
	-Original image size: [ 752 , 480 ]
	-Current image size: [ 752 , 480 ]
	-Camera 1 parameters after rectification: [  456.71499633789062 456.71499633789062 364.52615356445312 257.268798828125 ]
	-Sequence FPS: 20
	-Stereo baseline: 0.11007784307003021
	-Stereo depth threshold : 60
	-Gyro noise: 0.00016999999934341758
	-Accelerometer noise: 0.0020000000949949026
	-Gyro walk: 1.9392999092815444e-05
	-Accelerometer walk: 0.0030000000260770321
	-IMU frequency: 200
	-Features per image: 1200
	-ORB scale factor: 1.2000000476837158
	-ORB number of scales: 8
	-Initial FAST threshold: 20
	-Min FAST threshold: 7


Loading ORB Vocabulary. This could take a while...
Vocabulary loaded!

Initialization of Atlas from scratch 
Creation of new map with id: 0
Creation of new map with last KF id: 0
Seq. Name: 
There are 1 cameras in the atlas
Camera 0 is pinhole
SLAM Started at System Time: 1742828742.80397
not IMU meas
not IMU meas
not enough acceleration
not enough acceleration
not enough acceleration
not enough acceleration
not enough acceleration
not enough acceleration
First KF:0; Map init KF:0
New Map created with 192 points
Active map: 0
Dropping frame 1403636859.1516664
Dropping frame 1403636859.5516665
Dropping frame 1403636859.8516665
Dropping frame 1403636859.9516664
Dropping frame 1403636860.3016665
Dropping frame 1403636860.5016665
Dropping frame 1403636860.6016665
Dropping frame 1403636860.7016666
Dropping frame 1403636860.8516665
Dropping frame 1403636861.1016665
Dropping frame 1403636861.4016666
Dropping frame 1403636861.6016665
Dropping frame 1403636861.8516665
Dropping frame 1403636862.0516665
Dropping frame 1403636862.2516665
Dropping frame 1403636862.5016665
Dropping frame 1403636862.6516664
Dropping frame 1403636862.9016666
Dropping frame 1403636863.0016665
Dropping frame 1403636863.1016665
Dropping frame 1403636863.3016665
Dropping frame 1403636863.4016666
Dropping frame 1403636863.5016665
Dropping frame 1403636863.7516665
Dropping frame 1403636863.8516665
Dropping frame 1403636864.1016665
Dropping frame 1403636864.2016666
Dropping frame 1403636864.4516664
start VIBA 1
end VIBA 1
Dropping frame 1403636864.6516664
Dropping frame 1403636864.8516665
Dropping frame 1403636864.9516664
Dropping frame 1403636865.1516664
Dropping frame 1403636865.2516665
Dropping frame 1403636865.3516665
Dropping frame 1403636865.6016665
Dropping frame 1403636865.8016665
Dropping frame 1403636866.0016665
Dropping frame 1403636866.1016665
Dropping frame 1403636866.2016666
Dropping frame 1403636866.4016666
Dropping frame 1403636866.6016665
Dropping frame 1403636866.8016665
Dropping frame 1403636866.9016666
Dropping frame 1403636867.0016665
Dropping frame 1403636867.2516665
Dropping frame 1403636867.4516664
Dropping frame 1403636867.6516664
Dropping frame 1403636867.8516665
Dropping frame 1403636868.0516665
Dropping frame 1403636868.1516664
Dropping frame 1403636868.2516665
Dropping frame 1403636868.5016665
Dropping frame 1403636868.6016665
Dropping frame 1403636868.7016666
Dropping frame 1403636868.9016666
Dropping frame 1403636869.0016665
Dropping frame 1403636869.1016665
Dropping frame 1403636869.3016665
Dropping frame 1403636869.5016665
Dropping frame 1403636869.6016665
Dropping frame 1403636869.7016666
Dropping frame 1403636869.9016666
Dropping frame 1403636870.1016665
Dropping frame 1403636870.3016665
Dropping frame 1403636870.4016666
Dropping frame 1403636870.7016666
Dropping frame 1403636870.8016665
Dropping frame 1403636870.9016666
Dropping frame 1403636871.1016665
Dropping frame 1403636871.2016666
Dropping frame 1403636871.3016665
Dropping frame 1403636871.5016665
Dropping frame 1403636871.7016666
Dropping frame 1403636871.9016666
Dropping frame 1403636872.0016665
Dropping frame 1403636872.2516665
Dropping frame 1403636872.3516665
Dropping frame 1403636872.4516664
Dropping frame 1403636872.6516664
Dropping frame 1403636872.7516665
Dropping frame 1403636872.8516665
Dropping frame 1403636873.0516665
Dropping frame 1403636873.2516665
Dropping frame 1403636873.4516664
Dropping frame 1403636873.5516665
Dropping frame 1403636873.7016666
Dropping frame 1403636873.9016666
Dropping frame 1403636874.0016665
Dropping frame 1403636874.1016665
Dropping frame 1403636874.3016665
Dropping frame 1403636874.4016666
Dropping frame 1403636874.5016665
Dropping frame 1403636874.9516664
start VIBA 2
end VIBA 2
Dropping frame 1403636875.2516665
Dropping frame 1403636875.4516664
Dropping frame 1403636875.6516664
Dropping frame 1403636875.8016665
Dropping frame 1403636876.2016666
Dropping frame 1403636876.4016666
Dropping frame 1403636876.5016665
Dropping frame 1403636876.7516665
Dropping frame 1403636876.9516664
Dropping frame 1403636877.1516664
Dropping frame 1403636877.2516665
Dropping frame 1403636877.3516665
Dropping frame 1403636877.5516665
Dropping frame 1403636877.6516664
Dropping frame 1403636877.7516665
Dropping frame 1403636878.1016665
Dropping frame 1403636878.3016665
Dropping frame 1403636878.4016666
Dropping frame 1403636878.5016665
Dropping frame 1403636878.7016666
Dropping frame 1403636879.0016665
Dropping frame 1403636879.1016665
Dropping frame 1403636879.3516665
Dropping frame 1403636879.5516665
Dropping frame 1403636879.7016666
Dropping frame 1403636879.8016665
Dropping frame 1403636879.9016666
Dropping frame 1403636880.2516665
Dropping frame 1403636880.4516664
Dropping frame 1403636880.6016665
Dropping frame 1403636880.8016665
Dropping frame 1403636881.0016665
Dropping frame 1403636881.2016666
Dropping frame 1403636881.3016665
Dropping frame 1403636881.5516665
Dropping frame 1403636881.6516664
Dropping frame 1403636881.9016666
Dropping frame 1403636882.0016665
Dropping frame 1403636882.2516665
Dropping frame 1403636882.5016665
Dropping frame 1403636882.8016665
Dropping frame 1403636883.1516664
Dropping frame 1403636883.2516665
Dropping frame 1403636883.5016665
Dropping frame 1403636883.7016666
Dropping frame 1403636883.9016666
Dropping frame 1403636884.0016665
Dropping frame 1403636884.1016665
Dropping frame 1403636884.3016665
Dropping frame 1403636884.4016666
Dropping frame 1403636884.7016666
Dropping frame 1403636884.8016665
Dropping frame 1403636885.0016665
Dropping frame 1403636885.2016666
Dropping frame 1403636885.3016665
Dropping frame 1403636885.5016665
Dropping frame 1403636885.8016665
Dropping frame 1403636886.0016665
Dropping frame 1403636886.2016666
Dropping frame 1403636886.3016665
Dropping frame 1403636886.5516665
Dropping frame 1403636886.7516665
Dropping frame 1403636887.4516664
Dropping frame 1403636887.6516664
Dropping frame 1403636887.9016666
Dropping frame 1403636888.2016666
Dropping frame 1403636888.3516665
Dropping frame 1403636888.5516665
Dropping frame 1403636888.8016665
Dropping frame 1403636889.0016665
Dropping frame 1403636889.3516665
Dropping frame 1403636889.4516664
Dropping frame 1403636889.7016666
Dropping frame 1403636889.9016666
Dropping frame 1403636890.2516665
Dropping frame 1403636890.5516665
Dropping frame 1403636891.0016665
Dropping frame 1403636891.2016666
Dropping frame 1403636891.5016665
Dropping frame 1403636891.8516665
Dropping frame 1403636892.0516665
Dropping frame 1403636892.3516665
Dropping frame 1403636892.6516664
Dropping frame 1403636892.8516665
Dropping frame 1403636893.0516665
Dropping frame 1403636893.3516665
Dropping frame 1403636893.4516664
Dropping frame 1403636893.6516664
Dropping frame 1403636894.0016665
Dropping frame 1403636894.2016666
Dropping frame 1403636894.4516664
Dropping frame 1403636894.7516665
Dropping frame 1403636895.1016665
Dropping frame 1403636895.4016666
Dropping frame 1403636895.7516665
Dropping frame 1403636895.8516665
Dropping frame 1403636895.9516664
Dropping frame 1403636896.1516664
Dropping frame 1403636896.4016666
Dropping frame 1403636896.5016665
Dropping frame 1403636896.7516665
Dropping frame 1403636896.8516665
Dropping frame 1403636897.1016665
Dropping frame 1403636897.2016666
Dropping frame 1403636897.4516664
Dropping frame 1403636897.6516664
Dropping frame 1403636897.7516665
Dropping frame 1403636897.8516665
Dropping frame 1403636897.9516664
Dropping frame 1403636898.1516664
Dropping frame 1403636898.4516664
Dropping frame 1403636898.5516665
Dropping frame 1403636898.7516665
Dropping frame 1403636898.9516664
Dropping frame 1403636899.0516665
Dropping frame 1403636899.3516665
Dropping frame 1403636899.5016665
Dropping frame 1403636899.7516665
Dropping frame 1403636899.8516665
Dropping frame 1403636899.9516664
Dropping frame 1403636900.2516665
Dropping frame 1403636900.5016665
Dropping frame 1403636900.9016666
Dropping frame 1403636901.2516665
Dropping frame 1403636901.5516665
Dropping frame 1403636902.0016665
Dropping frame 1403636902.2016666
Dropping frame 1403636902.5016665
Dropping frame 1403636902.7016666
Dropping frame 1403636902.9016666
Dropping frame 1403636903.1516664
Dropping frame 1403636903.3516665
Dropping frame 1403636903.6516664
Dropping frame 1403636903.8016665
Dropping frame 1403636904.0016665
Dropping frame 1403636904.3016665
Dropping frame 1403636904.5516665
Dropping frame 1403636904.7516665
Dropping frame 1403636905.0516665
Dropping frame 1403636905.2516665
Dropping frame 1403636905.5516665
Dropping frame 1403636905.7516665
Dropping frame 1403636905.9516664
Dropping frame 1403636906.2016666
Dropping frame 1403636906.3016665
Dropping frame 1403636906.5016665
Dropping frame 1403636907.0016665
Dropping frame 1403636907.3516665
Dropping frame 1403636907.4516664
Dropping frame 1403636907.7016666
Dropping frame 1403636907.8516665
Dropping frame 1403636908.1516664
Dropping frame 1403636908.3516665
Dropping frame 1403636908.6016665
Dropping frame 1403636908.8016665
Dropping frame 1403636908.9516664
Dropping frame 1403636909.2016666
Dropping frame 1403636909.5016665
Dropping frame 1403636909.8016665
Dropping frame 1403636910.0516665
Dropping frame 1403636910.4516664
Dropping frame 1403636910.8016665
Dropping frame 1403636911.1516664
Dropping frame 1403636911.3016665
Dropping frame 1403636911.4516664
Dropping frame 1403636912.8516665
Dropping frame 1403636913.4016666
Dropping frame 1403636913.6016665
Dropping frame 1403636913.9016666
Dropping frame 1403636914.0516665
Dropping frame 1403636914.3516665
Dropping frame 1403636914.7516665
Dropping frame 1403636915.0516665
Dropping frame 1403636915.4016666
Dropping frame 1403636915.5016665
Dropping frame 1403636915.8016665
Dropping frame 1403636916.0016665
Dropping frame 1403636916.3016665
Dropping frame 1403636916.4016666
Dropping frame 1403636916.5516665
Dropping frame 1403636916.9016666
Dropping frame 1403636917.1516664
Dropping frame 1403636917.3516665
Dropping frame 1403636917.6516664
Dropping frame 1403636918.0016665
Dropping frame 1403636918.4016666
Dropping frame 1403636918.6016665
Dropping frame 1403636918.8516665
Dropping frame 1403636919.3016665
Dropping frame 1403636919.5016665
Dropping frame 1403636919.7016666
Dropping frame 1403636919.8016665
Dropping frame 1403636920.0516665
Dropping frame 1403636920.4016666
Dropping frame 1403636920.6016665
Dropping frame 1403636920.7516665
Dropping frame 1403636921.1516664
Dropping frame 1403636921.3016665
Dropping frame 1403636921.4016666
Dropping frame 1403636921.6016665
Dropping frame 1403636921.8016665
Dropping frame 1403636922.1516664
Dropping frame 1403636922.4516664
Dropping frame 1403636922.8016665
Dropping frame 1403636923.0516665
Dropping frame 1403636923.3016665
Dropping frame 1403636923.5516665
Dropping frame 1403636923.7516665
Dropping frame 1403636923.9516664
Dropping frame 1403636924.0516665
Dropping frame 1403636924.4016666
Dropping frame 1403636924.6016665
Dropping frame 1403636924.8016665
Dropping frame 1403636924.9016666
Dropping frame 1403636925.0016665
Dropping frame 1403636925.3016665
Dropping frame 1403636925.4016666
Dropping frame 1403636925.6016665
Dropping frame 1403636925.7016666
Dropping frame 1403636925.8016665
Dropping frame 1403636926.2016666
Dropping frame 1403636926.4016666
Dropping frame 1403636926.5016665
Dropping frame 1403636926.6016665
Dropping frame 1403636926.7016666
Dropping frame 1403636926.8016665
Dropping frame 1403636927.0016665
Dropping frame 1403636927.1016665
Dropping frame 1403636927.2016666
Dropping frame 1403636927.3016665
Dropping frame 1403636927.5016665
Dropping frame 1403636927.6016665
Dropping frame 1403636927.8016665
Dropping frame 1403636927.9016666
Dropping frame 1403636928.0016665
Dropping frame 1403636928.2016666
Dropping frame 1403636928.3016665
Dropping frame 1403636928.4016666
Dropping frame 1403636928.5016665
Dropping frame 1403636928.6016665
Dropping frame 1403636928.7016666
Dropping frame 1403636928.9016666
Dropping frame 1403636929.0016665
Dropping frame 1403636929.1016665
Dropping frame 1403636929.2016666
Dropping frame 1403636929.3016665
Dropping frame 1403636929.5016665
Dropping frame 1403636929.6016665
Dropping frame 1403636929.7516665
Dropping frame 1403636929.8516665
Dropping frame 1403636929.9516664
Dropping frame 1403636930.0516665
Dropping frame 1403636930.1516664
Dropping frame 1403636930.4016666
Dropping frame 1403636930.5016665
Dropping frame 1403636930.7016666
Dropping frame 1403636930.8016665
Dropping frame 1403636930.9016666
Dropping frame 1403636931.0016665
Dropping frame 1403636931.1016665
Dropping frame 1403636931.3016665
Dropping frame 1403636931.4016666
Dropping frame 1403636931.5016665
Dropping frame 1403636931.7016666
Dropping frame 1403636931.8016665
Dropping frame 1403636931.9016666
Dropping frame 1403636932.1016665
Dropping frame 1403636932.2016666
Dropping frame 1403636932.3016665
Dropping frame 1403636932.4016666
Dropping frame 1403636932.6016665
Dropping frame 1403636932.7016666
Dropping frame 1403636932.8016665
Dropping frame 1403636933.0016665
Dropping frame 1403636933.1016665
Dropping frame 1403636933.2016666
Dropping frame 1403636933.3016665
Dropping frame 1403636933.4016666
Dropping frame 1403636933.6016665
Dropping frame 1403636933.7016666
Dropping frame 1403636933.9016666
Dropping frame 1403636934.0016665
Dropping frame 1403636934.1016665
Dropping frame 1403636934.4516664
Dropping frame 1403636934.5516665
Dropping frame 1403636934.7516665
Dropping frame 1403636934.8516665
Dropping frame 1403636934.9516664
Dropping frame 1403636935.0516665
Dropping frame 1403636935.2516665
Dropping frame 1403636935.3516665
Dropping frame 1403636935.4516664
Dropping frame 1403636935.6516664
Dropping frame 1403636935.7516665
Dropping frame 1403636935.8516665
Dropping frame 1403636935.9516664
Dropping frame 1403636936.0516665
Dropping frame 1403636936.2516665
Dropping frame 1403636936.3516665
Dropping frame 1403636936.4516664
Dropping frame 1403636936.6516664
Dropping frame 1403636936.7516665
Dropping frame 1403636936.8516665
Dropping frame 1403636936.9516664
Dropping frame 1403636937.0516665
Dropping frame 1403636937.2516665
Dropping frame 1403636937.3516665
Dropping frame 1403636937.4516664
Dropping frame 1403636937.6516664
Dropping frame 1403636937.7516665
Dropping frame 1403636937.8516665
Dropping frame 1403636938.0516665
Dropping frame 1403636938.1516664
Dropping frame 1403636938.2516665
Dropping frame 1403636938.3516665
Dropping frame 1403636938.5516665
Dropping frame 1403636938.7516665
Dropping frame 1403636938.8516665
Dropping frame 1403636938.9516664
Dropping frame 1403636939.1516664
Dropping frame 1403636939.2516665
Dropping frame 1403636939.3516665
Dropping frame 1403636939.4516664
Dropping frame 1403636939.5516665
Dropping frame 1403636939.6516664
Dropping frame 1403636939.7516665
Dropping frame 1403636939.9016666
Dropping frame 1403636940.1016665
Dropping frame 1403636940.2016666
Dropping frame 1403636940.3016665
Dropping frame 1403636940.4016666
Dropping frame 1403636940.5016665
Dropping frame 1403636940.6016665
Dropping frame 1403636940.8016665
Dropping frame 1403636941.0016665
Dropping frame 1403636941.1016665
Dropping frame 1403636941.2016666
Dropping frame 1403636941.3016665
Dropping frame 1403636941.5016665
Dropping frame 1403636941.6016665
Dropping frame 1403636941.8016665
Dropping frame 1403636941.9016666
Dropping frame 1403636942.0016665
Dropping frame 1403636942.1016665
Dropping frame 1403636942.2016666
Dropping frame 1403636942.4016666
Dropping frame 1403636942.5016665
Dropping frame 1403636942.6016665
Dropping frame 1403636942.8016665
Dropping frame 1403636942.9016666
Dropping frame 1403636943.0016665
Dropping frame 1403636943.1016665
Dropping frame 1403636943.3016665
Dropping frame 1403636943.4016666
Dropping frame 1403636943.5016665
Dropping frame 1403636943.7016666
Dropping frame 1403636943.8016665
Dropping frame 1403636944.0016665
Dropping frame 1403636944.1016665
Dropping frame 1403636944.4516664
Dropping frame 1403636944.6516664
Dropping frame 1403636944.8516665
Dropping frame 1403636944.9516664
Dropping frame 1403636945.1516664
Dropping frame 1403636945.3516665
Dropping frame 1403636945.5016665
Dropping frame 1403636945.7516665
Dropping frame 1403636945.8516665
Dropping frame 1403636946.0016665
Dropping frame 1403636946.1516664
Dropping frame 1403636946.2516665
Dropping frame 1403636946.4516664
Dropping frame 1403636946.5516665
Dropping frame 1403636946.7016666
Dropping frame 1403636947.0016665
Dropping frame 1403636947.1016665
Dropping frame 1403636947.2016666
Dropping frame 1403636947.3516665
Dropping frame 1403636947.6016665
Dropping frame 1403636947.7016666
Dropping frame 1403636947.9016666
Dropping frame 1403636948.0016665
Dropping frame 1403636948.2016666
Dropping frame 1403636948.3016665
Dropping frame 1403636948.5516665
Dropping frame 1403636948.6516664
Dropping frame 1403636948.7516665
Dropping frame 1403636949.0516665
Dropping frame 1403636949.1516664
Dropping frame 1403636949.5016665
Dropping frame 1403636949.6016665
Dropping frame 1403636949.7016666
Dropping frame 1403636950.0016665
Dropping frame 1403636950.2016666
Dropping frame 1403636950.3016665
Dropping frame 1403636950.4016666
Dropping frame 1403636950.6516664
Dropping frame 1403636950.8016665
Dropping frame 1403636950.9016666
Dropping frame 1403636951.1016665
Dropping frame 1403636951.2016666
Dropping frame 1403636951.3016665
Dropping frame 1403636951.5016665
Dropping frame 1403636951.6016665
Dropping frame 1403636951.7016666
Dropping frame 1403636951.8016665
Dropping frame 1403636952.0516665
Dropping frame 1403636952.1516664
Dropping frame 1403636952.3516665
Dropping frame 1403636952.4516664
Dropping frame 1403636952.5516665
Dropping frame 1403636952.6516664
Dropping frame 1403636952.7516665
Dropping frame 1403636952.9516664
Dropping frame 1403636953.0516665
Dropping frame 1403636953.2516665
Dropping frame 1403636953.3516665
Dropping frame 1403636953.4516664
Dropping frame 1403636953.6516664
Dropping frame 1403636953.7516665
Dropping frame 1403636953.8516665
Dropping frame 1403636953.9516664
Dropping frame 1403636954.2016666
Dropping frame 1403636954.3016665
Dropping frame 1403636954.4016666
Dropping frame 1403636954.5016665
Dropping frame 1403636954.6016665
Dropping frame 1403636954.7016666
Dropping frame 1403636954.9016666
Dropping frame 1403636955.1016665
Dropping frame 1403636955.2016666
Dropping frame 1403636955.3016665
Dropping frame 1403636955.4016666
Dropping frame 1403636955.5016665
Dropping frame 1403636955.7016666
Dropping frame 1403636955.8516665
Dropping frame 1403636956.0516665
Dropping frame 1403636956.1516664
Dropping frame 1403636956.2516665
Dropping frame 1403636956.3516665
Dropping frame 1403636956.6016665
Dropping frame 1403636956.8016665
Dropping frame 1403636956.9016666
Dropping frame 1403636957.1016665
Dropping frame 1403636957.2016666
Dropping frame 1403636957.4016666
Dropping frame 1403636957.5016665
Dropping frame 1403636957.7016666
Dropping frame 1403636957.8016665
Dropping frame 1403636957.9016666
Dropping frame 1403636958.1516664
Dropping frame 1403636958.2516665
Dropping frame 1403636958.3516665
Dropping frame 1403636958.5516665
Dropping frame 1403636958.6516664
Dropping frame 1403636958.7516665
Dropping frame 1403636958.8516665
Dropping frame 1403636959.1016665
Dropping frame 1403636959.2016666
Dropping frame 1403636959.3016665
Dropping frame 1403636959.4016666
Dropping frame 1403636959.5016665
Dropping frame 1403636959.6016665
Dropping frame 1403636959.8016665
Dropping frame 1403636959.9016666
Dropping frame 1403636960.0016665
Dropping frame 1403636960.1016665
Dropping frame 1403636960.2016666
Dropping frame 1403636960.3016665
Dropping frame 1403636960.4016666
Dropping frame 1403636960.6016665
Dropping frame 1403636960.7016666
Dropping frame 1403636960.8016665
Dropping frame 1403636961.0016665
Dropping frame 1403636961.1016665
Dropping frame 1403636961.2016666
Dropping frame 1403636961.3016665
Dropping frame 1403636961.5016665
Dropping frame 1403636961.6016665
Dropping frame 1403636961.8016665
Dropping frame 1403636961.9016666
Dropping frame 1403636962.0016665
Dropping frame 1403636962.1016665
Dropping frame 1403636962.3016665
Dropping frame 1403636962.4016666
Dropping frame 1403636962.5016665
Dropping frame 1403636962.7016666
Dropping frame 1403636962.8016665
Dropping frame 1403636963.0516665
Dropping frame 1403636963.2516665
Dropping frame 1403636963.3516665
Dropping frame 1403636963.4516664
Dropping frame 1403636963.5516665
Dropping frame 1403636963.7516665
Dropping frame 1403636963.8516665
Dropping frame 1403636963.9516664
Dropping frame 1403636964.0516665
Dropping frame 1403636964.1516664
Dropping frame 1403636964.2516665
Dropping frame 1403636964.4516664
Dropping frame 1403636964.5516665
Dropping frame 1403636964.6516664
Dropping frame 1403636964.8516665
Dropping frame 1403636964.9516664
Dropping frame 1403636965.1516664
Dropping frame 1403636965.2516665
Dropping frame 1403636965.3516665
Dropping frame 1403636965.4516664
Dropping frame 1403636965.5516665
Dropping frame 1403636965.6516664
Dropping frame 1403636965.7516665
Dropping frame 1403636965.9516664
Dropping frame 1403636966.0516665
Dropping frame 1403636966.2516665
Dropping frame 1403636966.4516664
Dropping frame 1403636966.5516665
Dropping frame 1403636966.6516664
Dropping frame 1403636966.8516665
Dropping frame 1403636966.9516664
Dropping frame 1403636967.0516665
Dropping frame 1403636967.2516665
Dropping frame 1403636967.3516665
Dropping frame 1403636967.4516664
Dropping frame 1403636967.5516665
Dropping frame 1403636967.6516664
Dropping frame 1403636967.7516665
Dropping frame 1403636967.9516664
Dropping frame 1403636968.0516665
Dropping frame 1403636968.1516664
Dropping frame 1403636968.2516665
Dropping frame 1403636968.3516665
Dropping frame 1403636968.5516665
Dropping frame 1403636968.6516664
Dropping frame 1403636968.7516665
Dropping frame 1403636968.8516665
Dropping frame 1403636968.9516664
Dropping frame 1403636969.0516665
Dropping frame 1403636969.2516665
Dropping frame 1403636969.3516665
Dropping frame 1403636969.4516664
Dropping frame 1403636969.5516665
Dropping frame 1403636969.7516665
Dropping frame 1403636969.8516665
Dropping frame 1403636969.9516664
Dropping frame 1403636970.0516665
Dropping frame 1403636970.2516665
Dropping frame 1403636970.3516665
Dropping frame 1403636970.4516664
Dropping frame 1403636970.5516665
Dropping frame 1403636970.7516665
Dropping frame 1403636970.8516665
Dropping frame 1403636970.9516664
Dropping frame 1403636971.1516664
Dropping frame 1403636971.2516665
Dropping frame 1403636971.3516665
Dropping frame 1403636971.5516665
Dropping frame 1403636971.7516665
Dropping frame 1403636971.8516665
Dropping frame 1403636971.9516664
Dropping frame 1403636972.0516665
Dropping frame 1403636972.1516664
Dropping frame 1403636972.2516665
Dropping frame 1403636972.4516664
Dropping frame 1403636972.5516665
Dropping frame 1403636972.6516664
Dropping frame 1403636972.8516665
Dropping frame 1403636972.9516664
Dropping frame 1403636973.0516665
Dropping frame 1403636973.2516665
Dropping frame 1403636973.4516664
Dropping frame 1403636973.6516664
Dropping frame 1403636973.7516665
Dropping frame 1403636973.8516665
Dropping frame 1403636973.9516664
Dropping frame 1403636974.0516665
Dropping frame 1403636974.2516665
Dropping frame 1403636974.4516664
Dropping frame 1403636974.5516665
Dropping frame 1403636974.6516664
Dropping frame 1403636974.8516665
Dropping frame 1403636975.0516665
Dropping frame 1403636975.2516665
Dropping frame 1403636975.3516665
Dropping frame 1403636975.4516664
Dropping frame 1403636975.5516665
Dropping frame 1403636975.6516664
Dropping frame 1403636975.7516665
Dropping frame 1403636975.8516665
Dropping frame 1403636976.0516665
Dropping frame 1403636976.1516664
Dropping frame 1403636976.2516665
Dropping frame 1403636976.4516664
Dropping frame 1403636976.6516664
Dropping frame 1403636976.8516665
Dropping frame 1403636977.0516665
Dropping frame 1403636977.2516665
Dropping frame 1403636977.7016666
Dropping frame 1403636977.9016666
Dropping frame 1403636978.1016665
Dropping frame 1403636978.2016666
Dropping frame 1403636978.3016665
Dropping frame 1403636978.5016665
Dropping frame 1403636978.7016666
Dropping frame 1403636978.8016665
Dropping frame 1403636978.9016666
Dropping frame 1403636979.1016665
Dropping frame 1403636979.3016665
Dropping frame 1403636979.5016665
Dropping frame 1403636979.6016665
Dropping frame 1403636979.7016666
Dropping frame 1403636979.9016666
Dropping frame 1403636980.1016665
Dropping frame 1403636980.3016665
Dropping frame 1403636980.5016665
Dropping frame 1403636980.7016666
Dropping frame 1403636980.9016666
Dropping frame 1403636981.0016665
Dropping frame 1403636981.1016665
Dropping frame 1403636981.3016665
Dropping frame 1403636981.5016665
Dropping frame 1403636981.7016666
Dropping frame 1403636981.9016666
Dropping frame 1403636982.1016665
Dropping frame 1403636982.2016666
Dropping frame 1403636982.4516664
Dropping frame 1403636982.6516664
Dropping frame 1403636982.7516665
Dropping frame 1403636982.9516664
Dropping frame 1403636983.1516664
Dropping frame 1403636983.3516665
Dropping frame 1403636983.5516665
Dropping frame 1403636983.7516665
Dropping frame 1403636983.8516665
Dropping frame 1403636983.9516664
Dropping frame 1403636984.0516665
Dropping frame 1403636984.2516665
Dropping frame 1403636984.4516664
Dropping frame 1403636984.5516665
Dropping frame 1403636984.6516664
Dropping frame 1403636984.8516665
Dropping frame 1403636985.0516665
Dropping frame 1403636985.2516665
Dropping frame 1403636985.4516664
Dropping frame 1403636985.6516664
Dropping frame 1403636985.7516665
Dropping frame 1403636985.8516665
Dropping frame 1403636986.0516665
Dropping frame 1403636986.2516665
Dropping frame 1403636986.4516664
Dropping frame 1403636986.5516665
Dropping frame 1403636986.6516664
Dropping frame 1403636986.8516665
Dropping frame 1403636987.0516665
Dropping frame 1403636987.2516665
Dropping frame 1403636987.3516665
Dropping frame 1403636987.4516664
Dropping frame 1403636987.6516664
Dropping frame 1403636987.8516665
Dropping frame 1403636988.0516665
Dropping frame 1403636988.2516665
Dropping frame 1403636988.3516665
Dropping frame 1403636988.4516664
Dropping frame 1403636988.6516664
Dropping frame 1403636988.8516665
Dropping frame 1403636989.0516665
Dropping frame 1403636989.1516664
Dropping frame 1403636989.2516665
Dropping frame 1403636989.7516665
Dropping frame 1403636989.9516664
Dropping frame 1403636990.1516664
Dropping frame 1403636990.2516665
Dropping frame 1403636990.3516665
Dropping frame 1403636990.5516665
Dropping frame 1403636990.7516665
Dropping frame 1403636990.8516665
Dropping frame 1403636990.9516664
Dropping frame 1403636991.1516664
Dropping frame 1403636991.3516665
Dropping frame 1403636991.5516665
Dropping frame 1403636991.6516664
Dropping frame 1403636991.7516665
Dropping frame 1403636991.8516665
Dropping frame 1403636992.0016665
Dropping frame 1403636992.2016666
Dropping frame 1403636992.4016666
Dropping frame 1403636992.5016665
Dropping frame 1403636992.6016665
Dropping frame 1403636992.8016665
Dropping frame 1403636993.0016665
Dropping frame 1403636993.2016666
Dropping frame 1403636993.4016666
Dropping frame 1403636993.5016665
Dropping frame 1403636993.6016665
Dropping frame 1403636993.8016665
Dropping frame 1403636994.0016665
Dropping frame 1403636994.2016666
Dropping frame 1403636994.3016665
Dropping frame 1403636994.4016666
Dropping frame 1403636994.6016665
Dropping frame 1403636994.8016665
Dropping frame 1403636995.0016665
Dropping frame 1403636995.2016666
Dropping frame 1403636995.4016666
Dropping frame 1403636995.5016665
Dropping frame 1403636995.9016666
Dropping frame 1403636996.1016665
Dropping frame 1403636996.2016666
Dropping frame 1403636996.3016665
Dropping frame 1403636996.5016665
Dropping frame 1403636996.7016666
Dropping frame 1403636996.9016666
Dropping frame 1403636997.1016665
Dropping frame 1403636997.3016665
Dropping frame 1403636997.4016666
Dropping frame 1403636997.5016665
Dropping frame 1403636997.7016666
Dropping frame 1403636997.9016666
Dropping frame 1403636998.1016665
Dropping frame 1403636998.2016666
Dropping frame 1403636998.3016665
Dropping frame 1403636998.5016665
Dropping frame 1403636998.7016666
Dropping frame 1403636999.1516664
Dropping frame 1403636999.6516664
Dropping frame 1403636999.7516665
Dropping frame 1403636999.8516665
Dropping frame 1403637000.0516665
Dropping frame 1403637000.1516664
Dropping frame 1403637000.2516665
Dropping frame 1403637000.4516664
Dropping frame 1403637000.6516664
Dropping frame 1403637000.8516665
Dropping frame 1403637000.9516664
Dropping frame 1403637001.0516665
Dropping frame 1403637001.2516665
Dropping frame 1403637001.4516664
Dropping frame 1403637001.6516664
Dropping frame 1403637001.8516665
Dropping frame 1403637002.0516665
Dropping frame 1403637002.2516665
Dropping frame 1403637002.4516664
Dropping frame 1403637002.5516665
Dropping frame 1403637002.7516665
Dropping frame 1403637002.8516665
Dropping frame 1403637003.1016665
Dropping frame 1403637003.3016665
Dropping frame 1403637003.5016665
Dropping frame 1403637003.7016666
Dropping frame 1403637003.9016666
Dropping frame 1403637004.1016665
Dropping frame 1403637004.4016666
Dropping frame 1403637004.7016666
Dropping frame 1403637004.9016666
Dropping frame 1403637005.1016665
Dropping frame 1403637005.3016665
Dropping frame 1403637005.4016666
Dropping frame 1403637005.6516664
Dropping frame 1403637005.8516665
Dropping frame 1403637005.9516664
Dropping frame 1403637006.3516665
Dropping frame 1403637006.5516665
Dropping frame 1403637006.7516665
Dropping frame 1403637006.9516664
Dropping frame 1403637007.0516665
Dropping frame 1403637007.1516664
Dropping frame 1403637007.3516665
Dropping frame 1403637007.5516665
Dropping frame 1403637007.7516665
Dropping frame 1403637007.8516665
Dropping frame 1403637007.9516664
Dropping frame 1403637008.1516664
Dropping frame 1403637008.3516665
Dropping frame 1403637008.7516665
Dropping frame 1403637008.8516665
Dropping frame 1403637009.0516665
Dropping frame 1403637009.2516665
Dropping frame 1403637009.4516664
Dropping frame 1403637009.5516665
Dropping frame 1403637009.6516664
Dropping frame 1403637009.8516665
Dropping frame 1403637010.0516665
Dropping frame 1403637010.1516664
Dropping frame 1403637010.2516665
Dropping frame 1403637010.4516664
Shutdown
SLAM Finished at System Time: 1742828933.14746

 TIME STATS in ms (mean$\pm$std)
OpenCV version: 4.8.1
---------------------------
Tracking

ORB Extraction: 22.471$\pm$2.1524
Stereo Matching: 7.377$\pm$2.1119
IMU Preintegration: 0.24839$\pm$0.098887
Pose Prediction: 0.22363$\pm$0.62687
LM Track: 19.538$\pm$5.5032
New KF decision: 1.3803$\pm$2.4894
Total Tracking: 31.062$\pm$28.522



Local Mapping

KF Insertion: 17.465$\pm$5.3339
MP Culling: 0.55302$\pm$0.22613
MP Creation: 50.242$\pm$15.609
LBA: 150.09$\pm$54.749
KF Culling: 15.666$\pm$10.354
Total Local Mapping: 233.87$\pm$77.666
---------------------------

LBA complexity (mean$\pm$std)
LBA Edges: 1650.8$\pm$555.94
LBA KF optimized: 6.5$\pm$2.2913
LBA KF fixed: 1$\pm$0
LBA MP: nan$\pm$nan

LBA executions: 466
LBA aborts: 0
---------------------------

Map complexity
KFs in map: 120
MPs in map: 8385
---------------------------

Place Recognition (mean$\pm$std)
Database Query: 1.4955$\pm$0.7538
SE3 estimation: 9.4141$\pm$14.127
Total Place Recognition: 9.7704$\pm$14.089


Loop Closing (mean$\pm$std)
Loop Fusion: nan$\pm$nan
Essential Graph: nan$\pm$nan
Total Loop Closing: nan$\pm$nan

Num exec: 0
Number of KFs: nan$\pm$nan

Map Merging (mean$\pm$std)
Merge Maps: nan$\pm$nan
Welding BA: nan$\pm$nan
Optimization Ess.: nan$\pm$nan
Total Map Merging: nan$\pm$nan

Num exec: 0
Number of KFs: nan$\pm$nan
Number of MPs: nan$\pm$nan

Full GBA (mean$\pm$std)
GBA: nan$\pm$nan
Map Update: nan$\pm$nan
Total Full GBA: nan$\pm$nan

Num exec: 0
Num abort: 0
Number of KFs: nan$\pm$nan
Number of MPs: nan$\pm$nan

Saving trajectory to f_dataset-MH02_stereo_imu.txt ...
There are 1 maps in the atlas
  Map 0 has 120 KFs

End of saving trajectory to f_dataset-MH02_stereo_imu.txt ...

Saving keyframe trajectory to kf_dataset-MH02_stereo_imu.txt ...
