num_seq = 1
file name: dataset-MH03_stereo_imu
Loading images for sequence 0...LOADED!
Loading IMU for sequence 0...LOADED!

-------

ORB-SLAM3 Copyright (C) 2017-2020 Carlos Campos, Richard Elvira, Juan J. Gómez, José M.M. Montiel and Juan D. Tardós, University of Zaragoza.
ORB-SLAM2 Copyright (C) 2014-2016 Raúl Mur-Artal, José M.M. Montiel and Juan D. Tardós, University of Zaragoza.
This program comes with ABSOLUTELY NO WARRANTY;
This is free software, and you are welcome to redistribute it
under certain conditions. See LICENSE.txt.

Built with REGISTER_TIMES
Git Commit Hash: 2d47524

Build Type: Release

Compiled with C++ version: 201703

Input sensor was set to: Stereo-Inertial
Loading settings from EuRoC_fov_deadlines_mask_8x8.yaml
	-Loaded camera 1
	-Loaded camera 2
	-Loaded image info
	-Loaded IMU calibration
	-Loaded ORB settings
	-Loaded viewer settings
	-Loaded Atlas settings
Deadlines enabled, will skip frames!
FOV enabled
Static mask size: 8x8
Dumping map points enabled
	-Loaded misc parameters
	-Computed rectification maps
----------------------------------
SLAM settings: 
	-Camera 1 parameters (Pinhole): [ 458.65399169921875 457.29598999023438 367.21499633789062 248.375 ]
	-Camera 1 distortion parameters: [  -0.28340810537338257 0.073959067463874817 0.00019359000725671649 1.7618711353861727e-05 ]
	-Camera 2 parameters (Pinhole: [ 457.58700561523438 456.13400268554688 379.99899291992188 255.23800659179688 ]
	-Camera 1 distortion parameters: [  -0.2836836576461792 0.074512839317321777 -0.00010473000293131918 -3.555907096597366e-05 ]
	-Original image size: [ 752 , 480 ]
	-Current image size: [ 752 , 480 ]
	-Camera 1 parameters after rectification: [  456.71499633789062 456.71499633789062 364.52615356445312 257.268798828125 ]
	-Sequence FPS: 20
	-Stereo baseline: 0.11007784307003021
	-Stereo depth threshold : 60
	-Gyro noise: 0.00016999999934341758
	-Accelerometer noise: 0.0020000000949949026
	-Gyro walk: 1.9392999092815444e-05
	-Accelerometer walk: 0.0030000000260770321
	-IMU frequency: 200
	-Features per image: 1200
	-ORB scale factor: 1.2000000476837158
	-ORB number of scales: 8
	-Initial FAST threshold: 20
	-Min FAST threshold: 7


Loading ORB Vocabulary. This could take a while...
Vocabulary loaded!

Initialization of Atlas from scratch 
Creation of new map with id: 0
Creation of new map with last KF id: 0
Seq. Name: 
There are 1 cameras in the atlas
Camera 0 is pinhole
SLAM Started at System Time: 1740799461.21059
not IMU meas
not IMU meas
not enough acceleration
not enough acceleration
First KF:0; Map init KF:0
New Map created with 238 points
Active map: 0
Dropping frame 1403637130.8383191
Not enough motion for initializing. Reseting...
TRACK: Reset map because local mapper set the bad imu flag 
LM: Reseting current map in Local Mapping...
LM: End reseting Local Mapping...
LM: Reset free the mutex
LM: Active map reset recieved
LM: Active map reset, waiting...
LM: Reseting current map in Local Mapping...
LM: End reseting Local Mapping...
LM: Reset free the mutex
LM: Active map reset, Done!!!
mnFirstFrameId = 4
mnInitialFrameId = 0
50 Frames set to lost
not IMU meas
not enough acceleration
First KF:11; Map init KF:0
New Map created with 267 points
Active map: 0
Dropping frame 1403637134.188319
Dropping frame 1403637134.5883191
Dropping frame 1403637134.7383192
Dropping frame 1403637135.0383191
Dropping frame 1403637135.388319
Dropping frame 1403637136.0883191
Dropping frame 1403637136.4383192
Dropping frame 1403637136.688319
Dropping frame 1403637136.8383191
Dropping frame 1403637137.0383191
Dropping frame 1403637137.2383192
Dropping frame 1403637137.388319
Dropping frame 1403637138.0883191
Dropping frame 1403637138.188319
Dropping frame 1403637138.4383192
Dropping frame 1403637138.5383191
Dropping frame 1403637138.7883189
start VIBA 1
Dropping frame 1403637138.888319
end VIBA 1
Dropping frame 1403637139.0883191
Dropping frame 1403637139.188319
Dropping frame 1403637139.2883189
Dropping frame 1403637139.4383192
Not enough motion for initializing. Reseting...
TRACK: Reset map because local mapper set the bad imu flag 
LM: Active map reset recieved
LM: Active map reset, waiting...
LM: Reseting current map in Local Mapping...
LM: End reseting Local Mapping...
LM: Reset free the mutex
LM: Active map reset, Done!!!
mnFirstFrameId = 57
mnInitialFrameId = 54
154 Frames set to lost
not IMU meas
First KF:40; Map init KF:11
New Map created with 172 points
Active map: 0
Dropping frame 1403637140.2383192
Dropping frame 1403637140.5383191
Dropping frame 1403637140.7383192
Dropping frame 1403637140.8383191
Dropping frame 1403637141.138319
Dropping frame 1403637141.388319
Dropping frame 1403637141.638319
Dropping frame 1403637141.8383191
Dropping frame 1403637142.5383191
Not enough motion for initializing. Reseting...
TRACK: Reset map because local mapper set the bad imu flag 
LM: Reseting current map in Local Mapping...
LM: End reseting Local Mapping...
LM: Reset free the mutex
LM: Active map reset recieved
LM: Active map reset, waiting...
LM: Reseting current map in Local Mapping...
LM: End reseting Local Mapping...
LM: Reset free the mutex
LM: Active map reset, Done!!!
mnFirstFrameId = 163
mnInitialFrameId = 161
201 Frames set to lost
not IMU meas
not enough acceleration
not enough acceleration
not enough acceleration
not enough acceleration
not enough acceleration
not enough acceleration
not enough acceleration
not enough acceleration
not enough acceleration
not enough acceleration
not enough acceleration
not enough acceleration
not enough acceleration
not enough acceleration
not enough acceleration
not enough acceleration
not enough acceleration
not enough acceleration
not enough acceleration
not enough acceleration
not enough acceleration
not enough acceleration
not enough acceleration
not enough acceleration
not enough acceleration
not enough acceleration
not enough acceleration
not enough acceleration
not enough acceleration
not enough acceleration
not enough acceleration
not enough acceleration
not enough acceleration
not enough acceleration
not enough acceleration
not enough acceleration
not enough acceleration
not enough acceleration
First KF:51; Map init KF:40
New Map created with 260 points
Active map: 0
Not enough motion for initializing. Reseting...
TRACK: Reset map because local mapper set the bad imu flag 
LM: Reseting current map in Local Mapping...
LM: End reseting Local Mapping...
LM: Reset free the mutex
LM: Active map reset recieved
LM: Active map reset, waiting...
LM: Reseting current map in Local Mapping...
LM: End reseting Local Mapping...
LM: Reset free the mutex
LM: Active map reset, Done!!!
mnFirstFrameId = 250
mnInitialFrameId = 210
257 Frames set to lost
not IMU meas
not enough acceleration
not enough acceleration
not enough acceleration
not enough acceleration
not enough acceleration
not enough acceleration
not enough acceleration
not enough acceleration
not enough acceleration
not enough acceleration
not enough acceleration
not enough acceleration
not enough acceleration
not enough acceleration
not enough acceleration
not enough acceleration
not enough acceleration
not enough acceleration
not enough acceleration
not enough acceleration
not enough acceleration
not enough acceleration
not enough acceleration
not enough acceleration
not enough acceleration
not enough acceleration
not enough acceleration
not enough acceleration
not enough acceleration
not enough acceleration
not enough acceleration
not enough acceleration
not enough acceleration
not enough acceleration
not enough acceleration
not enough acceleration
not enough acceleration
not enough acceleration
not enough acceleration
not enough acceleration
not enough acceleration
not enough acceleration
not enough acceleration
not enough acceleration
First KF:62; Map init KF:51
New Map created with 216 points
Active map: 0
Dropping frame 1403637153.8383191
Dropping frame 1403637154.138319
Dropping frame 1403637154.4383192
Dropping frame 1403637154.7383192
start VIBA 1
end VIBA 1
Dropping frame 1403637155.0383191
Dropping frame 1403637155.138319
Dropping frame 1403637155.388319
Dropping frame 1403637155.4883189
Dropping frame 1403637155.638319
Dropping frame 1403637155.7883189
Dropping frame 1403637155.888319
Dropping frame 1403637156.138319
Dropping frame 1403637156.388319
Dropping frame 1403637156.638319
Dropping frame 1403637156.888319
Dropping frame 1403637157.0383191
Dropping frame 1403637157.138319
Dropping frame 1403637157.2383192
Dropping frame 1403637157.388319
Dropping frame 1403637157.5383191
Dropping frame 1403637157.688319
Dropping frame 1403637157.8383191
Dropping frame 1403637157.9883189
Dropping frame 1403637158.188319
Dropping frame 1403637158.388319
Dropping frame 1403637158.4883189
Dropping frame 1403637158.5883191
Dropping frame 1403637158.7383192
Dropping frame 1403637158.9383192
Dropping frame 1403637159.0383191
Dropping frame 1403637159.138319
Dropping frame 1403637159.2383192
Dropping frame 1403637159.3383191
Dropping frame 1403637159.5383191
Dropping frame 1403637159.638319
Dropping frame 1403637159.7383192
Dropping frame 1403637159.8383191
Dropping frame 1403637160.0883191
Dropping frame 1403637160.4883189
Dropping frame 1403637160.688319
Dropping frame 1403637160.7883189
Dropping frame 1403637160.888319
Dropping frame 1403637160.9883189
Dropping frame 1403637161.188319
Dropping frame 1403637161.388319
Dropping frame 1403637161.4883189
Dropping frame 1403637161.688319
Dropping frame 1403637161.7883189
Dropping frame 1403637161.9883189
Dropping frame 1403637162.188319
Dropping frame 1403637162.2883189
Dropping frame 1403637162.388319
Dropping frame 1403637162.638319
Dropping frame 1403637162.7383192
Dropping frame 1403637163.0383191
Dropping frame 1403637163.388319
Dropping frame 1403637163.4883189
Dropping frame 1403637163.7883189
Dropping frame 1403637163.888319
Dropping frame 1403637164.2383192
Dropping frame 1403637164.4383192
Dropping frame 1403637164.5383191
Dropping frame 1403637164.7383192
Dropping frame 1403637164.8383191
Dropping frame 1403637165.0383191
start VIBA 2
Dropping frame 1403637165.138319
Dropping frame 1403637165.3383191
end VIBA 2
Dropping frame 1403637165.4383192
Dropping frame 1403637165.638319
Dropping frame 1403637165.888319
Dropping frame 1403637165.9883189
Dropping frame 1403637166.2383192
Dropping frame 1403637166.3383191
Dropping frame 1403637166.4383192
Dropping frame 1403637166.638319
Dropping frame 1403637166.8383191
Dropping frame 1403637167.0383191
Dropping frame 1403637167.2883189
Dropping frame 1403637167.388319
Dropping frame 1403637167.638319
Dropping frame 1403637167.8383191
Dropping frame 1403637168.0383191
Dropping frame 1403637168.2383192
Dropping frame 1403637168.4383192
Dropping frame 1403637168.7383192
Dropping frame 1403637169.0883191
Dropping frame 1403637169.2883189
Dropping frame 1403637169.388319
Dropping frame 1403637169.688319
Dropping frame 1403637169.7883189
Dropping frame 1403637170.2383192
Dropping frame 1403637170.5383191
Dropping frame 1403637170.7383192
Dropping frame 1403637170.9383192
Dropping frame 1403637171.138319
Dropping frame 1403637171.2383192
Dropping frame 1403637171.4883189
Dropping frame 1403637171.638319
Dropping frame 1403637171.8383191
Dropping frame 1403637172.0383191
Dropping frame 1403637172.188319
Dropping frame 1403637172.388319
Dropping frame 1403637172.5883191
Dropping frame 1403637172.688319
Dropping frame 1403637172.9383192
Dropping frame 1403637173.2383192
Dropping frame 1403637173.4383192
Dropping frame 1403637173.638319
Dropping frame 1403637173.7383192
Dropping frame 1403637174.0383191
Dropping frame 1403637174.388319
Dropping frame 1403637174.7383192
Dropping frame 1403637175.0883191
Dropping frame 1403637175.2883189
Dropping frame 1403637175.4383192
Dropping frame 1403637175.7383192
Dropping frame 1403637175.9383192
Dropping frame 1403637176.388319
Dropping frame 1403637176.688319
Dropping frame 1403637176.888319
Dropping frame 1403637177.0383191
Dropping frame 1403637177.388319
Dropping frame 1403637178.0883191
Dropping frame 1403637178.5883191
Dropping frame 1403637179.0883191
Dropping frame 1403637179.688319
Dropping frame 1403637179.9883189
Dropping frame 1403637180.2883189
Dropping frame 1403637180.638319
Dropping frame 1403637181.0883191
Dropping frame 1403637181.188319
Dropping frame 1403637181.4883189
Dropping frame 1403637181.5883191
Dropping frame 1403637181.8383191
Dropping frame 1403637181.9883189
Dropping frame 1403637182.188319
Dropping frame 1403637182.4883189
Dropping frame 1403637182.5883191
Dropping frame 1403637182.8383191
Dropping frame 1403637183.2383192
Dropping frame 1403637183.388319
Dropping frame 1403637183.4883189
Dropping frame 1403637183.7883189
Dropping frame 1403637183.888319
Dropping frame 1403637183.9883189
Dropping frame 1403637184.188319
Dropping frame 1403637184.388319
Dropping frame 1403637184.4883189
Dropping frame 1403637184.5883191
Dropping frame 1403637184.888319
Dropping frame 1403637185.0883191
Dropping frame 1403637185.188319
Dropping frame 1403637185.2883189
Dropping frame 1403637185.388319
Dropping frame 1403637185.5883191
Dropping frame 1403637185.688319
Dropping frame 1403637185.888319
Dropping frame 1403637185.9883189
Dropping frame 1403637186.0883191
Dropping frame 1403637186.388319
Dropping frame 1403637186.4883189
Dropping frame 1403637186.7383192
Dropping frame 1403637186.8383191
Dropping frame 1403637187.188319
Dropping frame 1403637187.8383191
Dropping frame 1403637187.9383192
Dropping frame 1403637188.188319
Dropping frame 1403637188.4383192
Dropping frame 1403637188.7383192
Dropping frame 1403637188.8383191
Dropping frame 1403637189.0383191
Dropping frame 1403637189.7383192
Dropping frame 1403637190.4383192
Dropping frame 1403637190.9883189
Dropping frame 1403637191.188319
Dropping frame 1403637191.5883191
Dropping frame 1403637191.688319
Dropping frame 1403637192.0883191
Dropping frame 1403637192.2883189
Dropping frame 1403637192.5883191
Dropping frame 1403637192.888319
Dropping frame 1403637193.0883191
Dropping frame 1403637193.2383192
Dropping frame 1403637193.4883189
Dropping frame 1403637193.688319
Dropping frame 1403637193.7883189
Dropping frame 1403637193.888319
Dropping frame 1403637194.188319
Dropping frame 1403637194.2883189
Dropping frame 1403637194.388319
Dropping frame 1403637194.5883191
Dropping frame 1403637194.688319
Dropping frame 1403637194.8383191
Dropping frame 1403637194.9883189
Dropping frame 1403637195.0883191
Dropping frame 1403637195.188319
Dropping frame 1403637195.388319
Dropping frame 1403637195.4883189
Dropping frame 1403637195.5883191
Dropping frame 1403637195.888319
Dropping frame 1403637195.9883189
Dropping frame 1403637196.0883191
Dropping frame 1403637196.2883189
Dropping frame 1403637196.388319
Dropping frame 1403637196.5883191
Dropping frame 1403637196.688319
Dropping frame 1403637196.888319
Dropping frame 1403637197.138319
Dropping frame 1403637197.2383192
Dropping frame 1403637197.3383191
Dropping frame 1403637197.4383192
Dropping frame 1403637197.5383191
Dropping frame 1403637197.7383192
Dropping frame 1403637197.8383191
Dropping frame 1403637198.0383191
Dropping frame 1403637198.2883189
Dropping frame 1403637198.388319
Dropping frame 1403637198.4883189
Dropping frame 1403637198.688319
Dropping frame 1403637198.7883189
Dropping frame 1403637199.0883191
Dropping frame 1403637199.188319
Dropping frame 1403637199.4383192
Dropping frame 1403637199.638319
Dropping frame 1403637199.8383191
Dropping frame 1403637199.9383192
Dropping frame 1403637201.688319
Dropping frame 1403637201.7883189
Dropping frame 1403637202.0883191
Dropping frame 1403637202.188319
Dropping frame 1403637202.888319
Dropping frame 1403637203.0883191
Dropping frame 1403637203.188319
Dropping frame 1403637203.2883189
Dropping frame 1403637203.388319
Dropping frame 1403637203.5883191
Dropping frame 1403637203.688319
Dropping frame 1403637203.888319
Dropping frame 1403637203.9883189
Dropping frame 1403637204.0883191
Dropping frame 1403637204.2883189
Dropping frame 1403637204.388319
Dropping frame 1403637204.4883189
Dropping frame 1403637204.5883191
Dropping frame 1403637204.688319
Dropping frame 1403637204.888319
Dropping frame 1403637205.0883191
Dropping frame 1403637205.188319
Dropping frame 1403637205.2883189
Dropping frame 1403637205.388319
Dropping frame 1403637205.5883191
Dropping frame 1403637205.688319
Dropping frame 1403637205.8383191
Dropping frame 1403637206.188319
Dropping frame 1403637206.2883189
Dropping frame 1403637206.9883189
Dropping frame 1403637207.4383192
Dropping frame 1403637207.888319
Dropping frame 1403637208.3383191
Dropping frame 1403637208.638319
Dropping frame 1403637208.7383192
Dropping frame 1403637208.8383191
Dropping frame 1403637209.0383191
Dropping frame 1403637209.2383192
Dropping frame 1403637209.4383192
Dropping frame 1403637209.638319
Dropping frame 1403637209.7383192
Dropping frame 1403637209.8383191
Dropping frame 1403637210.0383191
Dropping frame 1403637210.2383192
Dropping frame 1403637210.3383191
Dropping frame 1403637210.4383192
Dropping frame 1403637210.638319
Dropping frame 1403637210.8383191
Dropping frame 1403637211.0383191
Dropping frame 1403637211.138319
Dropping frame 1403637211.2383192
Dropping frame 1403637211.3383191
Dropping frame 1403637211.4383192
Dropping frame 1403637211.638319
Dropping frame 1403637211.8383191
Dropping frame 1403637211.9383192
Dropping frame 1403637212.0383191
Dropping frame 1403637212.2883189
Dropping frame 1403637212.4883189
Dropping frame 1403637212.5883191
Dropping frame 1403637212.688319
Dropping frame 1403637212.7883189
Dropping frame 1403637212.888319
Dropping frame 1403637212.9883189
Dropping frame 1403637213.188319
Dropping frame 1403637213.2883189
Dropping frame 1403637213.388319
Dropping frame 1403637213.638319
Dropping frame 1403637213.8383191
Dropping frame 1403637214.138319
Dropping frame 1403637214.3383191
Dropping frame 1403637214.4883189
Dropping frame 1403637214.7383192
Dropping frame 1403637214.8383191
Dropping frame 1403637214.9383192
Dropping frame 1403637215.0383191
Dropping frame 1403637215.2383192
Dropping frame 1403637215.3383191
Dropping frame 1403637215.4383192
Dropping frame 1403637215.5383191
Dropping frame 1403637215.638319
Dropping frame 1403637215.8383191
Dropping frame 1403637216.0383191
Dropping frame 1403637216.138319
Dropping frame 1403637216.2383192
Dropping frame 1403637216.4383192
Dropping frame 1403637216.5383191
Dropping frame 1403637216.638319
Dropping frame 1403637216.7383192
Dropping frame 1403637216.8383191
Dropping frame 1403637216.9883189
Dropping frame 1403637217.0883191
Dropping frame 1403637217.188319
Dropping frame 1403637217.4383192
Dropping frame 1403637217.638319
Dropping frame 1403637217.7383192
Dropping frame 1403637217.8383191
Dropping frame 1403637217.9383192
Dropping frame 1403637218.138319
Dropping frame 1403637218.2883189
Dropping frame 1403637218.4883189
Dropping frame 1403637218.7383192
Dropping frame 1403637218.8383191
Dropping frame 1403637218.9383192
Dropping frame 1403637219.2383192
Dropping frame 1403637219.5383191
Dropping frame 1403637219.638319
Dropping frame 1403637219.7383192
Dropping frame 1403637219.9383192
Dropping frame 1403637220.0383191
Dropping frame 1403637220.138319
Dropping frame 1403637220.2383192
Dropping frame 1403637220.5883191
Dropping frame 1403637220.7883189
Dropping frame 1403637220.888319
Dropping frame 1403637221.0383191
Dropping frame 1403637221.138319
Dropping frame 1403637221.4383192
Dropping frame 1403637221.5383191
Dropping frame 1403637221.638319
Dropping frame 1403637221.8383191
Dropping frame 1403637221.9383192
Dropping frame 1403637222.0383191
Dropping frame 1403637222.138319
Dropping frame 1403637222.388319
Dropping frame 1403637222.4883189
Dropping frame 1403637222.688319
Dropping frame 1403637222.888319
Dropping frame 1403637222.9883189
Dropping frame 1403637223.4383192
Dropping frame 1403637223.5383191
Dropping frame 1403637223.888319
Dropping frame 1403637223.9883189
Dropping frame 1403637224.188319
Dropping frame 1403637224.388319
Dropping frame 1403637224.5883191
Dropping frame 1403637224.688319
Dropping frame 1403637224.7883189
Dropping frame 1403637224.888319
Dropping frame 1403637225.138319
Dropping frame 1403637225.3383191
Dropping frame 1403637225.5383191
Dropping frame 1403637225.638319
Dropping frame 1403637225.7383192
Dropping frame 1403637225.9383192
Dropping frame 1403637226.138319
Dropping frame 1403637226.2383192
Dropping frame 1403637226.4383192
Dropping frame 1403637226.5383191
Dropping frame 1403637226.7383192
Dropping frame 1403637226.9383192
Dropping frame 1403637227.138319
Dropping frame 1403637227.2383192
Dropping frame 1403637227.4883189
Dropping frame 1403637227.688319
Dropping frame 1403637227.888319
Dropping frame 1403637228.138319
Dropping frame 1403637228.3383191
Dropping frame 1403637228.5383191
Dropping frame 1403637228.7383192
Dropping frame 1403637228.8383191
Dropping frame 1403637229.0883191
Dropping frame 1403637229.2883189
Dropping frame 1403637229.7383192
Dropping frame 1403637229.8383191
Dropping frame 1403637230.388319
Dropping frame 1403637230.5883191
Dropping frame 1403637230.7883189
Dropping frame 1403637230.9883189
Dropping frame 1403637231.188319
Dropping frame 1403637231.4883189
Dropping frame 1403637231.688319
Dropping frame 1403637231.7883189
Dropping frame 1403637232.0383191
Dropping frame 1403637232.138319
Dropping frame 1403637232.4383192
Dropping frame 1403637232.638319
Dropping frame 1403637232.8383191
Dropping frame 1403637233.138319
Dropping frame 1403637233.3383191
Dropping frame 1403637233.4383192
Dropping frame 1403637233.5383191
Dropping frame 1403637233.8383191
Dropping frame 1403637234.0383191
Dropping frame 1403637234.388319
Dropping frame 1403637234.7383192
Dropping frame 1403637235.138319
Dropping frame 1403637235.2383192
Dropping frame 1403637235.638319
Dropping frame 1403637235.888319
Dropping frame 1403637236.0883191
Dropping frame 1403637236.3383191
Dropping frame 1403637236.4883189
Dropping frame 1403637236.7383192
Dropping frame 1403637236.8383191
Dropping frame 1403637237.188319
Dropping frame 1403637237.4383192
Dropping frame 1403637237.638319
Dropping frame 1403637237.7383192
Dropping frame 1403637237.8383191
Dropping frame 1403637237.9383192
Dropping frame 1403637238.0383191
Dropping frame 1403637238.2383192
Dropping frame 1403637238.4383192
Dropping frame 1403637238.5383191
Dropping frame 1403637238.638319
Dropping frame 1403637238.7383192
Dropping frame 1403637238.8383191
Dropping frame 1403637238.9383192
Dropping frame 1403637239.0383191
Dropping frame 1403637239.138319
Dropping frame 1403637239.5883191
Dropping frame 1403637239.688319
Dropping frame 1403637239.7883189
Dropping frame 1403637240.2883189
Dropping frame 1403637240.4883189
Dropping frame 1403637240.5883191
Dropping frame 1403637240.688319
Dropping frame 1403637240.888319
Dropping frame 1403637241.0883191
Dropping frame 1403637241.188319
Dropping frame 1403637241.2883189
Dropping frame 1403637241.4883189
Dropping frame 1403637241.688319
Dropping frame 1403637241.888319
Dropping frame 1403637241.9883189
Dropping frame 1403637242.0883191
Dropping frame 1403637242.2883189
Dropping frame 1403637242.4883189
Dropping frame 1403637242.688319
Dropping frame 1403637243.0383191
Dropping frame 1403637243.138319
Dropping frame 1403637243.2383192
Dropping frame 1403637243.4383192
Dropping frame 1403637243.5383191
Dropping frame 1403637243.638319
Dropping frame 1403637244.138319
Dropping frame 1403637244.3383191
Dropping frame 1403637244.4383192
Dropping frame 1403637244.5383191
Dropping frame 1403637245.0883191
Dropping frame 1403637245.188319
Dropping frame 1403637245.2883189
Dropping frame 1403637245.388319
Dropping frame 1403637245.4883189
Dropping frame 1403637245.7383192
Dropping frame 1403637245.9383192
Dropping frame 1403637246.0383191
Dropping frame 1403637246.138319
Dropping frame 1403637246.2383192
Dropping frame 1403637246.3383191
Dropping frame 1403637246.4383192
Dropping frame 1403637246.5883191
Dropping frame 1403637246.7383192
Dropping frame 1403637247.0883191
Dropping frame 1403637247.188319
Dropping frame 1403637247.2883189
Dropping frame 1403637247.5383191
Dropping frame 1403637247.7883189
Dropping frame 1403637247.888319
Dropping frame 1403637247.9883189
Dropping frame 1403637248.0883191
Dropping frame 1403637248.2383192
Dropping frame 1403637248.5383191
Dropping frame 1403637248.638319
Dropping frame 1403637248.7383192
Dropping frame 1403637248.8383191
Dropping frame 1403637248.9383192
Dropping frame 1403637249.0883191
Dropping frame 1403637249.3383191
Dropping frame 1403637249.4383192
Dropping frame 1403637249.5383191
Dropping frame 1403637249.638319
Dropping frame 1403637249.7383192
Dropping frame 1403637249.9383192
Dropping frame 1403637250.138319
Dropping frame 1403637250.3383191
Dropping frame 1403637250.4383192
Dropping frame 1403637250.5383191
Dropping frame 1403637250.7383192
Dropping frame 1403637250.8383191
Dropping frame 1403637250.9383192
Dropping frame 1403637251.138319
Dropping frame 1403637251.2383192
Dropping frame 1403637251.3383191
Dropping frame 1403637251.5383191
Dropping frame 1403637251.638319
Dropping frame 1403637251.7383192
Dropping frame 1403637251.9383192
Dropping frame 1403637252.138319
Dropping frame 1403637252.3383191
Dropping frame 1403637252.4383192
Dropping frame 1403637252.5383191
Dropping frame 1403637252.7383192
Dropping frame 1403637252.8383191
Dropping frame 1403637252.9383192
Dropping frame 1403637253.4883189
Dropping frame 1403637253.5883191
Dropping frame 1403637253.7883189
Dropping frame 1403637253.888319
Dropping frame 1403637253.9883189
Dropping frame 1403637254.188319
Dropping frame 1403637254.2883189
Dropping frame 1403637254.388319
Dropping frame 1403637254.5883191
Dropping frame 1403637254.7883189
Dropping frame 1403637254.9883189
Dropping frame 1403637255.188319
Dropping frame 1403637255.388319
Dropping frame 1403637255.4883189
Dropping frame 1403637255.7383192
Dropping frame 1403637255.888319
Dropping frame 1403637256.0883191
Dropping frame 1403637256.2883189
Dropping frame 1403637256.4883189
Dropping frame 1403637256.5883191
Dropping frame 1403637256.888319
Dropping frame 1403637256.9883189
Dropping frame 1403637257.2383192
Dropping frame 1403637257.4383192
Dropping frame 1403637257.638319
Dropping frame 1403637257.8383191
Dropping frame 1403637258.0383191
Dropping frame 1403637258.2383192
Dropping frame 1403637258.5383191
Dropping frame 1403637258.888319
Dropping frame 1403637259.0383191
Dropping frame 1403637259.2883189
Dropping frame 1403637259.388319
Dropping frame 1403637259.7383192
Dropping frame 1403637259.8383191
Dropping frame 1403637260.0883191
Dropping frame 1403637260.188319
Dropping frame 1403637260.4383192
Dropping frame 1403637260.688319
Dropping frame 1403637260.7883189
Dropping frame 1403637260.9383192
Dropping frame 1403637261.138319
Dropping frame 1403637261.3383191
Dropping frame 1403637261.5383191
Dropping frame 1403637261.7383192
Dropping frame 1403637261.888319
Dropping frame 1403637262.0883191
Dropping frame 1403637262.2883189
Dropping frame 1403637262.4883189
Dropping frame 1403637262.688319
Dropping frame 1403637262.888319
Dropping frame 1403637262.9883189
Dropping frame 1403637263.3383191
Dropping frame 1403637263.688319
Dropping frame 1403637263.888319
Dropping frame 1403637264.188319
Dropping frame 1403637264.388319
Dropping frame 1403637264.7383192
Dropping frame 1403637264.9383192
Dropping frame 1403637265.0383191
Dropping frame 1403637265.2383192
Dropping frame 1403637265.4383192
Shutdown
SLAM Finished at System Time: 1740799624.34427

 TIME STATS in ms (mean$\pm$std)
OpenCV version: 4.8.1
---------------------------
Tracking

ORB Extraction: 18.098$\pm$2.3906
Stereo Matching: 7.7006$\pm$1.939
IMU Preintegration: 0.23983$\pm$0.092809
Pose Prediction: 0.77084$\pm$1.8174
LM Track: 18.653$\pm$6.1755
New KF decision: 1.4197$\pm$2.6036
Total Tracking: 32.096$\pm$25.572



Local Mapping

KF Insertion: 14.546$\pm$5.3028
MP Culling: 0.58942$\pm$0.28416
MP Creation: 46.236$\pm$19.287
LBA: 155.54$\pm$69.072
KF Culling: 15.328$\pm$11.578
Total Local Mapping: 230.39$\pm$95.554
---------------------------

LBA complexity (mean$\pm$std)
LBA Edges: 1533$\pm$612.66
LBA KF optimized: 6.5$\pm$2.2913
LBA KF fixed: 1$\pm$0
LBA MP: nan$\pm$nan

LBA executions: 448
LBA aborts: 0
---------------------------

Map complexity
KFs in map: 151
MPs in map: 11809
---------------------------

Place Recognition (mean$\pm$std)
Database Query: 2.2453$\pm$1.1768
SE3 estimation: 27.411$\pm$16.324
Total Place Recognition: 22.31$\pm$19.608


Loop Closing (mean$\pm$std)
Loop Fusion: nan$\pm$nan
Essential Graph: nan$\pm$nan
Total Loop Closing: nan$\pm$nan

Num exec: 0
Number of KFs: nan$\pm$nan

Map Merging (mean$\pm$std)
Merge Maps: nan$\pm$nan
Welding BA: nan$\pm$nan
Optimization Ess.: nan$\pm$nan
Total Map Merging: nan$\pm$nan

Num exec: 0
Number of KFs: nan$\pm$nan
Number of MPs: nan$\pm$nan

Full GBA (mean$\pm$std)
GBA: nan$\pm$nan
Map Update: nan$\pm$nan
Total Full GBA: nan$\pm$nan

Num exec: 0
Num abort: 0
Number of KFs: nan$\pm$nan
Number of MPs: nan$\pm$nan

Saving trajectory to f_dataset-MH03_stereo_imu.txt ...
There are 1 maps in the atlas
  Map 0 has 151 KFs

End of saving trajectory to f_dataset-MH03_stereo_imu.txt ...

Saving keyframe trajectory to kf_dataset-MH03_stereo_imu.txt ...
