num_seq = 1
file name: dataset-MH01_stereo_imu
Loading images for sequence 0...LOADED!
Loading IMU for sequence 0...LOADED!

-------

ORB-SLAM3 Copyright (C) 2017-2020 Carlos Campos, Richard Elvira, Juan J. Gómez, José M.M. Montiel and Juan D. Tardós, University of Zaragoza.
ORB-SLAM2 Copyright (C) 2014-2016 Raúl Mur-Artal, José M.M. Montiel and Juan D. Tardós, University of Zaragoza.
This program comes with ABSOLUTELY NO WARRANTY;
This is free software, and you are welcome to redistribute it
under certain conditions. See LICENSE.txt.

Built with REGISTER_TIMES
Git Commit Hash: 2d47524

Build Type: Release

Compiled with C++ version: 201703

Input sensor was set to: Stereo-Inertial
Loading settings from EuRoC_fov_deadlines_mask_5x5.yaml
	-Loaded camera 1
	-Loaded camera 2
	-Loaded image info
	-Loaded IMU calibration
	-Loaded ORB settings
	-Loaded viewer settings
	-Loaded Atlas settings
Deadlines enabled, will skip frames!
FOV enabled
Static mask size: 5x5
Dumping map points enabled
	-Loaded misc parameters
	-Computed rectification maps
----------------------------------
SLAM settings: 
	-Camera 1 parameters (Pinhole): [ 458.65399169921875 457.29598999023438 367.21499633789062 248.375 ]
	-Camera 1 distortion parameters: [  -0.28340810537338257 0.073959067463874817 0.00019359000725671649 1.7618711353861727e-05 ]
	-Camera 2 parameters (Pinhole: [ 457.58700561523438 456.13400268554688 379.99899291992188 255.23800659179688 ]
	-Camera 1 distortion parameters: [  -0.2836836576461792 0.074512839317321777 -0.00010473000293131918 -3.555907096597366e-05 ]
	-Original image size: [ 752 , 480 ]
	-Current image size: [ 752 , 480 ]
	-Camera 1 parameters after rectification: [  456.71499633789062 456.71499633789062 364.52615356445312 257.268798828125 ]
	-Sequence FPS: 20
	-Stereo baseline: 0.11007784307003021
	-Stereo depth threshold : 60
	-Gyro noise: 0.00016999999934341758
	-Accelerometer noise: 0.0020000000949949026
	-Gyro walk: 1.9392999092815444e-05
	-Accelerometer walk: 0.0030000000260770321
	-IMU frequency: 200
	-Features per image: 1200
	-ORB scale factor: 1.2000000476837158
	-ORB number of scales: 8
	-Initial FAST threshold: 20
	-Min FAST threshold: 7


Loading ORB Vocabulary. This could take a while...
Vocabulary loaded!

Initialization of Atlas from scratch 
Creation of new map with id: 0
Creation of new map with last KF id: 0
Seq. Name: 
There are 1 cameras in the atlas
Camera 0 is pinhole
SLAM Started at System Time: 1742881388.87453
not IMU meas
not IMU meas
not enough acceleration
not enough acceleration
First KF:0; Map init KF:0
New Map created with 541 points
Active map: 0
Dropping frame 1403636580.0635555
Dropping frame 1403636580.3635557
Dropping frame 1403636581.2135556
Dropping frame 1403636581.6135554
Dropping frame 1403636581.7635555
Dropping frame 1403636581.9635556
Dropping frame 1403636582.2135556
Dropping frame 1403636582.4635556
Dropping frame 1403636582.5635555
Dropping frame 1403636582.8635557
Dropping frame 1403636583.6135554
Dropping frame 1403636583.7135556
Dropping frame 1403636583.9135554
Dropping frame 1403636584.1635556
Dropping frame 1403636584.3635557
Dropping frame 1403636584.7635555
Dropping frame 1403636585.0635555
Dropping frame 1403636585.2635555
start VIBA 1
end VIBA 1
Dropping frame 1403636586.1135554
Dropping frame 1403636586.2135556
Dropping frame 1403636586.3135555
Dropping frame 1403636586.5135555
Dropping frame 1403636586.7635555
Dropping frame 1403636586.8635557
Dropping frame 1403636587.2135556
Dropping frame 1403636587.3135555
Dropping frame 1403636587.6135554
Dropping frame 1403636588.0635555
Dropping frame 1403636588.8635557
Dropping frame 1403636589.6135554
Dropping frame 1403636589.7135556
Dropping frame 1403636590.2635555
Dropping frame 1403636590.3635557
Dropping frame 1403636591.3135555
Dropping frame 1403636592.1135554
Dropping frame 1403636592.5135555
Dropping frame 1403636593.0135555
Dropping frame 1403636593.9635556
Dropping frame 1403636594.7635555
Dropping frame 1403636595.0635555
Dropping frame 1403636595.1635556
Dropping frame 1403636595.5135555
start VIBA 2
end VIBA 2
Dropping frame 1403636596.0635555
Dropping frame 1403636596.3635557
Dropping frame 1403636599.0135555
Dropping frame 1403636599.5635555
Dropping frame 1403636601.0135555
Dropping frame 1403636621.3635557
Dropping frame 1403636630.0135555
Dropping frame 1403636630.8135555
Dropping frame 1403636631.2135556
Dropping frame 1403636631.7635555
Dropping frame 1403636631.8635557
Dropping frame 1403636632.3635557
Dropping frame 1403636632.7635555
Dropping frame 1403636632.8635557
Dropping frame 1403636633.2135556
Dropping frame 1403636633.5635555
Dropping frame 1403636634.5135555
Dropping frame 1403636634.7135556
Dropping frame 1403636634.9635556
Dropping frame 1403636635.6135554
Dropping frame 1403636636.3135555
Dropping frame 1403636636.5635555
Dropping frame 1403636636.7135556
Dropping frame 1403636637.1135554
Dropping frame 1403636637.2135556
Dropping frame 1403636637.8135555
Dropping frame 1403636638.5635555
Dropping frame 1403636638.8135555
Dropping frame 1403636638.9635556
Dropping frame 1403636639.1635556
Dropping frame 1403636639.4635556
Dropping frame 1403636639.8135555
Dropping frame 1403636639.9135554
Dropping frame 1403636640.1635556
Dropping frame 1403636640.3635557
Dropping frame 1403636640.4635556
Dropping frame 1403636640.6635556
Dropping frame 1403636640.9135554
Dropping frame 1403636641.2635555
Dropping frame 1403636641.6135554
Dropping frame 1403636641.9135554
Dropping frame 1403636642.0135555
Dropping frame 1403636643.7635555
Dropping frame 1403636644.7635555
Dropping frame 1403636646.4135554
Dropping frame 1403636646.9635556
Dropping frame 1403636647.3135555
Dropping frame 1403636647.6635556
Dropping frame 1403636648.1135554
Dropping frame 1403636648.6135554
Dropping frame 1403636648.7135556
Dropping frame 1403636648.9635556
Dropping frame 1403636649.1635556
Dropping frame 1403636649.7635555
Dropping frame 1403636649.8635557
Dropping frame 1403636650.2635555
Dropping frame 1403636650.7135556
Dropping frame 1403636650.8135555
Dropping frame 1403636650.9635556
Dropping frame 1403636651.4135554
Dropping frame 1403636651.5135555
Dropping frame 1403636651.8635557
Dropping frame 1403636652.2635555
Dropping frame 1403636652.5135555
Dropping frame 1403636652.6635556
Dropping frame 1403636652.9135554
Dropping frame 1403636653.1135554
Dropping frame 1403636653.3135555
Dropping frame 1403636653.6135554
Dropping frame 1403636653.7135556
Dropping frame 1403636653.8135555
Dropping frame 1403636654.2135556
Dropping frame 1403636654.9135554
Dropping frame 1403636655.0135555
Dropping frame 1403636655.4135554
Dropping frame 1403636655.5135555
Dropping frame 1403636655.7135556
Dropping frame 1403636655.9135554
Dropping frame 1403636656.2635555
Dropping frame 1403636656.9135554
Dropping frame 1403636657.6635556
Dropping frame 1403636658.1635556
Dropping frame 1403636659.0635555
Dropping frame 1403636659.3635557
Dropping frame 1403636659.6135554
Dropping frame 1403636659.8135555
Dropping frame 1403636659.9135554
Dropping frame 1403636660.2135556
Dropping frame 1403636660.3135555
Dropping frame 1403636660.5635555
Dropping frame 1403636660.6635556
Dropping frame 1403636660.7635555
Dropping frame 1403636661.2135556
Dropping frame 1403636661.4135554
Dropping frame 1403636661.6135554
Dropping frame 1403636662.1135554
Dropping frame 1403636662.2135556
Dropping frame 1403636662.3135555
Dropping frame 1403636662.9635556
Dropping frame 1403636663.1635556
Dropping frame 1403636663.2635555
Dropping frame 1403636663.7635555
Dropping frame 1403636663.9635556
Dropping frame 1403636664.0635555
Dropping frame 1403636664.4635556
Dropping frame 1403636664.5635555
Dropping frame 1403636665.5135555
Dropping frame 1403636665.9135554
Dropping frame 1403636666.1635556
Dropping frame 1403636666.2635555
Dropping frame 1403636666.6635556
Dropping frame 1403636666.9135554
Dropping frame 1403636667.2635555
Dropping frame 1403636667.3635557
Dropping frame 1403636667.8135555
Dropping frame 1403636668.1135554
Dropping frame 1403636668.8635557
Dropping frame 1403636669.3135555
Dropping frame 1403636669.7635555
Dropping frame 1403636670.4635556
Dropping frame 1403636671.2635555
Dropping frame 1403636672.1135554
Dropping frame 1403636672.7635555
Dropping frame 1403636673.1135554
Dropping frame 1403636673.7135556
Dropping frame 1403636673.8135555
Dropping frame 1403636674.1635556
Dropping frame 1403636674.5135555
Dropping frame 1403636674.9635556
Dropping frame 1403636675.3635557
Dropping frame 1403636675.5635555
Dropping frame 1403636676.0635555
Dropping frame 1403636676.2635555
Dropping frame 1403636677.8635557
Dropping frame 1403636678.0635555
Dropping frame 1403636678.2635555
Dropping frame 1403636678.5135555
Dropping frame 1403636679.0635555
Dropping frame 1403636679.1635556
Dropping frame 1403636679.5635555
Dropping frame 1403636680.2135556
Dropping frame 1403636680.3135555
Dropping frame 1403636680.7135556
Dropping frame 1403636683.6635556
Dropping frame 1403636684.2135556
Dropping frame 1403636684.6135554
Dropping frame 1403636684.7635555
Dropping frame 1403636685.6635556
Dropping frame 1403636686.9135554
Dropping frame 1403636687.0135555
Dropping frame 1403636687.2635555
Dropping frame 1403636687.5635555
Dropping frame 1403636687.6635556
Dropping frame 1403636688.0135555
Dropping frame 1403636688.5135555
Dropping frame 1403636689.4135554
Dropping frame 1403636689.5135555
Dropping frame 1403636689.7135556
Dropping frame 1403636689.9635556
Dropping frame 1403636690.2635555
Dropping frame 1403636690.5635555
Dropping frame 1403636690.6635556
Dropping frame 1403636691.3135555
Dropping frame 1403636691.4135554
Dropping frame 1403636691.5135555
Dropping frame 1403636691.6135554
Dropping frame 1403636691.7135556
Dropping frame 1403636691.9635556
Dropping frame 1403636692.0635555
Dropping frame 1403636692.2135556
Dropping frame 1403636692.4635556
Dropping frame 1403636692.8135555
Dropping frame 1403636693.1135554
Dropping frame 1403636693.4635556
Dropping frame 1403636693.5635555
Dropping frame 1403636693.6635556
Dropping frame 1403636693.7635555
Dropping frame 1403636693.9135554
Dropping frame 1403636694.1135554
Dropping frame 1403636694.5135555
Dropping frame 1403636694.7135556
Dropping frame 1403636694.8135555
Dropping frame 1403636694.9135554
Dropping frame 1403636695.0135555
Dropping frame 1403636695.3635557
Dropping frame 1403636695.4635556
Dropping frame 1403636695.5635555
Dropping frame 1403636695.7635555
Dropping frame 1403636695.9135554
Dropping frame 1403636696.2635555
Dropping frame 1403636696.7135556
Dropping frame 1403636696.8135555
Dropping frame 1403636697.0635555
Dropping frame 1403636697.3635557
Dropping frame 1403636697.7635555
Dropping frame 1403636697.8635557
Dropping frame 1403636697.9635556
Dropping frame 1403636698.1635556
Dropping frame 1403636698.3135555
Dropping frame 1403636698.6135554
Dropping frame 1403636698.8635557
Dropping frame 1403636698.9635556
Dropping frame 1403636699.2135556
Dropping frame 1403636699.3135555
Dropping frame 1403636699.4135554
Dropping frame 1403636699.6135554
Dropping frame 1403636699.7635555
Dropping frame 1403636700.0135555
Dropping frame 1403636700.1135554
Dropping frame 1403636700.2135556
Dropping frame 1403636700.4635556
Dropping frame 1403636700.6135554
Dropping frame 1403636700.7135556
Dropping frame 1403636700.9135554
Dropping frame 1403636701.2135556
Dropping frame 1403636701.6135554
Dropping frame 1403636701.7135556
Dropping frame 1403636701.9635556
Dropping frame 1403636702.4635556
Dropping frame 1403636702.6635556
Dropping frame 1403636702.7635555
Dropping frame 1403636703.2135556
Dropping frame 1403636703.3135555
Dropping frame 1403636703.4135554
Dropping frame 1403636703.9635556
Dropping frame 1403636704.4635556
Dropping frame 1403636704.7635555
Dropping frame 1403636705.4635556
Dropping frame 1403636705.5635555
Dropping frame 1403636705.8135555
Dropping frame 1403636705.9635556
Dropping frame 1403636706.4635556
Dropping frame 1403636706.7635555
Dropping frame 1403636706.8635557
Dropping frame 1403636706.9635556
Dropping frame 1403636707.2135556
Dropping frame 1403636707.3135555
Dropping frame 1403636707.6135554
Dropping frame 1403636707.7135556
Dropping frame 1403636707.8135555
Dropping frame 1403636707.9135554
Dropping frame 1403636708.0635555
Dropping frame 1403636708.3135555
Dropping frame 1403636708.4135554
Dropping frame 1403636708.6135554
Dropping frame 1403636708.7135556
Dropping frame 1403636708.8135555
Dropping frame 1403636708.9635556
Dropping frame 1403636709.0635555
Dropping frame 1403636709.3635557
Dropping frame 1403636709.5635555
Dropping frame 1403636709.7135556
Dropping frame 1403636709.9635556
Dropping frame 1403636710.0635555
Dropping frame 1403636710.2135556
Dropping frame 1403636710.5635555
Dropping frame 1403636710.6635556
Dropping frame 1403636710.9635556
Dropping frame 1403636711.0635555
Dropping frame 1403636711.1635556
Dropping frame 1403636711.4635556
Dropping frame 1403636711.5635555
Dropping frame 1403636712.3135555
Dropping frame 1403636712.7635555
Dropping frame 1403636714.5635555
Dropping frame 1403636714.7635555
Dropping frame 1403636714.9635556
Dropping frame 1403636715.0635555
Dropping frame 1403636715.1635556
Dropping frame 1403636715.3635557
Dropping frame 1403636715.5135555
Dropping frame 1403636715.6135554
Dropping frame 1403636716.2135556
Dropping frame 1403636717.4135554
Dropping frame 1403636717.6135554
Dropping frame 1403636717.8135555
Dropping frame 1403636718.0135555
Dropping frame 1403636718.2135556
Dropping frame 1403636718.3135555
Dropping frame 1403636718.6135554
Dropping frame 1403636718.8135555
Dropping frame 1403636718.9135554
Dropping frame 1403636719.1135554
Dropping frame 1403636719.2135556
Dropping frame 1403636719.5135555
Dropping frame 1403636719.6135554
Dropping frame 1403636719.7135556
Dropping frame 1403636719.8135555
Dropping frame 1403636720.1135554
Dropping frame 1403636720.2135556
Dropping frame 1403636720.4135554
Dropping frame 1403636720.6135554
Dropping frame 1403636720.7135556
Dropping frame 1403636720.8635557
Dropping frame 1403636721.1635556
Dropping frame 1403636721.3635557
Dropping frame 1403636721.5635555
Dropping frame 1403636721.7635555
Dropping frame 1403636721.8635557
Dropping frame 1403636722.0635555
Dropping frame 1403636722.2135556
Dropping frame 1403636722.4135554
Dropping frame 1403636722.5135555
Dropping frame 1403636722.6135554
Dropping frame 1403636722.7635555
Dropping frame 1403636723.4635556
Dropping frame 1403636723.6635556
Dropping frame 1403636723.8635557
Dropping frame 1403636723.9635556
Dropping frame 1403636724.0635555
Dropping frame 1403636724.4135554
Dropping frame 1403636724.7635555
Dropping frame 1403636724.8635557
Dropping frame 1403636724.9635556
Dropping frame 1403636725.1635556
Dropping frame 1403636725.2635555
Dropping frame 1403636725.4635556
Dropping frame 1403636725.5635555
Dropping frame 1403636725.6635556
Dropping frame 1403636725.7635555
Dropping frame 1403636725.8635557
Dropping frame 1403636725.9635556
Dropping frame 1403636726.1635556
Dropping frame 1403636726.2635555
Dropping frame 1403636726.4135554
Dropping frame 1403636726.6635556
Dropping frame 1403636726.8635557
Dropping frame 1403636727.0635555
Dropping frame 1403636727.2135556
Dropping frame 1403636727.3135555
Dropping frame 1403636727.5135555
Dropping frame 1403636727.6135554
Dropping frame 1403636727.7135556
Dropping frame 1403636728.0135555
Dropping frame 1403636728.1135554
Dropping frame 1403636728.2135556
Dropping frame 1403636728.3135555
Dropping frame 1403636728.4135554
Dropping frame 1403636728.5135555
Dropping frame 1403636728.6135554
Dropping frame 1403636728.8135555
Dropping frame 1403636729.0135555
Dropping frame 1403636729.2135556
Dropping frame 1403636729.3135555
Dropping frame 1403636729.4135554
Dropping frame 1403636729.6135554
Dropping frame 1403636729.7135556
Dropping frame 1403636729.9135554
Dropping frame 1403636730.0135555
Dropping frame 1403636730.1135554
Dropping frame 1403636730.2135556
Dropping frame 1403636730.3135555
Dropping frame 1403636730.5135555
Dropping frame 1403636730.6135554
Dropping frame 1403636730.7135556
Dropping frame 1403636730.8135555
Dropping frame 1403636731.0135555
Dropping frame 1403636731.2135556
Dropping frame 1403636731.3135555
Dropping frame 1403636731.4135554
Dropping frame 1403636731.5135555
Dropping frame 1403636731.7135556
Dropping frame 1403636731.9135554
Dropping frame 1403636732.1135554
Dropping frame 1403636732.2135556
Dropping frame 1403636732.3135555
Dropping frame 1403636732.5135555
Dropping frame 1403636732.6135554
Dropping frame 1403636732.8135555
Dropping frame 1403636732.9135554
Dropping frame 1403636733.0135555
Dropping frame 1403636733.1135554
Dropping frame 1403636733.3135555
Dropping frame 1403636733.5135555
Dropping frame 1403636733.7135556
Dropping frame 1403636733.8135555
Dropping frame 1403636733.9135554
Dropping frame 1403636734.0135555
Dropping frame 1403636734.2135556
Dropping frame 1403636734.3135555
Dropping frame 1403636734.5135555
Dropping frame 1403636734.7135556
Dropping frame 1403636734.8135555
Dropping frame 1403636734.9135554
Dropping frame 1403636735.1135554
Dropping frame 1403636735.2135556
Dropping frame 1403636735.3135555
Dropping frame 1403636735.4135554
Dropping frame 1403636735.6635556
Dropping frame 1403636735.7635555
Dropping frame 1403636735.8635557
Dropping frame 1403636735.9635556
Dropping frame 1403636736.0635555
Dropping frame 1403636736.1635556
Dropping frame 1403636736.4135554
Dropping frame 1403636736.6135554
Dropping frame 1403636736.7135556
Dropping frame 1403636736.8135555
Dropping frame 1403636736.9135554
Dropping frame 1403636737.1135554
Dropping frame 1403636737.2135556
Dropping frame 1403636737.3135555
Dropping frame 1403636737.5135555
Dropping frame 1403636737.6135554
Dropping frame 1403636737.9135554
Dropping frame 1403636738.0135555
Dropping frame 1403636738.9135554
Dropping frame 1403636739.1135554
Dropping frame 1403636739.3635557
Dropping frame 1403636739.4635556
Dropping frame 1403636739.5635555
Dropping frame 1403636739.7635555
Dropping frame 1403636739.9135554
Dropping frame 1403636740.3635557
Dropping frame 1403636741.1135554
Dropping frame 1403636741.2135556
Dropping frame 1403636741.3135555
Dropping frame 1403636741.4135554
Dropping frame 1403636741.5135555
Dropping frame 1403636741.7135556
Dropping frame 1403636741.8635557
Dropping frame 1403636741.9635556
Dropping frame 1403636742.2635555
Dropping frame 1403636742.4635556
Dropping frame 1403636742.5635555
Dropping frame 1403636742.8635557
Dropping frame 1403636742.9635556
Dropping frame 1403636743.1635556
Dropping frame 1403636743.2635555
Dropping frame 1403636743.4135554
Dropping frame 1403636743.5135555
Dropping frame 1403636743.7135556
Dropping frame 1403636743.9635556
Dropping frame 1403636744.0635555
Dropping frame 1403636744.1635556
Dropping frame 1403636744.2635555
Dropping frame 1403636744.3635557
Dropping frame 1403636744.5635555
Dropping frame 1403636744.7635555
Dropping frame 1403636744.9635556
Dropping frame 1403636745.0635555
Dropping frame 1403636745.1635556
Dropping frame 1403636745.2635555
Dropping frame 1403636745.4635556
Dropping frame 1403636745.6635556
Dropping frame 1403636745.7635555
Dropping frame 1403636745.8635557
Dropping frame 1403636746.0135555
Dropping frame 1403636746.2135556
Dropping frame 1403636746.4135554
Dropping frame 1403636746.6135554
Dropping frame 1403636746.8135555
Dropping frame 1403636746.9135554
Dropping frame 1403636747.1135554
Dropping frame 1403636747.2135556
Dropping frame 1403636747.3135555
Dropping frame 1403636747.4135554
Dropping frame 1403636747.6135554
Dropping frame 1403636747.8135555
Dropping frame 1403636747.9135554
Dropping frame 1403636748.0135555
Dropping frame 1403636748.2135556
Dropping frame 1403636748.4135554
Dropping frame 1403636748.6135554
Dropping frame 1403636748.7135556
Dropping frame 1403636748.9135554
Dropping frame 1403636749.1135554
Dropping frame 1403636749.2135556
Dropping frame 1403636749.3135555
Dropping frame 1403636749.4635556
Dropping frame 1403636749.6635556
Dropping frame 1403636749.7635555
Dropping frame 1403636749.8635557
Dropping frame 1403636750.0635555
Dropping frame 1403636750.1635556
Dropping frame 1403636750.3635557
Dropping frame 1403636750.4635556
Dropping frame 1403636750.5635555
Dropping frame 1403636750.6635556
Dropping frame 1403636750.8635557
Dropping frame 1403636751.0635555
Dropping frame 1403636751.1635556
Dropping frame 1403636751.3635557
Dropping frame 1403636751.4635556
Dropping frame 1403636751.5635555
Dropping frame 1403636751.6635556
Dropping frame 1403636751.7635555
Dropping frame 1403636752.0135555
Dropping frame 1403636752.2135556
Dropping frame 1403636752.3135555
Dropping frame 1403636752.4635556
Dropping frame 1403636752.7135556
Dropping frame 1403636752.9135554
Dropping frame 1403636753.1135554
Dropping frame 1403636753.2135556
Dropping frame 1403636753.3135555
Dropping frame 1403636753.4135554
Dropping frame 1403636753.5135555
Dropping frame 1403636753.7135556
Dropping frame 1403636753.9135554
Dropping frame 1403636754.0135555
Dropping frame 1403636754.1135554
Dropping frame 1403636754.2135556
Dropping frame 1403636754.3135555
Dropping frame 1403636754.4135554
Dropping frame 1403636754.5135555
Dropping frame 1403636754.7635555
Dropping frame 1403636754.8635557
Dropping frame 1403636754.9635556
Dropping frame 1403636755.2135556
Dropping frame 1403636755.3135555
Dropping frame 1403636755.4135554
Dropping frame 1403636755.5135555
Dropping frame 1403636755.9135554
Dropping frame 1403636756.0135555
Dropping frame 1403636756.1135554
Dropping frame 1403636756.3135555
Dropping frame 1403636756.4135554
Dropping frame 1403636756.5135555
Dropping frame 1403636756.8135555
Dropping frame 1403636756.9135554
Dropping frame 1403636757.0135555
Dropping frame 1403636757.1135554
Dropping frame 1403636757.4135554
Dropping frame 1403636757.5135555
Dropping frame 1403636757.6135554
Dropping frame 1403636757.7635555
Dropping frame 1403636757.9135554
Dropping frame 1403636758.1635556
Dropping frame 1403636758.2635555
Dropping frame 1403636758.4135554
Dropping frame 1403636758.6635556
Dropping frame 1403636758.7635555
Dropping frame 1403636758.8635557
Dropping frame 1403636759.0635555
Dropping frame 1403636759.1635556
Dropping frame 1403636759.2635555
Dropping frame 1403636759.4635556
Dropping frame 1403636759.6635556
Dropping frame 1403636759.8635557
Dropping frame 1403636759.9635556
Dropping frame 1403636760.0635555
Dropping frame 1403636760.2635555
Dropping frame 1403636760.3635557
Dropping frame 1403636760.5635555
Dropping frame 1403636760.7635555
Dropping frame 1403636760.8635557
Dropping frame 1403636760.9635556
Dropping frame 1403636761.0635555
Dropping frame 1403636761.1635556
Dropping frame 1403636761.2635555
Dropping frame 1403636761.3635557
Dropping frame 1403636761.4635556
Dropping frame 1403636761.5635555
Dropping frame 1403636761.8635557
Dropping frame 1403636761.9635556
Dropping frame 1403636762.0635555
Dropping frame 1403636762.1635556
Dropping frame 1403636762.2635555
Dropping frame 1403636762.3635557
Dropping frame 1403636762.4635556
Dropping frame 1403636762.5635555
Dropping frame 1403636762.7135556
Dropping frame 1403636762.9135554
Dropping frame 1403636763.0135555
Dropping frame 1403636763.1635556
Dropping frame 1403636763.3135555
Dropping frame 1403636763.4135554
Dropping frame 1403636763.5135555
Dropping frame 1403636763.6135554
Shutdown
SLAM Finished at System Time: 1742881608.17543

 TIME STATS in ms (mean$\pm$std)
OpenCV version: 4.8.1
---------------------------
Tracking

ORB Extraction: 15.776$\pm$1.7481
Stereo Matching: 6.8611$\pm$1.9767
IMU Preintegration: 0.28013$\pm$0.12569
Pose Prediction: 0.19662$\pm$0.57948
LM Track: 19.954$\pm$6.1074
New KF decision: 0.96501$\pm$1.8794
Total Tracking: 35.202$\pm$23.449



Local Mapping

KF Insertion: 16.644$\pm$7.6249
MP Culling: 0.48537$\pm$0.20959
MP Creation: 48.607$\pm$17.604
LBA: 164.35$\pm$58.302
KF Culling: 18.483$\pm$12.469
Total Local Mapping: 248.44$\pm$84.99
---------------------------

LBA complexity (mean$\pm$std)
LBA Edges: 1840.4$\pm$774.72
LBA KF optimized: 6.5$\pm$2.2913
LBA KF fixed: 1$\pm$0
LBA MP: nan$\pm$nan

LBA executions: 565
LBA aborts: 0
---------------------------

Map complexity
KFs in map: 161
MPs in map: 14047
---------------------------

Place Recognition (mean$\pm$std)
Database Query: 1.5997$\pm$0.94551
SE3 estimation: 15.034$\pm$16.493
Total Place Recognition: 14.967$\pm$16.96


Loop Closing (mean$\pm$std)
Loop Fusion: nan$\pm$nan
Essential Graph: nan$\pm$nan
Total Loop Closing: nan$\pm$nan

Num exec: 0
Number of KFs: nan$\pm$nan

Map Merging (mean$\pm$std)
Merge Maps: nan$\pm$nan
Welding BA: nan$\pm$nan
Optimization Ess.: nan$\pm$nan
Total Map Merging: nan$\pm$nan

Num exec: 0
Number of KFs: nan$\pm$nan
Number of MPs: nan$\pm$nan

Full GBA (mean$\pm$std)
GBA: nan$\pm$nan
Map Update: nan$\pm$nan
Total Full GBA: nan$\pm$nan

Num exec: 0
Num abort: 0
Number of KFs: nan$\pm$nan
Number of MPs: nan$\pm$nan

Saving trajectory to f_dataset-MH01_stereo_imu.txt ...
There are 1 maps in the atlas
  Map 0 has 161 KFs

End of saving trajectory to f_dataset-MH01_stereo_imu.txt ...

Saving keyframe trajectory to kf_dataset-MH01_stereo_imu.txt ...
