num_seq = 1
file name: dataset-MH05_stereo_imu
Loading images for sequence 0...LOADED!
Loading IMU for sequence 0...LOADED!

-------

ORB-SLAM3 Copyright (C) 2017-2020 Carlos Campos, Richard Elvira, Juan J. Gómez, José M.M. Montiel and Juan D. Tardós, University of Zaragoza.
ORB-SLAM2 Copyright (C) 2014-2016 Raúl Mur-Artal, José M.M. Montiel and Juan D. Tardós, University of Zaragoza.
This program comes with ABSOLUTELY NO WARRANTY;
This is free software, and you are welcome to redistribute it
under certain conditions. See LICENSE.txt.

Built with REGISTER_TIMES
Git Commit Hash: 2d47524

Build Type: Release

Compiled with C++ version: 201703

Input sensor was set to: Stereo-Inertial
Loading settings from EuRoC_fov_deadlines_mask_7x7.yaml
	-Loaded camera 1
	-Loaded camera 2
	-Loaded image info
	-Loaded IMU calibration
	-Loaded ORB settings
	-Loaded viewer settings
	-Loaded Atlas settings
Deadlines enabled, will skip frames!
FOV enabled
Static mask size: 7x7
Dumping map points enabled
	-Loaded misc parameters
	-Computed rectification maps
----------------------------------
SLAM settings: 
	-Camera 1 parameters (Pinhole): [ 458.65399169921875 457.29598999023438 367.21499633789062 248.375 ]
	-Camera 1 distortion parameters: [  -0.28340810537338257 0.073959067463874817 0.00019359000725671649 1.7618711353861727e-05 ]
	-Camera 2 parameters (Pinhole: [ 457.58700561523438 456.13400268554688 379.99899291992188 255.23800659179688 ]
	-Camera 1 distortion parameters: [  -0.2836836576461792 0.074512839317321777 -0.00010473000293131918 -3.555907096597366e-05 ]
	-Original image size: [ 752 , 480 ]
	-Current image size: [ 752 , 480 ]
	-Camera 1 parameters after rectification: [  456.71499633789062 456.71499633789062 364.52615356445312 257.268798828125 ]
	-Sequence FPS: 20
	-Stereo baseline: 0.11007784307003021
	-Stereo depth threshold : 60
	-Gyro noise: 0.00016999999934341758
	-Accelerometer noise: 0.0020000000949949026
	-Gyro walk: 1.9392999092815444e-05
	-Accelerometer walk: 0.0030000000260770321
	-IMU frequency: 200
	-Features per image: 1200
	-ORB scale factor: 1.2000000476837158
	-ORB number of scales: 8
	-Initial FAST threshold: 20
	-Min FAST threshold: 7


Loading ORB Vocabulary. This could take a while...
Vocabulary loaded!

Initialization of Atlas from scratch 
Creation of new map with id: 0
Creation of new map with last KF id: 0
Seq. Name: 
There are 1 cameras in the atlas
Camera 0 is pinhole
SLAM Started at System Time: 1742918948.92009
not IMU meas
not IMU meas
not enough acceleration
not enough acceleration
not enough acceleration
not enough acceleration
not enough acceleration
not enough acceleration
not enough acceleration
not enough acceleration
not enough acceleration
not enough acceleration
not enough acceleration
not enough acceleration
not enough acceleration
not enough acceleration
not enough acceleration
not enough acceleration
not enough acceleration
not enough acceleration
not enough acceleration
not enough acceleration
not enough acceleration
not enough acceleration
not enough acceleration
not enough acceleration
not enough acceleration
not enough acceleration
not enough acceleration
not enough acceleration
not enough acceleration
not enough acceleration
not enough acceleration
not enough acceleration
not enough acceleration
not enough acceleration
not enough acceleration
not enough acceleration
not enough acceleration
not enough acceleration
not enough acceleration
not enough acceleration
not enough acceleration
not enough acceleration
not enough acceleration
not enough acceleration
not enough acceleration
not enough acceleration
not enough acceleration
not enough acceleration
not enough acceleration
not enough acceleration
not enough acceleration
not enough acceleration
not enough acceleration
not enough acceleration
not enough acceleration
not enough acceleration
not enough acceleration
not enough acceleration
not enough acceleration
not enough acceleration
not enough acceleration
not enough acceleration
not enough acceleration
not enough acceleration
not enough acceleration
not enough acceleration
not enough acceleration
not enough acceleration
not enough acceleration
not enough acceleration
not enough acceleration
not enough acceleration
not enough acceleration
not enough acceleration
not enough acceleration
not enough acceleration
not enough acceleration
not enough acceleration
First KF:0; Map init KF:0
New Map created with 91 points
Active map: 0
Dropping frame 1403638523.2778294
Dropping frame 1403638523.5278294
Dropping frame 1403638523.6778293
Dropping frame 1403638523.8778293
Dropping frame 1403638524.1278296
Dropping frame 1403638524.7778294
Dropping frame 1403638525.4778295
Dropping frame 1403638525.5778294
Dropping frame 1403638525.8278296
Dropping frame 1403638526.0278294
Dropping frame 1403638526.4278295
Dropping frame 1403638526.6778293
Dropping frame 1403638527.2278295
start VIBA 1
end VIBA 1
Dropping frame 1403638527.8278296
Dropping frame 1403638528.0778294
Dropping frame 1403638528.1778293
Dropping frame 1403638528.7778294
Dropping frame 1403638529.7778294
Dropping frame 1403638529.9778295
Dropping frame 1403638530.6778293
Dropping frame 1403638530.7778294
Dropping frame 1403638531.1778293
Not enough motion for initializing. Reseting...
TRACK: Reset map because local mapper set the bad imu flag 
LM: Active map reset recieved
LM: Active map reset, waiting...
LM: Reseting current map in Local Mapping...
LM: End reseting Local Mapping...
LM: Reset free the mutex
LM: Active map reset, Done!!!
mnFirstFrameId = 80
mnInitialFrameId = 0
169 Frames set to lost
not IMU meas
not enough acceleration
not enough acceleration
not enough acceleration
not enough acceleration
not enough acceleration
not enough acceleration
not enough acceleration
not enough acceleration
not enough acceleration
not enough acceleration
not enough acceleration
not enough acceleration
not enough acceleration
not enough acceleration
not enough acceleration
not enough acceleration
not enough acceleration
not enough acceleration
not enough acceleration
not enough acceleration
not enough acceleration
not enough acceleration
not enough acceleration
not enough acceleration
not enough acceleration
not enough acceleration
Dropping frame 1403638533.0278294
not enough acceleration
not enough acceleration
not enough acceleration
not enough acceleration
not enough acceleration
not enough acceleration
not enough acceleration
not enough acceleration
not enough acceleration
not enough acceleration
not enough acceleration
not enough acceleration
not enough acceleration
not enough acceleration
not enough acceleration
not enough acceleration
not enough acceleration
not enough acceleration
Dropping frame 1403638533.9778295
not enough acceleration
not enough acceleration
not enough acceleration
not enough acceleration
not enough acceleration
not enough acceleration
not enough acceleration
not enough acceleration
not enough acceleration
not enough acceleration
not enough acceleration
not enough acceleration
not enough acceleration
not enough acceleration
not enough acceleration
not enough acceleration
not enough acceleration
not enough acceleration
not enough acceleration
not enough acceleration
not enough acceleration
not enough acceleration
not enough acceleration
not enough acceleration
not enough acceleration
not enough acceleration
not enough acceleration
not enough acceleration
not enough acceleration
not enough acceleration
not enough acceleration
not enough acceleration
not enough acceleration
not enough acceleration
not enough acceleration
not enough acceleration
not enough acceleration
not enough acceleration
not enough acceleration
not enough acceleration
not enough acceleration
not enough acceleration
not enough acceleration
not enough acceleration
not enough acceleration
not enough acceleration
not enough acceleration
not enough acceleration
not enough acceleration
not enough acceleration
not enough acceleration
not enough acceleration
not enough acceleration
not enough acceleration
not enough acceleration
not enough acceleration
not enough acceleration
not enough acceleration
not enough acceleration
not enough acceleration
not enough acceleration
not enough acceleration
not enough acceleration
not enough acceleration
not enough acceleration
not enough acceleration
not enough acceleration
not enough acceleration
not enough acceleration
not enough acceleration
not enough acceleration
not enough acceleration
not enough acceleration
not enough acceleration
not enough acceleration
not enough acceleration
not enough acceleration
not enough acceleration
not enough acceleration
not enough acceleration
not enough acceleration
not enough acceleration
not enough acceleration
not enough acceleration
not enough acceleration
not enough acceleration
not enough acceleration
not enough acceleration
not enough acceleration
not enough acceleration
not enough acceleration
not enough acceleration
not enough acceleration
not enough acceleration
not enough acceleration
First KF:37; Map init KF:0
New Map created with 138 points
Active map: 0
Dropping frame 1403638543.2278295
Dropping frame 1403638543.5778294
Dropping frame 1403638543.8278296
Dropping frame 1403638544.1278296
start VIBA 1
Dropping frame 1403638544.2278295
end VIBA 1
Dropping frame 1403638544.5778294
Dropping frame 1403638544.9278295
Dropping frame 1403638545.1278296
Dropping frame 1403638545.3778293
Dropping frame 1403638545.5778294
Dropping frame 1403638545.7778294
Dropping frame 1403638546.3278296
Dropping frame 1403638546.6278296
Dropping frame 1403638546.8278296
Dropping frame 1403638547.6778293
Dropping frame 1403638547.7778294
Dropping frame 1403638548.1778293
Dropping frame 1403638548.2778294
Dropping frame 1403638548.6778293
Dropping frame 1403638548.7778294
Dropping frame 1403638549.0278294
Dropping frame 1403638549.1278296
Dropping frame 1403638549.2278295
Dropping frame 1403638549.4778295
Dropping frame 1403638549.5778294
Dropping frame 1403638549.8278296
Dropping frame 1403638549.9278295
Dropping frame 1403638550.1778293
Dropping frame 1403638550.2778294
Dropping frame 1403638550.4778295
Dropping frame 1403638550.5778294
Dropping frame 1403638550.9778295
Dropping frame 1403638551.1278296
Dropping frame 1403638551.4278295
Dropping frame 1403638551.7278295
Dropping frame 1403638551.8278296
Dropping frame 1403638552.0778294
Dropping frame 1403638552.1778293
Dropping frame 1403638552.4278295
Dropping frame 1403638552.8778293
Dropping frame 1403638553.0778294
Dropping frame 1403638553.1778293
Dropping frame 1403638553.2778294
Dropping frame 1403638553.4778295
Dropping frame 1403638553.7278295
Dropping frame 1403638553.9278295
Dropping frame 1403638554.0278294
start VIBA 2
Dropping frame 1403638554.4778295
end VIBA 2
Dropping frame 1403638554.6778293
Dropping frame 1403638554.7778294
Dropping frame 1403638555.2278295
Dropping frame 1403638555.4278295
Dropping frame 1403638555.5278294
Dropping frame 1403638555.6278296
Dropping frame 1403638555.7278295
Dropping frame 1403638555.9278295
Dropping frame 1403638556.1278296
Dropping frame 1403638556.2278295
Dropping frame 1403638556.5278294
Dropping frame 1403638556.7278295
Dropping frame 1403638556.8278296
Dropping frame 1403638556.9778295
Dropping frame 1403638557.1778293
Dropping frame 1403638557.3778293
Dropping frame 1403638557.4778295
Dropping frame 1403638557.7278295
Dropping frame 1403638557.9278295
Dropping frame 1403638558.0278294
Dropping frame 1403638558.6778293
Dropping frame 1403638558.7778294
Dropping frame 1403638559.1278296
Dropping frame 1403638559.2278295
Dropping frame 1403638559.5778294
Dropping frame 1403638559.7778294
Dropping frame 1403638560.1278296
Dropping frame 1403638560.3278296
Dropping frame 1403638560.4778295
Dropping frame 1403638560.5778294
Dropping frame 1403638560.7778294
Dropping frame 1403638560.8778293
Dropping frame 1403638560.9778295
Dropping frame 1403638561.1278296
Dropping frame 1403638561.3278296
Dropping frame 1403638561.5278294
Dropping frame 1403638561.6278296
Dropping frame 1403638562.0278294
Dropping frame 1403638562.2278295
Dropping frame 1403638562.3278296
Dropping frame 1403638562.4278295
Dropping frame 1403638562.6278296
Dropping frame 1403638562.7278295
Dropping frame 1403638562.8278296
Dropping frame 1403638562.9278295
Dropping frame 1403638563.1778293
Dropping frame 1403638563.2778294
Dropping frame 1403638563.4778295
Dropping frame 1403638563.6778293
Dropping frame 1403638563.7778294
Dropping frame 1403638564.2778294
Dropping frame 1403638564.3778293
Dropping frame 1403638564.6278296
Dropping frame 1403638564.8278296
Dropping frame 1403638564.9278295
Dropping frame 1403638565.0778294
Dropping frame 1403638565.4778295
Dropping frame 1403638565.7778294
Dropping frame 1403638565.9778295
Dropping frame 1403638566.1778293
Dropping frame 1403638566.3778293
Dropping frame 1403638566.5278294
Dropping frame 1403638566.7278295
Dropping frame 1403638566.8278296
Dropping frame 1403638566.9278295
Dropping frame 1403638567.2778294
Dropping frame 1403638567.3778293
Dropping frame 1403638567.4778295
Dropping frame 1403638567.6278296
Dropping frame 1403638567.8278296
Dropping frame 1403638567.9278295
Dropping frame 1403638568.1778293
Dropping frame 1403638568.3778293
Dropping frame 1403638568.6278296
Dropping frame 1403638568.7278295
Dropping frame 1403638568.8278296
Dropping frame 1403638569.0278294
Dropping frame 1403638569.1278296
Dropping frame 1403638569.3778293
Dropping frame 1403638569.5778294
Dropping frame 1403638569.6778293
Dropping frame 1403638569.7778294
Dropping frame 1403638569.8778293
Dropping frame 1403638570.0778294
Dropping frame 1403638570.1778293
Dropping frame 1403638570.2778294
Dropping frame 1403638570.4778295
Dropping frame 1403638570.6778293
Dropping frame 1403638570.7778294
Dropping frame 1403638571.0778294
Dropping frame 1403638571.2278295
Dropping frame 1403638571.5778294
Dropping frame 1403638571.7778294
Dropping frame 1403638571.8778293
Dropping frame 1403638571.9778295
Dropping frame 1403638572.1278296
Dropping frame 1403638572.3778293
Dropping frame 1403638572.5778294
Dropping frame 1403638572.6778293
Dropping frame 1403638572.8278296
Dropping frame 1403638573.1278296
Dropping frame 1403638573.2778294
Dropping frame 1403638573.4778295
Dropping frame 1403638573.6278296
Dropping frame 1403638573.9778295
Dropping frame 1403638574.6278296
Dropping frame 1403638574.9278295
Dropping frame 1403638575.1278296
Dropping frame 1403638575.3278296
Dropping frame 1403638576.2278295
Dropping frame 1403638576.7778294
Dropping frame 1403638577.0278294
Dropping frame 1403638577.2278295
Dropping frame 1403638577.4278295
Dropping frame 1403638577.7278295
Dropping frame 1403638577.9278295
Dropping frame 1403638578.1278296
Dropping frame 1403638578.3278296
Dropping frame 1403638578.8278296
Dropping frame 1403638579.3778293
Dropping frame 1403638579.6778293
Dropping frame 1403638579.7778294
Dropping frame 1403638580.3778293
Dropping frame 1403638580.4778295
Dropping frame 1403638580.7778294
Dropping frame 1403638580.8778293
Dropping frame 1403638581.2778294
Dropping frame 1403638581.3778293
Dropping frame 1403638583.3278296
Dropping frame 1403638583.6278296
Dropping frame 1403638583.9778295
Dropping frame 1403638584.7278295
Dropping frame 1403638584.8278296
Dropping frame 1403638585.0278294
Dropping frame 1403638585.1278296
Dropping frame 1403638585.2278295
Dropping frame 1403638585.5778294
Dropping frame 1403638585.6778293
Dropping frame 1403638586.0278294
Dropping frame 1403638586.2778294
Dropping frame 1403638586.4278295
Dropping frame 1403638586.6778293
Dropping frame 1403638586.8778293
Dropping frame 1403638587.0778294
Dropping frame 1403638587.3778293
Dropping frame 1403638587.5778294
Dropping frame 1403638587.6778293
Dropping frame 1403638587.7778294
Dropping frame 1403638588.0278294
Dropping frame 1403638588.1278296
Dropping frame 1403638588.2278295
Dropping frame 1403638588.4278295
Dropping frame 1403638588.6278296
Dropping frame 1403638588.8278296
Dropping frame 1403638589.0278294
Dropping frame 1403638589.1278296
Dropping frame 1403638589.3778293
Dropping frame 1403638589.5778294
Dropping frame 1403638589.7778294
Dropping frame 1403638589.8778293
Dropping frame 1403638590.1278296
Dropping frame 1403638590.2278295
Dropping frame 1403638590.3278296
Dropping frame 1403638590.5278294
Dropping frame 1403638590.7278295
Dropping frame 1403638590.8778293
Dropping frame 1403638590.9778295
Dropping frame 1403638591.2278295
Dropping frame 1403638591.3278296
Dropping frame 1403638591.5278294
Dropping frame 1403638591.6278296
Dropping frame 1403638591.7278295
Dropping frame 1403638592.0778294
Dropping frame 1403638592.1778293
Dropping frame 1403638592.4278295
Dropping frame 1403638592.6278296
Dropping frame 1403638592.8278296
Dropping frame 1403638592.9278295
Dropping frame 1403638593.1778293
Dropping frame 1403638593.4778295
Dropping frame 1403638593.5778294
Dropping frame 1403638593.8278296
Dropping frame 1403638594.0278294
Dropping frame 1403638594.1278296
Dropping frame 1403638594.3278296
Dropping frame 1403638594.4278295
Dropping frame 1403638594.9778295
Dropping frame 1403638596.9778295
Dropping frame 1403638597.4778295
Dropping frame 1403638615.7278295
Dropping frame 1403638617.1278296
Dropping frame 1403638617.2278295
Dropping frame 1403638618.3278296
Dropping frame 1403638618.7778294
Dropping frame 1403638618.9778295
Dropping frame 1403638619.1778293
Dropping frame 1403638619.2778294
Dropping frame 1403638619.7778294
Dropping frame 1403638620.3778293
Dropping frame 1403638620.9778295
Dropping frame 1403638621.0778294
Dropping frame 1403638621.6778293
Dropping frame 1403638622.0278294
Dropping frame 1403638622.8278296
Dropping frame 1403638623.9778295
Dropping frame 1403638624.4778295
Dropping frame 1403638624.7278295
Dropping frame 1403638626.2278295
Dropping frame 1403638626.8278296
Dropping frame 1403638627.5278294
Dropping frame 1403638627.9278295
Dropping frame 1403638628.3778293
Dropping frame 1403638629.3778293
Dropping frame 1403638629.6778293
Dropping frame 1403638629.8278296
Dropping frame 1403638630.7778294
Dropping frame 1403638631.1778293
Dropping frame 1403638631.2778294
Dropping frame 1403638631.4278295
Shutdown
SLAM Finished at System Time: 1742919082.68526

 TIME STATS in ms (mean$\pm$std)
OpenCV version: 4.8.1
---------------------------
Tracking

ORB Extraction: 15.757$\pm$2.1472
Stereo Matching: 7.7929$\pm$1.8929
IMU Preintegration: 0.21517$\pm$0.09156
Pose Prediction: 0.38172$\pm$1.1512
LM Track: 17.302$\pm$4.4812
New KF decision: 1.048$\pm$1.8814
Total Tracking: 34.907$\pm$20.587



Local Mapping

KF Insertion: 12.306$\pm$4.4305
MP Culling: 0.45558$\pm$0.2053
MP Creation: 40.663$\pm$13.149
LBA: 143.14$\pm$45.506
KF Culling: 10.694$\pm$8.0315
Total Local Mapping: 207.7$\pm$66.661
---------------------------

LBA complexity (mean$\pm$std)
LBA Edges: 2056.8$\pm$1118
LBA KF optimized: 6.5$\pm$2.2913
LBA KF fixed: 1$\pm$0
LBA MP: nan$\pm$nan

LBA executions: 409
LBA aborts: 0
---------------------------

Map complexity
KFs in map: 183
MPs in map: 15005
---------------------------

Place Recognition (mean$\pm$std)
Database Query: 1.8603$\pm$0.97895
SE3 estimation: 25.802$\pm$15.441
Total Place Recognition: 21.169$\pm$18.318


Loop Closing (mean$\pm$std)
Loop Fusion: nan$\pm$nan
Essential Graph: nan$\pm$nan
Total Loop Closing: nan$\pm$nan

Num exec: 0
Number of KFs: nan$\pm$nan

Map Merging (mean$\pm$std)
Merge Maps: nan$\pm$nan
Welding BA: nan$\pm$nan
Optimization Ess.: nan$\pm$nan
Total Map Merging: nan$\pm$nan

Num exec: 0
Number of KFs: nan$\pm$nan
Number of MPs: nan$\pm$nan

Full GBA (mean$\pm$std)
GBA: nan$\pm$nan
Map Update: nan$\pm$nan
Total Full GBA: nan$\pm$nan

Num exec: 0
Num abort: 0
Number of KFs: nan$\pm$nan
Number of MPs: nan$\pm$nan

Saving trajectory to f_dataset-MH05_stereo_imu.txt ...
There are 1 maps in the atlas
  Map 0 has 183 KFs

End of saving trajectory to f_dataset-MH05_stereo_imu.txt ...

Saving keyframe trajectory to kf_dataset-MH05_stereo_imu.txt ...
