num_seq = 1
file name: dataset-MH05_stereo_imu
Loading images for sequence 0...LOADED!
Loading IMU for sequence 0...LOADED!

-------

ORB-SLAM3 Copyright (C) 2017-2020 Carlos Campos, Richard Elvira, Juan J. Gómez, José M.M. Montiel and Juan D. Tardós, University of Zaragoza.
ORB-SLAM2 Copyright (C) 2014-2016 Raúl Mur-Artal, José M.M. Montiel and Juan D. Tardós, University of Zaragoza.
This program comes with ABSOLUTELY NO WARRANTY;
This is free software, and you are welcome to redistribute it
under certain conditions. See LICENSE.txt.

Built with REGISTER_TIMES
Git Commit Hash: 2d47524

Build Type: Release

Compiled with C++ version: 201703

Input sensor was set to: Stereo-Inertial
Loading settings from EuRoC_fov_deadlines_mask_8x8.yaml
	-Loaded camera 1
	-Loaded camera 2
	-Loaded image info
	-Loaded IMU calibration
	-Loaded ORB settings
	-Loaded viewer settings
	-Loaded Atlas settings
Deadlines enabled, will skip frames!
FOV enabled
Static mask size: 8x8
Dumping map points enabled
	-Loaded misc parameters
	-Computed rectification maps
----------------------------------
SLAM settings: 
	-Camera 1 parameters (Pinhole): [ 458.65399169921875 457.29598999023438 367.21499633789062 248.375 ]
	-Camera 1 distortion parameters: [  -0.28340810537338257 0.073959067463874817 0.00019359000725671649 1.7618711353861727e-05 ]
	-Camera 2 parameters (Pinhole: [ 457.58700561523438 456.13400268554688 379.99899291992188 255.23800659179688 ]
	-Camera 1 distortion parameters: [  -0.2836836576461792 0.074512839317321777 -0.00010473000293131918 -3.555907096597366e-05 ]
	-Original image size: [ 752 , 480 ]
	-Current image size: [ 752 , 480 ]
	-Camera 1 parameters after rectification: [  456.71499633789062 456.71499633789062 364.52615356445312 257.268798828125 ]
	-Sequence FPS: 20
	-Stereo baseline: 0.11007784307003021
	-Stereo depth threshold : 60
	-Gyro noise: 0.00016999999934341758
	-Accelerometer noise: 0.0020000000949949026
	-Gyro walk: 1.9392999092815444e-05
	-Accelerometer walk: 0.0030000000260770321
	-IMU frequency: 200
	-Features per image: 1200
	-ORB scale factor: 1.2000000476837158
	-ORB number of scales: 8
	-Initial FAST threshold: 20
	-Min FAST threshold: 7


Loading ORB Vocabulary. This could take a while...
Vocabulary loaded!

Initialization of Atlas from scratch 
Creation of new map with id: 0
Creation of new map with last KF id: 0
Seq. Name: 
There are 1 cameras in the atlas
Camera 0 is pinhole
SLAM Started at System Time: 1742816991.53663
not IMU meas
not IMU meas
not enough acceleration
not enough acceleration
not enough acceleration
not enough acceleration
not enough acceleration
not enough acceleration
not enough acceleration
not enough acceleration
not enough acceleration
not enough acceleration
not enough acceleration
not enough acceleration
not enough acceleration
not enough acceleration
not enough acceleration
not enough acceleration
not enough acceleration
not enough acceleration
not enough acceleration
not enough acceleration
not enough acceleration
not enough acceleration
not enough acceleration
not enough acceleration
not enough acceleration
not enough acceleration
not enough acceleration
not enough acceleration
not enough acceleration
not enough acceleration
not enough acceleration
not enough acceleration
not enough acceleration
not enough acceleration
not enough acceleration
not enough acceleration
not enough acceleration
not enough acceleration
not enough acceleration
not enough acceleration
not enough acceleration
not enough acceleration
not enough acceleration
not enough acceleration
not enough acceleration
not enough acceleration
not enough acceleration
not enough acceleration
not enough acceleration
not enough acceleration
not enough acceleration
not enough acceleration
not enough acceleration
not enough acceleration
not enough acceleration
not enough acceleration
not enough acceleration
not enough acceleration
not enough acceleration
not enough acceleration
not enough acceleration
not enough acceleration
not enough acceleration
not enough acceleration
not enough acceleration
not enough acceleration
not enough acceleration
not enough acceleration
not enough acceleration
not enough acceleration
not enough acceleration
not enough acceleration
not enough acceleration
not enough acceleration
not enough acceleration
not enough acceleration
not enough acceleration
not enough acceleration
First KF:0; Map init KF:0
New Map created with 114 points
Active map: 0
Dropping frame 1403638522.6778293
Dropping frame 1403638523.3778293
Dropping frame 1403638523.6778293
Dropping frame 1403638524.0778294
Dropping frame 1403638525.4778295
Dropping frame 1403638525.7278295
Dropping frame 1403638525.8278296
Dropping frame 1403638526.1778293
Dropping frame 1403638526.6778293
Dropping frame 1403638527.1278296
start VIBA 1
end VIBA 1
Dropping frame 1403638527.8278296
Dropping frame 1403638528.0278294
Dropping frame 1403638528.3278296
Dropping frame 1403638528.7778294
Dropping frame 1403638529.1778293
Dropping frame 1403638529.2778294
Dropping frame 1403638529.5278294
Dropping frame 1403638529.9278295
Dropping frame 1403638530.0278294
Dropping frame 1403638530.5278294
Dropping frame 1403638530.6278296
Dropping frame 1403638530.7278295
Dropping frame 1403638530.9778295
Dropping frame 1403638531.1778293
Dropping frame 1403638531.3778293
Dropping frame 1403638531.4778295
Dropping frame 1403638531.7778294
Not enough motion for initializing. Reseting...
TRACK: Reset map because local mapper set the bad imu flag 
LM: Active map reset recieved
LM: Active map reset, waiting...
LM: Reseting current map in Local Mapping...
LM: End reseting Local Mapping...
LM: Reset free the mutex
LM: Active map reset, Done!!!
mnFirstFrameId = 80
mnInitialFrameId = 0
168 Frames set to lost
not IMU meas
not enough acceleration
not enough acceleration
not enough acceleration
not enough acceleration
not enough acceleration
not enough acceleration
not enough acceleration
not enough acceleration
not enough acceleration
not enough acceleration
not enough acceleration
not enough acceleration
not enough acceleration
not enough acceleration
not enough acceleration
not enough acceleration
not enough acceleration
not enough acceleration
not enough acceleration
not enough acceleration
not enough acceleration
Dropping frame 1403638532.9778295
not enough acceleration
not enough acceleration
not enough acceleration
not enough acceleration
not enough acceleration
not enough acceleration
not enough acceleration
not enough acceleration
not enough acceleration
not enough acceleration
not enough acceleration
not enough acceleration
not enough acceleration
not enough acceleration
not enough acceleration
not enough acceleration
not enough acceleration
not enough acceleration
not enough acceleration
not enough acceleration
not enough acceleration
not enough acceleration
not enough acceleration
not enough acceleration
not enough acceleration
Dropping frame 1403638534.2778294
not enough acceleration
not enough acceleration
not enough acceleration
not enough acceleration
not enough acceleration
not enough acceleration
not enough acceleration
not enough acceleration
Dropping frame 1403638534.7278295
not enough acceleration
not enough acceleration
not enough acceleration
not enough acceleration
not enough acceleration
not enough acceleration
not enough acceleration
not enough acceleration
not enough acceleration
not enough acceleration
not enough acceleration
not enough acceleration
not enough acceleration
not enough acceleration
not enough acceleration
not enough acceleration
not enough acceleration
not enough acceleration
not enough acceleration
not enough acceleration
not enough acceleration
not enough acceleration
not enough acceleration
not enough acceleration
not enough acceleration
not enough acceleration
not enough acceleration
not enough acceleration
not enough acceleration
not enough acceleration
not enough acceleration
not enough acceleration
not enough acceleration
not enough acceleration
not enough acceleration
not enough acceleration
not enough acceleration
not enough acceleration
not enough acceleration
not enough acceleration
not enough acceleration
not enough acceleration
not enough acceleration
not enough acceleration
not enough acceleration
not enough acceleration
not enough acceleration
not enough acceleration
not enough acceleration
not enough acceleration
not enough acceleration
not enough acceleration
not enough acceleration
not enough acceleration
not enough acceleration
not enough acceleration
not enough acceleration
not enough acceleration
not enough acceleration
not enough acceleration
not enough acceleration
not enough acceleration
not enough acceleration
not enough acceleration
not enough acceleration
not enough acceleration
not enough acceleration
not enough acceleration
not enough acceleration
not enough acceleration
not enough acceleration
not enough acceleration
not enough acceleration
not enough acceleration
not enough acceleration
not enough acceleration
not enough acceleration
not enough acceleration
not enough acceleration
not enough acceleration
First KF:41; Map init KF:0
New Map created with 154 points
Active map: 0
Dropping frame 1403638542.7278295
Dropping frame 1403638543.3778293
start VIBA 1
Dropping frame 1403638544.1778293
end VIBA 1
Dropping frame 1403638544.2778294
Dropping frame 1403638544.5778294
Dropping frame 1403638544.6778293
Dropping frame 1403638544.9278295
Dropping frame 1403638545.1778293
Dropping frame 1403638545.3278296
Dropping frame 1403638545.5278294
Dropping frame 1403638545.7278295
Dropping frame 1403638546.0278294
Dropping frame 1403638546.2778294
Dropping frame 1403638546.5278294
Dropping frame 1403638546.6778293
Dropping frame 1403638546.7778294
Dropping frame 1403638547.2278295
Dropping frame 1403638547.4278295
Dropping frame 1403638547.5278294
Dropping frame 1403638547.6278296
Dropping frame 1403638548.6778293
Dropping frame 1403638548.9778295
Dropping frame 1403638549.5278294
Dropping frame 1403638549.6278296
Dropping frame 1403638549.7278295
Dropping frame 1403638549.9278295
Dropping frame 1403638550.1778293
Dropping frame 1403638550.2778294
Dropping frame 1403638550.5278294
Dropping frame 1403638550.6278296
Dropping frame 1403638550.7278295
Dropping frame 1403638550.9778295
Dropping frame 1403638551.0778294
Dropping frame 1403638551.3778293
Dropping frame 1403638551.4778295
Dropping frame 1403638551.7778294
Dropping frame 1403638551.8778293
Dropping frame 1403638552.0278294
Dropping frame 1403638552.2278295
Dropping frame 1403638552.3278296
Dropping frame 1403638552.5278294
Dropping frame 1403638552.7278295
Dropping frame 1403638552.8278296
Dropping frame 1403638552.9778295
Dropping frame 1403638553.1278296
Dropping frame 1403638553.4278295
Dropping frame 1403638553.5278294
Dropping frame 1403638553.6278296
Dropping frame 1403638553.8278296
Dropping frame 1403638554.0278294
start VIBA 2
Dropping frame 1403638554.2278295
Dropping frame 1403638554.3278296
Dropping frame 1403638554.4278295
Dropping frame 1403638554.5278294
end VIBA 2
Dropping frame 1403638554.6278296
Dropping frame 1403638554.8278296
Dropping frame 1403638554.9278295
Dropping frame 1403638555.1278296
Dropping frame 1403638555.4278295
Dropping frame 1403638555.5278294
Dropping frame 1403638555.8278296
Dropping frame 1403638555.9278295
Dropping frame 1403638556.2778294
Dropping frame 1403638556.3778293
Dropping frame 1403638556.6278296
Dropping frame 1403638557.0278294
Dropping frame 1403638557.2278295
Dropping frame 1403638557.4278295
Dropping frame 1403638557.5778294
Dropping frame 1403638557.7778294
Dropping frame 1403638557.8778293
Dropping frame 1403638557.9778295
Dropping frame 1403638558.2278295
Dropping frame 1403638558.4278295
Dropping frame 1403638558.5778294
Dropping frame 1403638558.8278296
Dropping frame 1403638559.0278294
Dropping frame 1403638559.2278295
Dropping frame 1403638559.3278296
Dropping frame 1403638559.4278295
Dropping frame 1403638559.6778293
Dropping frame 1403638559.8778293
Dropping frame 1403638559.9778295
Dropping frame 1403638560.0778294
Dropping frame 1403638560.3778293
Dropping frame 1403638560.5778294
Dropping frame 1403638560.6778293
Dropping frame 1403638560.8778293
Dropping frame 1403638561.0778294
Dropping frame 1403638561.2778294
Dropping frame 1403638561.3778293
Dropping frame 1403638561.5778294
Dropping frame 1403638561.6778293
Dropping frame 1403638561.7778294
Dropping frame 1403638561.9778295
Dropping frame 1403638562.1778293
Dropping frame 1403638562.2778294
Dropping frame 1403638562.5278294
Dropping frame 1403638562.6278296
Dropping frame 1403638562.7278295
Dropping frame 1403638562.9278295
Dropping frame 1403638563.1278296
Dropping frame 1403638563.2278295
Dropping frame 1403638563.4278295
Dropping frame 1403638563.5278294
Dropping frame 1403638563.7278295
Dropping frame 1403638563.8278296
Dropping frame 1403638563.9278295
Dropping frame 1403638564.0278294
Dropping frame 1403638564.1278296
Dropping frame 1403638564.3278296
Dropping frame 1403638564.5278294
Dropping frame 1403638564.7278295
Dropping frame 1403638564.8278296
Dropping frame 1403638564.9278295
Dropping frame 1403638565.1278296
Dropping frame 1403638565.2278295
Dropping frame 1403638565.3278296
Dropping frame 1403638565.5278294
Dropping frame 1403638565.8278296
Dropping frame 1403638566.0278294
Dropping frame 1403638566.2278295
Dropping frame 1403638566.4278295
Dropping frame 1403638566.6278296
Dropping frame 1403638566.7278295
Dropping frame 1403638566.9778295
Dropping frame 1403638567.1778293
Dropping frame 1403638567.2778294
Dropping frame 1403638567.5278294
Dropping frame 1403638567.6278296
Dropping frame 1403638567.7778294
Dropping frame 1403638568.0278294
Dropping frame 1403638568.2278295
Dropping frame 1403638568.3278296
Dropping frame 1403638568.4278295
Dropping frame 1403638568.5278294
Dropping frame 1403638568.6278296
Dropping frame 1403638568.8278296
Dropping frame 1403638569.0278294
Dropping frame 1403638569.1278296
Dropping frame 1403638569.2278295
Dropping frame 1403638569.3278296
Dropping frame 1403638569.4278295
Dropping frame 1403638569.6778293
Dropping frame 1403638569.8778293
Dropping frame 1403638569.9778295
Dropping frame 1403638570.1278296
Dropping frame 1403638570.3278296
Dropping frame 1403638570.4778295
Dropping frame 1403638570.5778294
Dropping frame 1403638570.6778293
Dropping frame 1403638570.9778295
Dropping frame 1403638571.0778294
Dropping frame 1403638571.1778293
Dropping frame 1403638571.3778293
Dropping frame 1403638571.4778295
Dropping frame 1403638571.5778294
Dropping frame 1403638571.7778294
Dropping frame 1403638571.8778293
Dropping frame 1403638572.0778294
Dropping frame 1403638572.1778293
Dropping frame 1403638572.2778294
Dropping frame 1403638572.4778295
Dropping frame 1403638572.6778293
Dropping frame 1403638572.8778293
Dropping frame 1403638572.9778295
Dropping frame 1403638573.0778294
Dropping frame 1403638574.4278295
Dropping frame 1403638574.6278296
Dropping frame 1403638574.8278296
Dropping frame 1403638575.0278294
Dropping frame 1403638575.1778293
Dropping frame 1403638575.2778294
Dropping frame 1403638575.5278294
Dropping frame 1403638575.6278296
Dropping frame 1403638575.8278296
Dropping frame 1403638576.0278294
Dropping frame 1403638576.9778295
Dropping frame 1403638577.1278296
Dropping frame 1403638577.3778293
Dropping frame 1403638578.0278294
Dropping frame 1403638578.1278296
Dropping frame 1403638578.5278294
Dropping frame 1403638578.7278295
Dropping frame 1403638579.0278294
Dropping frame 1403638579.3278296
Dropping frame 1403638579.5278294
Dropping frame 1403638579.6278296
Dropping frame 1403638579.9278295
Dropping frame 1403638580.1278296
Dropping frame 1403638580.3278296
Dropping frame 1403638580.4278295
Dropping frame 1403638580.6778293
Dropping frame 1403638581.1278296
Dropping frame 1403638581.2778294
Dropping frame 1403638581.6278296
Dropping frame 1403638581.7278295
Dropping frame 1403638581.9778295
Dropping frame 1403638582.1778293
Dropping frame 1403638582.3778293
Dropping frame 1403638582.5778294
Dropping frame 1403638582.7778294
Dropping frame 1403638582.8778293
Dropping frame 1403638583.1278296
Dropping frame 1403638583.2278295
Dropping frame 1403638583.4778295
Dropping frame 1403638583.7778294
Dropping frame 1403638583.9778295
Dropping frame 1403638584.1778293
Dropping frame 1403638584.2778294
Dropping frame 1403638584.5278294
Dropping frame 1403638584.8778293
Dropping frame 1403638586.5278294
Dropping frame 1403638586.7278295
Dropping frame 1403638587.0778294
Dropping frame 1403638587.5278294
Dropping frame 1403638587.6278296
Dropping frame 1403638587.9278295
Dropping frame 1403638588.1278296
Dropping frame 1403638588.3778293
Dropping frame 1403638588.5278294
Dropping frame 1403638588.7778294
Dropping frame 1403638588.8778293
Dropping frame 1403638589.1278296
Dropping frame 1403638589.3278296
Dropping frame 1403638589.5278294
Dropping frame 1403638589.7278295
Dropping frame 1403638589.9278295
Dropping frame 1403638590.0278294
Dropping frame 1403638590.1278296
Dropping frame 1403638590.3278296
Dropping frame 1403638590.4778295
Dropping frame 1403638590.6778293
Dropping frame 1403638590.8778293
Dropping frame 1403638591.0778294
Dropping frame 1403638591.2778294
Dropping frame 1403638591.4778295
Dropping frame 1403638591.5778294
Dropping frame 1403638591.6778293
Dropping frame 1403638591.7778294
Dropping frame 1403638591.9778295
Dropping frame 1403638592.0778294
Dropping frame 1403638592.1778293
Dropping frame 1403638592.5278294
Dropping frame 1403638592.6278296
Dropping frame 1403638592.8278296
Dropping frame 1403638592.9278295
Dropping frame 1403638593.0278294
Dropping frame 1403638593.2278295
Dropping frame 1403638593.3278296
Dropping frame 1403638593.5278294
Dropping frame 1403638593.7278295
Dropping frame 1403638593.9278295
Dropping frame 1403638594.0278294
Dropping frame 1403638594.1278296
Dropping frame 1403638594.4278295
Dropping frame 1403638594.6278296
Dropping frame 1403638594.8278296
Dropping frame 1403638594.9778295
Dropping frame 1403638595.3278296
Dropping frame 1403638595.5278294
Dropping frame 1403638595.6278296
Dropping frame 1403638595.7278295
Dropping frame 1403638595.9278295
Dropping frame 1403638596.1278296
Dropping frame 1403638596.2278295
Dropping frame 1403638596.4778295
Dropping frame 1403638596.6778293
Dropping frame 1403638596.8778293
Dropping frame 1403638596.9778295
Dropping frame 1403638597.2278295
Dropping frame 1403638597.5278294
Dropping frame 1403638597.8278296
Dropping frame 1403638598.1778293
Dropping frame 1403638598.2778294
Dropping frame 1403638598.4778295
Dropping frame 1403638600.6778293
Dropping frame 1403638600.8778293
Dropping frame 1403638601.3778293
Dropping frame 1403638602.9278295
Dropping frame 1403638608.6778293
Dropping frame 1403638618.6278296
Dropping frame 1403638619.0778294
Dropping frame 1403638619.6278296
Dropping frame 1403638620.3778293
Dropping frame 1403638620.6778293
Dropping frame 1403638620.8778293
Dropping frame 1403638621.0778294
Dropping frame 1403638621.2778294
Dropping frame 1403638621.7278295
Dropping frame 1403638621.9278295
Dropping frame 1403638622.3778293
Dropping frame 1403638622.5778294
Dropping frame 1403638622.8778293
Dropping frame 1403638623.0778294
Dropping frame 1403638623.2778294
Dropping frame 1403638623.3778293
Dropping frame 1403638623.4778295
Dropping frame 1403638623.6778293
Dropping frame 1403638624.3778293
Dropping frame 1403638624.9778295
Dropping frame 1403638625.0778294
Dropping frame 1403638625.2278295
Dropping frame 1403638625.7778294
Dropping frame 1403638626.0278294
Dropping frame 1403638626.6778293
Dropping frame 1403638626.7778294
Dropping frame 1403638626.8778293
Dropping frame 1403638627.2278295
Dropping frame 1403638627.4278295
Dropping frame 1403638627.5778294
Dropping frame 1403638627.7778294
Dropping frame 1403638628.0778294
Dropping frame 1403638628.2778294
Dropping frame 1403638628.3778293
Dropping frame 1403638628.6778293
Dropping frame 1403638628.7778294
Dropping frame 1403638629.0278294
Dropping frame 1403638629.1278296
Dropping frame 1403638629.2278295
Dropping frame 1403638629.4278295
Dropping frame 1403638629.6778293
Dropping frame 1403638629.9778295
Dropping frame 1403638630.0778294
Dropping frame 1403638630.4278295
Dropping frame 1403638630.5278294
Dropping frame 1403638630.8778293
Dropping frame 1403638630.9778295
Dropping frame 1403638631.2278295
Dropping frame 1403638631.5778294
Shutdown
SLAM Finished at System Time: 1742817126.12266

 TIME STATS in ms (mean$\pm$std)
OpenCV version: 4.8.1
---------------------------
Tracking

ORB Extraction: 16.609$\pm$2.3023
Stereo Matching: 7.9072$\pm$1.8911
IMU Preintegration: 0.21239$\pm$0.091163
Pose Prediction: 0.39987$\pm$1.1847
LM Track: 17.656$\pm$4.6113
New KF decision: 1.0697$\pm$1.8539
Total Tracking: 33.779$\pm$22.171



Local Mapping

KF Insertion: 12.953$\pm$4.5431
MP Culling: 0.4521$\pm$0.19583
MP Creation: 41.604$\pm$13.868
LBA: 147.73$\pm$44.263
KF Culling: 11.258$\pm$8.0158
Total Local Mapping: 214.72$\pm$65.588
---------------------------

LBA complexity (mean$\pm$std)
LBA Edges: 2084.8$\pm$1061.7
LBA KF optimized: 6.5$\pm$2.2913
LBA KF fixed: 1$\pm$0
LBA MP: nan$\pm$nan

LBA executions: 408
LBA aborts: 0
---------------------------

Map complexity
KFs in map: 183
MPs in map: 14569
---------------------------

Place Recognition (mean$\pm$std)
Database Query: 2.0566$\pm$1.0669
SE3 estimation: 26.218$\pm$15.334
Total Place Recognition: 21.481$\pm$18.51


Loop Closing (mean$\pm$std)
Loop Fusion: nan$\pm$nan
Essential Graph: nan$\pm$nan
Total Loop Closing: nan$\pm$nan

Num exec: 0
Number of KFs: nan$\pm$nan

Map Merging (mean$\pm$std)
Merge Maps: nan$\pm$nan
Welding BA: nan$\pm$nan
Optimization Ess.: nan$\pm$nan
Total Map Merging: nan$\pm$nan

Num exec: 0
Number of KFs: nan$\pm$nan
Number of MPs: nan$\pm$nan

Full GBA (mean$\pm$std)
GBA: nan$\pm$nan
Map Update: nan$\pm$nan
Total Full GBA: nan$\pm$nan

Num exec: 0
Num abort: 0
Number of KFs: nan$\pm$nan
Number of MPs: nan$\pm$nan

Saving trajectory to f_dataset-MH05_stereo_imu.txt ...
There are 1 maps in the atlas
  Map 0 has 183 KFs

End of saving trajectory to f_dataset-MH05_stereo_imu.txt ...

Saving keyframe trajectory to kf_dataset-MH05_stereo_imu.txt ...
