num_seq = 1
file name: dataset-MH05_stereo_imu
Loading images for sequence 0...LOADED!
Loading IMU for sequence 0...LOADED!

-------

ORB-SLAM3 Copyright (C) 2017-2020 Carlos Campos, Richard Elvira, Juan J. Gómez, José M.M. Montiel and Juan D. Tardós, University of Zaragoza.
ORB-SLAM2 Copyright (C) 2014-2016 Raúl Mur-Artal, José M.M. Montiel and Juan D. Tardós, University of Zaragoza.
This program comes with ABSOLUTELY NO WARRANTY;
This is free software, and you are welcome to redistribute it
under certain conditions. See LICENSE.txt.

Built with REGISTER_TIMES
Git Commit Hash: 2d47524

Build Type: Release

Compiled with C++ version: 201703

Input sensor was set to: Stereo-Inertial
Loading settings from EuRoC_fov_deadlines_mask_14x14.yaml
	-Loaded camera 1
	-Loaded camera 2
	-Loaded image info
	-Loaded IMU calibration
	-Loaded ORB settings
	-Loaded viewer settings
	-Loaded Atlas settings
Deadlines enabled, will skip frames!
FOV enabled
Static mask size: 14x14
Dumping map points enabled
	-Loaded misc parameters
	-Computed rectification maps
----------------------------------
SLAM settings: 
	-Camera 1 parameters (Pinhole): [ 458.65399169921875 457.29598999023438 367.21499633789062 248.375 ]
	-Camera 1 distortion parameters: [  -0.28340810537338257 0.073959067463874817 0.00019359000725671649 1.7618711353861727e-05 ]
	-Camera 2 parameters (Pinhole: [ 457.58700561523438 456.13400268554688 379.99899291992188 255.23800659179688 ]
	-Camera 1 distortion parameters: [  -0.2836836576461792 0.074512839317321777 -0.00010473000293131918 -3.555907096597366e-05 ]
	-Original image size: [ 752 , 480 ]
	-Current image size: [ 752 , 480 ]
	-Camera 1 parameters after rectification: [  456.71499633789062 456.71499633789062 364.52615356445312 257.268798828125 ]
	-Sequence FPS: 20
	-Stereo baseline: 0.11007784307003021
	-Stereo depth threshold : 60
	-Gyro noise: 0.00016999999934341758
	-Accelerometer noise: 0.0020000000949949026
	-Gyro walk: 1.9392999092815444e-05
	-Accelerometer walk: 0.0030000000260770321
	-IMU frequency: 200
	-Features per image: 1200
	-ORB scale factor: 1.2000000476837158
	-ORB number of scales: 8
	-Initial FAST threshold: 20
	-Min FAST threshold: 7


Loading ORB Vocabulary. This could take a while...
Vocabulary loaded!

Initialization of Atlas from scratch 
Creation of new map with id: 0
Creation of new map with last KF id: 0
Seq. Name: 
There are 1 cameras in the atlas
Camera 0 is pinhole
SLAM Started at System Time: 1742732489.90832
not IMU meas
not IMU meas
not enough acceleration
not enough acceleration
not enough acceleration
not enough acceleration
not enough acceleration
not enough acceleration
not enough acceleration
not enough acceleration
not enough acceleration
not enough acceleration
not enough acceleration
not enough acceleration
not enough acceleration
not enough acceleration
not enough acceleration
not enough acceleration
not enough acceleration
not enough acceleration
not enough acceleration
not enough acceleration
not enough acceleration
not enough acceleration
not enough acceleration
not enough acceleration
not enough acceleration
not enough acceleration
not enough acceleration
not enough acceleration
not enough acceleration
not enough acceleration
not enough acceleration
not enough acceleration
not enough acceleration
not enough acceleration
not enough acceleration
not enough acceleration
not enough acceleration
not enough acceleration
not enough acceleration
not enough acceleration
not enough acceleration
not enough acceleration
not enough acceleration
not enough acceleration
not enough acceleration
not enough acceleration
not enough acceleration
not enough acceleration
not enough acceleration
not enough acceleration
not enough acceleration
not enough acceleration
not enough acceleration
not enough acceleration
not enough acceleration
not enough acceleration
not enough acceleration
not enough acceleration
not enough acceleration
not enough acceleration
not enough acceleration
not enough acceleration
not enough acceleration
not enough acceleration
not enough acceleration
not enough acceleration
not enough acceleration
not enough acceleration
not enough acceleration
not enough acceleration
not enough acceleration
not enough acceleration
not enough acceleration
not enough acceleration
not enough acceleration
not enough acceleration
not enough acceleration
not enough acceleration
First KF:0; Map init KF:0
New Map created with 124 points
Active map: 0
Dropping frame 1403638522.9778295
Dropping frame 1403638523.1778293
Dropping frame 1403638523.3278296
Dropping frame 1403638523.5278294
Dropping frame 1403638523.6278296
Dropping frame 1403638523.8278296
Dropping frame 1403638523.9778295
Dropping frame 1403638524.3278296
Dropping frame 1403638524.6278296
Dropping frame 1403638524.9278295
Dropping frame 1403638525.3278296
Dropping frame 1403638525.5278294
Dropping frame 1403638525.6278296
Dropping frame 1403638525.8778293
Dropping frame 1403638526.0278294
Dropping frame 1403638526.2778294
Dropping frame 1403638526.3778293
Dropping frame 1403638526.4778295
Dropping frame 1403638526.5778294
Dropping frame 1403638526.6778293
Dropping frame 1403638526.9778295
Dropping frame 1403638527.1278296
Dropping frame 1403638527.4778295
start VIBA 1
Dropping frame 1403638527.6278296
end VIBA 1
Dropping frame 1403638527.8778293
Dropping frame 1403638528.1778293
Dropping frame 1403638528.4778295
Dropping frame 1403638528.6778293
Dropping frame 1403638528.8778293
Dropping frame 1403638529.0778294
Dropping frame 1403638529.2778294
Dropping frame 1403638529.9778295
Dropping frame 1403638530.3778293
Dropping frame 1403638530.5778294
Dropping frame 1403638530.6778293
Dropping frame 1403638530.9778295
Dropping frame 1403638531.0778294
Dropping frame 1403638531.2278295
Not enough motion for initializing. Reseting...
TRACK: Reset map because local mapper set the bad imu flag 
LM: Active map reset recieved
LM: Active map reset, waiting...
LM: Reseting current map in Local Mapping...
LM: End reseting Local Mapping...
LM: Reset free the mutex
LM: Active map reset, Done!!!
mnFirstFrameId = 80
mnInitialFrameId = 0
149 Frames set to lost
not IMU meas
Dropping frame 1403638531.5278294
not enough acceleration
Dropping frame 1403638531.6278296
not enough acceleration
Dropping frame 1403638531.7278295
not enough acceleration
not enough acceleration
not enough acceleration
not enough acceleration
Dropping frame 1403638531.9778295
not enough acceleration
not enough acceleration
Dropping frame 1403638532.1278296
not enough acceleration
not enough acceleration
not enough acceleration
Dropping frame 1403638532.3278296
not enough acceleration
Dropping frame 1403638532.4278295
not enough acceleration
not enough acceleration
not enough acceleration
not enough acceleration
Dropping frame 1403638532.6778293
not enough acceleration
Dropping frame 1403638532.7778294
not enough acceleration
Dropping frame 1403638532.8778293
not enough acceleration
not enough acceleration
not enough acceleration
Dropping frame 1403638533.0778294
not enough acceleration
not enough acceleration
Dropping frame 1403638533.2278295
not enough acceleration
not enough acceleration
not enough acceleration
Dropping frame 1403638533.4278295
not enough acceleration
Dropping frame 1403638533.5278294
not enough acceleration
not enough acceleration
not enough acceleration
not enough acceleration
not enough acceleration
not enough acceleration
not enough acceleration
not enough acceleration
not enough acceleration
not enough acceleration
not enough acceleration
not enough acceleration
not enough acceleration
not enough acceleration
not enough acceleration
not enough acceleration
not enough acceleration
not enough acceleration
not enough acceleration
not enough acceleration
not enough acceleration
not enough acceleration
not enough acceleration
not enough acceleration
not enough acceleration
not enough acceleration
not enough acceleration
not enough acceleration
not enough acceleration
not enough acceleration
not enough acceleration
not enough acceleration
not enough acceleration
not enough acceleration
not enough acceleration
not enough acceleration
not enough acceleration
not enough acceleration
not enough acceleration
not enough acceleration
not enough acceleration
Dropping frame 1403638535.6278296
not enough acceleration
not enough acceleration
not enough acceleration
not enough acceleration
not enough acceleration
not enough acceleration
not enough acceleration
not enough acceleration
Dropping frame 1403638536.0778294
not enough acceleration
not enough acceleration
not enough acceleration
not enough acceleration
not enough acceleration
not enough acceleration
not enough acceleration
not enough acceleration
not enough acceleration
not enough acceleration
not enough acceleration
not enough acceleration
not enough acceleration
not enough acceleration
not enough acceleration
not enough acceleration
not enough acceleration
not enough acceleration
not enough acceleration
not enough acceleration
not enough acceleration
not enough acceleration
not enough acceleration
not enough acceleration
not enough acceleration
not enough acceleration
not enough acceleration
not enough acceleration
not enough acceleration
not enough acceleration
not enough acceleration
not enough acceleration
not enough acceleration
not enough acceleration
not enough acceleration
not enough acceleration
not enough acceleration
not enough acceleration
not enough acceleration
not enough acceleration
not enough acceleration
not enough acceleration
not enough acceleration
not enough acceleration
not enough acceleration
not enough acceleration
not enough acceleration
not enough acceleration
not enough acceleration
not enough acceleration
not enough acceleration
not enough acceleration
not enough acceleration
First KF:42; Map init KF:0
New Map created with 173 points
Active map: 0
start VIBA 1
end VIBA 1
Dropping frame 1403638544.9778295
Dropping frame 1403638545.3778293
Dropping frame 1403638545.8278296
Dropping frame 1403638545.9778295
Dropping frame 1403638546.1778293
Dropping frame 1403638546.2778294
Dropping frame 1403638546.4278295
Dropping frame 1403638546.5278294
Dropping frame 1403638546.6278296
Dropping frame 1403638546.7778294
Dropping frame 1403638546.9778295
Dropping frame 1403638547.1278296
Dropping frame 1403638547.3778293
Dropping frame 1403638547.4778295
Dropping frame 1403638547.6778293
Dropping frame 1403638547.9778295
Dropping frame 1403638548.1278296
Dropping frame 1403638548.2278295
Dropping frame 1403638548.3778293
Dropping frame 1403638548.4778295
Dropping frame 1403638548.6278296
Dropping frame 1403638548.9278295
Dropping frame 1403638549.3778293
Dropping frame 1403638549.4778295
Dropping frame 1403638549.5778294
Dropping frame 1403638549.7278295
Dropping frame 1403638549.8278296
Dropping frame 1403638549.9278295
Dropping frame 1403638550.1278296
Dropping frame 1403638550.2278295
Dropping frame 1403638550.3278296
Dropping frame 1403638550.5278294
Dropping frame 1403638550.6778293
Dropping frame 1403638550.9778295
Dropping frame 1403638551.4778295
Dropping frame 1403638551.7278295
Dropping frame 1403638551.8278296
Dropping frame 1403638551.9278295
Dropping frame 1403638552.0278294
Dropping frame 1403638552.1278296
Dropping frame 1403638552.2278295
Dropping frame 1403638552.3278296
Dropping frame 1403638552.4278295
Dropping frame 1403638552.5278294
Dropping frame 1403638552.7278295
Dropping frame 1403638552.8278296
Dropping frame 1403638552.9278295
Dropping frame 1403638553.0778294
Dropping frame 1403638553.1778293
Dropping frame 1403638553.2778294
Dropping frame 1403638553.4778295
Dropping frame 1403638553.5778294
Dropping frame 1403638553.6778293
Dropping frame 1403638553.7778294
Dropping frame 1403638553.8778293
Dropping frame 1403638553.9778295
start VIBA 2
Dropping frame 1403638554.0778294
Dropping frame 1403638554.1778293
Dropping frame 1403638554.3778293
end VIBA 2
Dropping frame 1403638554.4778295
Dropping frame 1403638554.6778293
Dropping frame 1403638554.7778294
Dropping frame 1403638554.8778293
Dropping frame 1403638555.0778294
Dropping frame 1403638555.2778294
Dropping frame 1403638555.3778293
Dropping frame 1403638555.5778294
Dropping frame 1403638555.7778294
Dropping frame 1403638555.9778295
Dropping frame 1403638556.0778294
Dropping frame 1403638556.2778294
Dropping frame 1403638556.3778293
Dropping frame 1403638556.4778295
Dropping frame 1403638556.6778293
Dropping frame 1403638556.7778294
Dropping frame 1403638556.9778295
Dropping frame 1403638557.0778294
Dropping frame 1403638557.1778293
Dropping frame 1403638557.2778294
Dropping frame 1403638557.4778295
Dropping frame 1403638557.6778293
Dropping frame 1403638557.7778294
Dropping frame 1403638557.8778293
Dropping frame 1403638558.0778294
Dropping frame 1403638558.1778293
Dropping frame 1403638558.2778294
Dropping frame 1403638558.3778293
Dropping frame 1403638558.4778295
Dropping frame 1403638558.6778293
Dropping frame 1403638558.7778294
Dropping frame 1403638558.9778295
Dropping frame 1403638559.1778293
Dropping frame 1403638559.2778294
Dropping frame 1403638559.4778295
Dropping frame 1403638559.6778293
Dropping frame 1403638559.7778294
Dropping frame 1403638559.9778295
Dropping frame 1403638560.0778294
Dropping frame 1403638560.1778293
Dropping frame 1403638560.2778294
Dropping frame 1403638560.3778293
Dropping frame 1403638560.5778294
Dropping frame 1403638560.6778293
Dropping frame 1403638560.7778294
Dropping frame 1403638560.9278295
Dropping frame 1403638561.0278294
Dropping frame 1403638561.1278296
Dropping frame 1403638561.2278295
Dropping frame 1403638561.4278295
Dropping frame 1403638561.6278296
Dropping frame 1403638561.8278296
Dropping frame 1403638561.9278295
Dropping frame 1403638562.1278296
Dropping frame 1403638562.3278296
Dropping frame 1403638562.5278294
Dropping frame 1403638562.6278296
Dropping frame 1403638562.7278295
Dropping frame 1403638562.9278295
Dropping frame 1403638563.1278296
Dropping frame 1403638563.3278296
Dropping frame 1403638563.4278295
Dropping frame 1403638563.6778293
Dropping frame 1403638563.7778294
Dropping frame 1403638563.9778295
Dropping frame 1403638564.0778294
Dropping frame 1403638564.1778293
Dropping frame 1403638564.4778295
Dropping frame 1403638564.5778294
Dropping frame 1403638564.7278295
Dropping frame 1403638564.8778293
Dropping frame 1403638564.9778295
Dropping frame 1403638565.0778294
Dropping frame 1403638565.1778293
Dropping frame 1403638565.3778293
Dropping frame 1403638565.4778295
Dropping frame 1403638565.5778294
Dropping frame 1403638565.6778293
Dropping frame 1403638565.8778293
Dropping frame 1403638566.0778294
Dropping frame 1403638566.2778294
Dropping frame 1403638566.4778295
Dropping frame 1403638566.6778293
Dropping frame 1403638566.8778293
Dropping frame 1403638567.0778294
Dropping frame 1403638567.2778294
Dropping frame 1403638567.4778295
Dropping frame 1403638567.5778294
Dropping frame 1403638567.6778293
Dropping frame 1403638567.8778293
Dropping frame 1403638568.0778294
Dropping frame 1403638568.2778294
Dropping frame 1403638568.3778293
Dropping frame 1403638568.5778294
Dropping frame 1403638568.7778294
Dropping frame 1403638568.9778295
Dropping frame 1403638569.0778294
Dropping frame 1403638569.1778293
Dropping frame 1403638569.3778293
Dropping frame 1403638569.5778294
Dropping frame 1403638569.7778294
Dropping frame 1403638569.9778295
Dropping frame 1403638570.1778293
Dropping frame 1403638570.3778293
Dropping frame 1403638570.5778294
Dropping frame 1403638570.7778294
Dropping frame 1403638570.8778293
Dropping frame 1403638570.9778295
Dropping frame 1403638571.1778293
Dropping frame 1403638571.3778293
Dropping frame 1403638571.4778295
Dropping frame 1403638571.7278295
Dropping frame 1403638571.9278295
Dropping frame 1403638572.1778293
Dropping frame 1403638572.4278295
Dropping frame 1403638572.5278294
Dropping frame 1403638572.7778294
Dropping frame 1403638572.9778295
Dropping frame 1403638573.0778294
Dropping frame 1403638573.1778293
Dropping frame 1403638573.3778293
Dropping frame 1403638573.4778295
Dropping frame 1403638573.5778294
Dropping frame 1403638573.7778294
Dropping frame 1403638573.8778293
Dropping frame 1403638573.9778295
Dropping frame 1403638574.1778293
Dropping frame 1403638574.3778293
Dropping frame 1403638574.4778295
Dropping frame 1403638574.5778294
Dropping frame 1403638574.7778294
Dropping frame 1403638574.9778295
Dropping frame 1403638575.1778293
Dropping frame 1403638575.2778294
Dropping frame 1403638575.3778293
Dropping frame 1403638575.5778294
Dropping frame 1403638575.8778293
Dropping frame 1403638576.0778294
Dropping frame 1403638576.2778294
Dropping frame 1403638576.4778295
Dropping frame 1403638576.6778293
Dropping frame 1403638576.7778294
Dropping frame 1403638576.8778293
Dropping frame 1403638577.0778294
Dropping frame 1403638577.1778293
Dropping frame 1403638577.2778294
Dropping frame 1403638577.4778295
Dropping frame 1403638577.6778293
Dropping frame 1403638577.8778293
Dropping frame 1403638577.9778295
Dropping frame 1403638578.0778294
Dropping frame 1403638578.2778294
Dropping frame 1403638578.4778295
Dropping frame 1403638578.6778293
Dropping frame 1403638578.8778293
Dropping frame 1403638579.0778294
Dropping frame 1403638579.1778293
Dropping frame 1403638579.2778294
Dropping frame 1403638579.4778295
Dropping frame 1403638579.6778293
Dropping frame 1403638579.7778294
Dropping frame 1403638579.8778293
Dropping frame 1403638580.0778294
Dropping frame 1403638580.1778293
Dropping frame 1403638580.2778294
Dropping frame 1403638580.4778295
Dropping frame 1403638580.6778293
Dropping frame 1403638580.7778294
Dropping frame 1403638580.8778293
Dropping frame 1403638581.0778294
Dropping frame 1403638581.1778293
Dropping frame 1403638581.2778294
Dropping frame 1403638581.4778295
Dropping frame 1403638581.6778293
Dropping frame 1403638581.8278296
Dropping frame 1403638582.0278294
Dropping frame 1403638582.2278295
Dropping frame 1403638582.4278295
Dropping frame 1403638582.6278296
Dropping frame 1403638582.8278296
Dropping frame 1403638582.9778295
Dropping frame 1403638583.3278296
Dropping frame 1403638583.5278294
Dropping frame 1403638583.6278296
Dropping frame 1403638583.8278296
Dropping frame 1403638584.0278294
Dropping frame 1403638584.2278295
Dropping frame 1403638584.4278295
Dropping frame 1403638584.7278295
Dropping frame 1403638584.8278296
Dropping frame 1403638585.4778295
Dropping frame 1403638586.0778294
Dropping frame 1403638586.4778295
Dropping frame 1403638586.6778293
Dropping frame 1403638586.7778294
Dropping frame 1403638587.0278294
Dropping frame 1403638587.1278296
Dropping frame 1403638587.3778293
Dropping frame 1403638587.5278294
Dropping frame 1403638587.8778293
Dropping frame 1403638587.9778295
Dropping frame 1403638588.4278295
Dropping frame 1403638588.5278294
Dropping frame 1403638588.7778294
Dropping frame 1403638588.9778295
Dropping frame 1403638589.1778293
Dropping frame 1403638589.2778294
Dropping frame 1403638589.3778293
Dropping frame 1403638589.4778295
Dropping frame 1403638589.7278295
Dropping frame 1403638590.3278296
Dropping frame 1403638590.8278296
Dropping frame 1403638591.2778294
Dropping frame 1403638591.6278296
Dropping frame 1403638591.7278295
Dropping frame 1403638592.0278294
Dropping frame 1403638592.2778294
Dropping frame 1403638592.6278296
Dropping frame 1403638592.8778293
Dropping frame 1403638592.9778295
Dropping frame 1403638593.2278295
Dropping frame 1403638593.3778293
Dropping frame 1403638593.5778294
Dropping frame 1403638593.7278295
Dropping frame 1403638593.9778295
Dropping frame 1403638594.0778294
Dropping frame 1403638594.3778293
Dropping frame 1403638594.5778294
Dropping frame 1403638594.7778294
Dropping frame 1403638594.9778295
Dropping frame 1403638595.0778294
Dropping frame 1403638595.3278296
Dropping frame 1403638595.4278295
Dropping frame 1403638595.6778293
Dropping frame 1403638595.7778294
Dropping frame 1403638596.0278294
Dropping frame 1403638596.2278295
Dropping frame 1403638596.3278296
Dropping frame 1403638596.4278295
Dropping frame 1403638596.6278296
Dropping frame 1403638596.7278295
Dropping frame 1403638596.8278296
Dropping frame 1403638597.0278294
Dropping frame 1403638597.1278296
Dropping frame 1403638597.2278295
Dropping frame 1403638597.4278295
Dropping frame 1403638597.6278296
Dropping frame 1403638597.8278296
Dropping frame 1403638597.9278295
Dropping frame 1403638598.0278294
Dropping frame 1403638598.2278295
Dropping frame 1403638598.3278296
Dropping frame 1403638598.4278295
Dropping frame 1403638598.6278296
Dropping frame 1403638598.7278295
Dropping frame 1403638598.8278296
Dropping frame 1403638599.0278294
Dropping frame 1403638599.1278296
Dropping frame 1403638599.2278295
Dropping frame 1403638599.4278295
Dropping frame 1403638599.5278294
Dropping frame 1403638599.6278296
Dropping frame 1403638599.8278296
Dropping frame 1403638599.9278295
Dropping frame 1403638600.0278294
Dropping frame 1403638600.2278295
Dropping frame 1403638600.3278296
Dropping frame 1403638600.4278295
Dropping frame 1403638600.6278296
Dropping frame 1403638600.7278295
Dropping frame 1403638600.8278296
Dropping frame 1403638601.0278294
Dropping frame 1403638601.2278295
Dropping frame 1403638601.4278295
Dropping frame 1403638601.7278295
Dropping frame 1403638601.8278296
Dropping frame 1403638602.0778294
Dropping frame 1403638602.2778294
Dropping frame 1403638602.3778293
Dropping frame 1403638602.4778295
Dropping frame 1403638602.5778294
Dropping frame 1403638602.7778294
Dropping frame 1403638602.8778293
Dropping frame 1403638602.9778295
Dropping frame 1403638603.1778293
Dropping frame 1403638603.3278296
Dropping frame 1403638603.4278295
Dropping frame 1403638603.6278296
Dropping frame 1403638603.7278295
Dropping frame 1403638604.0278294
Dropping frame 1403638604.2278295
Dropping frame 1403638604.3778293
Dropping frame 1403638604.4778295
Dropping frame 1403638604.6778293
Dropping frame 1403638604.7778294
Dropping frame 1403638604.8778293
Dropping frame 1403638605.0778294
Dropping frame 1403638605.2778294
Dropping frame 1403638605.4778295
Dropping frame 1403638605.5778294
Dropping frame 1403638605.8278296
Dropping frame 1403638606.0278294
Dropping frame 1403638606.2278295
Dropping frame 1403638606.3278296
Dropping frame 1403638606.4278295
Dropping frame 1403638606.6278296
Dropping frame 1403638606.8278296
Dropping frame 1403638607.0278294
Dropping frame 1403638607.1778293
Dropping frame 1403638607.3778293
Dropping frame 1403638607.6778293
Dropping frame 1403638608.0278294
Dropping frame 1403638608.3778293
Dropping frame 1403638608.4778295
Dropping frame 1403638608.6778293
Dropping frame 1403638608.9778295
Dropping frame 1403638609.1778293
Dropping frame 1403638609.3778293
Dropping frame 1403638609.6778293
Dropping frame 1403638609.7778294
Dropping frame 1403638610.1278296
Dropping frame 1403638610.2278295
Dropping frame 1403638610.5278294
Dropping frame 1403638610.6278296
Dropping frame 1403638610.8278296
Dropping frame 1403638610.9778295
Dropping frame 1403638611.1778293
Dropping frame 1403638611.4778295
Dropping frame 1403638611.6778293
Dropping frame 1403638611.8778293
Dropping frame 1403638612.1778293
Dropping frame 1403638612.3778293
Dropping frame 1403638612.5778294
Dropping frame 1403638612.8778293
Dropping frame 1403638613.5778294
Dropping frame 1403638613.7778294
Dropping frame 1403638613.9278295
Dropping frame 1403638614.1278296
Dropping frame 1403638614.2278295
Dropping frame 1403638614.4778295
Dropping frame 1403638614.5778294
Dropping frame 1403638614.8278296
Dropping frame 1403638614.9278295
Dropping frame 1403638615.2778294
Dropping frame 1403638615.6278296
Dropping frame 1403638615.8778293
Dropping frame 1403638616.1278296
Dropping frame 1403638616.5778294
Dropping frame 1403638617.0278294
Dropping frame 1403638617.3778293
Dropping frame 1403638618.0778294
Dropping frame 1403638618.5278294
Dropping frame 1403638618.8778293
Dropping frame 1403638619.7278295
Dropping frame 1403638619.9278295
Dropping frame 1403638620.4778295
Dropping frame 1403638623.0278294
Dropping frame 1403638623.1778293
Dropping frame 1403638623.6278296
Dropping frame 1403638625.7278295
Dropping frame 1403638625.9278295
Dropping frame 1403638626.2778294
Dropping frame 1403638626.4778295
Dropping frame 1403638626.6278296
Dropping frame 1403638627.0778294
Dropping frame 1403638627.1778293
Dropping frame 1403638627.5778294
Dropping frame 1403638628.7278295
Dropping frame 1403638629.0278294
Dropping frame 1403638629.3278296
Dropping frame 1403638629.6778293
Dropping frame 1403638629.8778293
Dropping frame 1403638629.9778295
Dropping frame 1403638630.2778294
Dropping frame 1403638630.4278295
Dropping frame 1403638630.6778293
Dropping frame 1403638631.0778294
Dropping frame 1403638631.1778293
Dropping frame 1403638631.2778294
Dropping frame 1403638631.4778295
Dropping frame 1403638631.5778294
Shutdown
SLAM Finished at System Time: 1742732627.37504

 TIME STATS in ms (mean$\pm$std)
OpenCV version: 4.8.1
---------------------------
Tracking

ORB Extraction: 19.119$\pm$2.3991
Stereo Matching: 8.2437$\pm$1.9493
IMU Preintegration: 0.2203$\pm$0.089443
Pose Prediction: 0.40555$\pm$1.1679
LM Track: 18.563$\pm$4.7293
New KF decision: 1.1479$\pm$1.9007
Total Tracking: 32.243$\pm$25.184



Local Mapping

KF Insertion: 14.463$\pm$4.7967
MP Culling: 0.48517$\pm$0.19373
MP Creation: 45.282$\pm$14.183
LBA: 150.65$\pm$42.742
KF Culling: 11.726$\pm$7.7019
Total Local Mapping: 223.39$\pm$64.975
---------------------------

LBA complexity (mean$\pm$std)
LBA Edges: 1957.8$\pm$1045.8
LBA KF optimized: 6.5$\pm$2.2913
LBA KF fixed: 1$\pm$0
LBA MP: nan$\pm$nan

LBA executions: 392
LBA aborts: 0
---------------------------

Map complexity
KFs in map: 168
MPs in map: 13135
---------------------------

Place Recognition (mean$\pm$std)
Database Query: 2.2696$\pm$1.1177
SE3 estimation: 28.417$\pm$17.719
Total Place Recognition: 22.591$\pm$20.895


Loop Closing (mean$\pm$std)
Loop Fusion: nan$\pm$nan
Essential Graph: nan$\pm$nan
Total Loop Closing: nan$\pm$nan

Num exec: 0
Number of KFs: nan$\pm$nan

Map Merging (mean$\pm$std)
Merge Maps: nan$\pm$nan
Welding BA: nan$\pm$nan
Optimization Ess.: nan$\pm$nan
Total Map Merging: nan$\pm$nan

Num exec: 0
Number of KFs: nan$\pm$nan
Number of MPs: nan$\pm$nan

Full GBA (mean$\pm$std)
GBA: nan$\pm$nan
Map Update: nan$\pm$nan
Total Full GBA: nan$\pm$nan

Num exec: 0
Num abort: 0
Number of KFs: nan$\pm$nan
Number of MPs: nan$\pm$nan

Saving trajectory to f_dataset-MH05_stereo_imu.txt ...
There are 1 maps in the atlas
  Map 0 has 168 KFs

End of saving trajectory to f_dataset-MH05_stereo_imu.txt ...

Saving keyframe trajectory to kf_dataset-MH05_stereo_imu.txt ...
