num_seq = 1
file name: dataset-MH05_stereo_imu
Loading images for sequence 0...LOADED!
Loading IMU for sequence 0...LOADED!

-------

ORB-SLAM3 Copyright (C) 2017-2020 Carlos Campos, Richard Elvira, Juan J. Gómez, José M.M. Montiel and Juan D. Tardós, University of Zaragoza.
ORB-SLAM2 Copyright (C) 2014-2016 Raúl Mur-Artal, José M.M. Montiel and Juan D. Tardós, University of Zaragoza.
This program comes with ABSOLUTELY NO WARRANTY;
This is free software, and you are welcome to redistribute it
under certain conditions. See LICENSE.txt.

Built with REGISTER_TIMES
Git Commit Hash: 2d47524

Build Type: Release

Compiled with C++ version: 201703

Input sensor was set to: Stereo-Inertial
Loading settings from EuRoC_fov_deadlines_mask_15x15.yaml
	-Loaded camera 1
	-Loaded camera 2
	-Loaded image info
	-Loaded IMU calibration
	-Loaded ORB settings
	-Loaded viewer settings
	-Loaded Atlas settings
Deadlines enabled, will skip frames!
FOV enabled
Static mask size: 15x15
Dumping map points enabled
	-Loaded misc parameters
	-Computed rectification maps
----------------------------------
SLAM settings: 
	-Camera 1 parameters (Pinhole): [ 458.65399169921875 457.29598999023438 367.21499633789062 248.375 ]
	-Camera 1 distortion parameters: [  -0.28340810537338257 0.073959067463874817 0.00019359000725671649 1.7618711353861727e-05 ]
	-Camera 2 parameters (Pinhole: [ 457.58700561523438 456.13400268554688 379.99899291992188 255.23800659179688 ]
	-Camera 1 distortion parameters: [  -0.2836836576461792 0.074512839317321777 -0.00010473000293131918 -3.555907096597366e-05 ]
	-Original image size: [ 752 , 480 ]
	-Current image size: [ 752 , 480 ]
	-Camera 1 parameters after rectification: [  456.71499633789062 456.71499633789062 364.52615356445312 257.268798828125 ]
	-Sequence FPS: 20
	-Stereo baseline: 0.11007784307003021
	-Stereo depth threshold : 60
	-Gyro noise: 0.00016999999934341758
	-Accelerometer noise: 0.0020000000949949026
	-Gyro walk: 1.9392999092815444e-05
	-Accelerometer walk: 0.0030000000260770321
	-IMU frequency: 200
	-Features per image: 1200
	-ORB scale factor: 1.2000000476837158
	-ORB number of scales: 8
	-Initial FAST threshold: 20
	-Min FAST threshold: 7


Loading ORB Vocabulary. This could take a while...
Vocabulary loaded!

Initialization of Atlas from scratch 
Creation of new map with id: 0
Creation of new map with last KF id: 0
Seq. Name: 
There are 1 cameras in the atlas
Camera 0 is pinhole
SLAM Started at System Time: 1742762173.14361
not IMU meas
not IMU meas
not enough acceleration
not enough acceleration
not enough acceleration
not enough acceleration
not enough acceleration
not enough acceleration
not enough acceleration
not enough acceleration
not enough acceleration
not enough acceleration
not enough acceleration
not enough acceleration
not enough acceleration
not enough acceleration
not enough acceleration
not enough acceleration
not enough acceleration
not enough acceleration
not enough acceleration
not enough acceleration
not enough acceleration
not enough acceleration
not enough acceleration
not enough acceleration
not enough acceleration
not enough acceleration
not enough acceleration
not enough acceleration
not enough acceleration
not enough acceleration
not enough acceleration
not enough acceleration
not enough acceleration
not enough acceleration
not enough acceleration
not enough acceleration
not enough acceleration
not enough acceleration
not enough acceleration
not enough acceleration
not enough acceleration
not enough acceleration
not enough acceleration
not enough acceleration
not enough acceleration
not enough acceleration
not enough acceleration
not enough acceleration
not enough acceleration
not enough acceleration
not enough acceleration
not enough acceleration
not enough acceleration
not enough acceleration
not enough acceleration
not enough acceleration
not enough acceleration
not enough acceleration
not enough acceleration
not enough acceleration
not enough acceleration
not enough acceleration
not enough acceleration
not enough acceleration
not enough acceleration
not enough acceleration
not enough acceleration
not enough acceleration
not enough acceleration
not enough acceleration
not enough acceleration
not enough acceleration
not enough acceleration
not enough acceleration
not enough acceleration
not enough acceleration
not enough acceleration
not enough acceleration
First KF:0; Map init KF:0
New Map created with 118 points
Active map: 0
Dropping frame 1403638522.9778295
Dropping frame 1403638523.1778293
Dropping frame 1403638523.4778295
Dropping frame 1403638523.6278296
Dropping frame 1403638523.9278295
Dropping frame 1403638524.1778293
Dropping frame 1403638524.8778293
Dropping frame 1403638524.9778295
Dropping frame 1403638525.2778294
Dropping frame 1403638525.7778294
Dropping frame 1403638525.9778295
Dropping frame 1403638526.0778294
Dropping frame 1403638526.1778293
Dropping frame 1403638526.3278296
Dropping frame 1403638526.5278294
Dropping frame 1403638526.6278296
start VIBA 1
Dropping frame 1403638527.4278295
end VIBA 1
Dropping frame 1403638527.6278296
Dropping frame 1403638527.8278296
Dropping frame 1403638527.9278295
Dropping frame 1403638528.2278295
Dropping frame 1403638528.4278295
Dropping frame 1403638528.6278296
Dropping frame 1403638528.7278295
Dropping frame 1403638529.2778294
Dropping frame 1403638529.4778295
Dropping frame 1403638529.6778293
Dropping frame 1403638529.7778294
Dropping frame 1403638529.8778293
Dropping frame 1403638530.0778294
Dropping frame 1403638530.3778293
Dropping frame 1403638530.5778294
Dropping frame 1403638530.6778293
Dropping frame 1403638530.7778294
Dropping frame 1403638531.0778294
Dropping frame 1403638531.2278295
Dropping frame 1403638531.4278295
Dropping frame 1403638531.7278295
Not enough motion for initializing. Reseting...
TRACK: Reset map because local mapper set the bad imu flag 
LM: Active map reset recieved
LM: Active map reset, waiting...
LM: Reseting current map in Local Mapping...
LM: End reseting Local Mapping...
LM: Reset free the mutex
LM: Active map reset, Done!!!
mnFirstFrameId = 80
mnInitialFrameId = 0
158 Frames set to lost
not IMU meas
Dropping frame 1403638531.9778295
not enough acceleration
Dropping frame 1403638532.0778294
not enough acceleration
Dropping frame 1403638532.1778293
not enough acceleration
Dropping frame 1403638532.2778294
not enough acceleration
Dropping frame 1403638532.3778293
not enough acceleration
not enough acceleration
Dropping frame 1403638532.5278294
not enough acceleration
Dropping frame 1403638532.6278296
not enough acceleration
not enough acceleration
not enough acceleration
not enough acceleration
not enough acceleration
not enough acceleration
not enough acceleration
not enough acceleration
not enough acceleration
not enough acceleration
not enough acceleration
not enough acceleration
not enough acceleration
not enough acceleration
Dropping frame 1403638533.3778293
not enough acceleration
not enough acceleration
not enough acceleration
Dropping frame 1403638533.5778294
not enough acceleration
not enough acceleration
not enough acceleration
Dropping frame 1403638533.7778294
not enough acceleration
not enough acceleration
not enough acceleration
not enough acceleration
not enough acceleration
Dropping frame 1403638534.0778294
not enough acceleration
not enough acceleration
not enough acceleration
not enough acceleration
Dropping frame 1403638534.3278296
First KF:44; Map init KF:0
New Map created with 154 points
Active map: 0
Dropping frame 1403638535.0778294
Dropping frame 1403638536.4278295
Not enough motion for initializing. Reseting...
TRACK: Reset map because local mapper set the bad imu flag 
LM: Reseting current map in Local Mapping...
LM: End reseting Local Mapping...
LM: Reset free the mutex
LM: Active map reset recieved
LM: Active map reset, waiting...
LM: Reseting current map in Local Mapping...
LM: End reseting Local Mapping...
LM: Reset free the mutex
LM: Active map reset, Done!!!
mnFirstFrameId = 276
mnInitialFrameId = 238
214 Frames set to lost
not IMU meas
not enough acceleration
not enough acceleration
not enough acceleration
not enough acceleration
not enough acceleration
not enough acceleration
not enough acceleration
not enough acceleration
not enough acceleration
not enough acceleration
not enough acceleration
not enough acceleration
not enough acceleration
not enough acceleration
not enough acceleration
not enough acceleration
not enough acceleration
not enough acceleration
not enough acceleration
not enough acceleration
not enough acceleration
not enough acceleration
not enough acceleration
not enough acceleration
not enough acceleration
not enough acceleration
not enough acceleration
not enough acceleration
First KF:55; Map init KF:44
New Map created with 175 points
Active map: 0
start VIBA 1
end VIBA 1
Dropping frame 1403638545.1278296
Dropping frame 1403638545.4778295
Dropping frame 1403638545.5778294
Dropping frame 1403638545.6778293
Dropping frame 1403638545.9278295
Dropping frame 1403638546.0278294
Dropping frame 1403638546.1278296
Dropping frame 1403638546.2778294
Dropping frame 1403638546.5778294
Dropping frame 1403638546.7278295
Dropping frame 1403638546.8278296
Dropping frame 1403638547.0778294
Dropping frame 1403638547.2778294
Dropping frame 1403638547.3778293
Dropping frame 1403638547.4778295
Dropping frame 1403638547.5778294
Dropping frame 1403638547.7778294
Dropping frame 1403638547.9278295
Dropping frame 1403638548.0778294
Dropping frame 1403638548.1778293
Dropping frame 1403638548.2778294
Dropping frame 1403638548.3778293
Dropping frame 1403638548.5278294
Dropping frame 1403638548.7278295
Dropping frame 1403638549.1278296
Dropping frame 1403638549.4278295
Dropping frame 1403638549.6778293
Dropping frame 1403638549.7778294
Dropping frame 1403638549.9778295
Dropping frame 1403638550.2278295
Dropping frame 1403638550.3278296
Dropping frame 1403638550.6778293
Dropping frame 1403638550.8778293
Dropping frame 1403638551.0278294
Dropping frame 1403638551.3278296
Dropping frame 1403638551.4278295
Dropping frame 1403638551.5278294
Dropping frame 1403638551.9778295
Dropping frame 1403638552.0778294
Dropping frame 1403638552.1778293
Dropping frame 1403638552.2778294
Dropping frame 1403638552.3778293
Dropping frame 1403638552.5778294
Dropping frame 1403638552.6778293
Dropping frame 1403638552.7778294
Dropping frame 1403638552.8778293
Dropping frame 1403638553.0278294
Dropping frame 1403638553.2278295
Dropping frame 1403638553.4278295
Dropping frame 1403638553.6278296
Dropping frame 1403638553.7278295
Dropping frame 1403638553.8278296
Dropping frame 1403638553.9278295
start VIBA 2
Dropping frame 1403638554.1278296
Dropping frame 1403638554.3278296
end VIBA 2
Dropping frame 1403638554.5278294
Dropping frame 1403638554.6278296
Dropping frame 1403638554.8278296
Dropping frame 1403638554.9278295
Dropping frame 1403638555.0278294
Dropping frame 1403638555.1278296
Dropping frame 1403638555.2278295
Dropping frame 1403638555.4278295
Dropping frame 1403638555.5278294
Dropping frame 1403638555.7278295
Dropping frame 1403638555.9278295
Dropping frame 1403638556.0278294
Dropping frame 1403638556.1278296
Dropping frame 1403638556.2278295
Dropping frame 1403638556.4278295
Dropping frame 1403638556.5278294
Dropping frame 1403638556.6278296
Dropping frame 1403638556.8278296
Dropping frame 1403638557.0278294
Dropping frame 1403638557.2278295
Dropping frame 1403638557.4278295
Dropping frame 1403638557.5278294
Dropping frame 1403638557.6278296
Dropping frame 1403638557.8278296
Dropping frame 1403638557.9278295
Dropping frame 1403638558.1278296
Dropping frame 1403638558.2278295
Dropping frame 1403638558.4278295
Dropping frame 1403638558.6278296
Dropping frame 1403638558.8278296
Dropping frame 1403638559.0278294
Dropping frame 1403638559.1278296
Dropping frame 1403638559.3278296
Dropping frame 1403638559.4278295
Dropping frame 1403638559.5278294
Dropping frame 1403638559.7278295
Dropping frame 1403638559.8278296
Dropping frame 1403638559.9278295
Dropping frame 1403638560.0278294
Dropping frame 1403638560.1278296
Dropping frame 1403638560.2278295
Dropping frame 1403638560.3278296
Dropping frame 1403638560.5278294
Dropping frame 1403638560.6278296
Dropping frame 1403638560.7278295
Dropping frame 1403638560.8278296
Dropping frame 1403638561.0778294
Dropping frame 1403638561.1778293
Dropping frame 1403638561.2778294
Dropping frame 1403638561.3778293
Dropping frame 1403638561.5778294
Dropping frame 1403638561.7778294
Dropping frame 1403638561.8778293
Dropping frame 1403638561.9778295
Dropping frame 1403638562.1778293
Dropping frame 1403638562.2778294
Dropping frame 1403638562.3778293
Dropping frame 1403638562.4778295
Dropping frame 1403638562.6778293
Dropping frame 1403638562.8778293
Dropping frame 1403638562.9778295
Dropping frame 1403638563.0778294
Dropping frame 1403638563.1778293
Dropping frame 1403638563.2778294
Dropping frame 1403638563.5278294
Dropping frame 1403638563.6278296
Dropping frame 1403638563.7278295
Dropping frame 1403638563.9278295
Dropping frame 1403638564.0278294
Dropping frame 1403638564.2278295
Dropping frame 1403638564.3278296
Dropping frame 1403638564.4278295
Dropping frame 1403638564.5278294
Dropping frame 1403638564.7778294
Dropping frame 1403638564.9778295
Dropping frame 1403638565.1778293
Dropping frame 1403638565.2778294
Dropping frame 1403638565.4278295
Dropping frame 1403638565.5278294
Dropping frame 1403638565.6278296
Dropping frame 1403638565.7278295
Dropping frame 1403638565.9778295
Dropping frame 1403638566.1778293
Dropping frame 1403638566.3778293
Dropping frame 1403638566.5778294
Dropping frame 1403638566.7778294
Dropping frame 1403638566.8778293
Dropping frame 1403638566.9778295
Dropping frame 1403638567.1778293
Dropping frame 1403638567.3778293
Dropping frame 1403638567.5778294
Dropping frame 1403638567.7778294
Dropping frame 1403638567.8778293
Dropping frame 1403638568.0778294
Dropping frame 1403638568.1778293
Dropping frame 1403638568.2778294
Dropping frame 1403638568.4778295
Dropping frame 1403638568.5778294
Dropping frame 1403638568.6778293
Dropping frame 1403638568.8778293
Dropping frame 1403638568.9778295
Dropping frame 1403638569.0778294
Dropping frame 1403638569.2778294
Dropping frame 1403638569.4778295
Dropping frame 1403638569.6778293
Dropping frame 1403638569.8778293
Dropping frame 1403638569.9778295
Dropping frame 1403638570.0778294
Dropping frame 1403638570.2778294
Dropping frame 1403638570.3778293
Dropping frame 1403638570.6278296
Dropping frame 1403638570.7278295
Dropping frame 1403638570.8278296
Dropping frame 1403638571.0278294
Dropping frame 1403638571.2278295
Dropping frame 1403638571.3278296
Dropping frame 1403638571.4278295
Dropping frame 1403638571.6278296
Dropping frame 1403638571.8278296
Dropping frame 1403638572.0278294
Dropping frame 1403638572.2278295
Dropping frame 1403638572.4278295
Dropping frame 1403638572.5278294
Dropping frame 1403638572.6278296
Dropping frame 1403638572.8278296
Dropping frame 1403638573.0278294
Dropping frame 1403638573.1278296
Dropping frame 1403638573.2278295
Dropping frame 1403638573.4278295
Dropping frame 1403638573.5278294
Dropping frame 1403638573.7778294
Dropping frame 1403638573.9778295
Dropping frame 1403638574.1778293
Dropping frame 1403638574.3778293
Dropping frame 1403638574.4778295
Dropping frame 1403638574.5778294
Dropping frame 1403638574.7778294
Dropping frame 1403638574.9778295
Dropping frame 1403638575.1778293
Dropping frame 1403638575.2778294
Dropping frame 1403638575.3778293
Dropping frame 1403638575.5778294
Dropping frame 1403638575.6778293
Dropping frame 1403638575.7778294
Dropping frame 1403638575.9778295
Dropping frame 1403638576.0778294
Dropping frame 1403638576.1778293
Dropping frame 1403638576.3778293
Dropping frame 1403638576.4778295
Dropping frame 1403638576.5778294
Dropping frame 1403638576.7778294
Dropping frame 1403638576.9778295
Dropping frame 1403638577.1778293
Dropping frame 1403638577.2778294
Dropping frame 1403638577.3778293
Dropping frame 1403638577.5778294
Dropping frame 1403638577.7778294
Dropping frame 1403638577.8778293
Dropping frame 1403638577.9778295
Dropping frame 1403638578.1778293
Dropping frame 1403638578.3778293
Dropping frame 1403638578.4778295
Dropping frame 1403638578.5778294
Dropping frame 1403638578.7778294
Dropping frame 1403638578.8778293
Dropping frame 1403638578.9778295
Dropping frame 1403638579.1778293
Dropping frame 1403638579.2778294
Dropping frame 1403638579.3778293
Dropping frame 1403638579.5778294
Dropping frame 1403638579.6778293
Dropping frame 1403638579.7778294
Dropping frame 1403638579.9778295
Dropping frame 1403638580.1778293
Dropping frame 1403638580.2778294
Dropping frame 1403638580.3778293
Dropping frame 1403638580.5778294
Dropping frame 1403638580.7778294
Dropping frame 1403638580.9778295
Dropping frame 1403638581.0778294
Dropping frame 1403638581.1778293
Dropping frame 1403638581.3778293
Dropping frame 1403638581.5778294
Dropping frame 1403638581.7778294
Dropping frame 1403638581.9778295
Dropping frame 1403638582.1778293
Dropping frame 1403638582.3778293
Dropping frame 1403638582.5778294
Dropping frame 1403638582.6778293
Dropping frame 1403638582.9278295
Dropping frame 1403638583.1278296
Dropping frame 1403638583.3278296
Dropping frame 1403638583.5278294
Dropping frame 1403638583.8778293
Dropping frame 1403638584.0778294
Dropping frame 1403638584.2778294
Dropping frame 1403638584.4778295
Dropping frame 1403638584.5778294
Dropping frame 1403638584.8278296
Dropping frame 1403638584.9278295
Dropping frame 1403638585.1778293
Dropping frame 1403638585.3778293
Dropping frame 1403638585.5778294
Dropping frame 1403638585.7278295
Dropping frame 1403638585.9278295
Dropping frame 1403638586.1278296
Dropping frame 1403638586.3278296
Dropping frame 1403638586.5278294
Dropping frame 1403638586.6278296
Dropping frame 1403638586.7278295
Dropping frame 1403638586.9278295
Dropping frame 1403638587.0278294
Dropping frame 1403638587.1278296
Dropping frame 1403638587.4778295
Dropping frame 1403638587.9778295
Dropping frame 1403638588.0778294
Dropping frame 1403638588.3778293
Dropping frame 1403638588.5778294
Dropping frame 1403638588.7778294
Dropping frame 1403638588.8778293
Dropping frame 1403638588.9778295
Dropping frame 1403638589.1778293
Dropping frame 1403638589.3778293
Dropping frame 1403638589.4778295
Dropping frame 1403638589.5778294
Dropping frame 1403638589.7778294
Dropping frame 1403638589.9778295
Dropping frame 1403638590.1778293
Dropping frame 1403638590.3778293
Dropping frame 1403638590.4778295
Dropping frame 1403638590.8278296
Dropping frame 1403638591.0778294
Dropping frame 1403638591.2278295
Dropping frame 1403638591.4278295
Dropping frame 1403638591.6778293
Dropping frame 1403638591.8778293
Dropping frame 1403638592.0778294
Dropping frame 1403638592.2778294
Dropping frame 1403638592.4778295
Dropping frame 1403638592.5778294
Dropping frame 1403638592.9278295
Dropping frame 1403638593.2278295
Dropping frame 1403638593.4778295
Dropping frame 1403638593.5778294
Dropping frame 1403638594.0778294
Dropping frame 1403638594.4778295
Dropping frame 1403638594.7278295
Dropping frame 1403638594.8278296
Dropping frame 1403638595.0778294
Dropping frame 1403638595.1778293
Dropping frame 1403638595.2778294
Dropping frame 1403638595.4778295
Dropping frame 1403638595.5778294
Dropping frame 1403638595.6778293
Dropping frame 1403638595.8778293
Dropping frame 1403638596.0778294
Dropping frame 1403638596.1778293
Dropping frame 1403638596.2778294
Dropping frame 1403638596.4778295
Dropping frame 1403638596.6778293
Dropping frame 1403638596.8778293
Dropping frame 1403638596.9778295
Dropping frame 1403638597.0778294
Dropping frame 1403638597.2778294
Dropping frame 1403638597.4778295
Dropping frame 1403638597.6778293
Dropping frame 1403638597.7778294
Dropping frame 1403638597.8778293
Dropping frame 1403638598.0778294
Dropping frame 1403638598.2778294
Dropping frame 1403638598.4778295
Dropping frame 1403638598.5778294
Dropping frame 1403638598.6778293
Dropping frame 1403638598.8778293
Dropping frame 1403638598.9778295
Dropping frame 1403638599.0778294
Dropping frame 1403638599.2778294
Dropping frame 1403638599.3778293
Dropping frame 1403638599.4778295
Dropping frame 1403638599.6778293
Dropping frame 1403638599.7778294
Dropping frame 1403638599.8778293
Dropping frame 1403638600.0778294
Dropping frame 1403638600.2778294
Dropping frame 1403638600.4778295
Dropping frame 1403638600.5778294
Dropping frame 1403638600.6778293
Dropping frame 1403638600.8778293
Dropping frame 1403638601.0778294
Dropping frame 1403638601.1778293
Dropping frame 1403638601.2778294
Dropping frame 1403638601.3778293
Dropping frame 1403638601.5778294
Dropping frame 1403638601.7778294
Dropping frame 1403638601.9778295
Dropping frame 1403638602.0778294
Dropping frame 1403638602.1778293
Dropping frame 1403638602.3778293
Dropping frame 1403638602.4778295
Dropping frame 1403638602.7278295
Dropping frame 1403638602.9278295
Dropping frame 1403638603.1278296
Dropping frame 1403638603.2278295
Dropping frame 1403638603.3278296
Dropping frame 1403638603.5278294
Dropping frame 1403638603.6278296
Dropping frame 1403638603.7278295
Dropping frame 1403638603.9778295
Dropping frame 1403638604.0778294
Dropping frame 1403638604.2778294
Dropping frame 1403638604.3778293
Dropping frame 1403638604.6278296
Dropping frame 1403638604.7278295
Dropping frame 1403638605.1278296
Dropping frame 1403638605.5778294
Dropping frame 1403638605.6778293
Dropping frame 1403638605.7778294
Dropping frame 1403638606.1278296
Dropping frame 1403638606.3278296
Dropping frame 1403638606.4278295
Dropping frame 1403638606.6778293
Dropping frame 1403638606.8778293
Dropping frame 1403638607.2278295
Dropping frame 1403638607.3778293
Dropping frame 1403638607.6278296
Dropping frame 1403638607.8778293
Dropping frame 1403638608.1778293
Dropping frame 1403638608.3778293
Dropping frame 1403638608.5778294
Dropping frame 1403638608.6778293
Dropping frame 1403638608.7778294
Dropping frame 1403638608.9778295
Dropping frame 1403638609.2778294
Dropping frame 1403638609.5778294
Dropping frame 1403638609.7778294
Dropping frame 1403638609.9778295
Dropping frame 1403638610.2778294
Dropping frame 1403638610.4778295
Dropping frame 1403638610.6778293
Dropping frame 1403638610.7778294
Dropping frame 1403638610.8778293
Dropping frame 1403638611.2278295
Dropping frame 1403638611.6778293
Dropping frame 1403638611.8778293
Dropping frame 1403638612.0778294
Dropping frame 1403638612.3778293
Dropping frame 1403638612.4778295
Dropping frame 1403638612.5778294
Dropping frame 1403638613.0278294
Dropping frame 1403638613.2278295
Dropping frame 1403638613.4278295
Dropping frame 1403638613.5778294
Dropping frame 1403638613.8778293
Dropping frame 1403638614.0778294
Dropping frame 1403638614.2778294
Dropping frame 1403638614.4778295
Dropping frame 1403638614.5778294
Dropping frame 1403638614.8278296
Dropping frame 1403638614.9778295
Dropping frame 1403638615.1778293
Dropping frame 1403638615.3778293
Dropping frame 1403638615.6778293
Dropping frame 1403638615.8778293
Dropping frame 1403638616.0778294
Dropping frame 1403638616.2778294
Dropping frame 1403638616.4278295
Dropping frame 1403638616.7778294
Dropping frame 1403638616.9778295
Dropping frame 1403638617.1278296
Dropping frame 1403638617.3278296
Dropping frame 1403638617.6778293
Dropping frame 1403638618.3778293
Dropping frame 1403638618.5778294
Dropping frame 1403638619.5278294
Dropping frame 1403638619.7278295
Dropping frame 1403638620.7778294
Dropping frame 1403638621.7278295
Dropping frame 1403638622.8778293
Dropping frame 1403638623.2778294
Dropping frame 1403638624.2278295
Dropping frame 1403638624.3278296
Dropping frame 1403638624.6278296
Dropping frame 1403638625.1778293
Dropping frame 1403638625.4778295
Dropping frame 1403638625.7278295
Dropping frame 1403638625.9778295
Dropping frame 1403638626.0778294
Dropping frame 1403638626.5778294
Dropping frame 1403638626.8778293
Dropping frame 1403638626.9778295
Dropping frame 1403638627.5278294
Dropping frame 1403638627.9778295
Dropping frame 1403638628.5778294
Dropping frame 1403638629.3278296
Dropping frame 1403638630.3778293
Dropping frame 1403638630.5778294
Dropping frame 1403638630.8778293
Dropping frame 1403638631.1778293
Dropping frame 1403638631.3778293
Dropping frame 1403638631.5778294
Dropping frame 1403638631.6778293
Shutdown
SLAM Finished at System Time: 1742762311.38771

 TIME STATS in ms (mean$\pm$std)
OpenCV version: 4.8.1
---------------------------
Tracking

ORB Extraction: 19.428$\pm$2.4353
Stereo Matching: 8.2658$\pm$1.8433
IMU Preintegration: 0.21814$\pm$0.092115
Pose Prediction: 0.50485$\pm$1.2931
LM Track: 18.296$\pm$5.5073
New KF decision: 1.1301$\pm$1.888
Total Tracking: 32.403$\pm$25.644



Local Mapping

KF Insertion: 14.012$\pm$4.5497
MP Culling: 0.46695$\pm$0.19934
MP Creation: 44.01$\pm$15.458
LBA: 146.94$\pm$46.047
KF Culling: 11.501$\pm$8.562
Total Local Mapping: 216.61$\pm$70.3
---------------------------

LBA complexity (mean$\pm$std)
LBA Edges: 1605.3$\pm$952.87
LBA KF optimized: 6.5$\pm$2.2913
LBA KF fixed: 1$\pm$0
LBA MP: nan$\pm$nan

LBA executions: 404
LBA aborts: 0
---------------------------

Map complexity
KFs in map: 160
MPs in map: 12997
---------------------------

Place Recognition (mean$\pm$std)
Database Query: 2.039$\pm$1.1432
SE3 estimation: 24.783$\pm$16.597
Total Place Recognition: 19.177$\pm$19.026


Loop Closing (mean$\pm$std)
Loop Fusion: nan$\pm$nan
Essential Graph: nan$\pm$nan
Total Loop Closing: nan$\pm$nan

Num exec: 0
Number of KFs: nan$\pm$nan

Map Merging (mean$\pm$std)
Merge Maps: nan$\pm$nan
Welding BA: nan$\pm$nan
Optimization Ess.: nan$\pm$nan
Total Map Merging: nan$\pm$nan

Num exec: 0
Number of KFs: nan$\pm$nan
Number of MPs: nan$\pm$nan

Full GBA (mean$\pm$std)
GBA: nan$\pm$nan
Map Update: nan$\pm$nan
Total Full GBA: nan$\pm$nan

Num exec: 0
Num abort: 0
Number of KFs: nan$\pm$nan
Number of MPs: nan$\pm$nan

Saving trajectory to f_dataset-MH05_stereo_imu.txt ...
There are 1 maps in the atlas
  Map 0 has 160 KFs

End of saving trajectory to f_dataset-MH05_stereo_imu.txt ...

Saving keyframe trajectory to kf_dataset-MH05_stereo_imu.txt ...
