num_seq = 1
file name: dataset-MH04_stereo_imu
Loading images for sequence 0...LOADED!
Loading IMU for sequence 0...LOADED!

-------

ORB-SLAM3 Copyright (C) 2017-2020 Carlos Campos, Richard Elvira, Juan J. Gómez, José M.M. Montiel and Juan D. Tardós, University of Zaragoza.
ORB-SLAM2 Copyright (C) 2014-2016 Raúl Mur-Artal, José M.M. Montiel and Juan D. Tardós, University of Zaragoza.
This program comes with ABSOLUTELY NO WARRANTY;
This is free software, and you are welcome to redistribute it
under certain conditions. See LICENSE.txt.

Built with REGISTER_TIMES
Git Commit Hash: c2409e6

Build Type: Release

Compiled with C++ version: 201703

Input sensor was set to: Stereo-Inertial
Loading settings from ./Examples/Stereo-Inertial/EuRoC_omega_deadlines.yaml
	-Loaded camera 1
	-Loaded camera 2
	-Loaded image info
	-Loaded IMU calibration
	-Loaded ORB settings
	-Loaded viewer settings
	-Loaded Atlas settings
Deadlines enabled, will skip frames!
omegaSLAM enabled!
	-Loaded misc parameters
	-Computed rectification maps
----------------------------------
SLAM settings: 
	-Camera 1 parameters (Pinhole): [ 458.65399169921875 457.29598999023438 367.21499633789062 248.375 ]
	-Camera 1 distortion parameters: [  -0.28340810537338257 0.073959067463874817 0.00019359000725671649 1.7618711353861727e-05 ]
	-Camera 2 parameters (Pinhole: [ 457.58700561523438 456.13400268554688 379.99899291992188 255.23800659179688 ]
	-Camera 1 distortion parameters: [  -0.2836836576461792 0.074512839317321777 -0.00010473000293131918 -3.555907096597366e-05 ]
	-Original image size: [ 752 , 480 ]
	-Current image size: [ 752 , 480 ]
	-Camera 1 parameters after rectification: [  456.71499633789062 456.71499633789062 364.52615356445312 257.268798828125 ]
	-Sequence FPS: 20
	-Stereo baseline: 0.11007784307003021
	-Stereo depth threshold : 60
	-Gyro noise: 0.00016999999934341758
	-Accelerometer noise: 0.0020000000949949026
	-Gyro walk: 1.9392999092815444e-05
	-Accelerometer walk: 0.0030000000260770321
	-IMU frequency: 200
	-Features per image: 1200
	-ORB scale factor: 1.2000000476837158
	-ORB number of scales: 8
	-Initial FAST threshold: 20
	-Min FAST threshold: 7


Loading ORB Vocabulary. This could take a while...
Vocabulary loaded!

Initialization of Atlas from scratch 
Creation of new map with id: 0
Creation of new map with last KF id: 0
Seq. Name: 
There are 1 cameras in the atlas
Camera 0 is pinhole
SLAM Started at System Time: 1748961011.54697
not IMU meas
not IMU meas
not enough acceleration
not enough acceleration
not enough acceleration
not enough acceleration
not enough acceleration
not enough acceleration
not enough acceleration
not enough acceleration
not enough acceleration
not enough acceleration
not enough acceleration
not enough acceleration
not enough acceleration
not enough acceleration
not enough acceleration
not enough acceleration
not enough acceleration
not enough acceleration
not enough acceleration
not enough acceleration
not enough acceleration
not enough acceleration
not enough acceleration
not enough acceleration
not enough acceleration
not enough acceleration
not enough acceleration
not enough acceleration
not enough acceleration
not enough acceleration
First KF:0; Map init KF:0
New Map created with 149 points
Active map: 0
Omega SLAM Dropping frame 1403638128.9950972
Omega SLAM Dropping frame 1403638129.0450969
Omega SLAM Dropping frame 1403638129.0950971
Omega SLAM Dropping frame 1403638129.2450969
Omega SLAM Dropping frame 1403638129.2950971
Omega SLAM Dropping frame 1403638129.3450971
Omega SLAM Dropping frame 1403638129.7950971
Omega SLAM Dropping frame 1403638129.8450971
Omega SLAM Dropping frame 1403638129.895097
Omega SLAM Dropping frame 1403638130.0450969
Omega SLAM Dropping frame 1403638130.0950971
Omega SLAM Dropping frame 1403638130.145097
Omega SLAM Dropping frame 1403638130.2950971
Omega SLAM Dropping frame 1403638130.3450971
Omega SLAM Dropping frame 1403638130.395097
Omega SLAM Dropping frame 1403638130.645097
Omega SLAM Dropping frame 1403638130.695097
Omega SLAM Dropping frame 1403638130.7450969
Omega SLAM Dropping frame 1403638130.895097
Omega SLAM Dropping frame 1403638130.945097
Omega SLAM Dropping frame 1403638130.9950972
Omega SLAM Dropping frame 1403638131.145097
Omega SLAM Dropping frame 1403638131.195097
Omega SLAM Dropping frame 1403638131.2450969
Omega SLAM Dropping frame 1403638131.395097
Omega SLAM Dropping frame 1403638131.445097
Omega SLAM Dropping frame 1403638131.5950971
Omega SLAM Dropping frame 1403638131.645097
Omega SLAM Dropping frame 1403638131.695097
Dropping frame 1403638131.945097
Omega SLAM Dropping frame 1403638131.9950972
Omega SLAM Dropping frame 1403638132.0450969
Omega SLAM Dropping frame 1403638132.0950971
Omega SLAM Dropping frame 1403638132.2450969
Omega SLAM Dropping frame 1403638132.2950971
Omega SLAM Dropping frame 1403638132.3450971
Dropping frame 1403638132.445097
Dropping frame 1403638132.695097
Dropping frame 1403638132.7950971
Dropping frame 1403638133.0450969
Omega SLAM Dropping frame 1403638133.0950971
Omega SLAM Dropping frame 1403638133.145097
Omega SLAM Dropping frame 1403638133.195097
Dropping frame 1403638133.2950971
Dropping frame 1403638133.5450969
Dropping frame 1403638133.645097
Dropping frame 1403638133.8450971
Dropping frame 1403638133.945097
Omega SLAM Dropping frame 1403638134.0950971
Omega SLAM Dropping frame 1403638134.145097
start VIBA 1
Omega SLAM Dropping frame 1403638134.195097
Dropping frame 1403638134.3450971
end VIBA 1
Dropping frame 1403638134.445097
Omega SLAM Dropping frame 1403638134.645097
Omega SLAM Dropping frame 1403638134.695097
Omega SLAM Dropping frame 1403638134.7450969
Omega SLAM Dropping frame 1403638134.895097
Omega SLAM Dropping frame 1403638134.945097
Omega SLAM Dropping frame 1403638134.9950972
Dropping frame 1403638135.195097
Dropping frame 1403638135.2950971
Omega SLAM Dropping frame 1403638135.395097
Omega SLAM Dropping frame 1403638135.445097
Omega SLAM Dropping frame 1403638135.4950972
Dropping frame 1403638135.695097
Dropping frame 1403638135.895097
Omega SLAM Dropping frame 1403638135.945097
Omega SLAM Dropping frame 1403638135.9950972
Omega SLAM Dropping frame 1403638136.0450969
Dropping frame 1403638136.145097
Dropping frame 1403638136.2450969
Dropping frame 1403638136.3450971
Dropping frame 1403638136.5450969
Omega SLAM Dropping frame 1403638136.5950971
Omega SLAM Dropping frame 1403638136.645097
Omega SLAM Dropping frame 1403638136.695097
Dropping frame 1403638136.895097
Dropping frame 1403638136.9950972
Dropping frame 1403638137.0950971
Dropping frame 1403638137.195097
Dropping frame 1403638137.5450969
Dropping frame 1403638137.7450969
Omega SLAM Dropping frame 1403638137.7950971
Omega SLAM Dropping frame 1403638137.8450971
Omega SLAM Dropping frame 1403638137.895097
Dropping frame 1403638137.9950972
Dropping frame 1403638138.0950971
Omega SLAM Dropping frame 1403638138.2950971
Omega SLAM Dropping frame 1403638138.3450971
Omega SLAM Dropping frame 1403638138.395097
Dropping frame 1403638138.4950972
Omega SLAM Dropping frame 1403638138.5950971
Omega SLAM Dropping frame 1403638138.645097
Omega SLAM Dropping frame 1403638138.695097
Omega SLAM Dropping frame 1403638138.7950971
Not enough motion for initializing. Reseting...
Omega SLAM Dropping frame 1403638138.8450971
Omega SLAM Dropping frame 1403638138.895097
LM: Reseting current map in Local Mapping...
LM: End reseting Local Mapping...
LM: Reset free the mutex
Dropping frame 1403638138.9950972
Omega SLAM Dropping frame 1403638139.0450969
Omega SLAM Dropping frame 1403638139.0950971
Omega SLAM Dropping frame 1403638139.145097
Dropping frame 1403638139.2450969
Omega SLAM Dropping frame 1403638139.2950971
Omega SLAM Dropping frame 1403638139.3450971
Omega SLAM Dropping frame 1403638139.395097
Omega SLAM Dropping frame 1403638139.4950972
Omega SLAM Dropping frame 1403638139.5450969
Omega SLAM Dropping frame 1403638139.5950971
Omega SLAM Dropping frame 1403638139.695097
Omega SLAM Dropping frame 1403638139.7450969
Omega SLAM Dropping frame 1403638139.7950971
Omega SLAM Dropping frame 1403638139.895097
Omega SLAM Dropping frame 1403638139.945097
Omega SLAM Dropping frame 1403638139.9950972
Dropping frame 1403638140.0950971
Omega SLAM Dropping frame 1403638140.145097
Omega SLAM Dropping frame 1403638140.195097
Omega SLAM Dropping frame 1403638140.2450969
Omega SLAM Dropping frame 1403638140.3450971
Omega SLAM Dropping frame 1403638140.395097
Omega SLAM Dropping frame 1403638140.445097
Omega SLAM Dropping frame 1403638140.5450969
Omega SLAM Dropping frame 1403638140.5950971
Omega SLAM Dropping frame 1403638140.645097
Dropping frame 1403638140.7450969
Omega SLAM Dropping frame 1403638140.7950971
Omega SLAM Dropping frame 1403638140.8450971
Omega SLAM Dropping frame 1403638140.895097
Dropping frame 1403638140.9950972
Omega SLAM Dropping frame 1403638141.0450969
Omega SLAM Dropping frame 1403638141.0950971
Omega SLAM Dropping frame 1403638141.145097
Omega SLAM Dropping frame 1403638141.2450969
Omega SLAM Dropping frame 1403638141.2950971
Omega SLAM Dropping frame 1403638141.3450971
Omega SLAM Dropping frame 1403638141.445097
Omega SLAM Dropping frame 1403638141.4950972
Omega SLAM Dropping frame 1403638141.5450969
Omega SLAM Dropping frame 1403638141.645097
Omega SLAM Dropping frame 1403638141.695097
Omega SLAM Dropping frame 1403638141.7450969
Dropping frame 1403638141.8450971
Omega SLAM Dropping frame 1403638141.895097
Omega SLAM Dropping frame 1403638141.945097
Omega SLAM Dropping frame 1403638141.9950972
Dropping frame 1403638142.0950971
Omega SLAM Dropping frame 1403638142.145097
Omega SLAM Dropping frame 1403638142.195097
Omega SLAM Dropping frame 1403638142.2450969
Omega SLAM Dropping frame 1403638142.3450971
Omega SLAM Dropping frame 1403638142.395097
Omega SLAM Dropping frame 1403638142.445097
Omega SLAM Dropping frame 1403638142.5450969
Omega SLAM Dropping frame 1403638142.5950971
Omega SLAM Dropping frame 1403638142.645097
Dropping frame 1403638142.7450969
Omega SLAM Dropping frame 1403638142.7950971
Omega SLAM Dropping frame 1403638142.8450971
Omega SLAM Dropping frame 1403638142.895097
Omega SLAM Dropping frame 1403638142.9950972
Omega SLAM Dropping frame 1403638143.0450969
Omega SLAM Dropping frame 1403638143.0950971
Omega SLAM Dropping frame 1403638143.195097
Omega SLAM Dropping frame 1403638143.2450969
Omega SLAM Dropping frame 1403638143.2950971
Omega SLAM Dropping frame 1403638143.395097
Omega SLAM Dropping frame 1403638143.445097
Omega SLAM Dropping frame 1403638143.4950972
Omega SLAM Dropping frame 1403638143.5950971
Omega SLAM Dropping frame 1403638143.645097
Omega SLAM Dropping frame 1403638143.695097
Omega SLAM Dropping frame 1403638143.7950971
Omega SLAM Dropping frame 1403638143.8450971
Omega SLAM Dropping frame 1403638143.895097
Omega SLAM Dropping frame 1403638143.9950972
Omega SLAM Dropping frame 1403638144.0450969
Omega SLAM Dropping frame 1403638144.0950971
Omega SLAM Dropping frame 1403638144.195097
Omega SLAM Dropping frame 1403638144.2450969
Omega SLAM Dropping frame 1403638144.2950971
Omega SLAM Dropping frame 1403638144.395097
Omega SLAM Dropping frame 1403638144.445097
Omega SLAM Dropping frame 1403638144.4950972
Dropping frame 1403638144.5950971
Omega SLAM Dropping frame 1403638144.645097
Omega SLAM Dropping frame 1403638144.695097
Omega SLAM Dropping frame 1403638144.7450969
Dropping frame 1403638144.8450971
Omega SLAM Dropping frame 1403638144.895097
Omega SLAM Dropping frame 1403638144.945097
Omega SLAM Dropping frame 1403638144.9950972
Omega SLAM Dropping frame 1403638145.0950971
Omega SLAM Dropping frame 1403638145.145097
Omega SLAM Dropping frame 1403638145.195097
Omega SLAM Dropping frame 1403638145.2950971
Omega SLAM Dropping frame 1403638145.3450971
Omega SLAM Dropping frame 1403638145.395097
Omega SLAM Dropping frame 1403638145.4950972
Omega SLAM Dropping frame 1403638145.5450969
Omega SLAM Dropping frame 1403638145.5950971
Dropping frame 1403638145.695097
Omega SLAM Dropping frame 1403638145.7450969
Omega SLAM Dropping frame 1403638145.7950971
Omega SLAM Dropping frame 1403638145.8450971
Dropping frame 1403638145.945097
Omega SLAM Dropping frame 1403638145.9950972
Omega SLAM Dropping frame 1403638146.0450969
Omega SLAM Dropping frame 1403638146.0950971
Dropping frame 1403638146.195097
Omega SLAM Dropping frame 1403638146.2450969
Omega SLAM Dropping frame 1403638146.2950971
Omega SLAM Dropping frame 1403638146.3450971
Omega SLAM Dropping frame 1403638146.445097
Omega SLAM Dropping frame 1403638146.4950972
Omega SLAM Dropping frame 1403638146.5450969
Omega SLAM Dropping frame 1403638146.645097
Omega SLAM Dropping frame 1403638146.695097
Omega SLAM Dropping frame 1403638146.7450969
Dropping frame 1403638146.8450971
Omega SLAM Dropping frame 1403638146.895097
Omega SLAM Dropping frame 1403638146.945097
Omega SLAM Dropping frame 1403638146.9950972
Omega SLAM Dropping frame 1403638147.0950971
Omega SLAM Dropping frame 1403638147.145097
Omega SLAM Dropping frame 1403638147.195097
Omega SLAM Dropping frame 1403638147.2950971
Omega SLAM Dropping frame 1403638147.3450971
Omega SLAM Dropping frame 1403638147.395097
Dropping frame 1403638147.4950972
Omega SLAM Dropping frame 1403638147.5450969
Omega SLAM Dropping frame 1403638147.5950971
Omega SLAM Dropping frame 1403638147.645097
Omega SLAM Dropping frame 1403638147.7450969
Omega SLAM Dropping frame 1403638147.7950971
Omega SLAM Dropping frame 1403638147.8450971
Dropping frame 1403638148.0450969
Dropping frame 1403638148.145097
Dropping frame 1403638148.2450969
Omega SLAM Dropping frame 1403638148.3450971
Omega SLAM Dropping frame 1403638148.395097
Omega SLAM Dropping frame 1403638148.445097
Dropping frame 1403638148.5950971
Omega SLAM Dropping frame 1403638148.645097
Omega SLAM Dropping frame 1403638148.695097
Omega SLAM Dropping frame 1403638148.7450969
Dropping frame 1403638148.8450971
Dropping frame 1403638148.945097
Omega SLAM Dropping frame 1403638148.9950972
Omega SLAM Dropping frame 1403638149.0450969
Omega SLAM Dropping frame 1403638149.0950971
Omega SLAM Dropping frame 1403638149.2450969
Omega SLAM Dropping frame 1403638149.2950971
Omega SLAM Dropping frame 1403638149.3450971
Omega SLAM Dropping frame 1403638149.445097
Omega SLAM Dropping frame 1403638149.4950972
Omega SLAM Dropping frame 1403638149.5450969
Omega SLAM Dropping frame 1403638149.645097
Omega SLAM Dropping frame 1403638149.695097
Omega SLAM Dropping frame 1403638149.7450969
Dropping frame 1403638149.895097
Omega SLAM Dropping frame 1403638149.945097
Omega SLAM Dropping frame 1403638149.9950972
Omega SLAM Dropping frame 1403638150.0450969
Omega SLAM Dropping frame 1403638150.195097
Omega SLAM Dropping frame 1403638150.2450969
Omega SLAM Dropping frame 1403638150.2950971
Dropping frame 1403638150.395097
Dropping frame 1403638150.5950971
Omega SLAM Dropping frame 1403638150.7450969
Omega SLAM Dropping frame 1403638150.7950971
Omega SLAM Dropping frame 1403638150.8450971
Dropping frame 1403638150.945097
Dropping frame 1403638151.0450969
Dropping frame 1403638151.445097
Dropping frame 1403638151.5450969
Dropping frame 1403638151.645097
Dropping frame 1403638151.8450971
Omega SLAM Dropping frame 1403638151.895097
Omega SLAM Dropping frame 1403638151.945097
Omega SLAM Dropping frame 1403638151.9950972
Omega SLAM Dropping frame 1403638152.145097
Omega SLAM Dropping frame 1403638152.195097
Omega SLAM Dropping frame 1403638152.2450969
Dropping frame 1403638152.3450971
Omega SLAM Dropping frame 1403638152.395097
Omega SLAM Dropping frame 1403638152.445097
Omega SLAM Dropping frame 1403638152.4950972
Omega SLAM Dropping frame 1403638152.645097
Omega SLAM Dropping frame 1403638152.695097
Omega SLAM Dropping frame 1403638152.7450969
Dropping frame 1403638152.8450971
Dropping frame 1403638153.0450969
Dropping frame 1403638153.145097
Dropping frame 1403638153.2450969
Dropping frame 1403638153.3450971
Dropping frame 1403638154.0450969
Omega SLAM Dropping frame 1403638154.0950971
Omega SLAM Dropping frame 1403638154.145097
Omega SLAM Dropping frame 1403638154.195097
Omega SLAM Dropping frame 1403638154.3450971
Omega SLAM Dropping frame 1403638154.395097
Omega SLAM Dropping frame 1403638154.445097
Omega SLAM Dropping frame 1403638154.5950971
Omega SLAM Dropping frame 1403638154.645097
Omega SLAM Dropping frame 1403638154.695097
start VIBA 2
Omega SLAM Dropping frame 1403638154.945097
Omega SLAM Dropping frame 1403638154.9950972
Omega SLAM Dropping frame 1403638155.0450969
end VIBA 2
Dropping frame 1403638155.445097
Dropping frame 1403638155.695097
Omega SLAM Dropping frame 1403638156.5950971
Omega SLAM Dropping frame 1403638156.645097
Omega SLAM Dropping frame 1403638156.695097
Omega SLAM Dropping frame 1403638156.8450971
Omega SLAM Dropping frame 1403638156.895097
Omega SLAM Dropping frame 1403638156.945097
Omega SLAM Dropping frame 1403638157.0450969
Omega SLAM Dropping frame 1403638157.0950971
Omega SLAM Dropping frame 1403638157.145097
Omega SLAM Dropping frame 1403638157.2950971
Omega SLAM Dropping frame 1403638157.3450971
Omega SLAM Dropping frame 1403638157.395097
Dropping frame 1403638157.5450969
Omega SLAM Dropping frame 1403638157.5950971
Omega SLAM Dropping frame 1403638157.645097
Omega SLAM Dropping frame 1403638157.695097
Dropping frame 1403638157.945097
Omega SLAM Dropping frame 1403638158.2950971
Omega SLAM Dropping frame 1403638158.3450971
Omega SLAM Dropping frame 1403638158.395097
Omega SLAM Dropping frame 1403638158.5450969
Omega SLAM Dropping frame 1403638158.5950971
Omega SLAM Dropping frame 1403638158.645097
Dropping frame 1403638158.7950971
Omega SLAM Dropping frame 1403638158.8450971
Omega SLAM Dropping frame 1403638158.895097
Omega SLAM Dropping frame 1403638158.945097
Dropping frame 1403638159.195097
Omega SLAM Dropping frame 1403638159.3450971
Omega SLAM Dropping frame 1403638159.395097
Omega SLAM Dropping frame 1403638159.445097
Omega SLAM Dropping frame 1403638159.7950971
Omega SLAM Dropping frame 1403638159.8450971
Omega SLAM Dropping frame 1403638159.895097
Omega SLAM Dropping frame 1403638160.145097
Omega SLAM Dropping frame 1403638160.195097
Omega SLAM Dropping frame 1403638160.2450969
Omega SLAM Dropping frame 1403638160.4950972
Omega SLAM Dropping frame 1403638160.5450969
Omega SLAM Dropping frame 1403638160.5950971
Omega SLAM Dropping frame 1403638160.695097
Omega SLAM Dropping frame 1403638160.7450969
Omega SLAM Dropping frame 1403638160.7950971
Dropping frame 1403638160.9950972
Dropping frame 1403638161.2450969
Omega SLAM Dropping frame 1403638161.7450969
Omega SLAM Dropping frame 1403638161.7950971
Omega SLAM Dropping frame 1403638161.8450971
Omega SLAM Dropping frame 1403638162.0450969
Omega SLAM Dropping frame 1403638162.0950971
Omega SLAM Dropping frame 1403638162.145097
Omega SLAM Dropping frame 1403638162.2950971
Omega SLAM Dropping frame 1403638162.3450971
Omega SLAM Dropping frame 1403638162.395097
Omega SLAM Dropping frame 1403638162.5450969
Omega SLAM Dropping frame 1403638162.5950971
Omega SLAM Dropping frame 1403638162.645097
Omega SLAM Dropping frame 1403638162.7950971
Omega SLAM Dropping frame 1403638162.8450971
Omega SLAM Dropping frame 1403638162.895097
Omega SLAM Dropping frame 1403638163.195097
Omega SLAM Dropping frame 1403638163.2450969
Omega SLAM Dropping frame 1403638163.2950971
Omega SLAM Dropping frame 1403638163.695097
Omega SLAM Dropping frame 1403638163.7450969
Omega SLAM Dropping frame 1403638163.7950971
Omega SLAM Dropping frame 1403638163.945097
Omega SLAM Dropping frame 1403638163.9950972
Omega SLAM Dropping frame 1403638164.0450969
Omega SLAM Dropping frame 1403638164.195097
Omega SLAM Dropping frame 1403638164.2450969
Omega SLAM Dropping frame 1403638164.2950971
Omega SLAM Dropping frame 1403638164.445097
Omega SLAM Dropping frame 1403638164.4950972
Omega SLAM Dropping frame 1403638164.5450969
Omega SLAM Dropping frame 1403638164.695097
Omega SLAM Dropping frame 1403638164.7450969
Omega SLAM Dropping frame 1403638164.7950971
Omega SLAM Dropping frame 1403638165.0450969
Omega SLAM Dropping frame 1403638165.0950971
Omega SLAM Dropping frame 1403638165.145097
Omega SLAM Dropping frame 1403638165.4950972
Omega SLAM Dropping frame 1403638165.5450969
Omega SLAM Dropping frame 1403638165.5950971
Omega SLAM Dropping frame 1403638165.8450971
Omega SLAM Dropping frame 1403638165.895097
Omega SLAM Dropping frame 1403638165.945097
Omega SLAM Dropping frame 1403638166.195097
Omega SLAM Dropping frame 1403638166.2450969
Omega SLAM Dropping frame 1403638166.2950971
Omega SLAM Dropping frame 1403638166.445097
Omega SLAM Dropping frame 1403638166.4950972
Omega SLAM Dropping frame 1403638166.5450969
Omega SLAM Dropping frame 1403638166.645097
Omega SLAM Dropping frame 1403638166.695097
Omega SLAM Dropping frame 1403638166.7450969
Omega SLAM Dropping frame 1403638167.0950971
Omega SLAM Dropping frame 1403638167.145097
Omega SLAM Dropping frame 1403638167.195097
Omega SLAM Dropping frame 1403638167.3450971
Omega SLAM Dropping frame 1403638167.395097
Omega SLAM Dropping frame 1403638167.445097
Omega SLAM Dropping frame 1403638167.5950971
Omega SLAM Dropping frame 1403638167.645097
Omega SLAM Dropping frame 1403638167.695097
Dropping frame 1403638168.395097
Omega SLAM Dropping frame 1403638168.7950971
Omega SLAM Dropping frame 1403638168.8450971
Omega SLAM Dropping frame 1403638168.895097
Omega SLAM Dropping frame 1403638169.0450969
Omega SLAM Dropping frame 1403638169.0950971
Omega SLAM Dropping frame 1403638169.145097
Dropping frame 1403638169.3450971
Dropping frame 1403638170.0950971
Dropping frame 1403638171.145097
Omega SLAM Dropping frame 1403638171.3450971
Omega SLAM Dropping frame 1403638171.395097
Omega SLAM Dropping frame 1403638171.445097
Dropping frame 1403638171.5450969
Dropping frame 1403638171.8450971
Dropping frame 1403638172.0450969
Omega SLAM Dropping frame 1403638172.0950971
Omega SLAM Dropping frame 1403638172.145097
Omega SLAM Dropping frame 1403638172.195097
Omega SLAM Dropping frame 1403638172.3450971
Omega SLAM Dropping frame 1403638172.395097
Omega SLAM Dropping frame 1403638172.445097
Dropping frame 1403638172.5450969
Omega SLAM Dropping frame 1403638172.645097
Omega SLAM Dropping frame 1403638172.695097
Omega SLAM Dropping frame 1403638172.7450969
Omega SLAM Dropping frame 1403638172.895097
Omega SLAM Dropping frame 1403638172.945097
Omega SLAM Dropping frame 1403638172.9950972
Dropping frame 1403638173.0950971
Dropping frame 1403638173.195097
Omega SLAM Dropping frame 1403638173.3450971
Omega SLAM Dropping frame 1403638173.395097
Omega SLAM Dropping frame 1403638173.445097
Dropping frame 1403638173.695097
Omega SLAM Dropping frame 1403638173.7450969
Omega SLAM Dropping frame 1403638173.7950971
Omega SLAM Dropping frame 1403638173.8450971
Omega SLAM Dropping frame 1403638173.945097
Omega SLAM Dropping frame 1403638173.9950972
Omega SLAM Dropping frame 1403638174.0450969
Omega SLAM Dropping frame 1403638174.145097
Omega SLAM Dropping frame 1403638174.195097
Omega SLAM Dropping frame 1403638174.2450969
Dropping frame 1403638174.3450971
Omega SLAM Dropping frame 1403638174.4950972
Omega SLAM Dropping frame 1403638174.5450969
Omega SLAM Dropping frame 1403638174.5950971
Omega SLAM Dropping frame 1403638174.7450969
Omega SLAM Dropping frame 1403638174.7950971
Omega SLAM Dropping frame 1403638174.8450971
Dropping frame 1403638174.9950972
Omega SLAM Dropping frame 1403638175.0450969
Omega SLAM Dropping frame 1403638175.0950971
Omega SLAM Dropping frame 1403638175.145097
Dropping frame 1403638175.2450969
Omega SLAM Dropping frame 1403638175.445097
Omega SLAM Dropping frame 1403638175.4950972
Omega SLAM Dropping frame 1403638175.5450969
Dropping frame 1403638175.645097
Omega SLAM Dropping frame 1403638175.7950971
Omega SLAM Dropping frame 1403638175.8450971
Omega SLAM Dropping frame 1403638175.895097
Dropping frame 1403638176.0450969
Dropping frame 1403638176.2950971
Dropping frame 1403638176.395097
Omega SLAM Dropping frame 1403638176.4950972
Omega SLAM Dropping frame 1403638176.5450969
Omega SLAM Dropping frame 1403638176.5950971
Omega SLAM Dropping frame 1403638176.695097
Omega SLAM Dropping frame 1403638176.7450969
Omega SLAM Dropping frame 1403638176.7950971
Omega SLAM Dropping frame 1403638176.945097
Omega SLAM Dropping frame 1403638176.9950972
Omega SLAM Dropping frame 1403638177.0450969
Dropping frame 1403638177.195097
Omega SLAM Dropping frame 1403638177.2450969
Omega SLAM Dropping frame 1403638177.2950971
Omega SLAM Dropping frame 1403638177.3450971
Dropping frame 1403638177.445097
Omega SLAM Dropping frame 1403638177.4950972
Omega SLAM Dropping frame 1403638177.5450969
Omega SLAM Dropping frame 1403638177.5950971
Dropping frame 1403638177.8450971
Dropping frame 1403638178.0450969
Omega SLAM Dropping frame 1403638178.0950971
Omega SLAM Dropping frame 1403638178.145097
Omega SLAM Dropping frame 1403638178.195097
Dropping frame 1403638178.2950971
Dropping frame 1403638178.395097
Dropping frame 1403638178.5950971
Dropping frame 1403638178.695097
Dropping frame 1403638178.945097
Dropping frame 1403638179.3450971
Dropping frame 1403638179.4950972
Dropping frame 1403638179.8450971
Dropping frame 1403638180.0450969
Dropping frame 1403638180.2450969
Omega SLAM Dropping frame 1403638180.2950971
Omega SLAM Dropping frame 1403638180.3450971
Omega SLAM Dropping frame 1403638180.395097
Dropping frame 1403638180.4950972
Dropping frame 1403638180.5950971
Omega SLAM Dropping frame 1403638180.695097
Omega SLAM Dropping frame 1403638180.7450969
Omega SLAM Dropping frame 1403638180.7950971
Omega SLAM Dropping frame 1403638180.945097
Omega SLAM Dropping frame 1403638180.9950972
Omega SLAM Dropping frame 1403638181.0450969
Omega SLAM Dropping frame 1403638181.195097
Omega SLAM Dropping frame 1403638181.2450969
Omega SLAM Dropping frame 1403638181.2950971
Dropping frame 1403638181.395097
Dropping frame 1403638181.4950972
Dropping frame 1403638181.7450969
Dropping frame 1403638182.0950971
Dropping frame 1403638182.195097
Omega SLAM Dropping frame 1403638182.395097
Omega SLAM Dropping frame 1403638182.445097
Omega SLAM Dropping frame 1403638182.4950972
Dropping frame 1403638182.5950971
Omega SLAM Dropping frame 1403638182.7450969
Omega SLAM Dropping frame 1403638182.7950971
Omega SLAM Dropping frame 1403638182.8450971
Dropping frame 1403638182.945097
Dropping frame 1403638183.0450969
Omega SLAM Dropping frame 1403638183.2450969
Omega SLAM Dropping frame 1403638183.2950971
Omega SLAM Dropping frame 1403638183.3450971
Dropping frame 1403638183.445097
Omega SLAM Dropping frame 1403638183.5950971
Omega SLAM Dropping frame 1403638183.645097
Omega SLAM Dropping frame 1403638183.695097
Dropping frame 1403638183.7950971
Omega SLAM Dropping frame 1403638183.945097
Omega SLAM Dropping frame 1403638183.9950972
Omega SLAM Dropping frame 1403638184.0450969
Dropping frame 1403638184.145097
Omega SLAM Dropping frame 1403638184.2950971
Omega SLAM Dropping frame 1403638184.3450971
Omega SLAM Dropping frame 1403638184.395097
Dropping frame 1403638184.4950972
Dropping frame 1403638184.5950971
Omega SLAM Dropping frame 1403638184.645097
Omega SLAM Dropping frame 1403638184.695097
Omega SLAM Dropping frame 1403638184.7450969
Dropping frame 1403638184.8450971
Dropping frame 1403638184.945097
Omega SLAM Dropping frame 1403638184.9950972
Omega SLAM Dropping frame 1403638185.0450969
Omega SLAM Dropping frame 1403638185.0950971
Dropping frame 1403638185.195097
Omega SLAM Dropping frame 1403638185.2450969
Omega SLAM Dropping frame 1403638185.2950971
Omega SLAM Dropping frame 1403638185.3450971
Omega SLAM Dropping frame 1403638185.4950972
Omega SLAM Dropping frame 1403638185.5450969
Omega SLAM Dropping frame 1403638185.5950971
Omega SLAM Dropping frame 1403638186.0950971
Omega SLAM Dropping frame 1403638186.145097
Omega SLAM Dropping frame 1403638186.195097
Omega SLAM Dropping frame 1403638186.3450971
Omega SLAM Dropping frame 1403638186.395097
Omega SLAM Dropping frame 1403638186.445097
Dropping frame 1403638186.5450969
Omega SLAM Dropping frame 1403638186.5950971
Omega SLAM Dropping frame 1403638186.645097
Omega SLAM Dropping frame 1403638186.695097
Dropping frame 1403638186.7950971
Dropping frame 1403638187.0450969
Dropping frame 1403638187.145097
Dropping frame 1403638187.395097
Dropping frame 1403638187.4950972
Omega SLAM Dropping frame 1403638187.7450969
Omega SLAM Dropping frame 1403638187.7950971
Omega SLAM Dropping frame 1403638187.8450971
Dropping frame 1403638187.9950972
Omega SLAM Dropping frame 1403638188.0450969
Omega SLAM Dropping frame 1403638188.0950971
Omega SLAM Dropping frame 1403638188.145097
Dropping frame 1403638188.2450969
Dropping frame 1403638188.3450971
Dropping frame 1403638188.5450969
Dropping frame 1403638188.645097
Dropping frame 1403638188.8450971
Dropping frame 1403638188.9950972
Dropping frame 1403638189.2450969
Dropping frame 1403638189.3450971
Dropping frame 1403638189.4950972
Dropping frame 1403638189.645097
Dropping frame 1403638189.7950971
Dropping frame 1403638189.895097
Dropping frame 1403638189.9950972
Dropping frame 1403638190.0950971
Omega SLAM Dropping frame 1403638190.145097
Omega SLAM Dropping frame 1403638190.195097
Omega SLAM Dropping frame 1403638190.2450969
Dropping frame 1403638190.395097
Dropping frame 1403638190.4950972
Dropping frame 1403638190.645097
Omega SLAM Dropping frame 1403638190.695097
Omega SLAM Dropping frame 1403638190.7450969
Omega SLAM Dropping frame 1403638190.7950971
Omega SLAM Dropping frame 1403638190.9950972
Omega SLAM Dropping frame 1403638191.0450969
Omega SLAM Dropping frame 1403638191.0950971
Dropping frame 1403638191.2450969
Omega SLAM Dropping frame 1403638191.2950971
Omega SLAM Dropping frame 1403638191.3450971
Omega SLAM Dropping frame 1403638191.395097
Dropping frame 1403638191.4950972
Omega SLAM Dropping frame 1403638191.5950971
Omega SLAM Dropping frame 1403638191.645097
Omega SLAM Dropping frame 1403638191.695097
Omega SLAM Dropping frame 1403638191.8450971
Omega SLAM Dropping frame 1403638191.895097
Omega SLAM Dropping frame 1403638191.945097
Dropping frame 1403638192.0450969
Omega SLAM Dropping frame 1403638192.0950971
Omega SLAM Dropping frame 1403638192.145097
Omega SLAM Dropping frame 1403638192.195097
Omega SLAM Dropping frame 1403638192.395097
Omega SLAM Dropping frame 1403638192.445097
Omega SLAM Dropping frame 1403638192.4950972
Dropping frame 1403638192.5950971
Dropping frame 1403638192.695097
Dropping frame 1403638192.945097
Dropping frame 1403638193.0450969
Dropping frame 1403638193.395097
Dropping frame 1403638193.4950972
Dropping frame 1403638193.5950971
Omega SLAM Dropping frame 1403638193.645097
Omega SLAM Dropping frame 1403638193.695097
Omega SLAM Dropping frame 1403638193.7450969
Omega SLAM Dropping frame 1403638193.895097
Omega SLAM Dropping frame 1403638193.945097
Omega SLAM Dropping frame 1403638193.9950972
Dropping frame 1403638194.145097
Omega SLAM Dropping frame 1403638194.195097
Omega SLAM Dropping frame 1403638194.2450969
Omega SLAM Dropping frame 1403638194.2950971
Dropping frame 1403638194.395097
Dropping frame 1403638194.4950972
Omega SLAM Dropping frame 1403638194.645097
Omega SLAM Dropping frame 1403638194.695097
Omega SLAM Dropping frame 1403638194.7450969
Dropping frame 1403638194.8450971
Omega SLAM Dropping frame 1403638194.9950972
Omega SLAM Dropping frame 1403638195.0450969
Omega SLAM Dropping frame 1403638195.0950971
Dropping frame 1403638195.2450969
Dropping frame 1403638195.3450971
Omega SLAM Dropping frame 1403638195.445097
Omega SLAM Dropping frame 1403638195.4950972
Omega SLAM Dropping frame 1403638195.5450969
Omega SLAM Dropping frame 1403638195.695097
Omega SLAM Dropping frame 1403638195.7450969
Omega SLAM Dropping frame 1403638195.7950971
Dropping frame 1403638195.895097
Dropping frame 1403638195.9950972
Omega SLAM Dropping frame 1403638196.145097
Omega SLAM Dropping frame 1403638196.195097
Omega SLAM Dropping frame 1403638196.2450969
Omega SLAM Dropping frame 1403638196.395097
Omega SLAM Dropping frame 1403638196.445097
Omega SLAM Dropping frame 1403638196.4950972
Dropping frame 1403638196.645097
Omega SLAM Dropping frame 1403638196.695097
Omega SLAM Dropping frame 1403638196.7450969
Omega SLAM Dropping frame 1403638196.7950971
Dropping frame 1403638196.895097
Dropping frame 1403638196.9950972
Omega SLAM Dropping frame 1403638197.145097
Omega SLAM Dropping frame 1403638197.195097
Omega SLAM Dropping frame 1403638197.2450969
Dropping frame 1403638197.395097
Dropping frame 1403638197.4950972
Omega SLAM Dropping frame 1403638197.645097
Omega SLAM Dropping frame 1403638197.695097
Omega SLAM Dropping frame 1403638197.7450969
Omega SLAM Dropping frame 1403638197.8450971
Omega SLAM Dropping frame 1403638197.895097
Omega SLAM Dropping frame 1403638197.945097
Dropping frame 1403638198.0450969
Dropping frame 1403638198.145097
Omega SLAM Dropping frame 1403638198.195097
Omega SLAM Dropping frame 1403638198.2450969
Omega SLAM Dropping frame 1403638198.2950971
Dropping frame 1403638198.395097
Dropping frame 1403638198.5450969
Omega SLAM Dropping frame 1403638198.5950971
Omega SLAM Dropping frame 1403638198.645097
Omega SLAM Dropping frame 1403638198.695097
Dropping frame 1403638198.7950971
Omega SLAM Dropping frame 1403638198.945097
Omega SLAM Dropping frame 1403638198.9950972
Omega SLAM Dropping frame 1403638199.0450969
Dropping frame 1403638199.195097
Omega SLAM Dropping frame 1403638199.2450969
Omega SLAM Dropping frame 1403638199.2950971
Omega SLAM Dropping frame 1403638199.3450971
Dropping frame 1403638199.445097
Dropping frame 1403638199.5450969
Omega SLAM Dropping frame 1403638199.695097
Omega SLAM Dropping frame 1403638199.7450969
Omega SLAM Dropping frame 1403638199.7950971
Dropping frame 1403638199.9950972
Dropping frame 1403638200.0950971
Dropping frame 1403638200.195097
Dropping frame 1403638200.2950971
Dropping frame 1403638200.5450969
Dropping frame 1403638200.7950971
Dropping frame 1403638200.895097
Dropping frame 1403638200.9950972
Omega SLAM Dropping frame 1403638201.145097
Omega SLAM Dropping frame 1403638201.195097
Omega SLAM Dropping frame 1403638201.2450969
Dropping frame 1403638201.3450971
Dropping frame 1403638201.445097
Omega SLAM Dropping frame 1403638201.4950972
Omega SLAM Dropping frame 1403638201.5450969
Omega SLAM Dropping frame 1403638201.5950971
Dropping frame 1403638201.695097
Dropping frame 1403638201.7950971
Omega SLAM Dropping frame 1403638201.8450971
Omega SLAM Dropping frame 1403638201.895097
Omega SLAM Dropping frame 1403638201.945097
Omega SLAM Dropping frame 1403638202.0950971
Omega SLAM Dropping frame 1403638202.145097
Omega SLAM Dropping frame 1403638202.195097
Dropping frame 1403638202.3450971
Omega SLAM Dropping frame 1403638202.445097
Omega SLAM Dropping frame 1403638202.4950972
Omega SLAM Dropping frame 1403638202.5450969
Dropping frame 1403638202.645097
Omega SLAM Dropping frame 1403638202.7450969
Omega SLAM Dropping frame 1403638202.7950971
Omega SLAM Dropping frame 1403638202.8450971
Dropping frame 1403638202.945097
Omega SLAM Dropping frame 1403638202.9950972
Omega SLAM Dropping frame 1403638203.0450969
Omega SLAM Dropping frame 1403638203.0950971
Dropping frame 1403638203.195097
Dropping frame 1403638203.2950971
Dropping frame 1403638203.395097
Omega SLAM Dropping frame 1403638203.445097
Omega SLAM Dropping frame 1403638203.4950972
Omega SLAM Dropping frame 1403638203.5450969
Omega SLAM Dropping frame 1403638203.695097
Omega SLAM Dropping frame 1403638203.7450969
Omega SLAM Dropping frame 1403638203.7950971
Omega SLAM Dropping frame 1403638203.895097
Omega SLAM Dropping frame 1403638203.945097
Omega SLAM Dropping frame 1403638203.9950972
Dropping frame 1403638204.0950971
Omega SLAM Dropping frame 1403638204.145097
Omega SLAM Dropping frame 1403638204.195097
Omega SLAM Dropping frame 1403638204.2450969
Dropping frame 1403638204.3450971
Dropping frame 1403638204.445097
Omega SLAM Dropping frame 1403638204.5950971
Omega SLAM Dropping frame 1403638204.645097
Omega SLAM Dropping frame 1403638204.695097
Dropping frame 1403638204.8450971
Dropping frame 1403638204.945097
Dropping frame 1403638205.195097
Dropping frame 1403638205.2950971
Dropping frame 1403638205.5450969
Dropping frame 1403638205.645097
Dropping frame 1403638205.895097
Dropping frame 1403638205.9950972
Dropping frame 1403638206.0950971
Dropping frame 1403638206.2450969
Dropping frame 1403638206.4950972
Dropping frame 1403638206.5950971
Dropping frame 1403638206.695097
Dropping frame 1403638206.7950971
Dropping frame 1403638206.945097
Omega SLAM Dropping frame 1403638206.9950972
Omega SLAM Dropping frame 1403638207.0450969
Omega SLAM Dropping frame 1403638207.0950971
Dropping frame 1403638207.195097
Omega SLAM Dropping frame 1403638207.3450971
Omega SLAM Dropping frame 1403638207.395097
Omega SLAM Dropping frame 1403638207.445097
Dropping frame 1403638207.5950971
Dropping frame 1403638207.695097
Dropping frame 1403638207.945097
Dropping frame 1403638208.0450969
Omega SLAM Dropping frame 1403638208.145097
Omega SLAM Dropping frame 1403638208.195097
Omega SLAM Dropping frame 1403638208.2450969
Omega SLAM Dropping frame 1403638208.395097
Omega SLAM Dropping frame 1403638208.445097
Omega SLAM Dropping frame 1403638208.4950972
Dropping frame 1403638208.5950971
Dropping frame 1403638208.695097
Omega SLAM Dropping frame 1403638208.8450971
Omega SLAM Dropping frame 1403638208.895097
Omega SLAM Dropping frame 1403638208.945097
Dropping frame 1403638209.0950971
Omega SLAM Dropping frame 1403638209.145097
Omega SLAM Dropping frame 1403638209.195097
Omega SLAM Dropping frame 1403638209.2450969
Dropping frame 1403638209.3450971
Omega SLAM Dropping frame 1403638209.445097
Omega SLAM Dropping frame 1403638209.4950972
Omega SLAM Dropping frame 1403638209.5450969
Omega SLAM Dropping frame 1403638209.695097
Omega SLAM Dropping frame 1403638209.7450969
Omega SLAM Dropping frame 1403638209.7950971
Dropping frame 1403638209.895097
Dropping frame 1403638209.9950972
Dropping frame 1403638210.0950971
Omega SLAM Dropping frame 1403638210.2450969
Omega SLAM Dropping frame 1403638210.2950971
Omega SLAM Dropping frame 1403638210.3450971
Omega SLAM Dropping frame 1403638210.445097
Omega SLAM Dropping frame 1403638210.4950972
Omega SLAM Dropping frame 1403638210.5450969
Omega SLAM Dropping frame 1403638210.645097
Omega SLAM Dropping frame 1403638210.695097
Omega SLAM Dropping frame 1403638210.7450969
Dropping frame 1403638210.8450971
Omega SLAM Dropping frame 1403638210.895097
Omega SLAM Dropping frame 1403638210.945097
Omega SLAM Dropping frame 1403638210.9950972
Dropping frame 1403638211.0950971
Dropping frame 1403638211.195097
Omega SLAM Dropping frame 1403638211.2950971
Omega SLAM Dropping frame 1403638211.3450971
Omega SLAM Dropping frame 1403638211.395097
Dropping frame 1403638211.4950972
Dropping frame 1403638211.7950971
Dropping frame 1403638211.895097
Dropping frame 1403638212.2450969
Dropping frame 1403638212.3450971
Dropping frame 1403638212.445097
Dropping frame 1403638212.7450969
Dropping frame 1403638212.8450971
Dropping frame 1403638213.0950971
Dropping frame 1403638213.3450971
Dropping frame 1403638213.445097
Dropping frame 1403638213.5450969
Dropping frame 1403638213.645097
Dropping frame 1403638213.7450969
Dropping frame 1403638213.8450971
Omega SLAM Dropping frame 1403638213.9950972
Omega SLAM Dropping frame 1403638214.0450969
Omega SLAM Dropping frame 1403638214.0950971
Dropping frame 1403638214.2450969
Dropping frame 1403638214.3450971
Omega SLAM Dropping frame 1403638214.4950972
Omega SLAM Dropping frame 1403638214.5450969
Omega SLAM Dropping frame 1403638214.5950971
Dropping frame 1403638214.7450969
Dropping frame 1403638214.8450971
Omega SLAM Dropping frame 1403638214.945097
Omega SLAM Dropping frame 1403638214.9950972
Omega SLAM Dropping frame 1403638215.0450969
Omega SLAM Dropping frame 1403638215.145097
Omega SLAM Dropping frame 1403638215.195097
Omega SLAM Dropping frame 1403638215.2450969
Dropping frame 1403638215.395097
Omega SLAM Dropping frame 1403638215.445097
Omega SLAM Dropping frame 1403638215.4950972
Omega SLAM Dropping frame 1403638215.5450969
Dropping frame 1403638215.645097
Omega SLAM Dropping frame 1403638215.7450969
Omega SLAM Dropping frame 1403638215.7950971
Omega SLAM Dropping frame 1403638215.8450971
Dropping frame 1403638215.945097
Omega SLAM Dropping frame 1403638216.0450969
Omega SLAM Dropping frame 1403638216.0950971
Omega SLAM Dropping frame 1403638216.145097
Dropping frame 1403638216.2450969
Dropping frame 1403638216.3450971
Omega SLAM Dropping frame 1403638216.395097
Omega SLAM Dropping frame 1403638216.445097
Omega SLAM Dropping frame 1403638216.4950972
Omega SLAM Dropping frame 1403638216.5950971
Omega SLAM Dropping frame 1403638216.645097
Omega SLAM Dropping frame 1403638216.695097
Dropping frame 1403638216.8450971
Omega SLAM Dropping frame 1403638216.895097
Omega SLAM Dropping frame 1403638216.945097
Omega SLAM Dropping frame 1403638216.9950972
Dropping frame 1403638217.3450971
Dropping frame 1403638217.445097
Dropping frame 1403638217.5950971
Omega SLAM Dropping frame 1403638217.645097
Omega SLAM Dropping frame 1403638217.695097
Omega SLAM Dropping frame 1403638217.7450969
Dropping frame 1403638217.8450971
Omega SLAM Dropping frame 1403638217.945097
Omega SLAM Dropping frame 1403638217.9950972
Omega SLAM Dropping frame 1403638218.0450969
Omega SLAM Dropping frame 1403638218.195097
Omega SLAM Dropping frame 1403638218.2450969
Omega SLAM Dropping frame 1403638218.2950971
Omega SLAM Dropping frame 1403638218.445097
Omega SLAM Dropping frame 1403638218.4950972
Omega SLAM Dropping frame 1403638218.5450969
Dropping frame 1403638218.645097
Dropping frame 1403638218.7450969
Omega SLAM Dropping frame 1403638218.945097
Omega SLAM Dropping frame 1403638218.9950972
Omega SLAM Dropping frame 1403638219.0450969
Dropping frame 1403638219.145097
Dropping frame 1403638219.2450969
Dropping frame 1403638219.4950972
Dropping frame 1403638219.5950971
Omega SLAM Dropping frame 1403638219.645097
Omega SLAM Dropping frame 1403638219.695097
Omega SLAM Dropping frame 1403638219.7450969
Dropping frame 1403638219.8450971
Omega SLAM Dropping frame 1403638220.0450969
Omega SLAM Dropping frame 1403638220.0950971
Omega SLAM Dropping frame 1403638220.145097
Dropping frame 1403638220.2450969
Dropping frame 1403638220.3450971
Omega SLAM Dropping frame 1403638220.4950972
Omega SLAM Dropping frame 1403638220.5450969
Omega SLAM Dropping frame 1403638220.5950971
Omega SLAM Dropping frame 1403638220.695097
Omega SLAM Dropping frame 1403638220.7450969
Omega SLAM Dropping frame 1403638220.7950971
Omega SLAM Dropping frame 1403638220.895097
Omega SLAM Dropping frame 1403638220.945097
Omega SLAM Dropping frame 1403638220.9950972
Omega SLAM Dropping frame 1403638221.0950971
Omega SLAM Dropping frame 1403638221.145097
Omega SLAM Dropping frame 1403638221.195097
Omega SLAM Dropping frame 1403638221.3450971
Omega SLAM Dropping frame 1403638221.395097
Omega SLAM Dropping frame 1403638221.445097
Omega SLAM Dropping frame 1403638221.5950971
Omega SLAM Dropping frame 1403638221.645097
Omega SLAM Dropping frame 1403638221.695097
Dropping frame 1403638221.7950971
Omega SLAM Dropping frame 1403638221.895097
Omega SLAM Dropping frame 1403638221.945097
Omega SLAM Dropping frame 1403638221.9950972
Omega SLAM Dropping frame 1403638222.145097
Omega SLAM Dropping frame 1403638222.195097
Omega SLAM Dropping frame 1403638222.2450969
Omega SLAM Dropping frame 1403638222.395097
Omega SLAM Dropping frame 1403638222.445097
Omega SLAM Dropping frame 1403638222.4950972
Dropping frame 1403638222.5950971
Omega SLAM Dropping frame 1403638222.645097
Omega SLAM Dropping frame 1403638222.695097
Omega SLAM Dropping frame 1403638222.7450969
Omega SLAM Dropping frame 1403638222.895097
Omega SLAM Dropping frame 1403638222.945097
Omega SLAM Dropping frame 1403638222.9950972
Dropping frame 1403638223.145097
Omega SLAM Dropping frame 1403638223.195097
Omega SLAM Dropping frame 1403638223.2450969
Omega SLAM Dropping frame 1403638223.2950971
Dropping frame 1403638223.395097
Dropping frame 1403638223.5450969
Omega SLAM Dropping frame 1403638223.645097
Omega SLAM Dropping frame 1403638223.695097
Omega SLAM Dropping frame 1403638223.7450969
Dropping frame 1403638223.8450971
Omega SLAM Dropping frame 1403638223.945097
Omega SLAM Dropping frame 1403638223.9950972
Omega SLAM Dropping frame 1403638224.0450969
Omega SLAM Dropping frame 1403638224.2950971
Omega SLAM Dropping frame 1403638224.3450971
Omega SLAM Dropping frame 1403638224.395097
Dropping frame 1403638224.5450969
Dropping frame 1403638224.8450971
Dropping frame 1403638225.0450969
Omega SLAM Dropping frame 1403638225.195097
Omega SLAM Dropping frame 1403638225.2450969
Omega SLAM Dropping frame 1403638225.2950971
Dropping frame 1403638225.395097
Dropping frame 1403638225.645097
Dropping frame 1403638225.7450969
Dropping frame 1403638225.8450971
Dropping frame 1403638226.195097
Dropping frame 1403638226.2950971
Omega SLAM Dropping frame 1403638226.445097
Omega SLAM Dropping frame 1403638226.4950972
Omega SLAM Dropping frame 1403638226.5450969
Omega SLAM Dropping frame 1403638226.645097
Omega SLAM Dropping frame 1403638226.695097
Omega SLAM Dropping frame 1403638226.7450969
Dropping frame 1403638226.8450971
Omega SLAM Dropping frame 1403638226.895097
Omega SLAM Dropping frame 1403638226.945097
Omega SLAM Dropping frame 1403638226.9950972
Omega SLAM Dropping frame 1403638227.0950971
Omega SLAM Dropping frame 1403638227.145097
Omega SLAM Dropping frame 1403638227.195097
Omega SLAM Dropping frame 1403638227.2950971
Omega SLAM Dropping frame 1403638227.3450971
Omega SLAM Dropping frame 1403638227.395097
Dropping frame 1403638227.4950972
Omega SLAM Dropping frame 1403638227.5450969
Omega SLAM Dropping frame 1403638227.5950971
Omega SLAM Dropping frame 1403638227.645097
Omega SLAM Dropping frame 1403638227.7450969
Omega SLAM Dropping frame 1403638227.7950971
Omega SLAM Dropping frame 1403638227.8450971
Omega SLAM Dropping frame 1403638227.945097
Omega SLAM Dropping frame 1403638227.9950972
Omega SLAM Dropping frame 1403638228.0450969
Omega SLAM Dropping frame 1403638228.145097
Omega SLAM Dropping frame 1403638228.195097
Omega SLAM Dropping frame 1403638228.2450969
Dropping frame 1403638228.3450971
Omega SLAM Dropping frame 1403638228.395097
Omega SLAM Dropping frame 1403638228.445097
Omega SLAM Dropping frame 1403638228.4950972
Dropping frame 1403638228.5950971
Omega SLAM Dropping frame 1403638228.645097
Omega SLAM Dropping frame 1403638228.695097
Omega SLAM Dropping frame 1403638228.7450969
Omega SLAM Dropping frame 1403638228.8450971
Shutdown
SLAM Finished at System Time: 1748961137.59496

 TIME STATS in ms (mean$\pm$std)
OpenCV version: 4.8.1
---------------------------
Tracking

ORB Extraction: 20.122$\pm$2.5252
Stereo Matching: 10.039$\pm$2.8404
IMU Preintegration: 0.28927$\pm$0.16775
Pose Prediction: 0.25356$\pm$0.71913
LM Track: 20.15$\pm$6.3283
New KF decision: 0.43388$\pm$0.37575
Total Tracking: 24.921$\pm$27.438



Local Mapping

KF Insertion: 16.83$\pm$6.5536
MP Culling: 0.50977$\pm$0.2269
MP Creation: 47.483$\pm$13.981
LBA: 149.2$\pm$45.02
KF Culling: 10.725$\pm$6.9012
Total Local Mapping: 225.69$\pm$63.235
---------------------------

LBA complexity (mean$\pm$std)
LBA Edges: 1546.9$\pm$962.48
LBA KF optimized: 6.5$\pm$2.2913
LBA KF fixed: 1$\pm$0
LBA MP: nan$\pm$nan

LBA executions: 339
LBA aborts: 0
---------------------------

Map complexity
KFs in map: 191
MPs in map: 13886
---------------------------

Place Recognition (mean$\pm$std)
Database Query: 2.4546$\pm$1.1983
SE3 estimation: 29.191$\pm$17.242
Total Place Recognition: 24.672$\pm$20.64


Loop Closing (mean$\pm$std)
Loop Fusion: nan$\pm$nan
Essential Graph: nan$\pm$nan
Total Loop Closing: nan$\pm$nan

Num exec: 0
Number of KFs: nan$\pm$nan

Map Merging (mean$\pm$std)
Merge Maps: nan$\pm$nan
Welding BA: nan$\pm$nan
Optimization Ess.: nan$\pm$nan
Total Map Merging: nan$\pm$nan

Num exec: 0
Number of KFs: nan$\pm$nan
Number of MPs: nan$\pm$nan

Full GBA (mean$\pm$std)
GBA: nan$\pm$nan
Map Update: nan$\pm$nan
Total Full GBA: nan$\pm$nan

Num exec: 0
Num abort: 0
Number of KFs: nan$\pm$nan
Number of MPs: nan$\pm$nan

Saving trajectory to f_dataset-MH04_stereo_imu.txt ...
There are 1 maps in the atlas
  Map 0 has 191 KFs

End of saving trajectory to f_dataset-MH04_stereo_imu.txt ...

Saving keyframe trajectory to kf_dataset-MH04_stereo_imu.txt ...
