num_seq = 1
file name: dataset-V202_stereo_imu
Loading images for sequence 0...LOADED!
Loading IMU for sequence 0...LOADED!

-------

ORB-SLAM3 Copyright (C) 2017-2020 Carlos Campos, Richard Elvira, Juan J. Gómez, José M.M. Montiel and Juan D. Tardós, University of Zaragoza.
ORB-SLAM2 Copyright (C) 2014-2016 Raúl Mur-Artal, José M.M. Montiel and Juan D. Tardós, University of Zaragoza.
This program comes with ABSOLUTELY NO WARRANTY;
This is free software, and you are welcome to redistribute it
under certain conditions. See LICENSE.txt.

Built with REGISTER_TIMES
Git Commit Hash: 33f00b6

Build Type: Release

Compiled with C++ version: 201703

Input sensor was set to: Stereo-Inertial
Loading settings from EuRoC_fov_deadlines_mask_8x8.yaml
	-Loaded camera 1
	-Loaded camera 2
	-Loaded image info
	-Loaded IMU calibration
	-Loaded ORB settings
	-Loaded viewer settings
	-Loaded Atlas settings
Deadlines enabled, will skip frames!
FOV enabled
Static mask size: 8x8
Dumping map points enabled
	-Loaded misc parameters
	-Computed rectification maps
----------------------------------
SLAM settings: 
	-Camera 1 parameters (Pinhole): [ 458.65399169921875 457.29598999023438 367.21499633789062 248.375 ]
	-Camera 1 distortion parameters: [  -0.28340810537338257 0.073959067463874817 0.00019359000725671649 1.7618711353861727e-05 ]
	-Camera 2 parameters (Pinhole: [ 457.58700561523438 456.13400268554688 379.99899291992188 255.23800659179688 ]
	-Camera 1 distortion parameters: [  -0.2836836576461792 0.074512839317321777 -0.00010473000293131918 -3.555907096597366e-05 ]
	-Original image size: [ 752 , 480 ]
	-Current image size: [ 752 , 480 ]
	-Camera 1 parameters after rectification: [  456.71499633789062 456.71499633789062 364.52615356445312 257.268798828125 ]
	-Sequence FPS: 20
	-Stereo baseline: 0.11007784307003021
	-Stereo depth threshold : 60
	-Gyro noise: 0.00016999999934341758
	-Accelerometer noise: 0.0020000000949949026
	-Gyro walk: 1.9392999092815444e-05
	-Accelerometer walk: 0.0030000000260770321
	-IMU frequency: 200
	-Features per image: 1200
	-ORB scale factor: 1.2000000476837158
	-ORB number of scales: 8
	-Initial FAST threshold: 20
	-Min FAST threshold: 7


Loading ORB Vocabulary. This could take a while...
Vocabulary loaded!

Initialization of Atlas from scratch 
Creation of new map with id: 0
Creation of new map with last KF id: 0
Seq. Name: 
There are 1 cameras in the atlas
Camera 0 is pinhole
SLAM Started at System Time: 1746951653.46074
not IMU meas
not IMU meas
not enough acceleration
not enough acceleration
not enough acceleration
not enough acceleration
not enough acceleration
not enough acceleration
not enough acceleration
not enough acceleration
not enough acceleration
not enough acceleration
not enough acceleration
not enough acceleration
not enough acceleration
not enough acceleration
not enough acceleration
not enough acceleration
not enough acceleration
not enough acceleration
not enough acceleration
not enough acceleration
not enough acceleration
not enough acceleration
not enough acceleration
not enough acceleration
not enough acceleration
not enough acceleration
not enough acceleration
not enough acceleration
not enough acceleration
not enough acceleration
not enough acceleration
not enough acceleration
not enough acceleration
not enough acceleration
not enough acceleration
not enough acceleration
not enough acceleration
not enough acceleration
not enough acceleration
not enough acceleration
not enough acceleration
not enough acceleration
not enough acceleration
not enough acceleration
not enough acceleration
not enough acceleration
not enough acceleration
not enough acceleration
not enough acceleration
not enough acceleration
not enough acceleration
not enough acceleration
not enough acceleration
not enough acceleration
not enough acceleration
not enough acceleration
not enough acceleration
not enough acceleration
not enough acceleration
not enough acceleration
not enough acceleration
not enough acceleration
not enough acceleration
not enough acceleration
not enough acceleration
not enough acceleration
not enough acceleration
not enough acceleration
not enough acceleration
not enough acceleration
First KF:0; Map init KF:0
New Map created with 440 points
Active map: 0
Dropping frame 1413393889.7057605
Dropping frame 1413393890.0557604
Dropping frame 1413393890.3557603
Dropping frame 1413393890.5057604
Dropping frame 1413393890.6057606
Dropping frame 1413393890.8557603
Dropping frame 1413393890.9557605
Dropping frame 1413393891.1557603
Dropping frame 1413393891.3557603
Dropping frame 1413393891.4557605
Dropping frame 1413393891.5557604
Dropping frame 1413393891.6557603
Dropping frame 1413393891.8557603
Dropping frame 1413393892.0557604
Dropping frame 1413393892.1557603
Dropping frame 1413393892.2557604
Dropping frame 1413393892.4557605
Dropping frame 1413393892.5557604
Dropping frame 1413393892.6557603
Dropping frame 1413393893.0057604
Dropping frame 1413393893.3557603
Dropping frame 1413393893.4557605
Dropping frame 1413393893.5557604
Dropping frame 1413393893.7557604
Dropping frame 1413393893.9057605
Dropping frame 1413393894.1057606
Dropping frame 1413393894.3057606
Dropping frame 1413393894.5057604
Dropping frame 1413393894.6557603
Dropping frame 1413393894.8557603
start VIBA 1
Dropping frame 1413393895.0557604
end VIBA 1
Dropping frame 1413393895.2557604
Dropping frame 1413393895.3557603
Dropping frame 1413393895.4557605
Dropping frame 1413393895.6557603
Dropping frame 1413393896.0057604
Dropping frame 1413393896.3057606
Dropping frame 1413393896.5057604
Dropping frame 1413393896.7057605
Dropping frame 1413393896.8057606
Dropping frame 1413393896.9057605
Dropping frame 1413393897.1057606
Dropping frame 1413393897.2057605
Dropping frame 1413393897.4057605
Dropping frame 1413393897.5057604
Dropping frame 1413393897.7557604
Dropping frame 1413393897.8557603
Dropping frame 1413393898.1057606
Dropping frame 1413393898.2057605
Dropping frame 1413393898.4557605
Dropping frame 1413393898.5557604
Dropping frame 1413393898.7557604
Dropping frame 1413393898.9057605
Dropping frame 1413393899.1057606
Dropping frame 1413393899.2057605
Dropping frame 1413393899.4557605
Dropping frame 1413393899.7557604
Dropping frame 1413393900.1057606
Dropping frame 1413393900.2057605
Dropping frame 1413393900.4557605
Dropping frame 1413393900.5557604
Dropping frame 1413393901.3057606
Dropping frame 1413393901.6057606
Dropping frame 1413393901.7057605
Dropping frame 1413393901.9557605
Dropping frame 1413393902.1557603
Dropping frame 1413393902.3557603
Dropping frame 1413393902.6557603
Dropping frame 1413393903.1057606
Dropping frame 1413393903.3057606
Dropping frame 1413393903.4057605
Dropping frame 1413393903.7057605
Dropping frame 1413393903.9557605
Dropping frame 1413393904.2557604
Dropping frame 1413393904.4557605
Dropping frame 1413393904.5557604
Dropping frame 1413393904.8557603
start VIBA 2
Dropping frame 1413393905.1557603
end VIBA 2
Dropping frame 1413393905.3557603
Dropping frame 1413393905.4557605
Dropping frame 1413393905.6557603
Dropping frame 1413393905.7557604
Dropping frame 1413393906.0057604
Dropping frame 1413393906.8557603
Dropping frame 1413393907.1557603
Dropping frame 1413393907.3557603
Dropping frame 1413393907.5557604
Dropping frame 1413393907.6557603
Dropping frame 1413393907.7557604
Dropping frame 1413393908.0057604
Dropping frame 1413393908.2057605
Dropping frame 1413393909.0557604
Dropping frame 1413393909.1557603
Dropping frame 1413393909.8057606
Dropping frame 1413393910.0057604
Dropping frame 1413393910.3057606
Dropping frame 1413393910.4057605
Dropping frame 1413393910.6557603
Dropping frame 1413393910.7557604
Dropping frame 1413393910.8557603
Dropping frame 1413393911.0057604
Dropping frame 1413393911.2057605
Dropping frame 1413393911.3057606
Dropping frame 1413393911.4057605
Dropping frame 1413393911.5057604
Dropping frame 1413393911.7057605
Dropping frame 1413393911.9557605
Dropping frame 1413393912.0557604
Dropping frame 1413393912.1557603
Dropping frame 1413393912.3557603
Dropping frame 1413393912.5557604
Dropping frame 1413393912.6557603
Dropping frame 1413393912.8557603
Dropping frame 1413393913.0557604
Dropping frame 1413393913.1557603
Dropping frame 1413393913.2557604
Dropping frame 1413393913.3557603
Dropping frame 1413393913.5557604
Dropping frame 1413393913.6557603
Dropping frame 1413393914.0057604
Dropping frame 1413393914.1057606
Dropping frame 1413393914.2057605
Dropping frame 1413393914.5557604
Dropping frame 1413393914.6557603
Dropping frame 1413393914.7557604
Dropping frame 1413393914.8557603
Dropping frame 1413393915.1057606
Dropping frame 1413393915.9057605
Dropping frame 1413393916.3557603
Dropping frame 1413393916.4557605
Dropping frame 1413393916.7557604
Dropping frame 1413393916.8557603
Dropping frame 1413393917.1057606
Dropping frame 1413393917.6557603
Dropping frame 1413393917.8557603
Dropping frame 1413393918.0557604
Dropping frame 1413393918.1557603
Dropping frame 1413393918.3557603
*Loop detected
phi =  0.011432780921623316 -0.011257850842241767  0.014548754877829544
BAD LOOP!!!
Dropping frame 1413393918.4557605
Dropping frame 1413393918.5557604
Dropping frame 1413393918.7557604
Dropping frame 1413393918.8557603
Dropping frame 1413393919.1057606
Dropping frame 1413393919.3057606
Dropping frame 1413393919.5057604
Dropping frame 1413393919.6057606
Dropping frame 1413393919.9057605
Dropping frame 1413393920.0057604
Dropping frame 1413393920.2557604
Dropping frame 1413393920.3557603
Dropping frame 1413393920.4557605
Dropping frame 1413393921.1557603
Dropping frame 1413393921.3557603
Dropping frame 1413393921.5557604
Dropping frame 1413393921.6557603
Dropping frame 1413393921.9557605
Dropping frame 1413393922.1557603
Dropping frame 1413393922.4557605
Dropping frame 1413393922.8057606
Dropping frame 1413393922.9057605
Dropping frame 1413393923.2057605
Dropping frame 1413393923.4057605
Dropping frame 1413393923.6057606
Dropping frame 1413393923.8057606
Dropping frame 1413393924.0057604
Dropping frame 1413393924.2057605
Dropping frame 1413393924.3057606
Dropping frame 1413393924.5057604
Dropping frame 1413393924.6057606
Dropping frame 1413393924.8557603
Dropping frame 1413393925.0557604
Dropping frame 1413393925.2557604
Dropping frame 1413393925.4557605
Dropping frame 1413393925.5557604
Dropping frame 1413393925.8057606
Dropping frame 1413393926.0057604
Dropping frame 1413393926.3557603
Dropping frame 1413393926.5557604
Dropping frame 1413393926.6557603
Dropping frame 1413393926.9557605
Dropping frame 1413393927.3557603
Dropping frame 1413393927.6557603
Dropping frame 1413393927.7557604
Dropping frame 1413393928.0057604
Dropping frame 1413393928.3557603
Dropping frame 1413393928.5557604
Dropping frame 1413393929.0057604
Dropping frame 1413393929.3057606
Dropping frame 1413393929.8057606
Dropping frame 1413393929.9057605
Dropping frame 1413393930.1557603
*Loop detected
phi = 0.023539151798544725 0.069675469584953131 0.076490908701986035
BAD LOOP!!!
Dropping frame 1413393930.6557603
*Loop detected
phi = -5.2756123213820353e-05     0.09544272331607459    0.060210011062763601
BAD LOOP!!!
*Loop detected
phi = -0.0062508918000271181   0.037599924941985441  0.0062827460655077178
BAD LOOP!!!
Dropping frame 1413393930.8557603
Dropping frame 1413393931.2057605
Dropping frame 1413393931.3557603
*Loop detected
phi = -0.010647739958680257   0.07691339212837231   0.17814865303246483
BAD LOOP!!!
Dropping frame 1413393931.5557604
Dropping frame 1413393931.8057606
Dropping frame 1413393932.3557603
Dropping frame 1413393932.6557603
Dropping frame 1413393933.0557604
Dropping frame 1413393933.4057605
Dropping frame 1413393933.6057606
Dropping frame 1413393933.8057606
Dropping frame 1413393934.0057604
Dropping frame 1413393934.2057605
Dropping frame 1413393934.5057604
Dropping frame 1413393934.8557603
Dropping frame 1413393935.0557604
Dropping frame 1413393935.3557603
Dropping frame 1413393935.5557604
Dropping frame 1413393935.8557603
Dropping frame 1413393936.2057605
Dropping frame 1413393936.3057606
Dropping frame 1413393936.7057605
Dropping frame 1413393936.9057605
Dropping frame 1413393937.2057605
Dropping frame 1413393938.3057606
Dropping frame 1413393938.4057605
Dropping frame 1413393938.5057604
Dropping frame 1413393938.7557604
Dropping frame 1413393938.9557605
Dropping frame 1413393939.1557603
Dropping frame 1413393939.4057605
Dropping frame 1413393939.7057605
Dropping frame 1413393940.0557604
Dropping frame 1413393940.1557603
Dropping frame 1413393940.4057605
Dropping frame 1413393940.5557604
Dropping frame 1413393940.7557604
Dropping frame 1413393940.9557605
Dropping frame 1413393941.0557604
Dropping frame 1413393941.4057605
Dropping frame 1413393941.5057604
Dropping frame 1413393941.7557604
Dropping frame 1413393942.0057604
Dropping frame 1413393942.3557603
Dropping frame 1413393942.6557603
Dropping frame 1413393942.9057605
Dropping frame 1413393943.3057606
Dropping frame 1413393943.4057605
Dropping frame 1413393943.6057606
Dropping frame 1413393943.9057605
Dropping frame 1413393944.2057605
Dropping frame 1413393944.5057604
Dropping frame 1413393944.8057606
Dropping frame 1413393945.0557604
Dropping frame 1413393945.3057606
Dropping frame 1413393945.5057604
Dropping frame 1413393945.8557603
Dropping frame 1413393946.1557603
*Loop detected
phi = -0.0051155651284304736   -0.01398823254143422  -0.014349056990176509
BAD LOOP!!!
Dropping frame 1413393946.4557605
Dropping frame 1413393946.7557604
*Loop detected
phi =  0.01184369463666249 -0.00329095635675205 0.027257573475795556
BAD LOOP!!!
*Loop detected
phi =   0.010530954218998256 -0.0086308052627549377 -0.0026687129105183176
BAD LOOP!!!
*Loop detected
phi = 0.0022836899816629443 0.0045669882171056417   0.02866118104580009
Local Mapping STOP
Local Mapping RELEASE
Dropping frame 1413393948.3057606
Local Mapping STOP
Local Mapping RELEASE
Dropping frame 1413393948.7057605
Dropping frame 1413393948.8557603
Dropping frame 1413393949.1057606
Dropping frame 1413393949.3057606
Dropping frame 1413393949.4557605
Dropping frame 1413393952.4057605
Dropping frame 1413393952.7557604
Dropping frame 1413393952.8557603
Dropping frame 1413393953.0557604
Dropping frame 1413393953.4557605
Dropping frame 1413393953.5557604
Dropping frame 1413393953.8057606
Dropping frame 1413393955.9557605
Dropping frame 1413393956.5057604
Dropping frame 1413393956.7557604
Dropping frame 1413393956.9557605
Dropping frame 1413393957.0557604
Dropping frame 1413393957.1557603
Dropping frame 1413393957.3557603
Dropping frame 1413393957.5057604
Dropping frame 1413393957.7057605
Dropping frame 1413393957.8557603
Dropping frame 1413393958.0557604
Dropping frame 1413393958.2057605
Dropping frame 1413393958.4057605
Dropping frame 1413393958.5557604
Dropping frame 1413393958.8557603
Dropping frame 1413393958.9557605
Dropping frame 1413393959.1557603
Dropping frame 1413393959.2557604
Dropping frame 1413393959.4557605
Dropping frame 1413393959.5557604
Dropping frame 1413393959.8057606
Dropping frame 1413393959.9057605
Dropping frame 1413393960.1057606
Dropping frame 1413393960.3057606
Dropping frame 1413393960.4057605
Dropping frame 1413393960.5057604
Dropping frame 1413393960.7057605
Dropping frame 1413393960.8057606
Dropping frame 1413393960.9057605
Dropping frame 1413393961.0557604
Dropping frame 1413393961.2557604
Dropping frame 1413393961.4057605
Dropping frame 1413393961.7557604
Dropping frame 1413393961.9557605
Dropping frame 1413393962.1057606
Dropping frame 1413393962.6057606
Dropping frame 1413393963.1557603
Dropping frame 1413393963.4557605
Dropping frame 1413393963.7057605
Dropping frame 1413393963.9057605
Dropping frame 1413393964.6557603
Dropping frame 1413393965.4057605
Dropping frame 1413393965.5057604
Dropping frame 1413393965.6057606
Dropping frame 1413393965.8057606
Dropping frame 1413393965.9557605
Dropping frame 1413393966.2057605
Dropping frame 1413393966.3557603
Dropping frame 1413393966.6557603
Dropping frame 1413393967.2557604
Dropping frame 1413393967.3557603
Dropping frame 1413393967.6557603
Dropping frame 1413393968.0057604
Dropping frame 1413393968.4557605
Dropping frame 1413393968.6557603
Dropping frame 1413393968.7557604
Dropping frame 1413393968.9557605
Dropping frame 1413393969.2057605
Dropping frame 1413393969.4057605
Dropping frame 1413393969.5057604
Dropping frame 1413393969.6057606
Dropping frame 1413393969.8557603
Dropping frame 1413393970.2057605
Dropping frame 1413393970.3057606
Dropping frame 1413393970.5557604
Dropping frame 1413393970.8557603
Dropping frame 1413393971.1557603
Dropping frame 1413393971.5057604
Dropping frame 1413393971.6057606
Dropping frame 1413393971.8557603
Dropping frame 1413393971.9557605
Dropping frame 1413393972.1557603
Dropping frame 1413393972.3557603
Dropping frame 1413393972.4557605
Dropping frame 1413393972.7057605
Dropping frame 1413393972.8057606
Dropping frame 1413393973.1557603
Dropping frame 1413393973.5557604
Dropping frame 1413393974.3057606
Dropping frame 1413393974.4057605
Dropping frame 1413393974.5057604
Dropping frame 1413393975.1557603
Dropping frame 1413393975.6057606
Dropping frame 1413393975.9557605
Dropping frame 1413393976.3057606
Dropping frame 1413393976.6057606
Dropping frame 1413393976.7057605
Dropping frame 1413393977.0557604
Dropping frame 1413393977.3557603
Dropping frame 1413393978.7557604
Dropping frame 1413393978.8557603
Dropping frame 1413393979.1057606
Dropping frame 1413393979.2057605
Dropping frame 1413393979.4057605
Dropping frame 1413393979.5057604
Dropping frame 1413393979.7557604
Dropping frame 1413393979.9057605
Dropping frame 1413393980.1057606
Dropping frame 1413393980.2057605
Dropping frame 1413393980.4557605
Dropping frame 1413393980.5557604
Dropping frame 1413393981.0557604
Dropping frame 1413393981.1557603
Dropping frame 1413393981.2557604
Dropping frame 1413393981.3557603
Dropping frame 1413393981.6057606
Dropping frame 1413393981.7057605
Dropping frame 1413393981.8557603
Dropping frame 1413393981.9557605
Dropping frame 1413393982.0557604
Dropping frame 1413393982.3057606
Dropping frame 1413393982.4057605
Dropping frame 1413393982.7557604
Dropping frame 1413393983.1557603
Dropping frame 1413393983.2557604
Dropping frame 1413393983.6057606
Dropping frame 1413393983.7057605
Dropping frame 1413393983.8057606
Dropping frame 1413393984.2557604
Dropping frame 1413393984.3557603
Dropping frame 1413393984.7057605
Dropping frame 1413393984.8057606
Dropping frame 1413393985.0557604
Dropping frame 1413393985.2557604
Dropping frame 1413393985.4557605
Dropping frame 1413393985.5557604
Dropping frame 1413393985.8057606
Dropping frame 1413393985.9057605
Dropping frame 1413393986.0557604
Dropping frame 1413393986.2057605
Dropping frame 1413393986.4557605
Dropping frame 1413393986.6557603
Dropping frame 1413393986.7557604
Dropping frame 1413393987.0557604
Dropping frame 1413393987.1557603
Dropping frame 1413393987.2557604
Dropping frame 1413393987.3557603
Dropping frame 1413393987.4557605
Dropping frame 1413393987.5557604
Dropping frame 1413393987.6557603
Dropping frame 1413393987.7557604
Dropping frame 1413393987.8557603
Dropping frame 1413393988.1557603
Dropping frame 1413393988.3557603
Dropping frame 1413393988.5057604
Dropping frame 1413393988.7057605
Dropping frame 1413393988.9057605
Dropping frame 1413393989.0057604
Dropping frame 1413393989.3057606
Dropping frame 1413393989.6557603
Dropping frame 1413393989.9057605
Dropping frame 1413393990.1557603
Dropping frame 1413393990.2557604
Dropping frame 1413393990.3557603
Dropping frame 1413393990.4557605
Dropping frame 1413393990.7057605
Dropping frame 1413393990.8057606
Dropping frame 1413393991.0557604
Dropping frame 1413393991.1557603
Dropping frame 1413393991.4557605
Dropping frame 1413393991.5557604
Dropping frame 1413393991.6557603
Dropping frame 1413393991.8557603
Dropping frame 1413393992.0557604
Dropping frame 1413393992.2557604
Dropping frame 1413393992.3557603
Dropping frame 1413393992.4557605
Dropping frame 1413393992.6557603
Dropping frame 1413393992.9057605
Dropping frame 1413393993.0057604
Dropping frame 1413393993.1057606
Dropping frame 1413393993.5057604
Dropping frame 1413393993.6057606
Dropping frame 1413393993.8557603
Dropping frame 1413393994.1057606
Dropping frame 1413393994.4057605
Dropping frame 1413393994.6557603
Dropping frame 1413393994.7557604
Dropping frame 1413393994.9557605
Dropping frame 1413393995.1557603
Dropping frame 1413393995.3557603
Dropping frame 1413393995.8057606
Dropping frame 1413393995.9057605
Dropping frame 1413393996.1557603
Dropping frame 1413393996.3557603
Dropping frame 1413393996.8557603
Dropping frame 1413393996.9557605
Dropping frame 1413393997.0557604
Dropping frame 1413393997.2557604
Dropping frame 1413393997.3557603
Dropping frame 1413393997.4557605
Dropping frame 1413393997.6557603
Dropping frame 1413393997.8557603
Dropping frame 1413393998.0557604
Dropping frame 1413393998.1557603
Dropping frame 1413393998.4057605
Dropping frame 1413393998.6057606
Dropping frame 1413393998.8057606
Dropping frame 1413393999.0557604
Dropping frame 1413393999.1557603
Dropping frame 1413393999.2557604
Dropping frame 1413393999.4557605
Dropping frame 1413393999.5557604
Dropping frame 1413393999.7557604
Dropping frame 1413393999.8557603
Dropping frame 1413394000.2557604
Dropping frame 1413394000.3557603
Dropping frame 1413394000.4557605
Dropping frame 1413394000.6557603
Dropping frame 1413394000.7557604
Dropping frame 1413394000.9557605
Dropping frame 1413394001.0557604
Dropping frame 1413394001.1557603
Dropping frame 1413394001.3557603
Dropping frame 1413394001.7057605
Dropping frame 1413394001.9057605
Dropping frame 1413394002.0057604
Dropping frame 1413394002.1057606
Dropping frame 1413394002.3057606
Dropping frame 1413394002.5557604
Dropping frame 1413394002.7057605
Dropping frame 1413394003.0557604
Dropping frame 1413394003.1557603
Shutdown
SLAM Finished at System Time: 1746951791.63614

 TIME STATS in ms (mean$\pm$std)
OpenCV version: 4.8.1
---------------------------
Tracking

ORB Extraction: 15.997$\pm$1.8459
Stereo Matching: 8.1268$\pm$2.2223
IMU Preintegration: 0.24475$\pm$0.10704
Pose Prediction: 0.32079$\pm$1.3829
LM Track: 19.218$\pm$4.6179
New KF decision: 1.9945$\pm$3.4716
Total Tracking: 32.898$\pm$24.719



Local Mapping

KF Insertion: 13.196$\pm$3.9596
MP Culling: 0.76497$\pm$0.27845
MP Creation: 45.19$\pm$15.936
LBA: 143.06$\pm$41.933
KF Culling: 16.4$\pm$11.138
Total Local Mapping: 218.68$\pm$65.353
---------------------------

LBA complexity (mean$\pm$std)
LBA Edges: 3539.2$\pm$1049.2
LBA KF optimized: 6.5$\pm$2.2913
LBA KF fixed: 1$\pm$0
LBA MP: nan$\pm$nan

LBA executions: 424
LBA aborts: 1
---------------------------

Map complexity
KFs in map: 158
MPs in map: 11907
---------------------------

Place Recognition (mean$\pm$std)
Database Query: 1.6706$\pm$0.82777
SE3 estimation: 17.636$\pm$14
Total Place Recognition: 16.563$\pm$14.987


Loop Closing (mean$\pm$std)
Loop Fusion: 117.39$\pm$0
Essential Graph: 85.265$\pm$0
Total Loop Closing: 216.17$\pm$0

Num exec: 1
Number of KFs: nan$\pm$nan

Map Merging (mean$\pm$std)
Merge Maps: nan$\pm$nan
Welding BA: nan$\pm$nan
Optimization Ess.: nan$\pm$nan
Total Map Merging: nan$\pm$nan

Num exec: 0
Number of KFs: nan$\pm$nan
Number of MPs: nan$\pm$nan

Full GBA (mean$\pm$std)
GBA: 870.62$\pm$0
Map Update: 83.17$\pm$0
Total Full GBA: 953.79$\pm$0

Num exec: 1
Num abort: 0
Number of KFs: 137$\pm$0
Number of MPs: 11449$\pm$0

Saving trajectory to f_dataset-V202_stereo_imu.txt ...
There are 1 maps in the atlas
  Map 0 has 158 KFs

End of saving trajectory to f_dataset-V202_stereo_imu.txt ...

Saving keyframe trajectory to kf_dataset-V202_stereo_imu.txt ...
