num_seq = 1
file name: dataset-V103_stereo_imu
Loading images for sequence 0...LOADED!
Loading IMU for sequence 0...LOADED!

-------

ORB-SLAM3 Copyright (C) 2017-2020 Carlos Campos, Richard Elvira, Juan J. Gómez, José M.M. Montiel and Juan D. Tardós, University of Zaragoza.
ORB-SLAM2 Copyright (C) 2014-2016 Raúl Mur-Artal, José M.M. Montiel and Juan D. Tardós, University of Zaragoza.
This program comes with ABSOLUTELY NO WARRANTY;
This is free software, and you are welcome to redistribute it
under certain conditions. See LICENSE.txt.

Built with REGISTER_TIMES
Git Commit Hash: c2409e6

Build Type: Release

Compiled with C++ version: 201703

Input sensor was set to: Stereo-Inertial
Loading settings from ./Examples/Stereo-Inertial/EuRoC_omega_deadlines.yaml
	-Loaded camera 1
	-Loaded camera 2
	-Loaded image info
	-Loaded IMU calibration
	-Loaded ORB settings
	-Loaded viewer settings
	-Loaded Atlas settings
Deadlines enabled, will skip frames!
omegaSLAM enabled!
	-Loaded misc parameters
	-Computed rectification maps
----------------------------------
SLAM settings: 
	-Camera 1 parameters (Pinhole): [ 458.65399169921875 457.29598999023438 367.21499633789062 248.375 ]
	-Camera 1 distortion parameters: [  -0.28340810537338257 0.073959067463874817 0.00019359000725671649 1.7618711353861727e-05 ]
	-Camera 2 parameters (Pinhole: [ 457.58700561523438 456.13400268554688 379.99899291992188 255.23800659179688 ]
	-Camera 1 distortion parameters: [  -0.2836836576461792 0.074512839317321777 -0.00010473000293131918 -3.555907096597366e-05 ]
	-Original image size: [ 752 , 480 ]
	-Current image size: [ 752 , 480 ]
	-Camera 1 parameters after rectification: [  456.71499633789062 456.71499633789062 364.52615356445312 257.268798828125 ]
	-Sequence FPS: 20
	-Stereo baseline: 0.11007784307003021
	-Stereo depth threshold : 60
	-Gyro noise: 0.00016999999934341758
	-Accelerometer noise: 0.0020000000949949026
	-Gyro walk: 1.9392999092815444e-05
	-Accelerometer walk: 0.0030000000260770321
	-IMU frequency: 200
	-Features per image: 1200
	-ORB scale factor: 1.2000000476837158
	-ORB number of scales: 8
	-Initial FAST threshold: 20
	-Min FAST threshold: 7


Loading ORB Vocabulary. This could take a while...
Vocabulary loaded!

Initialization of Atlas from scratch 
Creation of new map with id: 0
Creation of new map with last KF id: 0
Seq. Name: 
There are 1 cameras in the atlas
Camera 0 is pinhole
SLAM Started at System Time: 1748962566.41051
not IMU meas
not IMU meas
not enough acceleration
not enough acceleration
not enough acceleration
not enough acceleration
not enough acceleration
not enough acceleration
not enough acceleration
not enough acceleration
not enough acceleration
not enough acceleration
not enough acceleration
not enough acceleration
not enough acceleration
not enough acceleration
not enough acceleration
not enough acceleration
not enough acceleration
not enough acceleration
not enough acceleration
not enough acceleration
not enough acceleration
not enough acceleration
not enough acceleration
not enough acceleration
not enough acceleration
not enough acceleration
not enough acceleration
not enough acceleration
not enough acceleration
not enough acceleration
not enough acceleration
not enough acceleration
not enough acceleration
not enough acceleration
not enough acceleration
not enough acceleration
not enough acceleration
not enough acceleration
not enough acceleration
not enough acceleration
not enough acceleration
not enough acceleration
not enough acceleration
not enough acceleration
not enough acceleration
not enough acceleration
not enough acceleration
not enough acceleration
not enough acceleration
not enough acceleration
not enough acceleration
not enough acceleration
not enough acceleration
not enough acceleration
not enough acceleration
not enough acceleration
not enough acceleration
not enough acceleration
not enough acceleration
not enough acceleration
not enough acceleration
not enough acceleration
not enough acceleration
not enough acceleration
not enough acceleration
not enough acceleration
not enough acceleration
not enough acceleration
not enough acceleration
not enough acceleration
not enough acceleration
not enough acceleration
not enough acceleration
not enough acceleration
not enough acceleration
not enough acceleration
not enough acceleration
not enough acceleration
not enough acceleration
not enough acceleration
not enough acceleration
not enough acceleration
not enough acceleration
not enough acceleration
not enough acceleration
not enough acceleration
not enough acceleration
not enough acceleration
not enough acceleration
not enough acceleration
not enough acceleration
not enough acceleration
not enough acceleration
not enough acceleration
not enough acceleration
not enough acceleration
not enough acceleration
not enough acceleration
not enough acceleration
not enough acceleration
not enough acceleration
not enough acceleration
not enough acceleration
not enough acceleration
not enough acceleration
not enough acceleration
not enough acceleration
not enough acceleration
not enough acceleration
not enough acceleration
not enough acceleration
not enough acceleration
not enough acceleration
not enough acceleration
not enough acceleration
not enough acceleration
not enough acceleration
not enough acceleration
not enough acceleration
not enough acceleration
not enough acceleration
not enough acceleration
not enough acceleration
not enough acceleration
not enough acceleration
not enough acceleration
not enough acceleration
not enough acceleration
not enough acceleration
not enough acceleration
not enough acceleration
not enough acceleration
not enough acceleration
not enough acceleration
First KF:0; Map init KF:0
New Map created with 202 points
Active map: 0
Dropping frame 1403715893.4840581
Omega SLAM Dropping frame 1403715893.5340581
Omega SLAM Dropping frame 1403715893.584058
Omega SLAM Dropping frame 1403715893.634058
Omega SLAM Dropping frame 1403715893.7840581
Omega SLAM Dropping frame 1403715893.834058
Omega SLAM Dropping frame 1403715893.884058
Dropping frame 1403715894.1840582
Omega SLAM Dropping frame 1403715894.2340579
Omega SLAM Dropping frame 1403715894.2840581
Omega SLAM Dropping frame 1403715894.334058
Omega SLAM Dropping frame 1403715894.4840581
Omega SLAM Dropping frame 1403715894.5340581
Omega SLAM Dropping frame 1403715894.584058
Dropping frame 1403715894.7340579
Omega SLAM Dropping frame 1403715894.7840581
Omega SLAM Dropping frame 1403715894.834058
Omega SLAM Dropping frame 1403715894.884058
Dropping frame 1403715895.0340581
Omega SLAM Dropping frame 1403715895.084058
Omega SLAM Dropping frame 1403715895.134058
Omega SLAM Dropping frame 1403715895.1840582
Omega SLAM Dropping frame 1403715895.334058
Omega SLAM Dropping frame 1403715895.384058
Omega SLAM Dropping frame 1403715895.434058
Omega SLAM Dropping frame 1403715895.5340581
Omega SLAM Dropping frame 1403715895.584058
Omega SLAM Dropping frame 1403715895.634058
Omega SLAM Dropping frame 1403715895.7840581
Omega SLAM Dropping frame 1403715895.834058
Omega SLAM Dropping frame 1403715895.884058
Omega SLAM Dropping frame 1403715895.9840581
Omega SLAM Dropping frame 1403715896.0340581
Omega SLAM Dropping frame 1403715896.084058
Dropping frame 1403715896.2340579
Dropping frame 1403715896.334058
Dropping frame 1403715896.584058
Dropping frame 1403715896.6840582
Omega SLAM Dropping frame 1403715896.834058
Omega SLAM Dropping frame 1403715896.884058
Omega SLAM Dropping frame 1403715896.934058
Dropping frame 1403715897.1840582
Dropping frame 1403715897.2840581
Dropping frame 1403715897.634058
Omega SLAM Dropping frame 1403715897.6840582
Omega SLAM Dropping frame 1403715897.7340579
Omega SLAM Dropping frame 1403715897.7840581
Dropping frame 1403715897.884058
Omega SLAM Dropping frame 1403715898.0340581
Omega SLAM Dropping frame 1403715898.084058
Omega SLAM Dropping frame 1403715898.134058
Dropping frame 1403715898.2840581
Dropping frame 1403715898.5340581
Dropping frame 1403715898.634058
start VIBA 1
end VIBA 1
Omega SLAM Dropping frame 1403715898.834058
Omega SLAM Dropping frame 1403715898.884058
Omega SLAM Dropping frame 1403715898.934058
Dropping frame 1403715899.0340581
Dropping frame 1403715899.2840581
Dropping frame 1403715899.384058
Omega SLAM Dropping frame 1403715899.5340581
Omega SLAM Dropping frame 1403715899.584058
Omega SLAM Dropping frame 1403715899.634058
Omega SLAM Dropping frame 1403715899.7840581
Omega SLAM Dropping frame 1403715899.834058
Omega SLAM Dropping frame 1403715899.884058
Dropping frame 1403715900.084058
Omega SLAM Dropping frame 1403715900.2340579
Omega SLAM Dropping frame 1403715900.2840581
Omega SLAM Dropping frame 1403715900.334058
Omega SLAM Dropping frame 1403715900.4840581
Omega SLAM Dropping frame 1403715900.5340581
Omega SLAM Dropping frame 1403715900.584058
Dropping frame 1403715900.6840582
Dropping frame 1403715900.884058
Dropping frame 1403715900.9840581
Dropping frame 1403715901.2340579
Dropping frame 1403715901.334058
Dropping frame 1403715901.434058
Dropping frame 1403715901.5340581
Omega SLAM Dropping frame 1403715901.6840582
Omega SLAM Dropping frame 1403715901.7340579
Omega SLAM Dropping frame 1403715901.7840581
Dropping frame 1403715901.884058
Omega SLAM Dropping frame 1403715902.0340581
Omega SLAM Dropping frame 1403715902.084058
Omega SLAM Dropping frame 1403715902.134058
Dropping frame 1403715902.2340579
Dropping frame 1403715902.334058
Omega SLAM Dropping frame 1403715902.4840581
Omega SLAM Dropping frame 1403715902.5340581
Omega SLAM Dropping frame 1403715902.584058
Dropping frame 1403715902.6840582
Dropping frame 1403715903.084058
Dropping frame 1403715903.2840581
Dropping frame 1403715903.384058
Dropping frame 1403715903.634058
Dropping frame 1403715903.7340579
Dropping frame 1403715903.934058
Dropping frame 1403715904.0340581
Dropping frame 1403715904.5340581
Dropping frame 1403715904.834058
Dropping frame 1403715905.0340581
Dropping frame 1403715905.134058
Dropping frame 1403715905.2340579
Dropping frame 1403715905.4840581
Dropping frame 1403715905.6840582
Dropping frame 1403715905.9840581
Dropping frame 1403715906.084058
Dropping frame 1403715906.334058
Dropping frame 1403715906.434058
Dropping frame 1403715906.5340581
Dropping frame 1403715906.7340579
Dropping frame 1403715907.0340581
Dropping frame 1403715907.134058
Dropping frame 1403715907.384058
Dropping frame 1403715907.584058
Dropping frame 1403715907.884058
start VIBA 2
Dropping frame 1403715908.834058
end VIBA 2
Dropping frame 1403715909.134058
Dropping frame 1403715909.334058
Dropping frame 1403715910.834058
Dropping frame 1403715911.084058
Dropping frame 1403715911.2840581
Fail to track local map!
Dropping frame 1403715911.434058
Fail to track local map!
Dropping frame 1403715911.5340581
Fail to track local map!
Fail to track local map!
Dropping frame 1403715911.7340579
Dropping frame 1403715911.934058
Dropping frame 1403715912.0340581
Dropping frame 1403715912.134058
Dropping frame 1403715912.334058
Dropping frame 1403715912.5340581
Dropping frame 1403715912.634058
Dropping frame 1403715912.7340579
Dropping frame 1403715912.884058
Dropping frame 1403715912.9840581
Omega SLAM Dropping frame 1403715913.7840581
Omega SLAM Dropping frame 1403715913.834058
Omega SLAM Dropping frame 1403715913.884058
Dropping frame 1403715914.084058
Omega SLAM Dropping frame 1403715914.134058
Omega SLAM Dropping frame 1403715914.1840582
Omega SLAM Dropping frame 1403715914.2340579
Dropping frame 1403715914.434058
Dropping frame 1403715914.634058
Dropping frame 1403715914.7840581
Dropping frame 1403715915.0340581
Dropping frame 1403715915.134058
Dropping frame 1403715915.2340579
Dropping frame 1403715915.7840581
Omega SLAM Dropping frame 1403715915.834058
Omega SLAM Dropping frame 1403715915.884058
Omega SLAM Dropping frame 1403715915.934058
Omega SLAM Dropping frame 1403715916.084058
Omega SLAM Dropping frame 1403715916.134058
Omega SLAM Dropping frame 1403715916.1840582
Dropping frame 1403715916.2840581
Dropping frame 1403715916.384058
Dropping frame 1403715916.6840582
Dropping frame 1403715916.884058
Dropping frame 1403715917.084058
Dropping frame 1403715917.1840582
Dropping frame 1403715917.634058
Dropping frame 1403715917.834058
Omega SLAM Dropping frame 1403715917.9840581
Omega SLAM Dropping frame 1403715918.0340581
Omega SLAM Dropping frame 1403715918.084058
Dropping frame 1403715918.1840582
Dropping frame 1403715918.5340581
Dropping frame 1403715918.634058
Dropping frame 1403715918.884058
Dropping frame 1403715918.9840581
Dropping frame 1403715919.334058
Dropping frame 1403715919.434058
Dropping frame 1403715919.6840582
Omega SLAM Dropping frame 1403715919.7840581
Omega SLAM Dropping frame 1403715919.834058
Omega SLAM Dropping frame 1403715919.884058
Dropping frame 1403715919.9840581
Omega SLAM Dropping frame 1403715920.134058
Omega SLAM Dropping frame 1403715920.1840582
Omega SLAM Dropping frame 1403715920.2340579
Omega SLAM Dropping frame 1403715920.6840582
Omega SLAM Dropping frame 1403715920.7340579
Omega SLAM Dropping frame 1403715920.7840581
Dropping frame 1403715921.434058
Omega SLAM Dropping frame 1403715921.584058
Omega SLAM Dropping frame 1403715921.634058
Omega SLAM Dropping frame 1403715921.6840582
Dropping frame 1403715921.7840581
Omega SLAM Dropping frame 1403715921.834058
Omega SLAM Dropping frame 1403715921.884058
Omega SLAM Dropping frame 1403715921.934058
Dropping frame 1403715922.0340581
Dropping frame 1403715922.134058
Omega SLAM Dropping frame 1403715922.1840582
Omega SLAM Dropping frame 1403715922.2340579
Omega SLAM Dropping frame 1403715922.2840581
Omega SLAM Dropping frame 1403715922.434058
Omega SLAM Dropping frame 1403715922.4840581
Omega SLAM Dropping frame 1403715922.5340581
Omega SLAM Dropping frame 1403715922.634058
Omega SLAM Dropping frame 1403715922.6840582
Omega SLAM Dropping frame 1403715922.7340579
Omega SLAM Dropping frame 1403715922.834058
Omega SLAM Dropping frame 1403715922.884058
Omega SLAM Dropping frame 1403715922.934058
Dropping frame 1403715923.0340581
Omega SLAM Dropping frame 1403715923.134058
Omega SLAM Dropping frame 1403715923.1840582
Omega SLAM Dropping frame 1403715923.2340579
Omega SLAM Dropping frame 1403715923.384058
Omega SLAM Dropping frame 1403715923.434058
Omega SLAM Dropping frame 1403715923.4840581
Omega SLAM Dropping frame 1403715923.7340579
Omega SLAM Dropping frame 1403715923.7840581
Omega SLAM Dropping frame 1403715923.834058
Omega SLAM Dropping frame 1403715924.2340579
Omega SLAM Dropping frame 1403715924.2840581
Omega SLAM Dropping frame 1403715924.334058
Omega SLAM Dropping frame 1403715924.634058
Omega SLAM Dropping frame 1403715924.6840582
Omega SLAM Dropping frame 1403715924.7340579
Dropping frame 1403715925.334058
Dropping frame 1403715926.884058
Dropping frame 1403715927.4840581
Dropping frame 1403715928.0340581
Dropping frame 1403715928.134058
Dropping frame 1403715929.084058
Dropping frame 1403715929.4840581
Dropping frame 1403715929.584058
Omega SLAM Dropping frame 1403715929.7340579
Omega SLAM Dropping frame 1403715929.7840581
Omega SLAM Dropping frame 1403715929.834058
Dropping frame 1403715929.9840581
Dropping frame 1403715930.084058
Dropping frame 1403715930.1840582
Dropping frame 1403715930.384058
Omega SLAM Dropping frame 1403715930.434058
Omega SLAM Dropping frame 1403715930.4840581
Omega SLAM Dropping frame 1403715930.5340581
Dropping frame 1403715930.634058
Omega SLAM Dropping frame 1403715930.7840581
Omega SLAM Dropping frame 1403715930.834058
Omega SLAM Dropping frame 1403715930.884058
Dropping frame 1403715930.9840581
Dropping frame 1403715931.084058
Omega SLAM Dropping frame 1403715931.2340579
Omega SLAM Dropping frame 1403715931.2840581
Omega SLAM Dropping frame 1403715931.334058
Omega SLAM Dropping frame 1403715931.4840581
Omega SLAM Dropping frame 1403715931.5340581
Omega SLAM Dropping frame 1403715931.584058
Dropping frame 1403715931.6840582
Omega SLAM Dropping frame 1403715931.834058
Omega SLAM Dropping frame 1403715931.884058
Omega SLAM Dropping frame 1403715931.934058
Dropping frame 1403715932.0340581
Dropping frame 1403715932.2340579
Dropping frame 1403715932.434058
Dropping frame 1403715932.6840582
Omega SLAM Dropping frame 1403715932.834058
Omega SLAM Dropping frame 1403715932.884058
Omega SLAM Dropping frame 1403715932.934058
Dropping frame 1403715933.2840581
Dropping frame 1403715933.384058
Dropping frame 1403715933.634058
Dropping frame 1403715933.834058
Dropping frame 1403715935.134058
Omega SLAM Dropping frame 1403715935.9840581
Omega SLAM Dropping frame 1403715936.0340581
Omega SLAM Dropping frame 1403715936.084058
Omega SLAM Dropping frame 1403715936.7840581
Omega SLAM Dropping frame 1403715936.834058
Omega SLAM Dropping frame 1403715936.884058
Dropping frame 1403715937.134058
Dropping frame 1403715937.584058
Dropping frame 1403715937.6840582
Dropping frame 1403715938.084058
Dropping frame 1403715938.2840581
Dropping frame 1403715938.434058
Dropping frame 1403715938.884058
Dropping frame 1403715939.084058
Omega SLAM Dropping frame 1403715939.1840582
Omega SLAM Dropping frame 1403715939.2340579
Omega SLAM Dropping frame 1403715939.2840581
Dropping frame 1403715939.5340581
Dropping frame 1403715939.834058
*Loop detected
phi =    0.02883793174954262 -0.0054566669626691074   0.026134266214154635
BAD LOOP!!!
Omega SLAM Dropping frame 1403715939.9840581
Omega SLAM Dropping frame 1403715940.0340581
Omega SLAM Dropping frame 1403715940.084058
Dropping frame 1403715940.334058
Dropping frame 1403715940.434058
*Loop detected
phi =  0.031690458987523172 -0.018396233597852713 0.0085510151462045922
BAD LOOP!!!
*Loop detected
phi =  0.023418456010557507 -0.013977226888508585 0.0031065404612371202
BAD LOOP!!!
Dropping frame 1403715941.6840582
Dropping frame 1403715941.884058
Omega SLAM Dropping frame 1403715941.9840581
Omega SLAM Dropping frame 1403715942.0340581
Omega SLAM Dropping frame 1403715942.084058
Dropping frame 1403715942.834058
Omega SLAM Dropping frame 1403715942.9840581
Omega SLAM Dropping frame 1403715943.0340581
Omega SLAM Dropping frame 1403715943.084058
Dropping frame 1403715943.2340579
Dropping frame 1403715943.434058
Dropping frame 1403715943.6840582
*Loop detected
phi =  0.016925175362802348 -0.018673728476071117  0.036913625434244569
BAD LOOP!!!
Dropping frame 1403715943.9840581
Dropping frame 1403715944.084058
*Loop detected
phi =  0.010590505523273825 -0.009689605328028204  0.015267218243179366
BAD LOOP!!!
Dropping frame 1403715944.434058
Dropping frame 1403715944.5340581
Dropping frame 1403715944.6840582
Dropping frame 1403715944.7840581
Dropping frame 1403715945.134058
Dropping frame 1403715945.2340579
Dropping frame 1403715945.634058
*Loop detected
phi =  0.035389144900007226 -0.012183745494297099  0.015253097652951589
BAD LOOP!!!
Dropping frame 1403715945.934058
*Loop detected
phi =   0.025884586975405004 -0.0077907766703647066    0.01942496500227011
BAD LOOP!!!
*Loop detected
phi =    0.03907786148971918 -0.0016749387930469141   0.027452392433863916
BAD LOOP!!!
*Loop detected
phi =  0.052888621521214894 -0.015397331777280972  0.033299009833582929
BAD LOOP!!!
*Loop detected
phi =   0.082761716509910738 -0.0052101296988389433  -0.053940346439303392
BAD LOOP!!!
Dropping frame 1403715947.7840581
Dropping frame 1403715948.084058
Omega SLAM Dropping frame 1403715948.2840581
Omega SLAM Dropping frame 1403715948.334058
Omega SLAM Dropping frame 1403715948.384058
Dropping frame 1403715948.5340581
Dropping frame 1403715948.6840582
Dropping frame 1403715948.7840581
Dropping frame 1403715949.0340581
Dropping frame 1403715949.134058
Dropping frame 1403715949.334058
Dropping frame 1403715949.434058
Dropping frame 1403715949.6840582
Dropping frame 1403715950.0340581
Dropping frame 1403715950.134058
*Loop detected
phi =  0.072874700390086311 -0.026630440005169224  -0.07077284954232721
BAD LOOP!!!
*Loop detected
phi =  0.072805012413747275  0.011198352731464715 -0.028792088564019921
BAD LOOP!!!
Omega SLAM Dropping frame 1403715950.934058
Omega SLAM Dropping frame 1403715950.9840581
Omega SLAM Dropping frame 1403715951.0340581
Dropping frame 1403715951.2840581
Dropping frame 1403715951.384058
Dropping frame 1403715951.9840581
Dropping frame 1403715952.084058
Dropping frame 1403715952.334058
Dropping frame 1403715952.434058
Dropping frame 1403715952.7840581
Dropping frame 1403715952.9840581
Dropping frame 1403715953.434058
Dropping frame 1403715953.634058
Dropping frame 1403715953.7340579
Dropping frame 1403715953.9840581
Dropping frame 1403715954.1840582
Dropping frame 1403715954.384058
Dropping frame 1403715954.4840581
Dropping frame 1403715954.7340579
Dropping frame 1403715954.834058
Omega SLAM Dropping frame 1403715954.884058
Omega SLAM Dropping frame 1403715954.934058
Omega SLAM Dropping frame 1403715954.9840581
Dropping frame 1403715955.2340579
Dropping frame 1403715955.434058
Dropping frame 1403715955.5340581
Dropping frame 1403715955.7840581
Dropping frame 1403715955.9840581
Dropping frame 1403715956.5340581
Dropping frame 1403715957.134058
Dropping frame 1403715957.2340579
Dropping frame 1403715957.7840581
Dropping frame 1403715957.884058
Dropping frame 1403715957.9840581
Dropping frame 1403715958.2340579
Dropping frame 1403715958.334058
Dropping frame 1403715958.584058
Dropping frame 1403715958.6840582
Dropping frame 1403715958.7840581
Dropping frame 1403715960.084058
Dropping frame 1403715960.1840582
Dropping frame 1403715960.434058
Dropping frame 1403715960.884058
Dropping frame 1403715961.2340579
Dropping frame 1403715961.334058
Dropping frame 1403715961.434058
Dropping frame 1403715961.5340581
Dropping frame 1403715962.2340579
Dropping frame 1403715962.334058
Dropping frame 1403715962.434058
Dropping frame 1403715962.5340581
Dropping frame 1403715962.7340579
Dropping frame 1403715962.834058
Dropping frame 1403715962.9840581
Dropping frame 1403715963.134058
Dropping frame 1403715963.434058
Dropping frame 1403715963.634058
Dropping frame 1403715963.7340579
Dropping frame 1403715963.884058
Dropping frame 1403715963.9840581
Dropping frame 1403715964.084058
Dropping frame 1403715964.334058
Dropping frame 1403715964.434058
Dropping frame 1403715964.5340581
Omega SLAM Dropping frame 1403715964.634058
Omega SLAM Dropping frame 1403715964.6840582
Omega SLAM Dropping frame 1403715964.7340579
Dropping frame 1403715964.884058
Dropping frame 1403715964.9840581
Dropping frame 1403715965.1840582
Dropping frame 1403715965.334058
Dropping frame 1403715965.434058
Dropping frame 1403715965.5340581
Omega SLAM Dropping frame 1403715965.6840582
Omega SLAM Dropping frame 1403715965.7340579
Omega SLAM Dropping frame 1403715965.7840581
Dropping frame 1403715965.884058
Dropping frame 1403715966.084058
Dropping frame 1403715966.1840582
Dropping frame 1403715966.2840581
Dropping frame 1403715966.4840581
Dropping frame 1403715966.7340579
Dropping frame 1403715966.834058
Dropping frame 1403715967.134058
Dropping frame 1403715967.2340579
Omega SLAM Dropping frame 1403715967.5340581
Omega SLAM Dropping frame 1403715967.584058
Omega SLAM Dropping frame 1403715967.634058
Dropping frame 1403715967.7340579
Dropping frame 1403715967.834058
Dropping frame 1403715968.084058
Dropping frame 1403715968.1840582
Dropping frame 1403715968.334058
Dropping frame 1403715968.6840582
Dropping frame 1403715968.7840581
Dropping frame 1403715968.884058
Dropping frame 1403715968.9840581
Dropping frame 1403715969.134058
Dropping frame 1403715969.384058
Dropping frame 1403715970.5340581
Dropping frame 1403715970.7840581
Dropping frame 1403715970.884058
Dropping frame 1403715972.134058
Dropping frame 1403715972.2340579
Omega SLAM Dropping frame 1403715972.434058
Omega SLAM Dropping frame 1403715972.4840581
Omega SLAM Dropping frame 1403715972.5340581
Dropping frame 1403715972.634058
Dropping frame 1403715972.7840581
Dropping frame 1403715972.884058
Dropping frame 1403715973.1840582
Dropping frame 1403715973.2840581
Omega SLAM Dropping frame 1403715973.384058
Omega SLAM Dropping frame 1403715973.434058
Omega SLAM Dropping frame 1403715973.4840581
Dropping frame 1403715973.6840582
Dropping frame 1403715973.884058
Omega SLAM Dropping frame 1403715973.934058
Omega SLAM Dropping frame 1403715973.9840581
Omega SLAM Dropping frame 1403715974.0340581
Dropping frame 1403715974.2340579
Dropping frame 1403715974.334058
Omega SLAM Dropping frame 1403715974.4840581
Omega SLAM Dropping frame 1403715974.5340581
Omega SLAM Dropping frame 1403715974.584058
Dropping frame 1403715974.7340579
Omega SLAM Dropping frame 1403715974.7840581
Omega SLAM Dropping frame 1403715974.834058
Omega SLAM Dropping frame 1403715974.884058
Omega SLAM Dropping frame 1403715974.9840581
Omega SLAM Dropping frame 1403715975.0340581
Omega SLAM Dropping frame 1403715975.084058
Omega SLAM Dropping frame 1403715975.2340579
Omega SLAM Dropping frame 1403715975.2840581
Omega SLAM Dropping frame 1403715975.334058
Omega SLAM Dropping frame 1403715975.584058
Omega SLAM Dropping frame 1403715975.634058
Omega SLAM Dropping frame 1403715975.6840582
Omega SLAM Dropping frame 1403715975.834058
Omega SLAM Dropping frame 1403715975.884058
Omega SLAM Dropping frame 1403715975.934058
Dropping frame 1403715976.0340581
Omega SLAM Dropping frame 1403715976.134058
Omega SLAM Dropping frame 1403715976.1840582
Omega SLAM Dropping frame 1403715976.2340579
Dropping frame 1403715976.334058
Dropping frame 1403715976.4840581
Omega SLAM Dropping frame 1403715976.5340581
Omega SLAM Dropping frame 1403715976.584058
*Loop detected
phi = 0.0078540408655427985 0.0081061024419599777 0.0091781266872162197
BAD LOOP!!!
Omega SLAM Dropping frame 1403715976.634058
Dropping frame 1403715976.884058
*Loop detected
phi = 0.0084110441641578344  0.011168322112306313  0.011520552041071436
BAD LOOP!!!
Dropping frame 1403715977.084058
Dropping frame 1403715977.584058
*Loop detected
phi = 0.00093644552372764995   0.019133137605022204   0.016940983158027376
BAD LOOP!!!
Dropping frame 1403715977.6840582
*Loop detected
phi = -0.003793699207770544  0.017859611641137356 0.0092751684435278103
BAD LOOP!!!
Dropping frame 1403715978.0340581
Dropping frame 1403715978.134058
*Loop detected
phi =  0.012055979076034845 0.0021911277447672207  0.014127022735742904
BAD LOOP!!!
Dropping frame 1403715978.2340579
Dropping frame 1403715978.334058
Dropping frame 1403715978.434058
*Loop detected
phi = 0.0072539676720920938  0.019680244886142114  0.024824241929558392
BAD LOOP!!!
Dropping frame 1403715978.5340581
*Loop detected
phi =  -0.046396727382087749   0.025053189609278652 -0.0066290461778336172
BAD LOOP!!!
Dropping frame 1403715978.634058
Dropping frame 1403715978.7340579
*Loop detected
phi = 0.0064514391000341682 0.0050286871734765313  0.014631100218799166
Local Mapping STOP
Dropping frame 1403715978.884058
Local Mapping RELEASE
Dropping frame 1403715979.2340579
*Loop detected
phi =  -0.063546149494351042 -0.0016187004616440282   0.093802282582153396
BAD LOOP!!!
Dropping frame 1403715979.384058
Dropping frame 1403715980.134058
Dropping frame 1403715980.2840581
Dropping frame 1403715980.584058
Dropping frame 1403715980.6840582
Dropping frame 1403715981.0340581
Dropping frame 1403715981.134058
Dropping frame 1403715981.2340579
Dropping frame 1403715981.4840581
Dropping frame 1403715981.584058
Dropping frame 1403715981.9840581
Dropping frame 1403715982.1840582
Dropping frame 1403715982.2840581
Dropping frame 1403715982.384058
Dropping frame 1403715982.7840581
Dropping frame 1403715983.2340579
Dropping frame 1403715983.584058
Dropping frame 1403715983.6840582
Dropping frame 1403715983.934058
Dropping frame 1403715984.134058
Dropping frame 1403715984.334058
Dropping frame 1403715984.5340581
Omega SLAM Dropping frame 1403715985.4840581
Omega SLAM Dropping frame 1403715985.5340581
Omega SLAM Dropping frame 1403715985.584058
Dropping frame 1403715985.7840581
Dropping frame 1403715985.9840581
Dropping frame 1403715986.084058
Dropping frame 1403715986.1840582
Omega SLAM Dropping frame 1403715986.334058
Omega SLAM Dropping frame 1403715986.384058
Omega SLAM Dropping frame 1403715986.434058
Dropping frame 1403715986.634058
Omega SLAM Dropping frame 1403715986.834058
Omega SLAM Dropping frame 1403715986.884058
Omega SLAM Dropping frame 1403715986.934058
Omega SLAM Dropping frame 1403715987.6840582
Omega SLAM Dropping frame 1403715987.7340579
Omega SLAM Dropping frame 1403715987.7840581
Omega SLAM Dropping frame 1403715988.084058
Omega SLAM Dropping frame 1403715988.134058
Omega SLAM Dropping frame 1403715988.1840582
Omega SLAM Dropping frame 1403715988.4840581
Omega SLAM Dropping frame 1403715988.5340581
Omega SLAM Dropping frame 1403715988.584058
Omega SLAM Dropping frame 1403715988.7840581
Omega SLAM Dropping frame 1403715988.834058
Omega SLAM Dropping frame 1403715988.884058
Dropping frame 1403715989.0340581
Omega SLAM Dropping frame 1403715989.084058
Omega SLAM Dropping frame 1403715989.134058
Omega SLAM Dropping frame 1403715989.1840582
Omega SLAM Dropping frame 1403715989.334058
Omega SLAM Dropping frame 1403715989.384058
Omega SLAM Dropping frame 1403715989.434058
Omega SLAM Dropping frame 1403715989.5340581
Omega SLAM Dropping frame 1403715989.584058
Omega SLAM Dropping frame 1403715989.634058
Omega SLAM Dropping frame 1403715989.7840581
Omega SLAM Dropping frame 1403715989.834058
Omega SLAM Dropping frame 1403715989.884058
Omega SLAM Dropping frame 1403715990.0340581
Omega SLAM Dropping frame 1403715990.084058
Omega SLAM Dropping frame 1403715990.134058
Omega SLAM Dropping frame 1403715990.2340579
Omega SLAM Dropping frame 1403715990.2840581
Omega SLAM Dropping frame 1403715990.334058
Dropping frame 1403715990.434058
Dropping frame 1403715990.5340581
Omega SLAM Dropping frame 1403715990.584058
Omega SLAM Dropping frame 1403715990.634058
Omega SLAM Dropping frame 1403715990.6840582
Omega SLAM Dropping frame 1403715990.834058
Omega SLAM Dropping frame 1403715990.884058
Omega SLAM Dropping frame 1403715990.934058
Omega SLAM Dropping frame 1403715991.084058
Omega SLAM Dropping frame 1403715991.134058
Omega SLAM Dropping frame 1403715991.1840582
Omega SLAM Dropping frame 1403715991.334058
Omega SLAM Dropping frame 1403715991.384058
Omega SLAM Dropping frame 1403715991.434058
Dropping frame 1403715991.5340581
Omega SLAM Dropping frame 1403715991.634058
Omega SLAM Dropping frame 1403715991.6840582
Omega SLAM Dropping frame 1403715991.7340579
Dropping frame 1403715991.834058
Omega SLAM Dropping frame 1403715991.884058
Omega SLAM Dropping frame 1403715991.934058
Omega SLAM Dropping frame 1403715991.9840581
Dropping frame 1403715992.084058
Omega SLAM Dropping frame 1403715992.134058
Omega SLAM Dropping frame 1403715992.1840582
Omega SLAM Dropping frame 1403715992.2340579
Omega SLAM Dropping frame 1403715992.334058
Omega SLAM Dropping frame 1403715992.384058
Omega SLAM Dropping frame 1403715992.434058
Omega SLAM Dropping frame 1403715992.5340581
Omega SLAM Dropping frame 1403715992.584058
Omega SLAM Dropping frame 1403715992.634058
Dropping frame 1403715992.7340579
Omega SLAM Dropping frame 1403715992.7840581
Omega SLAM Dropping frame 1403715992.834058
Omega SLAM Dropping frame 1403715992.884058
Omega SLAM Dropping frame 1403715992.9840581
Omega SLAM Dropping frame 1403715993.0340581
Omega SLAM Dropping frame 1403715993.084058
Dropping frame 1403715993.1840582
Omega SLAM Dropping frame 1403715993.2340579
Omega SLAM Dropping frame 1403715993.2840581
Omega SLAM Dropping frame 1403715993.334058
Omega SLAM Dropping frame 1403715993.434058
Omega SLAM Dropping frame 1403715993.4840581
Omega SLAM Dropping frame 1403715993.5340581
Omega SLAM Dropping frame 1403715993.634058
Omega SLAM Dropping frame 1403715993.6840582
Omega SLAM Dropping frame 1403715993.7340579
Dropping frame 1403715993.834058
Omega SLAM Dropping frame 1403715993.884058
Omega SLAM Dropping frame 1403715993.934058
Omega SLAM Dropping frame 1403715993.9840581
Shutdown
SLAM Finished at System Time: 1748962693.21219

 TIME STATS in ms (mean$\pm$std)
OpenCV version: 4.8.1
---------------------------
Tracking

ORB Extraction: 18.364$\pm$2.3447
Stereo Matching: 7.8349$\pm$2.507
IMU Preintegration: 0.21062$\pm$0.099428
Pose Prediction: 0.26152$\pm$1.1156
LM Track: 16.727$\pm$4.7638
New KF decision: 0.55241$\pm$0.57329
Total Tracking: 29.755$\pm$23.489



Local Mapping

KF Insertion: 11.246$\pm$3.6268
MP Culling: 0.8375$\pm$0.28258
MP Creation: 38.384$\pm$12.779
LBA: 111.02$\pm$34.424
KF Culling: 10.24$\pm$6.9284
Total Local Mapping: 172.2$\pm$46.901
---------------------------

LBA complexity (mean$\pm$std)
LBA Edges: 3190.4$\pm$953.85
LBA KF optimized: 6.5$\pm$2.2913
LBA KF fixed: 1$\pm$0
LBA MP: nan$\pm$nan

LBA executions: 434
LBA aborts: 0
---------------------------

Map complexity
KFs in map: 221
MPs in map: 16010
---------------------------

Place Recognition (mean$\pm$std)
Database Query: 1.7452$\pm$0.9509
SE3 estimation: 19.731$\pm$15.946
Total Place Recognition: 18.585$\pm$17.059


Loop Closing (mean$\pm$std)
Loop Fusion: 28.519$\pm$0
Essential Graph: 132.03$\pm$0
Total Loop Closing: 163.7$\pm$0

Num exec: 1
Number of KFs: nan$\pm$nan

Map Merging (mean$\pm$std)
Merge Maps: nan$\pm$nan
Welding BA: nan$\pm$nan
Optimization Ess.: nan$\pm$nan
Total Map Merging: nan$\pm$nan

Num exec: 0
Number of KFs: nan$\pm$nan
Number of MPs: nan$\pm$nan

Full GBA (mean$\pm$std)
GBA: nan$\pm$nan
Map Update: nan$\pm$nan
Total Full GBA: nan$\pm$nan

Num exec: 0
Num abort: 0
Number of KFs: nan$\pm$nan
Number of MPs: nan$\pm$nan

Saving trajectory to f_dataset-V103_stereo_imu.txt ...
There are 1 maps in the atlas
  Map 0 has 221 KFs

End of saving trajectory to f_dataset-V103_stereo_imu.txt ...

Saving keyframe trajectory to kf_dataset-V103_stereo_imu.txt ...
