num_seq = 1
file name: dataset-V203_stereo_imu
Loading images for sequence 0...LOADED!
Loading IMU for sequence 0...LOADED!

-------

ORB-SLAM3 Copyright (C) 2017-2020 Carlos Campos, Richard Elvira, Juan J. Gómez, José M.M. Montiel and Juan D. Tardós, University of Zaragoza.
ORB-SLAM2 Copyright (C) 2014-2016 Raúl Mur-Artal, José M.M. Montiel and Juan D. Tardós, University of Zaragoza.
This program comes with ABSOLUTELY NO WARRANTY;
This is free software, and you are welcome to redistribute it
under certain conditions. See LICENSE.txt.

Built with REGISTER_TIMES
Git Commit Hash: 33f00b6

Build Type: Release

Compiled with C++ version: 201703

Input sensor was set to: Stereo-Inertial
Loading settings from EuRoC_fov_mask_12x12.yaml
	-Loaded camera 1
	-Loaded camera 2
	-Loaded image info
	-Loaded IMU calibration
	-Loaded ORB settings
	-Loaded viewer settings
	-Loaded Atlas settings
FOV enabled
Static mask size: 12x12
Dumping map points enabled
	-Loaded misc parameters
	-Computed rectification maps
----------------------------------
SLAM settings: 
	-Camera 1 parameters (Pinhole): [ 458.65399169921875 457.29598999023438 367.21499633789062 248.375 ]
	-Camera 1 distortion parameters: [  -0.28340810537338257 0.073959067463874817 0.00019359000725671649 1.7618711353861727e-05 ]
	-Camera 2 parameters (Pinhole: [ 457.58700561523438 456.13400268554688 379.99899291992188 255.23800659179688 ]
	-Camera 1 distortion parameters: [  -0.2836836576461792 0.074512839317321777 -0.00010473000293131918 -3.555907096597366e-05 ]
	-Original image size: [ 752 , 480 ]
	-Current image size: [ 752 , 480 ]
	-Camera 1 parameters after rectification: [  456.71499633789062 456.71499633789062 364.52615356445312 257.268798828125 ]
	-Sequence FPS: 20
	-Stereo baseline: 0.11007784307003021
	-Stereo depth threshold : 60
	-Gyro noise: 0.00016999999934341758
	-Accelerometer noise: 0.0020000000949949026
	-Gyro walk: 1.9392999092815444e-05
	-Accelerometer walk: 0.0030000000260770321
	-IMU frequency: 200
	-Features per image: 1200
	-ORB scale factor: 1.2000000476837158
	-ORB number of scales: 8
	-Initial FAST threshold: 20
	-Min FAST threshold: 7


Loading ORB Vocabulary. This could take a while...
Vocabulary loaded!

Initialization of Atlas from scratch 
Creation of new map with id: 0
Creation of new map with last KF id: 0
Seq. Name: 
There are 1 cameras in the atlas
Camera 0 is pinhole
SLAM Started at System Time: 1747007709.9884
not IMU meas
not IMU meas
not enough acceleration
not enough acceleration
not enough acceleration
not enough acceleration
not enough acceleration
not enough acceleration
not enough acceleration
not enough acceleration
not enough acceleration
not enough acceleration
not enough acceleration
not enough acceleration
not enough acceleration
not enough acceleration
not enough acceleration
not enough acceleration
not enough acceleration
not enough acceleration
not enough acceleration
not enough acceleration
not enough acceleration
not enough acceleration
not enough acceleration
not enough acceleration
not enough acceleration
not enough acceleration
not enough acceleration
not enough acceleration
not enough acceleration
not enough acceleration
not enough acceleration
not enough acceleration
not enough acceleration
not enough acceleration
not enough acceleration
not enough acceleration
not enough acceleration
not enough acceleration
not enough acceleration
not enough acceleration
not enough acceleration
not enough acceleration
not enough acceleration
not enough acceleration
not enough acceleration
not enough acceleration
not enough acceleration
not enough acceleration
not enough acceleration
not enough acceleration
not enough acceleration
not enough acceleration
not enough acceleration
not enough acceleration
not enough acceleration
not enough acceleration
not enough acceleration
not enough acceleration
not enough acceleration
not enough acceleration
not enough acceleration
not enough acceleration
not enough acceleration
not enough acceleration
not enough acceleration
not enough acceleration
not enough acceleration
not enough acceleration
not enough acceleration
not enough acceleration
not enough acceleration
not enough acceleration
not enough acceleration
not enough acceleration
not enough acceleration
not enough acceleration
not enough acceleration
not enough acceleration
not enough acceleration
not enough acceleration
not enough acceleration
not enough acceleration
not enough acceleration
not enough acceleration
not enough acceleration
not enough acceleration
not enough acceleration
not enough acceleration
not enough acceleration
not enough acceleration
not enough acceleration
not enough acceleration
not enough acceleration
not enough acceleration
not enough acceleration
not enough acceleration
not enough acceleration
not enough acceleration
not enough acceleration
not enough acceleration
not enough acceleration
not enough acceleration
not enough acceleration
not enough acceleration
not enough acceleration
not enough acceleration
not enough acceleration
First KF:0; Map init KF:0
New Map created with 443 points
Active map: 0
start VIBA 1
end VIBA 1
start VIBA 2
end VIBA 2
*Loop detected
phi = 0.0043257740108362617  0.050022994822421465 -0.020932936659103719
BAD LOOP!!!
*Loop detected
phi = -0.0012552252616779699   0.054187515989328743 0.00091504526127310359
BAD LOOP!!!
*Loop detected
phi =  0.001419941953726904   0.05489515515024302 -0.042099977122559147
BAD LOOP!!!
*Loop detected
phi = 0.0034571714519579023  0.041724968564032523 -0.078954965187728821
BAD LOOP!!!
*Loop detected
phi =  0.002575416476420045    0.0257977963569095 -0.019025158831400314
BAD LOOP!!!
*Loop detected
phi = -0.0035998630294505432    0.16324308590219166  -0.011254447487161793
BAD LOOP!!!
*Loop detected
phi = -0.010030102584419123 0.0045667231120982794 0.0084018882532420156
BAD LOOP!!!
*Loop detected
phi =  -0.04088271943886964 -0.007143923096206475 0.0015380255367259824
BAD LOOP!!!
*Loop detected
phi = -0.058369531324987435 0.0040807609852739728 0.0093980305512427181
BAD LOOP!!!
*Loop detected
phi = -0.0094097932215176303 -0.0046320590869909093   0.018430223802148794
BAD LOOP!!!
*Loop detected
phi =  -0.037580904316644771 -0.0004048530174305153    0.10962577571935728
BAD LOOP!!!
*Loop detected
phi = -0.0016770269658968888   0.011304105617620325   0.005125038590842115
BAD LOOP!!!
*Loop detected
phi = -0.020346813415003502 -0.025055955874703304   0.12084137833593367
BAD LOOP!!!
*Loop detected
phi = -0.029533725028385267  0.001015819279786119   0.12154769977481215
BAD LOOP!!!
*Loop detected
phi = -0.037993602316869289 -0.020841863169494823  0.053080336879007047
BAD LOOP!!!
*Loop detected
phi =  -0.036520666482707319 -0.0064312630595885715    0.12121262188166766
BAD LOOP!!!
*Loop detected
phi = 0.0025697707619057241 0.0024823279345264774 0.0035994045341353822
Local Mapping STOP
Local Mapping RELEASE
Local Mapping STOP
Local Mapping RELEASE
Fail to track local map!
Fail to track local map!
Fail to track local map!
Fail to track local map!
Shutdown
SLAM Finished at System Time: 1747007841.94352

 TIME STATS in ms (mean$\pm$std)
OpenCV version: 4.8.1
---------------------------
Tracking

ORB Extraction: 16.492$\pm$2.168
Stereo Matching: 7.6346$\pm$2.4848
IMU Preintegration: 0.17999$\pm$0.063319
Pose Prediction: 0.26298$\pm$0.95326
LM Track: 14.113$\pm$3.5426
New KF decision: 1.7358$\pm$2.7087
Total Tracking: 44.037$\pm$6.7757



Local Mapping

KF Insertion: 10.797$\pm$3.1967
MP Culling: 0.58967$\pm$0.21779
MP Creation: 40.723$\pm$12.838
LBA: 95.543$\pm$37.166
KF Culling: 7.8569$\pm$6.0104
Total Local Mapping: 155.95$\pm$47.398
---------------------------

LBA complexity (mean$\pm$std)
LBA Edges: 2894.5$\pm$826.37
LBA KF optimized: 6.5$\pm$2.2913
LBA KF fixed: 1$\pm$0
LBA MP: nan$\pm$nan

LBA executions: 538
LBA aborts: 1
---------------------------

Map complexity
KFs in map: 211
MPs in map: 9983
---------------------------

Place Recognition (mean$\pm$std)
Database Query: 1.7537$\pm$0.95856
SE3 estimation: 15.961$\pm$12.813
Total Place Recognition: 15.601$\pm$13.77


Loop Closing (mean$\pm$std)
Loop Fusion: 110.4$\pm$0
Essential Graph: 87.749$\pm$0
Total Loop Closing: 201.9$\pm$0

Num exec: 1
Number of KFs: nan$\pm$nan

Map Merging (mean$\pm$std)
Merge Maps: nan$\pm$nan
Welding BA: nan$\pm$nan
Optimization Ess.: nan$\pm$nan
Total Map Merging: nan$\pm$nan

Num exec: 0
Number of KFs: nan$\pm$nan
Number of MPs: nan$\pm$nan

Full GBA (mean$\pm$std)
GBA: 1353.6$\pm$0
Map Update: 55.427$\pm$0
Total Full GBA: 1409$\pm$0

Num exec: 1
Num abort: 0
Number of KFs: 196$\pm$0
Number of MPs: 11538$\pm$0

Saving trajectory to f_dataset-V203_stereo_imu.txt ...
There are 1 maps in the atlas
  Map 0 has 211 KFs

End of saving trajectory to f_dataset-V203_stereo_imu.txt ...

Saving keyframe trajectory to kf_dataset-V203_stereo_imu.txt ...
