num_seq = 1
file name: dataset-V202_stereo_imu
Loading images for sequence 0...LOADED!
Loading IMU for sequence 0...LOADED!

-------

ORB-SLAM3 Copyright (C) 2017-2020 Carlos Campos, Richard Elvira, Juan J. Gómez, José M.M. Montiel and Juan D. Tardós, University of Zaragoza.
ORB-SLAM2 Copyright (C) 2014-2016 Raúl Mur-Artal, José M.M. Montiel and Juan D. Tardós, University of Zaragoza.
This program comes with ABSOLUTELY NO WARRANTY;
This is free software, and you are welcome to redistribute it
under certain conditions. See LICENSE.txt.

Built with REGISTER_TIMES
Git Commit Hash: 33f00b6

Build Type: Release

Compiled with C++ version: 201703

Input sensor was set to: Stereo-Inertial
Loading settings from EuRoC_fov_deadlines_mask_9x9.yaml
	-Loaded camera 1
	-Loaded camera 2
	-Loaded image info
	-Loaded IMU calibration
	-Loaded ORB settings
	-Loaded viewer settings
	-Loaded Atlas settings
Deadlines enabled, will skip frames!
FOV enabled
Static mask size: 9x9
Dumping map points enabled
	-Loaded misc parameters
	-Computed rectification maps
----------------------------------
SLAM settings: 
	-Camera 1 parameters (Pinhole): [ 458.65399169921875 457.29598999023438 367.21499633789062 248.375 ]
	-Camera 1 distortion parameters: [  -0.28340810537338257 0.073959067463874817 0.00019359000725671649 1.7618711353861727e-05 ]
	-Camera 2 parameters (Pinhole: [ 457.58700561523438 456.13400268554688 379.99899291992188 255.23800659179688 ]
	-Camera 1 distortion parameters: [  -0.2836836576461792 0.074512839317321777 -0.00010473000293131918 -3.555907096597366e-05 ]
	-Original image size: [ 752 , 480 ]
	-Current image size: [ 752 , 480 ]
	-Camera 1 parameters after rectification: [  456.71499633789062 456.71499633789062 364.52615356445312 257.268798828125 ]
	-Sequence FPS: 20
	-Stereo baseline: 0.11007784307003021
	-Stereo depth threshold : 60
	-Gyro noise: 0.00016999999934341758
	-Accelerometer noise: 0.0020000000949949026
	-Gyro walk: 1.9392999092815444e-05
	-Accelerometer walk: 0.0030000000260770321
	-IMU frequency: 200
	-Features per image: 1200
	-ORB scale factor: 1.2000000476837158
	-ORB number of scales: 8
	-Initial FAST threshold: 20
	-Min FAST threshold: 7


Loading ORB Vocabulary. This could take a while...
Vocabulary loaded!

Initialization of Atlas from scratch 
Creation of new map with id: 0
Creation of new map with last KF id: 0
Seq. Name: 
There are 1 cameras in the atlas
Camera 0 is pinhole
SLAM Started at System Time: 1746884212.75689
not IMU meas
not IMU meas
not enough acceleration
not enough acceleration
not enough acceleration
not enough acceleration
not enough acceleration
not enough acceleration
not enough acceleration
not enough acceleration
not enough acceleration
not enough acceleration
not enough acceleration
not enough acceleration
not enough acceleration
not enough acceleration
not enough acceleration
not enough acceleration
not enough acceleration
not enough acceleration
not enough acceleration
not enough acceleration
not enough acceleration
not enough acceleration
not enough acceleration
not enough acceleration
not enough acceleration
not enough acceleration
not enough acceleration
not enough acceleration
not enough acceleration
not enough acceleration
not enough acceleration
not enough acceleration
not enough acceleration
not enough acceleration
not enough acceleration
not enough acceleration
not enough acceleration
not enough acceleration
not enough acceleration
not enough acceleration
not enough acceleration
not enough acceleration
not enough acceleration
not enough acceleration
not enough acceleration
not enough acceleration
not enough acceleration
not enough acceleration
not enough acceleration
not enough acceleration
not enough acceleration
not enough acceleration
not enough acceleration
not enough acceleration
not enough acceleration
not enough acceleration
not enough acceleration
not enough acceleration
not enough acceleration
not enough acceleration
not enough acceleration
not enough acceleration
not enough acceleration
not enough acceleration
not enough acceleration
not enough acceleration
not enough acceleration
not enough acceleration
not enough acceleration
not enough acceleration
First KF:0; Map init KF:0
New Map created with 433 points
Active map: 0
Dropping frame 1413393889.7057605
Dropping frame 1413393890.0557604
Dropping frame 1413393890.3557603
Dropping frame 1413393890.5057604
Dropping frame 1413393890.6057606
Dropping frame 1413393890.8557603
Dropping frame 1413393890.9557605
Dropping frame 1413393891.1557603
Dropping frame 1413393891.3557603
Dropping frame 1413393891.4557605
Dropping frame 1413393891.7557604
Dropping frame 1413393891.9557605
Dropping frame 1413393892.0557604
Dropping frame 1413393892.1557603
Dropping frame 1413393892.3557603
Dropping frame 1413393892.4557605
Dropping frame 1413393892.5557604
Dropping frame 1413393892.9057605
Dropping frame 1413393893.3057606
Dropping frame 1413393893.4057605
Dropping frame 1413393893.5057604
Dropping frame 1413393893.7057605
Dropping frame 1413393893.9057605
Dropping frame 1413393894.1057606
Dropping frame 1413393894.4057605
Dropping frame 1413393894.6057606
Dropping frame 1413393894.8057606
Dropping frame 1413393894.9057605
start VIBA 1
Dropping frame 1413393895.0557604
end VIBA 1
Dropping frame 1413393895.3557603
Dropping frame 1413393895.4557605
Dropping frame 1413393895.7057605
Dropping frame 1413393895.8057606
Dropping frame 1413393896.0057604
Dropping frame 1413393896.2057605
Dropping frame 1413393896.4057605
Dropping frame 1413393896.5057604
Dropping frame 1413393896.6057606
Dropping frame 1413393896.8057606
Dropping frame 1413393897.1057606
Dropping frame 1413393897.2057605
Dropping frame 1413393897.3057606
Dropping frame 1413393897.5057604
Dropping frame 1413393897.6057606
Dropping frame 1413393897.7057605
Dropping frame 1413393897.8557603
Dropping frame 1413393898.0557604
Dropping frame 1413393898.2057605
Dropping frame 1413393898.4057605
Dropping frame 1413393898.5057604
Dropping frame 1413393898.6057606
Dropping frame 1413393898.8057606
Dropping frame 1413393899.0057604
Dropping frame 1413393899.1057606
Dropping frame 1413393899.3057606
Dropping frame 1413393899.4057605
Dropping frame 1413393899.5057604
Dropping frame 1413393899.8057606
Dropping frame 1413393900.1557603
Dropping frame 1413393900.5057604
Dropping frame 1413393901.0557604
Dropping frame 1413393901.3557603
Dropping frame 1413393901.5557604
Dropping frame 1413393901.7557604
Dropping frame 1413393901.8557603
Dropping frame 1413393902.1057606
Dropping frame 1413393902.3057606
Dropping frame 1413393902.5557604
Dropping frame 1413393902.7557604
Dropping frame 1413393902.9557605
Dropping frame 1413393903.0557604
Dropping frame 1413393903.1557603
Dropping frame 1413393903.3557603
Dropping frame 1413393903.5557604
Dropping frame 1413393903.7557604
Dropping frame 1413393903.8557603
Dropping frame 1413393904.0557604
Dropping frame 1413393904.2057605
Dropping frame 1413393904.4057605
Dropping frame 1413393904.6557603
Dropping frame 1413393904.7557604
start VIBA 2
Dropping frame 1413393905.0057604
end VIBA 2
Dropping frame 1413393905.3557603
Dropping frame 1413393905.4557605
Dropping frame 1413393905.7057605
Dropping frame 1413393905.8057606
Dropping frame 1413393906.0557604
Dropping frame 1413393906.2557604
Dropping frame 1413393906.5557604
Dropping frame 1413393907.1057606
Dropping frame 1413393907.3557603
Dropping frame 1413393907.5557604
Dropping frame 1413393907.6557603
Dropping frame 1413393907.8557603
Dropping frame 1413393907.9557605
Dropping frame 1413393908.0557604
Dropping frame 1413393908.5057604
Dropping frame 1413393908.7557604
Dropping frame 1413393909.1057606
Dropping frame 1413393909.3557603
Dropping frame 1413393909.5557604
Dropping frame 1413393909.8557603
Dropping frame 1413393910.3057606
Dropping frame 1413393910.4057605
Dropping frame 1413393910.5057604
Dropping frame 1413393910.8057606
Dropping frame 1413393910.9057605
Dropping frame 1413393911.1057606
Dropping frame 1413393911.2057605
Dropping frame 1413393911.3057606
Dropping frame 1413393911.5557604
Dropping frame 1413393911.8557603
Dropping frame 1413393911.9557605
Dropping frame 1413393912.2057605
Dropping frame 1413393912.4057605
Dropping frame 1413393912.6057606
Dropping frame 1413393912.7057605
Dropping frame 1413393912.9557605
Dropping frame 1413393913.0557604
Dropping frame 1413393913.1557603
Dropping frame 1413393913.3557603
Dropping frame 1413393913.4557605
Dropping frame 1413393913.7057605
Dropping frame 1413393913.9057605
Dropping frame 1413393914.0057604
Dropping frame 1413393914.1057606
Dropping frame 1413393914.3057606
Dropping frame 1413393914.4057605
Dropping frame 1413393914.6057606
Dropping frame 1413393914.7057605
Dropping frame 1413393914.8057606
Dropping frame 1413393915.0057604
Dropping frame 1413393915.1057606
Dropping frame 1413393915.2057605
Dropping frame 1413393915.4557605
Dropping frame 1413393915.6557603
Dropping frame 1413393915.7557604
Dropping frame 1413393916.0557604
Dropping frame 1413393916.2057605
Dropping frame 1413393916.5557604
Dropping frame 1413393916.7557604
Dropping frame 1413393916.9557605
Dropping frame 1413393917.1557603
Dropping frame 1413393917.3557603
Dropping frame 1413393917.4557605
Dropping frame 1413393917.8057606
Dropping frame 1413393917.9057605
Dropping frame 1413393918.1057606
Dropping frame 1413393918.2557604
*Loop detected
phi =  -0.011114550611890194 -0.0053987805106951751  -0.001284867656381098
BAD LOOP!!!
Dropping frame 1413393918.5557604
*Loop detected
phi = -0.0097062834015164291  -0.010751681249090383 -0.0092516490108382216
BAD LOOP!!!
Dropping frame 1413393918.6557603
Dropping frame 1413393918.7557604
*Loop detected
phi =  0.0022264104004720928  0.0079684230588696232 -0.0050036334012880388
Local Mapping STOP
Local Mapping RELEASE
Dropping frame 1413393919.3057606
Local Mapping STOP
Local Mapping RELEASE
Dropping frame 1413393919.6557603
Dropping frame 1413393919.8057606
Dropping frame 1413393920.0057604
Dropping frame 1413393920.2557604
Dropping frame 1413393920.3557603
Dropping frame 1413393920.5557604
Dropping frame 1413393920.7557604
Dropping frame 1413393920.9557605
Dropping frame 1413393921.0557604
Dropping frame 1413393921.1557603
Dropping frame 1413393921.2557604
Dropping frame 1413393921.4557605
Dropping frame 1413393921.7057605
Dropping frame 1413393921.8057606
Dropping frame 1413393922.1057606
Dropping frame 1413393922.2057605
Dropping frame 1413393922.3057606
Dropping frame 1413393922.4057605
Dropping frame 1413393922.5057604
Dropping frame 1413393922.7557604
Dropping frame 1413393923.1057606
Dropping frame 1413393923.2057605
Dropping frame 1413393923.4557605
Dropping frame 1413393923.5557604
Dropping frame 1413393923.7557604
Dropping frame 1413393923.9557605
Dropping frame 1413393924.0557604
Dropping frame 1413393924.2057605
Dropping frame 1413393924.3557603
Dropping frame 1413393924.4557605
Dropping frame 1413393924.7057605
Dropping frame 1413393924.9057605
Dropping frame 1413393925.1057606
Dropping frame 1413393925.2557604
Dropping frame 1413393925.3557603
Dropping frame 1413393925.6057606
Dropping frame 1413393925.8057606
Dropping frame 1413393925.9557605
Dropping frame 1413393926.1557603
Dropping frame 1413393926.3557603
Dropping frame 1413393926.5557604
Dropping frame 1413393926.6557603
Dropping frame 1413393926.7557604
Dropping frame 1413393927.0057604
Dropping frame 1413393927.1057606
Dropping frame 1413393927.2057605
Dropping frame 1413393927.5057604
Dropping frame 1413393927.7057605
Dropping frame 1413393927.8557603
Dropping frame 1413393928.1057606
Dropping frame 1413393928.2057605
Dropping frame 1413393928.4557605
Dropping frame 1413393928.9057605
Dropping frame 1413393929.0057604
Dropping frame 1413393929.3057606
Dropping frame 1413393929.6557603
Dropping frame 1413393929.9557605
Dropping frame 1413393930.1557603
Dropping frame 1413393930.3557603
Dropping frame 1413393930.5557604
Dropping frame 1413393931.0057604
Dropping frame 1413393931.4557605
Dropping frame 1413393932.2057605
Dropping frame 1413393932.5057604
Dropping frame 1413393932.7057605
Dropping frame 1413393932.9057605
Dropping frame 1413393933.2557604
Dropping frame 1413393933.5557604
Dropping frame 1413393933.7557604
Dropping frame 1413393933.8557603
Dropping frame 1413393933.9557605
Dropping frame 1413393934.2557604
Dropping frame 1413393934.5557604
Dropping frame 1413393934.8057606
Dropping frame 1413393935.1057606
Dropping frame 1413393935.4057605
Dropping frame 1413393935.7057605
Dropping frame 1413393935.9057605
Dropping frame 1413393936.0557604
Dropping frame 1413393936.4557605
Dropping frame 1413393936.5557604
Dropping frame 1413393936.9057605
Dropping frame 1413393937.1057606
Dropping frame 1413393937.4057605
Dropping frame 1413393937.6557603
Dropping frame 1413393937.7557604
Dropping frame 1413393937.8557603
Dropping frame 1413393938.1557603
Dropping frame 1413393938.5057604
Dropping frame 1413393938.7057605
Dropping frame 1413393939.0057604
Dropping frame 1413393939.3557603
Dropping frame 1413393939.7557604
Dropping frame 1413393940.2057605
Dropping frame 1413393940.5557604
Dropping frame 1413393940.7557604
Dropping frame 1413393940.9057605
Dropping frame 1413393941.1057606
Dropping frame 1413393941.2057605
Dropping frame 1413393941.4557605
Dropping frame 1413393941.5557604
Dropping frame 1413393941.6557603
Dropping frame 1413393942.0057604
Dropping frame 1413393942.2057605
Dropping frame 1413393942.4057605
Dropping frame 1413393942.5057604
Dropping frame 1413393942.7557604
Dropping frame 1413393942.8557603
Dropping frame 1413393943.0057604
Dropping frame 1413393943.2057605
Dropping frame 1413393943.4057605
Dropping frame 1413393943.5557604
Dropping frame 1413393943.8557603
Dropping frame 1413393944.0557604
Dropping frame 1413393944.2557604
Dropping frame 1413393944.4557605
Dropping frame 1413393944.6557603
Dropping frame 1413393944.8557603
Dropping frame 1413393945.0557604
Dropping frame 1413393945.3557603
Dropping frame 1413393945.5557604
Dropping frame 1413393945.7557604
Dropping frame 1413393945.8557603
Dropping frame 1413393946.1557603
Dropping frame 1413393946.6057606
Dropping frame 1413393947.0557604
Dropping frame 1413393947.5057604
Dropping frame 1413393947.7057605
Dropping frame 1413393947.9057605
Dropping frame 1413393948.3557603
Dropping frame 1413393948.7057605
Dropping frame 1413393949.0557604
Dropping frame 1413393949.1557603
Dropping frame 1413393949.4557605
Dropping frame 1413393949.5557604
Dropping frame 1413393949.8057606
Dropping frame 1413393949.9057605
Dropping frame 1413393950.1057606
Dropping frame 1413393950.4557605
Dropping frame 1413393950.5557604
Dropping frame 1413393950.7557604
Dropping frame 1413393950.8557603
Dropping frame 1413393950.9557605
Dropping frame 1413393951.1557603
Dropping frame 1413393951.3557603
Dropping frame 1413393951.5557604
Dropping frame 1413393951.6557603
Dropping frame 1413393951.8057606
Dropping frame 1413393952.0057604
Dropping frame 1413393952.2057605
Dropping frame 1413393952.4057605
Dropping frame 1413393952.5057604
Dropping frame 1413393952.6057606
Dropping frame 1413393952.7057605
Dropping frame 1413393952.8057606
Dropping frame 1413393953.0057604
Dropping frame 1413393956.0057604
Dropping frame 1413393956.3057606
Dropping frame 1413393956.4057605
Dropping frame 1413393956.5057604
Dropping frame 1413393956.7057605
Dropping frame 1413393956.8057606
Dropping frame 1413393956.9057605
Dropping frame 1413393957.1057606
Dropping frame 1413393957.3557603
Dropping frame 1413393957.7057605
Dropping frame 1413393957.8057606
Dropping frame 1413393957.9057605
Dropping frame 1413393958.1057606
Dropping frame 1413393958.4057605
Dropping frame 1413393958.8057606
Dropping frame 1413393958.9057605
Dropping frame 1413393959.3557603
Dropping frame 1413393959.5057604
Dropping frame 1413393959.8057606
Dropping frame 1413393959.9057605
Dropping frame 1413393960.1557603
Dropping frame 1413393960.5057604
Dropping frame 1413393960.9057605
Dropping frame 1413393961.0057604
Dropping frame 1413393961.1057606
Dropping frame 1413393961.2057605
Dropping frame 1413393961.4557605
Dropping frame 1413393961.5557604
Dropping frame 1413393961.8057606
Dropping frame 1413393962.1557603
Dropping frame 1413393962.2557604
Dropping frame 1413393962.3557603
Dropping frame 1413393962.5057604
Dropping frame 1413393962.7057605
Dropping frame 1413393962.8557603
Dropping frame 1413393962.9557605
Dropping frame 1413393963.2057605
Dropping frame 1413393963.3057606
Dropping frame 1413393963.6057606
Dropping frame 1413393963.7057605
Dropping frame 1413393963.9057605
Dropping frame 1413393964.1057606
Dropping frame 1413393964.2057605
Dropping frame 1413393964.5557604
Dropping frame 1413393964.6557603
Dropping frame 1413393964.7557604
Dropping frame 1413393964.8557603
Dropping frame 1413393965.1057606
Dropping frame 1413393965.2057605
Dropping frame 1413393965.3057606
Dropping frame 1413393965.5057604
Dropping frame 1413393965.6057606
Dropping frame 1413393965.8057606
Dropping frame 1413393965.9557605
Dropping frame 1413393966.0557604
Dropping frame 1413393966.2557604
Dropping frame 1413393966.4557605
Dropping frame 1413393966.6557603
Dropping frame 1413393967.1557603
Dropping frame 1413393967.4057605
Dropping frame 1413393967.5057604
Dropping frame 1413393967.8557603
Dropping frame 1413393968.3557603
Dropping frame 1413393968.5557604
Dropping frame 1413393968.9557605
Dropping frame 1413393969.2557604
Dropping frame 1413393969.4557605
Dropping frame 1413393969.5557604
Dropping frame 1413393969.8057606
Dropping frame 1413393969.9057605
Dropping frame 1413393970.2557604
Dropping frame 1413393970.3557603
Dropping frame 1413393970.6057606
Dropping frame 1413393970.9057605
Dropping frame 1413393971.3057606
Dropping frame 1413393971.6057606
Dropping frame 1413393971.7057605
Dropping frame 1413393972.0057604
Dropping frame 1413393972.1057606
Dropping frame 1413393972.4557605
Dropping frame 1413393972.6057606
Dropping frame 1413393973.2557604
Dropping frame 1413393973.4557605
Dropping frame 1413393973.5557604
Dropping frame 1413393973.8557603
Dropping frame 1413393974.0557604
Dropping frame 1413393974.2557604
Dropping frame 1413393974.3557603
Dropping frame 1413393974.7557604
Dropping frame 1413393974.8557603
Dropping frame 1413393975.1057606
Dropping frame 1413393975.2057605
Dropping frame 1413393975.3057606
Dropping frame 1413393975.5057604
Dropping frame 1413393975.7057605
Dropping frame 1413393975.8057606
Dropping frame 1413393976.1057606
Dropping frame 1413393976.3057606
Dropping frame 1413393976.5557604
Dropping frame 1413393976.8557603
Dropping frame 1413393976.9557605
Dropping frame 1413393977.0557604
Dropping frame 1413393977.2557604
Dropping frame 1413393977.5057604
Dropping frame 1413393977.9057605
Dropping frame 1413393978.2057605
Dropping frame 1413393978.3057606
Dropping frame 1413393979.1057606
Dropping frame 1413393979.2057605
Dropping frame 1413393980.0057604
Dropping frame 1413393980.4057605
Dropping frame 1413393980.6057606
Dropping frame 1413393980.8057606
Dropping frame 1413393981.2057605
Dropping frame 1413393981.3057606
Dropping frame 1413393981.6057606
Dropping frame 1413393981.9557605
Dropping frame 1413393983.4057605
Dropping frame 1413393983.5057604
Dropping frame 1413393983.6057606
Dropping frame 1413393983.7057605
Dropping frame 1413393983.9557605
Dropping frame 1413393984.1557603
Dropping frame 1413393984.2557604
Dropping frame 1413393984.4557605
Dropping frame 1413393984.7057605
Dropping frame 1413393984.8057606
Dropping frame 1413393984.9057605
Dropping frame 1413393985.0057604
Dropping frame 1413393985.1557603
Dropping frame 1413393985.3557603
Dropping frame 1413393985.5557604
Dropping frame 1413393985.6557603
Dropping frame 1413393985.7557604
Dropping frame 1413393985.8557603
Dropping frame 1413393986.1057606
Dropping frame 1413393986.3057606
Dropping frame 1413393986.4057605
Dropping frame 1413393986.5057604
Dropping frame 1413393986.6057606
Dropping frame 1413393986.8057606
Dropping frame 1413393987.0057604
Dropping frame 1413393987.1057606
Dropping frame 1413393987.2057605
Dropping frame 1413393987.4057605
Dropping frame 1413393987.5057604
Dropping frame 1413393987.6057606
Dropping frame 1413393987.7557604
Dropping frame 1413393987.8557603
Dropping frame 1413393988.0557604
Dropping frame 1413393988.2557604
Dropping frame 1413393988.3557603
Dropping frame 1413393988.4557605
Dropping frame 1413393988.6557603
Dropping frame 1413393988.8557603
Dropping frame 1413393989.0557604
Dropping frame 1413393989.1557603
Dropping frame 1413393989.2557604
Dropping frame 1413393989.4557605
Dropping frame 1413393989.5557604
Dropping frame 1413393989.6557603
Dropping frame 1413393989.8557603
Dropping frame 1413393989.9557605
Dropping frame 1413393990.0557604
Dropping frame 1413393990.2557604
Dropping frame 1413393990.4557605
Dropping frame 1413393990.5557604
Dropping frame 1413393990.7557604
Dropping frame 1413393990.8557603
Dropping frame 1413393990.9557605
Dropping frame 1413393991.1557603
Dropping frame 1413393991.2557604
Dropping frame 1413393991.3557603
Dropping frame 1413393991.5557604
Dropping frame 1413393991.6557603
Dropping frame 1413393991.7557604
Dropping frame 1413393991.9557605
Dropping frame 1413393992.1557603
Dropping frame 1413393992.3557603
Dropping frame 1413393992.5557604
Dropping frame 1413393992.7557604
Dropping frame 1413393992.8557603
Dropping frame 1413393992.9557605
Dropping frame 1413393993.1557603
Dropping frame 1413393993.2557604
Dropping frame 1413393993.4057605
Dropping frame 1413393993.5557604
Dropping frame 1413393993.7057605
Dropping frame 1413393993.8057606
Dropping frame 1413393993.9057605
Dropping frame 1413393994.1057606
Dropping frame 1413393994.3557603
Dropping frame 1413393994.4557605
Dropping frame 1413393994.5557604
Dropping frame 1413393994.8057606
Dropping frame 1413393995.0557604
Dropping frame 1413393995.1557603
Dropping frame 1413393995.2557604
Dropping frame 1413393995.5057604
Dropping frame 1413393995.6557603
Dropping frame 1413393995.8557603
Dropping frame 1413393996.2057605
Dropping frame 1413393996.3057606
Dropping frame 1413393996.6057606
Dropping frame 1413393996.9557605
Dropping frame 1413393997.0557604
Dropping frame 1413393997.3557603
Dropping frame 1413393997.4557605
Dropping frame 1413393997.6057606
Dropping frame 1413393997.7057605
Dropping frame 1413393997.9057605
Dropping frame 1413393998.1057606
Dropping frame 1413393998.3057606
Dropping frame 1413393998.4057605
Dropping frame 1413393998.5057604
Dropping frame 1413393998.7057605
Dropping frame 1413393998.9057605
Dropping frame 1413393999.1057606
Dropping frame 1413393999.2557604
Dropping frame 1413393999.4557605
Dropping frame 1413393999.5557604
Dropping frame 1413393999.8557603
Dropping frame 1413393999.9557605
Dropping frame 1413394000.2057605
Dropping frame 1413394000.7057605
Dropping frame 1413394000.8057606
Dropping frame 1413394001.4057605
Dropping frame 1413394001.5057604
Dropping frame 1413394001.9557605
Dropping frame 1413394002.1557603
Dropping frame 1413394002.2557604
Dropping frame 1413394002.5057604
Dropping frame 1413394002.6057606
Dropping frame 1413394002.8557603
Dropping frame 1413394002.9557605
Dropping frame 1413394003.1557603
Dropping frame 1413394003.3557603
Shutdown
SLAM Finished at System Time: 1746884351.85162

 TIME STATS in ms (mean$\pm$std)
OpenCV version: 4.8.1
---------------------------
Tracking

ORB Extraction: 16.538$\pm$1.971
Stereo Matching: 8.347$\pm$2.2556
IMU Preintegration: 0.25317$\pm$0.10531
Pose Prediction: 0.33405$\pm$1.4004
LM Track: 19.505$\pm$4.1976
New KF decision: 2.0999$\pm$3.6203
Total Tracking: 31.915$\pm$25.605



Local Mapping

KF Insertion: 13.544$\pm$3.9615
MP Culling: 0.79116$\pm$0.29755
MP Creation: 46.297$\pm$15.827
LBA: 147.64$\pm$37.181
KF Culling: 17.577$\pm$10.638
Total Local Mapping: 226$\pm$60.024
---------------------------

LBA complexity (mean$\pm$std)
LBA Edges: 3612.5$\pm$1045.9
LBA KF optimized: 6.5$\pm$2.2913
LBA KF fixed: 1$\pm$0
LBA MP: nan$\pm$nan

LBA executions: 416
LBA aborts: 0
---------------------------

Map complexity
KFs in map: 141
MPs in map: 10583
---------------------------

Place Recognition (mean$\pm$std)
Database Query: 1.6767$\pm$0.90477
SE3 estimation: 16.467$\pm$13.941
Total Place Recognition: 15.547$\pm$14.785


Loop Closing (mean$\pm$std)
Loop Fusion: 41.139$\pm$0
Essential Graph: 61.868$\pm$0
Total Loop Closing: 134.03$\pm$0

Num exec: 1
Number of KFs: nan$\pm$nan

Map Merging (mean$\pm$std)
Merge Maps: nan$\pm$nan
Welding BA: nan$\pm$nan
Optimization Ess.: nan$\pm$nan
Total Map Merging: nan$\pm$nan

Num exec: 0
Number of KFs: nan$\pm$nan
Number of MPs: nan$\pm$nan

Full GBA (mean$\pm$std)
GBA: 520.73$\pm$0
Map Update: 8.1879$\pm$0
Total Full GBA: 528.92$\pm$0

Num exec: 1
Num abort: 0
Number of KFs: 69$\pm$0
Number of MPs: 6765$\pm$0

Saving trajectory to f_dataset-V202_stereo_imu.txt ...
There are 1 maps in the atlas
  Map 0 has 141 KFs

End of saving trajectory to f_dataset-V202_stereo_imu.txt ...

Saving keyframe trajectory to kf_dataset-V202_stereo_imu.txt ...
