num_seq = 1
file name: dataset-MH04_stereo_imu
Loading images for sequence 0...LOADED!
Loading IMU for sequence 0...LOADED!

-------

ORB-SLAM3 Copyright (C) 2017-2020 Carlos Campos, Richard Elvira, Juan J. Gómez, José M.M. Montiel and Juan D. Tardós, University of Zaragoza.
ORB-SLAM2 Copyright (C) 2014-2016 Raúl Mur-Artal, José M.M. Montiel and Juan D. Tardós, University of Zaragoza.
This program comes with ABSOLUTELY NO WARRANTY;
This is free software, and you are welcome to redistribute it
under certain conditions. See LICENSE.txt.

Built with REGISTER_TIMES
Git Commit Hash: 2d47524

Build Type: Release

Compiled with C++ version: 201703

Input sensor was set to: Stereo-Inertial
Loading settings from EuRoC_fov_deadlines_mask_15x15.yaml
	-Loaded camera 1
	-Loaded camera 2
	-Loaded image info
	-Loaded IMU calibration
	-Loaded ORB settings
	-Loaded viewer settings
	-Loaded Atlas settings
Deadlines enabled, will skip frames!
FOV enabled
Static mask size: 15x15
Dumping map points enabled
	-Loaded misc parameters
	-Computed rectification maps
----------------------------------
SLAM settings: 
	-Camera 1 parameters (Pinhole): [ 458.65399169921875 457.29598999023438 367.21499633789062 248.375 ]
	-Camera 1 distortion parameters: [  -0.28340810537338257 0.073959067463874817 0.00019359000725671649 1.7618711353861727e-05 ]
	-Camera 2 parameters (Pinhole: [ 457.58700561523438 456.13400268554688 379.99899291992188 255.23800659179688 ]
	-Camera 1 distortion parameters: [  -0.2836836576461792 0.074512839317321777 -0.00010473000293131918 -3.555907096597366e-05 ]
	-Original image size: [ 752 , 480 ]
	-Current image size: [ 752 , 480 ]
	-Camera 1 parameters after rectification: [  456.71499633789062 456.71499633789062 364.52615356445312 257.268798828125 ]
	-Sequence FPS: 20
	-Stereo baseline: 0.11007784307003021
	-Stereo depth threshold : 60
	-Gyro noise: 0.00016999999934341758
	-Accelerometer noise: 0.0020000000949949026
	-Gyro walk: 1.9392999092815444e-05
	-Accelerometer walk: 0.0030000000260770321
	-IMU frequency: 200
	-Features per image: 1200
	-ORB scale factor: 1.2000000476837158
	-ORB number of scales: 8
	-Initial FAST threshold: 20
	-Min FAST threshold: 7


Loading ORB Vocabulary. This could take a while...
Vocabulary loaded!

Initialization of Atlas from scratch 
Creation of new map with id: 0
Creation of new map with last KF id: 0
Seq. Name: 
There are 1 cameras in the atlas
Camera 0 is pinhole
SLAM Started at System Time: 1742765295.94537
not IMU meas
not IMU meas
not enough acceleration
not enough acceleration
not enough acceleration
not enough acceleration
not enough acceleration
not enough acceleration
not enough acceleration
not enough acceleration
not enough acceleration
not enough acceleration
not enough acceleration
not enough acceleration
not enough acceleration
not enough acceleration
not enough acceleration
not enough acceleration
not enough acceleration
not enough acceleration
not enough acceleration
not enough acceleration
not enough acceleration
not enough acceleration
not enough acceleration
not enough acceleration
not enough acceleration
not enough acceleration
not enough acceleration
not enough acceleration
not enough acceleration
not enough acceleration
First KF:0; Map init KF:0
New Map created with 149 points
Active map: 0
Dropping frame 1403638130.195097
Dropping frame 1403638130.445097
Dropping frame 1403638130.7450969
Dropping frame 1403638130.895097
Dropping frame 1403638131.195097
Dropping frame 1403638131.445097
Dropping frame 1403638131.5450969
Dropping frame 1403638131.645097
Dropping frame 1403638131.7950971
Dropping frame 1403638131.9950972
Dropping frame 1403638132.0950971
Dropping frame 1403638132.195097
Dropping frame 1403638132.445097
Dropping frame 1403638132.645097
Dropping frame 1403638132.8450971
Dropping frame 1403638132.945097
Dropping frame 1403638133.145097
Dropping frame 1403638133.445097
Dropping frame 1403638133.7950971
start VIBA 1
Dropping frame 1403638134.145097
end VIBA 1
Dropping frame 1403638134.2450969
Dropping frame 1403638134.4950972
Dropping frame 1403638134.5950971
Dropping frame 1403638134.8450971
Dropping frame 1403638135.0450969
Dropping frame 1403638135.145097
Dropping frame 1403638135.2450969
Dropping frame 1403638135.445097
Dropping frame 1403638135.5450969
Dropping frame 1403638135.645097
Dropping frame 1403638135.945097
Dropping frame 1403638136.0450969
Dropping frame 1403638136.145097
Dropping frame 1403638136.3450971
Dropping frame 1403638136.5450969
Dropping frame 1403638136.695097
Dropping frame 1403638137.0450969
Dropping frame 1403638137.2450969
Dropping frame 1403638137.3450971
Dropping frame 1403638137.445097
Dropping frame 1403638137.5450969
Dropping frame 1403638137.7450969
Dropping frame 1403638137.945097
Dropping frame 1403638138.0450969
Dropping frame 1403638138.145097
Dropping frame 1403638138.2450969
Dropping frame 1403638138.445097
Dropping frame 1403638138.5450969
Dropping frame 1403638138.645097
Not enough motion for initializing. Reseting...
TRACK: Reset map because local mapper set the bad imu flag 
LM: Active map reset recieved
LM: Active map reset, waiting...
LM: Reseting current map in Local Mapping...
LM: End reseting Local Mapping...
LM: Reset free the mutex
LM: Active map reset, Done!!!
mnFirstFrameId = 32
mnInitialFrameId = 0
147 Frames set to lost
not IMU meas
not enough acceleration
Dropping frame 1403638138.8450971
not enough acceleration
not enough acceleration
not enough acceleration
Dropping frame 1403638139.0450969
not enough acceleration
not enough acceleration
First KF:41; Map init KF:0
New Map created with 178 points
Active map: 0
Dropping frame 1403638139.2450969
Dropping frame 1403638139.3450971
Dropping frame 1403638139.445097
Dropping frame 1403638139.645097
Dropping frame 1403638139.8450971
Dropping frame 1403638140.0450969
Dropping frame 1403638140.145097
Dropping frame 1403638140.2450969
Dropping frame 1403638140.3450971
Dropping frame 1403638140.445097
Dropping frame 1403638140.645097
Dropping frame 1403638140.8450971
Dropping frame 1403638141.0450969
Dropping frame 1403638141.145097
Dropping frame 1403638141.2450969
Dropping frame 1403638141.445097
Dropping frame 1403638141.5950971
Dropping frame 1403638141.7950971
Dropping frame 1403638142.0450969
Dropping frame 1403638142.145097
Dropping frame 1403638142.2450969
Dropping frame 1403638142.3450971
Not enough motion for initializing. Reseting...
TRACK: Reset map because local mapper set the bad imu flag 
LM: Reseting current map in Local Mapping...
LM: End reseting Local Mapping...
LM: Reset free the mutex
LM: Active map reset recieved
LM: Active map reset, waiting...
LM: Reseting current map in Local Mapping...
LM: End reseting Local Mapping...
LM: Reset free the mutex
LM: Active map reset, Done!!!
mnFirstFrameId = 187
mnInitialFrameId = 179
190 Frames set to lost
not IMU meas
not enough acceleration
not enough acceleration
Dropping frame 1403638142.645097
First KF:52; Map init KF:41
New Map created with 179 points
Active map: 0
Dropping frame 1403638142.7450969
Dropping frame 1403638143.145097
Dropping frame 1403638143.3450971
Dropping frame 1403638144.4950972
Dropping frame 1403638144.945097
Dropping frame 1403638145.195097
Dropping frame 1403638145.2450969
Not enough motion for initializing. Reseting...
TRACK: Reset map because local mapper set the bad imu flag 
LM: Reseting current map in Local Mapping...
LM: End reseting Local Mapping...
LM: Reset free the mutex
LM: Active map reset recieved
LM: Active map reset, waiting...
LM: Reseting current map in Local Mapping...
LM: End reseting Local Mapping...
LM: Reset free the mutex
LM: Active map reset, Done!!!
mnFirstFrameId = 234
mnInitialFrameId = 230
240 Frames set to lost
not IMU meas
not enough acceleration
not enough acceleration
not enough acceleration
not enough acceleration
not enough acceleration
not enough acceleration
not enough acceleration
not enough acceleration
not enough acceleration
not enough acceleration
not enough acceleration
not enough acceleration
not enough acceleration
not enough acceleration
not enough acceleration
not enough acceleration
not enough acceleration
not enough acceleration
not enough acceleration
not enough acceleration
not enough acceleration
not enough acceleration
not enough acceleration
not enough acceleration
not enough acceleration
not enough acceleration
not enough acceleration
not enough acceleration
not enough acceleration
not enough acceleration
not enough acceleration
not enough acceleration
not enough acceleration
not enough acceleration
not enough acceleration
not enough acceleration
not enough acceleration
not enough acceleration
not enough acceleration
not enough acceleration
not enough acceleration
not enough acceleration
not enough acceleration
First KF:63; Map init KF:52
New Map created with 189 points
Active map: 0
Dropping frame 1403638150.645097
start VIBA 1
end VIBA 1
Dropping frame 1403638156.5450969
Dropping frame 1403638156.8450971
Dropping frame 1403638157.395097
Dropping frame 1403638157.5950971
Dropping frame 1403638157.695097
Dropping frame 1403638157.8450971
Dropping frame 1403638158.0950971
Dropping frame 1403638158.195097
Dropping frame 1403638158.3450971
Dropping frame 1403638158.4950972
Dropping frame 1403638158.5950971
Dropping frame 1403638158.695097
Dropping frame 1403638158.7950971
Dropping frame 1403638158.895097
Dropping frame 1403638158.9950972
Dropping frame 1403638159.0950971
Dropping frame 1403638159.195097
Dropping frame 1403638159.3450971
Dropping frame 1403638159.445097
Dropping frame 1403638159.5450969
Dropping frame 1403638159.645097
Dropping frame 1403638159.7450969
Dropping frame 1403638159.895097
Dropping frame 1403638160.0950971
Dropping frame 1403638160.195097
Dropping frame 1403638160.2950971
Dropping frame 1403638160.395097
Dropping frame 1403638160.7450969
Dropping frame 1403638160.895097
Dropping frame 1403638161.2450969
Dropping frame 1403638161.3450971
Dropping frame 1403638161.5950971
Dropping frame 1403638161.695097
Dropping frame 1403638161.7950971
Dropping frame 1403638161.945097
Dropping frame 1403638162.0950971
Dropping frame 1403638162.195097
Dropping frame 1403638162.3450971
Dropping frame 1403638162.5450969
Dropping frame 1403638162.7950971
Dropping frame 1403638162.895097
Dropping frame 1403638162.9950972
start VIBA 2
Dropping frame 1403638163.2450969
Dropping frame 1403638163.395097
end VIBA 2
Dropping frame 1403638163.7450969
Dropping frame 1403638164.145097
Dropping frame 1403638164.395097
Dropping frame 1403638165.145097
Dropping frame 1403638165.3450971
Dropping frame 1403638165.4950972
Dropping frame 1403638165.5950971
Dropping frame 1403638165.695097
Dropping frame 1403638165.7950971
Dropping frame 1403638165.945097
Dropping frame 1403638166.145097
Dropping frame 1403638166.2450969
Dropping frame 1403638166.3450971
Dropping frame 1403638166.4950972
Dropping frame 1403638166.695097
Dropping frame 1403638166.7950971
Dropping frame 1403638166.945097
Dropping frame 1403638167.0450969
Dropping frame 1403638167.395097
Dropping frame 1403638167.895097
Dropping frame 1403638168.0950971
Dropping frame 1403638168.195097
Dropping frame 1403638168.2950971
Dropping frame 1403638168.5950971
Dropping frame 1403638168.695097
Dropping frame 1403638168.7950971
Dropping frame 1403638168.895097
Dropping frame 1403638168.9950972
Dropping frame 1403638169.0950971
Dropping frame 1403638169.195097
Dropping frame 1403638169.2950971
Dropping frame 1403638169.395097
Dropping frame 1403638169.4950972
Dropping frame 1403638169.695097
Dropping frame 1403638169.7950971
Dropping frame 1403638169.895097
Dropping frame 1403638170.0950971
Dropping frame 1403638170.2950971
Dropping frame 1403638170.395097
Dropping frame 1403638170.5950971
Dropping frame 1403638170.695097
Dropping frame 1403638170.7950971
Dropping frame 1403638171.0450969
Dropping frame 1403638171.2450969
Dropping frame 1403638171.3450971
Dropping frame 1403638171.5450969
Dropping frame 1403638171.645097
Dropping frame 1403638171.8450971
Dropping frame 1403638172.0450969
Dropping frame 1403638172.2450969
Dropping frame 1403638172.445097
Dropping frame 1403638172.645097
Dropping frame 1403638172.8450971
Dropping frame 1403638173.0450969
Dropping frame 1403638173.2450969
Dropping frame 1403638173.3450971
Dropping frame 1403638173.5450969
Dropping frame 1403638173.7450969
Dropping frame 1403638173.945097
Dropping frame 1403638174.145097
Dropping frame 1403638174.3450971
Dropping frame 1403638174.445097
Dropping frame 1403638174.645097
Dropping frame 1403638174.7450969
Dropping frame 1403638174.8450971
Dropping frame 1403638175.0450969
Dropping frame 1403638175.2450969
Dropping frame 1403638175.445097
Dropping frame 1403638175.645097
Dropping frame 1403638175.7450969
Dropping frame 1403638175.8450971
Dropping frame 1403638175.945097
Dropping frame 1403638176.0450969
Dropping frame 1403638176.145097
Dropping frame 1403638176.3450971
Dropping frame 1403638176.445097
Dropping frame 1403638176.645097
Dropping frame 1403638176.7450969
Dropping frame 1403638176.8450971
Dropping frame 1403638176.945097
Dropping frame 1403638177.0950971
Dropping frame 1403638177.2950971
Dropping frame 1403638177.4950972
Dropping frame 1403638177.5950971
Dropping frame 1403638177.695097
Dropping frame 1403638178.0950971
Dropping frame 1403638178.2950971
Dropping frame 1403638178.395097
Dropping frame 1403638178.5950971
Dropping frame 1403638178.695097
Dropping frame 1403638178.895097
Dropping frame 1403638179.0950971
Dropping frame 1403638179.195097
Dropping frame 1403638179.395097
Dropping frame 1403638179.4950972
Dropping frame 1403638179.5950971
Dropping frame 1403638179.7950971
Dropping frame 1403638179.895097
Dropping frame 1403638179.9950972
Dropping frame 1403638180.0950971
Dropping frame 1403638180.2950971
Dropping frame 1403638180.4950972
Dropping frame 1403638180.695097
Dropping frame 1403638180.7950971
Dropping frame 1403638181.145097
Dropping frame 1403638181.3450971
Dropping frame 1403638181.4950972
Dropping frame 1403638181.5950971
Dropping frame 1403638181.695097
Dropping frame 1403638181.945097
Dropping frame 1403638182.0450969
Dropping frame 1403638182.2950971
Dropping frame 1403638182.395097
Dropping frame 1403638182.5950971
Dropping frame 1403638182.695097
Dropping frame 1403638182.7950971
Dropping frame 1403638183.0450969
Dropping frame 1403638183.145097
Dropping frame 1403638183.2450969
Dropping frame 1403638183.3450971
Dropping frame 1403638183.445097
Dropping frame 1403638183.5450969
Dropping frame 1403638183.7450969
Dropping frame 1403638183.9950972
Dropping frame 1403638184.0950971
Dropping frame 1403638184.2950971
Dropping frame 1403638184.395097
Dropping frame 1403638184.4950972
Dropping frame 1403638184.695097
Dropping frame 1403638184.7950971
Dropping frame 1403638184.9950972
Dropping frame 1403638185.195097
Dropping frame 1403638185.395097
Dropping frame 1403638185.5950971
Dropping frame 1403638185.695097
Dropping frame 1403638185.895097
Dropping frame 1403638185.9950972
Dropping frame 1403638186.0950971
Dropping frame 1403638186.2950971
Dropping frame 1403638186.4950972
Dropping frame 1403638186.695097
Dropping frame 1403638186.7950971
Dropping frame 1403638186.9950972
Dropping frame 1403638187.0950971
Dropping frame 1403638187.195097
Dropping frame 1403638187.395097
Dropping frame 1403638187.5950971
Dropping frame 1403638187.695097
Dropping frame 1403638187.895097
Dropping frame 1403638188.0950971
Dropping frame 1403638188.195097
Dropping frame 1403638188.2950971
Dropping frame 1403638188.395097
Dropping frame 1403638188.4950972
Dropping frame 1403638188.7450969
Dropping frame 1403638188.8450971
Dropping frame 1403638188.9950972
Dropping frame 1403638189.0950971
Dropping frame 1403638189.2950971
Dropping frame 1403638189.395097
Dropping frame 1403638189.5950971
Dropping frame 1403638189.695097
Dropping frame 1403638189.7950971
Dropping frame 1403638189.9950972
Dropping frame 1403638190.195097
Dropping frame 1403638190.395097
Dropping frame 1403638190.5450969
Dropping frame 1403638190.9950972
Dropping frame 1403638191.195097
Dropping frame 1403638191.395097
Dropping frame 1403638191.5950971
Dropping frame 1403638191.7950971
Dropping frame 1403638191.9950972
Dropping frame 1403638192.195097
Dropping frame 1403638192.395097
Dropping frame 1403638192.5950971
Dropping frame 1403638192.7450969
Dropping frame 1403638192.945097
Dropping frame 1403638193.145097
Dropping frame 1403638193.3450971
Dropping frame 1403638193.7450969
Dropping frame 1403638193.945097
Dropping frame 1403638194.145097
Dropping frame 1403638194.2450969
Dropping frame 1403638194.4950972
Dropping frame 1403638194.695097
Dropping frame 1403638194.895097
Dropping frame 1403638194.9950972
Dropping frame 1403638195.2950971
Dropping frame 1403638195.7450969
Dropping frame 1403638195.8450971
Dropping frame 1403638195.945097
Dropping frame 1403638196.145097
Dropping frame 1403638196.3450971
Dropping frame 1403638196.445097
Dropping frame 1403638196.7450969
Dropping frame 1403638196.8450971
Dropping frame 1403638197.0950971
Dropping frame 1403638197.195097
Dropping frame 1403638197.395097
Dropping frame 1403638197.4950972
Dropping frame 1403638197.5950971
Dropping frame 1403638197.7950971
Dropping frame 1403638197.945097
Dropping frame 1403638198.145097
Dropping frame 1403638198.2450969
Dropping frame 1403638198.4950972
Dropping frame 1403638198.5950971
Dropping frame 1403638198.695097
Dropping frame 1403638198.895097
Dropping frame 1403638199.195097
Dropping frame 1403638199.395097
Dropping frame 1403638199.7450969
Dropping frame 1403638200.0950971
Dropping frame 1403638200.3450971
Dropping frame 1403638200.645097
Dropping frame 1403638200.895097
Dropping frame 1403638201.0950971
Dropping frame 1403638201.195097
Dropping frame 1403638201.445097
Dropping frame 1403638201.645097
Dropping frame 1403638202.0950971
Dropping frame 1403638202.195097
Dropping frame 1403638202.4950972
Dropping frame 1403638202.5950971
Dropping frame 1403638203.0450969
Dropping frame 1403638203.5450969
Dropping frame 1403638203.7450969
Dropping frame 1403638203.945097
Dropping frame 1403638204.0450969
Dropping frame 1403638204.695097
Dropping frame 1403638204.895097
Dropping frame 1403638205.0950971
Dropping frame 1403638205.2950971
Dropping frame 1403638205.395097
Dropping frame 1403638205.5950971
Dropping frame 1403638205.695097
Dropping frame 1403638205.945097
Dropping frame 1403638206.0450969
Dropping frame 1403638206.145097
Dropping frame 1403638206.3450971
Dropping frame 1403638206.5450969
Dropping frame 1403638206.7450969
Dropping frame 1403638206.8450971
Dropping frame 1403638206.945097
Dropping frame 1403638207.0450969
Dropping frame 1403638207.145097
Dropping frame 1403638207.2450969
Dropping frame 1403638207.4950972
Dropping frame 1403638207.5950971
Dropping frame 1403638207.8450971
Dropping frame 1403638208.0450969
Dropping frame 1403638208.195097
Dropping frame 1403638208.395097
Dropping frame 1403638208.5950971
Dropping frame 1403638208.895097
Dropping frame 1403638208.9950972
Dropping frame 1403638209.2450969
Dropping frame 1403638209.445097
Dropping frame 1403638209.5450969
Dropping frame 1403638209.7950971
Dropping frame 1403638209.9950972
Dropping frame 1403638210.195097
Dropping frame 1403638210.3450971
Dropping frame 1403638210.5450969
Dropping frame 1403638210.7450969
Dropping frame 1403638210.945097
Dropping frame 1403638211.145097
Dropping frame 1403638211.2950971
Dropping frame 1403638211.4950972
Dropping frame 1403638211.645097
Dropping frame 1403638211.8450971
Dropping frame 1403638212.145097
Dropping frame 1403638212.3450971
Dropping frame 1403638212.445097
Dropping frame 1403638212.5450969
Dropping frame 1403638212.895097
Dropping frame 1403638212.9950972
Dropping frame 1403638213.0950971
Dropping frame 1403638213.2950971
Dropping frame 1403638213.395097
Dropping frame 1403638213.5950971
Dropping frame 1403638213.7950971
Dropping frame 1403638213.9950972
Dropping frame 1403638214.195097
Dropping frame 1403638214.395097
Dropping frame 1403638214.5950971
Dropping frame 1403638214.7450969
Dropping frame 1403638215.195097
Dropping frame 1403638215.2950971
Dropping frame 1403638215.4950972
Dropping frame 1403638215.695097
Dropping frame 1403638215.895097
Dropping frame 1403638216.0950971
Dropping frame 1403638216.5950971
Dropping frame 1403638216.7950971
Dropping frame 1403638217.145097
Dropping frame 1403638217.445097
Dropping frame 1403638217.5950971
Dropping frame 1403638217.9950972
Dropping frame 1403638218.445097
Dropping frame 1403638218.645097
Dropping frame 1403638218.945097
Dropping frame 1403638219.145097
Dropping frame 1403638219.2450969
Dropping frame 1403638219.4950972
Dropping frame 1403638219.7950971
Dropping frame 1403638220.0950971
Dropping frame 1403638220.2450969
Dropping frame 1403638220.5950971
Dropping frame 1403638220.895097
Dropping frame 1403638221.2450969
Dropping frame 1403638221.3450971
Dropping frame 1403638221.5950971
Dropping frame 1403638222.145097
Dropping frame 1403638223.5450969
Dropping frame 1403638223.8450971
Dropping frame 1403638224.145097
Dropping frame 1403638224.4950972
Dropping frame 1403638224.695097
Dropping frame 1403638224.895097
Dropping frame 1403638225.2450969
Dropping frame 1403638225.645097
Dropping frame 1403638225.8450971
Dropping frame 1403638226.145097
Dropping frame 1403638227.445097
Dropping frame 1403638227.895097
Shutdown
SLAM Finished at System Time: 1742765419.13343

 TIME STATS in ms (mean$\pm$std)
OpenCV version: 4.8.1
---------------------------
Tracking

ORB Extraction: 19.31$\pm$2.4019
Stereo Matching: 8.2059$\pm$2.0487
IMU Preintegration: 0.21466$\pm$0.090167
Pose Prediction: 0.62841$\pm$1.4938
LM Track: 17.408$\pm$6.2019
New KF decision: 1.1042$\pm$1.8923
Total Tracking: 32.185$\pm$25.443



Local Mapping

KF Insertion: 14.233$\pm$5.2749
MP Culling: 0.46383$\pm$0.21697
MP Creation: 42.191$\pm$16.941
LBA: 141.92$\pm$48.94
KF Culling: 10.763$\pm$10.046
Total Local Mapping: 208.64$\pm$75.046
---------------------------

LBA complexity (mean$\pm$std)
LBA Edges: 1482.1$\pm$1032.1
LBA KF optimized: 6.5$\pm$2.2913
LBA KF fixed: 1$\pm$0
LBA MP: nan$\pm$nan

LBA executions: 377
LBA aborts: 0
---------------------------

Map complexity
KFs in map: 168
MPs in map: 13250
---------------------------

Place Recognition (mean$\pm$std)
Database Query: 2.3561$\pm$1.2888
SE3 estimation: 28.217$\pm$18.306
Total Place Recognition: 20.674$\pm$21.283


Loop Closing (mean$\pm$std)
Loop Fusion: nan$\pm$nan
Essential Graph: nan$\pm$nan
Total Loop Closing: nan$\pm$nan

Num exec: 0
Number of KFs: nan$\pm$nan

Map Merging (mean$\pm$std)
Merge Maps: nan$\pm$nan
Welding BA: nan$\pm$nan
Optimization Ess.: nan$\pm$nan
Total Map Merging: nan$\pm$nan

Num exec: 0
Number of KFs: nan$\pm$nan
Number of MPs: nan$\pm$nan

Full GBA (mean$\pm$std)
GBA: nan$\pm$nan
Map Update: nan$\pm$nan
Total Full GBA: nan$\pm$nan

Num exec: 0
Num abort: 0
Number of KFs: nan$\pm$nan
Number of MPs: nan$\pm$nan

Saving trajectory to f_dataset-MH04_stereo_imu.txt ...
There are 1 maps in the atlas
  Map 0 has 168 KFs

End of saving trajectory to f_dataset-MH04_stereo_imu.txt ...

Saving keyframe trajectory to kf_dataset-MH04_stereo_imu.txt ...
