num_seq = 1
file name: dataset-MH02_stereo_imu
Loading images for sequence 0...LOADED!
Loading IMU for sequence 0...LOADED!

-------

ORB-SLAM3 Copyright (C) 2017-2020 Carlos Campos, Richard Elvira, Juan J. Gómez, José M.M. Montiel and Juan D. Tardós, University of Zaragoza.
ORB-SLAM2 Copyright (C) 2014-2016 Raúl Mur-Artal, José M.M. Montiel and Juan D. Tardós, University of Zaragoza.
This program comes with ABSOLUTELY NO WARRANTY;
This is free software, and you are welcome to redistribute it
under certain conditions. See LICENSE.txt.

Built with REGISTER_TIMES
Git Commit Hash: 2d47524

Build Type: Release

Compiled with C++ version: 201703

Input sensor was set to: Stereo-Inertial
Loading settings from EuRoC_fov_deadlines_mask_6x6.yaml
	-Loaded camera 1
	-Loaded camera 2
	-Loaded image info
	-Loaded IMU calibration
	-Loaded ORB settings
	-Loaded viewer settings
	-Loaded Atlas settings
Deadlines enabled, will skip frames!
FOV enabled
Static mask size: 6x6
Dumping map points enabled
	-Loaded misc parameters
	-Computed rectification maps
----------------------------------
SLAM settings: 
	-Camera 1 parameters (Pinhole): [ 458.65399169921875 457.29598999023438 367.21499633789062 248.375 ]
	-Camera 1 distortion parameters: [  -0.28340810537338257 0.073959067463874817 0.00019359000725671649 1.7618711353861727e-05 ]
	-Camera 2 parameters (Pinhole: [ 457.58700561523438 456.13400268554688 379.99899291992188 255.23800659179688 ]
	-Camera 1 distortion parameters: [  -0.2836836576461792 0.074512839317321777 -0.00010473000293131918 -3.555907096597366e-05 ]
	-Original image size: [ 752 , 480 ]
	-Current image size: [ 752 , 480 ]
	-Camera 1 parameters after rectification: [  456.71499633789062 456.71499633789062 364.52615356445312 257.268798828125 ]
	-Sequence FPS: 20
	-Stereo baseline: 0.11007784307003021
	-Stereo depth threshold : 60
	-Gyro noise: 0.00016999999934341758
	-Accelerometer noise: 0.0020000000949949026
	-Gyro walk: 1.9392999092815444e-05
	-Accelerometer walk: 0.0030000000260770321
	-IMU frequency: 200
	-Features per image: 1200
	-ORB scale factor: 1.2000000476837158
	-ORB number of scales: 8
	-Initial FAST threshold: 20
	-Min FAST threshold: 7


Loading ORB Vocabulary. This could take a while...
Vocabulary loaded!

Initialization of Atlas from scratch 
Creation of new map with id: 0
Creation of new map with last KF id: 0
Seq. Name: 
There are 1 cameras in the atlas
Camera 0 is pinhole
SLAM Started at System Time: 1743050615.58659
not IMU meas
not IMU meas
not enough acceleration
not enough acceleration
not enough acceleration
not enough acceleration
not enough acceleration
not enough acceleration
First KF:0; Map init KF:0
New Map created with 175 points
Active map: 0
Dropping frame 1403636859.6016665
Dropping frame 1403636859.9516664
Dropping frame 1403636860.3016665
Dropping frame 1403636860.7016666
Dropping frame 1403636861.4516664
Dropping frame 1403636861.8516665
Dropping frame 1403636862.1016665
Dropping frame 1403636862.2016666
Dropping frame 1403636862.6516664
Dropping frame 1403636863.7016666
Dropping frame 1403636863.9016666
Dropping frame 1403636864.0016665
Dropping frame 1403636864.3516665
Dropping frame 1403636864.5516665
start VIBA 1
end VIBA 1
Dropping frame 1403636865.4516664
Dropping frame 1403636865.8516665
Dropping frame 1403636865.9516664
Dropping frame 1403636866.5016665
Dropping frame 1403636866.6516664
Dropping frame 1403636867.7016666
Dropping frame 1403636868.0516665
Dropping frame 1403636868.3016665
Dropping frame 1403636868.6016665
Dropping frame 1403636868.7016666
Dropping frame 1403636868.9016666
Dropping frame 1403636869.0016665
Dropping frame 1403636869.1016665
Dropping frame 1403636870.8516665
Dropping frame 1403636871.6516664
Dropping frame 1403636872.0016665
Dropping frame 1403636873.0016665
Dropping frame 1403636873.9516664
Dropping frame 1403636874.2516665
Dropping frame 1403636874.8516665
Dropping frame 1403636875.1016665
start VIBA 2
end VIBA 2
Dropping frame 1403636877.7516665
Dropping frame 1403636882.8516665
Dropping frame 1403636884.3016665
Dropping frame 1403636884.6516664
Dropping frame 1403636886.0016665
Dropping frame 1403636902.3016665
Dropping frame 1403636904.1016665
Dropping frame 1403636904.3016665
Dropping frame 1403636904.5516665
Dropping frame 1403636904.9016666
Dropping frame 1403636905.2016666
Dropping frame 1403636905.3516665
Dropping frame 1403636905.4516664
Dropping frame 1403636905.5516665
Dropping frame 1403636905.7016666
Dropping frame 1403636906.0016665
Dropping frame 1403636906.1016665
Dropping frame 1403636906.2016666
Dropping frame 1403636906.4516664
Dropping frame 1403636906.8516665
Dropping frame 1403636907.0516665
Dropping frame 1403636907.2516665
Dropping frame 1403636907.4016666
Dropping frame 1403636907.7516665
Dropping frame 1403636908.3016665
Dropping frame 1403636908.7516665
Dropping frame 1403636908.9016666
Dropping frame 1403636909.4016666
Dropping frame 1403636909.5016665
Dropping frame 1403636909.6016665
Dropping frame 1403636909.8016665
Dropping frame 1403636910.1516664
Dropping frame 1403636910.2516665
Dropping frame 1403636910.6516664
Dropping frame 1403636910.7516665
Dropping frame 1403636910.8516665
Dropping frame 1403636911.0016665
Dropping frame 1403636911.2016666
Dropping frame 1403636911.4516664
Dropping frame 1403636911.6516664
Dropping frame 1403636911.8516665
Dropping frame 1403636911.9516664
Dropping frame 1403636912.1516664
Dropping frame 1403636912.2516665
Dropping frame 1403636912.3516665
Dropping frame 1403636912.4516664
Dropping frame 1403636912.7016666
Dropping frame 1403636912.9016666
Dropping frame 1403636913.1016665
Dropping frame 1403636913.2016666
Dropping frame 1403636913.3516665
Dropping frame 1403636913.5516665
Dropping frame 1403636913.7016666
Dropping frame 1403636913.8016665
Dropping frame 1403636914.1516664
Dropping frame 1403636914.2516665
Dropping frame 1403636914.5016665
Dropping frame 1403636914.6016665
Dropping frame 1403636914.7016666
Dropping frame 1403636914.9016666
Dropping frame 1403636915.0016665
Dropping frame 1403636915.2516665
Dropping frame 1403636915.4016666
Dropping frame 1403636915.5016665
Dropping frame 1403636915.7516665
Dropping frame 1403636915.8516665
Dropping frame 1403636916.0516665
Dropping frame 1403636916.3016665
Dropping frame 1403636916.5516665
Dropping frame 1403636916.7016666
Dropping frame 1403636917.0016665
Dropping frame 1403636917.2516665
Dropping frame 1403636917.4516664
Dropping frame 1403636917.5516665
Dropping frame 1403636919.0516665
Dropping frame 1403636919.2516665
Dropping frame 1403636919.9016666
Dropping frame 1403636920.1016665
Dropping frame 1403636920.3516665
Dropping frame 1403636921.2016666
Dropping frame 1403636921.5016665
Dropping frame 1403636921.7016666
Dropping frame 1403636921.8516665
Dropping frame 1403636922.0516665
Dropping frame 1403636922.2516665
Dropping frame 1403636922.4516664
Dropping frame 1403636922.8016665
Dropping frame 1403636923.0016665
Dropping frame 1403636923.3016665
Dropping frame 1403636923.4016666
Dropping frame 1403636923.6516664
Dropping frame 1403636923.8516665
Dropping frame 1403636923.9516664
Dropping frame 1403636924.1516664
Dropping frame 1403636924.2516665
Dropping frame 1403636924.5016665
Dropping frame 1403636924.7516665
Dropping frame 1403636925.3516665
Dropping frame 1403636925.5516665
Dropping frame 1403636925.6516664
Dropping frame 1403636925.9516664
Dropping frame 1403636926.1516664
Dropping frame 1403636926.3516665
Dropping frame 1403636926.6516664
Dropping frame 1403636926.8516665
Dropping frame 1403636926.9516664
Dropping frame 1403636927.0516665
Dropping frame 1403636927.3016665
Dropping frame 1403636927.4016666
Dropping frame 1403636927.6016665
Dropping frame 1403636927.8016665
Dropping frame 1403636927.9016666
Dropping frame 1403636928.0516665
Dropping frame 1403636928.2516665
Dropping frame 1403636928.4516664
Dropping frame 1403636928.5516665
Dropping frame 1403636928.8016665
Dropping frame 1403636928.9016666
Dropping frame 1403636929.3016665
Dropping frame 1403636929.5516665
Dropping frame 1403636929.8016665
Dropping frame 1403636929.9016666
Dropping frame 1403636930.0016665
Dropping frame 1403636930.3016665
Dropping frame 1403636930.4016666
Dropping frame 1403636930.5516665
Dropping frame 1403636930.7516665
Dropping frame 1403636931.0516665
Dropping frame 1403636931.2516665
Dropping frame 1403636931.8016665
Dropping frame 1403636932.3516665
Dropping frame 1403636932.6016665
Dropping frame 1403636932.8516665
Dropping frame 1403636933.0516665
Dropping frame 1403636933.3516665
Dropping frame 1403636933.4516664
Dropping frame 1403636934.1516664
Dropping frame 1403636934.2516665
Dropping frame 1403636934.3516665
Dropping frame 1403636934.5516665
Dropping frame 1403636934.7016666
Dropping frame 1403636934.9516664
Dropping frame 1403636935.1016665
Dropping frame 1403636935.2516665
Dropping frame 1403636935.5516665
Dropping frame 1403636935.9016666
Dropping frame 1403636936.1016665
Dropping frame 1403636936.2016666
Dropping frame 1403636936.3016665
Dropping frame 1403636936.4016666
Dropping frame 1403636936.5016665
Dropping frame 1403636936.7016666
Dropping frame 1403636936.8016665
Dropping frame 1403636936.9016666
Dropping frame 1403636937.1016665
Dropping frame 1403636937.2016666
Dropping frame 1403636937.4016666
Dropping frame 1403636937.7016666
Dropping frame 1403636937.8016665
Dropping frame 1403636937.9016666
Dropping frame 1403636938.1016665
Dropping frame 1403636938.2016666
Dropping frame 1403636938.4516664
Dropping frame 1403636938.5516665
Dropping frame 1403636938.9516664
Dropping frame 1403636939.0516665
Dropping frame 1403636939.1516664
Dropping frame 1403636939.3516665
Dropping frame 1403636939.5016665
Dropping frame 1403636939.8016665
Dropping frame 1403636940.0516665
Dropping frame 1403636940.3516665
Dropping frame 1403636940.4516664
Dropping frame 1403636940.5516665
Dropping frame 1403636940.7516665
Dropping frame 1403636940.9516664
Dropping frame 1403636941.0516665
Dropping frame 1403636941.1516664
Dropping frame 1403636941.3516665
Dropping frame 1403636941.5516665
Dropping frame 1403636941.6516664
Dropping frame 1403636941.7516665
Dropping frame 1403636942.0016665
Dropping frame 1403636942.1016665
Dropping frame 1403636942.2016666
Dropping frame 1403636942.3016665
Dropping frame 1403636942.5016665
Dropping frame 1403636942.6016665
Dropping frame 1403636942.7016666
Dropping frame 1403636942.8516665
Dropping frame 1403636942.9516664
Dropping frame 1403636943.0516665
Dropping frame 1403636943.4516664
Dropping frame 1403636943.5516665
Dropping frame 1403636943.8016665
Dropping frame 1403636944.0016665
Dropping frame 1403636944.1016665
Dropping frame 1403636944.2016666
Dropping frame 1403636944.5016665
Dropping frame 1403636944.6016665
Dropping frame 1403636944.7016666
Dropping frame 1403636944.9516664
Dropping frame 1403636945.0516665
Dropping frame 1403636945.2516665
Dropping frame 1403636945.3516665
Dropping frame 1403636945.5516665
Dropping frame 1403636945.7516665
Dropping frame 1403636945.8516665
Dropping frame 1403636946.1016665
Dropping frame 1403636946.3016665
Dropping frame 1403636946.5016665
Dropping frame 1403636946.8516665
Dropping frame 1403636947.0516665
Dropping frame 1403636947.1516664
Dropping frame 1403636947.4016666
Dropping frame 1403636947.5016665
Dropping frame 1403636947.6016665
Dropping frame 1403636947.8016665
Dropping frame 1403636948.0016665
Dropping frame 1403636948.1016665
Dropping frame 1403636948.3516665
Dropping frame 1403636948.6016665
Dropping frame 1403636948.7016666
Dropping frame 1403636949.1016665
Dropping frame 1403636949.2016666
Dropping frame 1403636949.3016665
Dropping frame 1403636949.4016666
Dropping frame 1403636949.7516665
Dropping frame 1403636949.8516665
Dropping frame 1403636949.9516664
Dropping frame 1403636950.2016666
Dropping frame 1403636950.4016666
Dropping frame 1403636950.5016665
Dropping frame 1403636950.8016665
Dropping frame 1403636950.9016666
Dropping frame 1403636951.0016665
Dropping frame 1403636951.1016665
Dropping frame 1403636951.4516664
Dropping frame 1403636951.6516664
Dropping frame 1403636951.7516665
Dropping frame 1403636951.8516665
Dropping frame 1403636952.1516664
Dropping frame 1403636952.5516665
Dropping frame 1403636952.6516664
Dropping frame 1403636952.7516665
Dropping frame 1403636952.9516664
Dropping frame 1403636953.1016665
Dropping frame 1403636953.4016666
Dropping frame 1403636953.5016665
Dropping frame 1403636953.8516665
Dropping frame 1403636954.4016666
Dropping frame 1403636954.5016665
Dropping frame 1403636954.6016665
Dropping frame 1403636954.7016666
Dropping frame 1403636955.0016665
Dropping frame 1403636955.2516665
Dropping frame 1403636955.3516665
Dropping frame 1403636955.6516664
Dropping frame 1403636955.8516665
Dropping frame 1403636956.0516665
Dropping frame 1403636956.1516664
Dropping frame 1403636956.4016666
Dropping frame 1403636956.5016665
Dropping frame 1403636956.8516665
Dropping frame 1403636957.0516665
Dropping frame 1403636957.2516665
Dropping frame 1403636957.4016666
Dropping frame 1403636957.6016665
Dropping frame 1403636958.0016665
Dropping frame 1403636958.3516665
Dropping frame 1403636958.4516664
Dropping frame 1403636958.7516665
Dropping frame 1403636958.9516664
Dropping frame 1403636959.5016665
Dropping frame 1403636959.7516665
Dropping frame 1403636959.8516665
Dropping frame 1403636960.0016665
Dropping frame 1403636960.1016665
Dropping frame 1403636960.3516665
Dropping frame 1403636960.6016665
Dropping frame 1403636960.8016665
Dropping frame 1403636961.1016665
Dropping frame 1403636961.3016665
Dropping frame 1403636961.6516664
Dropping frame 1403636961.8516665
Dropping frame 1403636962.1516664
Dropping frame 1403636962.5016665
Dropping frame 1403636962.6516664
Dropping frame 1403636962.8516665
Dropping frame 1403636963.0516665
Dropping frame 1403636963.2016666
Dropping frame 1403636963.4016666
Dropping frame 1403636963.5516665
Dropping frame 1403636963.8516665
Dropping frame 1403636964.0516665
Dropping frame 1403636964.2516665
Dropping frame 1403636964.3516665
Dropping frame 1403636964.6016665
Dropping frame 1403636964.8016665
Dropping frame 1403636964.9016666
Dropping frame 1403636965.2016666
Dropping frame 1403636965.4016666
Dropping frame 1403636965.5016665
Dropping frame 1403636965.6016665
Dropping frame 1403636965.7016666
Dropping frame 1403636965.8016665
Dropping frame 1403636966.1016665
Dropping frame 1403636966.3016665
Dropping frame 1403636966.5016665
Dropping frame 1403636966.8016665
Dropping frame 1403636966.9016666
Dropping frame 1403636967.1016665
Dropping frame 1403636967.2516665
Dropping frame 1403636967.3516665
Dropping frame 1403636967.6016665
Dropping frame 1403636967.7516665
Dropping frame 1403636968.0016665
Dropping frame 1403636968.4016666
Dropping frame 1403636968.6016665
Dropping frame 1403636968.8016665
Dropping frame 1403636969.1016665
Dropping frame 1403636969.4016666
Dropping frame 1403636969.6016665
Dropping frame 1403636969.8016665
Dropping frame 1403636970.1016665
Dropping frame 1403636970.2016666
Dropping frame 1403636970.4516664
Dropping frame 1403636970.6516664
Dropping frame 1403636970.8516665
Dropping frame 1403636971.2016666
Dropping frame 1403636971.5516665
Dropping frame 1403636971.7516665
Dropping frame 1403636972.0516665
Dropping frame 1403636972.2516665
Dropping frame 1403636972.6516664
Dropping frame 1403636973.0016665
Dropping frame 1403636973.5016665
Dropping frame 1403636974.4016666
Dropping frame 1403636974.6016665
Dropping frame 1403636974.7016666
Dropping frame 1403636974.8516665
Dropping frame 1403636974.9516664
Dropping frame 1403636975.1516664
Dropping frame 1403636975.3516665
Dropping frame 1403636975.5516665
Dropping frame 1403636975.7516665
Dropping frame 1403636975.9516664
Dropping frame 1403636976.1516664
Dropping frame 1403636976.2516665
Dropping frame 1403636976.3516665
Dropping frame 1403636976.7016666
Dropping frame 1403636976.8016665
Dropping frame 1403636976.9016666
Dropping frame 1403636977.1016665
Dropping frame 1403636977.2016666
Dropping frame 1403636977.3016665
Dropping frame 1403636977.5016665
Dropping frame 1403636977.7016666
Dropping frame 1403636977.8016665
Dropping frame 1403636977.9016666
Dropping frame 1403636978.1516664
Dropping frame 1403636978.2516665
Dropping frame 1403636978.5016665
Dropping frame 1403636978.6016665
Dropping frame 1403636978.7016666
Dropping frame 1403636978.9016666
Dropping frame 1403636979.0016665
Dropping frame 1403636979.4016666
Dropping frame 1403636979.5016665
Dropping frame 1403636979.7516665
Dropping frame 1403636979.9516664
Dropping frame 1403636980.0516665
Dropping frame 1403636980.1516664
Dropping frame 1403636980.4016666
Dropping frame 1403636980.6016665
Dropping frame 1403636980.8016665
Dropping frame 1403636980.9016666
Dropping frame 1403636981.0016665
Dropping frame 1403636981.2016666
Dropping frame 1403636981.3016665
Dropping frame 1403636981.4016666
Dropping frame 1403636981.6016665
Dropping frame 1403636981.8016665
Dropping frame 1403636981.9016666
Dropping frame 1403636982.0016665
Dropping frame 1403636982.2516665
Dropping frame 1403636982.3516665
Dropping frame 1403636982.4516664
Dropping frame 1403636982.7016666
Dropping frame 1403636982.9016666
Dropping frame 1403636983.0516665
Dropping frame 1403636983.1516664
Dropping frame 1403636983.5016665
Dropping frame 1403636983.7016666
Dropping frame 1403636983.9016666
Dropping frame 1403636984.1016665
Dropping frame 1403636984.2516665
Dropping frame 1403636984.4516664
Dropping frame 1403636984.6516664
Dropping frame 1403636984.8516665
Dropping frame 1403636985.0516665
Dropping frame 1403636985.4016666
Dropping frame 1403636985.7016666
Dropping frame 1403636985.9016666
Dropping frame 1403636986.3016665
Dropping frame 1403636986.8016665
Dropping frame 1403636987.5016665
Dropping frame 1403636987.7016666
Dropping frame 1403636988.7016666
Dropping frame 1403636989.3016665
Dropping frame 1403636990.2016666
Dropping frame 1403636991.1016665
Dropping frame 1403636991.3016665
Dropping frame 1403636991.5016665
Dropping frame 1403636991.7016666
Dropping frame 1403636992.1016665
Dropping frame 1403636992.4516664
Dropping frame 1403636992.6516664
Dropping frame 1403636993.0516665
Dropping frame 1403636993.3516665
Dropping frame 1403636993.4516664
Dropping frame 1403636993.5516665
Dropping frame 1403636993.7516665
Dropping frame 1403636993.9516664
Dropping frame 1403636994.0516665
Dropping frame 1403636994.3516665
Dropping frame 1403636994.5516665
Dropping frame 1403636994.6516664
Dropping frame 1403636994.8016665
Dropping frame 1403636995.3516665
Dropping frame 1403636995.5016665
Dropping frame 1403636995.7016666
Dropping frame 1403636996.0016665
Dropping frame 1403636996.2516665
Dropping frame 1403636996.3516665
Dropping frame 1403636996.4516664
Dropping frame 1403636996.8516665
Dropping frame 1403636996.9516664
Dropping frame 1403636997.0516665
Dropping frame 1403636997.1516664
Dropping frame 1403636997.4516664
Dropping frame 1403636997.6516664
Dropping frame 1403636997.8016665
Dropping frame 1403636997.9016666
Dropping frame 1403636998.0016665
Dropping frame 1403636998.2016666
Dropping frame 1403636998.3516665
Dropping frame 1403636998.5516665
Dropping frame 1403636998.6516664
Dropping frame 1403636998.7516665
Dropping frame 1403636998.8516665
Dropping frame 1403636998.9516664
Dropping frame 1403636999.0516665
Dropping frame 1403636999.2516665
Dropping frame 1403636999.5016665
Dropping frame 1403636999.6016665
Dropping frame 1403636999.7016666
Dropping frame 1403636999.8016665
Dropping frame 1403637000.0016665
Dropping frame 1403637000.2016666
Dropping frame 1403637000.3016665
Dropping frame 1403637000.5016665
Dropping frame 1403637000.7016666
Dropping frame 1403637000.8016665
Dropping frame 1403637000.9016666
Dropping frame 1403637001.1516664
Dropping frame 1403637001.2516665
Dropping frame 1403637001.3516665
Dropping frame 1403637001.4516664
Dropping frame 1403637001.6516664
Dropping frame 1403637001.7516665
Dropping frame 1403637001.8516665
Dropping frame 1403637002.0516665
Dropping frame 1403637002.2016666
Dropping frame 1403637002.3016665
Dropping frame 1403637002.4016666
Dropping frame 1403637002.6016665
Dropping frame 1403637002.9016666
Dropping frame 1403637003.0516665
Dropping frame 1403637003.1516664
Dropping frame 1403637003.2516665
Dropping frame 1403637003.5016665
Dropping frame 1403637003.6016665
Dropping frame 1403637003.7016666
Dropping frame 1403637003.9016666
Dropping frame 1403637004.1016665
Dropping frame 1403637004.2016666
Dropping frame 1403637004.4016666
Dropping frame 1403637004.6516664
Dropping frame 1403637004.9016666
Dropping frame 1403637005.1516664
Dropping frame 1403637005.2516665
Dropping frame 1403637005.3516665
Dropping frame 1403637005.5516665
Dropping frame 1403637005.8516665
Dropping frame 1403637006.1016665
Dropping frame 1403637006.2516665
Dropping frame 1403637006.4516664
Dropping frame 1403637006.5516665
Dropping frame 1403637006.7516665
Dropping frame 1403637006.8516665
Dropping frame 1403637007.2016666
Dropping frame 1403637007.3016665
Dropping frame 1403637007.4016666
Dropping frame 1403637007.6016665
Dropping frame 1403637007.7516665
Dropping frame 1403637007.9516664
Dropping frame 1403637008.1516664
Dropping frame 1403637008.2516665
Dropping frame 1403637008.3516665
Dropping frame 1403637008.6016665
Dropping frame 1403637008.7016666
Dropping frame 1403637008.8016665
Dropping frame 1403637009.0016665
Dropping frame 1403637009.2016666
Dropping frame 1403637009.6016665
Dropping frame 1403637010.0516665
Dropping frame 1403637010.2516665
Dropping frame 1403637010.4516664
Shutdown
SLAM Finished at System Time: 1743050796.68935

 TIME STATS in ms (mean$\pm$std)
OpenCV version: 4.8.1
---------------------------
Tracking

ORB Extraction: 16.741$\pm$1.7998
Stereo Matching: 7.2784$\pm$2.1076
IMU Preintegration: 0.25536$\pm$0.1066
Pose Prediction: 0.20994$\pm$0.61122
LM Track: 19.041$\pm$5.3865
New KF decision: 1.1768$\pm$2.2423
Total Tracking: 34.379$\pm$23.881



Local Mapping

KF Insertion: 15.846$\pm$5.6192
MP Culling: 0.54677$\pm$0.21041
MP Creation: 48.401$\pm$17.205
LBA: 153.65$\pm$55.25
KF Culling: 15.461$\pm$10.517
Total Local Mapping: 233.81$\pm$79.331
---------------------------

LBA complexity (mean$\pm$std)
LBA Edges: 1664.1$\pm$533.02
LBA KF optimized: 6.5$\pm$2.2913
LBA KF fixed: 1$\pm$0
LBA MP: nan$\pm$nan

LBA executions: 475
LBA aborts: 0
---------------------------

Map complexity
KFs in map: 146
MPs in map: 12225
---------------------------

Place Recognition (mean$\pm$std)
Database Query: 1.6186$\pm$0.86201
SE3 estimation: 15.23$\pm$16.393
Total Place Recognition: 14.41$\pm$16.713


Loop Closing (mean$\pm$std)
Loop Fusion: nan$\pm$nan
Essential Graph: nan$\pm$nan
Total Loop Closing: nan$\pm$nan

Num exec: 0
Number of KFs: nan$\pm$nan

Map Merging (mean$\pm$std)
Merge Maps: nan$\pm$nan
Welding BA: nan$\pm$nan
Optimization Ess.: nan$\pm$nan
Total Map Merging: nan$\pm$nan

Num exec: 0
Number of KFs: nan$\pm$nan
Number of MPs: nan$\pm$nan

Full GBA (mean$\pm$std)
GBA: nan$\pm$nan
Map Update: nan$\pm$nan
Total Full GBA: nan$\pm$nan

Num exec: 0
Num abort: 0
Number of KFs: nan$\pm$nan
Number of MPs: nan$\pm$nan

Saving trajectory to f_dataset-MH02_stereo_imu.txt ...
There are 1 maps in the atlas
  Map 0 has 146 KFs

End of saving trajectory to f_dataset-MH02_stereo_imu.txt ...

Saving keyframe trajectory to kf_dataset-MH02_stereo_imu.txt ...
