num_seq = 1
file name: dataset-MH05_stereo_imu
Loading images for sequence 0...LOADED!
Loading IMU for sequence 0...LOADED!

-------

ORB-SLAM3 Copyright (C) 2017-2020 Carlos Campos, Richard Elvira, Juan J. Gómez, José M.M. Montiel and Juan D. Tardós, University of Zaragoza.
ORB-SLAM2 Copyright (C) 2014-2016 Raúl Mur-Artal, José M.M. Montiel and Juan D. Tardós, University of Zaragoza.
This program comes with ABSOLUTELY NO WARRANTY;
This is free software, and you are welcome to redistribute it
under certain conditions. See LICENSE.txt.

Built with REGISTER_TIMES
Git Commit Hash: 2d47524

Build Type: Release

Compiled with C++ version: 201703

Input sensor was set to: Stereo-Inertial
Loading settings from EuRoC_fov_deadlines_mask_6x6.yaml
	-Loaded camera 1
	-Loaded camera 2
	-Loaded image info
	-Loaded IMU calibration
	-Loaded ORB settings
	-Loaded viewer settings
	-Loaded Atlas settings
Deadlines enabled, will skip frames!
FOV enabled
Static mask size: 6x6
Dumping map points enabled
	-Loaded misc parameters
	-Computed rectification maps
----------------------------------
SLAM settings: 
	-Camera 1 parameters (Pinhole): [ 458.65399169921875 457.29598999023438 367.21499633789062 248.375 ]
	-Camera 1 distortion parameters: [  -0.28340810537338257 0.073959067463874817 0.00019359000725671649 1.7618711353861727e-05 ]
	-Camera 2 parameters (Pinhole: [ 457.58700561523438 456.13400268554688 379.99899291992188 255.23800659179688 ]
	-Camera 1 distortion parameters: [  -0.2836836576461792 0.074512839317321777 -0.00010473000293131918 -3.555907096597366e-05 ]
	-Original image size: [ 752 , 480 ]
	-Current image size: [ 752 , 480 ]
	-Camera 1 parameters after rectification: [  456.71499633789062 456.71499633789062 364.52615356445312 257.268798828125 ]
	-Sequence FPS: 20
	-Stereo baseline: 0.11007784307003021
	-Stereo depth threshold : 60
	-Gyro noise: 0.00016999999934341758
	-Accelerometer noise: 0.0020000000949949026
	-Gyro walk: 1.9392999092815444e-05
	-Accelerometer walk: 0.0030000000260770321
	-IMU frequency: 200
	-Features per image: 1200
	-ORB scale factor: 1.2000000476837158
	-ORB number of scales: 8
	-Initial FAST threshold: 20
	-Min FAST threshold: 7


Loading ORB Vocabulary. This could take a while...
Vocabulary loaded!

Initialization of Atlas from scratch 
Creation of new map with id: 0
Creation of new map with last KF id: 0
Seq. Name: 
There are 1 cameras in the atlas
Camera 0 is pinhole
SLAM Started at System Time: 1740899660.81863
not IMU meas
not IMU meas
not enough acceleration
not enough acceleration
not enough acceleration
not enough acceleration
not enough acceleration
not enough acceleration
not enough acceleration
not enough acceleration
not enough acceleration
not enough acceleration
not enough acceleration
not enough acceleration
not enough acceleration
not enough acceleration
not enough acceleration
not enough acceleration
not enough acceleration
not enough acceleration
not enough acceleration
not enough acceleration
not enough acceleration
not enough acceleration
not enough acceleration
not enough acceleration
not enough acceleration
not enough acceleration
not enough acceleration
not enough acceleration
not enough acceleration
not enough acceleration
not enough acceleration
not enough acceleration
not enough acceleration
not enough acceleration
not enough acceleration
not enough acceleration
not enough acceleration
not enough acceleration
not enough acceleration
not enough acceleration
not enough acceleration
not enough acceleration
not enough acceleration
not enough acceleration
not enough acceleration
not enough acceleration
not enough acceleration
not enough acceleration
not enough acceleration
not enough acceleration
not enough acceleration
not enough acceleration
not enough acceleration
not enough acceleration
not enough acceleration
not enough acceleration
not enough acceleration
not enough acceleration
not enough acceleration
not enough acceleration
not enough acceleration
not enough acceleration
not enough acceleration
not enough acceleration
not enough acceleration
not enough acceleration
not enough acceleration
not enough acceleration
not enough acceleration
not enough acceleration
not enough acceleration
not enough acceleration
not enough acceleration
not enough acceleration
not enough acceleration
not enough acceleration
not enough acceleration
not enough acceleration
First KF:0; Map init KF:0
New Map created with 88 points
Active map: 0
Dropping frame 1403638523.3278296
Dropping frame 1403638523.5278294
Dropping frame 1403638523.6778293
Dropping frame 1403638523.8778293
Dropping frame 1403638524.1278296
Dropping frame 1403638524.7778294
Dropping frame 1403638525.4778295
Dropping frame 1403638525.6278296
Dropping frame 1403638525.8778293
Dropping frame 1403638526.0778294
Dropping frame 1403638526.4278295
Dropping frame 1403638526.6778293
start VIBA 1
end VIBA 1
Dropping frame 1403638527.9778295
Dropping frame 1403638529.0778294
Dropping frame 1403638529.4278295
Dropping frame 1403638529.5778294
Dropping frame 1403638530.2278295
Dropping frame 1403638530.3778293
Dropping frame 1403638530.7778294
Dropping frame 1403638530.8778293
Dropping frame 1403638530.9778295
Dropping frame 1403638531.3778293
Not enough motion for initializing. Reseting...
TRACK: Reset map because local mapper set the bad imu flag 
LM: Active map reset recieved
LM: Active map reset, waiting...
LM: Reseting current map in Local Mapping...
LM: End reseting Local Mapping...
LM: Reset free the mutex
LM: Active map reset, Done!!!
mnFirstFrameId = 80
mnInitialFrameId = 0
170 Frames set to lost
not IMU meas
not enough acceleration
not enough acceleration
not enough acceleration
not enough acceleration
not enough acceleration
not enough acceleration
not enough acceleration
not enough acceleration
not enough acceleration
not enough acceleration
not enough acceleration
not enough acceleration
not enough acceleration
not enough acceleration
not enough acceleration
not enough acceleration
not enough acceleration
not enough acceleration
not enough acceleration
not enough acceleration
not enough acceleration
not enough acceleration
not enough acceleration
not enough acceleration
not enough acceleration
not enough acceleration
not enough acceleration
not enough acceleration
not enough acceleration
not enough acceleration
not enough acceleration
not enough acceleration
not enough acceleration
not enough acceleration
not enough acceleration
not enough acceleration
not enough acceleration
not enough acceleration
not enough acceleration
not enough acceleration
not enough acceleration
not enough acceleration
not enough acceleration
not enough acceleration
Dropping frame 1403638533.9778295
not enough acceleration
not enough acceleration
not enough acceleration
not enough acceleration
not enough acceleration
not enough acceleration
not enough acceleration
not enough acceleration
not enough acceleration
not enough acceleration
not enough acceleration
not enough acceleration
not enough acceleration
not enough acceleration
not enough acceleration
not enough acceleration
not enough acceleration
not enough acceleration
not enough acceleration
not enough acceleration
not enough acceleration
not enough acceleration
not enough acceleration
not enough acceleration
not enough acceleration
not enough acceleration
not enough acceleration
not enough acceleration
not enough acceleration
not enough acceleration
not enough acceleration
not enough acceleration
not enough acceleration
not enough acceleration
not enough acceleration
not enough acceleration
not enough acceleration
not enough acceleration
not enough acceleration
not enough acceleration
not enough acceleration
not enough acceleration
not enough acceleration
not enough acceleration
not enough acceleration
not enough acceleration
not enough acceleration
not enough acceleration
not enough acceleration
not enough acceleration
not enough acceleration
not enough acceleration
not enough acceleration
not enough acceleration
not enough acceleration
not enough acceleration
not enough acceleration
not enough acceleration
not enough acceleration
not enough acceleration
not enough acceleration
not enough acceleration
not enough acceleration
not enough acceleration
not enough acceleration
not enough acceleration
not enough acceleration
not enough acceleration
not enough acceleration
not enough acceleration
not enough acceleration
not enough acceleration
not enough acceleration
not enough acceleration
not enough acceleration
not enough acceleration
not enough acceleration
not enough acceleration
not enough acceleration
not enough acceleration
not enough acceleration
not enough acceleration
not enough acceleration
not enough acceleration
not enough acceleration
not enough acceleration
not enough acceleration
not enough acceleration
not enough acceleration
not enough acceleration
not enough acceleration
not enough acceleration
not enough acceleration
not enough acceleration
not enough acceleration
First KF:39; Map init KF:0
New Map created with 148 points
Active map: 0
Dropping frame 1403638542.9278295
Dropping frame 1403638543.8278296
Dropping frame 1403638543.9778295
start VIBA 1
end VIBA 1
Dropping frame 1403638544.3278296
Dropping frame 1403638544.8278296
Dropping frame 1403638545.6278296
Dropping frame 1403638546.6278296
Dropping frame 1403638546.7278295
Dropping frame 1403638547.4278295
Dropping frame 1403638547.6778293
Dropping frame 1403638547.9778295
Dropping frame 1403638548.0778294
Dropping frame 1403638548.5778294
Dropping frame 1403638548.9778295
Dropping frame 1403638549.9278295
Dropping frame 1403638550.2778294
Dropping frame 1403638550.3778293
Dropping frame 1403638550.6278296
Dropping frame 1403638550.9778295
Dropping frame 1403638551.2278295
Dropping frame 1403638551.4278295
Dropping frame 1403638551.6278296
Dropping frame 1403638552.0278294
Dropping frame 1403638552.2278295
Dropping frame 1403638552.8278296
Dropping frame 1403638552.9278295
Dropping frame 1403638553.0278294
Dropping frame 1403638553.2778294
Dropping frame 1403638553.4778295
Dropping frame 1403638553.5778294
Dropping frame 1403638553.6778293
Dropping frame 1403638554.0278294
start VIBA 2
end VIBA 2
Dropping frame 1403638554.6778293
Dropping frame 1403638554.8778293
Dropping frame 1403638555.1778293
Dropping frame 1403638555.3778293
Dropping frame 1403638555.4778295
Dropping frame 1403638555.5778294
Dropping frame 1403638555.6778293
Dropping frame 1403638555.8778293
Dropping frame 1403638555.9778295
Dropping frame 1403638556.1278296
Dropping frame 1403638556.4278295
Dropping frame 1403638556.5278294
Dropping frame 1403638556.6278296
Dropping frame 1403638556.7278295
Dropping frame 1403638556.9278295
Dropping frame 1403638557.0278294
Dropping frame 1403638557.1278296
Dropping frame 1403638557.3278296
Dropping frame 1403638557.4278295
Dropping frame 1403638557.6778293
Dropping frame 1403638557.7778294
Dropping frame 1403638558.2278295
Dropping frame 1403638558.3778293
Dropping frame 1403638558.5778294
Dropping frame 1403638558.7278295
Dropping frame 1403638558.8278296
Dropping frame 1403638559.0778294
Dropping frame 1403638559.1778293
Dropping frame 1403638559.4778295
Dropping frame 1403638559.6778293
Dropping frame 1403638559.8778293
Dropping frame 1403638560.0278294
Dropping frame 1403638560.1278296
Dropping frame 1403638560.3278296
Dropping frame 1403638560.4278295
Dropping frame 1403638560.5278294
Dropping frame 1403638560.7278295
Dropping frame 1403638560.9278295
Dropping frame 1403638561.1278296
Dropping frame 1403638561.2778294
Dropping frame 1403638561.3778293
Dropping frame 1403638561.6778293
Dropping frame 1403638562.0778294
Dropping frame 1403638562.4778295
Dropping frame 1403638562.5778294
Dropping frame 1403638562.8278296
Dropping frame 1403638562.9278295
Dropping frame 1403638563.0278294
Dropping frame 1403638563.1278296
Dropping frame 1403638563.3778293
Dropping frame 1403638563.4778295
Dropping frame 1403638563.5778294
Dropping frame 1403638563.9278295
Dropping frame 1403638564.1278296
Dropping frame 1403638564.3278296
Dropping frame 1403638564.4278295
Dropping frame 1403638564.6778293
Dropping frame 1403638564.8778293
Dropping frame 1403638564.9778295
Dropping frame 1403638565.1778293
Dropping frame 1403638565.2778294
Dropping frame 1403638565.3778293
Dropping frame 1403638565.4778295
Dropping frame 1403638565.7278295
Dropping frame 1403638565.9278295
Dropping frame 1403638566.1278296
Dropping frame 1403638566.3278296
Dropping frame 1403638566.4278295
Dropping frame 1403638566.5278294
Dropping frame 1403638566.7278295
Dropping frame 1403638566.9278295
Dropping frame 1403638567.1278296
Dropping frame 1403638567.2278295
Dropping frame 1403638567.3278296
Dropping frame 1403638567.5278294
Dropping frame 1403638567.7278295
Dropping frame 1403638568.0778294
Dropping frame 1403638568.2778294
Dropping frame 1403638568.3778293
Dropping frame 1403638568.5278294
Dropping frame 1403638568.6778293
Dropping frame 1403638568.9778295
Dropping frame 1403638569.0778294
Dropping frame 1403638569.2778294
Dropping frame 1403638569.3778293
Dropping frame 1403638569.4778295
Dropping frame 1403638569.6778293
Dropping frame 1403638569.7778294
Dropping frame 1403638569.9778295
Dropping frame 1403638570.1778293
Dropping frame 1403638570.3778293
Dropping frame 1403638570.5778294
Dropping frame 1403638570.7778294
Dropping frame 1403638570.8778293
Dropping frame 1403638570.9778295
Dropping frame 1403638571.2778294
Dropping frame 1403638571.6278296
Dropping frame 1403638571.9278295
Dropping frame 1403638572.1278296
Dropping frame 1403638572.3278296
Dropping frame 1403638572.6278296
Dropping frame 1403638572.9778295
Dropping frame 1403638573.0778294
Dropping frame 1403638573.8278296
Dropping frame 1403638574.2278295
Dropping frame 1403638574.3278296
Dropping frame 1403638574.6778293
Dropping frame 1403638574.7778294
Dropping frame 1403638575.3778293
Dropping frame 1403638575.7278295
Dropping frame 1403638575.9278295
Dropping frame 1403638576.0778294
Dropping frame 1403638576.3278296
Dropping frame 1403638576.5278294
Dropping frame 1403638576.7278295
Dropping frame 1403638576.9778295
Dropping frame 1403638577.5778294
Dropping frame 1403638577.6778293
Dropping frame 1403638577.8778293
Dropping frame 1403638578.1278296
Dropping frame 1403638578.2278295
Dropping frame 1403638578.7278295
Dropping frame 1403638578.9278295
Dropping frame 1403638579.0278294
Dropping frame 1403638579.3278296
Dropping frame 1403638579.6278296
Dropping frame 1403638579.8278296
Dropping frame 1403638580.4278295
Dropping frame 1403638580.9278295
Dropping frame 1403638581.5278294
Dropping frame 1403638581.9278295
Dropping frame 1403638582.1278296
Dropping frame 1403638582.4278295
Dropping frame 1403638582.7278295
Dropping frame 1403638583.1778293
Dropping frame 1403638583.3778293
Dropping frame 1403638583.4778295
Dropping frame 1403638583.7278295
Dropping frame 1403638584.0278294
Dropping frame 1403638584.2778294
Dropping frame 1403638584.3778293
Dropping frame 1403638584.6278296
Dropping frame 1403638584.8778293
Dropping frame 1403638585.0778294
Dropping frame 1403638585.3278296
Dropping frame 1403638585.5778294
Dropping frame 1403638585.9778295
Dropping frame 1403638586.1778293
Dropping frame 1403638586.2778294
Dropping frame 1403638586.3778293
Dropping frame 1403638586.5778294
Dropping frame 1403638586.7778294
Dropping frame 1403638586.9778295
Dropping frame 1403638587.0778294
Dropping frame 1403638587.1778293
Dropping frame 1403638587.3778293
Dropping frame 1403638587.5778294
Dropping frame 1403638587.8778293
Dropping frame 1403638587.9778295
Dropping frame 1403638588.2278295
Dropping frame 1403638588.3278296
Dropping frame 1403638588.4278295
Dropping frame 1403638588.6278296
Dropping frame 1403638588.7278295
Dropping frame 1403638588.9778295
Dropping frame 1403638589.0778294
Dropping frame 1403638589.1778293
Dropping frame 1403638589.3778293
Dropping frame 1403638589.5778294
Dropping frame 1403638589.7778294
Dropping frame 1403638589.9278295
Dropping frame 1403638590.2778294
Dropping frame 1403638590.6778293
Dropping frame 1403638590.7778294
Dropping frame 1403638591.1778293
Dropping frame 1403638591.5278294
Dropping frame 1403638591.7278295
Dropping frame 1403638591.8778293
Dropping frame 1403638592.5778294
Dropping frame 1403638592.7778294
Dropping frame 1403638592.8778293
Dropping frame 1403638593.3278296
Dropping frame 1403638594.3278296
Dropping frame 1403638595.0278294
Dropping frame 1403638595.3778293
Dropping frame 1403638597.1278296
Dropping frame 1403638616.8278296
Dropping frame 1403638619.5778294
*Loop detected
phi = -0.0022568111723016431 -0.0065349078969697142  -0.046042318525117636
Local Mapping STOP
Local Mapping RELEASE
Dropping frame 1403638621.4278295
Dropping frame 1403638621.5778294
Dropping frame 1403638621.6778293
Local Mapping STOP
Local Mapping RELEASE
Dropping frame 1403638624.1278296
Dropping frame 1403638624.3778293
Dropping frame 1403638627.4778295
Dropping frame 1403638628.0278294
Dropping frame 1403638628.4778295
Dropping frame 1403638628.7778294
Dropping frame 1403638628.8778293
Dropping frame 1403638629.0778294
Dropping frame 1403638629.3278296
Dropping frame 1403638629.5778294
Dropping frame 1403638629.8278296
Dropping frame 1403638630.0778294
Dropping frame 1403638630.1778293
Dropping frame 1403638630.4778295
Dropping frame 1403638630.5778294
Dropping frame 1403638630.8278296
Dropping frame 1403638631.0278294
Dropping frame 1403638631.1778293
Dropping frame 1403638631.2778294
Shutdown
SLAM Finished at System Time: 1740899793.76631

 TIME STATS in ms (mean$\pm$std)
OpenCV version: 4.8.1
---------------------------
Tracking

ORB Extraction: 15.086$\pm$2.1294
Stereo Matching: 7.7729$\pm$1.9072
IMU Preintegration: 0.20822$\pm$0.085655
Pose Prediction: 0.39165$\pm$1.2106
LM Track: 16.912$\pm$4.0957
New KF decision: 1.0389$\pm$1.8416
Total Tracking: 34.858$\pm$19.502



Local Mapping

KF Insertion: 11.989$\pm$4.0102
MP Culling: 0.44287$\pm$0.20538
MP Creation: 39.249$\pm$12.117
LBA: 140.71$\pm$45.166
KF Culling: 10.367$\pm$7.1942
Total Local Mapping: 202.79$\pm$64.41
---------------------------

LBA complexity (mean$\pm$std)
LBA Edges: 2152.6$\pm$1157.3
LBA KF optimized: 6.5$\pm$2.2913
LBA KF fixed: 1$\pm$0
LBA MP: nan$\pm$nan

LBA executions: 422
LBA aborts: 0
---------------------------

Map complexity
KFs in map: 190
MPs in map: 15600
---------------------------

Place Recognition (mean$\pm$std)
Database Query: 1.7979$\pm$0.93196
SE3 estimation: 24.663$\pm$14.28
Total Place Recognition: 20.101$\pm$17.262


Loop Closing (mean$\pm$std)
Loop Fusion: 161.1$\pm$0
Essential Graph: 124.04$\pm$0
Total Loop Closing: 289.9$\pm$0

Num exec: 1
Number of KFs: nan$\pm$nan

Map Merging (mean$\pm$std)
Merge Maps: nan$\pm$nan
Welding BA: nan$\pm$nan
Optimization Ess.: nan$\pm$nan
Total Map Merging: nan$\pm$nan

Num exec: 0
Number of KFs: nan$\pm$nan
Number of MPs: nan$\pm$nan

Full GBA (mean$\pm$std)
GBA: 2185.6$\pm$0
Map Update: 41.119$\pm$0
Total Full GBA: 2226.7$\pm$0

Num exec: 1
Num abort: 0
Number of KFs: 188$\pm$0
Number of MPs: 16533$\pm$0

Saving trajectory to f_dataset-MH05_stereo_imu.txt ...
There are 1 maps in the atlas
  Map 0 has 190 KFs

End of saving trajectory to f_dataset-MH05_stereo_imu.txt ...

Saving keyframe trajectory to kf_dataset-MH05_stereo_imu.txt ...
