num_seq = 1
file name: dataset-MH02_stereo_imu
Loading images for sequence 0...LOADED!
Loading IMU for sequence 0...LOADED!

-------

ORB-SLAM3 Copyright (C) 2017-2020 Carlos Campos, Richard Elvira, Juan J. Gómez, José M.M. Montiel and Juan D. Tardós, University of Zaragoza.
ORB-SLAM2 Copyright (C) 2014-2016 Raúl Mur-Artal, José M.M. Montiel and Juan D. Tardós, University of Zaragoza.
This program comes with ABSOLUTELY NO WARRANTY;
This is free software, and you are welcome to redistribute it
under certain conditions. See LICENSE.txt.

Built with REGISTER_TIMES
Git Commit Hash: 2d47524

Build Type: Release

Compiled with C++ version: 201703

Input sensor was set to: Stereo-Inertial
Loading settings from EuRoC_fov_deadlines_mask_14x14.yaml
	-Loaded camera 1
	-Loaded camera 2
	-Loaded image info
	-Loaded IMU calibration
	-Loaded ORB settings
	-Loaded viewer settings
	-Loaded Atlas settings
Deadlines enabled, will skip frames!
FOV enabled
Static mask size: 14x14
Dumping map points enabled
	-Loaded misc parameters
	-Computed rectification maps
----------------------------------
SLAM settings: 
	-Camera 1 parameters (Pinhole): [ 458.65399169921875 457.29598999023438 367.21499633789062 248.375 ]
	-Camera 1 distortion parameters: [  -0.28340810537338257 0.073959067463874817 0.00019359000725671649 1.7618711353861727e-05 ]
	-Camera 2 parameters (Pinhole: [ 457.58700561523438 456.13400268554688 379.99899291992188 255.23800659179688 ]
	-Camera 1 distortion parameters: [  -0.2836836576461792 0.074512839317321777 -0.00010473000293131918 -3.555907096597366e-05 ]
	-Original image size: [ 752 , 480 ]
	-Current image size: [ 752 , 480 ]
	-Camera 1 parameters after rectification: [  456.71499633789062 456.71499633789062 364.52615356445312 257.268798828125 ]
	-Sequence FPS: 20
	-Stereo baseline: 0.11007784307003021
	-Stereo depth threshold : 60
	-Gyro noise: 0.00016999999934341758
	-Accelerometer noise: 0.0020000000949949026
	-Gyro walk: 1.9392999092815444e-05
	-Accelerometer walk: 0.0030000000260770321
	-IMU frequency: 200
	-Features per image: 1200
	-ORB scale factor: 1.2000000476837158
	-ORB number of scales: 8
	-Initial FAST threshold: 20
	-Min FAST threshold: 7


Loading ORB Vocabulary. This could take a while...
Vocabulary loaded!

Initialization of Atlas from scratch 
Creation of new map with id: 0
Creation of new map with last KF id: 0
Seq. Name: 
There are 1 cameras in the atlas
Camera 0 is pinhole
SLAM Started at System Time: 1742725967.38692
not IMU meas
not IMU meas
not enough acceleration
not enough acceleration
not enough acceleration
not enough acceleration
not enough acceleration
not enough acceleration
First KF:0; Map init KF:0
New Map created with 191 points
Active map: 0
Dropping frame 1403636859.3516665
Dropping frame 1403636859.5516665
Dropping frame 1403636859.8516665
Dropping frame 1403636860.2516665
Dropping frame 1403636860.3516665
Dropping frame 1403636860.4516664
Dropping frame 1403636860.5516665
Dropping frame 1403636860.7016666
Dropping frame 1403636860.8016665
Dropping frame 1403636861.0016665
Dropping frame 1403636861.2016666
Dropping frame 1403636861.4016666
Dropping frame 1403636861.8016665
Dropping frame 1403636862.2516665
Dropping frame 1403636862.5516665
Dropping frame 1403636862.6516664
Dropping frame 1403636862.7516665
Dropping frame 1403636862.9516664
Dropping frame 1403636863.0516665
Dropping frame 1403636863.1516664
Dropping frame 1403636863.3516665
Dropping frame 1403636863.6016665
Dropping frame 1403636863.7016666
Dropping frame 1403636864.2516665
start VIBA 1
end VIBA 1
Dropping frame 1403636864.6016665
Dropping frame 1403636864.8016665
Dropping frame 1403636865.0016665
Dropping frame 1403636865.1016665
Dropping frame 1403636865.3516665
Dropping frame 1403636865.5516665
Dropping frame 1403636865.7516665
Dropping frame 1403636865.8516665
Dropping frame 1403636866.1016665
Dropping frame 1403636866.2016666
Dropping frame 1403636866.3016665
Dropping frame 1403636866.7016666
Dropping frame 1403636866.9016666
Dropping frame 1403636867.1516664
Dropping frame 1403636867.4516664
Dropping frame 1403636867.5516665
Dropping frame 1403636867.9516664
Dropping frame 1403636868.0516665
Dropping frame 1403636868.1516664
Dropping frame 1403636868.3516665
Dropping frame 1403636868.4516664
Dropping frame 1403636868.7016666
Dropping frame 1403636868.9016666
Dropping frame 1403636869.0016665
Dropping frame 1403636869.3016665
Dropping frame 1403636869.4016666
Dropping frame 1403636869.6516664
Dropping frame 1403636869.7516665
Dropping frame 1403636869.8516665
Dropping frame 1403636870.0516665
Dropping frame 1403636870.2516665
Dropping frame 1403636870.3516665
Dropping frame 1403636870.6516664
Dropping frame 1403636870.8516665
Dropping frame 1403636871.0516665
Dropping frame 1403636871.2016666
Dropping frame 1403636871.3016665
Dropping frame 1403636871.4016666
Dropping frame 1403636871.5016665
Dropping frame 1403636871.6016665
Dropping frame 1403636871.8016665
Dropping frame 1403636872.1016665
Dropping frame 1403636872.2016666
Dropping frame 1403636872.3516665
Dropping frame 1403636872.5516665
Dropping frame 1403636872.6516664
Dropping frame 1403636872.7516665
Dropping frame 1403636872.8516665
Dropping frame 1403636873.1016665
Dropping frame 1403636873.3016665
Dropping frame 1403636873.6516664
Dropping frame 1403636874.0016665
Dropping frame 1403636874.2016666
Dropping frame 1403636874.3516665
Dropping frame 1403636874.5516665
Dropping frame 1403636874.8016665
Dropping frame 1403636874.9516664
Dropping frame 1403636875.1516664
Dropping frame 1403636875.4516664
start VIBA 2
Dropping frame 1403636875.7016666
end VIBA 2
Dropping frame 1403636875.8016665
Dropping frame 1403636876.1016665
Dropping frame 1403636876.3016665
Dropping frame 1403636876.4016666
Dropping frame 1403636876.5516665
Dropping frame 1403636876.7516665
Dropping frame 1403636877.1016665
Dropping frame 1403636877.2016666
Dropping frame 1403636877.4516664
Dropping frame 1403636877.5516665
Dropping frame 1403636877.8016665
Dropping frame 1403636878.0016665
Dropping frame 1403636878.1516664
Dropping frame 1403636878.5016665
Dropping frame 1403636878.8016665
Dropping frame 1403636879.0516665
Dropping frame 1403636879.1516664
Dropping frame 1403636879.3516665
Dropping frame 1403636879.5516665
Dropping frame 1403636879.7516665
Dropping frame 1403636879.9516664
Dropping frame 1403636880.1516664
Dropping frame 1403636880.2516665
Dropping frame 1403636880.3516665
Dropping frame 1403636880.5516665
Dropping frame 1403636880.6516664
Dropping frame 1403636881.1516664
Dropping frame 1403636881.4516664
Dropping frame 1403636881.7016666
Dropping frame 1403636881.9016666
Dropping frame 1403636882.1016665
Dropping frame 1403636882.3016665
Dropping frame 1403636882.4516664
Dropping frame 1403636882.5516665
Dropping frame 1403636882.7516665
Dropping frame 1403636883.0516665
Dropping frame 1403636883.1516664
Dropping frame 1403636883.3016665
Dropping frame 1403636883.6016665
Dropping frame 1403636883.8516665
Dropping frame 1403636884.1516664
Dropping frame 1403636884.4016666
Dropping frame 1403636884.5016665
Dropping frame 1403636884.7016666
Dropping frame 1403636884.8016665
Dropping frame 1403636885.0516665
Dropping frame 1403636885.1516664
Dropping frame 1403636885.2516665
Dropping frame 1403636885.9516664
Dropping frame 1403636886.8016665
Dropping frame 1403636887.0516665
Dropping frame 1403636887.6516664
Dropping frame 1403636887.9516664
Dropping frame 1403636888.8016665
Dropping frame 1403636889.2516665
Dropping frame 1403636889.6016665
Dropping frame 1403636889.9016666
Dropping frame 1403636890.1516664
Dropping frame 1403636890.3516665
Dropping frame 1403636890.6516664
Dropping frame 1403636890.8516665
Dropping frame 1403636891.1016665
Dropping frame 1403636891.2016666
Dropping frame 1403636891.6516664
Dropping frame 1403636892.0016665
Dropping frame 1403636892.2516665
Dropping frame 1403636892.5516665
Dropping frame 1403636892.8516665
Dropping frame 1403636893.1516664
Dropping frame 1403636893.3516665
Dropping frame 1403636893.5516665
Dropping frame 1403636893.6516664
Dropping frame 1403636893.7516665
Dropping frame 1403636893.9516664
Dropping frame 1403636894.1516664
Dropping frame 1403636894.4016666
Dropping frame 1403636894.6016665
Dropping frame 1403636894.8516665
Dropping frame 1403636895.1016665
Dropping frame 1403636895.3516665
Dropping frame 1403636895.4516664
Dropping frame 1403636895.7516665
Dropping frame 1403636896.0016665
Dropping frame 1403636896.3016665
Dropping frame 1403636896.6016665
Dropping frame 1403636897.0016665
Dropping frame 1403636897.1016665
Dropping frame 1403636897.2016666
Dropping frame 1403636897.5516665
Dropping frame 1403636897.9516664
Dropping frame 1403636898.2016666
Dropping frame 1403636898.6016665
Dropping frame 1403636898.7016666
Dropping frame 1403636899.0016665
Dropping frame 1403636899.2516665
Dropping frame 1403636899.9016666
Dropping frame 1403636900.0016665
Dropping frame 1403636900.4016666
Dropping frame 1403636900.5516665
Dropping frame 1403636900.8016665
Dropping frame 1403636901.1516664
Dropping frame 1403636901.3016665
Dropping frame 1403636901.5516665
Dropping frame 1403636902.1016665
Dropping frame 1403636902.2516665
Dropping frame 1403636902.7016666
Dropping frame 1403636902.8016665
Dropping frame 1403636903.1516664
Dropping frame 1403636903.5016665
Dropping frame 1403636903.6516664
Dropping frame 1403636904.2516665
Dropping frame 1403636904.3516665
Dropping frame 1403636904.5016665
Dropping frame 1403636904.8516665
Dropping frame 1403636905.2016666
Dropping frame 1403636905.7516665
Dropping frame 1403636906.3016665
Dropping frame 1403636906.4016666
Dropping frame 1403636906.5516665
Dropping frame 1403636906.6516664
Dropping frame 1403636906.7516665
Dropping frame 1403636907.0016665
Dropping frame 1403636907.3516665
Dropping frame 1403636907.7016666
Dropping frame 1403636907.8016665
Dropping frame 1403636908.0516665
Dropping frame 1403636908.4516664
Dropping frame 1403636908.6016665
Dropping frame 1403636908.8016665
Dropping frame 1403636909.3016665
Dropping frame 1403636909.8516665
Dropping frame 1403636910.0016665
Dropping frame 1403636910.1516664
Dropping frame 1403636910.7516665
Dropping frame 1403636910.8516665
Dropping frame 1403636911.1516664
Dropping frame 1403636911.3516665
Dropping frame 1403636911.6016665
Dropping frame 1403636911.7516665
Dropping frame 1403636912.0516665
Dropping frame 1403636912.2016666
Dropping frame 1403636912.4016666
Dropping frame 1403636912.7016666
Dropping frame 1403636913.0516665
Dropping frame 1403636913.4516664
Dropping frame 1403636913.6516664
Dropping frame 1403636914.0016665
Dropping frame 1403636914.3016665
Dropping frame 1403636914.4016666
Dropping frame 1403636914.7016666
Dropping frame 1403636915.0516665
Dropping frame 1403636915.1516664
Dropping frame 1403636915.3016665
Dropping frame 1403636915.6516664
Dropping frame 1403636915.7516665
Dropping frame 1403636915.9516664
Dropping frame 1403636916.1516664
Dropping frame 1403636916.3516665
Dropping frame 1403636916.6016665
Dropping frame 1403636916.9516664
Dropping frame 1403636917.2016666
Dropping frame 1403636917.6016665
Dropping frame 1403636917.9016666
Dropping frame 1403636918.1016665
Dropping frame 1403636918.3016665
Dropping frame 1403636918.4516664
Dropping frame 1403636918.8016665
Dropping frame 1403636919.4516664
Dropping frame 1403636919.7516665
Dropping frame 1403636920.1516664
Dropping frame 1403636920.3516665
Dropping frame 1403636920.6016665
Dropping frame 1403636920.9016666
Dropping frame 1403636921.2516665
Dropping frame 1403636921.4016666
Dropping frame 1403636921.5516665
Dropping frame 1403636921.6516664
Dropping frame 1403636921.7516665
Dropping frame 1403636922.1016665
Dropping frame 1403636922.3016665
Dropping frame 1403636922.4016666
Dropping frame 1403636922.5016665
Dropping frame 1403636922.6016665
Dropping frame 1403636922.7016666
Dropping frame 1403636922.8016665
Dropping frame 1403636923.0516665
Dropping frame 1403636923.1516664
Dropping frame 1403636923.3516665
Dropping frame 1403636923.4516664
Dropping frame 1403636923.6016665
Dropping frame 1403636923.8016665
Dropping frame 1403636923.9016666
Dropping frame 1403636924.0016665
Dropping frame 1403636924.1016665
Dropping frame 1403636924.2016666
Dropping frame 1403636924.3016665
Dropping frame 1403636924.5016665
Dropping frame 1403636924.6016665
Dropping frame 1403636924.8016665
Dropping frame 1403636924.9016666
Dropping frame 1403636925.0016665
Dropping frame 1403636925.1016665
Dropping frame 1403636925.3016665
Dropping frame 1403636925.4016666
Dropping frame 1403636925.5516665
Dropping frame 1403636925.6516664
Dropping frame 1403636925.7516665
Dropping frame 1403636925.8516665
Dropping frame 1403636925.9516664
Dropping frame 1403636926.0516665
Dropping frame 1403636926.3016665
Dropping frame 1403636926.4016666
Dropping frame 1403636926.6016665
Dropping frame 1403636926.7016666
Dropping frame 1403636926.8016665
Dropping frame 1403636926.9516664
Dropping frame 1403636927.0516665
Dropping frame 1403636927.1516664
Dropping frame 1403636927.2516665
Dropping frame 1403636927.4516664
Dropping frame 1403636927.6516664
Dropping frame 1403636927.7516665
Dropping frame 1403636927.8516665
Dropping frame 1403636927.9516664
Dropping frame 1403636928.0516665
Dropping frame 1403636928.1516664
Dropping frame 1403636928.3516665
Dropping frame 1403636928.4516664
Dropping frame 1403636928.6016665
Dropping frame 1403636928.7016666
Dropping frame 1403636928.8016665
Dropping frame 1403636929.0016665
Dropping frame 1403636929.1016665
Dropping frame 1403636929.3016665
Dropping frame 1403636929.4016666
Dropping frame 1403636929.5516665
Dropping frame 1403636929.6516664
Dropping frame 1403636929.7516665
Dropping frame 1403636929.8516665
Dropping frame 1403636929.9516664
Dropping frame 1403636930.0516665
Dropping frame 1403636930.1516664
Dropping frame 1403636930.2516665
Dropping frame 1403636930.4516664
Dropping frame 1403636930.6516664
Dropping frame 1403636930.7516665
Dropping frame 1403636930.9516664
Dropping frame 1403636931.0516665
Dropping frame 1403636931.1516664
Dropping frame 1403636931.2516665
Dropping frame 1403636931.3516665
Dropping frame 1403636931.4516664
Dropping frame 1403636931.6516664
Dropping frame 1403636931.7516665
Dropping frame 1403636931.8516665
Dropping frame 1403636931.9516664
Dropping frame 1403636932.0516665
Dropping frame 1403636932.1516664
Dropping frame 1403636932.3516665
Dropping frame 1403636932.4516664
Dropping frame 1403636932.5516665
Dropping frame 1403636932.6516664
Dropping frame 1403636932.7516665
Dropping frame 1403636932.9016666
Dropping frame 1403636933.0016665
Dropping frame 1403636933.1016665
Dropping frame 1403636933.2016666
Dropping frame 1403636933.4016666
Dropping frame 1403636933.5016665
Dropping frame 1403636933.6016665
Dropping frame 1403636933.7016666
Dropping frame 1403636933.8016665
Dropping frame 1403636933.9016666
Dropping frame 1403636934.0016665
Dropping frame 1403636934.1016665
Dropping frame 1403636934.2016666
Dropping frame 1403636934.3016665
Dropping frame 1403636934.5016665
Dropping frame 1403636934.7016666
Dropping frame 1403636934.8016665
Dropping frame 1403636935.0016665
Dropping frame 1403636935.2016666
Dropping frame 1403636935.4016666
Dropping frame 1403636935.5016665
Dropping frame 1403636935.6016665
Dropping frame 1403636935.8516665
Dropping frame 1403636935.9516664
Dropping frame 1403636936.1016665
Dropping frame 1403636936.2016666
Dropping frame 1403636936.3016665
Dropping frame 1403636936.5016665
Dropping frame 1403636936.6016665
Dropping frame 1403636936.7016666
Dropping frame 1403636936.8016665
Dropping frame 1403636937.1016665
Dropping frame 1403636937.3016665
Dropping frame 1403636937.6516664
Dropping frame 1403636937.7516665
Dropping frame 1403636937.8516665
Dropping frame 1403636937.9516664
Dropping frame 1403636938.1016665
Dropping frame 1403636938.3516665
Dropping frame 1403636938.4516664
Dropping frame 1403636938.6516664
Dropping frame 1403636938.7516665
Dropping frame 1403636939.0016665
Dropping frame 1403636939.1016665
Dropping frame 1403636939.2516665
Dropping frame 1403636939.7016666
Dropping frame 1403636939.8516665
Dropping frame 1403636939.9516664
Dropping frame 1403636940.2516665
Dropping frame 1403636940.7016666
Dropping frame 1403636940.8016665
Dropping frame 1403636941.3016665
Dropping frame 1403636941.4016666
Dropping frame 1403636941.5016665
Dropping frame 1403636941.6516664
Dropping frame 1403636941.8516665
Dropping frame 1403636942.0516665
Dropping frame 1403636942.1516664
Dropping frame 1403636942.3016665
Dropping frame 1403636942.8016665
Dropping frame 1403636942.9016666
Dropping frame 1403636943.0016665
Dropping frame 1403636943.2516665
Dropping frame 1403636943.3516665
Dropping frame 1403636943.5516665
Dropping frame 1403636943.6516664
Dropping frame 1403636943.7516665
Dropping frame 1403636943.8516665
Dropping frame 1403636944.3016665
Dropping frame 1403636944.4016666
Dropping frame 1403636944.5016665
Dropping frame 1403636944.9016666
Dropping frame 1403636945.1016665
Dropping frame 1403636945.2516665
Dropping frame 1403636945.4016666
Dropping frame 1403636945.5016665
Dropping frame 1403636945.7016666
Dropping frame 1403636945.9516664
Dropping frame 1403636946.0516665
Dropping frame 1403636946.3016665
Dropping frame 1403636946.4016666
Dropping frame 1403636946.5016665
Dropping frame 1403636946.7016666
Dropping frame 1403636946.8016665
Dropping frame 1403636946.9016666
Dropping frame 1403636947.0016665
Dropping frame 1403636947.1516664
Dropping frame 1403636947.3516665
Dropping frame 1403636947.6016665
Dropping frame 1403636947.8016665
Dropping frame 1403636948.0016665
Dropping frame 1403636948.1016665
Dropping frame 1403636948.2016666
Dropping frame 1403636948.3016665
Dropping frame 1403636948.5516665
Dropping frame 1403636948.6516664
Dropping frame 1403636948.8516665
Dropping frame 1403636948.9516664
Dropping frame 1403636949.1516664
Dropping frame 1403636949.3516665
Dropping frame 1403636949.4516664
Dropping frame 1403636949.6516664
Dropping frame 1403636949.7516665
Dropping frame 1403636949.8516665
Dropping frame 1403636949.9516664
Dropping frame 1403636950.0516665
Dropping frame 1403636950.3016665
Dropping frame 1403636950.5016665
Dropping frame 1403636950.6016665
Dropping frame 1403636950.7016666
Dropping frame 1403636950.9016666
Dropping frame 1403636951.0016665
Dropping frame 1403636951.1016665
Dropping frame 1403636951.3016665
Dropping frame 1403636951.4016666
Dropping frame 1403636951.5016665
Dropping frame 1403636951.7016666
Dropping frame 1403636951.8016665
Dropping frame 1403636951.9016666
Dropping frame 1403636952.0016665
Dropping frame 1403636952.2016666
Dropping frame 1403636952.3016665
Dropping frame 1403636952.4516664
Dropping frame 1403636952.5516665
Dropping frame 1403636952.6516664
Dropping frame 1403636952.8516665
Dropping frame 1403636952.9516664
Dropping frame 1403636953.0516665
Dropping frame 1403636953.3016665
Dropping frame 1403636953.4016666
Dropping frame 1403636953.6016665
Dropping frame 1403636953.7016666
Dropping frame 1403636953.9516664
Dropping frame 1403636954.0516665
Dropping frame 1403636954.1516664
Dropping frame 1403636954.2516665
Dropping frame 1403636954.5016665
Dropping frame 1403636954.6016665
Dropping frame 1403636954.7016666
Dropping frame 1403636954.9016666
Dropping frame 1403636955.0016665
Dropping frame 1403636955.1016665
Dropping frame 1403636955.3016665
Dropping frame 1403636955.4016666
Dropping frame 1403636955.6016665
Dropping frame 1403636955.7016666
Dropping frame 1403636955.8016665
Dropping frame 1403636955.9016666
Dropping frame 1403636956.0016665
Dropping frame 1403636956.1016665
Dropping frame 1403636956.3016665
Dropping frame 1403636956.4516664
Dropping frame 1403636956.5516665
Dropping frame 1403636956.6516664
Dropping frame 1403636956.7516665
Dropping frame 1403636956.9516664
Dropping frame 1403636957.0516665
Dropping frame 1403636957.2016666
Dropping frame 1403636957.4016666
Dropping frame 1403636957.5016665
Dropping frame 1403636957.6016665
Dropping frame 1403636957.7016666
Dropping frame 1403636957.8016665
Dropping frame 1403636958.0016665
Dropping frame 1403636958.3516665
Dropping frame 1403636958.5516665
Dropping frame 1403636958.6516664
Dropping frame 1403636958.7516665
Dropping frame 1403636958.9516664
Dropping frame 1403636959.0516665
Dropping frame 1403636959.1516664
Dropping frame 1403636959.2516665
Dropping frame 1403636959.4516664
Dropping frame 1403636959.5516665
Dropping frame 1403636959.6516664
Dropping frame 1403636959.7516665
Dropping frame 1403636959.8516665
Dropping frame 1403636960.0516665
Dropping frame 1403636960.1516664
Dropping frame 1403636960.2516665
Dropping frame 1403636960.3516665
Dropping frame 1403636960.4516664
Dropping frame 1403636960.5516665
Dropping frame 1403636960.7516665
Dropping frame 1403636960.8516665
Dropping frame 1403636961.0516665
Dropping frame 1403636961.1516664
Dropping frame 1403636961.3516665
Dropping frame 1403636961.5516665
Dropping frame 1403636961.7516665
Dropping frame 1403636961.8516665
Dropping frame 1403636961.9516664
Dropping frame 1403636962.0516665
Dropping frame 1403636962.1516664
Dropping frame 1403636962.2516665
Dropping frame 1403636962.4516664
Dropping frame 1403636962.5516665
Dropping frame 1403636962.6516664
Dropping frame 1403636962.8516665
Dropping frame 1403636963.0516665
Dropping frame 1403636963.4016666
Dropping frame 1403636964.2016666
Dropping frame 1403636964.3016665
Dropping frame 1403636964.4016666
Dropping frame 1403636964.6016665
Dropping frame 1403636965.0516665
Dropping frame 1403636965.1516664
Dropping frame 1403636965.3516665
Dropping frame 1403636965.5516665
Dropping frame 1403636965.7516665
Dropping frame 1403636965.9516664
Dropping frame 1403636966.1516664
Dropping frame 1403636966.3516665
Dropping frame 1403636966.4516664
Dropping frame 1403636966.5516665
Dropping frame 1403636966.7516665
Dropping frame 1403636966.9516664
Dropping frame 1403636967.0516665
Dropping frame 1403636967.1516664
Dropping frame 1403636967.3516665
Dropping frame 1403636967.5516665
Dropping frame 1403636967.7516665
Dropping frame 1403636967.9516664
Dropping frame 1403636968.0516665
Dropping frame 1403636968.1516664
Dropping frame 1403636968.3516665
Dropping frame 1403636968.5516665
Dropping frame 1403636968.6516664
Dropping frame 1403636968.8516665
Dropping frame 1403636969.0516665
Dropping frame 1403636969.2516665
Dropping frame 1403636969.4516664
Dropping frame 1403636969.6516664
Dropping frame 1403636969.8516665
Dropping frame 1403636969.9516664
Dropping frame 1403636970.0516665
Dropping frame 1403636970.1516664
Dropping frame 1403636970.3516665
Dropping frame 1403636970.5516665
Dropping frame 1403636970.6516664
Dropping frame 1403636970.7516665
Dropping frame 1403636970.9516664
Dropping frame 1403636971.1516664
Dropping frame 1403636971.3516665
Dropping frame 1403636971.4516664
Dropping frame 1403636971.6516664
Dropping frame 1403636971.8516665
Dropping frame 1403636972.0516665
Dropping frame 1403636972.2516665
Dropping frame 1403636972.3516665
Dropping frame 1403636972.4516664
Dropping frame 1403636972.6516664
Dropping frame 1403636972.8016665
Dropping frame 1403636973.0016665
Dropping frame 1403636973.2016666
Dropping frame 1403636973.4016666
Dropping frame 1403636973.6016665
Dropping frame 1403636973.8016665
Dropping frame 1403636974.0016665
Dropping frame 1403636974.1516664
Dropping frame 1403636974.3516665
Dropping frame 1403636974.5516665
Dropping frame 1403636974.6516664
Dropping frame 1403636974.8516665
Dropping frame 1403636975.0516665
Dropping frame 1403636975.2516665
Dropping frame 1403636975.3516665
Dropping frame 1403636975.4516664
Dropping frame 1403636975.6516664
Dropping frame 1403636975.8516665
Dropping frame 1403636975.9516664
Dropping frame 1403636976.0516665
Dropping frame 1403636976.2516665
Dropping frame 1403636976.4516664
Dropping frame 1403636976.5516665
Dropping frame 1403636976.7516665
Dropping frame 1403636976.9516664
Dropping frame 1403636977.1516664
Dropping frame 1403636977.3516665
Dropping frame 1403636977.5516665
Dropping frame 1403636977.7516665
Dropping frame 1403636977.9516664
Dropping frame 1403636978.1516664
Dropping frame 1403636978.2516665
Dropping frame 1403636978.3516665
Dropping frame 1403636978.5516665
Dropping frame 1403636978.6516664
Dropping frame 1403636978.9016666
Dropping frame 1403636979.1016665
Dropping frame 1403636979.2016666
Dropping frame 1403636979.3016665
Dropping frame 1403636979.6516664
Dropping frame 1403636979.8516665
Dropping frame 1403636980.0516665
Dropping frame 1403636980.2516665
Dropping frame 1403636980.4516664
Dropping frame 1403636980.5516665
Dropping frame 1403636980.8016665
Dropping frame 1403636981.0016665
Dropping frame 1403636981.2016666
Dropping frame 1403636981.4016666
Dropping frame 1403636981.6016665
Dropping frame 1403636981.8016665
Dropping frame 1403636981.9516664
Dropping frame 1403636982.1516664
Dropping frame 1403636982.3516665
Dropping frame 1403636982.5516665
Dropping frame 1403636982.7516665
Dropping frame 1403636982.9516664
Dropping frame 1403636983.0516665
Dropping frame 1403636983.2516665
Dropping frame 1403636983.4516664
Dropping frame 1403636983.6516664
Dropping frame 1403636983.8516665
Dropping frame 1403636983.9516664
Dropping frame 1403636984.0516665
Dropping frame 1403636984.2516665
Dropping frame 1403636984.4516664
Dropping frame 1403636984.6516664
Dropping frame 1403636984.8516665
Dropping frame 1403636985.0516665
Dropping frame 1403636985.2516665
Dropping frame 1403636985.4516664
Dropping frame 1403636985.6516664
Dropping frame 1403636985.8516665
Dropping frame 1403636986.0516665
Dropping frame 1403636986.1516664
Dropping frame 1403636986.2516665
Dropping frame 1403636986.4516664
Dropping frame 1403636986.5516665
Dropping frame 1403636986.6516664
Dropping frame 1403636987.0016665
Dropping frame 1403636987.1016665
Dropping frame 1403636987.3516665
Dropping frame 1403636987.4516664
Dropping frame 1403636987.5516665
Dropping frame 1403636987.7516665
Dropping frame 1403636987.8516665
Dropping frame 1403636987.9516664
Dropping frame 1403636988.1516664
Dropping frame 1403636988.3516665
Dropping frame 1403636988.5516665
Dropping frame 1403636988.6516664
Dropping frame 1403636988.7516665
Dropping frame 1403636988.8516665
Dropping frame 1403636989.0516665
Dropping frame 1403636989.2516665
Dropping frame 1403636989.5016665
Dropping frame 1403636989.7016666
Dropping frame 1403636989.9016666
Dropping frame 1403636990.0016665
Dropping frame 1403636990.1016665
Dropping frame 1403636990.3016665
Dropping frame 1403636990.5016665
Dropping frame 1403636990.7016666
Dropping frame 1403636990.9016666
Dropping frame 1403636991.0516665
Dropping frame 1403636991.1516664
Dropping frame 1403636991.2516665
Dropping frame 1403636991.4516664
Dropping frame 1403636991.5516665
Dropping frame 1403636991.6516664
Dropping frame 1403636991.8516665
Dropping frame 1403636991.9516664
Dropping frame 1403636992.0516665
Dropping frame 1403636992.1516664
Dropping frame 1403636992.2516665
Dropping frame 1403636992.3516665
Dropping frame 1403636992.5516665
Dropping frame 1403636992.7516665
Dropping frame 1403636992.9516664
Dropping frame 1403636993.1516664
Dropping frame 1403636993.4016666
Dropping frame 1403636993.5016665
Dropping frame 1403636993.6016665
Dropping frame 1403636993.8516665
Dropping frame 1403636994.0516665
Dropping frame 1403636994.1516664
Dropping frame 1403636994.4016666
Dropping frame 1403636994.6016665
Dropping frame 1403636994.7016666
Dropping frame 1403636994.8016665
Dropping frame 1403636995.0516665
Dropping frame 1403636995.2516665
Dropping frame 1403636995.3516665
Dropping frame 1403636995.5516665
Dropping frame 1403636995.7016666
Dropping frame 1403636995.8016665
Dropping frame 1403636995.9016666
Dropping frame 1403636996.2516665
Dropping frame 1403636996.3516665
Dropping frame 1403636996.5516665
Dropping frame 1403636996.7516665
Dropping frame 1403636996.8516665
Dropping frame 1403636996.9516664
Dropping frame 1403636997.2516665
Dropping frame 1403636997.3516665
Dropping frame 1403636997.6016665
Dropping frame 1403636997.9016666
Dropping frame 1403636998.1016665
Dropping frame 1403636998.3016665
Dropping frame 1403636998.4016666
Dropping frame 1403636998.8016665
Dropping frame 1403636999.0016665
Dropping frame 1403636999.2516665
Dropping frame 1403636999.4516664
Dropping frame 1403636999.5516665
Dropping frame 1403636999.6516664
Dropping frame 1403636999.8516665
Dropping frame 1403637000.0016665
Dropping frame 1403637000.2016666
Dropping frame 1403637000.4016666
Dropping frame 1403637000.5016665
Dropping frame 1403637000.7016666
Dropping frame 1403637001.0016665
Dropping frame 1403637001.1016665
Dropping frame 1403637001.5516665
Dropping frame 1403637002.0516665
Dropping frame 1403637002.2516665
Dropping frame 1403637002.4016666
Dropping frame 1403637002.6016665
Dropping frame 1403637002.8016665
Dropping frame 1403637003.0016665
Dropping frame 1403637003.4016666
Dropping frame 1403637003.7516665
Dropping frame 1403637003.9516664
Dropping frame 1403637004.1516664
Dropping frame 1403637004.2516665
Dropping frame 1403637004.3516665
Dropping frame 1403637004.7516665
Dropping frame 1403637004.9016666
Dropping frame 1403637005.1016665
Dropping frame 1403637005.2016666
Dropping frame 1403637005.4016666
Dropping frame 1403637005.5016665
Dropping frame 1403637005.7016666
Dropping frame 1403637005.9016666
Dropping frame 1403637006.0016665
Dropping frame 1403637006.1016665
Dropping frame 1403637006.3016665
Dropping frame 1403637006.4016666
Dropping frame 1403637006.5516665
Dropping frame 1403637006.7516665
Dropping frame 1403637006.9516664
Dropping frame 1403637007.0516665
Dropping frame 1403637007.1516664
Dropping frame 1403637007.2516665
Dropping frame 1403637007.4516664
Dropping frame 1403637007.6516664
Dropping frame 1403637007.8516665
Dropping frame 1403637007.9516664
Dropping frame 1403637008.0516665
Dropping frame 1403637008.4016666
Dropping frame 1403637008.6016665
Dropping frame 1403637008.8016665
Dropping frame 1403637008.9016666
Dropping frame 1403637009.1016665
Dropping frame 1403637009.2016666
Dropping frame 1403637009.3016665
Dropping frame 1403637009.5016665
Dropping frame 1403637009.6016665
Dropping frame 1403637009.7516665
Dropping frame 1403637009.9516664
Dropping frame 1403637010.0516665
Dropping frame 1403637010.1516664
Dropping frame 1403637010.3516665
Dropping frame 1403637010.4516664
Dropping frame 1403637010.5516665
Shutdown
SLAM Finished at System Time: 1742726155.83327

 TIME STATS in ms (mean$\pm$std)
OpenCV version: 4.8.1
---------------------------
Tracking

ORB Extraction: 21.544$\pm$2.0432
Stereo Matching: 7.3159$\pm$2.0523
IMU Preintegration: 0.25046$\pm$0.10079
Pose Prediction: 0.22189$\pm$0.61866
LM Track: 19.397$\pm$5.457
New KF decision: 1.3317$\pm$2.444
Total Tracking: 31.773$\pm$27.789



Local Mapping

KF Insertion: 16.769$\pm$5.4223
MP Culling: 0.55414$\pm$0.21506
MP Creation: 49.224$\pm$15.743
LBA: 152.75$\pm$54.175
KF Culling: 15.926$\pm$10.476
Total Local Mapping: 235.07$\pm$77.035
---------------------------

LBA complexity (mean$\pm$std)
LBA Edges: 1683.6$\pm$574.45
LBA KF optimized: 6.5$\pm$2.2913
LBA KF fixed: 1$\pm$0
LBA MP: nan$\pm$nan

LBA executions: 459
LBA aborts: 0
---------------------------

Map complexity
KFs in map: 124
MPs in map: 9266
---------------------------

Place Recognition (mean$\pm$std)
Database Query: 1.4821$\pm$0.78998
SE3 estimation: 10.154$\pm$13.819
Total Place Recognition: 10.33$\pm$13.929


Loop Closing (mean$\pm$std)
Loop Fusion: nan$\pm$nan
Essential Graph: nan$\pm$nan
Total Loop Closing: nan$\pm$nan

Num exec: 0
Number of KFs: nan$\pm$nan

Map Merging (mean$\pm$std)
Merge Maps: nan$\pm$nan
Welding BA: nan$\pm$nan
Optimization Ess.: nan$\pm$nan
Total Map Merging: nan$\pm$nan

Num exec: 0
Number of KFs: nan$\pm$nan
Number of MPs: nan$\pm$nan

Full GBA (mean$\pm$std)
GBA: nan$\pm$nan
Map Update: nan$\pm$nan
Total Full GBA: nan$\pm$nan

Num exec: 0
Num abort: 0
Number of KFs: nan$\pm$nan
Number of MPs: nan$\pm$nan

Saving trajectory to f_dataset-MH02_stereo_imu.txt ...
There are 1 maps in the atlas
  Map 0 has 124 KFs

End of saving trajectory to f_dataset-MH02_stereo_imu.txt ...

Saving keyframe trajectory to kf_dataset-MH02_stereo_imu.txt ...
