num_seq = 1
file name: dataset-MH01_stereo_imu
Loading images for sequence 0...LOADED!
Loading IMU for sequence 0...LOADED!

-------

ORB-SLAM3 Copyright (C) 2017-2020 Carlos Campos, Richard Elvira, Juan J. Gómez, José M.M. Montiel and Juan D. Tardós, University of Zaragoza.
ORB-SLAM2 Copyright (C) 2014-2016 Raúl Mur-Artal, José M.M. Montiel and Juan D. Tardós, University of Zaragoza.
This program comes with ABSOLUTELY NO WARRANTY;
This is free software, and you are welcome to redistribute it
under certain conditions. See LICENSE.txt.

Built with REGISTER_TIMES
Git Commit Hash: 2d47524

Build Type: Release

Compiled with C++ version: 201703

Input sensor was set to: Stereo-Inertial
Loading settings from EuRoC_fov_deadlines_mask_15x15.yaml
	-Loaded camera 1
	-Loaded camera 2
	-Loaded image info
	-Loaded IMU calibration
	-Loaded ORB settings
	-Loaded viewer settings
	-Loaded Atlas settings
Deadlines enabled, will skip frames!
FOV enabled
Static mask size: 15x15
Dumping map points enabled
	-Loaded misc parameters
	-Computed rectification maps
----------------------------------
SLAM settings: 
	-Camera 1 parameters (Pinhole): [ 458.65399169921875 457.29598999023438 367.21499633789062 248.375 ]
	-Camera 1 distortion parameters: [  -0.28340810537338257 0.073959067463874817 0.00019359000725671649 1.7618711353861727e-05 ]
	-Camera 2 parameters (Pinhole: [ 457.58700561523438 456.13400268554688 379.99899291992188 255.23800659179688 ]
	-Camera 1 distortion parameters: [  -0.2836836576461792 0.074512839317321777 -0.00010473000293131918 -3.555907096597366e-05 ]
	-Original image size: [ 752 , 480 ]
	-Current image size: [ 752 , 480 ]
	-Camera 1 parameters after rectification: [  456.71499633789062 456.71499633789062 364.52615356445312 257.268798828125 ]
	-Sequence FPS: 20
	-Stereo baseline: 0.11007784307003021
	-Stereo depth threshold : 60
	-Gyro noise: 0.00016999999934341758
	-Accelerometer noise: 0.0020000000949949026
	-Gyro walk: 1.9392999092815444e-05
	-Accelerometer walk: 0.0030000000260770321
	-IMU frequency: 200
	-Features per image: 1200
	-ORB scale factor: 1.2000000476837158
	-ORB number of scales: 8
	-Initial FAST threshold: 20
	-Min FAST threshold: 7


Loading ORB Vocabulary. This could take a while...
Vocabulary loaded!

Initialization of Atlas from scratch 
Creation of new map with id: 0
Creation of new map with last KF id: 0
Seq. Name: 
There are 1 cameras in the atlas
Camera 0 is pinhole
SLAM Started at System Time: 1743002269.27735
not IMU meas
not IMU meas
not enough acceleration
not enough acceleration
First KF:0; Map init KF:0
New Map created with 542 points
Active map: 0
Dropping frame 1403636580.0135555
Dropping frame 1403636580.2135556
Dropping frame 1403636580.3635557
Dropping frame 1403636580.5635555
Dropping frame 1403636581.2135556
Dropping frame 1403636581.5135555
Dropping frame 1403636581.8635557
Dropping frame 1403636581.9635556
Dropping frame 1403636582.0635555
Dropping frame 1403636582.1635556
Dropping frame 1403636582.2635555
Dropping frame 1403636582.4635556
Dropping frame 1403636582.6135554
Dropping frame 1403636582.8135555
Dropping frame 1403636583.0135555
Dropping frame 1403636583.2135556
Dropping frame 1403636583.4135554
Dropping frame 1403636583.7635555
Dropping frame 1403636583.8635557
Dropping frame 1403636584.1635556
Dropping frame 1403636584.4135554
Dropping frame 1403636584.5135555
Dropping frame 1403636584.7135556
Dropping frame 1403636584.8135555
Dropping frame 1403636584.9135554
Dropping frame 1403636585.1135554
Dropping frame 1403636585.2135556
Dropping frame 1403636585.4635556
Dropping frame 1403636585.5635555
Dropping frame 1403636585.6635556
start VIBA 1
end VIBA 1
Dropping frame 1403636585.8635557
Dropping frame 1403636585.9635556
Dropping frame 1403636586.0635555
Dropping frame 1403636586.1635556
Dropping frame 1403636586.3135555
Dropping frame 1403636586.6635556
Dropping frame 1403636587.1135554
Dropping frame 1403636587.2135556
Dropping frame 1403636587.4635556
Dropping frame 1403636587.6635556
Dropping frame 1403636587.9635556
Dropping frame 1403636588.1635556
Dropping frame 1403636588.3635557
Dropping frame 1403636588.4635556
Dropping frame 1403636588.7135556
Dropping frame 1403636588.9135554
Dropping frame 1403636589.0135555
Dropping frame 1403636589.1135554
Dropping frame 1403636589.3635557
Dropping frame 1403636589.5635555
Dropping frame 1403636589.7635555
Dropping frame 1403636589.8635557
Dropping frame 1403636590.1135554
Dropping frame 1403636590.3135555
Dropping frame 1403636590.5135555
Dropping frame 1403636590.7135556
Dropping frame 1403636590.8135555
Dropping frame 1403636591.0635555
Dropping frame 1403636591.1635556
Dropping frame 1403636591.5635555
Dropping frame 1403636591.8135555
Dropping frame 1403636592.1135554
Dropping frame 1403636592.3135555
Dropping frame 1403636592.4135554
Dropping frame 1403636592.5635555
Dropping frame 1403636592.7635555
Dropping frame 1403636592.8635557
Dropping frame 1403636593.1135554
Dropping frame 1403636593.2635555
Dropping frame 1403636593.3635557
Dropping frame 1403636593.6635556
Dropping frame 1403636593.9135554
Dropping frame 1403636594.0135555
Dropping frame 1403636594.2635555
Dropping frame 1403636594.4635556
Dropping frame 1403636594.5635555
Dropping frame 1403636594.6635556
Dropping frame 1403636594.9135554
Dropping frame 1403636595.0135555
Dropping frame 1403636595.2635555
Dropping frame 1403636595.4635556
Dropping frame 1403636595.6635556
start VIBA 2
Dropping frame 1403636595.7635555
end VIBA 2
Dropping frame 1403636595.8635557
Dropping frame 1403636596.1135554
Dropping frame 1403636596.4135554
Dropping frame 1403636596.5135555
Dropping frame 1403636596.7635555
Dropping frame 1403636596.9635556
Dropping frame 1403636597.0635555
Dropping frame 1403636597.1635556
Dropping frame 1403636597.4135554
Dropping frame 1403636597.5135555
Dropping frame 1403636597.6135554
Dropping frame 1403636597.8135555
Dropping frame 1403636597.9135554
Dropping frame 1403636598.0135555
Dropping frame 1403636598.2135556
Dropping frame 1403636598.3135555
Dropping frame 1403636598.4135554
Dropping frame 1403636598.6135554
Dropping frame 1403636598.8135555
Dropping frame 1403636598.9135554
Dropping frame 1403636599.0135555
Dropping frame 1403636599.1135554
Dropping frame 1403636599.3135555
Dropping frame 1403636599.5135555
Dropping frame 1403636599.6135554
Dropping frame 1403636599.7135556
Dropping frame 1403636599.8635557
Dropping frame 1403636600.0135555
Dropping frame 1403636600.2135556
Dropping frame 1403636600.3135555
Dropping frame 1403636600.4135554
Dropping frame 1403636600.5135555
Dropping frame 1403636600.7135556
Dropping frame 1403636600.8135555
Dropping frame 1403636600.9135554
Dropping frame 1403636601.0135555
Dropping frame 1403636601.1135554
Dropping frame 1403636601.3135555
Dropping frame 1403636601.4135554
Dropping frame 1403636601.6635556
Dropping frame 1403636601.8635557
Dropping frame 1403636601.9635556
Dropping frame 1403636602.1635556
Dropping frame 1403636602.4635556
Dropping frame 1403636602.6635556
Dropping frame 1403636603.0135555
Dropping frame 1403636603.1135554
Dropping frame 1403636603.3135555
Dropping frame 1403636603.5135555
Dropping frame 1403636603.6635556
Dropping frame 1403636603.8135555
Dropping frame 1403636604.0135555
Dropping frame 1403636604.2135556
Dropping frame 1403636604.5635555
Dropping frame 1403636604.6635556
Dropping frame 1403636604.7635555
Dropping frame 1403636604.8635557
Dropping frame 1403636605.0635555
Dropping frame 1403636605.2135556
Dropping frame 1403636605.4135554
Dropping frame 1403636605.6135554
Dropping frame 1403636605.8135555
Dropping frame 1403636605.9135554
Dropping frame 1403636606.2135556
Dropping frame 1403636606.4135554
Dropping frame 1403636606.5135555
Dropping frame 1403636606.8135555
Dropping frame 1403636607.1135554
Dropping frame 1403636607.2135556
Dropping frame 1403636607.3135555
Dropping frame 1403636607.6635556
Dropping frame 1403636607.8635557
Dropping frame 1403636607.9635556
Dropping frame 1403636608.1135554
Dropping frame 1403636608.3135555
Dropping frame 1403636608.4135554
Dropping frame 1403636608.6135554
Dropping frame 1403636608.9635556
Dropping frame 1403636609.3135555
Dropping frame 1403636609.4135554
Dropping frame 1403636609.6635556
Dropping frame 1403636609.8635557
Dropping frame 1403636610.0635555
Dropping frame 1403636610.4135554
Dropping frame 1403636610.7635555
Dropping frame 1403636611.0635555
Dropping frame 1403636611.4135554
Dropping frame 1403636611.5135555
Dropping frame 1403636611.9135554
Dropping frame 1403636612.1635556
Dropping frame 1403636612.4135554
Dropping frame 1403636613.0135555
Dropping frame 1403636613.4635556
Dropping frame 1403636613.6135554
Dropping frame 1403636613.9635556
Dropping frame 1403636614.4135554
Dropping frame 1403636614.6135554
Dropping frame 1403636614.7635555
Dropping frame 1403636615.2635555
Dropping frame 1403636615.4635556
Dropping frame 1403636616.0635555
Dropping frame 1403636616.2635555
Dropping frame 1403636616.4635556
Dropping frame 1403636616.9135554
Dropping frame 1403636617.2635555
Dropping frame 1403636617.5635555
Dropping frame 1403636618.0135555
Dropping frame 1403636618.4135554
Dropping frame 1403636618.7135556
Dropping frame 1403636618.9135554
Dropping frame 1403636619.0135555
Dropping frame 1403636619.2635555
Dropping frame 1403636619.4635556
Dropping frame 1403636619.7635555
Dropping frame 1403636620.2635555
Dropping frame 1403636620.5135555
Dropping frame 1403636620.8635557
Dropping frame 1403636621.1135554
Dropping frame 1403636621.2635555
Dropping frame 1403636621.6135554
Dropping frame 1403636621.8135555
Dropping frame 1403636622.0135555
Dropping frame 1403636622.2135556
Dropping frame 1403636622.3135555
Dropping frame 1403636622.5635555
Dropping frame 1403636622.6635556
Dropping frame 1403636622.8635557
Dropping frame 1403636623.0135555
Dropping frame 1403636623.2135556
Dropping frame 1403636623.5135555
Dropping frame 1403636623.6135554
Dropping frame 1403636623.8635557
Dropping frame 1403636624.0635555
Dropping frame 1403636624.2135556
Dropping frame 1403636624.5135555
Dropping frame 1403636624.8135555
Dropping frame 1403636625.1135554
Dropping frame 1403636625.4135554
Dropping frame 1403636625.5135555
Dropping frame 1403636625.6135554
Dropping frame 1403636625.7635555
Dropping frame 1403636626.1135554
Dropping frame 1403636626.3135555
Dropping frame 1403636626.4135554
Dropping frame 1403636626.5135555
Dropping frame 1403636626.8635557
Dropping frame 1403636626.9635556
Dropping frame 1403636627.2135556
Dropping frame 1403636627.4135554
Dropping frame 1403636627.5135555
Dropping frame 1403636627.7635555
Dropping frame 1403636628.0135555
Dropping frame 1403636628.2135556
Dropping frame 1403636628.3135555
Dropping frame 1403636628.5635555
Dropping frame 1403636628.6635556
Dropping frame 1403636629.0635555
Dropping frame 1403636629.1635556
Dropping frame 1403636629.4135554
Dropping frame 1403636629.7635555
Dropping frame 1403636629.8635557
Dropping frame 1403636630.1635556
Dropping frame 1403636630.2635555
Dropping frame 1403636630.5135555
Dropping frame 1403636630.6135554
Dropping frame 1403636630.9135554
Dropping frame 1403636631.0635555
Dropping frame 1403636631.1635556
Dropping frame 1403636631.4635556
Dropping frame 1403636631.8635557
Dropping frame 1403636631.9635556
Dropping frame 1403636632.3135555
Dropping frame 1403636632.5135555
Dropping frame 1403636632.8135555
Dropping frame 1403636633.0135555
Dropping frame 1403636633.1135554
Dropping frame 1403636633.8635557
Dropping frame 1403636633.9635556
Dropping frame 1403636634.0635555
Dropping frame 1403636634.3135555
Dropping frame 1403636635.1135554
Dropping frame 1403636635.5635555
Dropping frame 1403636635.6635556
Dropping frame 1403636635.8635557
Dropping frame 1403636635.9635556
Dropping frame 1403636636.3635557
Dropping frame 1403636636.6135554
Dropping frame 1403636636.9635556
Dropping frame 1403636637.0635555
Dropping frame 1403636637.3135555
Dropping frame 1403636637.4135554
Dropping frame 1403636637.6135554
Dropping frame 1403636637.8635557
Dropping frame 1403636638.1135554
Dropping frame 1403636638.5635555
Dropping frame 1403636638.6635556
Dropping frame 1403636638.8635557
Dropping frame 1403636639.1635556
Dropping frame 1403636639.4635556
Dropping frame 1403636639.7135556
Dropping frame 1403636640.0135555
Dropping frame 1403636640.1135554
Dropping frame 1403636640.3135555
Dropping frame 1403636640.5135555
Dropping frame 1403636640.7635555
Dropping frame 1403636641.0135555
Dropping frame 1403636641.3635557
Dropping frame 1403636641.6135554
Dropping frame 1403636641.7635555
Dropping frame 1403636642.0635555
Dropping frame 1403636642.2635555
Dropping frame 1403636642.4635556
Dropping frame 1403636642.6135554
Dropping frame 1403636642.9135554
Dropping frame 1403636643.2635555
Dropping frame 1403636643.7135556
Dropping frame 1403636643.8635557
Dropping frame 1403636644.1135554
Dropping frame 1403636644.2135556
Dropping frame 1403636644.5135555
Dropping frame 1403636644.6635556
Dropping frame 1403636644.7635555
Dropping frame 1403636644.9635556
Dropping frame 1403636645.0635555
Dropping frame 1403636645.3135555
Dropping frame 1403636645.6635556
Dropping frame 1403636646.0635555
Dropping frame 1403636646.2135556
Dropping frame 1403636646.3135555
Dropping frame 1403636646.5635555
Dropping frame 1403636646.7635555
Dropping frame 1403636646.9635556
Dropping frame 1403636647.2135556
Dropping frame 1403636647.4135554
Dropping frame 1403636647.7135556
Dropping frame 1403636647.8635557
Dropping frame 1403636648.0635555
Dropping frame 1403636648.3635557
Dropping frame 1403636648.6635556
Dropping frame 1403636648.8635557
Dropping frame 1403636649.2135556
Dropping frame 1403636649.4135554
Dropping frame 1403636649.5135555
Dropping frame 1403636649.7635555
Dropping frame 1403636650.1135554
Dropping frame 1403636650.3135555
Dropping frame 1403636650.4135554
Dropping frame 1403636650.5635555
Dropping frame 1403636650.9635556
Dropping frame 1403636651.3135555
Dropping frame 1403636651.4135554
Dropping frame 1403636652.5635555
Dropping frame 1403636652.9635556
Dropping frame 1403636653.6635556
Dropping frame 1403636653.9135554
Dropping frame 1403636654.3635557
Dropping frame 1403636654.4635556
Dropping frame 1403636654.5635555
Dropping frame 1403636654.7635555
Dropping frame 1403636654.9635556
Dropping frame 1403636655.1635556
Dropping frame 1403636655.2635555
Dropping frame 1403636655.4135554
Dropping frame 1403636655.5135555
Dropping frame 1403636655.6135554
Dropping frame 1403636655.8135555
Dropping frame 1403636656.0135555
Dropping frame 1403636656.1135554
Dropping frame 1403636656.2635555
Dropping frame 1403636656.4635556
Dropping frame 1403636656.5635555
Dropping frame 1403636656.6635556
Dropping frame 1403636656.8635557
Dropping frame 1403636657.0635555
Dropping frame 1403636657.1635556
Dropping frame 1403636657.3135555
Dropping frame 1403636657.5135555
Dropping frame 1403636657.6135554
Dropping frame 1403636657.7135556
Dropping frame 1403636657.9635556
Dropping frame 1403636658.0635555
Dropping frame 1403636658.3135555
Dropping frame 1403636658.5135555
Dropping frame 1403636658.6135554
Dropping frame 1403636658.7135556
Dropping frame 1403636658.8135555
Dropping frame 1403636659.0135555
Dropping frame 1403636659.2135556
Dropping frame 1403636659.3135555
Dropping frame 1403636659.4135554
Dropping frame 1403636659.5135555
Dropping frame 1403636659.6135554
Dropping frame 1403636659.7135556
Dropping frame 1403636659.9635556
Dropping frame 1403636660.1635556
Dropping frame 1403636660.2635555
Dropping frame 1403636660.3635557
Dropping frame 1403636660.4635556
Dropping frame 1403636660.7135556
Dropping frame 1403636660.8135555
Dropping frame 1403636661.0135555
Dropping frame 1403636661.3635557
Dropping frame 1403636661.4635556
Dropping frame 1403636661.6135554
Dropping frame 1403636661.7135556
Dropping frame 1403636662.0635555
Dropping frame 1403636662.1635556
Dropping frame 1403636662.3135555
Dropping frame 1403636662.5135555
Dropping frame 1403636662.7135556
Dropping frame 1403636662.8135555
Dropping frame 1403636662.9135554
Dropping frame 1403636663.0135555
Dropping frame 1403636663.1135554
Dropping frame 1403636663.3135555
Dropping frame 1403636663.4135554
Dropping frame 1403636663.6135554
Dropping frame 1403636663.8135555
Dropping frame 1403636663.9135554
Dropping frame 1403636664.0135555
Dropping frame 1403636664.1135554
Dropping frame 1403636664.2135556
Dropping frame 1403636664.4135554
Dropping frame 1403636664.5135555
Dropping frame 1403636664.6135554
Dropping frame 1403636664.7135556
Dropping frame 1403636664.8135555
Dropping frame 1403636664.9135554
Dropping frame 1403636665.0135555
Dropping frame 1403636665.2135556
Dropping frame 1403636665.4135554
Dropping frame 1403636665.5135555
Dropping frame 1403636665.6135554
Dropping frame 1403636665.7135556
Dropping frame 1403636665.8135555
Dropping frame 1403636665.9135554
Dropping frame 1403636666.1135554
Dropping frame 1403636666.4135554
Dropping frame 1403636666.5135555
Dropping frame 1403636666.6135554
Dropping frame 1403636666.7135556
Dropping frame 1403636666.8135555
Dropping frame 1403636667.0135555
Dropping frame 1403636667.1135554
Dropping frame 1403636667.3635557
Dropping frame 1403636667.5635555
Dropping frame 1403636667.6635556
Dropping frame 1403636667.7635555
Dropping frame 1403636667.8635557
Dropping frame 1403636667.9635556
Dropping frame 1403636668.0635555
Dropping frame 1403636668.1635556
Dropping frame 1403636668.3135555
Dropping frame 1403636668.4135554
Dropping frame 1403636668.5135555
Dropping frame 1403636668.6135554
Dropping frame 1403636668.7135556
Dropping frame 1403636668.8135555
Dropping frame 1403636669.0135555
Dropping frame 1403636669.2135556
Dropping frame 1403636669.4135554
Dropping frame 1403636669.5135555
Dropping frame 1403636669.6135554
Dropping frame 1403636669.7135556
Dropping frame 1403636669.9135554
Dropping frame 1403636670.0135555
Dropping frame 1403636670.1135554
Dropping frame 1403636670.2135556
Dropping frame 1403636670.3135555
Dropping frame 1403636670.4135554
Dropping frame 1403636670.5135555
Dropping frame 1403636670.6135554
Dropping frame 1403636670.7135556
Dropping frame 1403636670.8635557
Dropping frame 1403636670.9635556
Dropping frame 1403636671.0635555
Dropping frame 1403636671.2135556
Dropping frame 1403636671.4135554
Dropping frame 1403636671.5135555
Dropping frame 1403636671.6135554
Dropping frame 1403636671.7135556
Dropping frame 1403636671.8135555
Dropping frame 1403636672.0135555
Dropping frame 1403636672.2135556
Dropping frame 1403636672.4635556
Dropping frame 1403636672.7135556
Dropping frame 1403636672.9135554
Dropping frame 1403636673.4135554
Dropping frame 1403636673.5135555
Dropping frame 1403636673.8135555
Dropping frame 1403636673.9135554
Dropping frame 1403636674.0635555
Dropping frame 1403636674.3635557
Dropping frame 1403636674.5635555
Dropping frame 1403636674.6635556
Dropping frame 1403636674.7635555
Dropping frame 1403636675.0135555
Dropping frame 1403636675.2135556
Dropping frame 1403636675.3135555
Dropping frame 1403636675.4135554
Dropping frame 1403636675.6635556
Dropping frame 1403636675.7635555
Dropping frame 1403636676.0135555
Dropping frame 1403636676.1135554
Dropping frame 1403636676.2135556
Dropping frame 1403636676.4635556
Dropping frame 1403636676.5635555
Dropping frame 1403636676.8635557
Dropping frame 1403636677.1135554
Dropping frame 1403636677.3135555
Dropping frame 1403636677.4135554
Dropping frame 1403636677.6635556
Dropping frame 1403636677.7635555
Dropping frame 1403636677.8635557
Dropping frame 1403636677.9635556
Dropping frame 1403636678.6135554
Dropping frame 1403636678.9635556
Dropping frame 1403636679.3135555
Dropping frame 1403636679.5135555
Dropping frame 1403636679.6135554
Dropping frame 1403636679.8635557
Dropping frame 1403636680.4635556
Dropping frame 1403636680.5635555
Dropping frame 1403636680.6635556
Dropping frame 1403636680.7635555
Dropping frame 1403636680.9635556
Dropping frame 1403636681.0635555
Dropping frame 1403636681.1635556
Dropping frame 1403636681.3135555
Dropping frame 1403636681.4135554
Dropping frame 1403636681.6135554
Dropping frame 1403636681.7135556
Dropping frame 1403636681.8135555
Dropping frame 1403636681.9135554
Dropping frame 1403636682.1135554
Dropping frame 1403636682.2135556
Dropping frame 1403636682.4135554
Dropping frame 1403636682.5135555
Dropping frame 1403636682.6135554
Dropping frame 1403636682.7135556
Dropping frame 1403636682.8135555
Dropping frame 1403636683.0135555
Dropping frame 1403636683.1135554
Dropping frame 1403636683.3635557
Dropping frame 1403636683.4635556
Dropping frame 1403636683.7135556
Dropping frame 1403636683.8135555
Dropping frame 1403636684.0135555
Dropping frame 1403636684.1135554
Dropping frame 1403636684.2135556
Dropping frame 1403636684.3135555
Dropping frame 1403636684.4135554
Dropping frame 1403636684.6135554
Dropping frame 1403636684.7135556
Dropping frame 1403636684.8135555
Dropping frame 1403636684.9135554
Dropping frame 1403636685.0135555
Dropping frame 1403636685.1135554
Dropping frame 1403636685.3135555
Dropping frame 1403636685.4135554
Dropping frame 1403636685.5135555
Dropping frame 1403636685.6135554
Dropping frame 1403636685.7135556
Dropping frame 1403636685.8135555
Dropping frame 1403636685.9635556
Dropping frame 1403636686.1635556
Dropping frame 1403636686.2635555
Dropping frame 1403636686.4635556
Dropping frame 1403636686.5635555
Dropping frame 1403636686.6635556
Dropping frame 1403636686.7635555
Dropping frame 1403636686.9635556
Dropping frame 1403636687.1635556
Dropping frame 1403636687.2635555
Dropping frame 1403636687.3635557
Dropping frame 1403636687.4635556
Dropping frame 1403636687.5635555
Dropping frame 1403636687.7635555
Dropping frame 1403636687.8635557
Dropping frame 1403636688.0635555
Dropping frame 1403636688.2635555
Dropping frame 1403636688.3635557
Dropping frame 1403636688.4635556
Dropping frame 1403636688.6635556
Dropping frame 1403636688.8635557
Dropping frame 1403636688.9635556
Dropping frame 1403636689.0635555
Dropping frame 1403636689.1635556
Dropping frame 1403636689.3635557
Dropping frame 1403636689.4635556
Dropping frame 1403636689.5635555
Dropping frame 1403636689.7135556
Dropping frame 1403636689.8135555
Dropping frame 1403636690.0135555
Dropping frame 1403636690.1135554
Dropping frame 1403636690.3135555
Dropping frame 1403636690.4135554
Dropping frame 1403636690.5135555
Dropping frame 1403636691.0635555
Dropping frame 1403636691.1635556
Dropping frame 1403636691.4635556
Dropping frame 1403636691.5635555
Dropping frame 1403636691.8135555
Dropping frame 1403636691.9635556
Dropping frame 1403636692.2135556
Dropping frame 1403636692.5135555
Dropping frame 1403636692.6135554
Dropping frame 1403636692.7135556
Dropping frame 1403636692.9135554
Dropping frame 1403636693.0135555
Dropping frame 1403636693.1635556
Dropping frame 1403636693.4135554
Dropping frame 1403636693.6635556
Dropping frame 1403636693.7635555
Dropping frame 1403636694.0135555
Dropping frame 1403636694.1635556
Dropping frame 1403636694.4635556
Dropping frame 1403636694.6135554
Dropping frame 1403636694.7135556
Dropping frame 1403636694.8135555
Dropping frame 1403636695.0135555
Dropping frame 1403636695.1135554
Dropping frame 1403636695.2135556
Dropping frame 1403636695.4135554
Dropping frame 1403636695.5135555
Dropping frame 1403636695.6135554
Dropping frame 1403636695.7135556
Dropping frame 1403636695.8135555
Dropping frame 1403636695.9135554
Dropping frame 1403636696.1135554
Dropping frame 1403636696.2135556
Dropping frame 1403636696.3135555
Dropping frame 1403636696.5135555
Dropping frame 1403636696.7135556
Dropping frame 1403636696.8135555
Dropping frame 1403636696.9135554
Dropping frame 1403636697.1635556
Dropping frame 1403636697.2635555
Dropping frame 1403636697.3635557
Dropping frame 1403636697.5135555
Dropping frame 1403636697.6135554
Dropping frame 1403636697.8135555
Dropping frame 1403636697.9135554
Dropping frame 1403636698.0135555
Dropping frame 1403636698.2135556
Dropping frame 1403636698.4135554
Dropping frame 1403636698.5135555
Dropping frame 1403636698.7135556
Dropping frame 1403636698.8135555
Dropping frame 1403636698.9135554
Dropping frame 1403636699.0135555
Dropping frame 1403636699.1135554
Dropping frame 1403636699.2135556
Dropping frame 1403636699.3135555
Dropping frame 1403636699.5135555
Dropping frame 1403636699.6135554
Dropping frame 1403636699.7135556
Dropping frame 1403636699.8135555
Dropping frame 1403636699.9135554
Dropping frame 1403636700.0135555
Dropping frame 1403636700.2135556
Dropping frame 1403636700.4135554
Dropping frame 1403636700.5135555
Dropping frame 1403636700.6135554
Dropping frame 1403636700.7135556
Dropping frame 1403636700.8135555
Dropping frame 1403636700.9635556
Dropping frame 1403636701.0635555
Dropping frame 1403636701.1635556
Dropping frame 1403636701.2635555
Dropping frame 1403636701.4135554
Dropping frame 1403636701.5635555
Dropping frame 1403636701.7135556
Dropping frame 1403636701.8635557
Dropping frame 1403636701.9635556
Dropping frame 1403636702.0635555
Dropping frame 1403636702.3635557
Dropping frame 1403636702.5635555
Dropping frame 1403636702.7635555
Dropping frame 1403636702.9635556
Dropping frame 1403636703.0635555
Dropping frame 1403636703.1635556
Dropping frame 1403636703.2635555
Dropping frame 1403636703.5135555
Dropping frame 1403636703.6135554
Dropping frame 1403636703.7135556
Dropping frame 1403636703.8135555
Dropping frame 1403636703.9135554
Dropping frame 1403636704.1635556
Dropping frame 1403636704.2635555
Dropping frame 1403636704.3635557
Dropping frame 1403636704.4635556
Dropping frame 1403636704.6635556
Dropping frame 1403636704.7635555
Dropping frame 1403636704.8635557
Dropping frame 1403636704.9635556
Dropping frame 1403636705.0635555
Dropping frame 1403636705.1635556
Dropping frame 1403636705.2635555
Dropping frame 1403636705.3635557
Dropping frame 1403636705.5635555
Dropping frame 1403636705.7635555
Dropping frame 1403636705.9635556
Dropping frame 1403636706.0635555
Dropping frame 1403636706.1635556
Dropping frame 1403636706.3635557
Dropping frame 1403636706.4635556
Dropping frame 1403636706.7135556
Dropping frame 1403636706.8635557
Dropping frame 1403636707.0635555
Dropping frame 1403636707.2635555
Dropping frame 1403636707.3635557
Dropping frame 1403636707.5635555
Dropping frame 1403636707.7635555
Dropping frame 1403636707.9635556
Dropping frame 1403636708.2635555
Dropping frame 1403636708.4135554
Dropping frame 1403636708.6135554
Dropping frame 1403636708.8135555
Dropping frame 1403636708.9135554
Dropping frame 1403636709.3635557
Dropping frame 1403636709.5635555
Dropping frame 1403636709.7635555
Dropping frame 1403636709.8635557
Dropping frame 1403636710.1135554
Dropping frame 1403636710.2135556
Dropping frame 1403636710.4635556
Dropping frame 1403636710.6635556
Dropping frame 1403636710.7635555
Dropping frame 1403636710.9635556
Dropping frame 1403636711.0635555
Dropping frame 1403636711.3135555
Dropping frame 1403636711.6635556
Dropping frame 1403636711.7635555
Dropping frame 1403636712.0635555
Dropping frame 1403636712.2635555
Dropping frame 1403636712.4135554
Dropping frame 1403636712.6635556
Dropping frame 1403636713.1135554
Dropping frame 1403636713.3135555
Dropping frame 1403636713.5135555
Dropping frame 1403636713.6135554
Dropping frame 1403636713.7135556
Dropping frame 1403636713.9135554
Dropping frame 1403636714.2135556
Dropping frame 1403636714.7135556
Dropping frame 1403636715.2135556
Dropping frame 1403636715.6635556
Dropping frame 1403636715.8635557
Dropping frame 1403636716.0635555
Dropping frame 1403636716.2635555
Dropping frame 1403636716.4635556
Dropping frame 1403636716.8135555
Dropping frame 1403636716.9135554
Dropping frame 1403636717.1635556
Dropping frame 1403636717.3135555
Dropping frame 1403636717.6635556
Dropping frame 1403636717.8635557
Dropping frame 1403636718.1135554
Dropping frame 1403636718.3135555
Dropping frame 1403636718.4135554
Dropping frame 1403636718.5135555
Dropping frame 1403636718.6135554
Dropping frame 1403636718.7135556
Dropping frame 1403636718.8135555
Dropping frame 1403636719.0135555
Dropping frame 1403636719.2135556
Dropping frame 1403636719.3135555
Dropping frame 1403636719.5135555
Dropping frame 1403636719.6135554
Dropping frame 1403636719.8635557
Dropping frame 1403636719.9635556
Dropping frame 1403636720.0635555
Dropping frame 1403636720.2635555
Dropping frame 1403636720.4635556
Dropping frame 1403636720.6635556
Dropping frame 1403636720.8635557
Dropping frame 1403636721.0635555
Dropping frame 1403636721.1635556
Dropping frame 1403636721.4135554
Dropping frame 1403636721.6135554
Dropping frame 1403636721.7135556
Dropping frame 1403636722.0135555
Dropping frame 1403636722.2635555
Dropping frame 1403636722.4635556
Dropping frame 1403636722.6635556
Dropping frame 1403636722.8635557
Dropping frame 1403636723.0635555
Dropping frame 1403636723.1635556
Dropping frame 1403636724.1635556
Dropping frame 1403636724.6135554
Dropping frame 1403636724.7135556
Dropping frame 1403636725.1135554
Dropping frame 1403636725.3135555
Dropping frame 1403636725.5135555
Dropping frame 1403636725.7135556
Dropping frame 1403636725.9135554
Dropping frame 1403636726.0635555
Dropping frame 1403636726.2635555
Dropping frame 1403636726.3635557
Dropping frame 1403636726.4635556
Dropping frame 1403636726.7635555
Dropping frame 1403636726.9635556
Dropping frame 1403636727.1635556
Dropping frame 1403636727.3635557
Dropping frame 1403636727.5635555
Dropping frame 1403636727.6635556
Dropping frame 1403636727.9135554
Dropping frame 1403636728.1135554
Dropping frame 1403636728.2635555
Dropping frame 1403636728.5135555
Dropping frame 1403636728.8135555
Dropping frame 1403636729.0135555
Dropping frame 1403636729.2135556
Dropping frame 1403636729.4135554
Dropping frame 1403636729.6135554
Dropping frame 1403636729.8135555
Dropping frame 1403636730.0135555
Dropping frame 1403636730.1135554
Dropping frame 1403636730.3135555
Dropping frame 1403636730.5135555
Dropping frame 1403636730.7135556
Dropping frame 1403636730.9135554
Dropping frame 1403636731.1135554
Dropping frame 1403636731.3135555
Dropping frame 1403636731.6135554
Dropping frame 1403636731.7135556
Dropping frame 1403636731.8135555
Dropping frame 1403636732.0135555
Dropping frame 1403636732.1135554
Dropping frame 1403636732.2135556
Dropping frame 1403636732.4135554
Dropping frame 1403636732.6135554
Dropping frame 1403636733.3635557
Dropping frame 1403636733.7135556
Dropping frame 1403636733.9135554
Dropping frame 1403636734.1135554
Dropping frame 1403636734.3135555
Dropping frame 1403636734.5135555
Dropping frame 1403636734.7135556
Dropping frame 1403636734.8135555
Dropping frame 1403636735.0135555
Dropping frame 1403636735.2135556
Dropping frame 1403636735.4135554
Dropping frame 1403636735.5135555
Dropping frame 1403636735.7135556
Dropping frame 1403636735.8135555
Dropping frame 1403636735.9135554
Dropping frame 1403636736.1135554
Dropping frame 1403636736.3135555
Dropping frame 1403636736.5135555
Dropping frame 1403636736.7135556
Dropping frame 1403636736.9135554
Dropping frame 1403636737.0135555
Dropping frame 1403636737.2635555
Dropping frame 1403636737.3635557
Dropping frame 1403636737.6135554
Dropping frame 1403636737.7135556
Dropping frame 1403636737.8135555
Dropping frame 1403636737.9135554
Dropping frame 1403636738.1135554
Dropping frame 1403636738.2135556
Dropping frame 1403636738.3635557
Dropping frame 1403636738.5635555
Dropping frame 1403636738.6635556
Dropping frame 1403636738.7635555
Dropping frame 1403636738.9635556
Dropping frame 1403636739.0635555
Dropping frame 1403636739.1635556
Dropping frame 1403636739.2635555
Dropping frame 1403636739.4135554
Dropping frame 1403636739.5635555
Dropping frame 1403636739.6635556
Dropping frame 1403636739.8635557
Dropping frame 1403636740.0635555
Dropping frame 1403636740.1635556
Dropping frame 1403636740.2635555
Dropping frame 1403636740.3635557
Dropping frame 1403636740.4635556
Dropping frame 1403636740.6635556
Dropping frame 1403636740.8635557
Dropping frame 1403636740.9635556
Dropping frame 1403636741.1635556
Dropping frame 1403636741.2635555
Dropping frame 1403636741.3635557
Dropping frame 1403636741.4635556
Dropping frame 1403636741.5635555
Dropping frame 1403636741.7635555
Dropping frame 1403636741.8635557
Dropping frame 1403636741.9635556
Dropping frame 1403636742.1635556
Dropping frame 1403636742.3635557
Dropping frame 1403636742.5635555
Dropping frame 1403636742.6635556
Dropping frame 1403636742.7635555
Dropping frame 1403636742.8635557
Dropping frame 1403636743.0635555
Dropping frame 1403636743.1635556
Dropping frame 1403636743.2635555
Dropping frame 1403636743.4635556
Dropping frame 1403636743.6635556
Dropping frame 1403636743.8635557
Dropping frame 1403636743.9635556
Dropping frame 1403636744.0635555
Dropping frame 1403636744.1635556
Dropping frame 1403636744.3635557
Dropping frame 1403636744.5635555
Dropping frame 1403636744.6635556
Dropping frame 1403636744.7635555
Dropping frame 1403636744.8635557
Dropping frame 1403636745.0635555
Dropping frame 1403636745.2635555
Dropping frame 1403636745.4635556
Dropping frame 1403636745.5635555
Dropping frame 1403636745.6635556
Dropping frame 1403636745.7635555
Dropping frame 1403636745.9635556
Dropping frame 1403636746.1635556
Dropping frame 1403636746.2635555
Dropping frame 1403636746.3635557
Dropping frame 1403636746.4635556
Dropping frame 1403636746.5635555
Dropping frame 1403636746.7635555
Dropping frame 1403636746.8635557
Dropping frame 1403636746.9635556
Dropping frame 1403636747.0635555
Dropping frame 1403636747.2635555
Dropping frame 1403636747.3635557
Dropping frame 1403636747.4635556
Dropping frame 1403636747.6635556
Dropping frame 1403636747.8635557
Dropping frame 1403636747.9635556
Dropping frame 1403636748.0635555
Dropping frame 1403636748.1635556
Dropping frame 1403636748.3635557
Dropping frame 1403636748.5635555
Dropping frame 1403636748.7635555
Dropping frame 1403636748.9635556
Dropping frame 1403636749.0635555
Dropping frame 1403636749.1635556
Dropping frame 1403636749.3135555
Dropping frame 1403636749.4135554
Dropping frame 1403636749.5635555
Dropping frame 1403636749.6635556
Dropping frame 1403636749.7635555
Dropping frame 1403636749.8635557
Dropping frame 1403636749.9635556
Dropping frame 1403636750.1635556
Dropping frame 1403636750.2635555
Dropping frame 1403636750.3635557
Dropping frame 1403636750.4635556
Dropping frame 1403636750.5635555
Dropping frame 1403636750.6635556
Dropping frame 1403636750.8635557
Dropping frame 1403636751.0135555
Dropping frame 1403636751.1135554
Dropping frame 1403636751.2135556
Dropping frame 1403636751.3135555
Dropping frame 1403636751.5135555
Dropping frame 1403636751.6635556
Dropping frame 1403636751.8635557
Dropping frame 1403636752.0635555
Dropping frame 1403636752.1635556
Dropping frame 1403636752.2635555
Dropping frame 1403636752.3635557
Dropping frame 1403636752.5635555
Dropping frame 1403636752.6635556
Dropping frame 1403636752.7635555
Dropping frame 1403636752.8635557
Dropping frame 1403636753.1135554
Dropping frame 1403636753.2135556
Dropping frame 1403636753.3135555
Dropping frame 1403636753.5635555
Dropping frame 1403636753.7635555
Dropping frame 1403636753.9635556
Dropping frame 1403636754.1635556
Dropping frame 1403636754.2635555
Dropping frame 1403636754.3635557
Dropping frame 1403636754.5635555
Dropping frame 1403636754.7635555
Dropping frame 1403636754.9635556
Dropping frame 1403636755.0635555
Dropping frame 1403636755.2635555
Dropping frame 1403636755.4635556
Dropping frame 1403636755.5635555
Dropping frame 1403636755.6635556
Dropping frame 1403636755.8635557
Dropping frame 1403636756.0635555
Dropping frame 1403636756.2635555
Dropping frame 1403636756.4635556
Dropping frame 1403636756.5635555
Dropping frame 1403636756.6635556
Dropping frame 1403636756.8635557
Dropping frame 1403636757.3135555
Dropping frame 1403636757.8135555
Dropping frame 1403636758.0135555
Dropping frame 1403636758.1135554
Dropping frame 1403636758.2135556
Dropping frame 1403636758.4135554
Dropping frame 1403636758.6135554
Dropping frame 1403636758.7135556
Dropping frame 1403636758.8135555
Dropping frame 1403636758.9135554
Dropping frame 1403636759.1135554
Dropping frame 1403636759.3135555
Dropping frame 1403636759.4135554
Dropping frame 1403636759.5135555
Dropping frame 1403636759.6135554
Dropping frame 1403636759.8135555
Dropping frame 1403636760.0135555
Dropping frame 1403636760.1135554
Dropping frame 1403636760.2135556
Dropping frame 1403636760.4135554
Dropping frame 1403636760.6135554
Dropping frame 1403636760.8135555
Dropping frame 1403636761.0135555
Dropping frame 1403636761.2135556
Dropping frame 1403636761.3135555
Dropping frame 1403636761.4135554
Dropping frame 1403636761.6135554
Dropping frame 1403636761.8135555
Dropping frame 1403636762.0135555
Dropping frame 1403636762.2135556
Dropping frame 1403636762.6635556
Dropping frame 1403636763.1635556
Dropping frame 1403636763.3635557
Dropping frame 1403636763.5635555
Shutdown
SLAM Finished at System Time: 1743002501.04082

 TIME STATS in ms (mean$\pm$std)
OpenCV version: 4.8.1
---------------------------
Tracking

ORB Extraction: 22.089$\pm$2.0262
Stereo Matching: 7.2936$\pm$1.9967
IMU Preintegration: 0.26363$\pm$0.10581
Pose Prediction: 0.21479$\pm$0.59724
LM Track: 20.633$\pm$6.0093
New KF decision: 1.1935$\pm$2.2326
Total Tracking: 32.384$\pm$28.88



Local Mapping

KF Insertion: 18.997$\pm$7.6365
MP Culling: 0.53288$\pm$0.21105
MP Creation: 52.36$\pm$16.321
LBA: 161.89$\pm$56.906
KF Culling: 18.005$\pm$11.591
Total Local Mapping: 251.59$\pm$82.398
---------------------------

LBA complexity (mean$\pm$std)
LBA Edges: 1975.5$\pm$828.09
LBA KF optimized: 6.5$\pm$2.2913
LBA KF fixed: 1$\pm$0
LBA MP: nan$\pm$nan

LBA executions: 522
LBA aborts: 0
---------------------------

Map complexity
KFs in map: 130
MPs in map: 9281
---------------------------

Place Recognition (mean$\pm$std)
Database Query: 1.5882$\pm$0.96833
SE3 estimation: 12.369$\pm$17.04
Total Place Recognition: 12.75$\pm$17.368


Loop Closing (mean$\pm$std)
Loop Fusion: nan$\pm$nan
Essential Graph: nan$\pm$nan
Total Loop Closing: nan$\pm$nan

Num exec: 0
Number of KFs: nan$\pm$nan

Map Merging (mean$\pm$std)
Merge Maps: nan$\pm$nan
Welding BA: nan$\pm$nan
Optimization Ess.: nan$\pm$nan
Total Map Merging: nan$\pm$nan

Num exec: 0
Number of KFs: nan$\pm$nan
Number of MPs: nan$\pm$nan

Full GBA (mean$\pm$std)
GBA: nan$\pm$nan
Map Update: nan$\pm$nan
Total Full GBA: nan$\pm$nan

Num exec: 0
Num abort: 0
Number of KFs: nan$\pm$nan
Number of MPs: nan$\pm$nan

Saving trajectory to f_dataset-MH01_stereo_imu.txt ...
There are 1 maps in the atlas
  Map 0 has 130 KFs

End of saving trajectory to f_dataset-MH01_stereo_imu.txt ...

Saving keyframe trajectory to kf_dataset-MH01_stereo_imu.txt ...
