num_seq = 1
file name: dataset-MH05_stereo_imu
Loading images for sequence 0...LOADED!
Loading IMU for sequence 0...LOADED!

-------

ORB-SLAM3 Copyright (C) 2017-2020 Carlos Campos, Richard Elvira, Juan J. Gómez, José M.M. Montiel and Juan D. Tardós, University of Zaragoza.
ORB-SLAM2 Copyright (C) 2014-2016 Raúl Mur-Artal, José M.M. Montiel and Juan D. Tardós, University of Zaragoza.
This program comes with ABSOLUTELY NO WARRANTY;
This is free software, and you are welcome to redistribute it
under certain conditions. See LICENSE.txt.

Built with REGISTER_TIMES
Git Commit Hash: 2d47524

Build Type: Release

Compiled with C++ version: 201703

Input sensor was set to: Stereo-Inertial
Loading settings from EuRoC_fov_deadlines_mask_19x19.yaml
	-Loaded camera 1
	-Loaded camera 2
	-Loaded image info
	-Loaded IMU calibration
	-Loaded ORB settings
	-Loaded viewer settings
	-Loaded Atlas settings
Deadlines enabled, will skip frames!
FOV enabled
Static mask size: 19x19
Dumping map points enabled
	-Loaded misc parameters
	-Computed rectification maps
----------------------------------
SLAM settings: 
	-Camera 1 parameters (Pinhole): [ 458.65399169921875 457.29598999023438 367.21499633789062 248.375 ]
	-Camera 1 distortion parameters: [  -0.28340810537338257 0.073959067463874817 0.00019359000725671649 1.7618711353861727e-05 ]
	-Camera 2 parameters (Pinhole: [ 457.58700561523438 456.13400268554688 379.99899291992188 255.23800659179688 ]
	-Camera 1 distortion parameters: [  -0.2836836576461792 0.074512839317321777 -0.00010473000293131918 -3.555907096597366e-05 ]
	-Original image size: [ 752 , 480 ]
	-Current image size: [ 752 , 480 ]
	-Camera 1 parameters after rectification: [  456.71499633789062 456.71499633789062 364.52615356445312 257.268798828125 ]
	-Sequence FPS: 20
	-Stereo baseline: 0.11007784307003021
	-Stereo depth threshold : 60
	-Gyro noise: 0.00016999999934341758
	-Accelerometer noise: 0.0020000000949949026
	-Gyro walk: 1.9392999092815444e-05
	-Accelerometer walk: 0.0030000000260770321
	-IMU frequency: 200
	-Features per image: 1200
	-ORB scale factor: 1.2000000476837158
	-ORB number of scales: 8
	-Initial FAST threshold: 20
	-Min FAST threshold: 7


Loading ORB Vocabulary. This could take a while...
Vocabulary loaded!

Initialization of Atlas from scratch 
Creation of new map with id: 0
Creation of new map with last KF id: 0
Seq. Name: 
There are 1 cameras in the atlas
Camera 0 is pinhole
SLAM Started at System Time: 1742721342.34546
not IMU meas
not IMU meas
not enough acceleration
not enough acceleration
not enough acceleration
not enough acceleration
not enough acceleration
not enough acceleration
not enough acceleration
not enough acceleration
not enough acceleration
not enough acceleration
not enough acceleration
not enough acceleration
not enough acceleration
not enough acceleration
not enough acceleration
not enough acceleration
not enough acceleration
not enough acceleration
not enough acceleration
not enough acceleration
not enough acceleration
not enough acceleration
not enough acceleration
not enough acceleration
not enough acceleration
not enough acceleration
not enough acceleration
not enough acceleration
not enough acceleration
not enough acceleration
not enough acceleration
not enough acceleration
not enough acceleration
not enough acceleration
not enough acceleration
not enough acceleration
not enough acceleration
not enough acceleration
not enough acceleration
not enough acceleration
not enough acceleration
not enough acceleration
not enough acceleration
not enough acceleration
not enough acceleration
not enough acceleration
not enough acceleration
not enough acceleration
not enough acceleration
not enough acceleration
not enough acceleration
not enough acceleration
not enough acceleration
not enough acceleration
not enough acceleration
not enough acceleration
not enough acceleration
not enough acceleration
not enough acceleration
not enough acceleration
not enough acceleration
not enough acceleration
not enough acceleration
not enough acceleration
not enough acceleration
not enough acceleration
not enough acceleration
not enough acceleration
not enough acceleration
not enough acceleration
not enough acceleration
not enough acceleration
not enough acceleration
not enough acceleration
not enough acceleration
not enough acceleration
not enough acceleration
not enough acceleration
First KF:0; Map init KF:0
New Map created with 118 points
Active map: 0
Dropping frame 1403638522.9778295
Dropping frame 1403638523.1778293
Dropping frame 1403638523.2778294
Dropping frame 1403638523.5278294
Dropping frame 1403638523.7278295
Dropping frame 1403638523.8278296
Dropping frame 1403638523.9278295
Dropping frame 1403638524.0278294
Dropping frame 1403638524.2778294
Dropping frame 1403638524.5278294
Dropping frame 1403638524.8778293
Dropping frame 1403638525.0778294
Dropping frame 1403638525.4278295
Dropping frame 1403638525.5278294
Dropping frame 1403638525.8278296
Dropping frame 1403638526.1278296
Dropping frame 1403638526.3278296
Dropping frame 1403638526.4278295
Dropping frame 1403638526.5278294
Dropping frame 1403638526.7278295
Dropping frame 1403638526.8278296
Dropping frame 1403638526.9278295
Dropping frame 1403638527.0278294
Dropping frame 1403638527.3278296
start VIBA 1
end VIBA 1
Dropping frame 1403638527.6278296
Dropping frame 1403638527.7278295
Dropping frame 1403638527.8278296
Dropping frame 1403638528.1778293
Dropping frame 1403638528.4778295
Dropping frame 1403638528.7278295
Dropping frame 1403638528.9278295
Dropping frame 1403638529.1278296
Dropping frame 1403638529.2278295
Dropping frame 1403638529.6278296
Dropping frame 1403638529.8278296
Dropping frame 1403638530.0278294
Dropping frame 1403638530.2278295
Dropping frame 1403638530.4778295
Dropping frame 1403638530.6278296
Dropping frame 1403638530.7778294
Dropping frame 1403638530.9778295
Dropping frame 1403638531.1778293
Not enough motion for initializing. Reseting...
TRACK: Reset map because local mapper set the bad imu flag 
LM: Active map reset recieved
LM: Active map reset, waiting...
LM: Reseting current map in Local Mapping...
LM: End reseting Local Mapping...
LM: Reset free the mutex
LM: Active map reset, Done!!!
mnFirstFrameId = 80
mnInitialFrameId = 0
141 Frames set to lost
not IMU meas
First KF:40; Map init KF:0
New Map created with 160 points
Active map: 0
Dropping frame 1403638531.3778293
Dropping frame 1403638531.4778295
Dropping frame 1403638531.7278295
Dropping frame 1403638531.9278295
Dropping frame 1403638532.0278294
Dropping frame 1403638532.2278295
Dropping frame 1403638532.4278295
Dropping frame 1403638532.5778294
Dropping frame 1403638532.6778293
Dropping frame 1403638532.8778293
Dropping frame 1403638532.9778295
Dropping frame 1403638533.2278295
Dropping frame 1403638533.3278296
Dropping frame 1403638533.4278295
Dropping frame 1403638533.6278296
Dropping frame 1403638533.8278296
Dropping frame 1403638533.9278295
Dropping frame 1403638534.1778293
Not enough motion for initializing. Reseting...
TRACK: Reset map because local mapper set the bad imu flag 
LM: Reseting current map in Local Mapping...
LM: End reseting Local Mapping...
LM: Reset free the mutex
LM: Active map reset recieved
LM: Active map reset, waiting...
LM: Reseting current map in Local Mapping...
LM: End reseting Local Mapping...
LM: Reset free the mutex
LM: Active map reset, Done!!!
mnFirstFrameId = 223
mnInitialFrameId = 221
183 Frames set to lost
not IMU meas
Dropping frame 1403638534.4278295
not enough acceleration
not enough acceleration
not enough acceleration
not enough acceleration
not enough acceleration
not enough acceleration
not enough acceleration
not enough acceleration
not enough acceleration
not enough acceleration
Dropping frame 1403638534.9778295
not enough acceleration
not enough acceleration
not enough acceleration
not enough acceleration
not enough acceleration
not enough acceleration
Dropping frame 1403638535.3278296
not enough acceleration
not enough acceleration
Dropping frame 1403638535.4778295
not enough acceleration
not enough acceleration
not enough acceleration
Dropping frame 1403638535.6778293
not enough acceleration
not enough acceleration
not enough acceleration
not enough acceleration
not enough acceleration
not enough acceleration
not enough acceleration
not enough acceleration
not enough acceleration
not enough acceleration
not enough acceleration
not enough acceleration
not enough acceleration
not enough acceleration
Dropping frame 1403638536.4278295
not enough acceleration
not enough acceleration
not enough acceleration
not enough acceleration
not enough acceleration
Dropping frame 1403638536.7278295
Dropping frame 1403638536.7778294
not enough acceleration
not enough acceleration
not enough acceleration
not enough acceleration
not enough acceleration
not enough acceleration
not enough acceleration
not enough acceleration
not enough acceleration
not enough acceleration
not enough acceleration
not enough acceleration
not enough acceleration
not enough acceleration
not enough acceleration
not enough acceleration
not enough acceleration
not enough acceleration
not enough acceleration
not enough acceleration
not enough acceleration
not enough acceleration
not enough acceleration
not enough acceleration
not enough acceleration
not enough acceleration
not enough acceleration
not enough acceleration
not enough acceleration
not enough acceleration
not enough acceleration
not enough acceleration
not enough acceleration
not enough acceleration
not enough acceleration
not enough acceleration
not enough acceleration
not enough acceleration
not enough acceleration
First KF:51; Map init KF:40
New Map created with 166 points
Active map: 0
start VIBA 1
end VIBA 1
Dropping frame 1403638546.3778293
Dropping frame 1403638547.1778293
Dropping frame 1403638547.3278296
Dropping frame 1403638547.4778295
Dropping frame 1403638547.5778294
Dropping frame 1403638547.6778293
Dropping frame 1403638547.8278296
Dropping frame 1403638547.9778295
Dropping frame 1403638548.2778294
Dropping frame 1403638548.5778294
Dropping frame 1403638548.6778293
Dropping frame 1403638548.7778294
Dropping frame 1403638548.8778293
Dropping frame 1403638548.9778295
Dropping frame 1403638549.1278296
Dropping frame 1403638549.2278295
Dropping frame 1403638549.3778293
Dropping frame 1403638549.4778295
Dropping frame 1403638549.6278296
Dropping frame 1403638549.7278295
Dropping frame 1403638549.8778293
Dropping frame 1403638550.0778294
Dropping frame 1403638550.1778293
Dropping frame 1403638550.2778294
Dropping frame 1403638550.4278295
Dropping frame 1403638550.5278294
Dropping frame 1403638550.6778293
Dropping frame 1403638550.9278295
Dropping frame 1403638551.1778293
Dropping frame 1403638551.2778294
Dropping frame 1403638551.5278294
Dropping frame 1403638551.7278295
Dropping frame 1403638551.8278296
Dropping frame 1403638551.9778295
Dropping frame 1403638552.1278296
Dropping frame 1403638552.3278296
Dropping frame 1403638552.4278295
Dropping frame 1403638552.9778295
Dropping frame 1403638553.1778293
Dropping frame 1403638553.2778294
Dropping frame 1403638553.4778295
Dropping frame 1403638553.5778294
Dropping frame 1403638553.6778293
Dropping frame 1403638553.7778294
Dropping frame 1403638553.8778293
Dropping frame 1403638553.9778295
Dropping frame 1403638554.0778294
Dropping frame 1403638554.1778293
start VIBA 2
Dropping frame 1403638554.2778294
Dropping frame 1403638554.3778293
Dropping frame 1403638554.4778295
Dropping frame 1403638554.5778294
end VIBA 2
Dropping frame 1403638554.6778293
Dropping frame 1403638554.8278296
Dropping frame 1403638554.9278295
Dropping frame 1403638555.0778294
Dropping frame 1403638555.1778293
Dropping frame 1403638555.2778294
Dropping frame 1403638555.3778293
Dropping frame 1403638555.4778295
Dropping frame 1403638555.5778294
Dropping frame 1403638555.6778293
Dropping frame 1403638555.8278296
Dropping frame 1403638555.9278295
Dropping frame 1403638556.0278294
Dropping frame 1403638556.1778293
Dropping frame 1403638556.2778294
Dropping frame 1403638556.3778293
Dropping frame 1403638556.4778295
Dropping frame 1403638556.5778294
Dropping frame 1403638556.6778293
Dropping frame 1403638556.8778293
Dropping frame 1403638556.9778295
Dropping frame 1403638557.0778294
Dropping frame 1403638557.1778293
Dropping frame 1403638557.2778294
Dropping frame 1403638557.3778293
Dropping frame 1403638557.4778295
Dropping frame 1403638557.5778294
Dropping frame 1403638557.7278295
Dropping frame 1403638557.8278296
Dropping frame 1403638557.9278295
Dropping frame 1403638558.0278294
Dropping frame 1403638558.1278296
Dropping frame 1403638558.2278295
Dropping frame 1403638558.4278295
Dropping frame 1403638558.5278294
Dropping frame 1403638558.7278295
Dropping frame 1403638558.8278296
Dropping frame 1403638559.0278294
Dropping frame 1403638559.2278295
Dropping frame 1403638559.4278295
Dropping frame 1403638559.5278294
Dropping frame 1403638559.7278295
Dropping frame 1403638559.8278296
Dropping frame 1403638561.5278294
Dropping frame 1403638561.9278295
Dropping frame 1403638562.1778293
Dropping frame 1403638562.3778293
Dropping frame 1403638562.5778294
Dropping frame 1403638562.6778293
Dropping frame 1403638562.8778293
Dropping frame 1403638562.9778295
Dropping frame 1403638563.0778294
Dropping frame 1403638563.2778294
Dropping frame 1403638563.4778295
Dropping frame 1403638563.6778293
Dropping frame 1403638563.7778294
Dropping frame 1403638563.9778295
Dropping frame 1403638564.1778293
Dropping frame 1403638564.2778294
Dropping frame 1403638564.4778295
Dropping frame 1403638564.5778294
Dropping frame 1403638564.6778293
Dropping frame 1403638564.9278295
Dropping frame 1403638565.0278294
Dropping frame 1403638565.1278296
Dropping frame 1403638565.3778293
Dropping frame 1403638565.5778294
Dropping frame 1403638565.6778293
Dropping frame 1403638565.7778294
Dropping frame 1403638565.8778293
Dropping frame 1403638566.0778294
Dropping frame 1403638566.1778293
Dropping frame 1403638566.2778294
Dropping frame 1403638566.4778295
Dropping frame 1403638566.6778293
Dropping frame 1403638566.7778294
Dropping frame 1403638566.9778295
Dropping frame 1403638567.0778294
Dropping frame 1403638567.2778294
Dropping frame 1403638567.3778293
Dropping frame 1403638567.4778295
Dropping frame 1403638567.6778293
Dropping frame 1403638567.8778293
Dropping frame 1403638567.9778295
Dropping frame 1403638568.0778294
Dropping frame 1403638568.1778293
Dropping frame 1403638568.2778294
Dropping frame 1403638568.3778293
Dropping frame 1403638568.5278294
Dropping frame 1403638568.6778293
Dropping frame 1403638568.8778293
Dropping frame 1403638568.9778295
Dropping frame 1403638569.0778294
Dropping frame 1403638569.2778294
Dropping frame 1403638569.4778295
Dropping frame 1403638569.5778294
Dropping frame 1403638569.6778293
Dropping frame 1403638569.8778293
Dropping frame 1403638570.0778294
Dropping frame 1403638570.2778294
Dropping frame 1403638570.4778295
Dropping frame 1403638570.6778293
Dropping frame 1403638570.8778293
Dropping frame 1403638571.0778294
Dropping frame 1403638571.2778294
Dropping frame 1403638571.4778295
Dropping frame 1403638571.6778293
Dropping frame 1403638571.8778293
Dropping frame 1403638572.0778294
Dropping frame 1403638572.2778294
Dropping frame 1403638572.3778293
Dropping frame 1403638572.5778294
Dropping frame 1403638572.7778294
Dropping frame 1403638572.8778293
Dropping frame 1403638573.0778294
Dropping frame 1403638573.2778294
Dropping frame 1403638573.4778295
Dropping frame 1403638573.6778293
Dropping frame 1403638573.8778293
Dropping frame 1403638574.0778294
Dropping frame 1403638574.2778294
Dropping frame 1403638574.3778293
Dropping frame 1403638574.5778294
Dropping frame 1403638574.7778294
Dropping frame 1403638574.9778295
Dropping frame 1403638575.0778294
Dropping frame 1403638575.2778294
Dropping frame 1403638575.4778295
Dropping frame 1403638575.6778293
Dropping frame 1403638575.8778293
Dropping frame 1403638576.0778294
Dropping frame 1403638576.2778294
Dropping frame 1403638576.3778293
Dropping frame 1403638576.4778295
Dropping frame 1403638576.6778293
Dropping frame 1403638576.8778293
Dropping frame 1403638577.0778294
Dropping frame 1403638577.2778294
Dropping frame 1403638577.4778295
Dropping frame 1403638577.6778293
Dropping frame 1403638577.8778293
Dropping frame 1403638578.0778294
Dropping frame 1403638578.1778293
Dropping frame 1403638578.3778293
Dropping frame 1403638578.5778294
Dropping frame 1403638578.7778294
Dropping frame 1403638578.9778295
Dropping frame 1403638579.1778293
Dropping frame 1403638579.3778293
Dropping frame 1403638579.4778295
Dropping frame 1403638579.5778294
Dropping frame 1403638579.7778294
Dropping frame 1403638579.9778295
Dropping frame 1403638580.0778294
Dropping frame 1403638580.1778293
Dropping frame 1403638580.3778293
Dropping frame 1403638580.5778294
Dropping frame 1403638580.6778293
Dropping frame 1403638580.7778294
Dropping frame 1403638580.9778295
Dropping frame 1403638581.0778294
Dropping frame 1403638581.1778293
Dropping frame 1403638581.3778293
Dropping frame 1403638581.4778295
Dropping frame 1403638581.7278295
Dropping frame 1403638581.9278295
Dropping frame 1403638582.0278294
Dropping frame 1403638582.1278296
Dropping frame 1403638582.3278296
Dropping frame 1403638582.5278294
Dropping frame 1403638582.6278296
Dropping frame 1403638582.7278295
Dropping frame 1403638582.8778293
Dropping frame 1403638582.9778295
Dropping frame 1403638583.1778293
Dropping frame 1403638583.4278295
Dropping frame 1403638583.6778293
Dropping frame 1403638583.7778294
Dropping frame 1403638583.9778295
Dropping frame 1403638584.2278295
Dropping frame 1403638584.4778295
Dropping frame 1403638584.7278295
Dropping frame 1403638584.9278295
Dropping frame 1403638585.0278294
Dropping frame 1403638585.1278296
Dropping frame 1403638585.2778294
Dropping frame 1403638585.4278295
Dropping frame 1403638585.6278296
Dropping frame 1403638585.7278295
Dropping frame 1403638585.8778293
Dropping frame 1403638586.0778294
Dropping frame 1403638586.1778293
Dropping frame 1403638586.4278295
Dropping frame 1403638586.5278294
Dropping frame 1403638586.7778294
Dropping frame 1403638586.9778295
Dropping frame 1403638587.0778294
Dropping frame 1403638587.1778293
Dropping frame 1403638587.3778293
Dropping frame 1403638587.5778294
Dropping frame 1403638587.7778294
Dropping frame 1403638587.8778293
Dropping frame 1403638587.9778295
Dropping frame 1403638588.1778293
Dropping frame 1403638588.3278296
Dropping frame 1403638588.5278294
Dropping frame 1403638588.8278296
Dropping frame 1403638589.0278294
Dropping frame 1403638589.1278296
Dropping frame 1403638589.2278295
Dropping frame 1403638589.4278295
Dropping frame 1403638589.5278294
Dropping frame 1403638589.7778294
Dropping frame 1403638589.9778295
Dropping frame 1403638590.0778294
Dropping frame 1403638590.3278296
Dropping frame 1403638590.5278294
Dropping frame 1403638590.7278295
Dropping frame 1403638590.8778293
Dropping frame 1403638591.1278296
Dropping frame 1403638591.3278296
Dropping frame 1403638591.5278294
Dropping frame 1403638591.6278296
Dropping frame 1403638591.9278295
Dropping frame 1403638592.0278294
Dropping frame 1403638592.4278295
Dropping frame 1403638592.6278296
Dropping frame 1403638592.8278296
Dropping frame 1403638592.9278295
Dropping frame 1403638593.1778293
Dropping frame 1403638593.3778293
Dropping frame 1403638593.5778294
Dropping frame 1403638593.7278295
Dropping frame 1403638593.9278295
Dropping frame 1403638594.2278295
Dropping frame 1403638594.4278295
Dropping frame 1403638594.5778294
Dropping frame 1403638594.7778294
Dropping frame 1403638594.9778295
Dropping frame 1403638595.0778294
Dropping frame 1403638595.1778293
Dropping frame 1403638595.3778293
Dropping frame 1403638595.5778294
Dropping frame 1403638595.8278296
Dropping frame 1403638596.0778294
Dropping frame 1403638596.1778293
Dropping frame 1403638596.2778294
Dropping frame 1403638596.4778295
Dropping frame 1403638596.6778293
Dropping frame 1403638596.8778293
Dropping frame 1403638597.0778294
Dropping frame 1403638597.2778294
Dropping frame 1403638597.4778295
Dropping frame 1403638597.5778294
Dropping frame 1403638597.7778294
Dropping frame 1403638597.8778293
Dropping frame 1403638598.0778294
Dropping frame 1403638598.1778293
Dropping frame 1403638598.2778294
Dropping frame 1403638598.4778295
Dropping frame 1403638598.6778293
Dropping frame 1403638598.8778293
Dropping frame 1403638598.9778295
Dropping frame 1403638599.0778294
Dropping frame 1403638599.2778294
Dropping frame 1403638599.3778293
Dropping frame 1403638599.4778295
Dropping frame 1403638599.6778293
Dropping frame 1403638599.8778293
Dropping frame 1403638600.0778294
Dropping frame 1403638600.1778293
Dropping frame 1403638600.2778294
Dropping frame 1403638600.4778295
Dropping frame 1403638600.5778294
Dropping frame 1403638600.6778293
Dropping frame 1403638600.8778293
Dropping frame 1403638600.9778295
Dropping frame 1403638601.0778294
Dropping frame 1403638601.2778294
Dropping frame 1403638601.3778293
Dropping frame 1403638601.4778295
Dropping frame 1403638601.6778293
Dropping frame 1403638601.7778294
Dropping frame 1403638601.8778293
Dropping frame 1403638602.0778294
Dropping frame 1403638602.1778293
Dropping frame 1403638602.2778294
Dropping frame 1403638602.4778295
Dropping frame 1403638602.5778294
Dropping frame 1403638602.6778293
Dropping frame 1403638602.8778293
Dropping frame 1403638602.9778295
Dropping frame 1403638603.0778294
Dropping frame 1403638603.2778294
Dropping frame 1403638603.3778293
Dropping frame 1403638603.4778295
Dropping frame 1403638603.6778293
Dropping frame 1403638603.7778294
Dropping frame 1403638603.8778293
Dropping frame 1403638604.0778294
Dropping frame 1403638604.1778293
Dropping frame 1403638604.4778295
Dropping frame 1403638604.7278295
Dropping frame 1403638604.8278296
Dropping frame 1403638604.9278295
Dropping frame 1403638605.1278296
Dropping frame 1403638605.3278296
Dropping frame 1403638605.4278295
Dropping frame 1403638605.5278294
Dropping frame 1403638605.7278295
Dropping frame 1403638605.8278296
Dropping frame 1403638606.0778294
Dropping frame 1403638606.2778294
Dropping frame 1403638606.3778293
Dropping frame 1403638606.4778295
Dropping frame 1403638606.6778293
Dropping frame 1403638606.7778294
Dropping frame 1403638606.8778293
Dropping frame 1403638607.0778294
Dropping frame 1403638607.1778293
Dropping frame 1403638607.2778294
Dropping frame 1403638607.4778295
Dropping frame 1403638607.5778294
Dropping frame 1403638607.8778293
Dropping frame 1403638608.1278296
Dropping frame 1403638608.2278295
Dropping frame 1403638608.5278294
Dropping frame 1403638608.9278295
Dropping frame 1403638609.0278294
Dropping frame 1403638609.3278296
Dropping frame 1403638609.6278296
Dropping frame 1403638609.7278295
Dropping frame 1403638609.9278295
Dropping frame 1403638610.1278296
Dropping frame 1403638610.2778294
Dropping frame 1403638610.4778295
Dropping frame 1403638610.7778294
Dropping frame 1403638610.8778293
Dropping frame 1403638612.4278295
Dropping frame 1403638612.5278294
Dropping frame 1403638612.7778294
Dropping frame 1403638612.8778293
Dropping frame 1403638613.1278296
Dropping frame 1403638613.2778294
Dropping frame 1403638613.7278295
Dropping frame 1403638614.2778294
Dropping frame 1403638614.5778294
Dropping frame 1403638614.7778294
Dropping frame 1403638614.8778293
Dropping frame 1403638615.1278296
Dropping frame 1403638615.2278295
Dropping frame 1403638615.7278295
Dropping frame 1403638615.8278296
Dropping frame 1403638615.9278295
Dropping frame 1403638616.1278296
Dropping frame 1403638616.4278295
Dropping frame 1403638616.5278294
Dropping frame 1403638616.7778294
Dropping frame 1403638616.9778295
Dropping frame 1403638617.1778293
Dropping frame 1403638617.4778295
Dropping frame 1403638617.7778294
Dropping frame 1403638618.3778293
Dropping frame 1403638618.9778295
Dropping frame 1403638619.4278295
Dropping frame 1403638619.6278296
Dropping frame 1403638620.0778294
Dropping frame 1403638620.8278296
Dropping frame 1403638621.0278294
Dropping frame 1403638621.5778294
Dropping frame 1403638621.7778294
Dropping frame 1403638624.1778293
Dropping frame 1403638624.5278294
Dropping frame 1403638624.8278296
Dropping frame 1403638625.1778293
Dropping frame 1403638626.0778294
Dropping frame 1403638626.2778294
Dropping frame 1403638626.7278295
Dropping frame 1403638626.8278296
Dropping frame 1403638627.8278296
Dropping frame 1403638628.0278294
Dropping frame 1403638628.4778295
Dropping frame 1403638629.1778293
Dropping frame 1403638629.6278296
Dropping frame 1403638629.8778293
Dropping frame 1403638630.2278295
Dropping frame 1403638630.8278296
Dropping frame 1403638631.1778293
Dropping frame 1403638631.2778294
Dropping frame 1403638631.5278294
Shutdown
SLAM Finished at System Time: 1742721481.30878

 TIME STATS in ms (mean$\pm$std)
OpenCV version: 4.8.1
---------------------------
Tracking

ORB Extraction: 19.937$\pm$2.382
Stereo Matching: 8.4057$\pm$1.8666
IMU Preintegration: 0.22411$\pm$0.10142
Pose Prediction: 0.48447$\pm$1.2894
LM Track: 18.515$\pm$5.4832
New KF decision: 1.1606$\pm$1.9101
Total Tracking: 32.741$\pm$25.985



Local Mapping

KF Insertion: 14.366$\pm$5.2068
MP Culling: 0.46861$\pm$0.18533
MP Creation: 43.903$\pm$16.507
LBA: 148.41$\pm$46.018
KF Culling: 11.784$\pm$9.0713
Total Local Mapping: 218.34$\pm$71.151
---------------------------

LBA complexity (mean$\pm$std)
LBA Edges: 1605.5$\pm$974.11
LBA KF optimized: 6.5$\pm$2.2913
LBA KF fixed: 1$\pm$0
LBA MP: nan$\pm$nan

LBA executions: 406
LBA aborts: 0
---------------------------

Map complexity
KFs in map: 169
MPs in map: 13425
---------------------------

Place Recognition (mean$\pm$std)
Database Query: 2.1217$\pm$1.124
SE3 estimation: 25.836$\pm$18.139
Total Place Recognition: 20.089$\pm$20.373


Loop Closing (mean$\pm$std)
Loop Fusion: nan$\pm$nan
Essential Graph: nan$\pm$nan
Total Loop Closing: nan$\pm$nan

Num exec: 0
Number of KFs: nan$\pm$nan

Map Merging (mean$\pm$std)
Merge Maps: nan$\pm$nan
Welding BA: nan$\pm$nan
Optimization Ess.: nan$\pm$nan
Total Map Merging: nan$\pm$nan

Num exec: 0
Number of KFs: nan$\pm$nan
Number of MPs: nan$\pm$nan

Full GBA (mean$\pm$std)
GBA: nan$\pm$nan
Map Update: nan$\pm$nan
Total Full GBA: nan$\pm$nan

Num exec: 0
Num abort: 0
Number of KFs: nan$\pm$nan
Number of MPs: nan$\pm$nan

Saving trajectory to f_dataset-MH05_stereo_imu.txt ...
There are 1 maps in the atlas
  Map 0 has 169 KFs

End of saving trajectory to f_dataset-MH05_stereo_imu.txt ...

Saving keyframe trajectory to kf_dataset-MH05_stereo_imu.txt ...
