num_seq = 1
file name: dataset-V202_stereo_imu
Loading images for sequence 0...LOADED!
Loading IMU for sequence 0...LOADED!

-------

ORB-SLAM3 Copyright (C) 2017-2020 Carlos Campos, Richard Elvira, Juan J. Gómez, José M.M. Montiel and Juan D. Tardós, University of Zaragoza.
ORB-SLAM2 Copyright (C) 2014-2016 Raúl Mur-Artal, José M.M. Montiel and Juan D. Tardós, University of Zaragoza.
This program comes with ABSOLUTELY NO WARRANTY;
This is free software, and you are welcome to redistribute it
under certain conditions. See LICENSE.txt.

Built with REGISTER_TIMES
Git Commit Hash: c2409e6

Build Type: Release

Compiled with C++ version: 201703

Input sensor was set to: Stereo-Inertial
Loading settings from ./Examples/Stereo-Inertial/EuRoC_omega_deadlines.yaml
	-Loaded camera 1
	-Loaded camera 2
	-Loaded image info
	-Loaded IMU calibration
	-Loaded ORB settings
	-Loaded viewer settings
	-Loaded Atlas settings
Deadlines enabled, will skip frames!
omegaSLAM enabled!
	-Loaded misc parameters
	-Computed rectification maps
----------------------------------
SLAM settings: 
	-Camera 1 parameters (Pinhole): [ 458.65399169921875 457.29598999023438 367.21499633789062 248.375 ]
	-Camera 1 distortion parameters: [  -0.28340810537338257 0.073959067463874817 0.00019359000725671649 1.7618711353861727e-05 ]
	-Camera 2 parameters (Pinhole: [ 457.58700561523438 456.13400268554688 379.99899291992188 255.23800659179688 ]
	-Camera 1 distortion parameters: [  -0.2836836576461792 0.074512839317321777 -0.00010473000293131918 -3.555907096597366e-05 ]
	-Original image size: [ 752 , 480 ]
	-Current image size: [ 752 , 480 ]
	-Camera 1 parameters after rectification: [  456.71499633789062 456.71499633789062 364.52615356445312 257.268798828125 ]
	-Sequence FPS: 20
	-Stereo baseline: 0.11007784307003021
	-Stereo depth threshold : 60
	-Gyro noise: 0.00016999999934341758
	-Accelerometer noise: 0.0020000000949949026
	-Gyro walk: 1.9392999092815444e-05
	-Accelerometer walk: 0.0030000000260770321
	-IMU frequency: 200
	-Features per image: 1200
	-ORB scale factor: 1.2000000476837158
	-ORB number of scales: 8
	-Initial FAST threshold: 20
	-Min FAST threshold: 7


Loading ORB Vocabulary. This could take a while...
Vocabulary loaded!

Initialization of Atlas from scratch 
Creation of new map with id: 0
Creation of new map with last KF id: 0
Seq. Name: 
There are 1 cameras in the atlas
Camera 0 is pinhole
SLAM Started at System Time: 1748942571.80034
not IMU meas
not IMU meas
not enough acceleration
not enough acceleration
not enough acceleration
not enough acceleration
not enough acceleration
not enough acceleration
not enough acceleration
not enough acceleration
not enough acceleration
not enough acceleration
not enough acceleration
not enough acceleration
not enough acceleration
not enough acceleration
not enough acceleration
not enough acceleration
not enough acceleration
not enough acceleration
not enough acceleration
not enough acceleration
not enough acceleration
not enough acceleration
not enough acceleration
not enough acceleration
not enough acceleration
not enough acceleration
not enough acceleration
not enough acceleration
not enough acceleration
not enough acceleration
not enough acceleration
not enough acceleration
not enough acceleration
not enough acceleration
not enough acceleration
not enough acceleration
not enough acceleration
not enough acceleration
not enough acceleration
not enough acceleration
not enough acceleration
not enough acceleration
not enough acceleration
not enough acceleration
not enough acceleration
not enough acceleration
not enough acceleration
not enough acceleration
not enough acceleration
not enough acceleration
not enough acceleration
not enough acceleration
not enough acceleration
not enough acceleration
not enough acceleration
not enough acceleration
not enough acceleration
not enough acceleration
not enough acceleration
not enough acceleration
not enough acceleration
not enough acceleration
not enough acceleration
not enough acceleration
not enough acceleration
not enough acceleration
not enough acceleration
not enough acceleration
not enough acceleration
not enough acceleration
First KF:0; Map init KF:0
New Map created with 464 points
Active map: 0
Dropping frame 1413393889.7057605
Dropping frame 1413393889.9057605
Dropping frame 1413393890.2057605
Dropping frame 1413393890.3057606
Dropping frame 1413393890.4057605
Dropping frame 1413393890.5057604
Omega SLAM Dropping frame 1413393890.7057605
Omega SLAM Dropping frame 1413393890.7557604
Omega SLAM Dropping frame 1413393890.8057606
Dropping frame 1413393890.9057605
Omega SLAM Dropping frame 1413393891.0557604
Omega SLAM Dropping frame 1413393891.1057606
Omega SLAM Dropping frame 1413393891.1557603
Dropping frame 1413393891.2557604
Omega SLAM Dropping frame 1413393891.3057606
Omega SLAM Dropping frame 1413393891.3557603
Omega SLAM Dropping frame 1413393891.4057605
Fail to track local map!
IMU is not or recently initialized. Reseting active map...
LM: Active map reset recieved
LM: Active map reset, waiting...
LM: Reseting current map in Local Mapping...
LM: End reseting Local Mapping...
LM: Reset free the mutex
LM: Active map reset, Done!!!
mnFirstFrameId = 72
mnInitialFrameId = 0
21 Frames set to lost
not IMU meas
First KF:7; Map init KF:0
New Map created with 692 points
Active map: 0
Dropping frame 1413393891.6057606
Omega SLAM Dropping frame 1413393891.7557604
Omega SLAM Dropping frame 1413393891.8057606
Omega SLAM Dropping frame 1413393891.8557603
Dropping frame 1413393891.9557605
Dropping frame 1413393892.0557604
Dropping frame 1413393892.3557603
Omega SLAM Dropping frame 1413393892.5057604
Omega SLAM Dropping frame 1413393892.5557604
Omega SLAM Dropping frame 1413393892.6057606
Dropping frame 1413393892.7057605
Dropping frame 1413393892.8057606
Dropping frame 1413393893.0557604
Omega SLAM Dropping frame 1413393893.1557603
Omega SLAM Dropping frame 1413393893.2057605
Omega SLAM Dropping frame 1413393893.2557604
Dropping frame 1413393893.5557604
Dropping frame 1413393893.6557603
Dropping frame 1413393893.7057605
Omega SLAM Dropping frame 1413393893.8557603
Omega SLAM Dropping frame 1413393893.9057605
Omega SLAM Dropping frame 1413393893.9557605
Dropping frame 1413393894.1057606
Omega SLAM Dropping frame 1413393894.2557604
Omega SLAM Dropping frame 1413393894.3057606
Omega SLAM Dropping frame 1413393894.3557603
Omega SLAM Dropping frame 1413393894.4557605
Omega SLAM Dropping frame 1413393894.5057604
Dropping frame 1413393894.6557603
Omega SLAM Dropping frame 1413393894.7057605
Omega SLAM Dropping frame 1413393894.7557604
Omega SLAM Dropping frame 1413393894.8057606
Omega SLAM Dropping frame 1413393894.9557605
Omega SLAM Dropping frame 1413393895.0057604
Omega SLAM Dropping frame 1413393895.0557604
Dropping frame 1413393895.1557603
Omega SLAM Dropping frame 1413393895.3057606
Omega SLAM Dropping frame 1413393895.3557603
Omega SLAM Dropping frame 1413393895.4057605
Dropping frame 1413393895.5057604
Dropping frame 1413393895.6057606
Dropping frame 1413393895.7057605
Dropping frame 1413393896.0057604
Dropping frame 1413393896.1057606
Dropping frame 1413393896.3557603
Dropping frame 1413393896.5557604
Dropping frame 1413393896.7557604
Dropping frame 1413393896.9057605
start VIBA 1
Dropping frame 1413393897.0057604
end VIBA 1
Dropping frame 1413393897.2057605
Dropping frame 1413393897.4557605
Dropping frame 1413393897.5557604
Dropping frame 1413393897.6557603
Dropping frame 1413393897.8057606
Omega SLAM Dropping frame 1413393897.8557603
Omega SLAM Dropping frame 1413393897.9057605
Omega SLAM Dropping frame 1413393897.9557605
Dropping frame 1413393898.1557603
Dropping frame 1413393898.4557605
Dropping frame 1413393898.5557604
Dropping frame 1413393898.8057606
Dropping frame 1413393898.9057605
Dropping frame 1413393899.1057606
Dropping frame 1413393899.2057605
Dropping frame 1413393899.4557605
Dropping frame 1413393899.6557603
Dropping frame 1413393900.0557604
Dropping frame 1413393900.1557603
Dropping frame 1413393900.4057605
Dropping frame 1413393900.6057606
Dropping frame 1413393900.7057605
Dropping frame 1413393900.9557605
Dropping frame 1413393901.3057606
Dropping frame 1413393901.5057604
Dropping frame 1413393901.6057606
Dropping frame 1413393901.9557605
Omega SLAM Dropping frame 1413393902.1057606
Omega SLAM Dropping frame 1413393902.1557603
Omega SLAM Dropping frame 1413393902.2057605
Dropping frame 1413393902.3057606
Omega SLAM Dropping frame 1413393902.3557603
Omega SLAM Dropping frame 1413393902.4057605
Omega SLAM Dropping frame 1413393902.4557605
Dropping frame 1413393902.5557604
Dropping frame 1413393902.6557603
Omega SLAM Dropping frame 1413393902.7057605
Omega SLAM Dropping frame 1413393902.7557604
Omega SLAM Dropping frame 1413393902.8057606
Dropping frame 1413393903.0557604
Dropping frame 1413393903.1557603
Dropping frame 1413393903.2557604
Dropping frame 1413393903.4557605
Dropping frame 1413393903.5557604
Dropping frame 1413393903.6557603
Dropping frame 1413393903.8557603
Dropping frame 1413393903.9557605
Dropping frame 1413393904.1557603
Omega SLAM Dropping frame 1413393904.2057605
Omega SLAM Dropping frame 1413393904.2557604
Omega SLAM Dropping frame 1413393904.3057606
Omega SLAM Dropping frame 1413393904.4557605
Omega SLAM Dropping frame 1413393904.5057604
Omega SLAM Dropping frame 1413393904.5557604
Dropping frame 1413393904.6557603
Dropping frame 1413393904.7557604
Dropping frame 1413393904.8557603
Dropping frame 1413393905.0557604
Dropping frame 1413393905.2057605
Dropping frame 1413393905.4557605
Dropping frame 1413393905.6557603
Dropping frame 1413393905.8557603
Dropping frame 1413393905.9557605
Dropping frame 1413393906.3057606
Dropping frame 1413393906.4057605
Dropping frame 1413393906.5057604
Dropping frame 1413393906.7057605
Dropping frame 1413393906.8057606
Dropping frame 1413393907.0057604
Omega SLAM Dropping frame 1413393907.0557604
Omega SLAM Dropping frame 1413393907.1057606
Omega SLAM Dropping frame 1413393907.1557603
start VIBA 2
Omega SLAM Dropping frame 1413393907.5057604
Omega SLAM Dropping frame 1413393907.5557604
end VIBA 2
Omega SLAM Dropping frame 1413393907.6057606
Dropping frame 1413393907.7557604
Omega SLAM Dropping frame 1413393907.9057605
Omega SLAM Dropping frame 1413393907.9557605
Omega SLAM Dropping frame 1413393908.0057604
Dropping frame 1413393908.1557603
Omega SLAM Dropping frame 1413393908.2057605
Omega SLAM Dropping frame 1413393908.2557604
Omega SLAM Dropping frame 1413393908.3057606
Omega SLAM Dropping frame 1413393908.4557605
Omega SLAM Dropping frame 1413393908.5057604
Omega SLAM Dropping frame 1413393908.5557604
Dropping frame 1413393908.6557603
Dropping frame 1413393908.7557604
Dropping frame 1413393908.8557603
Dropping frame 1413393909.0557604
Dropping frame 1413393909.2557604
Omega SLAM Dropping frame 1413393909.4057605
Omega SLAM Dropping frame 1413393909.4557605
Omega SLAM Dropping frame 1413393909.5057604
Dropping frame 1413393910.0557604
Omega SLAM Dropping frame 1413393910.2557604
Omega SLAM Dropping frame 1413393910.3057606
Omega SLAM Dropping frame 1413393910.3557603
Dropping frame 1413393910.5057604
Omega SLAM Dropping frame 1413393910.6557603
Omega SLAM Dropping frame 1413393910.7057605
Omega SLAM Dropping frame 1413393910.7557604
Dropping frame 1413393910.8557603
Dropping frame 1413393911.0557604
Dropping frame 1413393911.1557603
Dropping frame 1413393911.2557604
Dropping frame 1413393911.5057604
Dropping frame 1413393911.6057606
Omega SLAM Dropping frame 1413393911.7557604
Omega SLAM Dropping frame 1413393911.8057606
Omega SLAM Dropping frame 1413393911.8557603
Dropping frame 1413393912.1557603
Dropping frame 1413393912.3057606
Dropping frame 1413393912.5557604
Dropping frame 1413393912.6557603
Dropping frame 1413393913.0557604
Dropping frame 1413393913.1557603
Dropping frame 1413393913.2557604
Dropping frame 1413393913.4557605
Dropping frame 1413393913.6557603
Dropping frame 1413393913.9057605
Dropping frame 1413393914.1557603
Dropping frame 1413393914.2557604
Dropping frame 1413393914.5057604
Dropping frame 1413393914.8557603
Dropping frame 1413393915.0557604
Omega SLAM Dropping frame 1413393915.2557604
Omega SLAM Dropping frame 1413393915.3057606
Omega SLAM Dropping frame 1413393915.3557603
Dropping frame 1413393915.5557604
Dropping frame 1413393915.6557603
Dropping frame 1413393915.7557604
Dropping frame 1413393915.8557603
Omega SLAM Dropping frame 1413393916.0057604
Omega SLAM Dropping frame 1413393916.0557604
Omega SLAM Dropping frame 1413393916.1057606
Dropping frame 1413393916.2057605
Dropping frame 1413393916.4057605
Dropping frame 1413393916.6057606
Dropping frame 1413393916.7057605
Dropping frame 1413393916.8057606
Dropping frame 1413393917.0057604
Dropping frame 1413393917.2057605
Dropping frame 1413393917.4057605
Dropping frame 1413393917.5057604
Dropping frame 1413393917.7557604
Dropping frame 1413393917.9557605
Dropping frame 1413393918.0557604
Dropping frame 1413393918.1557603
Dropping frame 1413393918.5057604
*Loop detected
phi = 0.00015422451524740443 -0.0059159180207505402  0.0071940937900284128
Local Mapping STOP
Local Mapping RELEASE
Dropping frame 1413393918.6057606
Dropping frame 1413393918.8557603
Local Mapping STOP
Local Mapping RELEASE
Dropping frame 1413393919.0557604
Dropping frame 1413393919.2557604
Dropping frame 1413393919.4557605
Dropping frame 1413393919.5557604
Dropping frame 1413393919.6557603
Dropping frame 1413393919.8557603
Dropping frame 1413393919.9557605
Dropping frame 1413393920.1557603
Dropping frame 1413393920.3057606
Omega SLAM Dropping frame 1413393920.3557603
Omega SLAM Dropping frame 1413393920.4057605
Omega SLAM Dropping frame 1413393920.4557605
Dropping frame 1413393920.5557604
Omega SLAM Dropping frame 1413393920.7057605
Omega SLAM Dropping frame 1413393920.7557604
Omega SLAM Dropping frame 1413393920.8057606
Dropping frame 1413393920.9057605
Dropping frame 1413393921.0557604
Dropping frame 1413393921.2557604
Dropping frame 1413393921.3557603
Omega SLAM Dropping frame 1413393921.4057605
Omega SLAM Dropping frame 1413393921.4557605
Omega SLAM Dropping frame 1413393921.5057604
Dropping frame 1413393921.7557604
Omega SLAM Dropping frame 1413393921.8057606
Omega SLAM Dropping frame 1413393921.8557603
Omega SLAM Dropping frame 1413393921.9057605
Dropping frame 1413393922.1057606
Omega SLAM Dropping frame 1413393922.1557603
Omega SLAM Dropping frame 1413393922.2057605
Omega SLAM Dropping frame 1413393922.2557604
Dropping frame 1413393922.3557603
Dropping frame 1413393922.4557605
Dropping frame 1413393922.5557604
Dropping frame 1413393922.8557603
Omega SLAM Dropping frame 1413393922.9057605
Omega SLAM Dropping frame 1413393922.9557605
Omega SLAM Dropping frame 1413393923.0057604
Dropping frame 1413393923.2057605
Dropping frame 1413393923.4057605
Dropping frame 1413393923.5057604
Dropping frame 1413393923.6057606
Dropping frame 1413393923.8057606
Dropping frame 1413393924.0057604
Dropping frame 1413393924.1057606
Dropping frame 1413393924.2057605
Dropping frame 1413393924.5557604
Dropping frame 1413393924.6557603
Dropping frame 1413393924.7557604
Dropping frame 1413393925.1557603
Dropping frame 1413393925.2557604
Dropping frame 1413393925.4557605
Dropping frame 1413393925.5557604
Omega SLAM Dropping frame 1413393925.7557604
Omega SLAM Dropping frame 1413393925.8057606
Omega SLAM Dropping frame 1413393925.8557603
Dropping frame 1413393925.9557605
Dropping frame 1413393926.0557604
Omega SLAM Dropping frame 1413393926.2557604
Omega SLAM Dropping frame 1413393926.3057606
Omega SLAM Dropping frame 1413393926.3557603
Omega SLAM Dropping frame 1413393926.5057604
Omega SLAM Dropping frame 1413393926.5557604
Omega SLAM Dropping frame 1413393926.6057606
Dropping frame 1413393926.7057605
Dropping frame 1413393926.8057606
Dropping frame 1413393927.0557604
Dropping frame 1413393927.2557604
Dropping frame 1413393927.4557605
Dropping frame 1413393927.6557603
Dropping frame 1413393927.7557604
Dropping frame 1413393927.8557603
Dropping frame 1413393928.0557604
Omega SLAM Dropping frame 1413393928.1057606
Omega SLAM Dropping frame 1413393928.1557603
Omega SLAM Dropping frame 1413393928.2057605
Dropping frame 1413393928.3057606
Dropping frame 1413393928.4057605
Dropping frame 1413393928.6057606
Dropping frame 1413393928.7057605
Omega SLAM Dropping frame 1413393928.8057606
Omega SLAM Dropping frame 1413393928.8557603
Omega SLAM Dropping frame 1413393928.9057605
Dropping frame 1413393929.1057606
Dropping frame 1413393929.2057605
Dropping frame 1413393929.4557605
Dropping frame 1413393929.7057605
Dropping frame 1413393929.9057605
Dropping frame 1413393930.0557604
Dropping frame 1413393930.3057606
Dropping frame 1413393930.4057605
Dropping frame 1413393930.6057606
Omega SLAM Dropping frame 1413393930.6557603
Omega SLAM Dropping frame 1413393930.7057605
Omega SLAM Dropping frame 1413393930.7557604
Omega SLAM Dropping frame 1413393930.9057605
Omega SLAM Dropping frame 1413393930.9557605
Omega SLAM Dropping frame 1413393931.0057604
Omega SLAM Dropping frame 1413393931.1557603
Omega SLAM Dropping frame 1413393931.2057605
Omega SLAM Dropping frame 1413393931.2557604
Dropping frame 1413393931.3557603
Dropping frame 1413393931.5557604
Omega SLAM Dropping frame 1413393931.7057605
Omega SLAM Dropping frame 1413393931.7557604
Omega SLAM Dropping frame 1413393931.8057606
Omega SLAM Dropping frame 1413393931.9057605
Omega SLAM Dropping frame 1413393931.9557605
Omega SLAM Dropping frame 1413393932.0057604
Dropping frame 1413393932.1557603
Dropping frame 1413393932.3557603
Omega SLAM Dropping frame 1413393932.5057604
Omega SLAM Dropping frame 1413393932.5557604
Omega SLAM Dropping frame 1413393932.6057606
Dropping frame 1413393932.7057605
Dropping frame 1413393932.8057606
Omega SLAM Dropping frame 1413393932.9057605
Omega SLAM Dropping frame 1413393932.9557605
Omega SLAM Dropping frame 1413393933.0057604
Dropping frame 1413393933.1057606
Dropping frame 1413393933.4557605
Dropping frame 1413393933.5557604
Dropping frame 1413393933.8057606
Dropping frame 1413393933.9057605
Dropping frame 1413393934.2557604
Omega SLAM Dropping frame 1413393934.3057606
Omega SLAM Dropping frame 1413393934.3557603
Omega SLAM Dropping frame 1413393934.4057605
Dropping frame 1413393934.5057604
Dropping frame 1413393934.7057605
Dropping frame 1413393934.8057606
Dropping frame 1413393935.1057606
Dropping frame 1413393935.5557604
Dropping frame 1413393935.8057606
Dropping frame 1413393936.0057604
Dropping frame 1413393936.2057605
Dropping frame 1413393936.5057604
Dropping frame 1413393936.8057606
Dropping frame 1413393936.9057605
Dropping frame 1413393937.0057604
Dropping frame 1413393937.2557604
Dropping frame 1413393937.3557603
Dropping frame 1413393937.6557603
Dropping frame 1413393937.8557603
Dropping frame 1413393938.0557604
Dropping frame 1413393938.3057606
Dropping frame 1413393938.4057605
Dropping frame 1413393938.7557604
Dropping frame 1413393939.0557604
Dropping frame 1413393939.1557603
Dropping frame 1413393939.4557605
Dropping frame 1413393939.5557604
Dropping frame 1413393939.8057606
Dropping frame 1413393940.0057604
Dropping frame 1413393940.2057605
Dropping frame 1413393940.4057605
Dropping frame 1413393940.5057604
Dropping frame 1413393940.7557604
Dropping frame 1413393940.9557605
Dropping frame 1413393941.2557604
Dropping frame 1413393941.3557603
Dropping frame 1413393941.4557605
Dropping frame 1413393941.8057606
Dropping frame 1413393942.0057604
Dropping frame 1413393942.3057606
Dropping frame 1413393942.4057605
Dropping frame 1413393942.6557603
Dropping frame 1413393942.7557604
Dropping frame 1413393943.0057604
Dropping frame 1413393943.2057605
Dropping frame 1413393943.5557604
Omega SLAM Dropping frame 1413393943.6057606
Omega SLAM Dropping frame 1413393943.6557603
Omega SLAM Dropping frame 1413393943.7057605
Dropping frame 1413393943.8057606
Dropping frame 1413393944.2057605
Dropping frame 1413393944.4057605
Dropping frame 1413393944.5557604
Dropping frame 1413393944.9057605
Omega SLAM Dropping frame 1413393945.0557604
Omega SLAM Dropping frame 1413393945.1057606
Omega SLAM Dropping frame 1413393945.1557603
Dropping frame 1413393945.2557604
Dropping frame 1413393945.6057606
Dropping frame 1413393945.9057605
Dropping frame 1413393946.0057604
Dropping frame 1413393946.2557604
Dropping frame 1413393946.4057605
Dropping frame 1413393946.6057606
Dropping frame 1413393946.9557605
Dropping frame 1413393947.2557604
Dropping frame 1413393947.4557605
Dropping frame 1413393947.5557604
Dropping frame 1413393947.8057606
Dropping frame 1413393947.9057605
Dropping frame 1413393948.2557604
Dropping frame 1413393948.4557605
Dropping frame 1413393948.7557604
Dropping frame 1413393948.9557605
Dropping frame 1413393949.0557604
Dropping frame 1413393949.2557604
Dropping frame 1413393949.3557603
Dropping frame 1413393949.6057606
Dropping frame 1413393949.9557605
Dropping frame 1413393950.0557604
Dropping frame 1413393950.1557603
Dropping frame 1413393950.2557604
Omega SLAM Dropping frame 1413393950.4557605
Omega SLAM Dropping frame 1413393950.5057604
Omega SLAM Dropping frame 1413393950.5557604
Dropping frame 1413393950.7557604
Dropping frame 1413393950.8557603
Dropping frame 1413393950.9557605
Omega SLAM Dropping frame 1413393951.1557603
Omega SLAM Dropping frame 1413393951.2057605
Omega SLAM Dropping frame 1413393951.2557604
Omega SLAM Dropping frame 1413393951.4057605
Omega SLAM Dropping frame 1413393951.4557605
Omega SLAM Dropping frame 1413393951.5057604
Dropping frame 1413393951.6057606
Omega SLAM Dropping frame 1413393951.7057605
Omega SLAM Dropping frame 1413393951.7557604
Omega SLAM Dropping frame 1413393951.8057606
Dropping frame 1413393951.9557605
Omega SLAM Dropping frame 1413393952.0057604
Omega SLAM Dropping frame 1413393952.0557604
Omega SLAM Dropping frame 1413393952.1057606
Omega SLAM Dropping frame 1413393952.2557604
Omega SLAM Dropping frame 1413393952.3057606
Omega SLAM Dropping frame 1413393952.3557603
Dropping frame 1413393952.4557605
Dropping frame 1413393952.6557603
Dropping frame 1413393952.7557604
Dropping frame 1413393952.8557603
Dropping frame 1413393952.9557605
Dropping frame 1413393953.0557604
Omega SLAM Dropping frame 1413393953.2057605
Omega SLAM Dropping frame 1413393953.2557604
Omega SLAM Dropping frame 1413393953.3057606
Omega SLAM Dropping frame 1413393953.4557605
Omega SLAM Dropping frame 1413393953.5057604
Omega SLAM Dropping frame 1413393953.5557604
Dropping frame 1413393953.7057605
Dropping frame 1413393953.8057606
Omega SLAM Dropping frame 1413393953.9557605
Omega SLAM Dropping frame 1413393954.0057604
Omega SLAM Dropping frame 1413393954.0557604
Dropping frame 1413393954.2057605
Dropping frame 1413393954.3557603
Dropping frame 1413393954.5557604
Dropping frame 1413393954.7557604
Dropping frame 1413393955.0057604
Dropping frame 1413393955.3057606
Dropping frame 1413393955.4057605
Dropping frame 1413393956.4557605
Dropping frame 1413393956.7557604
Dropping frame 1413393957.3057606
Dropping frame 1413393957.4057605
Dropping frame 1413393957.8057606
Dropping frame 1413393957.9057605
Dropping frame 1413393958.2057605
Dropping frame 1413393958.4057605
Dropping frame 1413393958.6057606
Dropping frame 1413393958.7057605
Dropping frame 1413393958.8057606
Dropping frame 1413393959.0557604
Dropping frame 1413393959.1557603
Dropping frame 1413393959.4057605
Omega SLAM Dropping frame 1413393959.5557604
Omega SLAM Dropping frame 1413393959.6057606
Omega SLAM Dropping frame 1413393959.6557603
Dropping frame 1413393959.7557604
Dropping frame 1413393959.9557605
Dropping frame 1413393960.0557604
Dropping frame 1413393960.3557603
Dropping frame 1413393960.4557605
Dropping frame 1413393960.7057605
Dropping frame 1413393960.8057606
Dropping frame 1413393960.9057605
Dropping frame 1413393961.1057606
Dropping frame 1413393961.2557604
Dropping frame 1413393961.4557605
Dropping frame 1413393961.8057606
Omega SLAM Dropping frame 1413393961.8557603
Omega SLAM Dropping frame 1413393961.9057605
Omega SLAM Dropping frame 1413393961.9557605
Dropping frame 1413393962.1057606
Omega SLAM Dropping frame 1413393962.3057606
Omega SLAM Dropping frame 1413393962.3557603
Omega SLAM Dropping frame 1413393962.4057605
Dropping frame 1413393962.6057606
Dropping frame 1413393964.8057606
Dropping frame 1413393964.9057605
Dropping frame 1413393965.1057606
Dropping frame 1413393965.3057606
Dropping frame 1413393965.5057604
Dropping frame 1413393965.7057605
Dropping frame 1413393965.8057606
Omega SLAM Dropping frame 1413393966.1557603
Omega SLAM Dropping frame 1413393966.2057605
Omega SLAM Dropping frame 1413393966.2557604
Dropping frame 1413393966.3557603
Dropping frame 1413393966.4557605
Dropping frame 1413393966.7057605
Dropping frame 1413393966.8057606
Dropping frame 1413393967.0557604
Dropping frame 1413393967.2557604
Dropping frame 1413393967.3557603
Dropping frame 1413393967.4557605
Dropping frame 1413393967.6557603
Dropping frame 1413393967.7557604
Dropping frame 1413393968.0057604
Dropping frame 1413393968.2557604
Dropping frame 1413393968.3557603
Dropping frame 1413393968.5557604
Dropping frame 1413393968.6557603
Dropping frame 1413393968.7557604
Omega SLAM Dropping frame 1413393968.8057606
Omega SLAM Dropping frame 1413393968.8557603
Omega SLAM Dropping frame 1413393968.9057605
Dropping frame 1413393969.1057606
Dropping frame 1413393969.4057605
Dropping frame 1413393969.6057606
Dropping frame 1413393969.8057606
Dropping frame 1413393970.0557604
Dropping frame 1413393970.2557604
Dropping frame 1413393970.3557603
Dropping frame 1413393970.4557605
Omega SLAM Dropping frame 1413393970.5057604
Omega SLAM Dropping frame 1413393970.5557604
Omega SLAM Dropping frame 1413393970.6057606
Dropping frame 1413393970.7057605
Dropping frame 1413393970.8057606
Dropping frame 1413393971.0557604
Omega SLAM Dropping frame 1413393971.1057606
Omega SLAM Dropping frame 1413393971.1557603
Omega SLAM Dropping frame 1413393971.2057605
Dropping frame 1413393971.4057605
Dropping frame 1413393971.5057604
Dropping frame 1413393971.6057606
Dropping frame 1413393971.7057605
Dropping frame 1413393972.0557604
Dropping frame 1413393972.1557603
Dropping frame 1413393972.3057606
Dropping frame 1413393972.7557604
Omega SLAM Dropping frame 1413393972.8057606
Omega SLAM Dropping frame 1413393972.8557603
Omega SLAM Dropping frame 1413393972.9057605
Dropping frame 1413393973.1057606
Dropping frame 1413393973.2057605
Dropping frame 1413393973.3057606
Dropping frame 1413393973.5057604
Dropping frame 1413393973.7057605
Dropping frame 1413393973.8057606
Dropping frame 1413393973.9557605
Dropping frame 1413393974.0557604
Dropping frame 1413393974.2557604
Dropping frame 1413393974.3557603
Dropping frame 1413393974.4557605
Dropping frame 1413393974.5557604
Dropping frame 1413393974.7057605
Dropping frame 1413393974.8057606
Dropping frame 1413393975.0557604
Dropping frame 1413393975.1557603
Dropping frame 1413393975.2557604
Dropping frame 1413393975.3557603
Dropping frame 1413393975.5557604
Dropping frame 1413393975.6557603
Dropping frame 1413393975.9057605
Dropping frame 1413393976.0057604
Dropping frame 1413393976.1057606
Dropping frame 1413393976.3057606
Omega SLAM Dropping frame 1413393976.3557603
Omega SLAM Dropping frame 1413393976.4057605
Omega SLAM Dropping frame 1413393976.4557605
Dropping frame 1413393976.5557604
Dropping frame 1413393976.6557603
Dropping frame 1413393976.8057606
Dropping frame 1413393977.0057604
Dropping frame 1413393977.1057606
Dropping frame 1413393977.2057605
Dropping frame 1413393977.3057606
Omega SLAM Dropping frame 1413393977.5057604
Omega SLAM Dropping frame 1413393977.5557604
Omega SLAM Dropping frame 1413393977.6057606
Omega SLAM Dropping frame 1413393977.7557604
Omega SLAM Dropping frame 1413393977.8057606
Omega SLAM Dropping frame 1413393977.8557603
Dropping frame 1413393978.0057604
Omega SLAM Dropping frame 1413393978.0557604
Omega SLAM Dropping frame 1413393978.1057606
Omega SLAM Dropping frame 1413393978.1557603
Dropping frame 1413393978.3557603
Dropping frame 1413393978.4557605
Dropping frame 1413393978.7557604
Dropping frame 1413393978.9557605
Dropping frame 1413393979.0557604
Dropping frame 1413393979.1557603
Dropping frame 1413393979.4557605
Dropping frame 1413393979.5557604
Dropping frame 1413393979.6557603
Dropping frame 1413393979.8557603
Dropping frame 1413393979.9557605
Dropping frame 1413393980.2057605
Dropping frame 1413393980.3057606
Omega SLAM Dropping frame 1413393980.8057606
Omega SLAM Dropping frame 1413393980.8557603
Omega SLAM Dropping frame 1413393980.9057605
Dropping frame 1413393981.1557603
Omega SLAM Dropping frame 1413393981.3057606
Omega SLAM Dropping frame 1413393981.3557603
Omega SLAM Dropping frame 1413393981.4057605
Omega SLAM Dropping frame 1413393981.7557604
Omega SLAM Dropping frame 1413393981.8057606
Omega SLAM Dropping frame 1413393981.8557603
Dropping frame 1413393982.9557605
Dropping frame 1413393983.1057606
Dropping frame 1413393983.3057606
Dropping frame 1413393983.4057605
Dropping frame 1413393983.5057604
Dropping frame 1413393983.7057605
Dropping frame 1413393983.8557603
Dropping frame 1413393984.0557604
Dropping frame 1413393984.2557604
Dropping frame 1413393984.3557603
Dropping frame 1413393984.4557605
Dropping frame 1413393984.7057605
Dropping frame 1413393984.8057606
Dropping frame 1413393985.0557604
Dropping frame 1413393985.1557603
Dropping frame 1413393985.2557604
Dropping frame 1413393985.5557604
Dropping frame 1413393985.7557604
Dropping frame 1413393985.9557605
Dropping frame 1413393986.0557604
Dropping frame 1413393986.1557603
Dropping frame 1413393986.2557604
Dropping frame 1413393986.5557604
Dropping frame 1413393986.7057605
Dropping frame 1413393986.9057605
Dropping frame 1413393987.0557604
Dropping frame 1413393987.3557603
Omega SLAM Dropping frame 1413393987.4057605
Omega SLAM Dropping frame 1413393987.4557605
Omega SLAM Dropping frame 1413393987.5057604
Omega SLAM Dropping frame 1413393987.6057606
Omega SLAM Dropping frame 1413393987.6557603
Omega SLAM Dropping frame 1413393987.7057605
Dropping frame 1413393987.8557603
Dropping frame 1413393987.9557605
Dropping frame 1413393988.1057606
Omega SLAM Dropping frame 1413393988.1557603
Omega SLAM Dropping frame 1413393988.2057605
Omega SLAM Dropping frame 1413393988.2557604
Dropping frame 1413393988.4557605
Dropping frame 1413393988.6557603
Dropping frame 1413393988.7557604
Dropping frame 1413393989.1057606
Dropping frame 1413393989.3557603
Dropping frame 1413393989.4557605
Dropping frame 1413393989.5557604
Dropping frame 1413393989.6557603
Omega SLAM Dropping frame 1413393989.8057606
Omega SLAM Dropping frame 1413393989.8557603
Omega SLAM Dropping frame 1413393989.9057605
Dropping frame 1413393990.2557604
Dropping frame 1413393990.4557605
Dropping frame 1413393990.5557604
Dropping frame 1413393990.6557603
Dropping frame 1413393990.7557604
Dropping frame 1413393990.8557603
Dropping frame 1413393991.1557603
Dropping frame 1413393991.2557604
Dropping frame 1413393991.5057604
Dropping frame 1413393991.7557604
Dropping frame 1413393991.9557605
Dropping frame 1413393992.2557604
Dropping frame 1413393992.3557603
Dropping frame 1413393992.6057606
Dropping frame 1413393992.8057606
Dropping frame 1413393993.0557604
Dropping frame 1413393993.3057606
Dropping frame 1413393993.4057605
Dropping frame 1413393993.5057604
Dropping frame 1413393993.6057606
Dropping frame 1413393993.8557603
Dropping frame 1413393994.0557604
Dropping frame 1413393994.1557603
Dropping frame 1413393994.3057606
Dropping frame 1413393994.5057604
Dropping frame 1413393994.6057606
Dropping frame 1413393994.8057606
Dropping frame 1413393994.9057605
Dropping frame 1413393995.0057604
Dropping frame 1413393995.9557605
Dropping frame 1413393996.0557604
Dropping frame 1413393996.4557605
Dropping frame 1413393996.5557604
Omega SLAM Dropping frame 1413393996.7557604
Omega SLAM Dropping frame 1413393996.8057606
Omega SLAM Dropping frame 1413393996.8557603
Dropping frame 1413393997.0057604
Dropping frame 1413393997.2057605
Dropping frame 1413393997.3057606
Dropping frame 1413393997.4057605
Dropping frame 1413393997.5557604
Omega SLAM Dropping frame 1413393997.6057606
Omega SLAM Dropping frame 1413393997.6557603
Omega SLAM Dropping frame 1413393997.7057605
Omega SLAM Dropping frame 1413393997.8557603
Omega SLAM Dropping frame 1413393997.9057605
Omega SLAM Dropping frame 1413393997.9557605
Omega SLAM Dropping frame 1413393998.1057606
Omega SLAM Dropping frame 1413393998.1557603
Omega SLAM Dropping frame 1413393998.2057605
Dropping frame 1413393998.3557603
Omega SLAM Dropping frame 1413393998.4057605
Omega SLAM Dropping frame 1413393998.4557605
Omega SLAM Dropping frame 1413393998.5057604
Omega SLAM Dropping frame 1413393998.9057605
Omega SLAM Dropping frame 1413393998.9557605
Omega SLAM Dropping frame 1413393999.0057604
Dropping frame 1413393999.4557605
Dropping frame 1413393999.6557603
Dropping frame 1413393999.7557604
Dropping frame 1413393999.8557603
Omega SLAM Dropping frame 1413393999.9057605
Omega SLAM Dropping frame 1413393999.9557605
Omega SLAM Dropping frame 1413394000.0057604
Dropping frame 1413394000.2057605
Dropping frame 1413394000.4057605
Dropping frame 1413394000.5057604
Dropping frame 1413394000.6057606
Omega SLAM Dropping frame 1413394000.6557603
Omega SLAM Dropping frame 1413394000.7057605
Omega SLAM Dropping frame 1413394000.7557604
Dropping frame 1413394000.8557603
Omega SLAM Dropping frame 1413394000.9057605
Omega SLAM Dropping frame 1413394000.9557605
Omega SLAM Dropping frame 1413394001.0057604
Omega SLAM Dropping frame 1413394001.1057606
Omega SLAM Dropping frame 1413394001.1557603
Omega SLAM Dropping frame 1413394001.2057605
Omega SLAM Dropping frame 1413394001.3057606
Omega SLAM Dropping frame 1413394001.3557603
Omega SLAM Dropping frame 1413394001.4057605
Dropping frame 1413394001.5057604
Omega SLAM Dropping frame 1413394001.5557604
Omega SLAM Dropping frame 1413394001.6057606
Omega SLAM Dropping frame 1413394001.6557603
Dropping frame 1413394001.7557604
Omega SLAM Dropping frame 1413394001.8057606
Omega SLAM Dropping frame 1413394001.8557603
Omega SLAM Dropping frame 1413394001.9057605
Dropping frame 1413394002.0057604
Omega SLAM Dropping frame 1413394002.0557604
Omega SLAM Dropping frame 1413394002.1057606
Omega SLAM Dropping frame 1413394002.1557603
Dropping frame 1413394002.2557604
Omega SLAM Dropping frame 1413394002.3057606
Omega SLAM Dropping frame 1413394002.3557603
Omega SLAM Dropping frame 1413394002.4057605
Dropping frame 1413394002.5057604
Omega SLAM Dropping frame 1413394002.5557604
Omega SLAM Dropping frame 1413394002.6057606
Omega SLAM Dropping frame 1413394002.6557603
Dropping frame 1413394002.7557604
Omega SLAM Dropping frame 1413394002.8057606
Omega SLAM Dropping frame 1413394002.8557603
Omega SLAM Dropping frame 1413394002.9057605
Omega SLAM Dropping frame 1413394003.0057604
Omega SLAM Dropping frame 1413394003.0557604
Omega SLAM Dropping frame 1413394003.1057606
Omega SLAM Dropping frame 1413394003.2057605
Omega SLAM Dropping frame 1413394003.2557604
Omega SLAM Dropping frame 1413394003.3057606
Shutdown
SLAM Finished at System Time: 1748942713.74201

 TIME STATS in ms (mean$\pm$std)
OpenCV version: 4.8.1
---------------------------
Tracking

ORB Extraction: 19.063$\pm$1.9569
Stereo Matching: 8.5518$\pm$2.7021
IMU Preintegration: 0.25192$\pm$0.12341
Pose Prediction: 0.43899$\pm$1.7245
LM Track: 20.382$\pm$5.1439
New KF decision: 0.49427$\pm$0.51243
Total Tracking: 29.389$\pm$26.979



Local Mapping

KF Insertion: 13.854$\pm$4.2862
MP Culling: 0.78231$\pm$0.26044
MP Creation: 45.026$\pm$16.272
LBA: 148.03$\pm$40.181
KF Culling: 17.056$\pm$10.185
Total Local Mapping: 224.02$\pm$62.55
---------------------------

LBA complexity (mean$\pm$std)
LBA Edges: 3159.6$\pm$727.45
LBA KF optimized: 5.9231$\pm$2.129
LBA KF fixed: 1$\pm$0
LBA MP: nan$\pm$nan

LBA executions: 400
LBA aborts: 1
---------------------------

Map complexity
KFs in map: 123
MPs in map: 8813
---------------------------

Place Recognition (mean$\pm$std)
Database Query: 1.7455$\pm$0.82618
SE3 estimation: 13.509$\pm$12.689
Total Place Recognition: 12.992$\pm$13.251


Loop Closing (mean$\pm$std)
Loop Fusion: 17.49$\pm$0
Essential Graph: 50.45$\pm$0
Total Loop Closing: 71.091$\pm$0

Num exec: 1
Number of KFs: nan$\pm$nan

Map Merging (mean$\pm$std)
Merge Maps: nan$\pm$nan
Welding BA: nan$\pm$nan
Optimization Ess.: nan$\pm$nan
Total Map Merging: nan$\pm$nan

Num exec: 0
Number of KFs: nan$\pm$nan
Number of MPs: nan$\pm$nan

Full GBA (mean$\pm$std)
GBA: 497.18$\pm$0
Map Update: 56.564$\pm$0
Total Full GBA: 553.74$\pm$0

Num exec: 1
Num abort: 0
Number of KFs: 65$\pm$0
Number of MPs: 6083$\pm$0

Saving trajectory to f_dataset-V202_stereo_imu.txt ...
There are 1 maps in the atlas
  Map 0 has 123 KFs

End of saving trajectory to f_dataset-V202_stereo_imu.txt ...

Saving keyframe trajectory to kf_dataset-V202_stereo_imu.txt ...
