num_seq = 1
file name: dataset-MH01_stereo_imu
Loading images for sequence 0...LOADED!
Loading IMU for sequence 0...LOADED!

-------

ORB-SLAM3 Copyright (C) 2017-2020 Carlos Campos, Richard Elvira, Juan J. Gómez, José M.M. Montiel and Juan D. Tardós, University of Zaragoza.
ORB-SLAM2 Copyright (C) 2014-2016 Raúl Mur-Artal, José M.M. Montiel and Juan D. Tardós, University of Zaragoza.
This program comes with ABSOLUTELY NO WARRANTY;
This is free software, and you are welcome to redistribute it
under certain conditions. See LICENSE.txt.

Built with REGISTER_TIMES
Git Commit Hash: 2d47524

Build Type: Release

Compiled with C++ version: 201703

Input sensor was set to: Stereo-Inertial
Loading settings from EuRoC_fov_deadlines_mask_18x18.yaml
	-Loaded camera 1
	-Loaded camera 2
	-Loaded image info
	-Loaded IMU calibration
	-Loaded ORB settings
	-Loaded viewer settings
	-Loaded Atlas settings
Deadlines enabled, will skip frames!
FOV enabled
Static mask size: 18x18
Dumping map points enabled
	-Loaded misc parameters
	-Computed rectification maps
----------------------------------
SLAM settings: 
	-Camera 1 parameters (Pinhole): [ 458.65399169921875 457.29598999023438 367.21499633789062 248.375 ]
	-Camera 1 distortion parameters: [  -0.28340810537338257 0.073959067463874817 0.00019359000725671649 1.7618711353861727e-05 ]
	-Camera 2 parameters (Pinhole: [ 457.58700561523438 456.13400268554688 379.99899291992188 255.23800659179688 ]
	-Camera 1 distortion parameters: [  -0.2836836576461792 0.074512839317321777 -0.00010473000293131918 -3.555907096597366e-05 ]
	-Original image size: [ 752 , 480 ]
	-Current image size: [ 752 , 480 ]
	-Camera 1 parameters after rectification: [  456.71499633789062 456.71499633789062 364.52615356445312 257.268798828125 ]
	-Sequence FPS: 20
	-Stereo baseline: 0.11007784307003021
	-Stereo depth threshold : 60
	-Gyro noise: 0.00016999999934341758
	-Accelerometer noise: 0.0020000000949949026
	-Gyro walk: 1.9392999092815444e-05
	-Accelerometer walk: 0.0030000000260770321
	-IMU frequency: 200
	-Features per image: 1200
	-ORB scale factor: 1.2000000476837158
	-ORB number of scales: 8
	-Initial FAST threshold: 20
	-Min FAST threshold: 7


Loading ORB Vocabulary. This could take a while...
Vocabulary loaded!

Initialization of Atlas from scratch 
Creation of new map with id: 0
Creation of new map with last KF id: 0
Seq. Name: 
There are 1 cameras in the atlas
Camera 0 is pinhole
SLAM Started at System Time: 1742961642.4808
not IMU meas
not IMU meas
not enough acceleration
not enough acceleration
First KF:0; Map init KF:0
New Map created with 534 points
Active map: 0
Dropping frame 1403636580.0135555
Dropping frame 1403636580.2135556
Dropping frame 1403636580.5135555
Dropping frame 1403636580.9135554
Dropping frame 1403636581.2135556
Dropping frame 1403636581.4635556
Dropping frame 1403636581.6135554
Dropping frame 1403636581.7135556
Dropping frame 1403636581.8135555
Dropping frame 1403636582.0135555
Dropping frame 1403636582.1135554
Dropping frame 1403636582.2135556
Dropping frame 1403636582.3135555
Dropping frame 1403636582.5135555
Dropping frame 1403636582.6135554
Dropping frame 1403636582.8135555
Dropping frame 1403636583.0135555
Dropping frame 1403636583.2135556
Dropping frame 1403636583.3135555
Dropping frame 1403636583.5635555
Dropping frame 1403636583.7635555
Dropping frame 1403636583.9635556
Dropping frame 1403636584.1635556
Dropping frame 1403636584.2635555
Dropping frame 1403636584.5135555
Dropping frame 1403636584.7135556
Dropping frame 1403636584.8135555
Dropping frame 1403636585.0635555
Dropping frame 1403636585.1635556
Dropping frame 1403636585.4135554
Dropping frame 1403636585.5135555
start VIBA 1
end VIBA 1
Dropping frame 1403636585.7635555
Dropping frame 1403636585.9635556
Dropping frame 1403636586.0635555
Dropping frame 1403636586.1635556
Dropping frame 1403636586.2635555
Dropping frame 1403636586.4635556
Dropping frame 1403636586.5635555
Dropping frame 1403636586.6635556
Dropping frame 1403636586.8635557
Dropping frame 1403636586.9635556
Dropping frame 1403636587.2135556
Dropping frame 1403636587.3635557
Dropping frame 1403636587.5635555
Dropping frame 1403636587.8135555
Dropping frame 1403636587.9635556
Dropping frame 1403636588.1635556
Dropping frame 1403636588.3135555
Dropping frame 1403636588.5135555
Dropping frame 1403636588.7135556
Dropping frame 1403636588.8135555
Dropping frame 1403636588.9135554
Dropping frame 1403636589.0135555
Dropping frame 1403636589.2135556
Dropping frame 1403636589.4135554
Dropping frame 1403636589.5135555
Dropping frame 1403636589.6135554
Dropping frame 1403636589.7135556
Dropping frame 1403636589.9135554
Dropping frame 1403636590.1135554
Dropping frame 1403636590.2135556
Dropping frame 1403636590.3135555
Dropping frame 1403636590.4135554
Dropping frame 1403636590.6135554
Dropping frame 1403636590.7135556
Dropping frame 1403636590.9635556
Dropping frame 1403636591.1635556
Dropping frame 1403636591.3635557
Dropping frame 1403636591.5635555
Dropping frame 1403636591.6635556
Dropping frame 1403636591.7635555
Dropping frame 1403636592.1135554
Dropping frame 1403636592.3135555
Dropping frame 1403636592.4135554
Dropping frame 1403636592.5135555
Dropping frame 1403636592.7135556
Dropping frame 1403636592.9135554
Dropping frame 1403636593.0135555
Dropping frame 1403636593.1635556
Dropping frame 1403636593.3635557
Dropping frame 1403636593.4635556
Dropping frame 1403636593.6635556
Dropping frame 1403636593.8135555
Dropping frame 1403636594.0135555
Dropping frame 1403636594.1135554
Dropping frame 1403636594.2635555
Dropping frame 1403636594.4635556
Dropping frame 1403636594.5635555
Dropping frame 1403636594.8135555
Dropping frame 1403636594.9135554
Dropping frame 1403636595.1135554
Dropping frame 1403636595.3635557
Dropping frame 1403636595.4635556
Dropping frame 1403636595.5635555
start VIBA 2
end VIBA 2
Dropping frame 1403636595.7635555
Dropping frame 1403636595.8635557
Dropping frame 1403636595.9635556
Dropping frame 1403636596.1635556
Dropping frame 1403636596.3635557
Dropping frame 1403636596.5635555
Dropping frame 1403636596.7635555
Dropping frame 1403636596.8635557
Dropping frame 1403636596.9635556
Dropping frame 1403636597.1635556
Dropping frame 1403636597.2635555
Dropping frame 1403636597.3635557
Dropping frame 1403636597.5635555
Dropping frame 1403636597.9135554
Dropping frame 1403636598.1135554
Dropping frame 1403636598.2135556
Dropping frame 1403636598.3135555
Dropping frame 1403636598.5135555
Dropping frame 1403636598.6135554
Dropping frame 1403636598.7135556
Dropping frame 1403636598.9135554
Dropping frame 1403636599.1135554
Dropping frame 1403636599.3135555
Dropping frame 1403636599.5135555
Dropping frame 1403636599.6135554
Dropping frame 1403636599.7135556
Dropping frame 1403636599.9135554
Dropping frame 1403636600.1135554
Dropping frame 1403636600.2135556
Dropping frame 1403636600.3135555
Dropping frame 1403636600.5635555
Dropping frame 1403636600.6635556
Dropping frame 1403636600.7635555
Dropping frame 1403636600.9635556
Dropping frame 1403636601.1135554
Dropping frame 1403636601.3135555
Dropping frame 1403636601.4135554
Dropping frame 1403636601.6635556
Dropping frame 1403636601.8635557
Dropping frame 1403636602.0635555
Dropping frame 1403636602.1635556
Dropping frame 1403636602.2635555
Dropping frame 1403636602.3635557
Dropping frame 1403636602.4635556
Dropping frame 1403636602.7135556
Dropping frame 1403636602.8135555
Dropping frame 1403636602.9135554
Dropping frame 1403636603.2635555
Dropping frame 1403636603.4635556
Dropping frame 1403636603.6135554
Dropping frame 1403636603.8135555
Dropping frame 1403636603.9135554
Dropping frame 1403636605.4135554
Dropping frame 1403636605.6635556
Dropping frame 1403636605.8635557
Dropping frame 1403636606.1135554
Dropping frame 1403636606.2135556
Dropping frame 1403636606.3135555
Dropping frame 1403636606.6635556
Dropping frame 1403636606.7635555
Dropping frame 1403636607.0635555
Dropping frame 1403636607.3635557
Dropping frame 1403636607.5635555
Dropping frame 1403636607.6635556
Dropping frame 1403636607.9635556
Dropping frame 1403636608.1635556
Dropping frame 1403636608.3635557
Dropping frame 1403636608.4635556
Dropping frame 1403636608.7135556
Dropping frame 1403636609.0635555
Dropping frame 1403636609.1635556
Dropping frame 1403636609.4135554
Dropping frame 1403636609.7135556
Dropping frame 1403636609.8135555
Dropping frame 1403636609.9135554
Dropping frame 1403636610.1135554
Dropping frame 1403636610.2135556
Dropping frame 1403636610.3135555
Dropping frame 1403636610.5135555
Dropping frame 1403636610.7135556
Dropping frame 1403636610.9135554
Dropping frame 1403636611.0135555
Dropping frame 1403636611.1135554
Dropping frame 1403636611.4635556
Dropping frame 1403636611.7635555
Dropping frame 1403636612.4135554
Dropping frame 1403636612.5135555
Dropping frame 1403636612.8635557
Dropping frame 1403636613.0635555
Dropping frame 1403636613.2135556
Dropping frame 1403636613.4135554
Dropping frame 1403636613.6135554
Dropping frame 1403636613.8135555
Dropping frame 1403636613.9635556
Dropping frame 1403636614.1635556
Dropping frame 1403636614.4635556
Dropping frame 1403636614.7635555
Dropping frame 1403636615.0635555
Dropping frame 1403636615.4135554
Dropping frame 1403636615.7135556
Dropping frame 1403636615.8135555
Dropping frame 1403636616.0635555
Dropping frame 1403636616.2635555
Dropping frame 1403636616.4635556
Dropping frame 1403636616.9635556
Dropping frame 1403636617.1635556
Dropping frame 1403636617.3135555
Dropping frame 1403636617.5135555
Dropping frame 1403636617.7635555
Dropping frame 1403636617.9135554
Dropping frame 1403636618.1135554
Dropping frame 1403636618.3635557
Dropping frame 1403636618.4635556
Dropping frame 1403636618.7635555
Dropping frame 1403636618.8635557
Dropping frame 1403636619.3135555
Dropping frame 1403636619.5135555
Dropping frame 1403636619.7135556
Dropping frame 1403636619.9135554
Dropping frame 1403636620.1135554
Dropping frame 1403636620.4635556
Dropping frame 1403636620.8135555
Dropping frame 1403636620.9135554
Dropping frame 1403636621.3135555
Dropping frame 1403636621.4135554
Dropping frame 1403636621.5135555
Dropping frame 1403636621.7135556
Dropping frame 1403636621.9635556
Dropping frame 1403636622.0635555
Dropping frame 1403636622.4635556
Dropping frame 1403636622.6635556
Dropping frame 1403636622.9635556
Dropping frame 1403636623.4135554
Dropping frame 1403636623.7635555
Dropping frame 1403636623.9635556
Dropping frame 1403636624.3635557
Dropping frame 1403636624.6635556
Dropping frame 1403636624.9635556
Dropping frame 1403636625.0635555
Dropping frame 1403636625.1635556
Dropping frame 1403636625.5635555
Dropping frame 1403636625.8635557
Dropping frame 1403636626.2135556
Dropping frame 1403636626.4135554
Dropping frame 1403636626.6635556
Dropping frame 1403636626.8635557
Dropping frame 1403636627.0135555
Dropping frame 1403636627.3635557
Dropping frame 1403636627.6135554
Dropping frame 1403636627.8135555
Dropping frame 1403636627.9635556
Dropping frame 1403636628.2635555
Dropping frame 1403636628.3635557
Dropping frame 1403636628.6135554
Dropping frame 1403636628.7135556
Dropping frame 1403636629.1135554
Dropping frame 1403636629.2635555
Dropping frame 1403636629.3635557
Dropping frame 1403636629.5635555
Dropping frame 1403636629.6635556
Dropping frame 1403636630.0635555
Dropping frame 1403636630.2635555
Dropping frame 1403636630.4135554
Dropping frame 1403636630.6635556
Dropping frame 1403636630.7635555
Dropping frame 1403636630.8635557
Dropping frame 1403636631.1635556
Dropping frame 1403636631.3635557
Dropping frame 1403636631.5635555
Dropping frame 1403636631.7135556
Dropping frame 1403636631.9135554
Dropping frame 1403636632.1135554
Dropping frame 1403636632.3135555
Dropping frame 1403636632.6135554
Dropping frame 1403636632.7635555
Dropping frame 1403636632.9635556
Dropping frame 1403636633.1135554
Dropping frame 1403636633.4635556
Dropping frame 1403636633.6635556
Dropping frame 1403636633.7635555
Dropping frame 1403636633.9635556
Dropping frame 1403636634.2635555
Dropping frame 1403636635.3135555
Dropping frame 1403636635.5135555
Dropping frame 1403636636.0135555
Dropping frame 1403636636.4635556
Dropping frame 1403636636.7635555
Dropping frame 1403636637.0635555
Dropping frame 1403636637.2135556
Dropping frame 1403636637.4135554
Dropping frame 1403636637.6635556
Dropping frame 1403636638.1135554
Dropping frame 1403636638.3635557
Dropping frame 1403636638.5135555
Dropping frame 1403636638.8135555
Dropping frame 1403636638.9135554
Dropping frame 1403636639.0135555
Dropping frame 1403636639.1635556
Dropping frame 1403636639.6135554
Dropping frame 1403636639.8635557
Dropping frame 1403636640.2135556
Dropping frame 1403636640.4135554
Dropping frame 1403636640.5635555
Dropping frame 1403636641.1135554
Dropping frame 1403636641.3635557
Dropping frame 1403636641.7135556
Dropping frame 1403636642.0135555
Dropping frame 1403636642.3135555
Dropping frame 1403636642.4135554
Dropping frame 1403636642.6135554
Dropping frame 1403636642.7135556
Dropping frame 1403636642.9635556
Dropping frame 1403636643.0635555
Dropping frame 1403636643.3635557
Dropping frame 1403636643.4635556
Dropping frame 1403636643.6635556
Dropping frame 1403636643.9635556
Dropping frame 1403636644.1135554
Dropping frame 1403636644.3635557
Dropping frame 1403636644.5635555
Dropping frame 1403636644.6635556
Dropping frame 1403636645.0135555
Dropping frame 1403636645.2135556
Dropping frame 1403636645.3135555
Dropping frame 1403636645.4635556
Dropping frame 1403636645.8635557
Dropping frame 1403636645.9635556
Dropping frame 1403636646.2135556
Dropping frame 1403636646.5135555
Dropping frame 1403636646.6635556
Dropping frame 1403636646.8635557
Dropping frame 1403636647.0135555
Dropping frame 1403636647.2135556
Dropping frame 1403636647.3635557
Dropping frame 1403636647.7135556
Dropping frame 1403636647.8135555
Dropping frame 1403636648.2135556
Dropping frame 1403636648.4135554
Dropping frame 1403636648.5635555
Dropping frame 1403636648.9635556
Dropping frame 1403636649.1635556
Dropping frame 1403636649.3635557
Dropping frame 1403636649.6635556
Dropping frame 1403636649.7635555
Dropping frame 1403636649.9135554
Dropping frame 1403636650.2635555
Dropping frame 1403636650.4635556
Dropping frame 1403636650.5635555
Dropping frame 1403636650.7135556
Dropping frame 1403636650.9135554
Dropping frame 1403636651.0135555
Dropping frame 1403636651.1135554
Dropping frame 1403636651.6635556
Dropping frame 1403636651.7635555
Dropping frame 1403636651.8635557
Dropping frame 1403636652.3135555
Dropping frame 1403636652.4635556
Dropping frame 1403636652.8635557
Dropping frame 1403636653.1135554
Dropping frame 1403636653.6635556
Dropping frame 1403636654.0635555
Dropping frame 1403636654.1635556
Dropping frame 1403636654.7635555
Dropping frame 1403636655.6635556
Dropping frame 1403636655.7635555
Dropping frame 1403636655.8635557
Dropping frame 1403636656.2135556
Dropping frame 1403636656.3135555
Dropping frame 1403636656.5135555
Dropping frame 1403636656.6135554
Dropping frame 1403636656.7135556
Dropping frame 1403636656.8135555
Dropping frame 1403636657.0135555
Dropping frame 1403636657.1635556
Dropping frame 1403636657.3635557
Dropping frame 1403636657.4635556
Dropping frame 1403636657.6635556
Dropping frame 1403636657.8135555
Dropping frame 1403636658.0135555
Dropping frame 1403636658.2135556
Dropping frame 1403636658.3135555
Dropping frame 1403636658.4135554
Dropping frame 1403636658.5135555
Dropping frame 1403636658.7135556
Dropping frame 1403636658.8135555
Dropping frame 1403636659.0635555
Dropping frame 1403636659.1635556
Dropping frame 1403636659.3635557
Dropping frame 1403636659.4635556
Dropping frame 1403636659.5635555
Dropping frame 1403636659.7135556
Dropping frame 1403636659.9135554
Dropping frame 1403636660.1135554
Dropping frame 1403636660.2135556
Dropping frame 1403636660.3135555
Dropping frame 1403636660.4135554
Dropping frame 1403636660.8135555
Dropping frame 1403636660.9135554
Dropping frame 1403636661.0135555
Dropping frame 1403636661.1135554
Dropping frame 1403636661.2135556
Dropping frame 1403636661.3135555
Dropping frame 1403636661.5135555
Dropping frame 1403636661.6135554
Dropping frame 1403636661.8135555
Dropping frame 1403636662.0135555
Dropping frame 1403636662.1135554
Dropping frame 1403636662.2135556
Dropping frame 1403636662.4135554
Dropping frame 1403636662.6135554
Dropping frame 1403636662.7135556
Dropping frame 1403636662.8135555
Dropping frame 1403636663.0135555
Dropping frame 1403636663.1135554
Dropping frame 1403636663.3635557
Dropping frame 1403636663.6135554
Dropping frame 1403636663.7135556
Dropping frame 1403636663.9135554
Dropping frame 1403636664.0135555
Dropping frame 1403636664.1135554
Dropping frame 1403636664.2135556
Dropping frame 1403636664.4135554
Dropping frame 1403636664.8135555
Dropping frame 1403636664.9135554
Dropping frame 1403636665.0135555
Dropping frame 1403636665.1135554
Dropping frame 1403636665.3135555
Dropping frame 1403636665.4135554
Dropping frame 1403636665.5135555
Dropping frame 1403636665.7135556
Dropping frame 1403636665.8135555
Dropping frame 1403636665.9135554
Dropping frame 1403636666.1135554
Dropping frame 1403636666.2135556
Dropping frame 1403636666.4135554
Dropping frame 1403636666.5135555
Dropping frame 1403636666.6135554
Dropping frame 1403636666.8135555
Dropping frame 1403636666.9135554
Dropping frame 1403636667.0135555
Dropping frame 1403636667.2135556
Dropping frame 1403636667.3135555
Dropping frame 1403636667.4135554
Dropping frame 1403636667.6135554
Dropping frame 1403636667.7135556
Dropping frame 1403636667.8135555
Dropping frame 1403636667.9135554
Dropping frame 1403636668.0135555
Dropping frame 1403636668.2135556
Dropping frame 1403636668.3135555
Dropping frame 1403636668.5135555
Dropping frame 1403636668.6135554
Dropping frame 1403636668.7135556
Dropping frame 1403636668.9135554
Dropping frame 1403636669.0135555
Dropping frame 1403636669.2135556
Dropping frame 1403636669.3135555
Dropping frame 1403636669.4135554
Dropping frame 1403636669.5135555
Dropping frame 1403636669.6135554
Dropping frame 1403636669.7135556
Dropping frame 1403636669.9135554
Dropping frame 1403636670.0135555
Dropping frame 1403636670.1135554
Dropping frame 1403636670.3135555
Dropping frame 1403636670.5135555
Dropping frame 1403636670.6135554
Dropping frame 1403636670.7135556
Dropping frame 1403636670.9135554
Dropping frame 1403636671.0135555
Dropping frame 1403636671.1135554
Dropping frame 1403636671.2135556
Dropping frame 1403636671.4635556
Dropping frame 1403636671.5635555
Dropping frame 1403636671.6635556
Dropping frame 1403636671.7635555
Dropping frame 1403636671.9135554
Dropping frame 1403636672.0135555
Dropping frame 1403636672.1635556
Dropping frame 1403636672.3635557
Dropping frame 1403636672.4635556
Dropping frame 1403636672.5635555
Dropping frame 1403636672.7135556
Dropping frame 1403636672.8135555
Dropping frame 1403636672.9135554
Dropping frame 1403636673.0135555
Dropping frame 1403636673.1135554
Dropping frame 1403636673.3135555
Dropping frame 1403636673.4135554
Dropping frame 1403636673.6635556
Dropping frame 1403636673.7635555
Dropping frame 1403636673.9135554
Dropping frame 1403636674.0135555
Dropping frame 1403636674.1135554
Dropping frame 1403636674.4635556
Dropping frame 1403636674.5635555
Dropping frame 1403636674.7635555
Dropping frame 1403636675.1135554
Dropping frame 1403636675.2135556
Dropping frame 1403636675.3135555
Dropping frame 1403636675.6135554
Dropping frame 1403636675.7135556
Dropping frame 1403636675.8135555
Dropping frame 1403636675.9135554
Dropping frame 1403636676.0135555
Dropping frame 1403636676.2135556
Dropping frame 1403636676.3135555
Dropping frame 1403636676.5135555
Dropping frame 1403636676.6635556
Dropping frame 1403636676.8635557
Dropping frame 1403636676.9635556
Dropping frame 1403636677.0635555
Dropping frame 1403636677.3135555
Dropping frame 1403636677.4135554
Dropping frame 1403636677.6135554
Dropping frame 1403636677.7135556
Dropping frame 1403636677.8635557
Dropping frame 1403636678.0635555
Dropping frame 1403636678.1635556
Dropping frame 1403636678.2635555
Dropping frame 1403636678.3635557
Dropping frame 1403636678.5635555
Dropping frame 1403636678.6635556
Dropping frame 1403636678.8635557
Dropping frame 1403636678.9635556
Dropping frame 1403636679.0635555
Dropping frame 1403636679.3635557
Dropping frame 1403636679.5635555
Dropping frame 1403636679.7635555
Dropping frame 1403636679.8635557
Dropping frame 1403636680.0635555
Dropping frame 1403636680.2135556
Dropping frame 1403636680.4135554
Dropping frame 1403636680.5635555
Dropping frame 1403636680.8635557
Dropping frame 1403636681.1135554
Dropping frame 1403636681.2635555
Dropping frame 1403636681.4135554
Dropping frame 1403636681.5135555
Dropping frame 1403636681.7135556
Dropping frame 1403636681.8135555
Dropping frame 1403636682.0635555
Dropping frame 1403636682.1635556
Dropping frame 1403636682.3635557
Dropping frame 1403636682.4635556
Dropping frame 1403636682.5635555
Dropping frame 1403636682.6635556
Dropping frame 1403636682.7635555
Dropping frame 1403636683.0135555
Dropping frame 1403636683.1135554
Dropping frame 1403636683.3135555
Dropping frame 1403636683.4135554
Dropping frame 1403636683.5135555
Dropping frame 1403636683.8135555
Dropping frame 1403636684.0135555
Dropping frame 1403636684.1135554
Dropping frame 1403636684.3135555
Dropping frame 1403636684.4135554
Dropping frame 1403636684.6135554
Dropping frame 1403636684.8135555
Dropping frame 1403636684.9135554
Dropping frame 1403636685.0135555
Dropping frame 1403636685.1635556
Dropping frame 1403636685.3635557
Dropping frame 1403636685.5635555
Dropping frame 1403636685.6635556
Dropping frame 1403636685.7635555
Dropping frame 1403636685.9635556
Dropping frame 1403636686.1635556
Dropping frame 1403636686.2635555
Dropping frame 1403636686.3635557
Dropping frame 1403636686.4635556
Dropping frame 1403636686.6635556
Dropping frame 1403636686.8635557
Dropping frame 1403636686.9635556
Dropping frame 1403636687.0635555
Dropping frame 1403636687.1635556
Dropping frame 1403636687.2635555
Dropping frame 1403636687.4635556
Dropping frame 1403636687.6635556
Dropping frame 1403636687.7635555
Dropping frame 1403636687.8635557
Dropping frame 1403636688.0635555
Dropping frame 1403636688.1635556
Dropping frame 1403636688.2635555
Dropping frame 1403636688.3635557
Dropping frame 1403636688.4635556
Dropping frame 1403636688.6635556
Dropping frame 1403636688.7635555
Dropping frame 1403636688.9635556
Dropping frame 1403636689.0635555
Dropping frame 1403636689.1635556
Dropping frame 1403636689.2635555
Dropping frame 1403636689.4635556
Dropping frame 1403636689.5635555
Dropping frame 1403636689.6635556
Dropping frame 1403636689.8635557
Dropping frame 1403636690.0635555
Dropping frame 1403636690.1635556
Dropping frame 1403636690.2635555
Dropping frame 1403636690.3635557
Dropping frame 1403636690.4635556
Dropping frame 1403636690.5635555
Dropping frame 1403636690.7635555
Dropping frame 1403636690.8635557
Dropping frame 1403636690.9635556
Dropping frame 1403636691.1635556
Dropping frame 1403636691.3635557
Dropping frame 1403636691.4635556
Dropping frame 1403636691.6635556
Dropping frame 1403636691.7635555
Dropping frame 1403636691.8635557
Dropping frame 1403636691.9635556
Dropping frame 1403636692.0635555
Dropping frame 1403636692.1635556
Dropping frame 1403636692.2635555
Dropping frame 1403636692.4635556
Dropping frame 1403636692.6635556
Dropping frame 1403636692.7635555
Dropping frame 1403636692.8635557
Dropping frame 1403636692.9635556
Dropping frame 1403636693.1635556
Dropping frame 1403636693.2635555
Dropping frame 1403636693.3635557
Dropping frame 1403636693.4635556
Dropping frame 1403636693.5635555
Dropping frame 1403636693.7635555
Dropping frame 1403636693.8635557
Dropping frame 1403636694.0635555
Dropping frame 1403636694.1635556
Dropping frame 1403636694.2635555
Dropping frame 1403636694.4635556
Dropping frame 1403636694.5635555
Dropping frame 1403636694.7635555
Dropping frame 1403636694.8635557
Dropping frame 1403636694.9635556
Dropping frame 1403636695.1635556
Dropping frame 1403636695.2635555
Dropping frame 1403636695.4635556
Dropping frame 1403636695.5635555
Dropping frame 1403636695.6635556
Dropping frame 1403636695.7635555
Dropping frame 1403636695.9135554
Dropping frame 1403636696.1135554
Dropping frame 1403636696.3135555
Dropping frame 1403636696.4135554
Dropping frame 1403636696.5135555
Dropping frame 1403636696.6135554
Dropping frame 1403636696.7135556
Dropping frame 1403636696.8135555
Dropping frame 1403636696.9135554
Dropping frame 1403636697.1135554
Dropping frame 1403636697.2135556
Dropping frame 1403636697.3135555
Dropping frame 1403636697.5135555
Dropping frame 1403636697.6135554
Dropping frame 1403636697.8135555
Dropping frame 1403636697.9135554
Dropping frame 1403636698.2135556
Dropping frame 1403636698.4135554
Dropping frame 1403636698.5135555
Dropping frame 1403636698.6135554
Dropping frame 1403636698.8135555
Dropping frame 1403636698.9135554
Dropping frame 1403636699.0135555
Dropping frame 1403636699.2135556
Dropping frame 1403636699.3135555
Dropping frame 1403636699.4135554
Dropping frame 1403636699.5135555
Dropping frame 1403636699.6135554
Dropping frame 1403636699.8135555
Dropping frame 1403636700.0135555
Dropping frame 1403636700.1135554
Dropping frame 1403636700.3135555
Dropping frame 1403636700.4135554
Dropping frame 1403636700.5135555
Dropping frame 1403636700.6135554
Dropping frame 1403636700.7135556
Dropping frame 1403636700.8135555
Dropping frame 1403636701.0135555
Dropping frame 1403636701.1135554
Dropping frame 1403636701.2135556
Dropping frame 1403636701.4135554
Dropping frame 1403636701.6135554
Dropping frame 1403636701.7135556
Dropping frame 1403636701.9135554
Dropping frame 1403636702.0135555
Dropping frame 1403636702.1135554
Dropping frame 1403636702.3135555
Dropping frame 1403636702.5135555
Dropping frame 1403636702.7135556
Dropping frame 1403636702.8135555
Dropping frame 1403636702.9135554
Dropping frame 1403636703.0135555
Dropping frame 1403636703.1135554
Dropping frame 1403636703.2135556
Dropping frame 1403636703.3135555
Dropping frame 1403636703.4135554
Dropping frame 1403636703.5135555
Dropping frame 1403636703.6135554
Dropping frame 1403636703.8135555
Dropping frame 1403636704.0135555
Dropping frame 1403636704.2135556
Dropping frame 1403636704.3635557
Dropping frame 1403636704.4635556
Dropping frame 1403636704.5635555
Dropping frame 1403636704.6635556
Dropping frame 1403636704.8135555
Dropping frame 1403636705.2135556
Dropping frame 1403636705.3135555
Dropping frame 1403636705.4135554
Dropping frame 1403636705.6135554
Dropping frame 1403636705.7135556
Dropping frame 1403636705.9135554
Dropping frame 1403636706.0135555
Dropping frame 1403636706.1135554
Dropping frame 1403636706.2135556
Dropping frame 1403636706.4135554
Dropping frame 1403636706.5135555
Dropping frame 1403636706.6135554
Dropping frame 1403636706.7635555
Dropping frame 1403636706.9135554
Dropping frame 1403636707.0135555
Dropping frame 1403636707.1135554
Dropping frame 1403636707.2135556
Dropping frame 1403636707.4135554
Dropping frame 1403636707.5135555
Dropping frame 1403636707.6135554
Dropping frame 1403636707.7135556
Dropping frame 1403636707.8135555
Dropping frame 1403636707.9135554
Dropping frame 1403636708.0135555
Dropping frame 1403636708.2135556
Dropping frame 1403636708.4135554
Dropping frame 1403636708.5135555
Dropping frame 1403636708.6135554
Dropping frame 1403636708.7135556
Dropping frame 1403636708.8135555
Dropping frame 1403636709.1135554
Dropping frame 1403636709.2135556
Dropping frame 1403636709.4135554
Dropping frame 1403636709.5635555
Dropping frame 1403636709.6635556
Dropping frame 1403636709.7635555
Dropping frame 1403636709.9135554
Dropping frame 1403636710.0635555
Dropping frame 1403636710.1635556
Dropping frame 1403636710.4135554
Dropping frame 1403636710.5135555
Dropping frame 1403636710.6135554
Dropping frame 1403636711.0135555
Dropping frame 1403636711.2135556
Dropping frame 1403636711.4135554
Dropping frame 1403636711.7135556
Dropping frame 1403636711.9135554
Dropping frame 1403636712.0135555
Dropping frame 1403636712.2635555
Dropping frame 1403636712.4635556
Dropping frame 1403636712.6635556
Dropping frame 1403636712.8635557
Dropping frame 1403636713.0135555
Dropping frame 1403636713.2135556
Dropping frame 1403636713.3135555
Dropping frame 1403636713.7635555
Dropping frame 1403636713.9635556
Dropping frame 1403636714.2635555
Dropping frame 1403636714.3635557
Dropping frame 1403636714.5635555
Dropping frame 1403636714.6635556
Dropping frame 1403636714.9135554
Dropping frame 1403636715.0135555
Dropping frame 1403636715.2635555
Dropping frame 1403636715.4635556
Dropping frame 1403636715.6635556
Dropping frame 1403636715.8635557
Dropping frame 1403636716.0135555
Dropping frame 1403636716.2135556
Dropping frame 1403636716.9135554
Dropping frame 1403636717.0135555
Dropping frame 1403636717.5135555
Dropping frame 1403636717.8635557
Dropping frame 1403636718.1135554
Dropping frame 1403636718.2135556
Dropping frame 1403636718.5635555
Dropping frame 1403636718.9135554
Dropping frame 1403636719.0135555
Dropping frame 1403636719.4635556
Dropping frame 1403636719.6635556
Dropping frame 1403636719.8635557
Dropping frame 1403636720.0635555
Dropping frame 1403636720.2635555
Dropping frame 1403636720.8635557
Dropping frame 1403636720.9635556
Dropping frame 1403636721.2635555
Dropping frame 1403636721.3635557
Dropping frame 1403636721.5635555
Dropping frame 1403636721.7635555
Dropping frame 1403636721.9635556
Dropping frame 1403636722.0635555
Dropping frame 1403636722.3135555
Dropping frame 1403636722.4135554
Dropping frame 1403636722.5135555
Dropping frame 1403636722.7135556
Dropping frame 1403636723.1135554
Dropping frame 1403636723.3635557
Dropping frame 1403636723.5635555
Dropping frame 1403636723.9135554
Dropping frame 1403636724.0135555
Dropping frame 1403636724.1135554
Dropping frame 1403636724.3635557
Dropping frame 1403636724.5635555
Dropping frame 1403636724.6635556
Dropping frame 1403636724.9135554
Dropping frame 1403636725.1135554
Dropping frame 1403636725.3135555
Dropping frame 1403636725.5135555
Dropping frame 1403636725.6135554
Dropping frame 1403636725.7135556
Dropping frame 1403636725.9135554
Dropping frame 1403636726.0135555
Dropping frame 1403636726.1135554
Dropping frame 1403636726.3635557
Dropping frame 1403636726.7135556
Dropping frame 1403636726.9135554
Dropping frame 1403636727.1135554
Dropping frame 1403636727.2135556
Dropping frame 1403636727.3135555
Dropping frame 1403636727.5135555
Dropping frame 1403636727.7135556
Dropping frame 1403636727.9135554
Dropping frame 1403636728.0135555
Dropping frame 1403636728.1135554
Dropping frame 1403636728.3135555
Dropping frame 1403636728.5135555
Dropping frame 1403636728.7135556
Dropping frame 1403636728.8135555
Dropping frame 1403636728.9135554
Dropping frame 1403636729.1135554
Dropping frame 1403636729.3135555
Dropping frame 1403636729.4135554
Dropping frame 1403636729.5135555
Dropping frame 1403636729.7135556
Dropping frame 1403636729.9135554
Dropping frame 1403636730.1135554
Dropping frame 1403636730.2135556
Dropping frame 1403636730.3135555
Dropping frame 1403636730.5135555
Dropping frame 1403636730.7135556
Dropping frame 1403636730.9135554
Dropping frame 1403636731.0135555
Dropping frame 1403636731.2635555
Dropping frame 1403636731.4635556
Dropping frame 1403636731.6635556
Dropping frame 1403636731.7635555
Dropping frame 1403636732.1635556
Dropping frame 1403636732.3635557
Dropping frame 1403636732.5635555
Dropping frame 1403636732.7635555
Dropping frame 1403636732.8635557
Dropping frame 1403636733.1135554
Dropping frame 1403636733.3135555
Dropping frame 1403636733.4135554
Dropping frame 1403636733.6635556
Dropping frame 1403636733.8635557
Dropping frame 1403636734.0635555
Dropping frame 1403636734.1635556
Dropping frame 1403636734.4135554
Dropping frame 1403636734.6135554
Dropping frame 1403636734.7635555
Dropping frame 1403636734.9635556
Dropping frame 1403636735.1635556
Dropping frame 1403636735.3635557
Dropping frame 1403636735.5635555
Dropping frame 1403636735.7635555
Dropping frame 1403636735.9635556
Dropping frame 1403636736.0635555
Dropping frame 1403636736.1635556
Dropping frame 1403636736.9635556
Dropping frame 1403636737.0635555
Dropping frame 1403636737.2635555
Dropping frame 1403636737.4635556
Dropping frame 1403636737.6635556
Dropping frame 1403636737.7635555
Dropping frame 1403636737.8635557
Dropping frame 1403636738.0635555
Dropping frame 1403636738.2635555
Dropping frame 1403636738.4635556
Dropping frame 1403636738.6635556
Dropping frame 1403636738.7635555
Dropping frame 1403636738.8635557
Dropping frame 1403636738.9635556
Dropping frame 1403636739.1635556
Dropping frame 1403636739.3635557
Dropping frame 1403636739.5635555
Dropping frame 1403636739.7635555
Dropping frame 1403636739.8635557
Dropping frame 1403636740.0635555
Dropping frame 1403636740.2635555
Dropping frame 1403636740.3635557
Dropping frame 1403636740.5635555
Dropping frame 1403636740.6635556
Dropping frame 1403636740.7635555
Dropping frame 1403636740.9635556
Dropping frame 1403636741.1635556
Dropping frame 1403636741.3635557
Dropping frame 1403636741.4635556
Dropping frame 1403636741.6635556
Dropping frame 1403636741.8635557
Dropping frame 1403636742.0635555
Dropping frame 1403636742.2635555
Dropping frame 1403636742.4635556
Dropping frame 1403636742.5635555
Dropping frame 1403636742.6635556
Dropping frame 1403636742.8635557
Dropping frame 1403636743.0635555
Dropping frame 1403636743.1635556
Dropping frame 1403636743.2635555
Dropping frame 1403636743.3635557
Dropping frame 1403636743.5635555
Dropping frame 1403636743.7635555
Dropping frame 1403636743.8635557
Dropping frame 1403636744.0635555
Dropping frame 1403636744.2635555
Dropping frame 1403636744.4635556
Dropping frame 1403636744.5635555
Dropping frame 1403636744.6635556
Dropping frame 1403636744.7635555
Dropping frame 1403636744.8635557
Dropping frame 1403636744.9635556
Dropping frame 1403636745.1635556
Dropping frame 1403636745.3635557
Dropping frame 1403636745.4635556
Dropping frame 1403636745.5635555
Dropping frame 1403636745.7635555
Dropping frame 1403636745.8635557
Dropping frame 1403636745.9635556
Dropping frame 1403636746.0635555
Dropping frame 1403636746.2135556
Dropping frame 1403636746.4135554
Dropping frame 1403636746.6135554
Dropping frame 1403636746.8135555
Dropping frame 1403636746.9135554
Dropping frame 1403636747.0135555
Dropping frame 1403636747.1135554
Dropping frame 1403636747.2135556
Dropping frame 1403636747.4135554
Dropping frame 1403636747.6135554
Dropping frame 1403636747.8135555
Dropping frame 1403636748.0135555
Dropping frame 1403636748.2635555
Dropping frame 1403636748.3635557
Dropping frame 1403636748.5635555
Dropping frame 1403636748.7635555
Dropping frame 1403636748.8635557
Dropping frame 1403636748.9635556
Dropping frame 1403636749.1635556
Dropping frame 1403636749.2635555
Dropping frame 1403636749.4635556
Dropping frame 1403636749.5635555
Dropping frame 1403636749.6635556
Dropping frame 1403636749.8635557
Dropping frame 1403636750.0635555
Dropping frame 1403636750.2635555
Dropping frame 1403636750.3635557
Dropping frame 1403636750.4635556
Dropping frame 1403636750.5635555
Dropping frame 1403636750.7635555
Dropping frame 1403636750.9635556
Dropping frame 1403636751.0635555
Dropping frame 1403636751.1635556
Dropping frame 1403636751.3635557
Dropping frame 1403636751.5635555
Dropping frame 1403636751.6635556
Dropping frame 1403636751.8635557
Dropping frame 1403636751.9635556
Dropping frame 1403636752.0635555
Dropping frame 1403636752.2635555
Dropping frame 1403636752.4635556
Dropping frame 1403636752.6635556
Dropping frame 1403636752.8635557
Dropping frame 1403636752.9635556
Dropping frame 1403636753.0635555
Dropping frame 1403636753.2635555
Dropping frame 1403636753.4635556
Dropping frame 1403636753.5635555
Dropping frame 1403636753.6635556
Dropping frame 1403636753.8635557
Dropping frame 1403636754.0635555
Dropping frame 1403636754.2635555
Dropping frame 1403636754.3635557
Dropping frame 1403636754.4635556
Dropping frame 1403636754.5635555
Dropping frame 1403636754.6635556
Dropping frame 1403636754.8635557
Dropping frame 1403636754.9635556
Dropping frame 1403636755.0635555
Dropping frame 1403636755.2635555
Dropping frame 1403636755.3635557
Dropping frame 1403636755.4635556
Dropping frame 1403636755.6635556
Dropping frame 1403636755.8635557
Dropping frame 1403636755.9635556
Dropping frame 1403636756.0635555
Dropping frame 1403636756.2635555
Dropping frame 1403636756.3635557
Dropping frame 1403636756.5635555
Dropping frame 1403636756.6635556
Dropping frame 1403636756.7635555
Dropping frame 1403636756.9635556
Dropping frame 1403636757.0635555
Dropping frame 1403636757.2635555
Dropping frame 1403636757.3635557
Dropping frame 1403636757.4635556
Dropping frame 1403636757.6135554
Dropping frame 1403636757.8135555
Dropping frame 1403636757.9135554
Dropping frame 1403636758.0135555
Dropping frame 1403636758.1135554
Dropping frame 1403636758.3135555
Dropping frame 1403636758.4135554
Dropping frame 1403636758.6135554
Dropping frame 1403636758.7135556
Dropping frame 1403636758.9135554
Dropping frame 1403636759.3635557
Dropping frame 1403636759.8635557
Dropping frame 1403636760.0635555
Dropping frame 1403636760.1635556
Dropping frame 1403636760.2635555
Dropping frame 1403636760.4635556
Dropping frame 1403636760.6635556
Dropping frame 1403636760.8635557
Dropping frame 1403636761.0635555
Dropping frame 1403636761.2635555
Dropping frame 1403636761.3635557
Dropping frame 1403636761.4635556
Dropping frame 1403636761.5635555
Dropping frame 1403636761.7635555
Dropping frame 1403636761.9635556
Dropping frame 1403636762.0635555
Dropping frame 1403636762.1635556
Dropping frame 1403636762.3635557
Dropping frame 1403636762.5635555
Dropping frame 1403636762.7635555
Dropping frame 1403636762.8635557
Dropping frame 1403636762.9635556
Dropping frame 1403636763.0635555
Dropping frame 1403636763.1635556
Dropping frame 1403636763.3635557
Dropping frame 1403636763.4635556
Dropping frame 1403636763.7135556
Shutdown
SLAM Finished at System Time: 1742961875.84172

 TIME STATS in ms (mean$\pm$std)
OpenCV version: 4.8.1
---------------------------
Tracking

ORB Extraction: 22.809$\pm$2.1265
Stereo Matching: 7.1715$\pm$2.0449
IMU Preintegration: 0.26133$\pm$0.10948
Pose Prediction: 0.21017$\pm$0.56721
LM Track: 20.758$\pm$6.4738
New KF decision: 1.1822$\pm$2.2037
Total Tracking: 32.143$\pm$29.373



Local Mapping

KF Insertion: 19.14$\pm$7.8692
MP Culling: 0.52316$\pm$0.21888
MP Creation: 51.472$\pm$16.59
LBA: 163.34$\pm$58.436
KF Culling: 18.8$\pm$12.367
Total Local Mapping: 253.21$\pm$85.531
---------------------------

LBA complexity (mean$\pm$std)
LBA Edges: 1905$\pm$789.32
LBA KF optimized: 6.5$\pm$2.2913
LBA KF fixed: 1$\pm$0
LBA MP: nan$\pm$nan

LBA executions: 526
LBA aborts: 0
---------------------------

Map complexity
KFs in map: 130
MPs in map: 9276
---------------------------

Place Recognition (mean$\pm$std)
Database Query: 1.6107$\pm$0.96405
SE3 estimation: 12.908$\pm$17.197
Total Place Recognition: 13.271$\pm$17.544


Loop Closing (mean$\pm$std)
Loop Fusion: nan$\pm$nan
Essential Graph: nan$\pm$nan
Total Loop Closing: nan$\pm$nan

Num exec: 0
Number of KFs: nan$\pm$nan

Map Merging (mean$\pm$std)
Merge Maps: nan$\pm$nan
Welding BA: nan$\pm$nan
Optimization Ess.: nan$\pm$nan
Total Map Merging: nan$\pm$nan

Num exec: 0
Number of KFs: nan$\pm$nan
Number of MPs: nan$\pm$nan

Full GBA (mean$\pm$std)
GBA: nan$\pm$nan
Map Update: nan$\pm$nan
Total Full GBA: nan$\pm$nan

Num exec: 0
Num abort: 0
Number of KFs: nan$\pm$nan
Number of MPs: nan$\pm$nan

Saving trajectory to f_dataset-MH01_stereo_imu.txt ...
There are 1 maps in the atlas
  Map 0 has 130 KFs

End of saving trajectory to f_dataset-MH01_stereo_imu.txt ...

Saving keyframe trajectory to kf_dataset-MH01_stereo_imu.txt ...
