num_seq = 1
file name: dataset-MH01_stereo_imu
Loading images for sequence 0...LOADED!
Loading IMU for sequence 0...LOADED!

-------

ORB-SLAM3 Copyright (C) 2017-2020 Carlos Campos, Richard Elvira, Juan J. Gómez, José M.M. Montiel and Juan D. Tardós, University of Zaragoza.
ORB-SLAM2 Copyright (C) 2014-2016 Raúl Mur-Artal, José M.M. Montiel and Juan D. Tardós, University of Zaragoza.
This program comes with ABSOLUTELY NO WARRANTY;
This is free software, and you are welcome to redistribute it
under certain conditions. See LICENSE.txt.

Built with REGISTER_TIMES
Git Commit Hash: 2d47524

Build Type: Release

Compiled with C++ version: 201703

Input sensor was set to: Stereo-Inertial
Loading settings from EuRoC_fov_deadlines_mask_11x11.yaml
	-Loaded camera 1
	-Loaded camera 2
	-Loaded image info
	-Loaded IMU calibration
	-Loaded ORB settings
	-Loaded viewer settings
	-Loaded Atlas settings
Deadlines enabled, will skip frames!
FOV enabled
Static mask size: 11x11
Dumping map points enabled
	-Loaded misc parameters
	-Computed rectification maps
----------------------------------
SLAM settings: 
	-Camera 1 parameters (Pinhole): [ 458.65399169921875 457.29598999023438 367.21499633789062 248.375 ]
	-Camera 1 distortion parameters: [  -0.28340810537338257 0.073959067463874817 0.00019359000725671649 1.7618711353861727e-05 ]
	-Camera 2 parameters (Pinhole: [ 457.58700561523438 456.13400268554688 379.99899291992188 255.23800659179688 ]
	-Camera 1 distortion parameters: [  -0.2836836576461792 0.074512839317321777 -0.00010473000293131918 -3.555907096597366e-05 ]
	-Original image size: [ 752 , 480 ]
	-Current image size: [ 752 , 480 ]
	-Camera 1 parameters after rectification: [  456.71499633789062 456.71499633789062 364.52615356445312 257.268798828125 ]
	-Sequence FPS: 20
	-Stereo baseline: 0.11007784307003021
	-Stereo depth threshold : 60
	-Gyro noise: 0.00016999999934341758
	-Accelerometer noise: 0.0020000000949949026
	-Gyro walk: 1.9392999092815444e-05
	-Accelerometer walk: 0.0030000000260770321
	-IMU frequency: 200
	-Features per image: 1200
	-ORB scale factor: 1.2000000476837158
	-ORB number of scales: 8
	-Initial FAST threshold: 20
	-Min FAST threshold: 7


Loading ORB Vocabulary. This could take a while...
Vocabulary loaded!

Initialization of Atlas from scratch 
Creation of new map with id: 0
Creation of new map with last KF id: 0
Seq. Name: 
There are 1 cameras in the atlas
Camera 0 is pinhole
SLAM Started at System Time: 1742786228.16911
not IMU meas
not IMU meas
not enough acceleration
not enough acceleration
First KF:0; Map init KF:0
New Map created with 550 points
Active map: 0
Dropping frame 1403636580.0135555
Dropping frame 1403636580.2135556
Dropping frame 1403636580.3135555
Dropping frame 1403636580.5635555
Dropping frame 1403636580.7635555
Dropping frame 1403636581.6135554
Dropping frame 1403636581.8135555
Dropping frame 1403636581.9635556
Dropping frame 1403636582.1135554
Dropping frame 1403636582.2635555
Dropping frame 1403636582.3635557
Dropping frame 1403636582.5635555
Dropping frame 1403636582.8635557
Dropping frame 1403636583.1135554
Dropping frame 1403636583.3635557
Dropping frame 1403636583.6135554
Dropping frame 1403636583.8635557
Dropping frame 1403636584.2135556
Dropping frame 1403636584.5135555
Dropping frame 1403636584.6135554
Dropping frame 1403636584.9135554
Dropping frame 1403636585.0135555
Dropping frame 1403636585.1635556
Dropping frame 1403636585.3635557
Dropping frame 1403636585.4635556
Dropping frame 1403636585.6135554
start VIBA 1
end VIBA 1
Dropping frame 1403636585.8635557
Dropping frame 1403636586.5635555
Dropping frame 1403636586.6635556
Dropping frame 1403636586.8135555
Dropping frame 1403636587.0635555
Dropping frame 1403636587.2635555
Dropping frame 1403636587.4135554
Dropping frame 1403636587.7135556
Dropping frame 1403636587.9135554
Dropping frame 1403636588.0135555
Dropping frame 1403636588.2135556
Dropping frame 1403636588.3135555
Dropping frame 1403636588.4135554
Dropping frame 1403636588.6135554
Dropping frame 1403636588.8135555
Dropping frame 1403636588.9135554
Dropping frame 1403636589.1135554
Dropping frame 1403636589.4635556
Dropping frame 1403636589.6135554
Dropping frame 1403636589.8135555
Dropping frame 1403636589.9135554
Dropping frame 1403636590.2635555
Dropping frame 1403636590.4635556
Dropping frame 1403636590.8635557
Dropping frame 1403636591.0635555
Dropping frame 1403636591.2635555
Dropping frame 1403636591.3635557
Dropping frame 1403636591.6135554
Dropping frame 1403636591.7135556
Dropping frame 1403636591.9135554
Dropping frame 1403636592.4135554
Dropping frame 1403636592.7635555
Dropping frame 1403636592.8635557
Dropping frame 1403636593.1135554
Dropping frame 1403636593.3135555
Dropping frame 1403636593.5135555
Dropping frame 1403636593.6635556
Dropping frame 1403636593.8635557
Dropping frame 1403636593.9635556
Dropping frame 1403636594.0635555
Dropping frame 1403636594.2635555
Dropping frame 1403636594.4635556
Dropping frame 1403636594.5635555
Dropping frame 1403636594.6635556
Dropping frame 1403636594.8635557
Dropping frame 1403636594.9635556
Dropping frame 1403636595.1635556
Dropping frame 1403636595.2635555
start VIBA 2
end VIBA 2
Dropping frame 1403636595.6635556
Dropping frame 1403636595.9635556
Dropping frame 1403636596.2135556
Dropping frame 1403636596.4635556
Dropping frame 1403636596.7635555
Dropping frame 1403636596.9635556
Dropping frame 1403636597.0635555
Dropping frame 1403636597.2635555
Dropping frame 1403636597.3635557
Dropping frame 1403636597.6135554
Dropping frame 1403636597.7135556
Dropping frame 1403636597.8135555
Dropping frame 1403636598.0135555
Dropping frame 1403636598.1635556
Dropping frame 1403636598.5135555
Dropping frame 1403636598.6135554
Dropping frame 1403636598.7135556
Dropping frame 1403636598.8135555
Dropping frame 1403636599.0135555
Dropping frame 1403636599.2135556
Dropping frame 1403636599.3135555
Dropping frame 1403636599.5635555
Dropping frame 1403636599.6635556
Dropping frame 1403636599.7635555
Dropping frame 1403636599.9635556
Dropping frame 1403636600.3135555
Dropping frame 1403636600.4135554
Dropping frame 1403636600.9635556
Dropping frame 1403636601.3135555
Dropping frame 1403636601.6635556
Dropping frame 1403636601.9135554
Dropping frame 1403636602.1635556
Dropping frame 1403636602.4635556
Dropping frame 1403636602.6635556
Dropping frame 1403636602.8635557
Dropping frame 1403636602.9635556
Dropping frame 1403636603.2135556
Dropping frame 1403636603.3135555
Dropping frame 1403636603.7135556
Dropping frame 1403636603.9135554
Dropping frame 1403636604.2135556
Dropping frame 1403636604.4135554
Dropping frame 1403636604.5135555
Dropping frame 1403636604.7635555
Dropping frame 1403636605.2635555
Dropping frame 1403636605.5135555
Dropping frame 1403636605.9135554
Dropping frame 1403636606.2135556
Dropping frame 1403636606.5635555
Dropping frame 1403636606.6635556
Dropping frame 1403636606.7635555
Dropping frame 1403636607.0635555
Dropping frame 1403636607.1635556
Dropping frame 1403636607.4135554
Dropping frame 1403636607.6135554
Dropping frame 1403636607.7135556
Dropping frame 1403636607.9635556
Dropping frame 1403636608.2635555
Dropping frame 1403636608.6635556
Dropping frame 1403636608.9635556
Dropping frame 1403636609.1635556
Dropping frame 1403636609.4135554
Dropping frame 1403636609.6635556
Dropping frame 1403636609.9135554
Dropping frame 1403636610.1135554
Dropping frame 1403636610.3135555
Dropping frame 1403636610.5135555
Dropping frame 1403636610.6635556
Dropping frame 1403636611.2635555
Dropping frame 1403636611.4135554
Dropping frame 1403636611.6635556
Dropping frame 1403636612.0135555
Dropping frame 1403636612.3135555
Dropping frame 1403636613.1135554
Dropping frame 1403636613.5635555
Dropping frame 1403636614.4135554
Dropping frame 1403636615.0635555
Dropping frame 1403636615.5135555
Dropping frame 1403636615.7635555
Dropping frame 1403636616.2135556
Dropping frame 1403636616.3635557
Dropping frame 1403636616.6135554
Dropping frame 1403636616.8635557
Dropping frame 1403636617.1135554
Dropping frame 1403636617.6635556
Dropping frame 1403636618.0135555
Dropping frame 1403636618.4635556
Dropping frame 1403636618.8135555
Dropping frame 1403636619.4135554
Dropping frame 1403636619.7635555
Dropping frame 1403636620.6635556
Dropping frame 1403636620.9135554
Dropping frame 1403636621.2635555
Dropping frame 1403636621.4635556
Dropping frame 1403636621.8635557
Dropping frame 1403636622.1135554
Dropping frame 1403636622.2135556
Dropping frame 1403636622.5635555
Dropping frame 1403636622.9635556
Dropping frame 1403636623.3135555
Dropping frame 1403636623.6635556
Dropping frame 1403636624.1635556
Dropping frame 1403636624.2635555
Dropping frame 1403636624.3635557
Dropping frame 1403636624.6635556
Dropping frame 1403636624.9635556
Dropping frame 1403636625.1135554
Dropping frame 1403636625.4135554
Dropping frame 1403636625.7135556
Dropping frame 1403636626.3135555
Dropping frame 1403636626.6135554
Dropping frame 1403636626.9635556
Dropping frame 1403636627.1635556
Dropping frame 1403636627.2635555
Dropping frame 1403636627.4135554
Dropping frame 1403636627.7635555
Dropping frame 1403636628.0635555
Dropping frame 1403636628.5635555
Dropping frame 1403636628.7135556
Dropping frame 1403636629.1135554
Dropping frame 1403636629.4635556
Dropping frame 1403636630.0135555
Dropping frame 1403636630.4135554
Dropping frame 1403636630.6635556
Dropping frame 1403636631.0635555
Dropping frame 1403636631.5635555
Dropping frame 1403636631.7635555
Dropping frame 1403636632.4635556
Dropping frame 1403636632.9635556
Dropping frame 1403636633.4135554
Dropping frame 1403636633.7635555
Dropping frame 1403636634.0635555
Dropping frame 1403636634.3135555
Dropping frame 1403636634.5635555
Dropping frame 1403636634.9635556
Dropping frame 1403636635.2635555
Dropping frame 1403636635.7635555
Dropping frame 1403636635.9635556
Dropping frame 1403636636.3135555
Dropping frame 1403636636.5635555
Dropping frame 1403636637.0135555
Dropping frame 1403636637.2135556
Dropping frame 1403636637.8135555
Dropping frame 1403636637.9135554
Dropping frame 1403636638.5635555
Dropping frame 1403636639.0635555
Dropping frame 1403636639.8635557
Dropping frame 1403636640.1135554
Dropping frame 1403636640.2635555
Dropping frame 1403636640.5135555
Dropping frame 1403636640.9135554
Dropping frame 1403636641.0135555
Dropping frame 1403636641.4135554
Dropping frame 1403636641.7635555
Dropping frame 1403636641.9135554
Dropping frame 1403636642.3135555
Dropping frame 1403636642.4135554
Dropping frame 1403636642.8635557
Dropping frame 1403636643.7135556
Dropping frame 1403636644.1635556
Dropping frame 1403636644.3635557
Dropping frame 1403636644.8135555
Dropping frame 1403636645.0135555
Dropping frame 1403636645.2635555
Dropping frame 1403636645.7135556
Dropping frame 1403636646.7635555
Dropping frame 1403636647.0635555
Dropping frame 1403636647.4135554
Dropping frame 1403636647.7635555
Dropping frame 1403636647.8635557
Dropping frame 1403636648.0135555
Dropping frame 1403636648.2135556
Dropping frame 1403636648.3135555
Dropping frame 1403636648.4135554
Dropping frame 1403636648.7635555
Dropping frame 1403636648.8635557
Dropping frame 1403636648.9635556
Dropping frame 1403636649.1635556
Dropping frame 1403636649.6135554
Dropping frame 1403636649.8635557
Dropping frame 1403636650.1135554
Dropping frame 1403636650.4635556
Dropping frame 1403636650.5635555
Dropping frame 1403636650.6635556
Dropping frame 1403636650.8635557
Dropping frame 1403636651.0135555
Dropping frame 1403636651.1135554
Dropping frame 1403636651.3135555
Dropping frame 1403636651.5635555
Dropping frame 1403636651.6635556
Dropping frame 1403636651.7635555
Dropping frame 1403636651.8635557
Dropping frame 1403636651.9635556
Dropping frame 1403636652.1135554
Dropping frame 1403636652.3135555
Dropping frame 1403636652.4135554
Dropping frame 1403636652.8135555
Dropping frame 1403636652.9135554
Dropping frame 1403636653.0135555
Dropping frame 1403636653.2135556
Dropping frame 1403636653.4635556
Dropping frame 1403636654.5135555
Dropping frame 1403636654.6135554
Dropping frame 1403636654.7635555
Dropping frame 1403636654.8635557
Dropping frame 1403636655.0635555
Dropping frame 1403636655.1635556
Dropping frame 1403636655.2635555
Dropping frame 1403636655.4635556
Dropping frame 1403636655.5635555
Dropping frame 1403636655.8635557
Dropping frame 1403636655.9635556
Dropping frame 1403636656.2135556
Dropping frame 1403636656.3135555
Dropping frame 1403636656.4135554
Dropping frame 1403636656.5135555
Dropping frame 1403636656.6135554
Dropping frame 1403636656.7135556
Dropping frame 1403636656.8135555
Dropping frame 1403636656.9135554
Dropping frame 1403636657.0135555
Dropping frame 1403636657.1635556
Dropping frame 1403636657.3135555
Dropping frame 1403636657.5135555
Dropping frame 1403636657.6135554
Dropping frame 1403636657.7135556
Dropping frame 1403636657.8135555
Dropping frame 1403636658.0635555
Dropping frame 1403636658.3135555
Dropping frame 1403636658.4135554
Dropping frame 1403636658.5135555
Dropping frame 1403636658.6135554
Dropping frame 1403636658.7135556
Dropping frame 1403636658.8135555
Dropping frame 1403636658.9135554
Dropping frame 1403636659.1635556
Dropping frame 1403636659.2635555
Dropping frame 1403636659.3635557
Dropping frame 1403636659.4635556
Dropping frame 1403636659.5635555
Dropping frame 1403636659.6635556
Dropping frame 1403636659.8635557
Dropping frame 1403636659.9635556
Dropping frame 1403636660.0635555
Dropping frame 1403636660.1635556
Dropping frame 1403636660.2635555
Dropping frame 1403636660.4635556
Dropping frame 1403636660.5635555
Dropping frame 1403636660.7135556
Dropping frame 1403636660.9135554
Dropping frame 1403636661.0135555
Dropping frame 1403636661.1135554
Dropping frame 1403636661.4135554
Dropping frame 1403636661.5135555
Dropping frame 1403636661.6135554
Dropping frame 1403636661.9635556
Dropping frame 1403636662.0635555
Dropping frame 1403636662.1635556
Dropping frame 1403636662.5135555
Dropping frame 1403636662.6135554
Dropping frame 1403636662.7135556
Dropping frame 1403636662.9635556
Dropping frame 1403636663.2135556
Dropping frame 1403636663.3135555
Dropping frame 1403636663.4135554
Dropping frame 1403636663.6135554
Dropping frame 1403636663.7135556
Dropping frame 1403636663.8135555
Dropping frame 1403636664.0135555
Dropping frame 1403636664.2635555
Dropping frame 1403636664.4135554
Dropping frame 1403636664.6135554
Dropping frame 1403636664.7135556
Dropping frame 1403636664.9635556
Dropping frame 1403636665.1135554
Dropping frame 1403636665.3135555
Dropping frame 1403636665.4135554
Dropping frame 1403636665.5135555
Dropping frame 1403636665.7135556
Dropping frame 1403636665.8135555
Dropping frame 1403636666.1135554
Dropping frame 1403636666.2135556
Dropping frame 1403636666.5635555
Dropping frame 1403636666.7635555
Dropping frame 1403636666.8635557
Dropping frame 1403636666.9635556
Dropping frame 1403636667.1135554
Dropping frame 1403636667.9635556
Dropping frame 1403636668.2635555
Dropping frame 1403636668.6135554
Dropping frame 1403636668.9135554
Dropping frame 1403636669.2635555
Dropping frame 1403636669.3635557
Dropping frame 1403636669.4635556
Dropping frame 1403636669.7135556
Dropping frame 1403636669.8135555
Dropping frame 1403636670.0135555
Dropping frame 1403636670.1135554
Dropping frame 1403636670.2135556
Dropping frame 1403636670.3135555
Dropping frame 1403636670.5135555
Dropping frame 1403636670.6135554
Dropping frame 1403636670.7135556
Dropping frame 1403636670.8135555
Dropping frame 1403636670.9135554
Dropping frame 1403636671.0135555
Dropping frame 1403636671.1135554
Dropping frame 1403636671.3135555
Dropping frame 1403636671.5135555
Dropping frame 1403636671.6135554
Dropping frame 1403636671.8135555
Dropping frame 1403636671.9135554
Dropping frame 1403636672.0135555
Dropping frame 1403636672.2135556
Dropping frame 1403636672.3135555
Dropping frame 1403636672.4135554
Dropping frame 1403636672.5135555
Dropping frame 1403636672.6635556
Dropping frame 1403636672.8635557
Dropping frame 1403636672.9635556
Dropping frame 1403636673.1635556
Dropping frame 1403636673.2635555
Dropping frame 1403636673.3635557
Dropping frame 1403636673.4635556
Dropping frame 1403636673.5635555
Dropping frame 1403636673.8635557
Dropping frame 1403636674.0635555
Dropping frame 1403636674.1635556
Dropping frame 1403636674.3635557
Dropping frame 1403636674.4635556
Dropping frame 1403636674.5635555
Dropping frame 1403636674.6635556
Dropping frame 1403636674.8635557
Dropping frame 1403636674.9635556
Dropping frame 1403636675.0635555
Dropping frame 1403636675.1635556
Dropping frame 1403636675.2635555
Dropping frame 1403636675.3635557
Dropping frame 1403636675.5135555
Dropping frame 1403636675.6135554
Dropping frame 1403636675.7135556
Dropping frame 1403636675.8135555
Dropping frame 1403636675.9135554
Dropping frame 1403636676.0135555
Dropping frame 1403636676.1135554
Dropping frame 1403636676.2135556
Dropping frame 1403636676.3135555
Dropping frame 1403636676.5135555
Dropping frame 1403636676.6135554
Dropping frame 1403636676.7135556
Dropping frame 1403636676.8135555
Dropping frame 1403636676.9135554
Dropping frame 1403636677.0135555
Dropping frame 1403636677.3135555
Dropping frame 1403636677.4135554
Dropping frame 1403636677.5135555
Dropping frame 1403636677.7135556
Dropping frame 1403636677.8135555
Dropping frame 1403636677.9635556
Dropping frame 1403636678.3635557
Dropping frame 1403636678.4635556
Dropping frame 1403636678.5635555
Dropping frame 1403636678.7635555
Dropping frame 1403636678.9135554
Dropping frame 1403636679.0135555
Dropping frame 1403636679.2135556
Dropping frame 1403636679.3135555
Dropping frame 1403636679.5135555
Dropping frame 1403636679.6135554
Dropping frame 1403636679.7135556
Dropping frame 1403636679.8135555
Dropping frame 1403636680.0135555
Dropping frame 1403636680.1135554
Dropping frame 1403636680.2135556
Dropping frame 1403636680.3135555
Dropping frame 1403636680.4135554
Dropping frame 1403636680.7135556
Dropping frame 1403636681.0135555
Dropping frame 1403636681.3135555
Dropping frame 1403636681.5135555
Dropping frame 1403636681.6135554
Dropping frame 1403636681.8135555
Dropping frame 1403636682.0135555
Dropping frame 1403636682.2635555
Dropping frame 1403636682.3635557
Dropping frame 1403636682.5635555
Dropping frame 1403636683.0135555
Dropping frame 1403636683.2135556
Dropping frame 1403636683.4635556
Dropping frame 1403636683.5635555
Dropping frame 1403636683.6635556
Dropping frame 1403636683.8635557
Dropping frame 1403636684.0635555
Dropping frame 1403636684.2635555
Dropping frame 1403636684.3635557
Dropping frame 1403636684.4635556
Dropping frame 1403636684.6135554
Dropping frame 1403636684.7135556
Dropping frame 1403636684.9135554
Dropping frame 1403636685.1135554
Dropping frame 1403636685.3135555
Dropping frame 1403636685.4135554
Dropping frame 1403636685.5135555
Dropping frame 1403636685.7135556
Dropping frame 1403636685.8135555
Dropping frame 1403636685.9135554
Dropping frame 1403636686.0635555
Dropping frame 1403636686.1635556
Dropping frame 1403636686.2635555
Dropping frame 1403636686.3635557
Dropping frame 1403636686.5635555
Dropping frame 1403636686.6635556
Dropping frame 1403636686.7635555
Dropping frame 1403636686.8635557
Dropping frame 1403636687.0635555
Dropping frame 1403636687.1635556
Dropping frame 1403636687.2635555
Dropping frame 1403636687.3635557
Dropping frame 1403636687.5635555
Dropping frame 1403636687.6635556
Dropping frame 1403636687.7635555
Dropping frame 1403636687.8635557
Dropping frame 1403636688.0135555
Dropping frame 1403636688.2135556
Dropping frame 1403636688.4135554
Dropping frame 1403636688.6135554
Dropping frame 1403636688.7135556
Dropping frame 1403636688.8135555
Dropping frame 1403636689.0135555
Dropping frame 1403636689.1135554
Dropping frame 1403636689.3135555
Dropping frame 1403636689.5135555
Dropping frame 1403636689.6135554
Dropping frame 1403636689.7135556
Dropping frame 1403636689.9135554
Dropping frame 1403636690.0135555
Dropping frame 1403636690.1135554
Dropping frame 1403636690.3635557
Dropping frame 1403636690.5635555
Dropping frame 1403636690.7635555
Dropping frame 1403636690.9635556
Dropping frame 1403636691.1635556
Dropping frame 1403636691.2635555
Dropping frame 1403636691.4635556
Dropping frame 1403636691.7635555
Dropping frame 1403636691.9635556
Dropping frame 1403636692.0635555
Dropping frame 1403636692.2135556
Dropping frame 1403636692.5635555
Dropping frame 1403636692.7635555
Dropping frame 1403636692.9635556
Dropping frame 1403636693.0635555
Dropping frame 1403636693.3635557
Dropping frame 1403636693.4635556
Dropping frame 1403636693.5635555
Dropping frame 1403636693.7635555
Dropping frame 1403636693.9135554
Dropping frame 1403636694.1135554
Dropping frame 1403636694.2135556
Dropping frame 1403636694.6135554
Dropping frame 1403636694.7135556
Dropping frame 1403636694.9635556
Dropping frame 1403636695.3635557
Dropping frame 1403636695.4635556
Dropping frame 1403636695.6635556
Dropping frame 1403636695.8635557
Dropping frame 1403636695.9635556
Dropping frame 1403636696.2135556
Dropping frame 1403636696.4135554
Dropping frame 1403636696.6135554
Dropping frame 1403636696.7135556
Dropping frame 1403636696.9635556
Dropping frame 1403636697.6635556
Dropping frame 1403636698.0135555
Dropping frame 1403636698.3635557
Dropping frame 1403636698.5635555
Dropping frame 1403636698.7635555
Dropping frame 1403636698.9635556
Dropping frame 1403636699.1635556
Dropping frame 1403636699.3635557
Dropping frame 1403636699.5635555
Dropping frame 1403636699.6635556
Dropping frame 1403636699.8635557
Dropping frame 1403636699.9635556
Dropping frame 1403636700.1635556
Dropping frame 1403636700.2635555
Dropping frame 1403636700.8135555
Dropping frame 1403636701.7635555
Dropping frame 1403636702.2635555
Dropping frame 1403636703.0635555
Dropping frame 1403636703.5635555
Dropping frame 1403636704.0135555
Dropping frame 1403636704.3635557
Dropping frame 1403636704.5635555
Dropping frame 1403636705.0135555
Dropping frame 1403636705.4135554
Dropping frame 1403636705.7135556
Dropping frame 1403636705.9135554
Dropping frame 1403636706.6135554
Dropping frame 1403636706.8135555
Dropping frame 1403636706.9135554
Dropping frame 1403636707.1635556
Dropping frame 1403636707.3635557
Dropping frame 1403636707.5635555
Dropping frame 1403636707.7635555
Dropping frame 1403636708.0635555
Dropping frame 1403636708.2635555
Dropping frame 1403636708.4635556
Dropping frame 1403636708.6635556
Dropping frame 1403636709.0135555
Dropping frame 1403636709.3635557
Dropping frame 1403636709.5635555
Dropping frame 1403636710.0135555
Dropping frame 1403636710.2135556
Dropping frame 1403636710.6635556
Dropping frame 1403636711.0135555
Dropping frame 1403636711.1135554
Dropping frame 1403636711.7135556
Dropping frame 1403636712.0635555
Dropping frame 1403636712.3135555
Dropping frame 1403636712.6135554
Dropping frame 1403636712.9635556
Dropping frame 1403636713.1135554
Dropping frame 1403636713.3135555
Dropping frame 1403636713.5135555
Dropping frame 1403636713.6635556
Dropping frame 1403636713.9635556
Dropping frame 1403636714.1635556
Dropping frame 1403636714.3135555
Dropping frame 1403636714.6635556
Dropping frame 1403636714.9635556
Dropping frame 1403636715.1635556
Dropping frame 1403636715.3635557
Dropping frame 1403636715.4635556
Dropping frame 1403636715.6635556
Dropping frame 1403636715.7635555
Dropping frame 1403636716.0135555
Dropping frame 1403636716.3135555
Dropping frame 1403636716.5135555
Dropping frame 1403636716.6135554
Dropping frame 1403636716.7135556
Dropping frame 1403636716.9135554
Dropping frame 1403636717.0135555
Dropping frame 1403636717.1135554
Dropping frame 1403636717.2135556
Dropping frame 1403636717.4635556
Dropping frame 1403636717.6135554
Dropping frame 1403636717.7135556
Dropping frame 1403636718.2135556
Dropping frame 1403636718.4135554
Dropping frame 1403636718.5635555
Dropping frame 1403636718.6635556
Dropping frame 1403636718.9635556
Dropping frame 1403636719.3635557
Dropping frame 1403636719.4635556
Dropping frame 1403636719.8635557
Dropping frame 1403636719.9635556
Dropping frame 1403636720.2135556
Dropping frame 1403636720.4135554
Dropping frame 1403636720.6135554
Dropping frame 1403636720.8135555
Dropping frame 1403636720.9135554
Dropping frame 1403636721.1635556
Dropping frame 1403636721.3635557
Dropping frame 1403636721.5635555
Dropping frame 1403636721.7635555
Dropping frame 1403636721.9635556
Dropping frame 1403636722.1635556
Dropping frame 1403636722.3635557
Dropping frame 1403636722.4635556
Dropping frame 1403636722.5635555
Dropping frame 1403636722.7635555
Dropping frame 1403636722.8635557
Dropping frame 1403636722.9635556
Dropping frame 1403636723.1635556
Dropping frame 1403636723.3635557
Dropping frame 1403636723.4635556
Dropping frame 1403636723.5635555
Dropping frame 1403636723.7635555
Dropping frame 1403636723.9635556
Dropping frame 1403636724.1635556
Dropping frame 1403636724.2635555
Dropping frame 1403636724.3635557
Dropping frame 1403636724.5635555
Dropping frame 1403636724.7635555
Dropping frame 1403636724.9635556
Dropping frame 1403636725.1635556
Dropping frame 1403636725.2635555
Dropping frame 1403636725.4635556
Dropping frame 1403636725.5635555
Dropping frame 1403636725.6635556
Dropping frame 1403636725.8635557
Dropping frame 1403636726.0635555
Dropping frame 1403636726.1635556
Dropping frame 1403636726.2635555
Dropping frame 1403636726.4635556
Dropping frame 1403636726.6635556
Dropping frame 1403636726.8635557
Dropping frame 1403636727.0635555
Dropping frame 1403636727.2635555
Dropping frame 1403636727.3635557
Dropping frame 1403636727.4635556
Dropping frame 1403636727.5635555
Dropping frame 1403636727.6635556
Dropping frame 1403636727.8635557
Dropping frame 1403636727.9635556
Dropping frame 1403636728.0635555
Dropping frame 1403636728.2635555
Dropping frame 1403636728.4635556
Dropping frame 1403636728.5635555
Dropping frame 1403636728.6635556
Dropping frame 1403636728.8635557
Dropping frame 1403636729.0635555
Dropping frame 1403636729.2635555
Dropping frame 1403636729.4635556
Dropping frame 1403636729.5635555
Dropping frame 1403636729.6635556
Dropping frame 1403636729.8635557
Dropping frame 1403636730.0635555
Dropping frame 1403636730.2635555
Dropping frame 1403636730.4635556
Dropping frame 1403636730.6635556
Dropping frame 1403636730.8635557
Dropping frame 1403636730.9635556
Dropping frame 1403636731.1635556
Dropping frame 1403636731.3635557
Dropping frame 1403636731.5635555
Dropping frame 1403636731.7635555
Dropping frame 1403636731.9635556
Dropping frame 1403636732.1635556
Dropping frame 1403636732.3635557
Dropping frame 1403636732.5635555
Dropping frame 1403636732.7635555
Dropping frame 1403636732.8635557
Dropping frame 1403636732.9635556
Dropping frame 1403636733.1635556
Dropping frame 1403636733.3635557
Dropping frame 1403636733.5635555
Dropping frame 1403636733.7635555
Dropping frame 1403636733.9635556
Dropping frame 1403636734.1635556
Dropping frame 1403636734.2635555
Dropping frame 1403636734.3635557
Dropping frame 1403636734.4635556
Dropping frame 1403636734.5635555
Dropping frame 1403636734.7635555
Dropping frame 1403636734.9635556
Dropping frame 1403636735.1635556
Dropping frame 1403636735.2635555
Dropping frame 1403636735.3635557
Dropping frame 1403636735.7635555
Dropping frame 1403636735.9635556
Dropping frame 1403636736.0635555
Dropping frame 1403636736.1635556
Dropping frame 1403636736.2635555
Dropping frame 1403636736.3635557
Dropping frame 1403636736.4635556
Dropping frame 1403636736.5635555
Dropping frame 1403636736.7635555
Dropping frame 1403636736.9635556
Dropping frame 1403636737.1635556
Dropping frame 1403636737.2635555
Dropping frame 1403636737.3635557
Dropping frame 1403636737.5635555
Dropping frame 1403636737.6635556
Dropping frame 1403636737.8635557
Dropping frame 1403636738.0635555
Dropping frame 1403636738.1635556
Dropping frame 1403636738.2635555
Dropping frame 1403636738.4635556
Dropping frame 1403636738.6635556
Dropping frame 1403636738.7635555
Dropping frame 1403636738.8635557
Dropping frame 1403636739.0635555
Dropping frame 1403636739.2635555
Dropping frame 1403636739.4635556
Dropping frame 1403636739.6635556
Dropping frame 1403636739.7635555
Dropping frame 1403636739.8635557
Dropping frame 1403636740.0635555
Dropping frame 1403636740.2635555
Dropping frame 1403636740.4635556
Dropping frame 1403636740.6635556
Dropping frame 1403636740.8635557
Dropping frame 1403636740.9635556
Dropping frame 1403636741.0635555
Dropping frame 1403636741.1635556
Dropping frame 1403636741.2635555
Dropping frame 1403636741.4635556
Dropping frame 1403636741.5635555
Dropping frame 1403636741.6635556
Dropping frame 1403636741.8135555
Dropping frame 1403636742.0135555
Dropping frame 1403636742.1135554
Dropping frame 1403636742.2135556
Dropping frame 1403636742.3135555
Dropping frame 1403636742.5635555
Dropping frame 1403636742.8635557
Dropping frame 1403636743.0635555
Dropping frame 1403636743.1635556
Dropping frame 1403636743.4135554
Dropping frame 1403636743.5135555
Dropping frame 1403636743.6135554
Dropping frame 1403636743.8135555
Dropping frame 1403636743.9635556
Dropping frame 1403636744.0635555
Dropping frame 1403636744.2635555
Dropping frame 1403636744.4635556
Dropping frame 1403636744.5635555
Dropping frame 1403636744.8135555
Dropping frame 1403636744.9135554
Dropping frame 1403636745.0635555
Dropping frame 1403636745.1635556
Dropping frame 1403636745.5635555
Dropping frame 1403636745.6635556
Dropping frame 1403636745.9135554
Dropping frame 1403636746.0135555
Dropping frame 1403636746.1135554
Dropping frame 1403636746.3135555
Dropping frame 1403636746.5135555
Dropping frame 1403636746.7135556
Dropping frame 1403636746.8135555
Dropping frame 1403636746.9135554
Dropping frame 1403636747.1135554
Dropping frame 1403636747.2135556
Dropping frame 1403636747.3135555
Dropping frame 1403636747.5135555
Dropping frame 1403636747.6135554
Dropping frame 1403636747.7135556
Dropping frame 1403636747.9135554
Dropping frame 1403636748.1135554
Dropping frame 1403636748.3135555
Dropping frame 1403636748.4135554
Dropping frame 1403636748.6135554
Dropping frame 1403636748.8135555
Dropping frame 1403636748.9135554
Dropping frame 1403636749.0135555
Dropping frame 1403636749.2135556
Dropping frame 1403636749.3135555
Dropping frame 1403636749.4135554
Dropping frame 1403636749.6135554
Dropping frame 1403636749.7135556
Dropping frame 1403636749.8135555
Dropping frame 1403636750.0135555
Dropping frame 1403636750.2135556
Dropping frame 1403636750.4135554
Dropping frame 1403636750.5135555
Dropping frame 1403636750.6135554
Dropping frame 1403636750.8135555
Dropping frame 1403636751.0135555
Dropping frame 1403636751.2135556
Dropping frame 1403636751.3135555
Dropping frame 1403636751.5135555
Dropping frame 1403636751.7135556
Dropping frame 1403636751.9135554
Dropping frame 1403636752.1135554
Dropping frame 1403636752.2135556
Dropping frame 1403636752.3135555
Dropping frame 1403636752.5135555
Dropping frame 1403636752.7135556
Dropping frame 1403636752.9135554
Dropping frame 1403636753.1135554
Dropping frame 1403636753.2135556
Dropping frame 1403636753.3135555
Dropping frame 1403636753.5135555
Dropping frame 1403636753.7135556
Dropping frame 1403636753.9135554
Dropping frame 1403636754.1135554
Dropping frame 1403636754.2135556
Dropping frame 1403636754.3135555
Dropping frame 1403636754.5135555
Dropping frame 1403636754.7135556
Dropping frame 1403636754.9135554
Dropping frame 1403636755.1135554
Dropping frame 1403636755.2135556
Dropping frame 1403636755.4135554
Dropping frame 1403636755.5135555
Dropping frame 1403636755.7635555
Dropping frame 1403636755.8635557
Dropping frame 1403636755.9635556
Dropping frame 1403636756.1635556
Dropping frame 1403636756.2635555
Dropping frame 1403636756.3635557
Dropping frame 1403636756.7135556
Dropping frame 1403636757.1635556
Dropping frame 1403636757.4635556
Dropping frame 1403636757.6635556
Dropping frame 1403636757.7635555
Dropping frame 1403636758.0135555
Dropping frame 1403636758.2135556
Dropping frame 1403636758.4135554
Dropping frame 1403636758.5135555
Dropping frame 1403636758.6135554
Dropping frame 1403636758.8135555
Dropping frame 1403636759.0135555
Dropping frame 1403636759.2135556
Dropping frame 1403636759.3135555
Dropping frame 1403636759.4135554
Dropping frame 1403636759.5135555
Dropping frame 1403636759.7135556
Dropping frame 1403636759.8135555
Dropping frame 1403636759.9135554
Dropping frame 1403636760.1135554
Dropping frame 1403636760.2135556
Dropping frame 1403636760.3135555
Dropping frame 1403636760.5135555
Dropping frame 1403636760.6135554
Dropping frame 1403636760.8635557
Dropping frame 1403636760.9635556
Dropping frame 1403636761.0635555
Dropping frame 1403636761.2635555
Dropping frame 1403636761.4635556
Dropping frame 1403636761.7635555
Dropping frame 1403636761.8635557
Dropping frame 1403636761.9635556
Dropping frame 1403636762.0635555
Dropping frame 1403636762.3635557
Dropping frame 1403636762.4635556
Dropping frame 1403636762.6635556
Dropping frame 1403636762.8635557
Dropping frame 1403636762.9635556
Dropping frame 1403636763.1635556
Dropping frame 1403636763.2635555
Dropping frame 1403636763.3635557
Dropping frame 1403636763.4635556
Dropping frame 1403636763.7635555
Shutdown
SLAM Finished at System Time: 1742786456.19728

 TIME STATS in ms (mean$\pm$std)
OpenCV version: 4.8.1
---------------------------
Tracking

ORB Extraction: 20.479$\pm$1.9113
Stereo Matching: 7.261$\pm$1.9118
IMU Preintegration: 0.25743$\pm$0.10569
Pose Prediction: 0.21257$\pm$0.58986
LM Track: 20.378$\pm$6.0549
New KF decision: 1.0913$\pm$2.0793
Total Tracking: 33.272$\pm$27.581



Local Mapping

KF Insertion: 18.941$\pm$8.107
MP Culling: 0.52441$\pm$0.20801
MP Creation: 51.678$\pm$17.569
LBA: 165.2$\pm$57.72
KF Culling: 18.325$\pm$11.558
Total Local Mapping: 254.55$\pm$84.965
---------------------------

LBA complexity (mean$\pm$std)
LBA Edges: 1932$\pm$750.42
LBA KF optimized: 6.5$\pm$2.2913
LBA KF fixed: 1$\pm$0
LBA MP: nan$\pm$nan

LBA executions: 519
LBA aborts: 0
---------------------------

Map complexity
KFs in map: 135
MPs in map: 9979
---------------------------

Place Recognition (mean$\pm$std)
Database Query: 1.6268$\pm$0.99213
SE3 estimation: 14.673$\pm$18.83
Total Place Recognition: 14.835$\pm$19.141


Loop Closing (mean$\pm$std)
Loop Fusion: nan$\pm$nan
Essential Graph: nan$\pm$nan
Total Loop Closing: nan$\pm$nan

Num exec: 0
Number of KFs: nan$\pm$nan

Map Merging (mean$\pm$std)
Merge Maps: nan$\pm$nan
Welding BA: nan$\pm$nan
Optimization Ess.: nan$\pm$nan
Total Map Merging: nan$\pm$nan

Num exec: 0
Number of KFs: nan$\pm$nan
Number of MPs: nan$\pm$nan

Full GBA (mean$\pm$std)
GBA: nan$\pm$nan
Map Update: nan$\pm$nan
Total Full GBA: nan$\pm$nan

Num exec: 0
Num abort: 0
Number of KFs: nan$\pm$nan
Number of MPs: nan$\pm$nan

Saving trajectory to f_dataset-MH01_stereo_imu.txt ...
There are 1 maps in the atlas
  Map 0 has 135 KFs

End of saving trajectory to f_dataset-MH01_stereo_imu.txt ...

Saving keyframe trajectory to kf_dataset-MH01_stereo_imu.txt ...
