num_seq = 1
file name: dataset-MH01_stereo_imu
Loading images for sequence 0...LOADED!
Loading IMU for sequence 0...LOADED!

-------

ORB-SLAM3 Copyright (C) 2017-2020 Carlos Campos, Richard Elvira, Juan J. Gómez, José M.M. Montiel and Juan D. Tardós, University of Zaragoza.
ORB-SLAM2 Copyright (C) 2014-2016 Raúl Mur-Artal, José M.M. Montiel and Juan D. Tardós, University of Zaragoza.
This program comes with ABSOLUTELY NO WARRANTY;
This is free software, and you are welcome to redistribute it
under certain conditions. See LICENSE.txt.

Built with REGISTER_TIMES
Git Commit Hash: 2d47524

Build Type: Release

Compiled with C++ version: 201703

Input sensor was set to: Stereo-Inertial
Loading settings from EuRoC_fov_deadlines_mask_4x4.yaml
	-Loaded camera 1
	-Loaded camera 2
	-Loaded image info
	-Loaded IMU calibration
	-Loaded ORB settings
	-Loaded viewer settings
	-Loaded Atlas settings
Deadlines enabled, will skip frames!
FOV enabled
Static mask size: 4x4
Dumping map points enabled
	-Loaded misc parameters
	-Computed rectification maps
----------------------------------
SLAM settings: 
	-Camera 1 parameters (Pinhole): [ 458.65399169921875 457.29598999023438 367.21499633789062 248.375 ]
	-Camera 1 distortion parameters: [  -0.28340810537338257 0.073959067463874817 0.00019359000725671649 1.7618711353861727e-05 ]
	-Camera 2 parameters (Pinhole: [ 457.58700561523438 456.13400268554688 379.99899291992188 255.23800659179688 ]
	-Camera 1 distortion parameters: [  -0.2836836576461792 0.074512839317321777 -0.00010473000293131918 -3.555907096597366e-05 ]
	-Original image size: [ 752 , 480 ]
	-Current image size: [ 752 , 480 ]
	-Camera 1 parameters after rectification: [  456.71499633789062 456.71499633789062 364.52615356445312 257.268798828125 ]
	-Sequence FPS: 20
	-Stereo baseline: 0.11007784307003021
	-Stereo depth threshold : 60
	-Gyro noise: 0.00016999999934341758
	-Accelerometer noise: 0.0020000000949949026
	-Gyro walk: 1.9392999092815444e-05
	-Accelerometer walk: 0.0030000000260770321
	-IMU frequency: 200
	-Features per image: 1200
	-ORB scale factor: 1.2000000476837158
	-ORB number of scales: 8
	-Initial FAST threshold: 20
	-Min FAST threshold: 7


Loading ORB Vocabulary. This could take a while...
Vocabulary loaded!

Initialization of Atlas from scratch 
Creation of new map with id: 0
Creation of new map with last KF id: 0
Seq. Name: 
There are 1 cameras in the atlas
Camera 0 is pinhole
SLAM Started at System Time: 1743105687.93334
not IMU meas
not IMU meas
not enough acceleration
not enough acceleration
First KF:0; Map init KF:0
New Map created with 570 points
Active map: 0
Dropping frame 1403636580.0135555
Dropping frame 1403636581.1135554
Dropping frame 1403636581.4635556
Dropping frame 1403636581.8635557
Dropping frame 1403636583.2135556
Dropping frame 1403636583.5635555
Dropping frame 1403636583.8635557
Dropping frame 1403636584.1135554
Dropping frame 1403636584.3635557
start VIBA 1
end VIBA 1
Dropping frame 1403636585.4635556
Dropping frame 1403636585.6135554
Dropping frame 1403636585.8135555
Dropping frame 1403636585.9135554
Dropping frame 1403636586.1635556
Dropping frame 1403636586.5635555
Dropping frame 1403636587.0135555
Dropping frame 1403636587.3135555
Dropping frame 1403636587.5635555
Dropping frame 1403636588.3135555
Dropping frame 1403636588.8635557
Dropping frame 1403636588.9635556
Dropping frame 1403636589.3635557
Dropping frame 1403636589.6635556
Dropping frame 1403636591.2635555
Dropping frame 1403636591.5135555
Dropping frame 1403636592.1635556
Dropping frame 1403636594.1635556
Dropping frame 1403636594.3135555
Dropping frame 1403636594.9635556
Dropping frame 1403636595.1135554
start VIBA 2
end VIBA 2
Dropping frame 1403636597.1135554
Dropping frame 1403636629.0135555
Dropping frame 1403636629.5635555
Dropping frame 1403636630.1135554
Dropping frame 1403636630.6635556
Dropping frame 1403636630.9135554
Dropping frame 1403636631.3135555
Dropping frame 1403636632.3135555
Dropping frame 1403636632.4135554
Dropping frame 1403636632.7635555
Dropping frame 1403636633.3635557
Dropping frame 1403636634.7135556
Dropping frame 1403636635.3635557
Dropping frame 1403636635.9135554
Dropping frame 1403636636.2635555
Dropping frame 1403636636.3635557
Dropping frame 1403636636.6135554
Dropping frame 1403636636.8135555
Dropping frame 1403636636.9135554
Dropping frame 1403636637.7635555
Dropping frame 1403636638.0635555
Dropping frame 1403636638.3135555
Dropping frame 1403636638.4635556
Dropping frame 1403636638.7135556
Dropping frame 1403636641.3135555
Dropping frame 1403636642.2135556
Dropping frame 1403636642.3635557
Dropping frame 1403636643.2135556
Dropping frame 1403636643.6135554
Dropping frame 1403636644.4635556
Dropping frame 1403636644.6135554
Dropping frame 1403636645.5135555
Dropping frame 1403636646.3135555
Dropping frame 1403636647.1635556
Dropping frame 1403636647.3635557
Dropping frame 1403636648.1135554
Dropping frame 1403636648.4135554
Dropping frame 1403636648.6635556
Dropping frame 1403636648.8135555
Dropping frame 1403636649.3635557
Dropping frame 1403636649.5135555
Dropping frame 1403636649.7635555
Dropping frame 1403636649.8635557
Dropping frame 1403636649.9635556
Dropping frame 1403636651.2635555
Dropping frame 1403636651.5135555
Dropping frame 1403636651.7635555
Dropping frame 1403636652.5635555
Dropping frame 1403636652.6635556
Dropping frame 1403636654.1635556
Dropping frame 1403636654.7135556
Dropping frame 1403636654.8135555
Dropping frame 1403636654.9135554
Dropping frame 1403636656.6135554
Dropping frame 1403636657.1635556
Dropping frame 1403636657.2635555
Dropping frame 1403636657.4635556
Dropping frame 1403636657.8135555
Dropping frame 1403636658.0135555
Dropping frame 1403636658.2135556
Dropping frame 1403636658.3135555
Dropping frame 1403636658.5635555
Dropping frame 1403636660.0135555
Dropping frame 1403636660.1135554
Dropping frame 1403636660.2135556
Dropping frame 1403636660.4635556
Dropping frame 1403636662.8635557
Dropping frame 1403636663.1135554
Dropping frame 1403636663.7635555
Dropping frame 1403636664.1635556
Dropping frame 1403636666.5135555
Dropping frame 1403636666.9635556
Dropping frame 1403636667.9135554
Dropping frame 1403636668.4135554
Dropping frame 1403636670.1135554
Dropping frame 1403636670.4635556
Dropping frame 1403636670.6635556
Dropping frame 1403636677.1135554
Dropping frame 1403636677.7135556
Dropping frame 1403636678.1635556
Dropping frame 1403636678.4135554
Dropping frame 1403636678.7135556
Dropping frame 1403636679.3135555
Dropping frame 1403636679.4135554
Dropping frame 1403636679.6635556
Dropping frame 1403636679.7635555
Dropping frame 1403636681.2635555
Dropping frame 1403636681.3635557
Dropping frame 1403636681.5635555
Dropping frame 1403636682.7135556
Dropping frame 1403636683.0135555
Dropping frame 1403636683.3135555
Dropping frame 1403636683.9135554
Dropping frame 1403636685.4635556
Dropping frame 1403636685.8135555
Dropping frame 1403636685.9135554
Dropping frame 1403636686.0635555
Dropping frame 1403636686.3635557
Dropping frame 1403636686.9135554
Dropping frame 1403636687.0135555
Dropping frame 1403636687.4135554
Dropping frame 1403636688.0135555
Dropping frame 1403636688.4635556
Dropping frame 1403636688.8635557
Dropping frame 1403636689.3135555
Dropping frame 1403636689.4135554
Dropping frame 1403636690.0635555
Dropping frame 1403636690.1635556
Dropping frame 1403636690.9635556
Dropping frame 1403636691.0635555
Dropping frame 1403636691.1635556
Dropping frame 1403636691.2635555
Dropping frame 1403636691.5135555
Dropping frame 1403636691.6635556
Dropping frame 1403636691.7635555
Dropping frame 1403636692.0135555
Dropping frame 1403636692.3635557
Dropping frame 1403636692.5635555
Dropping frame 1403636692.9135554
Dropping frame 1403636693.1135554
Dropping frame 1403636693.2135556
Dropping frame 1403636693.3135555
Dropping frame 1403636693.6135554
Dropping frame 1403636694.0135555
Dropping frame 1403636694.1135554
Dropping frame 1403636694.4135554
Dropping frame 1403636694.7635555
Dropping frame 1403636695.0635555
Dropping frame 1403636695.2635555
Dropping frame 1403636695.3635557
Dropping frame 1403636695.6135554
Dropping frame 1403636695.7135556
Dropping frame 1403636695.8135555
Dropping frame 1403636695.9135554
Dropping frame 1403636696.5135555
Dropping frame 1403636696.6635556
Dropping frame 1403636696.8635557
Dropping frame 1403636697.1635556
Dropping frame 1403636697.2635555
Dropping frame 1403636697.6135554
Dropping frame 1403636697.7135556
Dropping frame 1403636697.8135555
Dropping frame 1403636698.1135554
Dropping frame 1403636698.2135556
Dropping frame 1403636698.5635555
Dropping frame 1403636698.7135556
Dropping frame 1403636698.9635556
Dropping frame 1403636699.0635555
Dropping frame 1403636699.1635556
Dropping frame 1403636699.2635555
Dropping frame 1403636699.4135554
Dropping frame 1403636699.5635555
Dropping frame 1403636699.7135556
Dropping frame 1403636699.8135555
Dropping frame 1403636700.3135555
Dropping frame 1403636700.4135554
Dropping frame 1403636700.5635555
Dropping frame 1403636700.8635557
Dropping frame 1403636700.9635556
Dropping frame 1403636701.0635555
Dropping frame 1403636701.2635555
Dropping frame 1403636701.3635557
Dropping frame 1403636701.4635556
Dropping frame 1403636701.5635555
Dropping frame 1403636701.6635556
Dropping frame 1403636701.7635555
Dropping frame 1403636701.9635556
Dropping frame 1403636702.1635556
Dropping frame 1403636702.2635555
Dropping frame 1403636702.4635556
Dropping frame 1403636702.5635555
Dropping frame 1403636702.6635556
Dropping frame 1403636702.7635555
Dropping frame 1403636702.8635557
Dropping frame 1403636703.0635555
Dropping frame 1403636703.1635556
Dropping frame 1403636703.2635555
Dropping frame 1403636703.4135554
Dropping frame 1403636703.7135556
Dropping frame 1403636703.9135554
Dropping frame 1403636704.1135554
Dropping frame 1403636704.2135556
Dropping frame 1403636704.3135555
Dropping frame 1403636704.4135554
Dropping frame 1403636704.7635555
Dropping frame 1403636704.8635557
Dropping frame 1403636705.0635555
Dropping frame 1403636705.5635555
Dropping frame 1403636705.6635556
Dropping frame 1403636706.1635556
Dropping frame 1403636706.2635555
Dropping frame 1403636706.4635556
Dropping frame 1403636706.8135555
Dropping frame 1403636706.9635556
Dropping frame 1403636707.3635557
Dropping frame 1403636707.5635555
Dropping frame 1403636707.8135555
Dropping frame 1403636708.5135555
Dropping frame 1403636708.6135554
Dropping frame 1403636708.8635557
Dropping frame 1403636709.5135555
Dropping frame 1403636710.0135555
Dropping frame 1403636710.3635557
Dropping frame 1403636710.4635556
Dropping frame 1403636710.8135555
Dropping frame 1403636710.9135554
Dropping frame 1403636711.2135556
Dropping frame 1403636711.3635557
Dropping frame 1403636711.7135556
Dropping frame 1403636711.8135555
Dropping frame 1403636711.9135554
Dropping frame 1403636712.1135554
Dropping frame 1403636712.2635555
Dropping frame 1403636712.6135554
Dropping frame 1403636712.7135556
Dropping frame 1403636712.9635556
Dropping frame 1403636713.1635556
Dropping frame 1403636713.3635557
Dropping frame 1403636713.4635556
Dropping frame 1403636713.5635555
Dropping frame 1403636713.9135554
Dropping frame 1403636714.3635557
Dropping frame 1403636714.5635555
Dropping frame 1403636714.6635556
Dropping frame 1403636714.8135555
Dropping frame 1403636715.0635555
Dropping frame 1403636715.1635556
Dropping frame 1403636715.3635557
Dropping frame 1403636715.4635556
Dropping frame 1403636715.6635556
Dropping frame 1403636715.7635555
Dropping frame 1403636716.1135554
Dropping frame 1403636716.2135556
Dropping frame 1403636716.3135555
Dropping frame 1403636716.5135555
Dropping frame 1403636716.7135556
Dropping frame 1403636716.8135555
Dropping frame 1403636717.1135554
Dropping frame 1403636717.3135555
Dropping frame 1403636717.5135555
Dropping frame 1403636717.7135556
Dropping frame 1403636717.8135555
Dropping frame 1403636717.9135554
Dropping frame 1403636718.0135555
Dropping frame 1403636718.1135554
Dropping frame 1403636718.2635555
Dropping frame 1403636718.6635556
Dropping frame 1403636718.7635555
Dropping frame 1403636718.9635556
Dropping frame 1403636719.0635555
Dropping frame 1403636719.1635556
Dropping frame 1403636719.3635557
Dropping frame 1403636719.4635556
Dropping frame 1403636719.5635555
Dropping frame 1403636719.7135556
Dropping frame 1403636719.9135554
Dropping frame 1403636720.1135554
Dropping frame 1403636720.2135556
Dropping frame 1403636720.3135555
Dropping frame 1403636720.4635556
Dropping frame 1403636720.5635555
Dropping frame 1403636720.7635555
Dropping frame 1403636720.9635556
Dropping frame 1403636721.1635556
Dropping frame 1403636721.2635555
Dropping frame 1403636721.3635557
Dropping frame 1403636721.4635556
Dropping frame 1403636722.5135555
Dropping frame 1403636722.8135555
Dropping frame 1403636723.0135555
Dropping frame 1403636723.2135556
Dropping frame 1403636723.4135554
Dropping frame 1403636723.5135555
Dropping frame 1403636723.7135556
Dropping frame 1403636723.8135555
Dropping frame 1403636724.0135555
Dropping frame 1403636724.1135554
Dropping frame 1403636724.3135555
Dropping frame 1403636724.5135555
Dropping frame 1403636724.6135554
Dropping frame 1403636724.7135556
Dropping frame 1403636724.8135555
Dropping frame 1403636724.9135554
Dropping frame 1403636725.0135555
Dropping frame 1403636725.1135554
Dropping frame 1403636725.4135554
Dropping frame 1403636725.6135554
Dropping frame 1403636725.7135556
Dropping frame 1403636725.9135554
Dropping frame 1403636726.0135555
Dropping frame 1403636726.1135554
Dropping frame 1403636726.2135556
Dropping frame 1403636726.3135555
Dropping frame 1403636726.5135555
Dropping frame 1403636726.7135556
Dropping frame 1403636726.9135554
Dropping frame 1403636727.0135555
Dropping frame 1403636727.1135554
Dropping frame 1403636727.3135555
Dropping frame 1403636727.5135555
Dropping frame 1403636727.7135556
Dropping frame 1403636727.9135554
Dropping frame 1403636728.1135554
Dropping frame 1403636728.3135555
Dropping frame 1403636728.4135554
Dropping frame 1403636728.5135555
Dropping frame 1403636728.7135556
Dropping frame 1403636728.8135555
Dropping frame 1403636729.0635555
Dropping frame 1403636729.2635555
Dropping frame 1403636729.3635557
Dropping frame 1403636729.4635556
Dropping frame 1403636729.6635556
Dropping frame 1403636729.8635557
Dropping frame 1403636730.0635555
Dropping frame 1403636730.2635555
Dropping frame 1403636730.4635556
Dropping frame 1403636730.5635555
Dropping frame 1403636730.8135555
Dropping frame 1403636731.0135555
Dropping frame 1403636731.2135556
Dropping frame 1403636731.3135555
Dropping frame 1403636731.5135555
Dropping frame 1403636731.6135554
Dropping frame 1403636731.7135556
Dropping frame 1403636731.8135555
Dropping frame 1403636731.9135554
Dropping frame 1403636732.1135554
Dropping frame 1403636732.2135556
Dropping frame 1403636732.3135555
Dropping frame 1403636732.5135555
Dropping frame 1403636732.6135554
Dropping frame 1403636732.7135556
Dropping frame 1403636732.9135554
Dropping frame 1403636733.1135554
Dropping frame 1403636733.3135555
Dropping frame 1403636733.5135555
Dropping frame 1403636733.6135554
Dropping frame 1403636733.7135556
Dropping frame 1403636733.8135555
Dropping frame 1403636733.9635556
Dropping frame 1403636735.1135554
Dropping frame 1403636735.3135555
Dropping frame 1403636735.4135554
Dropping frame 1403636735.5135555
Dropping frame 1403636735.6135554
Dropping frame 1403636735.7635555
Dropping frame 1403636735.9135554
Dropping frame 1403636736.1635556
Dropping frame 1403636736.3635557
Dropping frame 1403636736.4635556
Dropping frame 1403636736.5635555
Dropping frame 1403636736.7635555
Dropping frame 1403636736.8635557
Dropping frame 1403636736.9635556
Dropping frame 1403636737.6135554
Dropping frame 1403636737.7135556
Dropping frame 1403636738.3135555
Dropping frame 1403636738.4135554
Dropping frame 1403636738.5135555
Dropping frame 1403636738.6135554
Dropping frame 1403636738.8135555
Dropping frame 1403636738.9135554
Dropping frame 1403636739.0135555
Dropping frame 1403636739.1135554
Dropping frame 1403636739.7635555
Dropping frame 1403636739.9635556
Dropping frame 1403636740.0635555
Dropping frame 1403636740.1635556
Dropping frame 1403636740.4135554
Dropping frame 1403636740.5135555
Dropping frame 1403636740.6135554
Dropping frame 1403636740.7635555
Dropping frame 1403636740.8635557
Dropping frame 1403636741.0135555
Dropping frame 1403636741.1635556
Dropping frame 1403636741.3135555
Dropping frame 1403636741.5135555
Dropping frame 1403636741.6135554
Dropping frame 1403636741.7135556
Dropping frame 1403636741.8135555
Dropping frame 1403636742.0135555
Dropping frame 1403636742.3135555
Dropping frame 1403636742.4135554
Dropping frame 1403636742.5135555
Dropping frame 1403636742.6135554
Dropping frame 1403636742.9135554
Dropping frame 1403636743.1135554
Dropping frame 1403636743.2135556
Dropping frame 1403636743.3135555
Dropping frame 1403636743.5135555
Dropping frame 1403636743.7135556
Dropping frame 1403636743.9135554
Dropping frame 1403636744.0135555
Dropping frame 1403636744.1135554
Dropping frame 1403636744.2135556
Dropping frame 1403636744.4635556
Dropping frame 1403636744.5635555
Dropping frame 1403636744.7635555
Dropping frame 1403636744.8635557
Dropping frame 1403636744.9635556
Dropping frame 1403636745.0635555
Dropping frame 1403636745.3635557
Dropping frame 1403636745.5635555
Dropping frame 1403636745.7635555
Dropping frame 1403636745.8635557
Dropping frame 1403636745.9635556
Dropping frame 1403636746.1635556
Dropping frame 1403636746.2635555
Dropping frame 1403636746.4635556
Dropping frame 1403636746.9135554
Dropping frame 1403636747.1135554
Dropping frame 1403636747.3135555
Dropping frame 1403636747.5135555
Dropping frame 1403636747.6135554
Dropping frame 1403636747.7135556
Dropping frame 1403636747.9135554
Dropping frame 1403636748.0135555
Dropping frame 1403636748.1135554
Dropping frame 1403636748.3135555
Dropping frame 1403636748.5135555
Dropping frame 1403636748.7135556
Dropping frame 1403636748.8135555
Dropping frame 1403636748.9135554
Dropping frame 1403636749.0135555
Dropping frame 1403636749.1135554
Dropping frame 1403636749.2135556
Dropping frame 1403636749.4135554
Dropping frame 1403636749.5135555
Dropping frame 1403636749.7635555
Dropping frame 1403636749.8635557
Dropping frame 1403636749.9635556
Dropping frame 1403636750.1635556
Dropping frame 1403636750.2635555
Dropping frame 1403636750.3635557
Dropping frame 1403636750.5635555
Dropping frame 1403636750.7635555
Dropping frame 1403636750.8635557
Dropping frame 1403636751.0635555
Dropping frame 1403636751.1635556
Dropping frame 1403636751.2635555
Dropping frame 1403636751.3635557
Dropping frame 1403636751.5635555
Dropping frame 1403636751.7635555
Dropping frame 1403636751.8635557
Dropping frame 1403636751.9635556
Dropping frame 1403636752.1635556
Dropping frame 1403636752.3635557
Dropping frame 1403636752.4635556
Dropping frame 1403636752.7135556
Dropping frame 1403636752.9135554
Dropping frame 1403636753.0135555
Dropping frame 1403636753.1135554
Dropping frame 1403636753.2135556
Dropping frame 1403636753.3135555
Dropping frame 1403636753.5635555
Dropping frame 1403636753.7635555
Dropping frame 1403636753.9635556
Dropping frame 1403636754.0635555
Dropping frame 1403636754.1635556
Dropping frame 1403636754.3635557
Dropping frame 1403636754.4635556
Dropping frame 1403636754.5635555
Dropping frame 1403636754.7635555
Dropping frame 1403636754.9635556
Dropping frame 1403636755.0635555
Dropping frame 1403636755.1635556
Dropping frame 1403636755.3135555
Dropping frame 1403636755.5135555
Dropping frame 1403636755.6135554
Dropping frame 1403636755.7135556
Dropping frame 1403636755.9135554
Dropping frame 1403636756.0635555
Dropping frame 1403636756.2635555
Dropping frame 1403636756.3635557
Dropping frame 1403636756.4635556
Dropping frame 1403636756.6635556
Dropping frame 1403636756.8635557
Dropping frame 1403636757.0635555
Dropping frame 1403636757.2635555
Dropping frame 1403636757.4635556
Dropping frame 1403636757.5635555
Dropping frame 1403636757.7635555
Dropping frame 1403636757.8635557
Dropping frame 1403636757.9635556
Dropping frame 1403636758.0635555
Dropping frame 1403636758.4135554
Dropping frame 1403636758.6135554
Dropping frame 1403636758.7135556
Dropping frame 1403636758.8135555
Dropping frame 1403636759.0135555
Dropping frame 1403636759.2135556
Dropping frame 1403636759.4135554
Dropping frame 1403636759.5135555
Dropping frame 1403636759.6135554
Dropping frame 1403636759.8135555
Dropping frame 1403636760.0135555
Dropping frame 1403636760.2135556
Dropping frame 1403636760.3135555
Dropping frame 1403636760.5135555
Dropping frame 1403636760.6135554
Dropping frame 1403636760.7135556
Dropping frame 1403636760.9135554
Dropping frame 1403636761.0635555
Dropping frame 1403636761.2635555
Dropping frame 1403636761.4635556
Dropping frame 1403636761.6635556
Dropping frame 1403636761.7635555
Dropping frame 1403636761.9635556
Dropping frame 1403636762.1635556
Dropping frame 1403636762.2635555
Dropping frame 1403636762.3635557
Dropping frame 1403636762.5635555
Dropping frame 1403636762.6635556
Dropping frame 1403636762.7635555
Dropping frame 1403636762.9635556
Dropping frame 1403636763.0635555
Dropping frame 1403636763.1635556
Dropping frame 1403636763.3635557
Dropping frame 1403636763.5635555
Dropping frame 1403636763.7635555
Shutdown
SLAM Finished at System Time: 1743105906.16537

 TIME STATS in ms (mean$\pm$std)
OpenCV version: 4.8.1
---------------------------
Tracking

ORB Extraction: 14.768$\pm$1.6349
Stereo Matching: 6.9639$\pm$1.9734
IMU Preintegration: 0.28162$\pm$0.13767
Pose Prediction: 0.19892$\pm$0.61274
LM Track: 19.616$\pm$6.0338
New KF decision: 0.94701$\pm$1.8386
Total Tracking: 35.466$\pm$22.38



Local Mapping

KF Insertion: 15.456$\pm$7.1133
MP Culling: 0.46769$\pm$0.21287
MP Creation: 47.905$\pm$18.59
LBA: 158.96$\pm$58.043
KF Culling: 17.872$\pm$11.923
Total Local Mapping: 240.65$\pm$85.155
---------------------------

LBA complexity (mean$\pm$std)
LBA Edges: 1916.9$\pm$825.02
LBA KF optimized: 6.5$\pm$2.2913
LBA KF fixed: 1$\pm$0
LBA MP: nan$\pm$nan

LBA executions: 588
LBA aborts: 0
---------------------------

Map complexity
KFs in map: 174
MPs in map: 15110
---------------------------

Place Recognition (mean$\pm$std)
Database Query: 1.5772$\pm$0.9685
SE3 estimation: 15.047$\pm$15.518
Total Place Recognition: 15.01$\pm$16.15


Loop Closing (mean$\pm$std)
Loop Fusion: nan$\pm$nan
Essential Graph: nan$\pm$nan
Total Loop Closing: nan$\pm$nan

Num exec: 0
Number of KFs: nan$\pm$nan

Map Merging (mean$\pm$std)
Merge Maps: nan$\pm$nan
Welding BA: nan$\pm$nan
Optimization Ess.: nan$\pm$nan
Total Map Merging: nan$\pm$nan

Num exec: 0
Number of KFs: nan$\pm$nan
Number of MPs: nan$\pm$nan

Full GBA (mean$\pm$std)
GBA: nan$\pm$nan
Map Update: nan$\pm$nan
Total Full GBA: nan$\pm$nan

Num exec: 0
Num abort: 0
Number of KFs: nan$\pm$nan
Number of MPs: nan$\pm$nan

Saving trajectory to f_dataset-MH01_stereo_imu.txt ...
There are 1 maps in the atlas
  Map 0 has 174 KFs

End of saving trajectory to f_dataset-MH01_stereo_imu.txt ...

Saving keyframe trajectory to kf_dataset-MH01_stereo_imu.txt ...
